Thu, 06 Nov 2025 14:57:55 +0000 [2607:fb91:8c1b:46b2:d67:4622:beda:df6c] 401: HTTP 401 (GET /person/createperson) trace: [lib/access.php:112] Base->error()
Thu, 06 Nov 2025 14:57:55 +0000 [2607:fb91:8c1b:46b2:d67:4622:beda:df6c] [app/controllers/Controller.php:78] Access->authorize()
Thu, 06 Nov 2025 14:57:55 +0000 [2607:fb91:8c1b:46b2:d67:4622:beda:df6c] [lib/base.php:2069] Controller->beforeroute()
Thu, 06 Nov 2025 14:57:55 +0000 [2607:fb91:8c1b:46b2:d67:4622:beda:df6c] [lib/base.php:1871] Base->call()
Thu, 06 Nov 2025 14:57:55 +0000 [2607:fb91:8c1b:46b2:d67:4622:beda:df6c] [index.php:19] Base->run()
Thu, 06 Nov 2025 14:58:17 +0000 [2607:fb91:8c1b:46b2:d67:4622:beda:df6c] 500: Undefined variable $entity_num trace: [tmp/3hn69l4qoa804.man4oes5p0l2.php:177]
Thu, 06 Nov 2025 14:58:17 +0000 [2607:fb91:8c1b:46b2:d67:4622:beda:df6c] [tmp/3hn69l4qoa804.man4oes5p0l2.php:177] Base->{closure}()
Thu, 06 Nov 2025 14:58:17 +0000 [2607:fb91:8c1b:46b2:d67:4622:beda:df6c] [lib/base.php:3036] require('/home/u991737198/domains/tas2023.online/public_html/tmp/3hn69l4qoa804.man4oes5p0l2.php')
Thu, 06 Nov 2025 14:58:17 +0000 [2607:fb91:8c1b:46b2:d67:4622:beda:df6c] [lib/base.php:3281] View->sandbox()
Thu, 06 Nov 2025 14:58:17 +0000 [2607:fb91:8c1b:46b2:d67:4622:beda:df6c] [tmp/3hn69l4qoa804.3h31n1yj254w8.php:7] Preview->render()
Thu, 06 Nov 2025 14:58:17 +0000 [2607:fb91:8c1b:46b2:d67:4622:beda:df6c] [lib/base.php:3036] require('/home/u991737198/domains/tas2023.online/public_html/tmp/3hn69l4qoa804.3h31n1yj254w8.php')
Thu, 06 Nov 2025 14:58:17 +0000 [2607:fb91:8c1b:46b2:d67:4622:beda:df6c] [lib/base.php:3281] View->sandbox()
Thu, 06 Nov 2025 14:58:17 +0000 [2607:fb91:8c1b:46b2:d67:4622:beda:df6c] [app/controllers/Controller.php:87] Preview->render()
Thu, 06 Nov 2025 14:58:17 +0000 [2607:fb91:8c1b:46b2:d67:4622:beda:df6c] [lib/base.php:2078] Controller->afterroute()
Thu, 06 Nov 2025 14:58:17 +0000 [2607:fb91:8c1b:46b2:d67:4622:beda:df6c] [lib/base.php:1871] Base->call()
Thu, 06 Nov 2025 14:58:17 +0000 [2607:fb91:8c1b:46b2:d67:4622:beda:df6c] [index.php:19] Base->run()
Thu, 06 Nov 2025 14:59:53 +0000 [2607:fb91:8c1b:46b2:d67:4622:beda:df6c] 500: Undefined variable $entity_num trace: [tmp/3hn69l4qoa804.man4oes5p0l2.php:177]
Thu, 06 Nov 2025 14:59:53 +0000 [2607:fb91:8c1b:46b2:d67:4622:beda:df6c] [tmp/3hn69l4qoa804.man4oes5p0l2.php:177] Base->{closure}()
Thu, 06 Nov 2025 14:59:53 +0000 [2607:fb91:8c1b:46b2:d67:4622:beda:df6c] [lib/base.php:3036] require('/home/u991737198/domains/tas2023.online/public_html/tmp/3hn69l4qoa804.man4oes5p0l2.php')
Thu, 06 Nov 2025 14:59:53 +0000 [2607:fb91:8c1b:46b2:d67:4622:beda:df6c] [lib/base.php:3281] View->sandbox()
Thu, 06 Nov 2025 14:59:53 +0000 [2607:fb91:8c1b:46b2:d67:4622:beda:df6c] [tmp/3hn69l4qoa804.3h31n1yj254w8.php:7] Preview->render()
Thu, 06 Nov 2025 14:59:53 +0000 [2607:fb91:8c1b:46b2:d67:4622:beda:df6c] [lib/base.php:3036] require('/home/u991737198/domains/tas2023.online/public_html/tmp/3hn69l4qoa804.3h31n1yj254w8.php')
Thu, 06 Nov 2025 14:59:53 +0000 [2607:fb91:8c1b:46b2:d67:4622:beda:df6c] [lib/base.php:3281] View->sandbox()
Thu, 06 Nov 2025 14:59:53 +0000 [2607:fb91:8c1b:46b2:d67:4622:beda:df6c] [app/controllers/Controller.php:87] Preview->render()
Thu, 06 Nov 2025 14:59:53 +0000 [2607:fb91:8c1b:46b2:d67:4622:beda:df6c] [lib/base.php:2078] Controller->afterroute()
Thu, 06 Nov 2025 14:59:53 +0000 [2607:fb91:8c1b:46b2:d67:4622:beda:df6c] [lib/base.php:1871] Base->call()
Thu, 06 Nov 2025 14:59:53 +0000 [2607:fb91:8c1b:46b2:d67:4622:beda:df6c] [index.php:19] Base->run()
Thu, 06 Nov 2025 15:00:38 +0000 [2607:fb91:8c1b:46b2:d67:4622:beda:df6c] 500: Undefined variable $fechapicker trace: [/home/u991737198/domains/tas2023.online/public_html/tmp/3hn69l4qoa804.22phmm30e0u84.php:334]
Thu, 06 Nov 2025 15:00:38 +0000 [2607:fb91:8c1b:46b2:d67:4622:beda:df6c] [/home/u991737198/domains/tas2023.online/public_html/tmp/3hn69l4qoa804.22phmm30e0u84.php:334] Base->{closure}()
Thu, 06 Nov 2025 15:00:38 +0000 [2607:fb91:8c1b:46b2:d67:4622:beda:df6c] [/home/u991737198/domains/tas2023.online/public_html/lib/base.php:3036] require('/home/u991737198/domains/tas2023.online/public_html/tmp/3hn69l4qoa804.22phmm30e0u84.php')
Thu, 06 Nov 2025 15:00:38 +0000 [2607:fb91:8c1b:46b2:d67:4622:beda:df6c] [/home/u991737198/domains/tas2023.online/public_html/lib/base.php:3281] View->sandbox()
Thu, 06 Nov 2025 15:00:38 +0000 [2607:fb91:8c1b:46b2:d67:4622:beda:df6c] [/home/u991737198/domains/tas2023.online/public_html/tmp/3hn69l4qoa804.3h31n1yj254w8.php:7] Preview->render()
Thu, 06 Nov 2025 15:00:38 +0000 [2607:fb91:8c1b:46b2:d67:4622:beda:df6c] [/home/u991737198/domains/tas2023.online/public_html/lib/base.php:3036] require('/home/u991737198/domains/tas2023.online/public_html/tmp/3hn69l4qoa804.3h31n1yj254w8.php')
Thu, 06 Nov 2025 15:00:38 +0000 [2607:fb91:8c1b:46b2:d67:4622:beda:df6c] [/home/u991737198/domains/tas2023.online/public_html/lib/base.php:3281] View->sandbox()
Thu, 06 Nov 2025 15:00:38 +0000 [2607:fb91:8c1b:46b2:d67:4622:beda:df6c] [/home/u991737198/domains/tas2023.online/public_html/app/controllers/Controller.php:87] Preview->render()
Thu, 06 Nov 2025 15:00:38 +0000 [2607:fb91:8c1b:46b2:d67:4622:beda:df6c] [/home/u991737198/domains/tas2023.online/public_html/lib/base.php:2078] Controller->afterroute()
Thu, 06 Nov 2025 15:00:38 +0000 [2607:fb91:8c1b:46b2:d67:4622:beda:df6c] [/home/u991737198/domains/tas2023.online/public_html/lib/base.php:1871] Base->call()
Thu, 06 Nov 2025 15:00:38 +0000 [2607:fb91:8c1b:46b2:d67:4622:beda:df6c] [/home/u991737198/domains/tas2023.online/public_html/index.php:19] Base->run()
Thu, 06 Nov 2025 20:24:18 +0000 [172.245.92.92] 500: Undefined field activado trace: [lib/db/sql/mapper.php:132]
Thu, 06 Nov 2025 20:24:18 +0000 [172.245.92.92] [lib/db/sql/mapper.php:132] user_error()
Thu, 06 Nov 2025 20:24:18 +0000 [172.245.92.92] [lib/magic.php:89] DB\SQL\Mapper->get()
Thu, 06 Nov 2025 20:24:18 +0000 [172.245.92.92] [lib/magic.php:131] Magic->offsetget()
Thu, 06 Nov 2025 20:24:18 +0000 [172.245.92.92] [app/controllers/UserController.php:453] Magic->__get()
Thu, 06 Nov 2025 20:24:18 +0000 [172.245.92.92] [lib/base.php:2072] UserController->create()
Thu, 06 Nov 2025 20:24:18 +0000 [172.245.92.92] [lib/base.php:1871] Base->call()
Thu, 06 Nov 2025 20:24:18 +0000 [172.245.92.92] [index.php:19] Base->run()
Thu, 06 Nov 2025 21:19:26 +0000 [2607:fb91:8c1b:46b2:d67:4622:beda:df6c] 401: HTTP 401 (GET /task/taskData) trace: [/home/u991737198/domains/tas2023.online/public_html/lib/access.php:112] Base->error()
Thu, 06 Nov 2025 21:19:26 +0000 [2607:fb91:8c1b:46b2:d67:4622:beda:df6c] 401: HTTP 401 (GET /task/taskDistribution) trace: [/home/u991737198/domains/tas2023.online/public_html/lib/access.php:112] Base->error()
Thu, 06 Nov 2025 21:19:26 +0000 [2607:fb91:8c1b:46b2:d67:4622:beda:df6c] 401: HTTP 401 (GET /task/teamProductivity) trace: [/home/u991737198/domains/tas2023.online/public_html/lib/access.php:112] Base->error()
Thu, 06 Nov 2025 21:19:26 +0000 [2607:fb91:8c1b:46b2:d67:4622:beda:df6c] 401: HTTP 401 (GET /task/userNotesCount) trace: [/home/u991737198/domains/tas2023.online/public_html/lib/access.php:112] Base->error()
Thu, 06 Nov 2025 21:19:26 +0000 [2607:fb91:8c1b:46b2:d67:4622:beda:df6c] [/home/u991737198/domains/tas2023.online/public_html/app/controllers/Controller.php:78] Access->authorize()
Thu, 06 Nov 2025 21:19:26 +0000 [2607:fb91:8c1b:46b2:d67:4622:beda:df6c] [/home/u991737198/domains/tas2023.online/public_html/app/controllers/Controller.php:78] Access->authorize()
Thu, 06 Nov 2025 21:19:26 +0000 [2607:fb91:8c1b:46b2:d67:4622:beda:df6c] [/home/u991737198/domains/tas2023.online/public_html/app/controllers/Controller.php:78] Access->authorize()
Thu, 06 Nov 2025 21:19:26 +0000 [2607:fb91:8c1b:46b2:d67:4622:beda:df6c] [/home/u991737198/domains/tas2023.online/public_html/app/controllers/Controller.php:78] Access->authorize()
Thu, 06 Nov 2025 21:19:26 +0000 [2607:fb91:8c1b:46b2:d67:4622:beda:df6c] [/home/u991737198/domains/tas2023.online/public_html/lib/base.php:2069] Controller->beforeroute()
Thu, 06 Nov 2025 21:19:26 +0000 [2607:fb91:8c1b:46b2:d67:4622:beda:df6c] [/home/u991737198/domains/tas2023.online/public_html/lib/base.php:2069] Controller->beforeroute()
Thu, 06 Nov 2025 21:19:26 +0000 [2607:fb91:8c1b:46b2:d67:4622:beda:df6c] [/home/u991737198/domains/tas2023.online/public_html/lib/base.php:2069] Controller->beforeroute()
Thu, 06 Nov 2025 21:19:26 +0000 [2607:fb91:8c1b:46b2:d67:4622:beda:df6c] [/home/u991737198/domains/tas2023.online/public_html/lib/base.php:2069] Controller->beforeroute()
Thu, 06 Nov 2025 21:19:26 +0000 [2607:fb91:8c1b:46b2:d67:4622:beda:df6c] [/home/u991737198/domains/tas2023.online/public_html/lib/base.php:1871] Base->call()
Thu, 06 Nov 2025 21:19:26 +0000 [2607:fb91:8c1b:46b2:d67:4622:beda:df6c] [/home/u991737198/domains/tas2023.online/public_html/lib/base.php:1871] Base->call()
Thu, 06 Nov 2025 21:19:26 +0000 [2607:fb91:8c1b:46b2:d67:4622:beda:df6c] [/home/u991737198/domains/tas2023.online/public_html/lib/base.php:1871] Base->call()
Thu, 06 Nov 2025 21:19:26 +0000 [2607:fb91:8c1b:46b2:d67:4622:beda:df6c] [/home/u991737198/domains/tas2023.online/public_html/lib/base.php:1871] Base->call()
Thu, 06 Nov 2025 21:19:26 +0000 [2607:fb91:8c1b:46b2:d67:4622:beda:df6c] [/home/u991737198/domains/tas2023.online/public_html/index.php:19] Base->run()
Thu, 06 Nov 2025 21:19:26 +0000 [2607:fb91:8c1b:46b2:d67:4622:beda:df6c] [/home/u991737198/domains/tas2023.online/public_html/index.php:19] Base->run()
Thu, 06 Nov 2025 21:19:26 +0000 [2607:fb91:8c1b:46b2:d67:4622:beda:df6c] [/home/u991737198/domains/tas2023.online/public_html/index.php:19] Base->run()
Thu, 06 Nov 2025 21:19:26 +0000 [2607:fb91:8c1b:46b2:d67:4622:beda:df6c] [/home/u991737198/domains/tas2023.online/public_html/index.php:19] Base->run()
Thu, 06 Nov 2025 21:19:27 +0000 [2607:fb91:8c1b:46b2:d67:4622:beda:df6c] 401: HTTP 401 (GET /task/listtasks) trace: [/home/u991737198/domains/tas2023.online/public_html/lib/access.php:112] Base->error()
Thu, 06 Nov 2025 21:19:27 +0000 [2607:fb91:8c1b:46b2:d67:4622:beda:df6c] [/home/u991737198/domains/tas2023.online/public_html/app/controllers/Controller.php:78] Access->authorize()
Thu, 06 Nov 2025 21:19:27 +0000 [2607:fb91:8c1b:46b2:d67:4622:beda:df6c] [/home/u991737198/domains/tas2023.online/public_html/lib/base.php:2069] Controller->beforeroute()
Thu, 06 Nov 2025 21:19:27 +0000 [2607:fb91:8c1b:46b2:d67:4622:beda:df6c] [/home/u991737198/domains/tas2023.online/public_html/lib/base.php:1871] Base->call()
Thu, 06 Nov 2025 21:19:27 +0000 [2607:fb91:8c1b:46b2:d67:4622:beda:df6c] [/home/u991737198/domains/tas2023.online/public_html/index.php:19] Base->run()
Thu, 06 Nov 2025 21:19:57 +0000 [2607:fb91:8c1b:46b2:d67:4622:beda:df6c] 500: Undefined variable $fechapicker trace: [/home/u991737198/domains/tas2023.online/public_html/tmp/3hn69l4qoa804.22phmm30e0u84.php:334]
Thu, 06 Nov 2025 21:19:57 +0000 [2607:fb91:8c1b:46b2:d67:4622:beda:df6c] [/home/u991737198/domains/tas2023.online/public_html/tmp/3hn69l4qoa804.22phmm30e0u84.php:334] Base->{closure}()
Thu, 06 Nov 2025 21:19:57 +0000 [2607:fb91:8c1b:46b2:d67:4622:beda:df6c] [/home/u991737198/domains/tas2023.online/public_html/lib/base.php:3036] require('/home/u991737198/domains/tas2023.online/public_html/tmp/3hn69l4qoa804.22phmm30e0u84.php')
Thu, 06 Nov 2025 21:19:57 +0000 [2607:fb91:8c1b:46b2:d67:4622:beda:df6c] [/home/u991737198/domains/tas2023.online/public_html/lib/base.php:3281] View->sandbox()
Thu, 06 Nov 2025 21:19:57 +0000 [2607:fb91:8c1b:46b2:d67:4622:beda:df6c] [/home/u991737198/domains/tas2023.online/public_html/tmp/3hn69l4qoa804.3h31n1yj254w8.php:7] Preview->render()
Thu, 06 Nov 2025 21:19:57 +0000 [2607:fb91:8c1b:46b2:d67:4622:beda:df6c] [/home/u991737198/domains/tas2023.online/public_html/lib/base.php:3036] require('/home/u991737198/domains/tas2023.online/public_html/tmp/3hn69l4qoa804.3h31n1yj254w8.php')
Thu, 06 Nov 2025 21:19:57 +0000 [2607:fb91:8c1b:46b2:d67:4622:beda:df6c] [/home/u991737198/domains/tas2023.online/public_html/lib/base.php:3281] View->sandbox()
Thu, 06 Nov 2025 21:19:57 +0000 [2607:fb91:8c1b:46b2:d67:4622:beda:df6c] [/home/u991737198/domains/tas2023.online/public_html/app/controllers/Controller.php:87] Preview->render()
Thu, 06 Nov 2025 21:19:57 +0000 [2607:fb91:8c1b:46b2:d67:4622:beda:df6c] [/home/u991737198/domains/tas2023.online/public_html/lib/base.php:2078] Controller->afterroute()
Thu, 06 Nov 2025 21:19:57 +0000 [2607:fb91:8c1b:46b2:d67:4622:beda:df6c] [/home/u991737198/domains/tas2023.online/public_html/lib/base.php:1871] Base->call()
Thu, 06 Nov 2025 21:19:57 +0000 [2607:fb91:8c1b:46b2:d67:4622:beda:df6c] [/home/u991737198/domains/tas2023.online/public_html/index.php:19] Base->run()
Thu, 06 Nov 2025 21:20:08 +0000 [2607:fb91:8c1b:46b2:d67:4622:beda:df6c] 500: Undefined variable $selected_note trace: [/home/u991737198/domains/tas2023.online/public_html/tmp/3hn69l4qoa804.3g8shy2588w00.php:385]
Thu, 06 Nov 2025 21:20:08 +0000 [2607:fb91:8c1b:46b2:d67:4622:beda:df6c] [/home/u991737198/domains/tas2023.online/public_html/tmp/3hn69l4qoa804.3g8shy2588w00.php:385] Base->{closure}()
Thu, 06 Nov 2025 21:20:08 +0000 [2607:fb91:8c1b:46b2:d67:4622:beda:df6c] [/home/u991737198/domains/tas2023.online/public_html/lib/base.php:3036] require('/home/u991737198/domains/tas2023.online/public_html/tmp/3hn69l4qoa804.3g8shy2588w00.php')
Thu, 06 Nov 2025 21:20:08 +0000 [2607:fb91:8c1b:46b2:d67:4622:beda:df6c] [/home/u991737198/domains/tas2023.online/public_html/lib/base.php:3281] View->sandbox()
Thu, 06 Nov 2025 21:20:08 +0000 [2607:fb91:8c1b:46b2:d67:4622:beda:df6c] [/home/u991737198/domains/tas2023.online/public_html/tmp/3hn69l4qoa804.3h31n1yj254w8.php:7] Preview->render()
Thu, 06 Nov 2025 21:20:08 +0000 [2607:fb91:8c1b:46b2:d67:4622:beda:df6c] [/home/u991737198/domains/tas2023.online/public_html/lib/base.php:3036] require('/home/u991737198/domains/tas2023.online/public_html/tmp/3hn69l4qoa804.3h31n1yj254w8.php')
Thu, 06 Nov 2025 21:20:08 +0000 [2607:fb91:8c1b:46b2:d67:4622:beda:df6c] [/home/u991737198/domains/tas2023.online/public_html/lib/base.php:3281] View->sandbox()
Thu, 06 Nov 2025 21:20:08 +0000 [2607:fb91:8c1b:46b2:d67:4622:beda:df6c] [/home/u991737198/domains/tas2023.online/public_html/app/controllers/Controller.php:87] Preview->render()
Thu, 06 Nov 2025 21:20:08 +0000 [2607:fb91:8c1b:46b2:d67:4622:beda:df6c] [/home/u991737198/domains/tas2023.online/public_html/lib/base.php:2078] Controller->afterroute()
Thu, 06 Nov 2025 21:20:08 +0000 [2607:fb91:8c1b:46b2:d67:4622:beda:df6c] [/home/u991737198/domains/tas2023.online/public_html/lib/base.php:1871] Base->call()
Thu, 06 Nov 2025 21:20:08 +0000 [2607:fb91:8c1b:46b2:d67:4622:beda:df6c] [/home/u991737198/domains/tas2023.online/public_html/index.php:19] Base->run()
Thu, 06 Nov 2025 21:21:52 +0000 [2607:fb91:8c1b:46b2:d67:4622:beda:df6c] 500: Undefined variable $selected_note trace: [/home/u991737198/domains/tas2023.online/public_html/tmp/3hn69l4qoa804.3g8shy2588w00.php:385]
Thu, 06 Nov 2025 21:21:52 +0000 [2607:fb91:8c1b:46b2:d67:4622:beda:df6c] [/home/u991737198/domains/tas2023.online/public_html/tmp/3hn69l4qoa804.3g8shy2588w00.php:385] Base->{closure}()
Thu, 06 Nov 2025 21:21:52 +0000 [2607:fb91:8c1b:46b2:d67:4622:beda:df6c] [/home/u991737198/domains/tas2023.online/public_html/lib/base.php:3036] require('/home/u991737198/domains/tas2023.online/public_html/tmp/3hn69l4qoa804.3g8shy2588w00.php')
Thu, 06 Nov 2025 21:21:52 +0000 [2607:fb91:8c1b:46b2:d67:4622:beda:df6c] [/home/u991737198/domains/tas2023.online/public_html/lib/base.php:3281] View->sandbox()
Thu, 06 Nov 2025 21:21:52 +0000 [2607:fb91:8c1b:46b2:d67:4622:beda:df6c] [/home/u991737198/domains/tas2023.online/public_html/tmp/3hn69l4qoa804.3h31n1yj254w8.php:7] Preview->render()
Thu, 06 Nov 2025 21:21:52 +0000 [2607:fb91:8c1b:46b2:d67:4622:beda:df6c] [/home/u991737198/domains/tas2023.online/public_html/lib/base.php:3036] require('/home/u991737198/domains/tas2023.online/public_html/tmp/3hn69l4qoa804.3h31n1yj254w8.php')
Thu, 06 Nov 2025 21:21:52 +0000 [2607:fb91:8c1b:46b2:d67:4622:beda:df6c] [/home/u991737198/domains/tas2023.online/public_html/lib/base.php:3281] View->sandbox()
Thu, 06 Nov 2025 21:21:52 +0000 [2607:fb91:8c1b:46b2:d67:4622:beda:df6c] [/home/u991737198/domains/tas2023.online/public_html/app/controllers/Controller.php:87] Preview->render()
Thu, 06 Nov 2025 21:21:52 +0000 [2607:fb91:8c1b:46b2:d67:4622:beda:df6c] [/home/u991737198/domains/tas2023.online/public_html/lib/base.php:2078] Controller->afterroute()
Thu, 06 Nov 2025 21:21:52 +0000 [2607:fb91:8c1b:46b2:d67:4622:beda:df6c] [/home/u991737198/domains/tas2023.online/public_html/lib/base.php:1871] Base->call()
Thu, 06 Nov 2025 21:21:52 +0000 [2607:fb91:8c1b:46b2:d67:4622:beda:df6c] [/home/u991737198/domains/tas2023.online/public_html/index.php:19] Base->run()
Thu, 06 Nov 2025 21:23:11 +0000 [2607:fb91:8c1b:46b2:d67:4622:beda:df6c] 500: Undefined variable $selected_note trace: [/home/u991737198/domains/tas2023.online/public_html/tmp/3hn69l4qoa804.3g8shy2588w00.php:385]
Thu, 06 Nov 2025 21:23:11 +0000 [2607:fb91:8c1b:46b2:d67:4622:beda:df6c] [/home/u991737198/domains/tas2023.online/public_html/tmp/3hn69l4qoa804.3g8shy2588w00.php:385] Base->{closure}()
Thu, 06 Nov 2025 21:23:11 +0000 [2607:fb91:8c1b:46b2:d67:4622:beda:df6c] [/home/u991737198/domains/tas2023.online/public_html/lib/base.php:3036] require('/home/u991737198/domains/tas2023.online/public_html/tmp/3hn69l4qoa804.3g8shy2588w00.php')
Thu, 06 Nov 2025 21:23:11 +0000 [2607:fb91:8c1b:46b2:d67:4622:beda:df6c] [/home/u991737198/domains/tas2023.online/public_html/lib/base.php:3281] View->sandbox()
Thu, 06 Nov 2025 21:23:11 +0000 [2607:fb91:8c1b:46b2:d67:4622:beda:df6c] [/home/u991737198/domains/tas2023.online/public_html/tmp/3hn69l4qoa804.3h31n1yj254w8.php:7] Preview->render()
Thu, 06 Nov 2025 21:23:11 +0000 [2607:fb91:8c1b:46b2:d67:4622:beda:df6c] [/home/u991737198/domains/tas2023.online/public_html/lib/base.php:3036] require('/home/u991737198/domains/tas2023.online/public_html/tmp/3hn69l4qoa804.3h31n1yj254w8.php')
Thu, 06 Nov 2025 21:23:11 +0000 [2607:fb91:8c1b:46b2:d67:4622:beda:df6c] [/home/u991737198/domains/tas2023.online/public_html/lib/base.php:3281] View->sandbox()
Thu, 06 Nov 2025 21:23:11 +0000 [2607:fb91:8c1b:46b2:d67:4622:beda:df6c] [/home/u991737198/domains/tas2023.online/public_html/app/controllers/Controller.php:87] Preview->render()
Thu, 06 Nov 2025 21:23:11 +0000 [2607:fb91:8c1b:46b2:d67:4622:beda:df6c] [/home/u991737198/domains/tas2023.online/public_html/lib/base.php:2078] Controller->afterroute()
Thu, 06 Nov 2025 21:23:11 +0000 [2607:fb91:8c1b:46b2:d67:4622:beda:df6c] [/home/u991737198/domains/tas2023.online/public_html/lib/base.php:1871] Base->call()
Thu, 06 Nov 2025 21:23:11 +0000 [2607:fb91:8c1b:46b2:d67:4622:beda:df6c] [/home/u991737198/domains/tas2023.online/public_html/index.php:19] Base->run()
Thu, 06 Nov 2025 21:25:08 +0000 [2607:fb91:8c1b:46b2:d67:4622:beda:df6c] 500: Undefined variable $selected_note trace: [/home/u991737198/domains/tas2023.online/public_html/tmp/3hn69l4qoa804.3g8shy2588w00.php:385]
Thu, 06 Nov 2025 21:25:08 +0000 [2607:fb91:8c1b:46b2:d67:4622:beda:df6c] [/home/u991737198/domains/tas2023.online/public_html/tmp/3hn69l4qoa804.3g8shy2588w00.php:385] Base->{closure}()
Thu, 06 Nov 2025 21:25:08 +0000 [2607:fb91:8c1b:46b2:d67:4622:beda:df6c] [/home/u991737198/domains/tas2023.online/public_html/lib/base.php:3036] require('/home/u991737198/domains/tas2023.online/public_html/tmp/3hn69l4qoa804.3g8shy2588w00.php')
Thu, 06 Nov 2025 21:25:08 +0000 [2607:fb91:8c1b:46b2:d67:4622:beda:df6c] [/home/u991737198/domains/tas2023.online/public_html/lib/base.php:3281] View->sandbox()
Thu, 06 Nov 2025 21:25:08 +0000 [2607:fb91:8c1b:46b2:d67:4622:beda:df6c] [/home/u991737198/domains/tas2023.online/public_html/tmp/3hn69l4qoa804.3h31n1yj254w8.php:7] Preview->render()
Thu, 06 Nov 2025 21:25:08 +0000 [2607:fb91:8c1b:46b2:d67:4622:beda:df6c] [/home/u991737198/domains/tas2023.online/public_html/lib/base.php:3036] require('/home/u991737198/domains/tas2023.online/public_html/tmp/3hn69l4qoa804.3h31n1yj254w8.php')
Thu, 06 Nov 2025 21:25:08 +0000 [2607:fb91:8c1b:46b2:d67:4622:beda:df6c] [/home/u991737198/domains/tas2023.online/public_html/lib/base.php:3281] View->sandbox()
Thu, 06 Nov 2025 21:25:08 +0000 [2607:fb91:8c1b:46b2:d67:4622:beda:df6c] [/home/u991737198/domains/tas2023.online/public_html/app/controllers/Controller.php:87] Preview->render()
Thu, 06 Nov 2025 21:25:08 +0000 [2607:fb91:8c1b:46b2:d67:4622:beda:df6c] [/home/u991737198/domains/tas2023.online/public_html/lib/base.php:2078] Controller->afterroute()
Thu, 06 Nov 2025 21:25:08 +0000 [2607:fb91:8c1b:46b2:d67:4622:beda:df6c] [/home/u991737198/domains/tas2023.online/public_html/lib/base.php:1871] Base->call()
Thu, 06 Nov 2025 21:25:08 +0000 [2607:fb91:8c1b:46b2:d67:4622:beda:df6c] [/home/u991737198/domains/tas2023.online/public_html/index.php:19] Base->run()
Thu, 06 Nov 2025 21:25:37 +0000 [2607:fb91:8c1b:46b2:d67:4622:beda:df6c] 500: Undefined variable $selected_note trace: [/home/u991737198/domains/tas2023.online/public_html/tmp/3hn69l4qoa804.3g8shy2588w00.php:385]
Thu, 06 Nov 2025 21:25:37 +0000 [2607:fb91:8c1b:46b2:d67:4622:beda:df6c] [/home/u991737198/domains/tas2023.online/public_html/tmp/3hn69l4qoa804.3g8shy2588w00.php:385] Base->{closure}()
Thu, 06 Nov 2025 21:25:37 +0000 [2607:fb91:8c1b:46b2:d67:4622:beda:df6c] [/home/u991737198/domains/tas2023.online/public_html/lib/base.php:3036] require('/home/u991737198/domains/tas2023.online/public_html/tmp/3hn69l4qoa804.3g8shy2588w00.php')
Thu, 06 Nov 2025 21:25:37 +0000 [2607:fb91:8c1b:46b2:d67:4622:beda:df6c] [/home/u991737198/domains/tas2023.online/public_html/lib/base.php:3281] View->sandbox()
Thu, 06 Nov 2025 21:25:37 +0000 [2607:fb91:8c1b:46b2:d67:4622:beda:df6c] [/home/u991737198/domains/tas2023.online/public_html/tmp/3hn69l4qoa804.3h31n1yj254w8.php:7] Preview->render()
Thu, 06 Nov 2025 21:25:37 +0000 [2607:fb91:8c1b:46b2:d67:4622:beda:df6c] [/home/u991737198/domains/tas2023.online/public_html/lib/base.php:3036] require('/home/u991737198/domains/tas2023.online/public_html/tmp/3hn69l4qoa804.3h31n1yj254w8.php')
Thu, 06 Nov 2025 21:25:37 +0000 [2607:fb91:8c1b:46b2:d67:4622:beda:df6c] [/home/u991737198/domains/tas2023.online/public_html/lib/base.php:3281] View->sandbox()
Thu, 06 Nov 2025 21:25:37 +0000 [2607:fb91:8c1b:46b2:d67:4622:beda:df6c] [/home/u991737198/domains/tas2023.online/public_html/app/controllers/Controller.php:87] Preview->render()
Thu, 06 Nov 2025 21:25:37 +0000 [2607:fb91:8c1b:46b2:d67:4622:beda:df6c] [/home/u991737198/domains/tas2023.online/public_html/lib/base.php:2078] Controller->afterroute()
Thu, 06 Nov 2025 21:25:37 +0000 [2607:fb91:8c1b:46b2:d67:4622:beda:df6c] [/home/u991737198/domains/tas2023.online/public_html/lib/base.php:1871] Base->call()
Thu, 06 Nov 2025 21:25:37 +0000 [2607:fb91:8c1b:46b2:d67:4622:beda:df6c] [/home/u991737198/domains/tas2023.online/public_html/index.php:19] Base->run()
Thu, 06 Nov 2025 21:25:47 +0000 [2607:fb91:8c1b:46b2:d67:4622:beda:df6c] 500: Undefined variable $selected_note trace: [/home/u991737198/domains/tas2023.online/public_html/tmp/3hn69l4qoa804.3g8shy2588w00.php:385]
Thu, 06 Nov 2025 21:25:47 +0000 [2607:fb91:8c1b:46b2:d67:4622:beda:df6c] [/home/u991737198/domains/tas2023.online/public_html/tmp/3hn69l4qoa804.3g8shy2588w00.php:385] Base->{closure}()
Thu, 06 Nov 2025 21:25:47 +0000 [2607:fb91:8c1b:46b2:d67:4622:beda:df6c] [/home/u991737198/domains/tas2023.online/public_html/lib/base.php:3036] require('/home/u991737198/domains/tas2023.online/public_html/tmp/3hn69l4qoa804.3g8shy2588w00.php')
Thu, 06 Nov 2025 21:25:47 +0000 [2607:fb91:8c1b:46b2:d67:4622:beda:df6c] [/home/u991737198/domains/tas2023.online/public_html/lib/base.php:3281] View->sandbox()
Thu, 06 Nov 2025 21:25:47 +0000 [2607:fb91:8c1b:46b2:d67:4622:beda:df6c] [/home/u991737198/domains/tas2023.online/public_html/tmp/3hn69l4qoa804.3h31n1yj254w8.php:7] Preview->render()
Thu, 06 Nov 2025 21:25:47 +0000 [2607:fb91:8c1b:46b2:d67:4622:beda:df6c] [/home/u991737198/domains/tas2023.online/public_html/lib/base.php:3036] require('/home/u991737198/domains/tas2023.online/public_html/tmp/3hn69l4qoa804.3h31n1yj254w8.php')
Thu, 06 Nov 2025 21:25:47 +0000 [2607:fb91:8c1b:46b2:d67:4622:beda:df6c] [/home/u991737198/domains/tas2023.online/public_html/lib/base.php:3281] View->sandbox()
Thu, 06 Nov 2025 21:25:47 +0000 [2607:fb91:8c1b:46b2:d67:4622:beda:df6c] [/home/u991737198/domains/tas2023.online/public_html/app/controllers/Controller.php:87] Preview->render()
Thu, 06 Nov 2025 21:25:47 +0000 [2607:fb91:8c1b:46b2:d67:4622:beda:df6c] [/home/u991737198/domains/tas2023.online/public_html/lib/base.php:2078] Controller->afterroute()
Thu, 06 Nov 2025 21:25:47 +0000 [2607:fb91:8c1b:46b2:d67:4622:beda:df6c] [/home/u991737198/domains/tas2023.online/public_html/lib/base.php:1871] Base->call()
Thu, 06 Nov 2025 21:25:47 +0000 [2607:fb91:8c1b:46b2:d67:4622:beda:df6c] [/home/u991737198/domains/tas2023.online/public_html/index.php:19] Base->run()
Thu, 06 Nov 2025 21:30:14 +0000 [2607:fb91:8c1b:46b2:d67:4622:beda:df6c] 500: Undefined variable $entity_num trace: [tmp/3hn69l4qoa804.man4oes5p0l2.php:177]
Thu, 06 Nov 2025 21:30:14 +0000 [2607:fb91:8c1b:46b2:d67:4622:beda:df6c] [tmp/3hn69l4qoa804.man4oes5p0l2.php:177] Base->{closure}()
Thu, 06 Nov 2025 21:30:14 +0000 [2607:fb91:8c1b:46b2:d67:4622:beda:df6c] [lib/base.php:3036] require('/home/u991737198/domains/tas2023.online/public_html/tmp/3hn69l4qoa804.man4oes5p0l2.php')
Thu, 06 Nov 2025 21:30:14 +0000 [2607:fb91:8c1b:46b2:d67:4622:beda:df6c] [lib/base.php:3281] View->sandbox()
Thu, 06 Nov 2025 21:30:14 +0000 [2607:fb91:8c1b:46b2:d67:4622:beda:df6c] [tmp/3hn69l4qoa804.3h31n1yj254w8.php:7] Preview->render()
Thu, 06 Nov 2025 21:30:14 +0000 [2607:fb91:8c1b:46b2:d67:4622:beda:df6c] [lib/base.php:3036] require('/home/u991737198/domains/tas2023.online/public_html/tmp/3hn69l4qoa804.3h31n1yj254w8.php')
Thu, 06 Nov 2025 21:30:14 +0000 [2607:fb91:8c1b:46b2:d67:4622:beda:df6c] [lib/base.php:3281] View->sandbox()
Thu, 06 Nov 2025 21:30:14 +0000 [2607:fb91:8c1b:46b2:d67:4622:beda:df6c] [app/controllers/Controller.php:87] Preview->render()
Thu, 06 Nov 2025 21:30:14 +0000 [2607:fb91:8c1b:46b2:d67:4622:beda:df6c] [lib/base.php:2078] Controller->afterroute()
Thu, 06 Nov 2025 21:30:14 +0000 [2607:fb91:8c1b:46b2:d67:4622:beda:df6c] [lib/base.php:1871] Base->call()
Thu, 06 Nov 2025 21:30:14 +0000 [2607:fb91:8c1b:46b2:d67:4622:beda:df6c] [index.php:19] Base->run()
Thu, 06 Nov 2025 21:30:20 +0000 [2607:fb91:8c1b:46b2:d67:4622:beda:df6c] 500: Undefined array key 1 trace: [app/controllers/PersonController.php:247]
Thu, 06 Nov 2025 21:30:20 +0000 [2607:fb91:8c1b:46b2:d67:4622:beda:df6c] [app/controllers/PersonController.php:247] Base->{closure}()
Thu, 06 Nov 2025 21:30:20 +0000 [2607:fb91:8c1b:46b2:d67:4622:beda:df6c] [app/controllers/PersonController.php:238] PersonController->calculate_age()
Thu, 06 Nov 2025 21:30:20 +0000 [2607:fb91:8c1b:46b2:d67:4622:beda:df6c] [lib/base.php:2072] PersonController->update()
Thu, 06 Nov 2025 21:30:20 +0000 [2607:fb91:8c1b:46b2:d67:4622:beda:df6c] [lib/base.php:1871] Base->call()
Thu, 06 Nov 2025 21:30:20 +0000 [2607:fb91:8c1b:46b2:d67:4622:beda:df6c] [index.php:19] Base->run()
Thu, 06 Nov 2025 21:30:33 +0000 [2607:fb91:8c1b:46b2:d67:4622:beda:df6c] 500: Undefined array key 1 trace: [app/controllers/PersonController.php:247]
Thu, 06 Nov 2025 21:30:33 +0000 [2607:fb91:8c1b:46b2:d67:4622:beda:df6c] [app/controllers/PersonController.php:247] Base->{closure}()
Thu, 06 Nov 2025 21:30:33 +0000 [2607:fb91:8c1b:46b2:d67:4622:beda:df6c] [app/controllers/PersonController.php:238] PersonController->calculate_age()
Thu, 06 Nov 2025 21:30:33 +0000 [2607:fb91:8c1b:46b2:d67:4622:beda:df6c] [lib/base.php:2072] PersonController->update()
Thu, 06 Nov 2025 21:30:33 +0000 [2607:fb91:8c1b:46b2:d67:4622:beda:df6c] [lib/base.php:1871] Base->call()
Thu, 06 Nov 2025 21:30:33 +0000 [2607:fb91:8c1b:46b2:d67:4622:beda:df6c] [index.php:19] Base->run()
Thu, 06 Nov 2025 21:30:53 +0000 [2607:fb91:8c1b:46b2:d67:4622:beda:df6c] 500: Undefined variable $selected_note trace: [/home/u991737198/domains/tas2023.online/public_html/tmp/3hn69l4qoa804.3g8shy2588w00.php:385]
Thu, 06 Nov 2025 21:30:53 +0000 [2607:fb91:8c1b:46b2:d67:4622:beda:df6c] [/home/u991737198/domains/tas2023.online/public_html/tmp/3hn69l4qoa804.3g8shy2588w00.php:385] Base->{closure}()
Thu, 06 Nov 2025 21:30:53 +0000 [2607:fb91:8c1b:46b2:d67:4622:beda:df6c] [/home/u991737198/domains/tas2023.online/public_html/lib/base.php:3036] require('/home/u991737198/domains/tas2023.online/public_html/tmp/3hn69l4qoa804.3g8shy2588w00.php')
Thu, 06 Nov 2025 21:30:53 +0000 [2607:fb91:8c1b:46b2:d67:4622:beda:df6c] [/home/u991737198/domains/tas2023.online/public_html/lib/base.php:3281] View->sandbox()
Thu, 06 Nov 2025 21:30:53 +0000 [2607:fb91:8c1b:46b2:d67:4622:beda:df6c] [/home/u991737198/domains/tas2023.online/public_html/tmp/3hn69l4qoa804.3h31n1yj254w8.php:7] Preview->render()
Thu, 06 Nov 2025 21:30:53 +0000 [2607:fb91:8c1b:46b2:d67:4622:beda:df6c] [/home/u991737198/domains/tas2023.online/public_html/lib/base.php:3036] require('/home/u991737198/domains/tas2023.online/public_html/tmp/3hn69l4qoa804.3h31n1yj254w8.php')
Thu, 06 Nov 2025 21:30:53 +0000 [2607:fb91:8c1b:46b2:d67:4622:beda:df6c] [/home/u991737198/domains/tas2023.online/public_html/lib/base.php:3281] View->sandbox()
Thu, 06 Nov 2025 21:30:53 +0000 [2607:fb91:8c1b:46b2:d67:4622:beda:df6c] [/home/u991737198/domains/tas2023.online/public_html/app/controllers/Controller.php:87] Preview->render()
Thu, 06 Nov 2025 21:30:53 +0000 [2607:fb91:8c1b:46b2:d67:4622:beda:df6c] [/home/u991737198/domains/tas2023.online/public_html/lib/base.php:2078] Controller->afterroute()
Thu, 06 Nov 2025 21:30:53 +0000 [2607:fb91:8c1b:46b2:d67:4622:beda:df6c] [/home/u991737198/domains/tas2023.online/public_html/lib/base.php:1871] Base->call()
Thu, 06 Nov 2025 21:30:53 +0000 [2607:fb91:8c1b:46b2:d67:4622:beda:df6c] [/home/u991737198/domains/tas2023.online/public_html/index.php:19] Base->run()
Thu, 06 Nov 2025 21:31:01 +0000 [2607:fb91:8c1b:46b2:d67:4622:beda:df6c] 500: Undefined variable $entity_num trace: [tmp/3hn69l4qoa804.man4oes5p0l2.php:177]
Thu, 06 Nov 2025 21:31:01 +0000 [2607:fb91:8c1b:46b2:d67:4622:beda:df6c] [tmp/3hn69l4qoa804.man4oes5p0l2.php:177] Base->{closure}()
Thu, 06 Nov 2025 21:31:01 +0000 [2607:fb91:8c1b:46b2:d67:4622:beda:df6c] [lib/base.php:3036] require('/home/u991737198/domains/tas2023.online/public_html/tmp/3hn69l4qoa804.man4oes5p0l2.php')
Thu, 06 Nov 2025 21:31:01 +0000 [2607:fb91:8c1b:46b2:d67:4622:beda:df6c] [lib/base.php:3281] View->sandbox()
Thu, 06 Nov 2025 21:31:01 +0000 [2607:fb91:8c1b:46b2:d67:4622:beda:df6c] [tmp/3hn69l4qoa804.3h31n1yj254w8.php:7] Preview->render()
Thu, 06 Nov 2025 21:31:01 +0000 [2607:fb91:8c1b:46b2:d67:4622:beda:df6c] [lib/base.php:3036] require('/home/u991737198/domains/tas2023.online/public_html/tmp/3hn69l4qoa804.3h31n1yj254w8.php')
Thu, 06 Nov 2025 21:31:01 +0000 [2607:fb91:8c1b:46b2:d67:4622:beda:df6c] [lib/base.php:3281] View->sandbox()
Thu, 06 Nov 2025 21:31:01 +0000 [2607:fb91:8c1b:46b2:d67:4622:beda:df6c] [app/controllers/Controller.php:87] Preview->render()
Thu, 06 Nov 2025 21:31:01 +0000 [2607:fb91:8c1b:46b2:d67:4622:beda:df6c] [lib/base.php:2078] Controller->afterroute()
Thu, 06 Nov 2025 21:31:01 +0000 [2607:fb91:8c1b:46b2:d67:4622:beda:df6c] [lib/base.php:1871] Base->call()
Thu, 06 Nov 2025 21:31:01 +0000 [2607:fb91:8c1b:46b2:d67:4622:beda:df6c] [index.php:19] Base->run()
Thu, 06 Nov 2025 21:31:12 +0000 [2607:fb91:8c1b:46b2:d67:4622:beda:df6c] 500: Undefined array key 1 trace: [app/controllers/PersonController.php:247]
Thu, 06 Nov 2025 21:31:12 +0000 [2607:fb91:8c1b:46b2:d67:4622:beda:df6c] [app/controllers/PersonController.php:247] Base->{closure}()
Thu, 06 Nov 2025 21:31:12 +0000 [2607:fb91:8c1b:46b2:d67:4622:beda:df6c] [app/controllers/PersonController.php:238] PersonController->calculate_age()
Thu, 06 Nov 2025 21:31:12 +0000 [2607:fb91:8c1b:46b2:d67:4622:beda:df6c] [lib/base.php:2072] PersonController->update()
Thu, 06 Nov 2025 21:31:12 +0000 [2607:fb91:8c1b:46b2:d67:4622:beda:df6c] [lib/base.php:1871] Base->call()
Thu, 06 Nov 2025 21:31:12 +0000 [2607:fb91:8c1b:46b2:d67:4622:beda:df6c] [index.php:19] Base->run()
Thu, 06 Nov 2025 21:31:17 +0000 [2607:fb91:8c1b:46b2:d67:4622:beda:df6c] 500: Undefined array key 1 trace: [app/controllers/PersonController.php:247]
Thu, 06 Nov 2025 21:31:17 +0000 [2607:fb91:8c1b:46b2:d67:4622:beda:df6c] [app/controllers/PersonController.php:247] Base->{closure}()
Thu, 06 Nov 2025 21:31:17 +0000 [2607:fb91:8c1b:46b2:d67:4622:beda:df6c] [app/controllers/PersonController.php:238] PersonController->calculate_age()
Thu, 06 Nov 2025 21:31:17 +0000 [2607:fb91:8c1b:46b2:d67:4622:beda:df6c] [lib/base.php:2072] PersonController->update()
Thu, 06 Nov 2025 21:31:17 +0000 [2607:fb91:8c1b:46b2:d67:4622:beda:df6c] [lib/base.php:1871] Base->call()
Thu, 06 Nov 2025 21:31:17 +0000 [2607:fb91:8c1b:46b2:d67:4622:beda:df6c] [index.php:19] Base->run()
Thu, 06 Nov 2025 21:31:20 +0000 [2607:fb91:8c1b:46b2:d67:4622:beda:df6c] 500: Undefined variable $entity_num trace: [tmp/3hn69l4qoa804.man4oes5p0l2.php:177]
Thu, 06 Nov 2025 21:31:20 +0000 [2607:fb91:8c1b:46b2:d67:4622:beda:df6c] [tmp/3hn69l4qoa804.man4oes5p0l2.php:177] Base->{closure}()
Thu, 06 Nov 2025 21:31:20 +0000 [2607:fb91:8c1b:46b2:d67:4622:beda:df6c] [lib/base.php:3036] require('/home/u991737198/domains/tas2023.online/public_html/tmp/3hn69l4qoa804.man4oes5p0l2.php')
Thu, 06 Nov 2025 21:31:20 +0000 [2607:fb91:8c1b:46b2:d67:4622:beda:df6c] [lib/base.php:3281] View->sandbox()
Thu, 06 Nov 2025 21:31:20 +0000 [2607:fb91:8c1b:46b2:d67:4622:beda:df6c] [tmp/3hn69l4qoa804.3h31n1yj254w8.php:7] Preview->render()
Thu, 06 Nov 2025 21:31:20 +0000 [2607:fb91:8c1b:46b2:d67:4622:beda:df6c] [lib/base.php:3036] require('/home/u991737198/domains/tas2023.online/public_html/tmp/3hn69l4qoa804.3h31n1yj254w8.php')
Thu, 06 Nov 2025 21:31:20 +0000 [2607:fb91:8c1b:46b2:d67:4622:beda:df6c] [lib/base.php:3281] View->sandbox()
Thu, 06 Nov 2025 21:31:20 +0000 [2607:fb91:8c1b:46b2:d67:4622:beda:df6c] [app/controllers/Controller.php:87] Preview->render()
Thu, 06 Nov 2025 21:31:20 +0000 [2607:fb91:8c1b:46b2:d67:4622:beda:df6c] [lib/base.php:2078] Controller->afterroute()
Thu, 06 Nov 2025 21:31:20 +0000 [2607:fb91:8c1b:46b2:d67:4622:beda:df6c] [lib/base.php:1871] Base->call()
Thu, 06 Nov 2025 21:31:20 +0000 [2607:fb91:8c1b:46b2:d67:4622:beda:df6c] [index.php:19] Base->run()
Thu, 06 Nov 2025 21:31:28 +0000 [2607:fb91:8c1b:46b2:d67:4622:beda:df6c] 500: Undefined array key 1 trace: [app/controllers/PersonController.php:247]
Thu, 06 Nov 2025 21:31:28 +0000 [2607:fb91:8c1b:46b2:d67:4622:beda:df6c] [app/controllers/PersonController.php:247] Base->{closure}()
Thu, 06 Nov 2025 21:31:28 +0000 [2607:fb91:8c1b:46b2:d67:4622:beda:df6c] [app/controllers/PersonController.php:238] PersonController->calculate_age()
Thu, 06 Nov 2025 21:31:28 +0000 [2607:fb91:8c1b:46b2:d67:4622:beda:df6c] [lib/base.php:2072] PersonController->update()
Thu, 06 Nov 2025 21:31:28 +0000 [2607:fb91:8c1b:46b2:d67:4622:beda:df6c] [lib/base.php:1871] Base->call()
Thu, 06 Nov 2025 21:31:28 +0000 [2607:fb91:8c1b:46b2:d67:4622:beda:df6c] [index.php:19] Base->run()
Thu, 06 Nov 2025 21:31:38 +0000 [2607:fb91:8c1b:46b2:d67:4622:beda:df6c] 500: Undefined array key 1 trace: [app/controllers/PersonController.php:247]
Thu, 06 Nov 2025 21:31:38 +0000 [2607:fb91:8c1b:46b2:d67:4622:beda:df6c] [app/controllers/PersonController.php:247] Base->{closure}()
Thu, 06 Nov 2025 21:31:38 +0000 [2607:fb91:8c1b:46b2:d67:4622:beda:df6c] [app/controllers/PersonController.php:238] PersonController->calculate_age()
Thu, 06 Nov 2025 21:31:38 +0000 [2607:fb91:8c1b:46b2:d67:4622:beda:df6c] [lib/base.php:2072] PersonController->update()
Thu, 06 Nov 2025 21:31:38 +0000 [2607:fb91:8c1b:46b2:d67:4622:beda:df6c] [lib/base.php:1871] Base->call()
Thu, 06 Nov 2025 21:31:38 +0000 [2607:fb91:8c1b:46b2:d67:4622:beda:df6c] [index.php:19] Base->run()
Thu, 06 Nov 2025 22:51:31 +0000 [2607:fb91:8c1b:46b2:d67:4622:beda:df6c] 401: HTTP 401 (GET /task/edit/23/86/person) trace: [/home/u991737198/domains/tas2023.online/public_html/lib/access.php:112] Base->error()
Thu, 06 Nov 2025 22:51:31 +0000 [2607:fb91:8c1b:46b2:d67:4622:beda:df6c] [/home/u991737198/domains/tas2023.online/public_html/app/controllers/Controller.php:78] Access->authorize()
Thu, 06 Nov 2025 22:51:31 +0000 [2607:fb91:8c1b:46b2:d67:4622:beda:df6c] [/home/u991737198/domains/tas2023.online/public_html/lib/base.php:2069] Controller->beforeroute()
Thu, 06 Nov 2025 22:51:31 +0000 [2607:fb91:8c1b:46b2:d67:4622:beda:df6c] [/home/u991737198/domains/tas2023.online/public_html/lib/base.php:1871] Base->call()
Thu, 06 Nov 2025 22:51:31 +0000 [2607:fb91:8c1b:46b2:d67:4622:beda:df6c] [/home/u991737198/domains/tas2023.online/public_html/index.php:19] Base->run()
