Sun, 23 Mar 2025 14:34:44 +0000 [2600:1006:b021:3a38:e8bd:77b3:bc94:bc5e] 401: HTTP 401 (GET /user/notifications) trace: [lib/access.php:112] Base->error()
Sun, 23 Mar 2025 14:34:44 +0000 [2600:1006:b021:3a38:e8bd:77b3:bc94:bc5e] [app/controllers/Controller.php:78] Access->authorize()
Sun, 23 Mar 2025 14:34:44 +0000 [2600:1006:b021:3a38:e8bd:77b3:bc94:bc5e] [lib/base.php:2069] Controller->beforeroute()
Sun, 23 Mar 2025 14:34:44 +0000 [2600:1006:b021:3a38:e8bd:77b3:bc94:bc5e] [lib/base.php:1871] Base->call()
Sun, 23 Mar 2025 14:34:44 +0000 [2600:1006:b021:3a38:e8bd:77b3:bc94:bc5e] [index.php:19] Base->run()
Sun, 23 Mar 2025 14:35:25 +0000 [2600:1006:b021:3a38:e8bd:77b3:bc94:bc5e] 500: Undefined variable $entity_num trace: [tmp/3hn69l4qoa804.1zo7dt0fljr4w.php:200]
Sun, 23 Mar 2025 14:35:25 +0000 [2600:1006:b021:3a38:e8bd:77b3:bc94:bc5e] [tmp/3hn69l4qoa804.1zo7dt0fljr4w.php:200] Base->{closure}()
Sun, 23 Mar 2025 14:35:25 +0000 [2600:1006:b021:3a38:e8bd:77b3:bc94:bc5e] [lib/base.php:3036] require('/home/u991737198/domains/tas2023.online/public_html/tmp/3hn69l4qoa804.1zo7dt0fljr4w.php')
Sun, 23 Mar 2025 14:35:25 +0000 [2600:1006:b021:3a38:e8bd:77b3:bc94:bc5e] [lib/base.php:3281] View->sandbox()
Sun, 23 Mar 2025 14:35:25 +0000 [2600:1006:b021:3a38:e8bd:77b3:bc94:bc5e] [tmp/3hn69l4qoa804.3h31n1yj254w8.php:7] Preview->render()
Sun, 23 Mar 2025 14:35:25 +0000 [2600:1006:b021:3a38:e8bd:77b3:bc94:bc5e] [lib/base.php:3036] require('/home/u991737198/domains/tas2023.online/public_html/tmp/3hn69l4qoa804.3h31n1yj254w8.php')
Sun, 23 Mar 2025 14:35:25 +0000 [2600:1006:b021:3a38:e8bd:77b3:bc94:bc5e] [lib/base.php:3281] View->sandbox()
Sun, 23 Mar 2025 14:35:25 +0000 [2600:1006:b021:3a38:e8bd:77b3:bc94:bc5e] [app/controllers/Controller.php:87] Preview->render()
Sun, 23 Mar 2025 14:35:25 +0000 [2600:1006:b021:3a38:e8bd:77b3:bc94:bc5e] [lib/base.php:2078] Controller->afterroute()
Sun, 23 Mar 2025 14:35:25 +0000 [2600:1006:b021:3a38:e8bd:77b3:bc94:bc5e] [lib/base.php:1871] Base->call()
Sun, 23 Mar 2025 14:35:25 +0000 [2600:1006:b021:3a38:e8bd:77b3:bc94:bc5e] [index.php:19] Base->run()
Sun, 23 Mar 2025 14:35:40 +0000 [2600:1006:b021:3a38:e8bd:77b3:bc94:bc5e] 500: Undefined variable $entity_num trace: [tmp/3hn69l4qoa804.1zo7dt0fljr4w.php:200]
Sun, 23 Mar 2025 14:35:40 +0000 [2600:1006:b021:3a38:e8bd:77b3:bc94:bc5e] [tmp/3hn69l4qoa804.1zo7dt0fljr4w.php:200] Base->{closure}()
Sun, 23 Mar 2025 14:35:40 +0000 [2600:1006:b021:3a38:e8bd:77b3:bc94:bc5e] [lib/base.php:3036] require('/home/u991737198/domains/tas2023.online/public_html/tmp/3hn69l4qoa804.1zo7dt0fljr4w.php')
Sun, 23 Mar 2025 14:35:40 +0000 [2600:1006:b021:3a38:e8bd:77b3:bc94:bc5e] [lib/base.php:3281] View->sandbox()
Sun, 23 Mar 2025 14:35:40 +0000 [2600:1006:b021:3a38:e8bd:77b3:bc94:bc5e] [tmp/3hn69l4qoa804.3h31n1yj254w8.php:7] Preview->render()
Sun, 23 Mar 2025 14:35:40 +0000 [2600:1006:b021:3a38:e8bd:77b3:bc94:bc5e] [lib/base.php:3036] require('/home/u991737198/domains/tas2023.online/public_html/tmp/3hn69l4qoa804.3h31n1yj254w8.php')
Sun, 23 Mar 2025 14:35:40 +0000 [2600:1006:b021:3a38:e8bd:77b3:bc94:bc5e] [lib/base.php:3281] View->sandbox()
Sun, 23 Mar 2025 14:35:40 +0000 [2600:1006:b021:3a38:e8bd:77b3:bc94:bc5e] [app/controllers/Controller.php:87] Preview->render()
Sun, 23 Mar 2025 14:35:40 +0000 [2600:1006:b021:3a38:e8bd:77b3:bc94:bc5e] [lib/base.php:2078] Controller->afterroute()
Sun, 23 Mar 2025 14:35:40 +0000 [2600:1006:b021:3a38:e8bd:77b3:bc94:bc5e] [lib/base.php:1871] Base->call()
Sun, 23 Mar 2025 14:35:40 +0000 [2600:1006:b021:3a38:e8bd:77b3:bc94:bc5e] [index.php:19] Base->run()
Sun, 23 Mar 2025 14:36:22 +0000 [2600:1006:b021:3a38:e8bd:77b3:bc94:bc5e] 500: Undefined variable $selected_note trace: [/home/u991737198/domains/tas2023.online/public_html/tmp/3hn69l4qoa804.3g8shy2588w00.php:385]
Sun, 23 Mar 2025 14:36:22 +0000 [2600:1006:b021:3a38:e8bd:77b3:bc94:bc5e] [/home/u991737198/domains/tas2023.online/public_html/tmp/3hn69l4qoa804.3g8shy2588w00.php:385] Base->{closure}()
Sun, 23 Mar 2025 14:36:22 +0000 [2600:1006:b021:3a38:e8bd:77b3:bc94:bc5e] [/home/u991737198/domains/tas2023.online/public_html/lib/base.php:3036] require('/home/u991737198/domains/tas2023.online/public_html/tmp/3hn69l4qoa804.3g8shy2588w00.php')
Sun, 23 Mar 2025 14:36:22 +0000 [2600:1006:b021:3a38:e8bd:77b3:bc94:bc5e] [/home/u991737198/domains/tas2023.online/public_html/lib/base.php:3281] View->sandbox()
Sun, 23 Mar 2025 14:36:22 +0000 [2600:1006:b021:3a38:e8bd:77b3:bc94:bc5e] [/home/u991737198/domains/tas2023.online/public_html/tmp/3hn69l4qoa804.3h31n1yj254w8.php:7] Preview->render()
Sun, 23 Mar 2025 14:36:22 +0000 [2600:1006:b021:3a38:e8bd:77b3:bc94:bc5e] [/home/u991737198/domains/tas2023.online/public_html/lib/base.php:3036] require('/home/u991737198/domains/tas2023.online/public_html/tmp/3hn69l4qoa804.3h31n1yj254w8.php')
Sun, 23 Mar 2025 14:36:22 +0000 [2600:1006:b021:3a38:e8bd:77b3:bc94:bc5e] [/home/u991737198/domains/tas2023.online/public_html/lib/base.php:3281] View->sandbox()
Sun, 23 Mar 2025 14:36:22 +0000 [2600:1006:b021:3a38:e8bd:77b3:bc94:bc5e] [/home/u991737198/domains/tas2023.online/public_html/app/controllers/Controller.php:87] Preview->render()
Sun, 23 Mar 2025 14:36:22 +0000 [2600:1006:b021:3a38:e8bd:77b3:bc94:bc5e] [/home/u991737198/domains/tas2023.online/public_html/lib/base.php:2078] Controller->afterroute()
Sun, 23 Mar 2025 14:36:22 +0000 [2600:1006:b021:3a38:e8bd:77b3:bc94:bc5e] [/home/u991737198/domains/tas2023.online/public_html/lib/base.php:1871] Base->call()
Sun, 23 Mar 2025 14:36:22 +0000 [2600:1006:b021:3a38:e8bd:77b3:bc94:bc5e] [/home/u991737198/domains/tas2023.online/public_html/index.php:19] Base->run()
Sun, 23 Mar 2025 14:37:01 +0000 [2600:1006:b021:3a38:e8bd:77b3:bc94:bc5e] 500: Undefined variable $entity_num trace: [tmp/3hn69l4qoa804.1zo7dt0fljr4w.php:200]
Sun, 23 Mar 2025 14:37:01 +0000 [2600:1006:b021:3a38:e8bd:77b3:bc94:bc5e] [tmp/3hn69l4qoa804.1zo7dt0fljr4w.php:200] Base->{closure}()
Sun, 23 Mar 2025 14:37:01 +0000 [2600:1006:b021:3a38:e8bd:77b3:bc94:bc5e] [lib/base.php:3036] require('/home/u991737198/domains/tas2023.online/public_html/tmp/3hn69l4qoa804.1zo7dt0fljr4w.php')
Sun, 23 Mar 2025 14:37:01 +0000 [2600:1006:b021:3a38:e8bd:77b3:bc94:bc5e] [lib/base.php:3281] View->sandbox()
Sun, 23 Mar 2025 14:37:01 +0000 [2600:1006:b021:3a38:e8bd:77b3:bc94:bc5e] [tmp/3hn69l4qoa804.3h31n1yj254w8.php:7] Preview->render()
Sun, 23 Mar 2025 14:37:01 +0000 [2600:1006:b021:3a38:e8bd:77b3:bc94:bc5e] [lib/base.php:3036] require('/home/u991737198/domains/tas2023.online/public_html/tmp/3hn69l4qoa804.3h31n1yj254w8.php')
Sun, 23 Mar 2025 14:37:01 +0000 [2600:1006:b021:3a38:e8bd:77b3:bc94:bc5e] [lib/base.php:3281] View->sandbox()
Sun, 23 Mar 2025 14:37:01 +0000 [2600:1006:b021:3a38:e8bd:77b3:bc94:bc5e] [app/controllers/Controller.php:87] Preview->render()
Sun, 23 Mar 2025 14:37:01 +0000 [2600:1006:b021:3a38:e8bd:77b3:bc94:bc5e] [lib/base.php:2078] Controller->afterroute()
Sun, 23 Mar 2025 14:37:01 +0000 [2600:1006:b021:3a38:e8bd:77b3:bc94:bc5e] [lib/base.php:1871] Base->call()
Sun, 23 Mar 2025 14:37:01 +0000 [2600:1006:b021:3a38:e8bd:77b3:bc94:bc5e] [index.php:19] Base->run()
Sun, 23 Mar 2025 14:37:15 +0000 [2600:1006:b021:3a38:e8bd:77b3:bc94:bc5e] 500: Undefined variable $entity_num trace: [tmp/3hn69l4qoa804.1zo7dt0fljr4w.php:200]
Sun, 23 Mar 2025 14:37:15 +0000 [2600:1006:b021:3a38:e8bd:77b3:bc94:bc5e] [tmp/3hn69l4qoa804.1zo7dt0fljr4w.php:200] Base->{closure}()
Sun, 23 Mar 2025 14:37:15 +0000 [2600:1006:b021:3a38:e8bd:77b3:bc94:bc5e] [lib/base.php:3036] require('/home/u991737198/domains/tas2023.online/public_html/tmp/3hn69l4qoa804.1zo7dt0fljr4w.php')
Sun, 23 Mar 2025 14:37:15 +0000 [2600:1006:b021:3a38:e8bd:77b3:bc94:bc5e] [lib/base.php:3281] View->sandbox()
Sun, 23 Mar 2025 14:37:15 +0000 [2600:1006:b021:3a38:e8bd:77b3:bc94:bc5e] [tmp/3hn69l4qoa804.3h31n1yj254w8.php:7] Preview->render()
Sun, 23 Mar 2025 14:37:15 +0000 [2600:1006:b021:3a38:e8bd:77b3:bc94:bc5e] [lib/base.php:3036] require('/home/u991737198/domains/tas2023.online/public_html/tmp/3hn69l4qoa804.3h31n1yj254w8.php')
Sun, 23 Mar 2025 14:37:15 +0000 [2600:1006:b021:3a38:e8bd:77b3:bc94:bc5e] [lib/base.php:3281] View->sandbox()
Sun, 23 Mar 2025 14:37:15 +0000 [2600:1006:b021:3a38:e8bd:77b3:bc94:bc5e] [app/controllers/Controller.php:87] Preview->render()
Sun, 23 Mar 2025 14:37:15 +0000 [2600:1006:b021:3a38:e8bd:77b3:bc94:bc5e] [lib/base.php:2078] Controller->afterroute()
Sun, 23 Mar 2025 14:37:15 +0000 [2600:1006:b021:3a38:e8bd:77b3:bc94:bc5e] [lib/base.php:1871] Base->call()
Sun, 23 Mar 2025 14:37:15 +0000 [2600:1006:b021:3a38:e8bd:77b3:bc94:bc5e] [index.php:19] Base->run()
Sun, 23 Mar 2025 14:37:43 +0000 [2600:1006:b021:3a38:e8bd:77b3:bc94:bc5e] 500: Undefined variable $selected_note trace: [/home/u991737198/domains/tas2023.online/public_html/tmp/3hn69l4qoa804.3g8shy2588w00.php:385]
Sun, 23 Mar 2025 14:37:43 +0000 [2600:1006:b021:3a38:e8bd:77b3:bc94:bc5e] [/home/u991737198/domains/tas2023.online/public_html/tmp/3hn69l4qoa804.3g8shy2588w00.php:385] Base->{closure}()
Sun, 23 Mar 2025 14:37:43 +0000 [2600:1006:b021:3a38:e8bd:77b3:bc94:bc5e] [/home/u991737198/domains/tas2023.online/public_html/lib/base.php:3036] require('/home/u991737198/domains/tas2023.online/public_html/tmp/3hn69l4qoa804.3g8shy2588w00.php')
Sun, 23 Mar 2025 14:37:43 +0000 [2600:1006:b021:3a38:e8bd:77b3:bc94:bc5e] [/home/u991737198/domains/tas2023.online/public_html/lib/base.php:3281] View->sandbox()
Sun, 23 Mar 2025 14:37:43 +0000 [2600:1006:b021:3a38:e8bd:77b3:bc94:bc5e] [/home/u991737198/domains/tas2023.online/public_html/tmp/3hn69l4qoa804.3h31n1yj254w8.php:7] Preview->render()
Sun, 23 Mar 2025 14:37:43 +0000 [2600:1006:b021:3a38:e8bd:77b3:bc94:bc5e] [/home/u991737198/domains/tas2023.online/public_html/lib/base.php:3036] require('/home/u991737198/domains/tas2023.online/public_html/tmp/3hn69l4qoa804.3h31n1yj254w8.php')
Sun, 23 Mar 2025 14:37:43 +0000 [2600:1006:b021:3a38:e8bd:77b3:bc94:bc5e] [/home/u991737198/domains/tas2023.online/public_html/lib/base.php:3281] View->sandbox()
Sun, 23 Mar 2025 14:37:43 +0000 [2600:1006:b021:3a38:e8bd:77b3:bc94:bc5e] [/home/u991737198/domains/tas2023.online/public_html/app/controllers/Controller.php:87] Preview->render()
Sun, 23 Mar 2025 14:37:43 +0000 [2600:1006:b021:3a38:e8bd:77b3:bc94:bc5e] [/home/u991737198/domains/tas2023.online/public_html/lib/base.php:2078] Controller->afterroute()
Sun, 23 Mar 2025 14:37:43 +0000 [2600:1006:b021:3a38:e8bd:77b3:bc94:bc5e] [/home/u991737198/domains/tas2023.online/public_html/lib/base.php:1871] Base->call()
Sun, 23 Mar 2025 14:37:43 +0000 [2600:1006:b021:3a38:e8bd:77b3:bc94:bc5e] [/home/u991737198/domains/tas2023.online/public_html/index.php:19] Base->run()
