Tue, 29 Apr 2025 01:35:06 +0000 [91.219.148.28] 500: Undefined field activado trace: [lib/db/sql/mapper.php:132]
Tue, 29 Apr 2025 01:35:06 +0000 [91.219.148.28] [lib/db/sql/mapper.php:132] user_error()
Tue, 29 Apr 2025 01:35:06 +0000 [91.219.148.28] [lib/magic.php:89] DB\SQL\Mapper->get()
Tue, 29 Apr 2025 01:35:06 +0000 [91.219.148.28] [lib/magic.php:131] Magic->offsetget()
Tue, 29 Apr 2025 01:35:06 +0000 [91.219.148.28] [app/controllers/UserController.php:453] Magic->__get()
Tue, 29 Apr 2025 01:35:06 +0000 [91.219.148.28] [lib/base.php:2072] UserController->create()
Tue, 29 Apr 2025 01:35:06 +0000 [91.219.148.28] [lib/base.php:1871] Base->call()
Tue, 29 Apr 2025 01:35:06 +0000 [91.219.148.28] [index.php:19] Base->run()
Tue, 29 Apr 2025 03:03:29 +0000 [2600:1006:b06c:5414:847e:4f8c:a2b1:41f4] 401: HTTP 401 (GET /task/taskDistribution) trace: [/home/u991737198/domains/tas2023.online/public_html/lib/access.php:112] Base->error()
Tue, 29 Apr 2025 03:03:29 +0000 [2600:1006:b06c:5414:847e:4f8c:a2b1:41f4] [/home/u991737198/domains/tas2023.online/public_html/app/controllers/Controller.php:78] Access->authorize()
Tue, 29 Apr 2025 03:03:29 +0000 [2600:1006:b06c:5414:847e:4f8c:a2b1:41f4] [/home/u991737198/domains/tas2023.online/public_html/lib/base.php:2069] Controller->beforeroute()
Tue, 29 Apr 2025 03:03:29 +0000 [2600:1006:b06c:5414:847e:4f8c:a2b1:41f4] [/home/u991737198/domains/tas2023.online/public_html/lib/base.php:1871] Base->call()
Tue, 29 Apr 2025 03:03:29 +0000 [2600:1006:b06c:5414:847e:4f8c:a2b1:41f4] [/home/u991737198/domains/tas2023.online/public_html/index.php:19] Base->run()
Tue, 29 Apr 2025 03:03:29 +0000 [2600:1006:b06c:5414:847e:4f8c:a2b1:41f4] 401: HTTP 401 (GET /task/userNotesCount) trace: [/home/u991737198/domains/tas2023.online/public_html/lib/access.php:112] Base->error()
Tue, 29 Apr 2025 03:03:29 +0000 [2600:1006:b06c:5414:847e:4f8c:a2b1:41f4] [/home/u991737198/domains/tas2023.online/public_html/app/controllers/Controller.php:78] Access->authorize()
Tue, 29 Apr 2025 03:03:29 +0000 [2600:1006:b06c:5414:847e:4f8c:a2b1:41f4] [/home/u991737198/domains/tas2023.online/public_html/lib/base.php:2069] Controller->beforeroute()
Tue, 29 Apr 2025 03:03:29 +0000 [2600:1006:b06c:5414:847e:4f8c:a2b1:41f4] [/home/u991737198/domains/tas2023.online/public_html/lib/base.php:1871] Base->call()
Tue, 29 Apr 2025 03:03:29 +0000 [2600:1006:b06c:5414:847e:4f8c:a2b1:41f4] [/home/u991737198/domains/tas2023.online/public_html/index.php:19] Base->run()
Tue, 29 Apr 2025 03:03:29 +0000 [2600:1006:b06c:5414:847e:4f8c:a2b1:41f4] 401: HTTP 401 (GET /task/taskData) trace: [/home/u991737198/domains/tas2023.online/public_html/lib/access.php:112] Base->error()
Tue, 29 Apr 2025 03:03:29 +0000 [2600:1006:b06c:5414:847e:4f8c:a2b1:41f4] [/home/u991737198/domains/tas2023.online/public_html/app/controllers/Controller.php:78] Access->authorize()
Tue, 29 Apr 2025 03:03:29 +0000 [2600:1006:b06c:5414:847e:4f8c:a2b1:41f4] 401: HTTP 401 (GET /task/teamProductivity) trace: [/home/u991737198/domains/tas2023.online/public_html/lib/access.php:112] Base->error()
Tue, 29 Apr 2025 03:03:29 +0000 [2600:1006:b06c:5414:847e:4f8c:a2b1:41f4] [/home/u991737198/domains/tas2023.online/public_html/lib/base.php:2069] Controller->beforeroute()
Tue, 29 Apr 2025 03:03:29 +0000 [2600:1006:b06c:5414:847e:4f8c:a2b1:41f4] [/home/u991737198/domains/tas2023.online/public_html/lib/base.php:1871] Base->call()
Tue, 29 Apr 2025 03:03:29 +0000 [2600:1006:b06c:5414:847e:4f8c:a2b1:41f4] [/home/u991737198/domains/tas2023.online/public_html/app/controllers/Controller.php:78] Access->authorize()
Tue, 29 Apr 2025 03:03:29 +0000 [2600:1006:b06c:5414:847e:4f8c:a2b1:41f4] [/home/u991737198/domains/tas2023.online/public_html/index.php:19] Base->run()
Tue, 29 Apr 2025 03:03:29 +0000 [2600:1006:b06c:5414:847e:4f8c:a2b1:41f4] [/home/u991737198/domains/tas2023.online/public_html/lib/base.php:2069] Controller->beforeroute()
Tue, 29 Apr 2025 03:03:29 +0000 [2600:1006:b06c:5414:847e:4f8c:a2b1:41f4] [/home/u991737198/domains/tas2023.online/public_html/lib/base.php:1871] Base->call()
Tue, 29 Apr 2025 03:03:29 +0000 [2600:1006:b06c:5414:847e:4f8c:a2b1:41f4] [/home/u991737198/domains/tas2023.online/public_html/index.php:19] Base->run()
Tue, 29 Apr 2025 11:43:00 +0000 [185.9.147.109] MAIL ERROR: SMTP Error: The following recipients failed: kayla.irelan24@gmail.com: An email sent to this address has been rejected with the reason 'Mailbox does not exist' within the last 30 days. Check for typos in the email, or ensure that this subscriber is not a part of your mailing list. To send an email to this address, contact the support team once you are sure the mailbox has been created
Tue, 29 Apr 2025 12:50:28 +0000 [185.130.251.131] 500: Undefined field activado trace: [lib/db/sql/mapper.php:132]
Tue, 29 Apr 2025 12:50:28 +0000 [185.130.251.131] [lib/db/sql/mapper.php:132] user_error()
Tue, 29 Apr 2025 12:50:28 +0000 [185.130.251.131] [lib/magic.php:89] DB\SQL\Mapper->get()
Tue, 29 Apr 2025 12:50:28 +0000 [185.130.251.131] [lib/magic.php:131] Magic->offsetget()
Tue, 29 Apr 2025 12:50:28 +0000 [185.130.251.131] [app/controllers/UserController.php:453] Magic->__get()
Tue, 29 Apr 2025 12:50:28 +0000 [185.130.251.131] [lib/base.php:2072] UserController->create()
Tue, 29 Apr 2025 12:50:28 +0000 [185.130.251.131] [lib/base.php:1871] Base->call()
Tue, 29 Apr 2025 12:50:28 +0000 [185.130.251.131] [index.php:19] Base->run()
Tue, 29 Apr 2025 13:29:11 +0000 [2600:1006:b06c:5414:847e:4f8c:a2b1:41f4] 401: HTTP 401 (GET /task/taskDistribution) trace: [/home/u991737198/domains/tas2023.online/public_html/lib/access.php:112] Base->error()
Tue, 29 Apr 2025 13:29:11 +0000 [2600:1006:b06c:5414:847e:4f8c:a2b1:41f4] 401: HTTP 401 (GET /task/taskData) trace: [/home/u991737198/domains/tas2023.online/public_html/lib/access.php:112] Base->error()
Tue, 29 Apr 2025 13:29:11 +0000 [2600:1006:b06c:5414:847e:4f8c:a2b1:41f4] 401: HTTP 401 (GET /task/teamProductivity) trace: [/home/u991737198/domains/tas2023.online/public_html/lib/access.php:112] Base->error()
Tue, 29 Apr 2025 13:29:11 +0000 [2600:1006:b06c:5414:847e:4f8c:a2b1:41f4] [/home/u991737198/domains/tas2023.online/public_html/app/controllers/Controller.php:78] Access->authorize()
Tue, 29 Apr 2025 13:29:11 +0000 [2600:1006:b06c:5414:847e:4f8c:a2b1:41f4] [/home/u991737198/domains/tas2023.online/public_html/app/controllers/Controller.php:78] Access->authorize()
Tue, 29 Apr 2025 13:29:11 +0000 [2600:1006:b06c:5414:847e:4f8c:a2b1:41f4] [/home/u991737198/domains/tas2023.online/public_html/app/controllers/Controller.php:78] Access->authorize()
Tue, 29 Apr 2025 13:29:11 +0000 [2600:1006:b06c:5414:847e:4f8c:a2b1:41f4] [/home/u991737198/domains/tas2023.online/public_html/lib/base.php:2069] Controller->beforeroute()
Tue, 29 Apr 2025 13:29:11 +0000 [2600:1006:b06c:5414:847e:4f8c:a2b1:41f4] [/home/u991737198/domains/tas2023.online/public_html/lib/base.php:2069] Controller->beforeroute()
Tue, 29 Apr 2025 13:29:11 +0000 [2600:1006:b06c:5414:847e:4f8c:a2b1:41f4] [/home/u991737198/domains/tas2023.online/public_html/lib/base.php:2069] Controller->beforeroute()
Tue, 29 Apr 2025 13:29:11 +0000 [2600:1006:b06c:5414:847e:4f8c:a2b1:41f4] [/home/u991737198/domains/tas2023.online/public_html/lib/base.php:1871] Base->call()
Tue, 29 Apr 2025 13:29:11 +0000 [2600:1006:b06c:5414:847e:4f8c:a2b1:41f4] [/home/u991737198/domains/tas2023.online/public_html/lib/base.php:1871] Base->call()
Tue, 29 Apr 2025 13:29:11 +0000 [2600:1006:b06c:5414:847e:4f8c:a2b1:41f4] [/home/u991737198/domains/tas2023.online/public_html/lib/base.php:1871] Base->call()
Tue, 29 Apr 2025 13:29:11 +0000 [2600:1006:b06c:5414:847e:4f8c:a2b1:41f4] [/home/u991737198/domains/tas2023.online/public_html/index.php:19] Base->run()
Tue, 29 Apr 2025 13:29:11 +0000 [2600:1006:b06c:5414:847e:4f8c:a2b1:41f4] [/home/u991737198/domains/tas2023.online/public_html/index.php:19] Base->run()
Tue, 29 Apr 2025 13:29:11 +0000 [2600:1006:b06c:5414:847e:4f8c:a2b1:41f4] [/home/u991737198/domains/tas2023.online/public_html/index.php:19] Base->run()
Tue, 29 Apr 2025 13:29:11 +0000 [2600:1006:b06c:5414:847e:4f8c:a2b1:41f4] 401: HTTP 401 (GET /task/userNotesCount) trace: [/home/u991737198/domains/tas2023.online/public_html/lib/access.php:112] Base->error()
Tue, 29 Apr 2025 13:29:11 +0000 [2600:1006:b06c:5414:847e:4f8c:a2b1:41f4] [/home/u991737198/domains/tas2023.online/public_html/app/controllers/Controller.php:78] Access->authorize()
Tue, 29 Apr 2025 13:29:11 +0000 [2600:1006:b06c:5414:847e:4f8c:a2b1:41f4] [/home/u991737198/domains/tas2023.online/public_html/lib/base.php:2069] Controller->beforeroute()
Tue, 29 Apr 2025 13:29:11 +0000 [2600:1006:b06c:5414:847e:4f8c:a2b1:41f4] [/home/u991737198/domains/tas2023.online/public_html/lib/base.php:1871] Base->call()
Tue, 29 Apr 2025 13:29:11 +0000 [2600:1006:b06c:5414:847e:4f8c:a2b1:41f4] [/home/u991737198/domains/tas2023.online/public_html/index.php:19] Base->run()
Tue, 29 Apr 2025 13:29:41 +0000 [2600:1006:b06c:5414:847e:4f8c:a2b1:41f4] 500: Undefined variable $selected_note trace: [/home/u991737198/domains/tas2023.online/public_html/tmp/3hn69l4qoa804.3g8shy2588w00.php:385]
Tue, 29 Apr 2025 13:29:41 +0000 [2600:1006:b06c:5414:847e:4f8c:a2b1:41f4] [/home/u991737198/domains/tas2023.online/public_html/tmp/3hn69l4qoa804.3g8shy2588w00.php:385] Base->{closure}()
Tue, 29 Apr 2025 13:29:41 +0000 [2600:1006:b06c:5414:847e:4f8c:a2b1:41f4] [/home/u991737198/domains/tas2023.online/public_html/lib/base.php:3036] require('/home/u991737198/domains/tas2023.online/public_html/tmp/3hn69l4qoa804.3g8shy2588w00.php')
Tue, 29 Apr 2025 13:29:41 +0000 [2600:1006:b06c:5414:847e:4f8c:a2b1:41f4] [/home/u991737198/domains/tas2023.online/public_html/lib/base.php:3281] View->sandbox()
Tue, 29 Apr 2025 13:29:41 +0000 [2600:1006:b06c:5414:847e:4f8c:a2b1:41f4] [/home/u991737198/domains/tas2023.online/public_html/tmp/3hn69l4qoa804.3h31n1yj254w8.php:7] Preview->render()
Tue, 29 Apr 2025 13:29:41 +0000 [2600:1006:b06c:5414:847e:4f8c:a2b1:41f4] [/home/u991737198/domains/tas2023.online/public_html/lib/base.php:3036] require('/home/u991737198/domains/tas2023.online/public_html/tmp/3hn69l4qoa804.3h31n1yj254w8.php')
Tue, 29 Apr 2025 13:29:41 +0000 [2600:1006:b06c:5414:847e:4f8c:a2b1:41f4] [/home/u991737198/domains/tas2023.online/public_html/lib/base.php:3281] View->sandbox()
Tue, 29 Apr 2025 13:29:41 +0000 [2600:1006:b06c:5414:847e:4f8c:a2b1:41f4] [/home/u991737198/domains/tas2023.online/public_html/app/controllers/Controller.php:87] Preview->render()
Tue, 29 Apr 2025 13:29:41 +0000 [2600:1006:b06c:5414:847e:4f8c:a2b1:41f4] [/home/u991737198/domains/tas2023.online/public_html/lib/base.php:2078] Controller->afterroute()
Tue, 29 Apr 2025 13:29:41 +0000 [2600:1006:b06c:5414:847e:4f8c:a2b1:41f4] [/home/u991737198/domains/tas2023.online/public_html/lib/base.php:1871] Base->call()
Tue, 29 Apr 2025 13:29:41 +0000 [2600:1006:b06c:5414:847e:4f8c:a2b1:41f4] [/home/u991737198/domains/tas2023.online/public_html/index.php:19] Base->run()
Tue, 29 Apr 2025 13:32:48 +0000 [2600:1006:b06c:5414:847e:4f8c:a2b1:41f4] 500: Undefined variable $selected_note trace: [/home/u991737198/domains/tas2023.online/public_html/tmp/3hn69l4qoa804.3g8shy2588w00.php:385]
Tue, 29 Apr 2025 13:32:48 +0000 [2600:1006:b06c:5414:847e:4f8c:a2b1:41f4] [/home/u991737198/domains/tas2023.online/public_html/tmp/3hn69l4qoa804.3g8shy2588w00.php:385] Base->{closure}()
Tue, 29 Apr 2025 13:32:48 +0000 [2600:1006:b06c:5414:847e:4f8c:a2b1:41f4] [/home/u991737198/domains/tas2023.online/public_html/lib/base.php:3036] require('/home/u991737198/domains/tas2023.online/public_html/tmp/3hn69l4qoa804.3g8shy2588w00.php')
Tue, 29 Apr 2025 13:32:48 +0000 [2600:1006:b06c:5414:847e:4f8c:a2b1:41f4] [/home/u991737198/domains/tas2023.online/public_html/lib/base.php:3281] View->sandbox()
Tue, 29 Apr 2025 13:32:48 +0000 [2600:1006:b06c:5414:847e:4f8c:a2b1:41f4] [/home/u991737198/domains/tas2023.online/public_html/tmp/3hn69l4qoa804.3h31n1yj254w8.php:7] Preview->render()
Tue, 29 Apr 2025 13:32:48 +0000 [2600:1006:b06c:5414:847e:4f8c:a2b1:41f4] [/home/u991737198/domains/tas2023.online/public_html/lib/base.php:3036] require('/home/u991737198/domains/tas2023.online/public_html/tmp/3hn69l4qoa804.3h31n1yj254w8.php')
Tue, 29 Apr 2025 13:32:48 +0000 [2600:1006:b06c:5414:847e:4f8c:a2b1:41f4] [/home/u991737198/domains/tas2023.online/public_html/lib/base.php:3281] View->sandbox()
Tue, 29 Apr 2025 13:32:48 +0000 [2600:1006:b06c:5414:847e:4f8c:a2b1:41f4] [/home/u991737198/domains/tas2023.online/public_html/app/controllers/Controller.php:87] Preview->render()
Tue, 29 Apr 2025 13:32:48 +0000 [2600:1006:b06c:5414:847e:4f8c:a2b1:41f4] [/home/u991737198/domains/tas2023.online/public_html/lib/base.php:2078] Controller->afterroute()
Tue, 29 Apr 2025 13:32:48 +0000 [2600:1006:b06c:5414:847e:4f8c:a2b1:41f4] [/home/u991737198/domains/tas2023.online/public_html/lib/base.php:1871] Base->call()
Tue, 29 Apr 2025 13:32:48 +0000 [2600:1006:b06c:5414:847e:4f8c:a2b1:41f4] [/home/u991737198/domains/tas2023.online/public_html/index.php:19] Base->run()
Tue, 29 Apr 2025 13:32:54 +0000 [2600:1006:b06c:5414:847e:4f8c:a2b1:41f4] 500: trim(): Passing null to parameter #1 ($string) of type string is deprecated trace: [/home/u991737198/domains/tas2023.online/public_html/tmp/3hn69l4qoa804.3g8shy2588w00.php:356]
Tue, 29 Apr 2025 13:32:54 +0000 [2600:1006:b06c:5414:847e:4f8c:a2b1:41f4] [/home/u991737198/domains/tas2023.online/public_html/tmp/3hn69l4qoa804.3g8shy2588w00.php:356] trim()
Tue, 29 Apr 2025 13:32:54 +0000 [2600:1006:b06c:5414:847e:4f8c:a2b1:41f4] [/home/u991737198/domains/tas2023.online/public_html/lib/base.php:3036] require('/home/u991737198/domains/tas2023.online/public_html/tmp/3hn69l4qoa804.3g8shy2588w00.php')
Tue, 29 Apr 2025 13:32:54 +0000 [2600:1006:b06c:5414:847e:4f8c:a2b1:41f4] [/home/u991737198/domains/tas2023.online/public_html/lib/base.php:3281] View->sandbox()
Tue, 29 Apr 2025 13:32:54 +0000 [2600:1006:b06c:5414:847e:4f8c:a2b1:41f4] [/home/u991737198/domains/tas2023.online/public_html/tmp/3hn69l4qoa804.3h31n1yj254w8.php:7] Preview->render()
Tue, 29 Apr 2025 13:32:54 +0000 [2600:1006:b06c:5414:847e:4f8c:a2b1:41f4] [/home/u991737198/domains/tas2023.online/public_html/lib/base.php:3036] require('/home/u991737198/domains/tas2023.online/public_html/tmp/3hn69l4qoa804.3h31n1yj254w8.php')
Tue, 29 Apr 2025 13:32:54 +0000 [2600:1006:b06c:5414:847e:4f8c:a2b1:41f4] [/home/u991737198/domains/tas2023.online/public_html/lib/base.php:3281] View->sandbox()
Tue, 29 Apr 2025 13:32:54 +0000 [2600:1006:b06c:5414:847e:4f8c:a2b1:41f4] [/home/u991737198/domains/tas2023.online/public_html/app/controllers/Controller.php:87] Preview->render()
Tue, 29 Apr 2025 13:32:54 +0000 [2600:1006:b06c:5414:847e:4f8c:a2b1:41f4] [/home/u991737198/domains/tas2023.online/public_html/lib/base.php:2078] Controller->afterroute()
Tue, 29 Apr 2025 13:32:54 +0000 [2600:1006:b06c:5414:847e:4f8c:a2b1:41f4] [/home/u991737198/domains/tas2023.online/public_html/lib/base.php:1871] Base->call()
Tue, 29 Apr 2025 13:32:54 +0000 [2600:1006:b06c:5414:847e:4f8c:a2b1:41f4] [/home/u991737198/domains/tas2023.online/public_html/index.php:19] Base->run()
Tue, 29 Apr 2025 13:32:59 +0000 [2600:1006:b06c:5414:847e:4f8c:a2b1:41f4] 500: Undefined variable $selected_note trace: [/home/u991737198/domains/tas2023.online/public_html/tmp/3hn69l4qoa804.3g8shy2588w00.php:385]
Tue, 29 Apr 2025 13:32:59 +0000 [2600:1006:b06c:5414:847e:4f8c:a2b1:41f4] [/home/u991737198/domains/tas2023.online/public_html/tmp/3hn69l4qoa804.3g8shy2588w00.php:385] Base->{closure}()
Tue, 29 Apr 2025 13:32:59 +0000 [2600:1006:b06c:5414:847e:4f8c:a2b1:41f4] [/home/u991737198/domains/tas2023.online/public_html/lib/base.php:3036] require('/home/u991737198/domains/tas2023.online/public_html/tmp/3hn69l4qoa804.3g8shy2588w00.php')
Tue, 29 Apr 2025 13:32:59 +0000 [2600:1006:b06c:5414:847e:4f8c:a2b1:41f4] [/home/u991737198/domains/tas2023.online/public_html/lib/base.php:3281] View->sandbox()
Tue, 29 Apr 2025 13:32:59 +0000 [2600:1006:b06c:5414:847e:4f8c:a2b1:41f4] [/home/u991737198/domains/tas2023.online/public_html/tmp/3hn69l4qoa804.3h31n1yj254w8.php:7] Preview->render()
Tue, 29 Apr 2025 13:32:59 +0000 [2600:1006:b06c:5414:847e:4f8c:a2b1:41f4] [/home/u991737198/domains/tas2023.online/public_html/lib/base.php:3036] require('/home/u991737198/domains/tas2023.online/public_html/tmp/3hn69l4qoa804.3h31n1yj254w8.php')
Tue, 29 Apr 2025 13:32:59 +0000 [2600:1006:b06c:5414:847e:4f8c:a2b1:41f4] [/home/u991737198/domains/tas2023.online/public_html/lib/base.php:3281] View->sandbox()
Tue, 29 Apr 2025 13:32:59 +0000 [2600:1006:b06c:5414:847e:4f8c:a2b1:41f4] [/home/u991737198/domains/tas2023.online/public_html/app/controllers/Controller.php:87] Preview->render()
Tue, 29 Apr 2025 13:32:59 +0000 [2600:1006:b06c:5414:847e:4f8c:a2b1:41f4] [/home/u991737198/domains/tas2023.online/public_html/lib/base.php:2078] Controller->afterroute()
Tue, 29 Apr 2025 13:32:59 +0000 [2600:1006:b06c:5414:847e:4f8c:a2b1:41f4] [/home/u991737198/domains/tas2023.online/public_html/lib/base.php:1871] Base->call()
Tue, 29 Apr 2025 13:32:59 +0000 [2600:1006:b06c:5414:847e:4f8c:a2b1:41f4] [/home/u991737198/domains/tas2023.online/public_html/index.php:19] Base->run()
Tue, 29 Apr 2025 13:37:17 +0000 [2600:1006:b06c:5414:847e:4f8c:a2b1:41f4] 500: Undefined variable $selected_note trace: [/home/u991737198/domains/tas2023.online/public_html/tmp/3hn69l4qoa804.3g8shy2588w00.php:385]
Tue, 29 Apr 2025 13:37:17 +0000 [2600:1006:b06c:5414:847e:4f8c:a2b1:41f4] [/home/u991737198/domains/tas2023.online/public_html/tmp/3hn69l4qoa804.3g8shy2588w00.php:385] Base->{closure}()
Tue, 29 Apr 2025 13:37:17 +0000 [2600:1006:b06c:5414:847e:4f8c:a2b1:41f4] [/home/u991737198/domains/tas2023.online/public_html/lib/base.php:3036] require('/home/u991737198/domains/tas2023.online/public_html/tmp/3hn69l4qoa804.3g8shy2588w00.php')
Tue, 29 Apr 2025 13:37:17 +0000 [2600:1006:b06c:5414:847e:4f8c:a2b1:41f4] [/home/u991737198/domains/tas2023.online/public_html/lib/base.php:3281] View->sandbox()
Tue, 29 Apr 2025 13:37:17 +0000 [2600:1006:b06c:5414:847e:4f8c:a2b1:41f4] [/home/u991737198/domains/tas2023.online/public_html/tmp/3hn69l4qoa804.3h31n1yj254w8.php:7] Preview->render()
Tue, 29 Apr 2025 13:37:17 +0000 [2600:1006:b06c:5414:847e:4f8c:a2b1:41f4] [/home/u991737198/domains/tas2023.online/public_html/lib/base.php:3036] require('/home/u991737198/domains/tas2023.online/public_html/tmp/3hn69l4qoa804.3h31n1yj254w8.php')
Tue, 29 Apr 2025 13:37:17 +0000 [2600:1006:b06c:5414:847e:4f8c:a2b1:41f4] [/home/u991737198/domains/tas2023.online/public_html/lib/base.php:3281] View->sandbox()
Tue, 29 Apr 2025 13:37:17 +0000 [2600:1006:b06c:5414:847e:4f8c:a2b1:41f4] [/home/u991737198/domains/tas2023.online/public_html/app/controllers/Controller.php:87] Preview->render()
Tue, 29 Apr 2025 13:37:17 +0000 [2600:1006:b06c:5414:847e:4f8c:a2b1:41f4] [/home/u991737198/domains/tas2023.online/public_html/lib/base.php:2078] Controller->afterroute()
Tue, 29 Apr 2025 13:37:17 +0000 [2600:1006:b06c:5414:847e:4f8c:a2b1:41f4] [/home/u991737198/domains/tas2023.online/public_html/lib/base.php:1871] Base->call()
Tue, 29 Apr 2025 13:37:17 +0000 [2600:1006:b06c:5414:847e:4f8c:a2b1:41f4] [/home/u991737198/domains/tas2023.online/public_html/index.php:19] Base->run()
Tue, 29 Apr 2025 13:40:12 +0000 [2600:1006:b06c:5414:847e:4f8c:a2b1:41f4] 500: Undefined variable $selected_note trace: [/home/u991737198/domains/tas2023.online/public_html/tmp/3hn69l4qoa804.3g8shy2588w00.php:385]
Tue, 29 Apr 2025 13:40:12 +0000 [2600:1006:b06c:5414:847e:4f8c:a2b1:41f4] [/home/u991737198/domains/tas2023.online/public_html/tmp/3hn69l4qoa804.3g8shy2588w00.php:385] Base->{closure}()
Tue, 29 Apr 2025 13:40:12 +0000 [2600:1006:b06c:5414:847e:4f8c:a2b1:41f4] [/home/u991737198/domains/tas2023.online/public_html/lib/base.php:3036] require('/home/u991737198/domains/tas2023.online/public_html/tmp/3hn69l4qoa804.3g8shy2588w00.php')
Tue, 29 Apr 2025 13:40:12 +0000 [2600:1006:b06c:5414:847e:4f8c:a2b1:41f4] [/home/u991737198/domains/tas2023.online/public_html/lib/base.php:3281] View->sandbox()
Tue, 29 Apr 2025 13:40:12 +0000 [2600:1006:b06c:5414:847e:4f8c:a2b1:41f4] [/home/u991737198/domains/tas2023.online/public_html/tmp/3hn69l4qoa804.3h31n1yj254w8.php:7] Preview->render()
Tue, 29 Apr 2025 13:40:12 +0000 [2600:1006:b06c:5414:847e:4f8c:a2b1:41f4] [/home/u991737198/domains/tas2023.online/public_html/lib/base.php:3036] require('/home/u991737198/domains/tas2023.online/public_html/tmp/3hn69l4qoa804.3h31n1yj254w8.php')
Tue, 29 Apr 2025 13:40:12 +0000 [2600:1006:b06c:5414:847e:4f8c:a2b1:41f4] [/home/u991737198/domains/tas2023.online/public_html/lib/base.php:3281] View->sandbox()
Tue, 29 Apr 2025 13:40:12 +0000 [2600:1006:b06c:5414:847e:4f8c:a2b1:41f4] [/home/u991737198/domains/tas2023.online/public_html/app/controllers/Controller.php:87] Preview->render()
Tue, 29 Apr 2025 13:40:12 +0000 [2600:1006:b06c:5414:847e:4f8c:a2b1:41f4] [/home/u991737198/domains/tas2023.online/public_html/lib/base.php:2078] Controller->afterroute()
Tue, 29 Apr 2025 13:40:12 +0000 [2600:1006:b06c:5414:847e:4f8c:a2b1:41f4] [/home/u991737198/domains/tas2023.online/public_html/lib/base.php:1871] Base->call()
Tue, 29 Apr 2025 13:40:12 +0000 [2600:1006:b06c:5414:847e:4f8c:a2b1:41f4] [/home/u991737198/domains/tas2023.online/public_html/index.php:19] Base->run()
Tue, 29 Apr 2025 13:42:40 +0000 [2600:1006:b06c:5414:847e:4f8c:a2b1:41f4] 500: Undefined variable $selected_note trace: [/home/u991737198/domains/tas2023.online/public_html/tmp/3hn69l4qoa804.3g8shy2588w00.php:385]
Tue, 29 Apr 2025 13:42:40 +0000 [2600:1006:b06c:5414:847e:4f8c:a2b1:41f4] [/home/u991737198/domains/tas2023.online/public_html/tmp/3hn69l4qoa804.3g8shy2588w00.php:385] Base->{closure}()
Tue, 29 Apr 2025 13:42:40 +0000 [2600:1006:b06c:5414:847e:4f8c:a2b1:41f4] [/home/u991737198/domains/tas2023.online/public_html/lib/base.php:3036] require('/home/u991737198/domains/tas2023.online/public_html/tmp/3hn69l4qoa804.3g8shy2588w00.php')
Tue, 29 Apr 2025 13:42:40 +0000 [2600:1006:b06c:5414:847e:4f8c:a2b1:41f4] [/home/u991737198/domains/tas2023.online/public_html/lib/base.php:3281] View->sandbox()
Tue, 29 Apr 2025 13:42:40 +0000 [2600:1006:b06c:5414:847e:4f8c:a2b1:41f4] [/home/u991737198/domains/tas2023.online/public_html/tmp/3hn69l4qoa804.3h31n1yj254w8.php:7] Preview->render()
Tue, 29 Apr 2025 13:42:40 +0000 [2600:1006:b06c:5414:847e:4f8c:a2b1:41f4] [/home/u991737198/domains/tas2023.online/public_html/lib/base.php:3036] require('/home/u991737198/domains/tas2023.online/public_html/tmp/3hn69l4qoa804.3h31n1yj254w8.php')
Tue, 29 Apr 2025 13:42:40 +0000 [2600:1006:b06c:5414:847e:4f8c:a2b1:41f4] [/home/u991737198/domains/tas2023.online/public_html/lib/base.php:3281] View->sandbox()
Tue, 29 Apr 2025 13:42:40 +0000 [2600:1006:b06c:5414:847e:4f8c:a2b1:41f4] [/home/u991737198/domains/tas2023.online/public_html/app/controllers/Controller.php:87] Preview->render()
Tue, 29 Apr 2025 13:42:40 +0000 [2600:1006:b06c:5414:847e:4f8c:a2b1:41f4] [/home/u991737198/domains/tas2023.online/public_html/lib/base.php:2078] Controller->afterroute()
Tue, 29 Apr 2025 13:42:40 +0000 [2600:1006:b06c:5414:847e:4f8c:a2b1:41f4] [/home/u991737198/domains/tas2023.online/public_html/lib/base.php:1871] Base->call()
Tue, 29 Apr 2025 13:42:40 +0000 [2600:1006:b06c:5414:847e:4f8c:a2b1:41f4] [/home/u991737198/domains/tas2023.online/public_html/index.php:19] Base->run()
Tue, 29 Apr 2025 15:12:50 +0000 [94.198.54.51] 500: Undefined field activado trace: [lib/db/sql/mapper.php:132]
Tue, 29 Apr 2025 15:12:50 +0000 [94.198.54.51] [lib/db/sql/mapper.php:132] user_error()
Tue, 29 Apr 2025 15:12:50 +0000 [94.198.54.51] [lib/magic.php:89] DB\SQL\Mapper->get()
Tue, 29 Apr 2025 15:12:50 +0000 [94.198.54.51] [lib/magic.php:131] Magic->offsetget()
Tue, 29 Apr 2025 15:12:50 +0000 [94.198.54.51] [app/controllers/UserController.php:453] Magic->__get()
Tue, 29 Apr 2025 15:12:50 +0000 [94.198.54.51] [lib/base.php:2072] UserController->create()
Tue, 29 Apr 2025 15:12:50 +0000 [94.198.54.51] [lib/base.php:1871] Base->call()
Tue, 29 Apr 2025 15:12:50 +0000 [94.198.54.51] [index.php:19] Base->run()
Tue, 29 Apr 2025 18:21:49 +0000 [193.70.55.51] 500: strcmp(): Passing null to parameter #1 ($string1) of type string is deprecated trace: [app/controllers/UserController.php:73]
Tue, 29 Apr 2025 18:21:49 +0000 [193.70.55.51] [app/controllers/UserController.php:73] strcmp()
Tue, 29 Apr 2025 18:21:49 +0000 [193.70.55.51] [lib/base.php:2072] UserController->confirm_registration()
Tue, 29 Apr 2025 18:21:49 +0000 [193.70.55.51] [lib/base.php:1871] Base->call()
Tue, 29 Apr 2025 18:21:49 +0000 [193.70.55.51] [index.php:19] Base->run()
Tue, 29 Apr 2025 18:26:48 +0000 [2600:100a:b006:2c6c:347d:3bda:9c65:8359] 500: Undefined variable $selected_note trace: [/home/u991737198/domains/tas2023.online/public_html/tmp/3hn69l4qoa804.3g8shy2588w00.php:385]
Tue, 29 Apr 2025 18:26:48 +0000 [2600:100a:b006:2c6c:347d:3bda:9c65:8359] [/home/u991737198/domains/tas2023.online/public_html/tmp/3hn69l4qoa804.3g8shy2588w00.php:385] Base->{closure}()
Tue, 29 Apr 2025 18:26:48 +0000 [2600:100a:b006:2c6c:347d:3bda:9c65:8359] [/home/u991737198/domains/tas2023.online/public_html/lib/base.php:3036] require('/home/u991737198/domains/tas2023.online/public_html/tmp/3hn69l4qoa804.3g8shy2588w00.php')
Tue, 29 Apr 2025 18:26:48 +0000 [2600:100a:b006:2c6c:347d:3bda:9c65:8359] [/home/u991737198/domains/tas2023.online/public_html/lib/base.php:3281] View->sandbox()
Tue, 29 Apr 2025 18:26:48 +0000 [2600:100a:b006:2c6c:347d:3bda:9c65:8359] [/home/u991737198/domains/tas2023.online/public_html/tmp/3hn69l4qoa804.3h31n1yj254w8.php:7] Preview->render()
Tue, 29 Apr 2025 18:26:48 +0000 [2600:100a:b006:2c6c:347d:3bda:9c65:8359] [/home/u991737198/domains/tas2023.online/public_html/lib/base.php:3036] require('/home/u991737198/domains/tas2023.online/public_html/tmp/3hn69l4qoa804.3h31n1yj254w8.php')
Tue, 29 Apr 2025 18:26:48 +0000 [2600:100a:b006:2c6c:347d:3bda:9c65:8359] [/home/u991737198/domains/tas2023.online/public_html/lib/base.php:3281] View->sandbox()
Tue, 29 Apr 2025 18:26:48 +0000 [2600:100a:b006:2c6c:347d:3bda:9c65:8359] [/home/u991737198/domains/tas2023.online/public_html/app/controllers/Controller.php:87] Preview->render()
Tue, 29 Apr 2025 18:26:48 +0000 [2600:100a:b006:2c6c:347d:3bda:9c65:8359] [/home/u991737198/domains/tas2023.online/public_html/lib/base.php:2078] Controller->afterroute()
Tue, 29 Apr 2025 18:26:48 +0000 [2600:100a:b006:2c6c:347d:3bda:9c65:8359] [/home/u991737198/domains/tas2023.online/public_html/lib/base.php:1871] Base->call()
Tue, 29 Apr 2025 18:26:48 +0000 [2600:100a:b006:2c6c:347d:3bda:9c65:8359] [/home/u991737198/domains/tas2023.online/public_html/index.php:19] Base->run()
Tue, 29 Apr 2025 18:27:24 +0000 [2600:100a:b006:2c6c:347d:3bda:9c65:8359] 500: Undefined variable $selected_note trace: [/home/u991737198/domains/tas2023.online/public_html/tmp/3hn69l4qoa804.3g8shy2588w00.php:385]
Tue, 29 Apr 2025 18:27:24 +0000 [2600:100a:b006:2c6c:347d:3bda:9c65:8359] [/home/u991737198/domains/tas2023.online/public_html/tmp/3hn69l4qoa804.3g8shy2588w00.php:385] Base->{closure}()
Tue, 29 Apr 2025 18:27:24 +0000 [2600:100a:b006:2c6c:347d:3bda:9c65:8359] [/home/u991737198/domains/tas2023.online/public_html/lib/base.php:3036] require('/home/u991737198/domains/tas2023.online/public_html/tmp/3hn69l4qoa804.3g8shy2588w00.php')
Tue, 29 Apr 2025 18:27:24 +0000 [2600:100a:b006:2c6c:347d:3bda:9c65:8359] [/home/u991737198/domains/tas2023.online/public_html/lib/base.php:3281] View->sandbox()
Tue, 29 Apr 2025 18:27:24 +0000 [2600:100a:b006:2c6c:347d:3bda:9c65:8359] [/home/u991737198/domains/tas2023.online/public_html/tmp/3hn69l4qoa804.3h31n1yj254w8.php:7] Preview->render()
Tue, 29 Apr 2025 18:27:24 +0000 [2600:100a:b006:2c6c:347d:3bda:9c65:8359] [/home/u991737198/domains/tas2023.online/public_html/lib/base.php:3036] require('/home/u991737198/domains/tas2023.online/public_html/tmp/3hn69l4qoa804.3h31n1yj254w8.php')
Tue, 29 Apr 2025 18:27:24 +0000 [2600:100a:b006:2c6c:347d:3bda:9c65:8359] [/home/u991737198/domains/tas2023.online/public_html/lib/base.php:3281] View->sandbox()
Tue, 29 Apr 2025 18:27:24 +0000 [2600:100a:b006:2c6c:347d:3bda:9c65:8359] [/home/u991737198/domains/tas2023.online/public_html/app/controllers/Controller.php:87] Preview->render()
Tue, 29 Apr 2025 18:27:24 +0000 [2600:100a:b006:2c6c:347d:3bda:9c65:8359] [/home/u991737198/domains/tas2023.online/public_html/lib/base.php:2078] Controller->afterroute()
Tue, 29 Apr 2025 18:27:24 +0000 [2600:100a:b006:2c6c:347d:3bda:9c65:8359] [/home/u991737198/domains/tas2023.online/public_html/lib/base.php:1871] Base->call()
Tue, 29 Apr 2025 18:27:24 +0000 [2600:100a:b006:2c6c:347d:3bda:9c65:8359] [/home/u991737198/domains/tas2023.online/public_html/index.php:19] Base->run()
Tue, 29 Apr 2025 19:44:40 +0000 [2600:100a:b006:2c6c:347d:3bda:9c65:8359] 500: Undefined variable $selected_note trace: [/home/u991737198/domains/tas2023.online/public_html/tmp/3hn69l4qoa804.3g8shy2588w00.php:385]
Tue, 29 Apr 2025 19:44:40 +0000 [2600:100a:b006:2c6c:347d:3bda:9c65:8359] [/home/u991737198/domains/tas2023.online/public_html/tmp/3hn69l4qoa804.3g8shy2588w00.php:385] Base->{closure}()
Tue, 29 Apr 2025 19:44:40 +0000 [2600:100a:b006:2c6c:347d:3bda:9c65:8359] [/home/u991737198/domains/tas2023.online/public_html/lib/base.php:3036] require('/home/u991737198/domains/tas2023.online/public_html/tmp/3hn69l4qoa804.3g8shy2588w00.php')
Tue, 29 Apr 2025 19:44:40 +0000 [2600:100a:b006:2c6c:347d:3bda:9c65:8359] [/home/u991737198/domains/tas2023.online/public_html/lib/base.php:3281] View->sandbox()
Tue, 29 Apr 2025 19:44:40 +0000 [2600:100a:b006:2c6c:347d:3bda:9c65:8359] [/home/u991737198/domains/tas2023.online/public_html/tmp/3hn69l4qoa804.3h31n1yj254w8.php:7] Preview->render()
Tue, 29 Apr 2025 19:44:40 +0000 [2600:100a:b006:2c6c:347d:3bda:9c65:8359] [/home/u991737198/domains/tas2023.online/public_html/lib/base.php:3036] require('/home/u991737198/domains/tas2023.online/public_html/tmp/3hn69l4qoa804.3h31n1yj254w8.php')
Tue, 29 Apr 2025 19:44:40 +0000 [2600:100a:b006:2c6c:347d:3bda:9c65:8359] [/home/u991737198/domains/tas2023.online/public_html/lib/base.php:3281] View->sandbox()
Tue, 29 Apr 2025 19:44:40 +0000 [2600:100a:b006:2c6c:347d:3bda:9c65:8359] [/home/u991737198/domains/tas2023.online/public_html/app/controllers/Controller.php:87] Preview->render()
Tue, 29 Apr 2025 19:44:40 +0000 [2600:100a:b006:2c6c:347d:3bda:9c65:8359] [/home/u991737198/domains/tas2023.online/public_html/lib/base.php:2078] Controller->afterroute()
Tue, 29 Apr 2025 19:44:40 +0000 [2600:100a:b006:2c6c:347d:3bda:9c65:8359] [/home/u991737198/domains/tas2023.online/public_html/lib/base.php:1871] Base->call()
Tue, 29 Apr 2025 19:44:40 +0000 [2600:100a:b006:2c6c:347d:3bda:9c65:8359] [/home/u991737198/domains/tas2023.online/public_html/index.php:19] Base->run()
