Tue, 18 Feb 2025 07:52:05 -0500 [2600:1006:b053:ce29:5c18:886e:5d66:83a4] 500: Undefined variable $entity_num trace: [tmp/3hn69l4qoa804.1zo7dt0fljr4w.php:200]
Tue, 18 Feb 2025 07:52:05 -0500 [2600:1006:b053:ce29:5c18:886e:5d66:83a4] [tmp/3hn69l4qoa804.1zo7dt0fljr4w.php:200] Base->{closure}()
Tue, 18 Feb 2025 07:52:05 -0500 [2600:1006:b053:ce29:5c18:886e:5d66:83a4] [lib/base.php:3036] require('/home/u991737198/domains/tas2023.online/public_html/tmp/3hn69l4qoa804.1zo7dt0fljr4w.php')
Tue, 18 Feb 2025 07:52:05 -0500 [2600:1006:b053:ce29:5c18:886e:5d66:83a4] [lib/base.php:3281] View->sandbox()
Tue, 18 Feb 2025 07:52:05 -0500 [2600:1006:b053:ce29:5c18:886e:5d66:83a4] [tmp/3hn69l4qoa804.3h31n1yj254w8.php:7] Preview->render()
Tue, 18 Feb 2025 07:52:05 -0500 [2600:1006:b053:ce29:5c18:886e:5d66:83a4] [lib/base.php:3036] require('/home/u991737198/domains/tas2023.online/public_html/tmp/3hn69l4qoa804.3h31n1yj254w8.php')
Tue, 18 Feb 2025 07:52:05 -0500 [2600:1006:b053:ce29:5c18:886e:5d66:83a4] [lib/base.php:3281] View->sandbox()
Tue, 18 Feb 2025 07:52:05 -0500 [2600:1006:b053:ce29:5c18:886e:5d66:83a4] [app/controllers/Controller.php:87] Preview->render()
Tue, 18 Feb 2025 07:52:05 -0500 [2600:1006:b053:ce29:5c18:886e:5d66:83a4] [lib/base.php:2078] Controller->afterroute()
Tue, 18 Feb 2025 07:52:05 -0500 [2600:1006:b053:ce29:5c18:886e:5d66:83a4] [lib/base.php:1871] Base->call()
Tue, 18 Feb 2025 07:52:05 -0500 [2600:1006:b053:ce29:5c18:886e:5d66:83a4] [index.php:19] Base->run()
Tue, 18 Feb 2025 07:52:09 -0500 [2600:1006:b053:ce29:5c18:886e:5d66:83a4] 500: Undefined variable $entity_num trace: [tmp/3hn69l4qoa804.1zo7dt0fljr4w.php:200]
Tue, 18 Feb 2025 07:52:09 -0500 [2600:1006:b053:ce29:5c18:886e:5d66:83a4] [tmp/3hn69l4qoa804.1zo7dt0fljr4w.php:200] Base->{closure}()
Tue, 18 Feb 2025 07:52:09 -0500 [2600:1006:b053:ce29:5c18:886e:5d66:83a4] [lib/base.php:3036] require('/home/u991737198/domains/tas2023.online/public_html/tmp/3hn69l4qoa804.1zo7dt0fljr4w.php')
Tue, 18 Feb 2025 07:52:09 -0500 [2600:1006:b053:ce29:5c18:886e:5d66:83a4] [lib/base.php:3281] View->sandbox()
Tue, 18 Feb 2025 07:52:09 -0500 [2600:1006:b053:ce29:5c18:886e:5d66:83a4] [tmp/3hn69l4qoa804.3h31n1yj254w8.php:7] Preview->render()
Tue, 18 Feb 2025 07:52:09 -0500 [2600:1006:b053:ce29:5c18:886e:5d66:83a4] [lib/base.php:3036] require('/home/u991737198/domains/tas2023.online/public_html/tmp/3hn69l4qoa804.3h31n1yj254w8.php')
Tue, 18 Feb 2025 07:52:09 -0500 [2600:1006:b053:ce29:5c18:886e:5d66:83a4] [lib/base.php:3281] View->sandbox()
Tue, 18 Feb 2025 07:52:09 -0500 [2600:1006:b053:ce29:5c18:886e:5d66:83a4] [app/controllers/Controller.php:87] Preview->render()
Tue, 18 Feb 2025 07:52:09 -0500 [2600:1006:b053:ce29:5c18:886e:5d66:83a4] [lib/base.php:2078] Controller->afterroute()
Tue, 18 Feb 2025 07:52:09 -0500 [2600:1006:b053:ce29:5c18:886e:5d66:83a4] [lib/base.php:1871] Base->call()
Tue, 18 Feb 2025 07:52:09 -0500 [2600:1006:b053:ce29:5c18:886e:5d66:83a4] [index.php:19] Base->run()
Tue, 18 Feb 2025 07:52:15 -0500 [2600:1006:b053:ce29:5c18:886e:5d66:83a4] 500: Undefined variable $selected_note trace: [/home/u991737198/domains/tas2023.online/public_html/tmp/3hn69l4qoa804.3g8shy2588w00.php:385]
Tue, 18 Feb 2025 07:52:15 -0500 [2600:1006:b053:ce29:5c18:886e:5d66:83a4] [/home/u991737198/domains/tas2023.online/public_html/tmp/3hn69l4qoa804.3g8shy2588w00.php:385] Base->{closure}()
Tue, 18 Feb 2025 07:52:15 -0500 [2600:1006:b053:ce29:5c18:886e:5d66:83a4] [/home/u991737198/domains/tas2023.online/public_html/lib/base.php:3036] require('/home/u991737198/domains/tas2023.online/public_html/tmp/3hn69l4qoa804.3g8shy2588w00.php')
Tue, 18 Feb 2025 07:52:15 -0500 [2600:1006:b053:ce29:5c18:886e:5d66:83a4] [/home/u991737198/domains/tas2023.online/public_html/lib/base.php:3281] View->sandbox()
Tue, 18 Feb 2025 07:52:15 -0500 [2600:1006:b053:ce29:5c18:886e:5d66:83a4] [/home/u991737198/domains/tas2023.online/public_html/tmp/3hn69l4qoa804.3h31n1yj254w8.php:7] Preview->render()
Tue, 18 Feb 2025 07:52:15 -0500 [2600:1006:b053:ce29:5c18:886e:5d66:83a4] [/home/u991737198/domains/tas2023.online/public_html/lib/base.php:3036] require('/home/u991737198/domains/tas2023.online/public_html/tmp/3hn69l4qoa804.3h31n1yj254w8.php')
Tue, 18 Feb 2025 07:52:15 -0500 [2600:1006:b053:ce29:5c18:886e:5d66:83a4] [/home/u991737198/domains/tas2023.online/public_html/lib/base.php:3281] View->sandbox()
Tue, 18 Feb 2025 07:52:15 -0500 [2600:1006:b053:ce29:5c18:886e:5d66:83a4] [/home/u991737198/domains/tas2023.online/public_html/app/controllers/Controller.php:87] Preview->render()
Tue, 18 Feb 2025 07:52:15 -0500 [2600:1006:b053:ce29:5c18:886e:5d66:83a4] [/home/u991737198/domains/tas2023.online/public_html/lib/base.php:2078] Controller->afterroute()
Tue, 18 Feb 2025 07:52:15 -0500 [2600:1006:b053:ce29:5c18:886e:5d66:83a4] [/home/u991737198/domains/tas2023.online/public_html/lib/base.php:1871] Base->call()
Tue, 18 Feb 2025 07:52:15 -0500 [2600:1006:b053:ce29:5c18:886e:5d66:83a4] [/home/u991737198/domains/tas2023.online/public_html/index.php:19] Base->run()
Tue, 18 Feb 2025 07:54:04 -0500 [2600:1006:b053:ce29:5c18:886e:5d66:83a4] 500: Undefined variable $selected_note trace: [/home/u991737198/domains/tas2023.online/public_html/tmp/3hn69l4qoa804.3g8shy2588w00.php:385]
Tue, 18 Feb 2025 07:54:04 -0500 [2600:1006:b053:ce29:5c18:886e:5d66:83a4] [/home/u991737198/domains/tas2023.online/public_html/tmp/3hn69l4qoa804.3g8shy2588w00.php:385] Base->{closure}()
Tue, 18 Feb 2025 07:54:04 -0500 [2600:1006:b053:ce29:5c18:886e:5d66:83a4] [/home/u991737198/domains/tas2023.online/public_html/lib/base.php:3036] require('/home/u991737198/domains/tas2023.online/public_html/tmp/3hn69l4qoa804.3g8shy2588w00.php')
Tue, 18 Feb 2025 07:54:04 -0500 [2600:1006:b053:ce29:5c18:886e:5d66:83a4] [/home/u991737198/domains/tas2023.online/public_html/lib/base.php:3281] View->sandbox()
Tue, 18 Feb 2025 07:54:04 -0500 [2600:1006:b053:ce29:5c18:886e:5d66:83a4] [/home/u991737198/domains/tas2023.online/public_html/tmp/3hn69l4qoa804.3h31n1yj254w8.php:7] Preview->render()
Tue, 18 Feb 2025 07:54:04 -0500 [2600:1006:b053:ce29:5c18:886e:5d66:83a4] [/home/u991737198/domains/tas2023.online/public_html/lib/base.php:3036] require('/home/u991737198/domains/tas2023.online/public_html/tmp/3hn69l4qoa804.3h31n1yj254w8.php')
Tue, 18 Feb 2025 07:54:04 -0500 [2600:1006:b053:ce29:5c18:886e:5d66:83a4] [/home/u991737198/domains/tas2023.online/public_html/lib/base.php:3281] View->sandbox()
Tue, 18 Feb 2025 07:54:04 -0500 [2600:1006:b053:ce29:5c18:886e:5d66:83a4] [/home/u991737198/domains/tas2023.online/public_html/app/controllers/Controller.php:87] Preview->render()
Tue, 18 Feb 2025 07:54:04 -0500 [2600:1006:b053:ce29:5c18:886e:5d66:83a4] [/home/u991737198/domains/tas2023.online/public_html/lib/base.php:2078] Controller->afterroute()
Tue, 18 Feb 2025 07:54:04 -0500 [2600:1006:b053:ce29:5c18:886e:5d66:83a4] [/home/u991737198/domains/tas2023.online/public_html/lib/base.php:1871] Base->call()
Tue, 18 Feb 2025 07:54:04 -0500 [2600:1006:b053:ce29:5c18:886e:5d66:83a4] [/home/u991737198/domains/tas2023.online/public_html/index.php:19] Base->run()
Tue, 18 Feb 2025 07:54:45 -0500 [2600:1006:b053:ce29:5c18:886e:5d66:83a4] 500: Undefined variable $selected_note trace: [/home/u991737198/domains/tas2023.online/public_html/tmp/3hn69l4qoa804.3g8shy2588w00.php:385]
Tue, 18 Feb 2025 07:54:45 -0500 [2600:1006:b053:ce29:5c18:886e:5d66:83a4] [/home/u991737198/domains/tas2023.online/public_html/tmp/3hn69l4qoa804.3g8shy2588w00.php:385] Base->{closure}()
Tue, 18 Feb 2025 07:54:45 -0500 [2600:1006:b053:ce29:5c18:886e:5d66:83a4] [/home/u991737198/domains/tas2023.online/public_html/lib/base.php:3036] require('/home/u991737198/domains/tas2023.online/public_html/tmp/3hn69l4qoa804.3g8shy2588w00.php')
Tue, 18 Feb 2025 07:54:45 -0500 [2600:1006:b053:ce29:5c18:886e:5d66:83a4] [/home/u991737198/domains/tas2023.online/public_html/lib/base.php:3281] View->sandbox()
Tue, 18 Feb 2025 07:54:45 -0500 [2600:1006:b053:ce29:5c18:886e:5d66:83a4] [/home/u991737198/domains/tas2023.online/public_html/tmp/3hn69l4qoa804.3h31n1yj254w8.php:7] Preview->render()
Tue, 18 Feb 2025 07:54:45 -0500 [2600:1006:b053:ce29:5c18:886e:5d66:83a4] [/home/u991737198/domains/tas2023.online/public_html/lib/base.php:3036] require('/home/u991737198/domains/tas2023.online/public_html/tmp/3hn69l4qoa804.3h31n1yj254w8.php')
Tue, 18 Feb 2025 07:54:45 -0500 [2600:1006:b053:ce29:5c18:886e:5d66:83a4] [/home/u991737198/domains/tas2023.online/public_html/lib/base.php:3281] View->sandbox()
Tue, 18 Feb 2025 07:54:45 -0500 [2600:1006:b053:ce29:5c18:886e:5d66:83a4] [/home/u991737198/domains/tas2023.online/public_html/app/controllers/Controller.php:87] Preview->render()
Tue, 18 Feb 2025 07:54:45 -0500 [2600:1006:b053:ce29:5c18:886e:5d66:83a4] [/home/u991737198/domains/tas2023.online/public_html/lib/base.php:2078] Controller->afterroute()
Tue, 18 Feb 2025 07:54:45 -0500 [2600:1006:b053:ce29:5c18:886e:5d66:83a4] [/home/u991737198/domains/tas2023.online/public_html/lib/base.php:1871] Base->call()
Tue, 18 Feb 2025 07:54:45 -0500 [2600:1006:b053:ce29:5c18:886e:5d66:83a4] [/home/u991737198/domains/tas2023.online/public_html/index.php:19] Base->run()
Tue, 18 Feb 2025 08:05:42 -0500 [2600:1006:b053:ce29:5c18:886e:5d66:83a4] 500: Undefined variable $selected_note trace: [/home/u991737198/domains/tas2023.online/public_html/tmp/3hn69l4qoa804.3g8shy2588w00.php:385]
Tue, 18 Feb 2025 08:05:42 -0500 [2600:1006:b053:ce29:5c18:886e:5d66:83a4] [/home/u991737198/domains/tas2023.online/public_html/tmp/3hn69l4qoa804.3g8shy2588w00.php:385] Base->{closure}()
Tue, 18 Feb 2025 08:05:42 -0500 [2600:1006:b053:ce29:5c18:886e:5d66:83a4] [/home/u991737198/domains/tas2023.online/public_html/lib/base.php:3036] require('/home/u991737198/domains/tas2023.online/public_html/tmp/3hn69l4qoa804.3g8shy2588w00.php')
Tue, 18 Feb 2025 08:05:42 -0500 [2600:1006:b053:ce29:5c18:886e:5d66:83a4] [/home/u991737198/domains/tas2023.online/public_html/lib/base.php:3281] View->sandbox()
Tue, 18 Feb 2025 08:05:42 -0500 [2600:1006:b053:ce29:5c18:886e:5d66:83a4] [/home/u991737198/domains/tas2023.online/public_html/tmp/3hn69l4qoa804.3h31n1yj254w8.php:7] Preview->render()
Tue, 18 Feb 2025 08:05:42 -0500 [2600:1006:b053:ce29:5c18:886e:5d66:83a4] [/home/u991737198/domains/tas2023.online/public_html/lib/base.php:3036] require('/home/u991737198/domains/tas2023.online/public_html/tmp/3hn69l4qoa804.3h31n1yj254w8.php')
Tue, 18 Feb 2025 08:05:42 -0500 [2600:1006:b053:ce29:5c18:886e:5d66:83a4] [/home/u991737198/domains/tas2023.online/public_html/lib/base.php:3281] View->sandbox()
Tue, 18 Feb 2025 08:05:42 -0500 [2600:1006:b053:ce29:5c18:886e:5d66:83a4] [/home/u991737198/domains/tas2023.online/public_html/app/controllers/Controller.php:87] Preview->render()
Tue, 18 Feb 2025 08:05:42 -0500 [2600:1006:b053:ce29:5c18:886e:5d66:83a4] [/home/u991737198/domains/tas2023.online/public_html/lib/base.php:2078] Controller->afterroute()
Tue, 18 Feb 2025 08:05:42 -0500 [2600:1006:b053:ce29:5c18:886e:5d66:83a4] [/home/u991737198/domains/tas2023.online/public_html/lib/base.php:1871] Base->call()
Tue, 18 Feb 2025 08:05:42 -0500 [2600:1006:b053:ce29:5c18:886e:5d66:83a4] [/home/u991737198/domains/tas2023.online/public_html/index.php:19] Base->run()
Tue, 18 Feb 2025 08:06:35 -0500 [2600:1006:b053:ce29:5c18:886e:5d66:83a4] 500: Undefined variable $selected_note trace: [/home/u991737198/domains/tas2023.online/public_html/tmp/3hn69l4qoa804.3g8shy2588w00.php:385]
Tue, 18 Feb 2025 08:06:35 -0500 [2600:1006:b053:ce29:5c18:886e:5d66:83a4] [/home/u991737198/domains/tas2023.online/public_html/tmp/3hn69l4qoa804.3g8shy2588w00.php:385] Base->{closure}()
Tue, 18 Feb 2025 08:06:35 -0500 [2600:1006:b053:ce29:5c18:886e:5d66:83a4] [/home/u991737198/domains/tas2023.online/public_html/lib/base.php:3036] require('/home/u991737198/domains/tas2023.online/public_html/tmp/3hn69l4qoa804.3g8shy2588w00.php')
Tue, 18 Feb 2025 08:06:35 -0500 [2600:1006:b053:ce29:5c18:886e:5d66:83a4] [/home/u991737198/domains/tas2023.online/public_html/lib/base.php:3281] View->sandbox()
Tue, 18 Feb 2025 08:06:35 -0500 [2600:1006:b053:ce29:5c18:886e:5d66:83a4] [/home/u991737198/domains/tas2023.online/public_html/tmp/3hn69l4qoa804.3h31n1yj254w8.php:7] Preview->render()
Tue, 18 Feb 2025 08:06:35 -0500 [2600:1006:b053:ce29:5c18:886e:5d66:83a4] [/home/u991737198/domains/tas2023.online/public_html/lib/base.php:3036] require('/home/u991737198/domains/tas2023.online/public_html/tmp/3hn69l4qoa804.3h31n1yj254w8.php')
Tue, 18 Feb 2025 08:06:35 -0500 [2600:1006:b053:ce29:5c18:886e:5d66:83a4] [/home/u991737198/domains/tas2023.online/public_html/lib/base.php:3281] View->sandbox()
Tue, 18 Feb 2025 08:06:35 -0500 [2600:1006:b053:ce29:5c18:886e:5d66:83a4] [/home/u991737198/domains/tas2023.online/public_html/app/controllers/Controller.php:87] Preview->render()
Tue, 18 Feb 2025 08:06:35 -0500 [2600:1006:b053:ce29:5c18:886e:5d66:83a4] [/home/u991737198/domains/tas2023.online/public_html/lib/base.php:2078] Controller->afterroute()
Tue, 18 Feb 2025 08:06:35 -0500 [2600:1006:b053:ce29:5c18:886e:5d66:83a4] [/home/u991737198/domains/tas2023.online/public_html/lib/base.php:1871] Base->call()
Tue, 18 Feb 2025 08:06:35 -0500 [2600:1006:b053:ce29:5c18:886e:5d66:83a4] [/home/u991737198/domains/tas2023.online/public_html/index.php:19] Base->run()
Tue, 18 Feb 2025 08:42:11 -0500 [2600:1006:b053:ce29:5c18:886e:5d66:83a4] 500: Undefined variable $selected_note trace: [/home/u991737198/domains/tas2023.online/public_html/tmp/3hn69l4qoa804.3g8shy2588w00.php:385]
Tue, 18 Feb 2025 08:42:11 -0500 [2600:1006:b053:ce29:5c18:886e:5d66:83a4] [/home/u991737198/domains/tas2023.online/public_html/tmp/3hn69l4qoa804.3g8shy2588w00.php:385] Base->{closure}()
Tue, 18 Feb 2025 08:42:11 -0500 [2600:1006:b053:ce29:5c18:886e:5d66:83a4] [/home/u991737198/domains/tas2023.online/public_html/lib/base.php:3036] require('/home/u991737198/domains/tas2023.online/public_html/tmp/3hn69l4qoa804.3g8shy2588w00.php')
Tue, 18 Feb 2025 08:42:11 -0500 [2600:1006:b053:ce29:5c18:886e:5d66:83a4] [/home/u991737198/domains/tas2023.online/public_html/lib/base.php:3281] View->sandbox()
Tue, 18 Feb 2025 08:42:11 -0500 [2600:1006:b053:ce29:5c18:886e:5d66:83a4] [/home/u991737198/domains/tas2023.online/public_html/tmp/3hn69l4qoa804.3h31n1yj254w8.php:7] Preview->render()
Tue, 18 Feb 2025 08:42:11 -0500 [2600:1006:b053:ce29:5c18:886e:5d66:83a4] [/home/u991737198/domains/tas2023.online/public_html/lib/base.php:3036] require('/home/u991737198/domains/tas2023.online/public_html/tmp/3hn69l4qoa804.3h31n1yj254w8.php')
Tue, 18 Feb 2025 08:42:11 -0500 [2600:1006:b053:ce29:5c18:886e:5d66:83a4] [/home/u991737198/domains/tas2023.online/public_html/lib/base.php:3281] View->sandbox()
Tue, 18 Feb 2025 08:42:11 -0500 [2600:1006:b053:ce29:5c18:886e:5d66:83a4] [/home/u991737198/domains/tas2023.online/public_html/app/controllers/Controller.php:87] Preview->render()
Tue, 18 Feb 2025 08:42:11 -0500 [2600:1006:b053:ce29:5c18:886e:5d66:83a4] [/home/u991737198/domains/tas2023.online/public_html/lib/base.php:2078] Controller->afterroute()
Tue, 18 Feb 2025 08:42:11 -0500 [2600:1006:b053:ce29:5c18:886e:5d66:83a4] [/home/u991737198/domains/tas2023.online/public_html/lib/base.php:1871] Base->call()
Tue, 18 Feb 2025 08:42:11 -0500 [2600:1006:b053:ce29:5c18:886e:5d66:83a4] [/home/u991737198/domains/tas2023.online/public_html/index.php:19] Base->run()
Tue, 18 Feb 2025 08:42:59 -0500 [2600:1006:b053:ce29:5c18:886e:5d66:83a4] 500: Undefined variable $selected_note trace: [/home/u991737198/domains/tas2023.online/public_html/tmp/3hn69l4qoa804.3g8shy2588w00.php:385]
Tue, 18 Feb 2025 08:42:59 -0500 [2600:1006:b053:ce29:5c18:886e:5d66:83a4] [/home/u991737198/domains/tas2023.online/public_html/tmp/3hn69l4qoa804.3g8shy2588w00.php:385] Base->{closure}()
Tue, 18 Feb 2025 08:42:59 -0500 [2600:1006:b053:ce29:5c18:886e:5d66:83a4] [/home/u991737198/domains/tas2023.online/public_html/lib/base.php:3036] require('/home/u991737198/domains/tas2023.online/public_html/tmp/3hn69l4qoa804.3g8shy2588w00.php')
Tue, 18 Feb 2025 08:42:59 -0500 [2600:1006:b053:ce29:5c18:886e:5d66:83a4] [/home/u991737198/domains/tas2023.online/public_html/lib/base.php:3281] View->sandbox()
Tue, 18 Feb 2025 08:42:59 -0500 [2600:1006:b053:ce29:5c18:886e:5d66:83a4] [/home/u991737198/domains/tas2023.online/public_html/tmp/3hn69l4qoa804.3h31n1yj254w8.php:7] Preview->render()
Tue, 18 Feb 2025 08:42:59 -0500 [2600:1006:b053:ce29:5c18:886e:5d66:83a4] [/home/u991737198/domains/tas2023.online/public_html/lib/base.php:3036] require('/home/u991737198/domains/tas2023.online/public_html/tmp/3hn69l4qoa804.3h31n1yj254w8.php')
Tue, 18 Feb 2025 08:42:59 -0500 [2600:1006:b053:ce29:5c18:886e:5d66:83a4] [/home/u991737198/domains/tas2023.online/public_html/lib/base.php:3281] View->sandbox()
Tue, 18 Feb 2025 08:42:59 -0500 [2600:1006:b053:ce29:5c18:886e:5d66:83a4] [/home/u991737198/domains/tas2023.online/public_html/app/controllers/Controller.php:87] Preview->render()
Tue, 18 Feb 2025 08:42:59 -0500 [2600:1006:b053:ce29:5c18:886e:5d66:83a4] [/home/u991737198/domains/tas2023.online/public_html/lib/base.php:2078] Controller->afterroute()
Tue, 18 Feb 2025 08:42:59 -0500 [2600:1006:b053:ce29:5c18:886e:5d66:83a4] [/home/u991737198/domains/tas2023.online/public_html/lib/base.php:1871] Base->call()
Tue, 18 Feb 2025 08:42:59 -0500 [2600:1006:b053:ce29:5c18:886e:5d66:83a4] [/home/u991737198/domains/tas2023.online/public_html/index.php:19] Base->run()
Tue, 18 Feb 2025 10:16:26 -0500 [2600:1006:b053:ce29:5c18:886e:5d66:83a4] 500: Undefined variable $selected_note trace: [/home/u991737198/domains/tas2023.online/public_html/tmp/3hn69l4qoa804.3g8shy2588w00.php:385]
Tue, 18 Feb 2025 10:16:26 -0500 [2600:1006:b053:ce29:5c18:886e:5d66:83a4] [/home/u991737198/domains/tas2023.online/public_html/tmp/3hn69l4qoa804.3g8shy2588w00.php:385] Base->{closure}()
Tue, 18 Feb 2025 10:16:26 -0500 [2600:1006:b053:ce29:5c18:886e:5d66:83a4] [/home/u991737198/domains/tas2023.online/public_html/lib/base.php:3036] require('/home/u991737198/domains/tas2023.online/public_html/tmp/3hn69l4qoa804.3g8shy2588w00.php')
Tue, 18 Feb 2025 10:16:26 -0500 [2600:1006:b053:ce29:5c18:886e:5d66:83a4] [/home/u991737198/domains/tas2023.online/public_html/lib/base.php:3281] View->sandbox()
Tue, 18 Feb 2025 10:16:26 -0500 [2600:1006:b053:ce29:5c18:886e:5d66:83a4] [/home/u991737198/domains/tas2023.online/public_html/tmp/3hn69l4qoa804.3h31n1yj254w8.php:7] Preview->render()
Tue, 18 Feb 2025 10:16:26 -0500 [2600:1006:b053:ce29:5c18:886e:5d66:83a4] [/home/u991737198/domains/tas2023.online/public_html/lib/base.php:3036] require('/home/u991737198/domains/tas2023.online/public_html/tmp/3hn69l4qoa804.3h31n1yj254w8.php')
Tue, 18 Feb 2025 10:16:26 -0500 [2600:1006:b053:ce29:5c18:886e:5d66:83a4] [/home/u991737198/domains/tas2023.online/public_html/lib/base.php:3281] View->sandbox()
Tue, 18 Feb 2025 10:16:26 -0500 [2600:1006:b053:ce29:5c18:886e:5d66:83a4] [/home/u991737198/domains/tas2023.online/public_html/app/controllers/Controller.php:87] Preview->render()
Tue, 18 Feb 2025 10:16:26 -0500 [2600:1006:b053:ce29:5c18:886e:5d66:83a4] [/home/u991737198/domains/tas2023.online/public_html/lib/base.php:2078] Controller->afterroute()
Tue, 18 Feb 2025 10:16:26 -0500 [2600:1006:b053:ce29:5c18:886e:5d66:83a4] [/home/u991737198/domains/tas2023.online/public_html/lib/base.php:1871] Base->call()
Tue, 18 Feb 2025 10:16:26 -0500 [2600:1006:b053:ce29:5c18:886e:5d66:83a4] [/home/u991737198/domains/tas2023.online/public_html/index.php:19] Base->run()
Tue, 18 Feb 2025 17:30:47 -0500 [2600:1006:b053:ce29:2105:8536:3364:ecbe] 401: HTTP 401 (GET /task/taskData) trace: [/home/u991737198/domains/tas2023.online/public_html/lib/access.php:112] Base->error()
Tue, 18 Feb 2025 17:30:47 -0500 [2600:1006:b053:ce29:2105:8536:3364:ecbe] 401: HTTP 401 (GET /task/taskDistribution) trace: [/home/u991737198/domains/tas2023.online/public_html/lib/access.php:112] Base->error()
Tue, 18 Feb 2025 17:30:47 -0500 [2600:1006:b053:ce29:2105:8536:3364:ecbe] [/home/u991737198/domains/tas2023.online/public_html/app/controllers/Controller.php:78] Access->authorize()
Tue, 18 Feb 2025 17:30:47 -0500 [2600:1006:b053:ce29:2105:8536:3364:ecbe] [/home/u991737198/domains/tas2023.online/public_html/lib/base.php:2069] Controller->beforeroute()
Tue, 18 Feb 2025 17:30:47 -0500 [2600:1006:b053:ce29:2105:8536:3364:ecbe] [/home/u991737198/domains/tas2023.online/public_html/app/controllers/Controller.php:78] Access->authorize()
Tue, 18 Feb 2025 17:30:47 -0500 [2600:1006:b053:ce29:2105:8536:3364:ecbe] [/home/u991737198/domains/tas2023.online/public_html/lib/base.php:1871] Base->call()
Tue, 18 Feb 2025 17:30:47 -0500 [2600:1006:b053:ce29:2105:8536:3364:ecbe] [/home/u991737198/domains/tas2023.online/public_html/lib/base.php:2069] Controller->beforeroute()
Tue, 18 Feb 2025 17:30:47 -0500 [2600:1006:b053:ce29:2105:8536:3364:ecbe] [/home/u991737198/domains/tas2023.online/public_html/index.php:19] Base->run()
Tue, 18 Feb 2025 17:30:47 -0500 [2600:1006:b053:ce29:2105:8536:3364:ecbe] [/home/u991737198/domains/tas2023.online/public_html/lib/base.php:1871] Base->call()
Tue, 18 Feb 2025 17:30:47 -0500 [2600:1006:b053:ce29:2105:8536:3364:ecbe] [/home/u991737198/domains/tas2023.online/public_html/index.php:19] Base->run()
Tue, 18 Feb 2025 17:30:47 -0500 [2600:1006:b053:ce29:2105:8536:3364:ecbe] 401: HTTP 401 (GET /task/teamProductivity) trace: [/home/u991737198/domains/tas2023.online/public_html/lib/access.php:112] Base->error()
Tue, 18 Feb 2025 17:30:47 -0500 [2600:1006:b053:ce29:2105:8536:3364:ecbe] [/home/u991737198/domains/tas2023.online/public_html/app/controllers/Controller.php:78] Access->authorize()
Tue, 18 Feb 2025 17:30:47 -0500 [2600:1006:b053:ce29:2105:8536:3364:ecbe] [/home/u991737198/domains/tas2023.online/public_html/lib/base.php:2069] Controller->beforeroute()
Tue, 18 Feb 2025 17:30:47 -0500 [2600:1006:b053:ce29:2105:8536:3364:ecbe] [/home/u991737198/domains/tas2023.online/public_html/lib/base.php:1871] Base->call()
Tue, 18 Feb 2025 17:30:47 -0500 [2600:1006:b053:ce29:2105:8536:3364:ecbe] [/home/u991737198/domains/tas2023.online/public_html/index.php:19] Base->run()
Tue, 18 Feb 2025 17:31:56 -0500 [2600:1006:b053:ce29:2105:8536:3364:ecbe] 500: Undefined variable $selected_note trace: [/home/u991737198/domains/tas2023.online/public_html/tmp/3hn69l4qoa804.3g8shy2588w00.php:385]
Tue, 18 Feb 2025 17:31:56 -0500 [2600:1006:b053:ce29:2105:8536:3364:ecbe] [/home/u991737198/domains/tas2023.online/public_html/tmp/3hn69l4qoa804.3g8shy2588w00.php:385] Base->{closure}()
Tue, 18 Feb 2025 17:31:56 -0500 [2600:1006:b053:ce29:2105:8536:3364:ecbe] [/home/u991737198/domains/tas2023.online/public_html/lib/base.php:3036] require('/home/u991737198/domains/tas2023.online/public_html/tmp/3hn69l4qoa804.3g8shy2588w00.php')
Tue, 18 Feb 2025 17:31:56 -0500 [2600:1006:b053:ce29:2105:8536:3364:ecbe] [/home/u991737198/domains/tas2023.online/public_html/lib/base.php:3281] View->sandbox()
Tue, 18 Feb 2025 17:31:56 -0500 [2600:1006:b053:ce29:2105:8536:3364:ecbe] [/home/u991737198/domains/tas2023.online/public_html/tmp/3hn69l4qoa804.3h31n1yj254w8.php:7] Preview->render()
Tue, 18 Feb 2025 17:31:56 -0500 [2600:1006:b053:ce29:2105:8536:3364:ecbe] [/home/u991737198/domains/tas2023.online/public_html/lib/base.php:3036] require('/home/u991737198/domains/tas2023.online/public_html/tmp/3hn69l4qoa804.3h31n1yj254w8.php')
Tue, 18 Feb 2025 17:31:56 -0500 [2600:1006:b053:ce29:2105:8536:3364:ecbe] [/home/u991737198/domains/tas2023.online/public_html/lib/base.php:3281] View->sandbox()
Tue, 18 Feb 2025 17:31:56 -0500 [2600:1006:b053:ce29:2105:8536:3364:ecbe] [/home/u991737198/domains/tas2023.online/public_html/app/controllers/Controller.php:87] Preview->render()
Tue, 18 Feb 2025 17:31:56 -0500 [2600:1006:b053:ce29:2105:8536:3364:ecbe] [/home/u991737198/domains/tas2023.online/public_html/lib/base.php:2078] Controller->afterroute()
Tue, 18 Feb 2025 17:31:56 -0500 [2600:1006:b053:ce29:2105:8536:3364:ecbe] [/home/u991737198/domains/tas2023.online/public_html/lib/base.php:1871] Base->call()
Tue, 18 Feb 2025 17:31:56 -0500 [2600:1006:b053:ce29:2105:8536:3364:ecbe] [/home/u991737198/domains/tas2023.online/public_html/index.php:19] Base->run()
Tue, 18 Feb 2025 17:32:04 -0500 [2600:1006:b053:ce29:2105:8536:3364:ecbe] 500: trim(): Passing null to parameter #1 ($string) of type string is deprecated trace: [/home/u991737198/domains/tas2023.online/public_html/tmp/3hn69l4qoa804.3g8shy2588w00.php:356]
Tue, 18 Feb 2025 17:32:04 -0500 [2600:1006:b053:ce29:2105:8536:3364:ecbe] [/home/u991737198/domains/tas2023.online/public_html/tmp/3hn69l4qoa804.3g8shy2588w00.php:356] trim()
Tue, 18 Feb 2025 17:32:04 -0500 [2600:1006:b053:ce29:2105:8536:3364:ecbe] [/home/u991737198/domains/tas2023.online/public_html/lib/base.php:3036] require('/home/u991737198/domains/tas2023.online/public_html/tmp/3hn69l4qoa804.3g8shy2588w00.php')
Tue, 18 Feb 2025 17:32:04 -0500 [2600:1006:b053:ce29:2105:8536:3364:ecbe] [/home/u991737198/domains/tas2023.online/public_html/lib/base.php:3281] View->sandbox()
Tue, 18 Feb 2025 17:32:04 -0500 [2600:1006:b053:ce29:2105:8536:3364:ecbe] [/home/u991737198/domains/tas2023.online/public_html/tmp/3hn69l4qoa804.3h31n1yj254w8.php:7] Preview->render()
Tue, 18 Feb 2025 17:32:04 -0500 [2600:1006:b053:ce29:2105:8536:3364:ecbe] [/home/u991737198/domains/tas2023.online/public_html/lib/base.php:3036] require('/home/u991737198/domains/tas2023.online/public_html/tmp/3hn69l4qoa804.3h31n1yj254w8.php')
Tue, 18 Feb 2025 17:32:04 -0500 [2600:1006:b053:ce29:2105:8536:3364:ecbe] [/home/u991737198/domains/tas2023.online/public_html/lib/base.php:3281] View->sandbox()
Tue, 18 Feb 2025 17:32:04 -0500 [2600:1006:b053:ce29:2105:8536:3364:ecbe] [/home/u991737198/domains/tas2023.online/public_html/app/controllers/Controller.php:87] Preview->render()
Tue, 18 Feb 2025 17:32:04 -0500 [2600:1006:b053:ce29:2105:8536:3364:ecbe] [/home/u991737198/domains/tas2023.online/public_html/lib/base.php:2078] Controller->afterroute()
Tue, 18 Feb 2025 17:32:04 -0500 [2600:1006:b053:ce29:2105:8536:3364:ecbe] [/home/u991737198/domains/tas2023.online/public_html/lib/base.php:1871] Base->call()
Tue, 18 Feb 2025 17:32:04 -0500 [2600:1006:b053:ce29:2105:8536:3364:ecbe] [/home/u991737198/domains/tas2023.online/public_html/index.php:19] Base->run()
Tue, 18 Feb 2025 17:33:20 -0500 [2600:1006:b053:ce29:2105:8536:3364:ecbe] 500: Undefined variable $count trace: [tmp/3hn69l4qoa804.man4oes5p0l2.php:137]
Tue, 18 Feb 2025 17:33:20 -0500 [2600:1006:b053:ce29:2105:8536:3364:ecbe] [tmp/3hn69l4qoa804.man4oes5p0l2.php:137] Base->{closure}()
Tue, 18 Feb 2025 17:33:20 -0500 [2600:1006:b053:ce29:2105:8536:3364:ecbe] [lib/base.php:3036] require('/home/u991737198/domains/tas2023.online/public_html/tmp/3hn69l4qoa804.man4oes5p0l2.php')
Tue, 18 Feb 2025 17:33:20 -0500 [2600:1006:b053:ce29:2105:8536:3364:ecbe] [lib/base.php:3281] View->sandbox()
Tue, 18 Feb 2025 17:33:20 -0500 [2600:1006:b053:ce29:2105:8536:3364:ecbe] [tmp/3hn69l4qoa804.3h31n1yj254w8.php:7] Preview->render()
Tue, 18 Feb 2025 17:33:20 -0500 [2600:1006:b053:ce29:2105:8536:3364:ecbe] [lib/base.php:3036] require('/home/u991737198/domains/tas2023.online/public_html/tmp/3hn69l4qoa804.3h31n1yj254w8.php')
Tue, 18 Feb 2025 17:33:20 -0500 [2600:1006:b053:ce29:2105:8536:3364:ecbe] [lib/base.php:3281] View->sandbox()
Tue, 18 Feb 2025 17:33:20 -0500 [2600:1006:b053:ce29:2105:8536:3364:ecbe] [app/controllers/Controller.php:87] Preview->render()
Tue, 18 Feb 2025 17:33:20 -0500 [2600:1006:b053:ce29:2105:8536:3364:ecbe] [lib/base.php:2078] Controller->afterroute()
Tue, 18 Feb 2025 17:33:20 -0500 [2600:1006:b053:ce29:2105:8536:3364:ecbe] [lib/base.php:1871] Base->call()
Tue, 18 Feb 2025 17:33:20 -0500 [2600:1006:b053:ce29:2105:8536:3364:ecbe] [index.php:19] Base->run()
Tue, 18 Feb 2025 17:36:08 -0500 [2600:1006:b053:ce29:2105:8536:3364:ecbe] 500: Undefined variable $selected_note trace: [/home/u991737198/domains/tas2023.online/public_html/tmp/3hn69l4qoa804.3g8shy2588w00.php:385]
Tue, 18 Feb 2025 17:36:08 -0500 [2600:1006:b053:ce29:2105:8536:3364:ecbe] [/home/u991737198/domains/tas2023.online/public_html/tmp/3hn69l4qoa804.3g8shy2588w00.php:385] Base->{closure}()
Tue, 18 Feb 2025 17:36:08 -0500 [2600:1006:b053:ce29:2105:8536:3364:ecbe] [/home/u991737198/domains/tas2023.online/public_html/lib/base.php:3036] require('/home/u991737198/domains/tas2023.online/public_html/tmp/3hn69l4qoa804.3g8shy2588w00.php')
Tue, 18 Feb 2025 17:36:08 -0500 [2600:1006:b053:ce29:2105:8536:3364:ecbe] [/home/u991737198/domains/tas2023.online/public_html/lib/base.php:3281] View->sandbox()
Tue, 18 Feb 2025 17:36:08 -0500 [2600:1006:b053:ce29:2105:8536:3364:ecbe] [/home/u991737198/domains/tas2023.online/public_html/tmp/3hn69l4qoa804.3h31n1yj254w8.php:7] Preview->render()
Tue, 18 Feb 2025 17:36:08 -0500 [2600:1006:b053:ce29:2105:8536:3364:ecbe] [/home/u991737198/domains/tas2023.online/public_html/lib/base.php:3036] require('/home/u991737198/domains/tas2023.online/public_html/tmp/3hn69l4qoa804.3h31n1yj254w8.php')
Tue, 18 Feb 2025 17:36:08 -0500 [2600:1006:b053:ce29:2105:8536:3364:ecbe] [/home/u991737198/domains/tas2023.online/public_html/lib/base.php:3281] View->sandbox()
Tue, 18 Feb 2025 17:36:08 -0500 [2600:1006:b053:ce29:2105:8536:3364:ecbe] [/home/u991737198/domains/tas2023.online/public_html/app/controllers/Controller.php:87] Preview->render()
Tue, 18 Feb 2025 17:36:08 -0500 [2600:1006:b053:ce29:2105:8536:3364:ecbe] [/home/u991737198/domains/tas2023.online/public_html/lib/base.php:2078] Controller->afterroute()
Tue, 18 Feb 2025 17:36:08 -0500 [2600:1006:b053:ce29:2105:8536:3364:ecbe] [/home/u991737198/domains/tas2023.online/public_html/lib/base.php:1871] Base->call()
Tue, 18 Feb 2025 17:36:08 -0500 [2600:1006:b053:ce29:2105:8536:3364:ecbe] [/home/u991737198/domains/tas2023.online/public_html/index.php:19] Base->run()
