Fri, 14 Mar 2025 13:07:09 +0000 [2600:1006:b06c:75a6:cd87:a1f5:2e66:a7ab] 401: HTTP 401 (GET /task/taskData) trace: [/home/u991737198/domains/tas2023.online/public_html/lib/access.php:112] Base->error()
Fri, 14 Mar 2025 13:07:09 +0000 [2600:1006:b06c:75a6:cd87:a1f5:2e66:a7ab] 401: HTTP 401 (GET /task/taskDistribution) trace: [/home/u991737198/domains/tas2023.online/public_html/lib/access.php:112] Base->error()
Fri, 14 Mar 2025 13:07:09 +0000 [2600:1006:b06c:75a6:cd87:a1f5:2e66:a7ab] [/home/u991737198/domains/tas2023.online/public_html/app/controllers/Controller.php:78] Access->authorize()
Fri, 14 Mar 2025 13:07:09 +0000 [2600:1006:b06c:75a6:cd87:a1f5:2e66:a7ab] [/home/u991737198/domains/tas2023.online/public_html/app/controllers/Controller.php:78] Access->authorize()
Fri, 14 Mar 2025 13:07:09 +0000 [2600:1006:b06c:75a6:cd87:a1f5:2e66:a7ab] 401: HTTP 401 (GET /task/userNotesCount) trace: [/home/u991737198/domains/tas2023.online/public_html/lib/access.php:112] Base->error()
Fri, 14 Mar 2025 13:07:09 +0000 [2600:1006:b06c:75a6:cd87:a1f5:2e66:a7ab] 401: HTTP 401 (GET /task/teamProductivity) trace: [/home/u991737198/domains/tas2023.online/public_html/lib/access.php:112] Base->error()
Fri, 14 Mar 2025 13:07:09 +0000 [2600:1006:b06c:75a6:cd87:a1f5:2e66:a7ab] [/home/u991737198/domains/tas2023.online/public_html/lib/base.php:2069] Controller->beforeroute()
Fri, 14 Mar 2025 13:07:09 +0000 [2600:1006:b06c:75a6:cd87:a1f5:2e66:a7ab] [/home/u991737198/domains/tas2023.online/public_html/lib/base.php:2069] Controller->beforeroute()
Fri, 14 Mar 2025 13:07:09 +0000 [2600:1006:b06c:75a6:cd87:a1f5:2e66:a7ab] [/home/u991737198/domains/tas2023.online/public_html/app/controllers/Controller.php:78] Access->authorize()
Fri, 14 Mar 2025 13:07:09 +0000 [2600:1006:b06c:75a6:cd87:a1f5:2e66:a7ab] [/home/u991737198/domains/tas2023.online/public_html/lib/base.php:1871] Base->call()
Fri, 14 Mar 2025 13:07:09 +0000 [2600:1006:b06c:75a6:cd87:a1f5:2e66:a7ab] [/home/u991737198/domains/tas2023.online/public_html/lib/base.php:1871] Base->call()
Fri, 14 Mar 2025 13:07:09 +0000 [2600:1006:b06c:75a6:cd87:a1f5:2e66:a7ab] [/home/u991737198/domains/tas2023.online/public_html/lib/base.php:2069] Controller->beforeroute()
Fri, 14 Mar 2025 13:07:09 +0000 [2600:1006:b06c:75a6:cd87:a1f5:2e66:a7ab] [/home/u991737198/domains/tas2023.online/public_html/app/controllers/Controller.php:78] Access->authorize()
Fri, 14 Mar 2025 13:07:09 +0000 [2600:1006:b06c:75a6:cd87:a1f5:2e66:a7ab] [/home/u991737198/domains/tas2023.online/public_html/index.php:19] Base->run()
Fri, 14 Mar 2025 13:07:09 +0000 [2600:1006:b06c:75a6:cd87:a1f5:2e66:a7ab] [/home/u991737198/domains/tas2023.online/public_html/index.php:19] Base->run()
Fri, 14 Mar 2025 13:07:09 +0000 [2600:1006:b06c:75a6:cd87:a1f5:2e66:a7ab] [/home/u991737198/domains/tas2023.online/public_html/lib/base.php:1871] Base->call()
Fri, 14 Mar 2025 13:07:09 +0000 [2600:1006:b06c:75a6:cd87:a1f5:2e66:a7ab] [/home/u991737198/domains/tas2023.online/public_html/lib/base.php:2069] Controller->beforeroute()
Fri, 14 Mar 2025 13:07:09 +0000 [2600:1006:b06c:75a6:cd87:a1f5:2e66:a7ab] [/home/u991737198/domains/tas2023.online/public_html/index.php:19] Base->run()
Fri, 14 Mar 2025 13:07:09 +0000 [2600:1006:b06c:75a6:cd87:a1f5:2e66:a7ab] [/home/u991737198/domains/tas2023.online/public_html/lib/base.php:1871] Base->call()
Fri, 14 Mar 2025 13:07:09 +0000 [2600:1006:b06c:75a6:cd87:a1f5:2e66:a7ab] [/home/u991737198/domains/tas2023.online/public_html/index.php:19] Base->run()
Fri, 14 Mar 2025 13:07:42 +0000 [2600:1006:b06c:75a6:cd87:a1f5:2e66:a7ab] 500: Undefined variable $selected_note trace: [/home/u991737198/domains/tas2023.online/public_html/tmp/3hn69l4qoa804.3g8shy2588w00.php:385]
Fri, 14 Mar 2025 13:07:42 +0000 [2600:1006:b06c:75a6:cd87:a1f5:2e66:a7ab] [/home/u991737198/domains/tas2023.online/public_html/tmp/3hn69l4qoa804.3g8shy2588w00.php:385] Base->{closure}()
Fri, 14 Mar 2025 13:07:42 +0000 [2600:1006:b06c:75a6:cd87:a1f5:2e66:a7ab] [/home/u991737198/domains/tas2023.online/public_html/lib/base.php:3036] require('/home/u991737198/domains/tas2023.online/public_html/tmp/3hn69l4qoa804.3g8shy2588w00.php')
Fri, 14 Mar 2025 13:07:42 +0000 [2600:1006:b06c:75a6:cd87:a1f5:2e66:a7ab] [/home/u991737198/domains/tas2023.online/public_html/lib/base.php:3281] View->sandbox()
Fri, 14 Mar 2025 13:07:42 +0000 [2600:1006:b06c:75a6:cd87:a1f5:2e66:a7ab] [/home/u991737198/domains/tas2023.online/public_html/tmp/3hn69l4qoa804.3h31n1yj254w8.php:7] Preview->render()
Fri, 14 Mar 2025 13:07:42 +0000 [2600:1006:b06c:75a6:cd87:a1f5:2e66:a7ab] [/home/u991737198/domains/tas2023.online/public_html/lib/base.php:3036] require('/home/u991737198/domains/tas2023.online/public_html/tmp/3hn69l4qoa804.3h31n1yj254w8.php')
Fri, 14 Mar 2025 13:07:42 +0000 [2600:1006:b06c:75a6:cd87:a1f5:2e66:a7ab] [/home/u991737198/domains/tas2023.online/public_html/lib/base.php:3281] View->sandbox()
Fri, 14 Mar 2025 13:07:42 +0000 [2600:1006:b06c:75a6:cd87:a1f5:2e66:a7ab] [/home/u991737198/domains/tas2023.online/public_html/app/controllers/Controller.php:87] Preview->render()
Fri, 14 Mar 2025 13:07:42 +0000 [2600:1006:b06c:75a6:cd87:a1f5:2e66:a7ab] [/home/u991737198/domains/tas2023.online/public_html/lib/base.php:2078] Controller->afterroute()
Fri, 14 Mar 2025 13:07:42 +0000 [2600:1006:b06c:75a6:cd87:a1f5:2e66:a7ab] [/home/u991737198/domains/tas2023.online/public_html/lib/base.php:1871] Base->call()
Fri, 14 Mar 2025 13:07:42 +0000 [2600:1006:b06c:75a6:cd87:a1f5:2e66:a7ab] [/home/u991737198/domains/tas2023.online/public_html/index.php:19] Base->run()
Fri, 14 Mar 2025 13:07:59 +0000 [2600:1006:b06c:75a6:cd87:a1f5:2e66:a7ab] 500: Undefined variable $selected_note trace: [/home/u991737198/domains/tas2023.online/public_html/tmp/3hn69l4qoa804.3g8shy2588w00.php:385]
Fri, 14 Mar 2025 13:07:59 +0000 [2600:1006:b06c:75a6:cd87:a1f5:2e66:a7ab] [/home/u991737198/domains/tas2023.online/public_html/tmp/3hn69l4qoa804.3g8shy2588w00.php:385] Base->{closure}()
Fri, 14 Mar 2025 13:07:59 +0000 [2600:1006:b06c:75a6:cd87:a1f5:2e66:a7ab] [/home/u991737198/domains/tas2023.online/public_html/lib/base.php:3036] require('/home/u991737198/domains/tas2023.online/public_html/tmp/3hn69l4qoa804.3g8shy2588w00.php')
Fri, 14 Mar 2025 13:07:59 +0000 [2600:1006:b06c:75a6:cd87:a1f5:2e66:a7ab] [/home/u991737198/domains/tas2023.online/public_html/lib/base.php:3281] View->sandbox()
Fri, 14 Mar 2025 13:07:59 +0000 [2600:1006:b06c:75a6:cd87:a1f5:2e66:a7ab] [/home/u991737198/domains/tas2023.online/public_html/tmp/3hn69l4qoa804.3h31n1yj254w8.php:7] Preview->render()
Fri, 14 Mar 2025 13:07:59 +0000 [2600:1006:b06c:75a6:cd87:a1f5:2e66:a7ab] [/home/u991737198/domains/tas2023.online/public_html/lib/base.php:3036] require('/home/u991737198/domains/tas2023.online/public_html/tmp/3hn69l4qoa804.3h31n1yj254w8.php')
Fri, 14 Mar 2025 13:07:59 +0000 [2600:1006:b06c:75a6:cd87:a1f5:2e66:a7ab] [/home/u991737198/domains/tas2023.online/public_html/lib/base.php:3281] View->sandbox()
Fri, 14 Mar 2025 13:07:59 +0000 [2600:1006:b06c:75a6:cd87:a1f5:2e66:a7ab] [/home/u991737198/domains/tas2023.online/public_html/app/controllers/Controller.php:87] Preview->render()
Fri, 14 Mar 2025 13:07:59 +0000 [2600:1006:b06c:75a6:cd87:a1f5:2e66:a7ab] [/home/u991737198/domains/tas2023.online/public_html/lib/base.php:2078] Controller->afterroute()
Fri, 14 Mar 2025 13:07:59 +0000 [2600:1006:b06c:75a6:cd87:a1f5:2e66:a7ab] [/home/u991737198/domains/tas2023.online/public_html/lib/base.php:1871] Base->call()
Fri, 14 Mar 2025 13:07:59 +0000 [2600:1006:b06c:75a6:cd87:a1f5:2e66:a7ab] [/home/u991737198/domains/tas2023.online/public_html/index.php:19] Base->run()
Fri, 14 Mar 2025 13:08:20 +0000 [2600:1006:b06c:75a6:cd87:a1f5:2e66:a7ab] 500: Undefined variable $selected_note trace: [/home/u991737198/domains/tas2023.online/public_html/tmp/3hn69l4qoa804.3g8shy2588w00.php:385]
Fri, 14 Mar 2025 13:08:20 +0000 [2600:1006:b06c:75a6:cd87:a1f5:2e66:a7ab] [/home/u991737198/domains/tas2023.online/public_html/tmp/3hn69l4qoa804.3g8shy2588w00.php:385] Base->{closure}()
Fri, 14 Mar 2025 13:08:20 +0000 [2600:1006:b06c:75a6:cd87:a1f5:2e66:a7ab] [/home/u991737198/domains/tas2023.online/public_html/lib/base.php:3036] require('/home/u991737198/domains/tas2023.online/public_html/tmp/3hn69l4qoa804.3g8shy2588w00.php')
Fri, 14 Mar 2025 13:08:20 +0000 [2600:1006:b06c:75a6:cd87:a1f5:2e66:a7ab] [/home/u991737198/domains/tas2023.online/public_html/lib/base.php:3281] View->sandbox()
Fri, 14 Mar 2025 13:08:20 +0000 [2600:1006:b06c:75a6:cd87:a1f5:2e66:a7ab] [/home/u991737198/domains/tas2023.online/public_html/tmp/3hn69l4qoa804.3h31n1yj254w8.php:7] Preview->render()
Fri, 14 Mar 2025 13:08:20 +0000 [2600:1006:b06c:75a6:cd87:a1f5:2e66:a7ab] [/home/u991737198/domains/tas2023.online/public_html/lib/base.php:3036] require('/home/u991737198/domains/tas2023.online/public_html/tmp/3hn69l4qoa804.3h31n1yj254w8.php')
Fri, 14 Mar 2025 13:08:20 +0000 [2600:1006:b06c:75a6:cd87:a1f5:2e66:a7ab] [/home/u991737198/domains/tas2023.online/public_html/lib/base.php:3281] View->sandbox()
Fri, 14 Mar 2025 13:08:20 +0000 [2600:1006:b06c:75a6:cd87:a1f5:2e66:a7ab] [/home/u991737198/domains/tas2023.online/public_html/app/controllers/Controller.php:87] Preview->render()
Fri, 14 Mar 2025 13:08:20 +0000 [2600:1006:b06c:75a6:cd87:a1f5:2e66:a7ab] [/home/u991737198/domains/tas2023.online/public_html/lib/base.php:2078] Controller->afterroute()
Fri, 14 Mar 2025 13:08:20 +0000 [2600:1006:b06c:75a6:cd87:a1f5:2e66:a7ab] [/home/u991737198/domains/tas2023.online/public_html/lib/base.php:1871] Base->call()
Fri, 14 Mar 2025 13:08:20 +0000 [2600:1006:b06c:75a6:cd87:a1f5:2e66:a7ab] [/home/u991737198/domains/tas2023.online/public_html/index.php:19] Base->run()
Fri, 14 Mar 2025 13:08:42 +0000 [2600:1006:b06c:75a6:cd87:a1f5:2e66:a7ab] 500: Undefined variable $selected_note trace: [/home/u991737198/domains/tas2023.online/public_html/tmp/3hn69l4qoa804.3g8shy2588w00.php:385]
Fri, 14 Mar 2025 13:08:42 +0000 [2600:1006:b06c:75a6:cd87:a1f5:2e66:a7ab] [/home/u991737198/domains/tas2023.online/public_html/tmp/3hn69l4qoa804.3g8shy2588w00.php:385] Base->{closure}()
Fri, 14 Mar 2025 13:08:42 +0000 [2600:1006:b06c:75a6:cd87:a1f5:2e66:a7ab] [/home/u991737198/domains/tas2023.online/public_html/lib/base.php:3036] require('/home/u991737198/domains/tas2023.online/public_html/tmp/3hn69l4qoa804.3g8shy2588w00.php')
Fri, 14 Mar 2025 13:08:42 +0000 [2600:1006:b06c:75a6:cd87:a1f5:2e66:a7ab] [/home/u991737198/domains/tas2023.online/public_html/lib/base.php:3281] View->sandbox()
Fri, 14 Mar 2025 13:08:42 +0000 [2600:1006:b06c:75a6:cd87:a1f5:2e66:a7ab] [/home/u991737198/domains/tas2023.online/public_html/tmp/3hn69l4qoa804.3h31n1yj254w8.php:7] Preview->render()
Fri, 14 Mar 2025 13:08:42 +0000 [2600:1006:b06c:75a6:cd87:a1f5:2e66:a7ab] [/home/u991737198/domains/tas2023.online/public_html/lib/base.php:3036] require('/home/u991737198/domains/tas2023.online/public_html/tmp/3hn69l4qoa804.3h31n1yj254w8.php')
Fri, 14 Mar 2025 13:08:42 +0000 [2600:1006:b06c:75a6:cd87:a1f5:2e66:a7ab] [/home/u991737198/domains/tas2023.online/public_html/lib/base.php:3281] View->sandbox()
Fri, 14 Mar 2025 13:08:42 +0000 [2600:1006:b06c:75a6:cd87:a1f5:2e66:a7ab] [/home/u991737198/domains/tas2023.online/public_html/app/controllers/Controller.php:87] Preview->render()
Fri, 14 Mar 2025 13:08:42 +0000 [2600:1006:b06c:75a6:cd87:a1f5:2e66:a7ab] [/home/u991737198/domains/tas2023.online/public_html/lib/base.php:2078] Controller->afterroute()
Fri, 14 Mar 2025 13:08:42 +0000 [2600:1006:b06c:75a6:cd87:a1f5:2e66:a7ab] [/home/u991737198/domains/tas2023.online/public_html/lib/base.php:1871] Base->call()
Fri, 14 Mar 2025 13:08:42 +0000 [2600:1006:b06c:75a6:cd87:a1f5:2e66:a7ab] [/home/u991737198/domains/tas2023.online/public_html/index.php:19] Base->run()
Fri, 14 Mar 2025 13:08:54 +0000 [2600:1006:b06c:75a6:cd87:a1f5:2e66:a7ab] 500: Undefined variable $selected_note trace: [/home/u991737198/domains/tas2023.online/public_html/tmp/3hn69l4qoa804.3g8shy2588w00.php:385]
Fri, 14 Mar 2025 13:08:54 +0000 [2600:1006:b06c:75a6:cd87:a1f5:2e66:a7ab] [/home/u991737198/domains/tas2023.online/public_html/tmp/3hn69l4qoa804.3g8shy2588w00.php:385] Base->{closure}()
Fri, 14 Mar 2025 13:08:54 +0000 [2600:1006:b06c:75a6:cd87:a1f5:2e66:a7ab] [/home/u991737198/domains/tas2023.online/public_html/lib/base.php:3036] require('/home/u991737198/domains/tas2023.online/public_html/tmp/3hn69l4qoa804.3g8shy2588w00.php')
Fri, 14 Mar 2025 13:08:54 +0000 [2600:1006:b06c:75a6:cd87:a1f5:2e66:a7ab] [/home/u991737198/domains/tas2023.online/public_html/lib/base.php:3281] View->sandbox()
Fri, 14 Mar 2025 13:08:54 +0000 [2600:1006:b06c:75a6:cd87:a1f5:2e66:a7ab] [/home/u991737198/domains/tas2023.online/public_html/tmp/3hn69l4qoa804.3h31n1yj254w8.php:7] Preview->render()
Fri, 14 Mar 2025 13:08:54 +0000 [2600:1006:b06c:75a6:cd87:a1f5:2e66:a7ab] [/home/u991737198/domains/tas2023.online/public_html/lib/base.php:3036] require('/home/u991737198/domains/tas2023.online/public_html/tmp/3hn69l4qoa804.3h31n1yj254w8.php')
Fri, 14 Mar 2025 13:08:54 +0000 [2600:1006:b06c:75a6:cd87:a1f5:2e66:a7ab] [/home/u991737198/domains/tas2023.online/public_html/lib/base.php:3281] View->sandbox()
Fri, 14 Mar 2025 13:08:54 +0000 [2600:1006:b06c:75a6:cd87:a1f5:2e66:a7ab] [/home/u991737198/domains/tas2023.online/public_html/app/controllers/Controller.php:87] Preview->render()
Fri, 14 Mar 2025 13:08:54 +0000 [2600:1006:b06c:75a6:cd87:a1f5:2e66:a7ab] [/home/u991737198/domains/tas2023.online/public_html/lib/base.php:2078] Controller->afterroute()
Fri, 14 Mar 2025 13:08:54 +0000 [2600:1006:b06c:75a6:cd87:a1f5:2e66:a7ab] [/home/u991737198/domains/tas2023.online/public_html/lib/base.php:1871] Base->call()
Fri, 14 Mar 2025 13:08:54 +0000 [2600:1006:b06c:75a6:cd87:a1f5:2e66:a7ab] [/home/u991737198/domains/tas2023.online/public_html/index.php:19] Base->run()
Fri, 14 Mar 2025 13:09:02 +0000 [2600:1006:b06c:75a6:cd87:a1f5:2e66:a7ab] 500: Undefined variable $selected_note trace: [/home/u991737198/domains/tas2023.online/public_html/tmp/3hn69l4qoa804.3g8shy2588w00.php:385]
Fri, 14 Mar 2025 13:09:02 +0000 [2600:1006:b06c:75a6:cd87:a1f5:2e66:a7ab] [/home/u991737198/domains/tas2023.online/public_html/tmp/3hn69l4qoa804.3g8shy2588w00.php:385] Base->{closure}()
Fri, 14 Mar 2025 13:09:02 +0000 [2600:1006:b06c:75a6:cd87:a1f5:2e66:a7ab] [/home/u991737198/domains/tas2023.online/public_html/lib/base.php:3036] require('/home/u991737198/domains/tas2023.online/public_html/tmp/3hn69l4qoa804.3g8shy2588w00.php')
Fri, 14 Mar 2025 13:09:02 +0000 [2600:1006:b06c:75a6:cd87:a1f5:2e66:a7ab] [/home/u991737198/domains/tas2023.online/public_html/lib/base.php:3281] View->sandbox()
Fri, 14 Mar 2025 13:09:02 +0000 [2600:1006:b06c:75a6:cd87:a1f5:2e66:a7ab] [/home/u991737198/domains/tas2023.online/public_html/tmp/3hn69l4qoa804.3h31n1yj254w8.php:7] Preview->render()
Fri, 14 Mar 2025 13:09:02 +0000 [2600:1006:b06c:75a6:cd87:a1f5:2e66:a7ab] [/home/u991737198/domains/tas2023.online/public_html/lib/base.php:3036] require('/home/u991737198/domains/tas2023.online/public_html/tmp/3hn69l4qoa804.3h31n1yj254w8.php')
Fri, 14 Mar 2025 13:09:02 +0000 [2600:1006:b06c:75a6:cd87:a1f5:2e66:a7ab] [/home/u991737198/domains/tas2023.online/public_html/lib/base.php:3281] View->sandbox()
Fri, 14 Mar 2025 13:09:02 +0000 [2600:1006:b06c:75a6:cd87:a1f5:2e66:a7ab] [/home/u991737198/domains/tas2023.online/public_html/app/controllers/Controller.php:87] Preview->render()
Fri, 14 Mar 2025 13:09:02 +0000 [2600:1006:b06c:75a6:cd87:a1f5:2e66:a7ab] [/home/u991737198/domains/tas2023.online/public_html/lib/base.php:2078] Controller->afterroute()
Fri, 14 Mar 2025 13:09:02 +0000 [2600:1006:b06c:75a6:cd87:a1f5:2e66:a7ab] [/home/u991737198/domains/tas2023.online/public_html/lib/base.php:1871] Base->call()
Fri, 14 Mar 2025 13:09:02 +0000 [2600:1006:b06c:75a6:cd87:a1f5:2e66:a7ab] [/home/u991737198/domains/tas2023.online/public_html/index.php:19] Base->run()
Fri, 14 Mar 2025 13:09:13 +0000 [2600:1006:b06c:75a6:cd87:a1f5:2e66:a7ab] 500: Undefined variable $selected_note trace: [/home/u991737198/domains/tas2023.online/public_html/tmp/3hn69l4qoa804.3g8shy2588w00.php:385]
Fri, 14 Mar 2025 13:09:13 +0000 [2600:1006:b06c:75a6:cd87:a1f5:2e66:a7ab] [/home/u991737198/domains/tas2023.online/public_html/tmp/3hn69l4qoa804.3g8shy2588w00.php:385] Base->{closure}()
Fri, 14 Mar 2025 13:09:13 +0000 [2600:1006:b06c:75a6:cd87:a1f5:2e66:a7ab] [/home/u991737198/domains/tas2023.online/public_html/lib/base.php:3036] require('/home/u991737198/domains/tas2023.online/public_html/tmp/3hn69l4qoa804.3g8shy2588w00.php')
Fri, 14 Mar 2025 13:09:13 +0000 [2600:1006:b06c:75a6:cd87:a1f5:2e66:a7ab] [/home/u991737198/domains/tas2023.online/public_html/lib/base.php:3281] View->sandbox()
Fri, 14 Mar 2025 13:09:13 +0000 [2600:1006:b06c:75a6:cd87:a1f5:2e66:a7ab] [/home/u991737198/domains/tas2023.online/public_html/tmp/3hn69l4qoa804.3h31n1yj254w8.php:7] Preview->render()
Fri, 14 Mar 2025 13:09:13 +0000 [2600:1006:b06c:75a6:cd87:a1f5:2e66:a7ab] [/home/u991737198/domains/tas2023.online/public_html/lib/base.php:3036] require('/home/u991737198/domains/tas2023.online/public_html/tmp/3hn69l4qoa804.3h31n1yj254w8.php')
Fri, 14 Mar 2025 13:09:13 +0000 [2600:1006:b06c:75a6:cd87:a1f5:2e66:a7ab] [/home/u991737198/domains/tas2023.online/public_html/lib/base.php:3281] View->sandbox()
Fri, 14 Mar 2025 13:09:13 +0000 [2600:1006:b06c:75a6:cd87:a1f5:2e66:a7ab] [/home/u991737198/domains/tas2023.online/public_html/app/controllers/Controller.php:87] Preview->render()
Fri, 14 Mar 2025 13:09:13 +0000 [2600:1006:b06c:75a6:cd87:a1f5:2e66:a7ab] [/home/u991737198/domains/tas2023.online/public_html/lib/base.php:2078] Controller->afterroute()
Fri, 14 Mar 2025 13:09:13 +0000 [2600:1006:b06c:75a6:cd87:a1f5:2e66:a7ab] [/home/u991737198/domains/tas2023.online/public_html/lib/base.php:1871] Base->call()
Fri, 14 Mar 2025 13:09:13 +0000 [2600:1006:b06c:75a6:cd87:a1f5:2e66:a7ab] [/home/u991737198/domains/tas2023.online/public_html/index.php:19] Base->run()
