Fri, 14 Nov 2025 00:14:35 +0000 [2607:fb90:e28a:c02d:60b0:fd71:670:bccf] 500: Undefined variable $entity_num trace: [tmp/3hn69l4qoa804.1zo7dt0fljr4w.php:200]
Fri, 14 Nov 2025 00:14:35 +0000 [2607:fb90:e28a:c02d:60b0:fd71:670:bccf] [tmp/3hn69l4qoa804.1zo7dt0fljr4w.php:200] Base->{closure}()
Fri, 14 Nov 2025 00:14:35 +0000 [2607:fb90:e28a:c02d:60b0:fd71:670:bccf] [lib/base.php:3036] require('/home/u991737198/domains/tas2023.online/public_html/tmp/3hn69l4qoa804.1zo7dt0fljr4w.php')
Fri, 14 Nov 2025 00:14:35 +0000 [2607:fb90:e28a:c02d:60b0:fd71:670:bccf] [lib/base.php:3281] View->sandbox()
Fri, 14 Nov 2025 00:14:35 +0000 [2607:fb90:e28a:c02d:60b0:fd71:670:bccf] [tmp/3hn69l4qoa804.3h31n1yj254w8.php:7] Preview->render()
Fri, 14 Nov 2025 00:14:35 +0000 [2607:fb90:e28a:c02d:60b0:fd71:670:bccf] [lib/base.php:3036] require('/home/u991737198/domains/tas2023.online/public_html/tmp/3hn69l4qoa804.3h31n1yj254w8.php')
Fri, 14 Nov 2025 00:14:35 +0000 [2607:fb90:e28a:c02d:60b0:fd71:670:bccf] [lib/base.php:3281] View->sandbox()
Fri, 14 Nov 2025 00:14:35 +0000 [2607:fb90:e28a:c02d:60b0:fd71:670:bccf] [app/controllers/Controller.php:87] Preview->render()
Fri, 14 Nov 2025 00:14:35 +0000 [2607:fb90:e28a:c02d:60b0:fd71:670:bccf] [lib/base.php:2078] Controller->afterroute()
Fri, 14 Nov 2025 00:14:35 +0000 [2607:fb90:e28a:c02d:60b0:fd71:670:bccf] [lib/base.php:1871] Base->call()
Fri, 14 Nov 2025 00:14:35 +0000 [2607:fb90:e28a:c02d:60b0:fd71:670:bccf] [index.php:19] Base->run()
Fri, 14 Nov 2025 00:14:39 +0000 [2607:fb90:e28a:c02d:60b0:fd71:670:bccf] 500: Undefined variable $entity_num trace: [tmp/3hn69l4qoa804.man4oes5p0l2.php:177]
Fri, 14 Nov 2025 00:14:39 +0000 [2607:fb90:e28a:c02d:60b0:fd71:670:bccf] [tmp/3hn69l4qoa804.man4oes5p0l2.php:177] Base->{closure}()
Fri, 14 Nov 2025 00:14:39 +0000 [2607:fb90:e28a:c02d:60b0:fd71:670:bccf] [lib/base.php:3036] require('/home/u991737198/domains/tas2023.online/public_html/tmp/3hn69l4qoa804.man4oes5p0l2.php')
Fri, 14 Nov 2025 00:14:39 +0000 [2607:fb90:e28a:c02d:60b0:fd71:670:bccf] [lib/base.php:3281] View->sandbox()
Fri, 14 Nov 2025 00:14:39 +0000 [2607:fb90:e28a:c02d:60b0:fd71:670:bccf] [tmp/3hn69l4qoa804.3h31n1yj254w8.php:7] Preview->render()
Fri, 14 Nov 2025 00:14:39 +0000 [2607:fb90:e28a:c02d:60b0:fd71:670:bccf] [lib/base.php:3036] require('/home/u991737198/domains/tas2023.online/public_html/tmp/3hn69l4qoa804.3h31n1yj254w8.php')
Fri, 14 Nov 2025 00:14:39 +0000 [2607:fb90:e28a:c02d:60b0:fd71:670:bccf] [lib/base.php:3281] View->sandbox()
Fri, 14 Nov 2025 00:14:39 +0000 [2607:fb90:e28a:c02d:60b0:fd71:670:bccf] [app/controllers/Controller.php:87] Preview->render()
Fri, 14 Nov 2025 00:14:39 +0000 [2607:fb90:e28a:c02d:60b0:fd71:670:bccf] [lib/base.php:2078] Controller->afterroute()
Fri, 14 Nov 2025 00:14:39 +0000 [2607:fb90:e28a:c02d:60b0:fd71:670:bccf] [lib/base.php:1871] Base->call()
Fri, 14 Nov 2025 00:14:39 +0000 [2607:fb90:e28a:c02d:60b0:fd71:670:bccf] [index.php:19] Base->run()
Fri, 14 Nov 2025 00:14:54 +0000 [2607:fb90:e28a:c02d:60b0:fd71:670:bccf] 500: Undefined variable $selected_note trace: [/home/u991737198/domains/tas2023.online/public_html/tmp/3hn69l4qoa804.3g8shy2588w00.php:385]
Fri, 14 Nov 2025 00:14:54 +0000 [2607:fb90:e28a:c02d:60b0:fd71:670:bccf] [/home/u991737198/domains/tas2023.online/public_html/tmp/3hn69l4qoa804.3g8shy2588w00.php:385] Base->{closure}()
Fri, 14 Nov 2025 00:14:54 +0000 [2607:fb90:e28a:c02d:60b0:fd71:670:bccf] [/home/u991737198/domains/tas2023.online/public_html/lib/base.php:3036] require('/home/u991737198/domains/tas2023.online/public_html/tmp/3hn69l4qoa804.3g8shy2588w00.php')
Fri, 14 Nov 2025 00:14:54 +0000 [2607:fb90:e28a:c02d:60b0:fd71:670:bccf] [/home/u991737198/domains/tas2023.online/public_html/lib/base.php:3281] View->sandbox()
Fri, 14 Nov 2025 00:14:54 +0000 [2607:fb90:e28a:c02d:60b0:fd71:670:bccf] [/home/u991737198/domains/tas2023.online/public_html/tmp/3hn69l4qoa804.3h31n1yj254w8.php:7] Preview->render()
Fri, 14 Nov 2025 00:14:54 +0000 [2607:fb90:e28a:c02d:60b0:fd71:670:bccf] [/home/u991737198/domains/tas2023.online/public_html/lib/base.php:3036] require('/home/u991737198/domains/tas2023.online/public_html/tmp/3hn69l4qoa804.3h31n1yj254w8.php')
Fri, 14 Nov 2025 00:14:54 +0000 [2607:fb90:e28a:c02d:60b0:fd71:670:bccf] [/home/u991737198/domains/tas2023.online/public_html/lib/base.php:3281] View->sandbox()
Fri, 14 Nov 2025 00:14:54 +0000 [2607:fb90:e28a:c02d:60b0:fd71:670:bccf] [/home/u991737198/domains/tas2023.online/public_html/app/controllers/Controller.php:87] Preview->render()
Fri, 14 Nov 2025 00:14:54 +0000 [2607:fb90:e28a:c02d:60b0:fd71:670:bccf] [/home/u991737198/domains/tas2023.online/public_html/lib/base.php:2078] Controller->afterroute()
Fri, 14 Nov 2025 00:14:54 +0000 [2607:fb90:e28a:c02d:60b0:fd71:670:bccf] [/home/u991737198/domains/tas2023.online/public_html/lib/base.php:1871] Base->call()
Fri, 14 Nov 2025 00:14:54 +0000 [2607:fb90:e28a:c02d:60b0:fd71:670:bccf] [/home/u991737198/domains/tas2023.online/public_html/index.php:19] Base->run()
Fri, 14 Nov 2025 00:15:11 +0000 [2607:fb90:e28a:c02d:60b0:fd71:670:bccf] 500: Undefined variable $selected_note trace: [/home/u991737198/domains/tas2023.online/public_html/tmp/3hn69l4qoa804.3g8shy2588w00.php:385]
Fri, 14 Nov 2025 00:15:11 +0000 [2607:fb90:e28a:c02d:60b0:fd71:670:bccf] [/home/u991737198/domains/tas2023.online/public_html/tmp/3hn69l4qoa804.3g8shy2588w00.php:385] Base->{closure}()
Fri, 14 Nov 2025 00:15:11 +0000 [2607:fb90:e28a:c02d:60b0:fd71:670:bccf] [/home/u991737198/domains/tas2023.online/public_html/lib/base.php:3036] require('/home/u991737198/domains/tas2023.online/public_html/tmp/3hn69l4qoa804.3g8shy2588w00.php')
Fri, 14 Nov 2025 00:15:11 +0000 [2607:fb90:e28a:c02d:60b0:fd71:670:bccf] [/home/u991737198/domains/tas2023.online/public_html/lib/base.php:3281] View->sandbox()
Fri, 14 Nov 2025 00:15:11 +0000 [2607:fb90:e28a:c02d:60b0:fd71:670:bccf] [/home/u991737198/domains/tas2023.online/public_html/tmp/3hn69l4qoa804.3h31n1yj254w8.php:7] Preview->render()
Fri, 14 Nov 2025 00:15:11 +0000 [2607:fb90:e28a:c02d:60b0:fd71:670:bccf] [/home/u991737198/domains/tas2023.online/public_html/lib/base.php:3036] require('/home/u991737198/domains/tas2023.online/public_html/tmp/3hn69l4qoa804.3h31n1yj254w8.php')
Fri, 14 Nov 2025 00:15:11 +0000 [2607:fb90:e28a:c02d:60b0:fd71:670:bccf] [/home/u991737198/domains/tas2023.online/public_html/lib/base.php:3281] View->sandbox()
Fri, 14 Nov 2025 00:15:11 +0000 [2607:fb90:e28a:c02d:60b0:fd71:670:bccf] [/home/u991737198/domains/tas2023.online/public_html/app/controllers/Controller.php:87] Preview->render()
Fri, 14 Nov 2025 00:15:11 +0000 [2607:fb90:e28a:c02d:60b0:fd71:670:bccf] [/home/u991737198/domains/tas2023.online/public_html/lib/base.php:2078] Controller->afterroute()
Fri, 14 Nov 2025 00:15:11 +0000 [2607:fb90:e28a:c02d:60b0:fd71:670:bccf] [/home/u991737198/domains/tas2023.online/public_html/lib/base.php:1871] Base->call()
Fri, 14 Nov 2025 00:15:11 +0000 [2607:fb90:e28a:c02d:60b0:fd71:670:bccf] [/home/u991737198/domains/tas2023.online/public_html/index.php:19] Base->run()
Fri, 14 Nov 2025 00:15:20 +0000 [2607:fb90:e28a:c02d:60b0:fd71:670:bccf] 500: Undefined variable $selected_note trace: [/home/u991737198/domains/tas2023.online/public_html/tmp/3hn69l4qoa804.3g8shy2588w00.php:385]
Fri, 14 Nov 2025 00:15:20 +0000 [2607:fb90:e28a:c02d:60b0:fd71:670:bccf] [/home/u991737198/domains/tas2023.online/public_html/tmp/3hn69l4qoa804.3g8shy2588w00.php:385] Base->{closure}()
Fri, 14 Nov 2025 00:15:20 +0000 [2607:fb90:e28a:c02d:60b0:fd71:670:bccf] [/home/u991737198/domains/tas2023.online/public_html/lib/base.php:3036] require('/home/u991737198/domains/tas2023.online/public_html/tmp/3hn69l4qoa804.3g8shy2588w00.php')
Fri, 14 Nov 2025 00:15:20 +0000 [2607:fb90:e28a:c02d:60b0:fd71:670:bccf] [/home/u991737198/domains/tas2023.online/public_html/lib/base.php:3281] View->sandbox()
Fri, 14 Nov 2025 00:15:20 +0000 [2607:fb90:e28a:c02d:60b0:fd71:670:bccf] [/home/u991737198/domains/tas2023.online/public_html/tmp/3hn69l4qoa804.3h31n1yj254w8.php:7] Preview->render()
Fri, 14 Nov 2025 00:15:20 +0000 [2607:fb90:e28a:c02d:60b0:fd71:670:bccf] [/home/u991737198/domains/tas2023.online/public_html/lib/base.php:3036] require('/home/u991737198/domains/tas2023.online/public_html/tmp/3hn69l4qoa804.3h31n1yj254w8.php')
Fri, 14 Nov 2025 00:15:20 +0000 [2607:fb90:e28a:c02d:60b0:fd71:670:bccf] [/home/u991737198/domains/tas2023.online/public_html/lib/base.php:3281] View->sandbox()
Fri, 14 Nov 2025 00:15:20 +0000 [2607:fb90:e28a:c02d:60b0:fd71:670:bccf] [/home/u991737198/domains/tas2023.online/public_html/app/controllers/Controller.php:87] Preview->render()
Fri, 14 Nov 2025 00:15:20 +0000 [2607:fb90:e28a:c02d:60b0:fd71:670:bccf] [/home/u991737198/domains/tas2023.online/public_html/lib/base.php:2078] Controller->afterroute()
Fri, 14 Nov 2025 00:15:20 +0000 [2607:fb90:e28a:c02d:60b0:fd71:670:bccf] [/home/u991737198/domains/tas2023.online/public_html/lib/base.php:1871] Base->call()
Fri, 14 Nov 2025 00:15:20 +0000 [2607:fb90:e28a:c02d:60b0:fd71:670:bccf] [/home/u991737198/domains/tas2023.online/public_html/index.php:19] Base->run()
Fri, 14 Nov 2025 00:44:09 +0000 [2607:fb90:e28a:c02d:60b0:fd71:670:bccf] 500: Undefined variable $fechapicker trace: [/home/u991737198/domains/tas2023.online/public_html/tmp/3hn69l4qoa804.22phmm30e0u84.php:334]
Fri, 14 Nov 2025 00:44:09 +0000 [2607:fb90:e28a:c02d:60b0:fd71:670:bccf] [/home/u991737198/domains/tas2023.online/public_html/tmp/3hn69l4qoa804.22phmm30e0u84.php:334] Base->{closure}()
Fri, 14 Nov 2025 00:44:09 +0000 [2607:fb90:e28a:c02d:60b0:fd71:670:bccf] [/home/u991737198/domains/tas2023.online/public_html/lib/base.php:3036] require('/home/u991737198/domains/tas2023.online/public_html/tmp/3hn69l4qoa804.22phmm30e0u84.php')
Fri, 14 Nov 2025 00:44:09 +0000 [2607:fb90:e28a:c02d:60b0:fd71:670:bccf] [/home/u991737198/domains/tas2023.online/public_html/lib/base.php:3281] View->sandbox()
Fri, 14 Nov 2025 00:44:09 +0000 [2607:fb90:e28a:c02d:60b0:fd71:670:bccf] [/home/u991737198/domains/tas2023.online/public_html/tmp/3hn69l4qoa804.3h31n1yj254w8.php:7] Preview->render()
Fri, 14 Nov 2025 00:44:09 +0000 [2607:fb90:e28a:c02d:60b0:fd71:670:bccf] [/home/u991737198/domains/tas2023.online/public_html/lib/base.php:3036] require('/home/u991737198/domains/tas2023.online/public_html/tmp/3hn69l4qoa804.3h31n1yj254w8.php')
Fri, 14 Nov 2025 00:44:09 +0000 [2607:fb90:e28a:c02d:60b0:fd71:670:bccf] [/home/u991737198/domains/tas2023.online/public_html/lib/base.php:3281] View->sandbox()
Fri, 14 Nov 2025 00:44:09 +0000 [2607:fb90:e28a:c02d:60b0:fd71:670:bccf] [/home/u991737198/domains/tas2023.online/public_html/app/controllers/Controller.php:87] Preview->render()
Fri, 14 Nov 2025 00:44:09 +0000 [2607:fb90:e28a:c02d:60b0:fd71:670:bccf] [/home/u991737198/domains/tas2023.online/public_html/lib/base.php:2078] Controller->afterroute()
Fri, 14 Nov 2025 00:44:09 +0000 [2607:fb90:e28a:c02d:60b0:fd71:670:bccf] [/home/u991737198/domains/tas2023.online/public_html/lib/base.php:1871] Base->call()
Fri, 14 Nov 2025 00:44:09 +0000 [2607:fb90:e28a:c02d:60b0:fd71:670:bccf] [/home/u991737198/domains/tas2023.online/public_html/index.php:19] Base->run()
Fri, 14 Nov 2025 00:44:29 +0000 [2607:fb90:e28a:c02d:60b0:fd71:670:bccf] 500: Undefined variable $entity_num trace: [tmp/3hn69l4qoa804.1zo7dt0fljr4w.php:200]
Fri, 14 Nov 2025 00:44:29 +0000 [2607:fb90:e28a:c02d:60b0:fd71:670:bccf] [tmp/3hn69l4qoa804.1zo7dt0fljr4w.php:200] Base->{closure}()
Fri, 14 Nov 2025 00:44:29 +0000 [2607:fb90:e28a:c02d:60b0:fd71:670:bccf] [lib/base.php:3036] require('/home/u991737198/domains/tas2023.online/public_html/tmp/3hn69l4qoa804.1zo7dt0fljr4w.php')
Fri, 14 Nov 2025 00:44:29 +0000 [2607:fb90:e28a:c02d:60b0:fd71:670:bccf] [lib/base.php:3281] View->sandbox()
Fri, 14 Nov 2025 00:44:29 +0000 [2607:fb90:e28a:c02d:60b0:fd71:670:bccf] [tmp/3hn69l4qoa804.3h31n1yj254w8.php:7] Preview->render()
Fri, 14 Nov 2025 00:44:29 +0000 [2607:fb90:e28a:c02d:60b0:fd71:670:bccf] [lib/base.php:3036] require('/home/u991737198/domains/tas2023.online/public_html/tmp/3hn69l4qoa804.3h31n1yj254w8.php')
Fri, 14 Nov 2025 00:44:29 +0000 [2607:fb90:e28a:c02d:60b0:fd71:670:bccf] [lib/base.php:3281] View->sandbox()
Fri, 14 Nov 2025 00:44:29 +0000 [2607:fb90:e28a:c02d:60b0:fd71:670:bccf] [app/controllers/Controller.php:87] Preview->render()
Fri, 14 Nov 2025 00:44:29 +0000 [2607:fb90:e28a:c02d:60b0:fd71:670:bccf] [lib/base.php:2078] Controller->afterroute()
Fri, 14 Nov 2025 00:44:29 +0000 [2607:fb90:e28a:c02d:60b0:fd71:670:bccf] [lib/base.php:1871] Base->call()
Fri, 14 Nov 2025 00:44:29 +0000 [2607:fb90:e28a:c02d:60b0:fd71:670:bccf] [index.php:19] Base->run()
Fri, 14 Nov 2025 00:44:31 +0000 [2607:fb90:e28a:c02d:60b0:fd71:670:bccf] 500: Undefined variable $entity_num trace: [tmp/3hn69l4qoa804.man4oes5p0l2.php:177]
Fri, 14 Nov 2025 00:44:31 +0000 [2607:fb90:e28a:c02d:60b0:fd71:670:bccf] [tmp/3hn69l4qoa804.man4oes5p0l2.php:177] Base->{closure}()
Fri, 14 Nov 2025 00:44:31 +0000 [2607:fb90:e28a:c02d:60b0:fd71:670:bccf] [lib/base.php:3036] require('/home/u991737198/domains/tas2023.online/public_html/tmp/3hn69l4qoa804.man4oes5p0l2.php')
Fri, 14 Nov 2025 00:44:31 +0000 [2607:fb90:e28a:c02d:60b0:fd71:670:bccf] [lib/base.php:3281] View->sandbox()
Fri, 14 Nov 2025 00:44:31 +0000 [2607:fb90:e28a:c02d:60b0:fd71:670:bccf] [tmp/3hn69l4qoa804.3h31n1yj254w8.php:7] Preview->render()
Fri, 14 Nov 2025 00:44:31 +0000 [2607:fb90:e28a:c02d:60b0:fd71:670:bccf] [lib/base.php:3036] require('/home/u991737198/domains/tas2023.online/public_html/tmp/3hn69l4qoa804.3h31n1yj254w8.php')
Fri, 14 Nov 2025 00:44:31 +0000 [2607:fb90:e28a:c02d:60b0:fd71:670:bccf] [lib/base.php:3281] View->sandbox()
Fri, 14 Nov 2025 00:44:31 +0000 [2607:fb90:e28a:c02d:60b0:fd71:670:bccf] [app/controllers/Controller.php:87] Preview->render()
Fri, 14 Nov 2025 00:44:31 +0000 [2607:fb90:e28a:c02d:60b0:fd71:670:bccf] [lib/base.php:2078] Controller->afterroute()
Fri, 14 Nov 2025 00:44:31 +0000 [2607:fb90:e28a:c02d:60b0:fd71:670:bccf] [lib/base.php:1871] Base->call()
Fri, 14 Nov 2025 00:44:31 +0000 [2607:fb90:e28a:c02d:60b0:fd71:670:bccf] [index.php:19] Base->run()
Fri, 14 Nov 2025 00:48:56 +0000 [2607:fb90:e28a:c02d:60b0:fd71:670:bccf] 500: Undefined variable $entity_num trace: [tmp/3hn69l4qoa804.man4oes5p0l2.php:177]
Fri, 14 Nov 2025 00:48:56 +0000 [2607:fb90:e28a:c02d:60b0:fd71:670:bccf] [tmp/3hn69l4qoa804.man4oes5p0l2.php:177] Base->{closure}()
Fri, 14 Nov 2025 00:48:56 +0000 [2607:fb90:e28a:c02d:60b0:fd71:670:bccf] [lib/base.php:3036] require('/home/u991737198/domains/tas2023.online/public_html/tmp/3hn69l4qoa804.man4oes5p0l2.php')
Fri, 14 Nov 2025 00:48:56 +0000 [2607:fb90:e28a:c02d:60b0:fd71:670:bccf] [lib/base.php:3281] View->sandbox()
Fri, 14 Nov 2025 00:48:56 +0000 [2607:fb90:e28a:c02d:60b0:fd71:670:bccf] [tmp/3hn69l4qoa804.3h31n1yj254w8.php:7] Preview->render()
Fri, 14 Nov 2025 00:48:56 +0000 [2607:fb90:e28a:c02d:60b0:fd71:670:bccf] [lib/base.php:3036] require('/home/u991737198/domains/tas2023.online/public_html/tmp/3hn69l4qoa804.3h31n1yj254w8.php')
Fri, 14 Nov 2025 00:48:56 +0000 [2607:fb90:e28a:c02d:60b0:fd71:670:bccf] [lib/base.php:3281] View->sandbox()
Fri, 14 Nov 2025 00:48:56 +0000 [2607:fb90:e28a:c02d:60b0:fd71:670:bccf] [app/controllers/Controller.php:87] Preview->render()
Fri, 14 Nov 2025 00:48:56 +0000 [2607:fb90:e28a:c02d:60b0:fd71:670:bccf] [lib/base.php:2078] Controller->afterroute()
Fri, 14 Nov 2025 00:48:56 +0000 [2607:fb90:e28a:c02d:60b0:fd71:670:bccf] [lib/base.php:1871] Base->call()
Fri, 14 Nov 2025 00:48:56 +0000 [2607:fb90:e28a:c02d:60b0:fd71:670:bccf] [index.php:19] Base->run()
Fri, 14 Nov 2025 00:50:19 +0000 [2607:fb90:e28a:c02d:60b0:fd71:670:bccf] 500: Undefined variable $fechapicker trace: [/home/u991737198/domains/tas2023.online/public_html/tmp/3hn69l4qoa804.22phmm30e0u84.php:334]
Fri, 14 Nov 2025 00:50:19 +0000 [2607:fb90:e28a:c02d:60b0:fd71:670:bccf] [/home/u991737198/domains/tas2023.online/public_html/tmp/3hn69l4qoa804.22phmm30e0u84.php:334] Base->{closure}()
Fri, 14 Nov 2025 00:50:19 +0000 [2607:fb90:e28a:c02d:60b0:fd71:670:bccf] [/home/u991737198/domains/tas2023.online/public_html/lib/base.php:3036] require('/home/u991737198/domains/tas2023.online/public_html/tmp/3hn69l4qoa804.22phmm30e0u84.php')
Fri, 14 Nov 2025 00:50:19 +0000 [2607:fb90:e28a:c02d:60b0:fd71:670:bccf] [/home/u991737198/domains/tas2023.online/public_html/lib/base.php:3281] View->sandbox()
Fri, 14 Nov 2025 00:50:19 +0000 [2607:fb90:e28a:c02d:60b0:fd71:670:bccf] [/home/u991737198/domains/tas2023.online/public_html/tmp/3hn69l4qoa804.3h31n1yj254w8.php:7] Preview->render()
Fri, 14 Nov 2025 00:50:19 +0000 [2607:fb90:e28a:c02d:60b0:fd71:670:bccf] [/home/u991737198/domains/tas2023.online/public_html/lib/base.php:3036] require('/home/u991737198/domains/tas2023.online/public_html/tmp/3hn69l4qoa804.3h31n1yj254w8.php')
Fri, 14 Nov 2025 00:50:19 +0000 [2607:fb90:e28a:c02d:60b0:fd71:670:bccf] [/home/u991737198/domains/tas2023.online/public_html/lib/base.php:3281] View->sandbox()
Fri, 14 Nov 2025 00:50:19 +0000 [2607:fb90:e28a:c02d:60b0:fd71:670:bccf] [/home/u991737198/domains/tas2023.online/public_html/app/controllers/Controller.php:87] Preview->render()
Fri, 14 Nov 2025 00:50:19 +0000 [2607:fb90:e28a:c02d:60b0:fd71:670:bccf] [/home/u991737198/domains/tas2023.online/public_html/lib/base.php:2078] Controller->afterroute()
Fri, 14 Nov 2025 00:50:19 +0000 [2607:fb90:e28a:c02d:60b0:fd71:670:bccf] [/home/u991737198/domains/tas2023.online/public_html/lib/base.php:1871] Base->call()
Fri, 14 Nov 2025 00:50:19 +0000 [2607:fb90:e28a:c02d:60b0:fd71:670:bccf] [/home/u991737198/domains/tas2023.online/public_html/index.php:19] Base->run()
Fri, 14 Nov 2025 00:53:44 +0000 [2607:fb90:e28a:c02d:60b0:fd71:670:bccf] 500: Undefined variable $selected_note trace: [/home/u991737198/domains/tas2023.online/public_html/tmp/3hn69l4qoa804.3g8shy2588w00.php:385]
Fri, 14 Nov 2025 00:53:44 +0000 [2607:fb90:e28a:c02d:60b0:fd71:670:bccf] [/home/u991737198/domains/tas2023.online/public_html/tmp/3hn69l4qoa804.3g8shy2588w00.php:385] Base->{closure}()
Fri, 14 Nov 2025 00:53:44 +0000 [2607:fb90:e28a:c02d:60b0:fd71:670:bccf] [/home/u991737198/domains/tas2023.online/public_html/lib/base.php:3036] require('/home/u991737198/domains/tas2023.online/public_html/tmp/3hn69l4qoa804.3g8shy2588w00.php')
Fri, 14 Nov 2025 00:53:44 +0000 [2607:fb90:e28a:c02d:60b0:fd71:670:bccf] [/home/u991737198/domains/tas2023.online/public_html/lib/base.php:3281] View->sandbox()
Fri, 14 Nov 2025 00:53:44 +0000 [2607:fb90:e28a:c02d:60b0:fd71:670:bccf] [/home/u991737198/domains/tas2023.online/public_html/tmp/3hn69l4qoa804.3h31n1yj254w8.php:7] Preview->render()
Fri, 14 Nov 2025 00:53:44 +0000 [2607:fb90:e28a:c02d:60b0:fd71:670:bccf] [/home/u991737198/domains/tas2023.online/public_html/lib/base.php:3036] require('/home/u991737198/domains/tas2023.online/public_html/tmp/3hn69l4qoa804.3h31n1yj254w8.php')
Fri, 14 Nov 2025 00:53:44 +0000 [2607:fb90:e28a:c02d:60b0:fd71:670:bccf] [/home/u991737198/domains/tas2023.online/public_html/lib/base.php:3281] View->sandbox()
Fri, 14 Nov 2025 00:53:44 +0000 [2607:fb90:e28a:c02d:60b0:fd71:670:bccf] [/home/u991737198/domains/tas2023.online/public_html/app/controllers/Controller.php:87] Preview->render()
Fri, 14 Nov 2025 00:53:44 +0000 [2607:fb90:e28a:c02d:60b0:fd71:670:bccf] [/home/u991737198/domains/tas2023.online/public_html/lib/base.php:2078] Controller->afterroute()
Fri, 14 Nov 2025 00:53:44 +0000 [2607:fb90:e28a:c02d:60b0:fd71:670:bccf] [/home/u991737198/domains/tas2023.online/public_html/lib/base.php:1871] Base->call()
Fri, 14 Nov 2025 00:53:44 +0000 [2607:fb90:e28a:c02d:60b0:fd71:670:bccf] [/home/u991737198/domains/tas2023.online/public_html/index.php:19] Base->run()
Fri, 14 Nov 2025 00:54:36 +0000 [2607:fb90:e28a:c02d:60b0:fd71:670:bccf] 500: Undefined variable $entity_num trace: [tmp/3hn69l4qoa804.man4oes5p0l2.php:177]
Fri, 14 Nov 2025 00:54:36 +0000 [2607:fb90:e28a:c02d:60b0:fd71:670:bccf] [tmp/3hn69l4qoa804.man4oes5p0l2.php:177] Base->{closure}()
Fri, 14 Nov 2025 00:54:36 +0000 [2607:fb90:e28a:c02d:60b0:fd71:670:bccf] [lib/base.php:3036] require('/home/u991737198/domains/tas2023.online/public_html/tmp/3hn69l4qoa804.man4oes5p0l2.php')
Fri, 14 Nov 2025 00:54:36 +0000 [2607:fb90:e28a:c02d:60b0:fd71:670:bccf] [lib/base.php:3281] View->sandbox()
Fri, 14 Nov 2025 00:54:36 +0000 [2607:fb90:e28a:c02d:60b0:fd71:670:bccf] [tmp/3hn69l4qoa804.3h31n1yj254w8.php:7] Preview->render()
Fri, 14 Nov 2025 00:54:36 +0000 [2607:fb90:e28a:c02d:60b0:fd71:670:bccf] [lib/base.php:3036] require('/home/u991737198/domains/tas2023.online/public_html/tmp/3hn69l4qoa804.3h31n1yj254w8.php')
Fri, 14 Nov 2025 00:54:36 +0000 [2607:fb90:e28a:c02d:60b0:fd71:670:bccf] [lib/base.php:3281] View->sandbox()
Fri, 14 Nov 2025 00:54:36 +0000 [2607:fb90:e28a:c02d:60b0:fd71:670:bccf] [app/controllers/Controller.php:87] Preview->render()
Fri, 14 Nov 2025 00:54:36 +0000 [2607:fb90:e28a:c02d:60b0:fd71:670:bccf] [lib/base.php:2078] Controller->afterroute()
Fri, 14 Nov 2025 00:54:36 +0000 [2607:fb90:e28a:c02d:60b0:fd71:670:bccf] [lib/base.php:1871] Base->call()
Fri, 14 Nov 2025 00:54:36 +0000 [2607:fb90:e28a:c02d:60b0:fd71:670:bccf] [index.php:19] Base->run()
Fri, 14 Nov 2025 00:54:47 +0000 [2607:fb90:e28a:c02d:60b0:fd71:670:bccf] 500: Undefined variable $selected_note trace: [/home/u991737198/domains/tas2023.online/public_html/tmp/3hn69l4qoa804.3g8shy2588w00.php:385]
Fri, 14 Nov 2025 00:54:47 +0000 [2607:fb90:e28a:c02d:60b0:fd71:670:bccf] [/home/u991737198/domains/tas2023.online/public_html/tmp/3hn69l4qoa804.3g8shy2588w00.php:385] Base->{closure}()
Fri, 14 Nov 2025 00:54:47 +0000 [2607:fb90:e28a:c02d:60b0:fd71:670:bccf] [/home/u991737198/domains/tas2023.online/public_html/lib/base.php:3036] require('/home/u991737198/domains/tas2023.online/public_html/tmp/3hn69l4qoa804.3g8shy2588w00.php')
Fri, 14 Nov 2025 00:54:47 +0000 [2607:fb90:e28a:c02d:60b0:fd71:670:bccf] [/home/u991737198/domains/tas2023.online/public_html/lib/base.php:3281] View->sandbox()
Fri, 14 Nov 2025 00:54:47 +0000 [2607:fb90:e28a:c02d:60b0:fd71:670:bccf] [/home/u991737198/domains/tas2023.online/public_html/tmp/3hn69l4qoa804.3h31n1yj254w8.php:7] Preview->render()
Fri, 14 Nov 2025 00:54:47 +0000 [2607:fb90:e28a:c02d:60b0:fd71:670:bccf] [/home/u991737198/domains/tas2023.online/public_html/lib/base.php:3036] require('/home/u991737198/domains/tas2023.online/public_html/tmp/3hn69l4qoa804.3h31n1yj254w8.php')
Fri, 14 Nov 2025 00:54:47 +0000 [2607:fb90:e28a:c02d:60b0:fd71:670:bccf] [/home/u991737198/domains/tas2023.online/public_html/lib/base.php:3281] View->sandbox()
Fri, 14 Nov 2025 00:54:47 +0000 [2607:fb90:e28a:c02d:60b0:fd71:670:bccf] [/home/u991737198/domains/tas2023.online/public_html/app/controllers/Controller.php:87] Preview->render()
Fri, 14 Nov 2025 00:54:47 +0000 [2607:fb90:e28a:c02d:60b0:fd71:670:bccf] [/home/u991737198/domains/tas2023.online/public_html/lib/base.php:2078] Controller->afterroute()
Fri, 14 Nov 2025 00:54:47 +0000 [2607:fb90:e28a:c02d:60b0:fd71:670:bccf] [/home/u991737198/domains/tas2023.online/public_html/lib/base.php:1871] Base->call()
Fri, 14 Nov 2025 00:54:47 +0000 [2607:fb90:e28a:c02d:60b0:fd71:670:bccf] [/home/u991737198/domains/tas2023.online/public_html/index.php:19] Base->run()
Fri, 14 Nov 2025 00:54:52 +0000 [2607:fb90:e28a:c02d:60b0:fd71:670:bccf] 500: Undefined variable $selected_note trace: [/home/u991737198/domains/tas2023.online/public_html/tmp/3hn69l4qoa804.3g8shy2588w00.php:385]
Fri, 14 Nov 2025 00:54:52 +0000 [2607:fb90:e28a:c02d:60b0:fd71:670:bccf] [/home/u991737198/domains/tas2023.online/public_html/tmp/3hn69l4qoa804.3g8shy2588w00.php:385] Base->{closure}()
Fri, 14 Nov 2025 00:54:52 +0000 [2607:fb90:e28a:c02d:60b0:fd71:670:bccf] [/home/u991737198/domains/tas2023.online/public_html/lib/base.php:3036] require('/home/u991737198/domains/tas2023.online/public_html/tmp/3hn69l4qoa804.3g8shy2588w00.php')
Fri, 14 Nov 2025 00:54:52 +0000 [2607:fb90:e28a:c02d:60b0:fd71:670:bccf] [/home/u991737198/domains/tas2023.online/public_html/lib/base.php:3281] View->sandbox()
Fri, 14 Nov 2025 00:54:52 +0000 [2607:fb90:e28a:c02d:60b0:fd71:670:bccf] [/home/u991737198/domains/tas2023.online/public_html/tmp/3hn69l4qoa804.3h31n1yj254w8.php:7] Preview->render()
Fri, 14 Nov 2025 00:54:52 +0000 [2607:fb90:e28a:c02d:60b0:fd71:670:bccf] [/home/u991737198/domains/tas2023.online/public_html/lib/base.php:3036] require('/home/u991737198/domains/tas2023.online/public_html/tmp/3hn69l4qoa804.3h31n1yj254w8.php')
Fri, 14 Nov 2025 00:54:52 +0000 [2607:fb90:e28a:c02d:60b0:fd71:670:bccf] [/home/u991737198/domains/tas2023.online/public_html/lib/base.php:3281] View->sandbox()
Fri, 14 Nov 2025 00:54:52 +0000 [2607:fb90:e28a:c02d:60b0:fd71:670:bccf] [/home/u991737198/domains/tas2023.online/public_html/app/controllers/Controller.php:87] Preview->render()
Fri, 14 Nov 2025 00:54:52 +0000 [2607:fb90:e28a:c02d:60b0:fd71:670:bccf] [/home/u991737198/domains/tas2023.online/public_html/lib/base.php:2078] Controller->afterroute()
Fri, 14 Nov 2025 00:54:52 +0000 [2607:fb90:e28a:c02d:60b0:fd71:670:bccf] [/home/u991737198/domains/tas2023.online/public_html/lib/base.php:1871] Base->call()
Fri, 14 Nov 2025 00:54:52 +0000 [2607:fb90:e28a:c02d:60b0:fd71:670:bccf] [/home/u991737198/domains/tas2023.online/public_html/index.php:19] Base->run()
Fri, 14 Nov 2025 00:55:05 +0000 [2607:fb90:e28a:c02d:60b0:fd71:670:bccf] 500: Undefined array key 1 trace: [app/controllers/PersonController.php:247]
Fri, 14 Nov 2025 00:55:05 +0000 [2607:fb90:e28a:c02d:60b0:fd71:670:bccf] [app/controllers/PersonController.php:247] Base->{closure}()
Fri, 14 Nov 2025 00:55:05 +0000 [2607:fb90:e28a:c02d:60b0:fd71:670:bccf] [app/controllers/PersonController.php:238] PersonController->calculate_age()
Fri, 14 Nov 2025 00:55:05 +0000 [2607:fb90:e28a:c02d:60b0:fd71:670:bccf] [lib/base.php:2072] PersonController->update()
Fri, 14 Nov 2025 00:55:05 +0000 [2607:fb90:e28a:c02d:60b0:fd71:670:bccf] [lib/base.php:1871] Base->call()
Fri, 14 Nov 2025 00:55:05 +0000 [2607:fb90:e28a:c02d:60b0:fd71:670:bccf] [index.php:19] Base->run()
Fri, 14 Nov 2025 00:55:18 +0000 [2607:fb90:e28a:c02d:60b0:fd71:670:bccf] 500: Undefined variable $selected_note trace: [/home/u991737198/domains/tas2023.online/public_html/tmp/3hn69l4qoa804.3g8shy2588w00.php:385]
Fri, 14 Nov 2025 00:55:18 +0000 [2607:fb90:e28a:c02d:60b0:fd71:670:bccf] [/home/u991737198/domains/tas2023.online/public_html/tmp/3hn69l4qoa804.3g8shy2588w00.php:385] Base->{closure}()
Fri, 14 Nov 2025 00:55:18 +0000 [2607:fb90:e28a:c02d:60b0:fd71:670:bccf] [/home/u991737198/domains/tas2023.online/public_html/lib/base.php:3036] require('/home/u991737198/domains/tas2023.online/public_html/tmp/3hn69l4qoa804.3g8shy2588w00.php')
Fri, 14 Nov 2025 00:55:18 +0000 [2607:fb90:e28a:c02d:60b0:fd71:670:bccf] [/home/u991737198/domains/tas2023.online/public_html/lib/base.php:3281] View->sandbox()
Fri, 14 Nov 2025 00:55:18 +0000 [2607:fb90:e28a:c02d:60b0:fd71:670:bccf] [/home/u991737198/domains/tas2023.online/public_html/tmp/3hn69l4qoa804.3h31n1yj254w8.php:7] Preview->render()
Fri, 14 Nov 2025 00:55:18 +0000 [2607:fb90:e28a:c02d:60b0:fd71:670:bccf] [/home/u991737198/domains/tas2023.online/public_html/lib/base.php:3036] require('/home/u991737198/domains/tas2023.online/public_html/tmp/3hn69l4qoa804.3h31n1yj254w8.php')
Fri, 14 Nov 2025 00:55:18 +0000 [2607:fb90:e28a:c02d:60b0:fd71:670:bccf] [/home/u991737198/domains/tas2023.online/public_html/lib/base.php:3281] View->sandbox()
Fri, 14 Nov 2025 00:55:18 +0000 [2607:fb90:e28a:c02d:60b0:fd71:670:bccf] [/home/u991737198/domains/tas2023.online/public_html/app/controllers/Controller.php:87] Preview->render()
Fri, 14 Nov 2025 00:55:18 +0000 [2607:fb90:e28a:c02d:60b0:fd71:670:bccf] [/home/u991737198/domains/tas2023.online/public_html/lib/base.php:2078] Controller->afterroute()
Fri, 14 Nov 2025 00:55:18 +0000 [2607:fb90:e28a:c02d:60b0:fd71:670:bccf] [/home/u991737198/domains/tas2023.online/public_html/lib/base.php:1871] Base->call()
Fri, 14 Nov 2025 00:55:18 +0000 [2607:fb90:e28a:c02d:60b0:fd71:670:bccf] [/home/u991737198/domains/tas2023.online/public_html/index.php:19] Base->run()
Fri, 14 Nov 2025 00:55:26 +0000 [2607:fb90:e28a:c02d:60b0:fd71:670:bccf] 500: Undefined variable $selected_note trace: [/home/u991737198/domains/tas2023.online/public_html/tmp/3hn69l4qoa804.3g8shy2588w00.php:385]
Fri, 14 Nov 2025 00:55:26 +0000 [2607:fb90:e28a:c02d:60b0:fd71:670:bccf] [/home/u991737198/domains/tas2023.online/public_html/tmp/3hn69l4qoa804.3g8shy2588w00.php:385] Base->{closure}()
Fri, 14 Nov 2025 00:55:26 +0000 [2607:fb90:e28a:c02d:60b0:fd71:670:bccf] [/home/u991737198/domains/tas2023.online/public_html/lib/base.php:3036] require('/home/u991737198/domains/tas2023.online/public_html/tmp/3hn69l4qoa804.3g8shy2588w00.php')
Fri, 14 Nov 2025 00:55:26 +0000 [2607:fb90:e28a:c02d:60b0:fd71:670:bccf] [/home/u991737198/domains/tas2023.online/public_html/lib/base.php:3281] View->sandbox()
Fri, 14 Nov 2025 00:55:26 +0000 [2607:fb90:e28a:c02d:60b0:fd71:670:bccf] [/home/u991737198/domains/tas2023.online/public_html/tmp/3hn69l4qoa804.3h31n1yj254w8.php:7] Preview->render()
Fri, 14 Nov 2025 00:55:26 +0000 [2607:fb90:e28a:c02d:60b0:fd71:670:bccf] [/home/u991737198/domains/tas2023.online/public_html/lib/base.php:3036] require('/home/u991737198/domains/tas2023.online/public_html/tmp/3hn69l4qoa804.3h31n1yj254w8.php')
Fri, 14 Nov 2025 00:55:26 +0000 [2607:fb90:e28a:c02d:60b0:fd71:670:bccf] [/home/u991737198/domains/tas2023.online/public_html/lib/base.php:3281] View->sandbox()
Fri, 14 Nov 2025 00:55:26 +0000 [2607:fb90:e28a:c02d:60b0:fd71:670:bccf] [/home/u991737198/domains/tas2023.online/public_html/app/controllers/Controller.php:87] Preview->render()
Fri, 14 Nov 2025 00:55:26 +0000 [2607:fb90:e28a:c02d:60b0:fd71:670:bccf] [/home/u991737198/domains/tas2023.online/public_html/lib/base.php:2078] Controller->afterroute()
Fri, 14 Nov 2025 00:55:26 +0000 [2607:fb90:e28a:c02d:60b0:fd71:670:bccf] [/home/u991737198/domains/tas2023.online/public_html/lib/base.php:1871] Base->call()
Fri, 14 Nov 2025 00:55:26 +0000 [2607:fb90:e28a:c02d:60b0:fd71:670:bccf] [/home/u991737198/domains/tas2023.online/public_html/index.php:19] Base->run()
Fri, 14 Nov 2025 00:56:11 +0000 [2607:fb90:e28a:c02d:60b0:fd71:670:bccf] 500: Undefined variable $selected_note trace: [/home/u991737198/domains/tas2023.online/public_html/tmp/3hn69l4qoa804.3g8shy2588w00.php:385]
Fri, 14 Nov 2025 00:56:11 +0000 [2607:fb90:e28a:c02d:60b0:fd71:670:bccf] [/home/u991737198/domains/tas2023.online/public_html/tmp/3hn69l4qoa804.3g8shy2588w00.php:385] Base->{closure}()
Fri, 14 Nov 2025 00:56:11 +0000 [2607:fb90:e28a:c02d:60b0:fd71:670:bccf] [/home/u991737198/domains/tas2023.online/public_html/lib/base.php:3036] require('/home/u991737198/domains/tas2023.online/public_html/tmp/3hn69l4qoa804.3g8shy2588w00.php')
Fri, 14 Nov 2025 00:56:11 +0000 [2607:fb90:e28a:c02d:60b0:fd71:670:bccf] [/home/u991737198/domains/tas2023.online/public_html/lib/base.php:3281] View->sandbox()
Fri, 14 Nov 2025 00:56:11 +0000 [2607:fb90:e28a:c02d:60b0:fd71:670:bccf] [/home/u991737198/domains/tas2023.online/public_html/tmp/3hn69l4qoa804.3h31n1yj254w8.php:7] Preview->render()
Fri, 14 Nov 2025 00:56:11 +0000 [2607:fb90:e28a:c02d:60b0:fd71:670:bccf] [/home/u991737198/domains/tas2023.online/public_html/lib/base.php:3036] require('/home/u991737198/domains/tas2023.online/public_html/tmp/3hn69l4qoa804.3h31n1yj254w8.php')
Fri, 14 Nov 2025 00:56:11 +0000 [2607:fb90:e28a:c02d:60b0:fd71:670:bccf] [/home/u991737198/domains/tas2023.online/public_html/lib/base.php:3281] View->sandbox()
Fri, 14 Nov 2025 00:56:11 +0000 [2607:fb90:e28a:c02d:60b0:fd71:670:bccf] [/home/u991737198/domains/tas2023.online/public_html/app/controllers/Controller.php:87] Preview->render()
Fri, 14 Nov 2025 00:56:11 +0000 [2607:fb90:e28a:c02d:60b0:fd71:670:bccf] [/home/u991737198/domains/tas2023.online/public_html/lib/base.php:2078] Controller->afterroute()
Fri, 14 Nov 2025 00:56:11 +0000 [2607:fb90:e28a:c02d:60b0:fd71:670:bccf] [/home/u991737198/domains/tas2023.online/public_html/lib/base.php:1871] Base->call()
Fri, 14 Nov 2025 00:56:11 +0000 [2607:fb90:e28a:c02d:60b0:fd71:670:bccf] [/home/u991737198/domains/tas2023.online/public_html/index.php:19] Base->run()
Fri, 14 Nov 2025 00:56:27 +0000 [2607:fb90:e28a:c02d:60b0:fd71:670:bccf] 500: Undefined variable $selected_note trace: [/home/u991737198/domains/tas2023.online/public_html/tmp/3hn69l4qoa804.3g8shy2588w00.php:385]
Fri, 14 Nov 2025 00:56:27 +0000 [2607:fb90:e28a:c02d:60b0:fd71:670:bccf] [/home/u991737198/domains/tas2023.online/public_html/tmp/3hn69l4qoa804.3g8shy2588w00.php:385] Base->{closure}()
Fri, 14 Nov 2025 00:56:27 +0000 [2607:fb90:e28a:c02d:60b0:fd71:670:bccf] [/home/u991737198/domains/tas2023.online/public_html/lib/base.php:3036] require('/home/u991737198/domains/tas2023.online/public_html/tmp/3hn69l4qoa804.3g8shy2588w00.php')
Fri, 14 Nov 2025 00:56:27 +0000 [2607:fb90:e28a:c02d:60b0:fd71:670:bccf] [/home/u991737198/domains/tas2023.online/public_html/lib/base.php:3281] View->sandbox()
Fri, 14 Nov 2025 00:56:27 +0000 [2607:fb90:e28a:c02d:60b0:fd71:670:bccf] [/home/u991737198/domains/tas2023.online/public_html/tmp/3hn69l4qoa804.3h31n1yj254w8.php:7] Preview->render()
Fri, 14 Nov 2025 00:56:27 +0000 [2607:fb90:e28a:c02d:60b0:fd71:670:bccf] [/home/u991737198/domains/tas2023.online/public_html/lib/base.php:3036] require('/home/u991737198/domains/tas2023.online/public_html/tmp/3hn69l4qoa804.3h31n1yj254w8.php')
Fri, 14 Nov 2025 00:56:27 +0000 [2607:fb90:e28a:c02d:60b0:fd71:670:bccf] [/home/u991737198/domains/tas2023.online/public_html/lib/base.php:3281] View->sandbox()
Fri, 14 Nov 2025 00:56:27 +0000 [2607:fb90:e28a:c02d:60b0:fd71:670:bccf] [/home/u991737198/domains/tas2023.online/public_html/app/controllers/Controller.php:87] Preview->render()
Fri, 14 Nov 2025 00:56:27 +0000 [2607:fb90:e28a:c02d:60b0:fd71:670:bccf] [/home/u991737198/domains/tas2023.online/public_html/lib/base.php:2078] Controller->afterroute()
Fri, 14 Nov 2025 00:56:27 +0000 [2607:fb90:e28a:c02d:60b0:fd71:670:bccf] [/home/u991737198/domains/tas2023.online/public_html/lib/base.php:1871] Base->call()
Fri, 14 Nov 2025 00:56:27 +0000 [2607:fb90:e28a:c02d:60b0:fd71:670:bccf] [/home/u991737198/domains/tas2023.online/public_html/index.php:19] Base->run()
Fri, 14 Nov 2025 00:56:35 +0000 [2607:fb90:e28a:c02d:60b0:fd71:670:bccf] 500: Undefined variable $entity_num trace: [tmp/3hn69l4qoa804.man4oes5p0l2.php:177]
Fri, 14 Nov 2025 00:56:35 +0000 [2607:fb90:e28a:c02d:60b0:fd71:670:bccf] [tmp/3hn69l4qoa804.man4oes5p0l2.php:177] Base->{closure}()
Fri, 14 Nov 2025 00:56:35 +0000 [2607:fb90:e28a:c02d:60b0:fd71:670:bccf] [lib/base.php:3036] require('/home/u991737198/domains/tas2023.online/public_html/tmp/3hn69l4qoa804.man4oes5p0l2.php')
Fri, 14 Nov 2025 00:56:35 +0000 [2607:fb90:e28a:c02d:60b0:fd71:670:bccf] [lib/base.php:3281] View->sandbox()
Fri, 14 Nov 2025 00:56:35 +0000 [2607:fb90:e28a:c02d:60b0:fd71:670:bccf] [tmp/3hn69l4qoa804.3h31n1yj254w8.php:7] Preview->render()
Fri, 14 Nov 2025 00:56:35 +0000 [2607:fb90:e28a:c02d:60b0:fd71:670:bccf] [lib/base.php:3036] require('/home/u991737198/domains/tas2023.online/public_html/tmp/3hn69l4qoa804.3h31n1yj254w8.php')
Fri, 14 Nov 2025 00:56:35 +0000 [2607:fb90:e28a:c02d:60b0:fd71:670:bccf] [lib/base.php:3281] View->sandbox()
Fri, 14 Nov 2025 00:56:35 +0000 [2607:fb90:e28a:c02d:60b0:fd71:670:bccf] [app/controllers/Controller.php:87] Preview->render()
Fri, 14 Nov 2025 00:56:35 +0000 [2607:fb90:e28a:c02d:60b0:fd71:670:bccf] [lib/base.php:2078] Controller->afterroute()
Fri, 14 Nov 2025 00:56:35 +0000 [2607:fb90:e28a:c02d:60b0:fd71:670:bccf] [lib/base.php:1871] Base->call()
Fri, 14 Nov 2025 00:56:35 +0000 [2607:fb90:e28a:c02d:60b0:fd71:670:bccf] [index.php:19] Base->run()
Fri, 14 Nov 2025 07:21:14 +0000 [204.137.14.71] 500: Undefined field activado trace: [lib/db/sql/mapper.php:132]
Fri, 14 Nov 2025 07:21:14 +0000 [204.137.14.71] [lib/db/sql/mapper.php:132] user_error()
Fri, 14 Nov 2025 07:21:14 +0000 [204.137.14.71] [lib/magic.php:89] DB\SQL\Mapper->get()
Fri, 14 Nov 2025 07:21:14 +0000 [204.137.14.71] [lib/magic.php:131] Magic->offsetget()
Fri, 14 Nov 2025 07:21:14 +0000 [204.137.14.71] [app/controllers/UserController.php:453] Magic->__get()
Fri, 14 Nov 2025 07:21:14 +0000 [204.137.14.71] [lib/base.php:2072] UserController->create()
Fri, 14 Nov 2025 07:21:14 +0000 [204.137.14.71] [lib/base.php:1871] Base->call()
Fri, 14 Nov 2025 07:21:14 +0000 [204.137.14.71] [index.php:19] Base->run()
