Thu, 10 Jul 2025 00:57:44 +0000 [109.238.92.122] 500: Undefined field activado trace: [lib/db/sql/mapper.php:132]
Thu, 10 Jul 2025 00:57:44 +0000 [109.238.92.122] [lib/db/sql/mapper.php:132] user_error()
Thu, 10 Jul 2025 00:57:44 +0000 [109.238.92.122] [lib/magic.php:89] DB\SQL\Mapper->get()
Thu, 10 Jul 2025 00:57:44 +0000 [109.238.92.122] [lib/magic.php:131] Magic->offsetget()
Thu, 10 Jul 2025 00:57:44 +0000 [109.238.92.122] [app/controllers/UserController.php:453] Magic->__get()
Thu, 10 Jul 2025 00:57:44 +0000 [109.238.92.122] [lib/base.php:2072] UserController->create()
Thu, 10 Jul 2025 00:57:44 +0000 [109.238.92.122] [lib/base.php:1871] Base->call()
Thu, 10 Jul 2025 00:57:44 +0000 [109.238.92.122] [index.php:19] Base->run()
Thu, 10 Jul 2025 02:30:15 +0000 [2601:300:4b80:1b0:38ba:ae9:2977:313b] 500: Undefined variable $selected_note trace: [/home/u991737198/domains/tas2023.online/public_html/tmp/3hn69l4qoa804.3g8shy2588w00.php:385]
Thu, 10 Jul 2025 02:30:15 +0000 [2601:300:4b80:1b0:38ba:ae9:2977:313b] [/home/u991737198/domains/tas2023.online/public_html/tmp/3hn69l4qoa804.3g8shy2588w00.php:385] Base->{closure}()
Thu, 10 Jul 2025 02:30:15 +0000 [2601:300:4b80:1b0:38ba:ae9:2977:313b] [/home/u991737198/domains/tas2023.online/public_html/lib/base.php:3036] require('/home/u991737198/domains/tas2023.online/public_html/tmp/3hn69l4qoa804.3g8shy2588w00.php')
Thu, 10 Jul 2025 02:30:15 +0000 [2601:300:4b80:1b0:38ba:ae9:2977:313b] [/home/u991737198/domains/tas2023.online/public_html/lib/base.php:3281] View->sandbox()
Thu, 10 Jul 2025 02:30:15 +0000 [2601:300:4b80:1b0:38ba:ae9:2977:313b] [/home/u991737198/domains/tas2023.online/public_html/tmp/3hn69l4qoa804.3h31n1yj254w8.php:7] Preview->render()
Thu, 10 Jul 2025 02:30:15 +0000 [2601:300:4b80:1b0:38ba:ae9:2977:313b] [/home/u991737198/domains/tas2023.online/public_html/lib/base.php:3036] require('/home/u991737198/domains/tas2023.online/public_html/tmp/3hn69l4qoa804.3h31n1yj254w8.php')
Thu, 10 Jul 2025 02:30:15 +0000 [2601:300:4b80:1b0:38ba:ae9:2977:313b] [/home/u991737198/domains/tas2023.online/public_html/lib/base.php:3281] View->sandbox()
Thu, 10 Jul 2025 02:30:15 +0000 [2601:300:4b80:1b0:38ba:ae9:2977:313b] [/home/u991737198/domains/tas2023.online/public_html/app/controllers/Controller.php:87] Preview->render()
Thu, 10 Jul 2025 02:30:15 +0000 [2601:300:4b80:1b0:38ba:ae9:2977:313b] [/home/u991737198/domains/tas2023.online/public_html/lib/base.php:2078] Controller->afterroute()
Thu, 10 Jul 2025 02:30:15 +0000 [2601:300:4b80:1b0:38ba:ae9:2977:313b] [/home/u991737198/domains/tas2023.online/public_html/lib/base.php:1871] Base->call()
Thu, 10 Jul 2025 02:30:15 +0000 [2601:300:4b80:1b0:38ba:ae9:2977:313b] [/home/u991737198/domains/tas2023.online/public_html/index.php:19] Base->run()
Thu, 10 Jul 2025 02:30:46 +0000 [2601:300:4b80:1b0:38ba:ae9:2977:313b] 500: Undefined variable $selected_note trace: [/home/u991737198/domains/tas2023.online/public_html/tmp/3hn69l4qoa804.3g8shy2588w00.php:385]
Thu, 10 Jul 2025 02:30:46 +0000 [2601:300:4b80:1b0:38ba:ae9:2977:313b] [/home/u991737198/domains/tas2023.online/public_html/tmp/3hn69l4qoa804.3g8shy2588w00.php:385] Base->{closure}()
Thu, 10 Jul 2025 02:30:46 +0000 [2601:300:4b80:1b0:38ba:ae9:2977:313b] [/home/u991737198/domains/tas2023.online/public_html/lib/base.php:3036] require('/home/u991737198/domains/tas2023.online/public_html/tmp/3hn69l4qoa804.3g8shy2588w00.php')
Thu, 10 Jul 2025 02:30:46 +0000 [2601:300:4b80:1b0:38ba:ae9:2977:313b] [/home/u991737198/domains/tas2023.online/public_html/lib/base.php:3281] View->sandbox()
Thu, 10 Jul 2025 02:30:46 +0000 [2601:300:4b80:1b0:38ba:ae9:2977:313b] [/home/u991737198/domains/tas2023.online/public_html/tmp/3hn69l4qoa804.3h31n1yj254w8.php:7] Preview->render()
Thu, 10 Jul 2025 02:30:46 +0000 [2601:300:4b80:1b0:38ba:ae9:2977:313b] [/home/u991737198/domains/tas2023.online/public_html/lib/base.php:3036] require('/home/u991737198/domains/tas2023.online/public_html/tmp/3hn69l4qoa804.3h31n1yj254w8.php')
Thu, 10 Jul 2025 02:30:46 +0000 [2601:300:4b80:1b0:38ba:ae9:2977:313b] [/home/u991737198/domains/tas2023.online/public_html/lib/base.php:3281] View->sandbox()
Thu, 10 Jul 2025 02:30:46 +0000 [2601:300:4b80:1b0:38ba:ae9:2977:313b] [/home/u991737198/domains/tas2023.online/public_html/app/controllers/Controller.php:87] Preview->render()
Thu, 10 Jul 2025 02:30:46 +0000 [2601:300:4b80:1b0:38ba:ae9:2977:313b] [/home/u991737198/domains/tas2023.online/public_html/lib/base.php:2078] Controller->afterroute()
Thu, 10 Jul 2025 02:30:46 +0000 [2601:300:4b80:1b0:38ba:ae9:2977:313b] [/home/u991737198/domains/tas2023.online/public_html/lib/base.php:1871] Base->call()
Thu, 10 Jul 2025 02:30:46 +0000 [2601:300:4b80:1b0:38ba:ae9:2977:313b] [/home/u991737198/domains/tas2023.online/public_html/index.php:19] Base->run()
Thu, 10 Jul 2025 02:31:00 +0000 [2601:300:4b80:1b0:38ba:ae9:2977:313b] 500: Undefined variable $selected_note trace: [/home/u991737198/domains/tas2023.online/public_html/tmp/3hn69l4qoa804.3g8shy2588w00.php:385]
Thu, 10 Jul 2025 02:31:00 +0000 [2601:300:4b80:1b0:38ba:ae9:2977:313b] [/home/u991737198/domains/tas2023.online/public_html/tmp/3hn69l4qoa804.3g8shy2588w00.php:385] Base->{closure}()
Thu, 10 Jul 2025 02:31:00 +0000 [2601:300:4b80:1b0:38ba:ae9:2977:313b] [/home/u991737198/domains/tas2023.online/public_html/lib/base.php:3036] require('/home/u991737198/domains/tas2023.online/public_html/tmp/3hn69l4qoa804.3g8shy2588w00.php')
Thu, 10 Jul 2025 02:31:00 +0000 [2601:300:4b80:1b0:38ba:ae9:2977:313b] [/home/u991737198/domains/tas2023.online/public_html/lib/base.php:3281] View->sandbox()
Thu, 10 Jul 2025 02:31:00 +0000 [2601:300:4b80:1b0:38ba:ae9:2977:313b] [/home/u991737198/domains/tas2023.online/public_html/tmp/3hn69l4qoa804.3h31n1yj254w8.php:7] Preview->render()
Thu, 10 Jul 2025 02:31:00 +0000 [2601:300:4b80:1b0:38ba:ae9:2977:313b] [/home/u991737198/domains/tas2023.online/public_html/lib/base.php:3036] require('/home/u991737198/domains/tas2023.online/public_html/tmp/3hn69l4qoa804.3h31n1yj254w8.php')
Thu, 10 Jul 2025 02:31:00 +0000 [2601:300:4b80:1b0:38ba:ae9:2977:313b] [/home/u991737198/domains/tas2023.online/public_html/lib/base.php:3281] View->sandbox()
Thu, 10 Jul 2025 02:31:00 +0000 [2601:300:4b80:1b0:38ba:ae9:2977:313b] [/home/u991737198/domains/tas2023.online/public_html/app/controllers/Controller.php:87] Preview->render()
Thu, 10 Jul 2025 02:31:00 +0000 [2601:300:4b80:1b0:38ba:ae9:2977:313b] [/home/u991737198/domains/tas2023.online/public_html/lib/base.php:2078] Controller->afterroute()
Thu, 10 Jul 2025 02:31:00 +0000 [2601:300:4b80:1b0:38ba:ae9:2977:313b] [/home/u991737198/domains/tas2023.online/public_html/lib/base.php:1871] Base->call()
Thu, 10 Jul 2025 02:31:00 +0000 [2601:300:4b80:1b0:38ba:ae9:2977:313b] [/home/u991737198/domains/tas2023.online/public_html/index.php:19] Base->run()
Thu, 10 Jul 2025 02:31:08 +0000 [2601:300:4b80:1b0:38ba:ae9:2977:313b] 500: Undefined variable $selected_note trace: [/home/u991737198/domains/tas2023.online/public_html/tmp/3hn69l4qoa804.3g8shy2588w00.php:385]
Thu, 10 Jul 2025 02:31:08 +0000 [2601:300:4b80:1b0:38ba:ae9:2977:313b] [/home/u991737198/domains/tas2023.online/public_html/tmp/3hn69l4qoa804.3g8shy2588w00.php:385] Base->{closure}()
Thu, 10 Jul 2025 02:31:08 +0000 [2601:300:4b80:1b0:38ba:ae9:2977:313b] [/home/u991737198/domains/tas2023.online/public_html/lib/base.php:3036] require('/home/u991737198/domains/tas2023.online/public_html/tmp/3hn69l4qoa804.3g8shy2588w00.php')
Thu, 10 Jul 2025 02:31:08 +0000 [2601:300:4b80:1b0:38ba:ae9:2977:313b] [/home/u991737198/domains/tas2023.online/public_html/lib/base.php:3281] View->sandbox()
Thu, 10 Jul 2025 02:31:08 +0000 [2601:300:4b80:1b0:38ba:ae9:2977:313b] [/home/u991737198/domains/tas2023.online/public_html/tmp/3hn69l4qoa804.3h31n1yj254w8.php:7] Preview->render()
Thu, 10 Jul 2025 02:31:08 +0000 [2601:300:4b80:1b0:38ba:ae9:2977:313b] [/home/u991737198/domains/tas2023.online/public_html/lib/base.php:3036] require('/home/u991737198/domains/tas2023.online/public_html/tmp/3hn69l4qoa804.3h31n1yj254w8.php')
Thu, 10 Jul 2025 02:31:08 +0000 [2601:300:4b80:1b0:38ba:ae9:2977:313b] [/home/u991737198/domains/tas2023.online/public_html/lib/base.php:3281] View->sandbox()
Thu, 10 Jul 2025 02:31:08 +0000 [2601:300:4b80:1b0:38ba:ae9:2977:313b] [/home/u991737198/domains/tas2023.online/public_html/app/controllers/Controller.php:87] Preview->render()
Thu, 10 Jul 2025 02:31:08 +0000 [2601:300:4b80:1b0:38ba:ae9:2977:313b] [/home/u991737198/domains/tas2023.online/public_html/lib/base.php:2078] Controller->afterroute()
Thu, 10 Jul 2025 02:31:08 +0000 [2601:300:4b80:1b0:38ba:ae9:2977:313b] [/home/u991737198/domains/tas2023.online/public_html/lib/base.php:1871] Base->call()
Thu, 10 Jul 2025 02:31:08 +0000 [2601:300:4b80:1b0:38ba:ae9:2977:313b] [/home/u991737198/domains/tas2023.online/public_html/index.php:19] Base->run()
