Tue, 11 Mar 2025 15:44:30 +0000 [2600:1006:b014:48fa:e4a4:459f:cde6:96d7] 401: HTTP 401 (GET /task/userNotesCount) trace: [/home/u991737198/domains/tas2023.online/public_html/lib/access.php:112] Base->error()
Tue, 11 Mar 2025 15:44:30 +0000 [2600:1006:b014:48fa:e4a4:459f:cde6:96d7] 401: HTTP 401 (GET /task/taskDistribution) trace: [/home/u991737198/domains/tas2023.online/public_html/lib/access.php:112] Base->error()
Tue, 11 Mar 2025 15:44:30 +0000 [2600:1006:b014:48fa:e4a4:459f:cde6:96d7] 401: HTTP 401 (GET /task/taskData) trace: [/home/u991737198/domains/tas2023.online/public_html/lib/access.php:112] Base->error()
Tue, 11 Mar 2025 15:44:30 +0000 [2600:1006:b014:48fa:e4a4:459f:cde6:96d7] [/home/u991737198/domains/tas2023.online/public_html/app/controllers/Controller.php:78] Access->authorize()
Tue, 11 Mar 2025 15:44:30 +0000 [2600:1006:b014:48fa:e4a4:459f:cde6:96d7] [/home/u991737198/domains/tas2023.online/public_html/app/controllers/Controller.php:78] Access->authorize()
Tue, 11 Mar 2025 15:44:30 +0000 [2600:1006:b014:48fa:e4a4:459f:cde6:96d7] [/home/u991737198/domains/tas2023.online/public_html/app/controllers/Controller.php:78] Access->authorize()
Tue, 11 Mar 2025 15:44:30 +0000 [2600:1006:b014:48fa:e4a4:459f:cde6:96d7] 401: HTTP 401 (GET /task/teamProductivity) trace: [/home/u991737198/domains/tas2023.online/public_html/lib/access.php:112] Base->error()
Tue, 11 Mar 2025 15:44:30 +0000 [2600:1006:b014:48fa:e4a4:459f:cde6:96d7] [/home/u991737198/domains/tas2023.online/public_html/lib/base.php:2069] Controller->beforeroute()
Tue, 11 Mar 2025 15:44:30 +0000 [2600:1006:b014:48fa:e4a4:459f:cde6:96d7] [/home/u991737198/domains/tas2023.online/public_html/lib/base.php:2069] Controller->beforeroute()
Tue, 11 Mar 2025 15:44:30 +0000 [2600:1006:b014:48fa:e4a4:459f:cde6:96d7] [/home/u991737198/domains/tas2023.online/public_html/lib/base.php:1871] Base->call()
Tue, 11 Mar 2025 15:44:30 +0000 [2600:1006:b014:48fa:e4a4:459f:cde6:96d7] [/home/u991737198/domains/tas2023.online/public_html/lib/base.php:2069] Controller->beforeroute()
Tue, 11 Mar 2025 15:44:30 +0000 [2600:1006:b014:48fa:e4a4:459f:cde6:96d7] [/home/u991737198/domains/tas2023.online/public_html/app/controllers/Controller.php:78] Access->authorize()
Tue, 11 Mar 2025 15:44:30 +0000 [2600:1006:b014:48fa:e4a4:459f:cde6:96d7] [/home/u991737198/domains/tas2023.online/public_html/index.php:19] Base->run()
Tue, 11 Mar 2025 15:44:30 +0000 [2600:1006:b014:48fa:e4a4:459f:cde6:96d7] [/home/u991737198/domains/tas2023.online/public_html/lib/base.php:1871] Base->call()
Tue, 11 Mar 2025 15:44:30 +0000 [2600:1006:b014:48fa:e4a4:459f:cde6:96d7] [/home/u991737198/domains/tas2023.online/public_html/lib/base.php:1871] Base->call()
Tue, 11 Mar 2025 15:44:30 +0000 [2600:1006:b014:48fa:e4a4:459f:cde6:96d7] [/home/u991737198/domains/tas2023.online/public_html/lib/base.php:2069] Controller->beforeroute()
Tue, 11 Mar 2025 15:44:30 +0000 [2600:1006:b014:48fa:e4a4:459f:cde6:96d7] [/home/u991737198/domains/tas2023.online/public_html/index.php:19] Base->run()
Tue, 11 Mar 2025 15:44:30 +0000 [2600:1006:b014:48fa:e4a4:459f:cde6:96d7] [/home/u991737198/domains/tas2023.online/public_html/lib/base.php:1871] Base->call()
Tue, 11 Mar 2025 15:44:30 +0000 [2600:1006:b014:48fa:e4a4:459f:cde6:96d7] [/home/u991737198/domains/tas2023.online/public_html/index.php:19] Base->run()
Tue, 11 Mar 2025 15:44:30 +0000 [2600:1006:b014:48fa:e4a4:459f:cde6:96d7] [/home/u991737198/domains/tas2023.online/public_html/index.php:19] Base->run()
Tue, 11 Mar 2025 16:06:17 +0000 [2600:1006:b014:48fa:e4a4:459f:cde6:96d7] 401: HTTP 401 (GET /task/taskDistribution) trace: [/home/u991737198/domains/tas2023.online/public_html/lib/access.php:112] Base->error()
Tue, 11 Mar 2025 16:06:17 +0000 [2600:1006:b014:48fa:e4a4:459f:cde6:96d7] [/home/u991737198/domains/tas2023.online/public_html/app/controllers/Controller.php:78] Access->authorize()
Tue, 11 Mar 2025 16:06:17 +0000 [2600:1006:b014:48fa:e4a4:459f:cde6:96d7] [/home/u991737198/domains/tas2023.online/public_html/lib/base.php:2069] Controller->beforeroute()
Tue, 11 Mar 2025 16:06:17 +0000 [2600:1006:b014:48fa:e4a4:459f:cde6:96d7] [/home/u991737198/domains/tas2023.online/public_html/lib/base.php:1871] Base->call()
Tue, 11 Mar 2025 16:06:17 +0000 [2600:1006:b014:48fa:e4a4:459f:cde6:96d7] [/home/u991737198/domains/tas2023.online/public_html/index.php:19] Base->run()
Tue, 11 Mar 2025 16:06:17 +0000 [2600:1006:b014:48fa:e4a4:459f:cde6:96d7] 401: HTTP 401 (GET /task/teamProductivity) trace: [/home/u991737198/domains/tas2023.online/public_html/lib/access.php:112] Base->error()
Tue, 11 Mar 2025 16:06:17 +0000 [2600:1006:b014:48fa:e4a4:459f:cde6:96d7] 401: HTTP 401 (GET /task/userNotesCount) trace: [/home/u991737198/domains/tas2023.online/public_html/lib/access.php:112] Base->error()
Tue, 11 Mar 2025 16:06:17 +0000 [2600:1006:b014:48fa:e4a4:459f:cde6:96d7] [/home/u991737198/domains/tas2023.online/public_html/app/controllers/Controller.php:78] Access->authorize()
Tue, 11 Mar 2025 16:06:17 +0000 [2600:1006:b014:48fa:e4a4:459f:cde6:96d7] [/home/u991737198/domains/tas2023.online/public_html/app/controllers/Controller.php:78] Access->authorize()
Tue, 11 Mar 2025 16:06:17 +0000 [2600:1006:b014:48fa:e4a4:459f:cde6:96d7] [/home/u991737198/domains/tas2023.online/public_html/lib/base.php:2069] Controller->beforeroute()
Tue, 11 Mar 2025 16:06:17 +0000 [2600:1006:b014:48fa:e4a4:459f:cde6:96d7] 401: HTTP 401 (GET /task/taskData) trace: [/home/u991737198/domains/tas2023.online/public_html/lib/access.php:112] Base->error()
Tue, 11 Mar 2025 16:06:17 +0000 [2600:1006:b014:48fa:e4a4:459f:cde6:96d7] [/home/u991737198/domains/tas2023.online/public_html/lib/base.php:1871] Base->call()
Tue, 11 Mar 2025 16:06:17 +0000 [2600:1006:b014:48fa:e4a4:459f:cde6:96d7] [/home/u991737198/domains/tas2023.online/public_html/lib/base.php:2069] Controller->beforeroute()
Tue, 11 Mar 2025 16:06:17 +0000 [2600:1006:b014:48fa:e4a4:459f:cde6:96d7] [/home/u991737198/domains/tas2023.online/public_html/index.php:19] Base->run()
Tue, 11 Mar 2025 16:06:17 +0000 [2600:1006:b014:48fa:e4a4:459f:cde6:96d7] [/home/u991737198/domains/tas2023.online/public_html/app/controllers/Controller.php:78] Access->authorize()
Tue, 11 Mar 2025 16:06:17 +0000 [2600:1006:b014:48fa:e4a4:459f:cde6:96d7] [/home/u991737198/domains/tas2023.online/public_html/lib/base.php:1871] Base->call()
Tue, 11 Mar 2025 16:06:17 +0000 [2600:1006:b014:48fa:e4a4:459f:cde6:96d7] [/home/u991737198/domains/tas2023.online/public_html/lib/base.php:2069] Controller->beforeroute()
Tue, 11 Mar 2025 16:06:17 +0000 [2600:1006:b014:48fa:e4a4:459f:cde6:96d7] [/home/u991737198/domains/tas2023.online/public_html/index.php:19] Base->run()
Tue, 11 Mar 2025 16:06:17 +0000 [2600:1006:b014:48fa:e4a4:459f:cde6:96d7] [/home/u991737198/domains/tas2023.online/public_html/lib/base.php:1871] Base->call()
Tue, 11 Mar 2025 16:06:17 +0000 [2600:1006:b014:48fa:e4a4:459f:cde6:96d7] [/home/u991737198/domains/tas2023.online/public_html/index.php:19] Base->run()
Tue, 11 Mar 2025 16:06:22 +0000 [2600:1006:b014:48fa:e4a4:459f:cde6:96d7] 401: HTTP 401 (GET /person/listperson) trace: [lib/access.php:112] Base->error()
Tue, 11 Mar 2025 16:06:22 +0000 [2600:1006:b014:48fa:e4a4:459f:cde6:96d7] [app/controllers/Controller.php:78] Access->authorize()
Tue, 11 Mar 2025 16:06:22 +0000 [2600:1006:b014:48fa:e4a4:459f:cde6:96d7] [lib/base.php:2069] Controller->beforeroute()
Tue, 11 Mar 2025 16:06:22 +0000 [2600:1006:b014:48fa:e4a4:459f:cde6:96d7] [lib/base.php:1871] Base->call()
Tue, 11 Mar 2025 16:06:22 +0000 [2600:1006:b014:48fa:e4a4:459f:cde6:96d7] [index.php:19] Base->run()
Tue, 11 Mar 2025 16:06:43 +0000 [2600:1006:b014:48fa:e4a4:459f:cde6:96d7] 500: Undefined variable $entity_num trace: [tmp/3hn69l4qoa804.1zo7dt0fljr4w.php:200]
Tue, 11 Mar 2025 16:06:43 +0000 [2600:1006:b014:48fa:e4a4:459f:cde6:96d7] [tmp/3hn69l4qoa804.1zo7dt0fljr4w.php:200] Base->{closure}()
Tue, 11 Mar 2025 16:06:43 +0000 [2600:1006:b014:48fa:e4a4:459f:cde6:96d7] [lib/base.php:3036] require('/home/u991737198/domains/tas2023.online/public_html/tmp/3hn69l4qoa804.1zo7dt0fljr4w.php')
Tue, 11 Mar 2025 16:06:43 +0000 [2600:1006:b014:48fa:e4a4:459f:cde6:96d7] [lib/base.php:3281] View->sandbox()
Tue, 11 Mar 2025 16:06:43 +0000 [2600:1006:b014:48fa:e4a4:459f:cde6:96d7] [tmp/3hn69l4qoa804.3h31n1yj254w8.php:7] Preview->render()
Tue, 11 Mar 2025 16:06:43 +0000 [2600:1006:b014:48fa:e4a4:459f:cde6:96d7] [lib/base.php:3036] require('/home/u991737198/domains/tas2023.online/public_html/tmp/3hn69l4qoa804.3h31n1yj254w8.php')
Tue, 11 Mar 2025 16:06:43 +0000 [2600:1006:b014:48fa:e4a4:459f:cde6:96d7] [lib/base.php:3281] View->sandbox()
Tue, 11 Mar 2025 16:06:43 +0000 [2600:1006:b014:48fa:e4a4:459f:cde6:96d7] [app/controllers/Controller.php:87] Preview->render()
Tue, 11 Mar 2025 16:06:43 +0000 [2600:1006:b014:48fa:e4a4:459f:cde6:96d7] [lib/base.php:2078] Controller->afterroute()
Tue, 11 Mar 2025 16:06:43 +0000 [2600:1006:b014:48fa:e4a4:459f:cde6:96d7] [lib/base.php:1871] Base->call()
Tue, 11 Mar 2025 16:06:43 +0000 [2600:1006:b014:48fa:e4a4:459f:cde6:96d7] [index.php:19] Base->run()
Tue, 11 Mar 2025 16:06:50 +0000 [2600:1006:b014:48fa:e4a4:459f:cde6:96d7] 500: Undefined variable $token trace: [tmp/3hn69l4qoa804.2r4f9cgm96ecs.php:226]
Tue, 11 Mar 2025 16:06:50 +0000 [2600:1006:b014:48fa:e4a4:459f:cde6:96d7] [tmp/3hn69l4qoa804.2r4f9cgm96ecs.php:226] Base->{closure}()
Tue, 11 Mar 2025 16:06:50 +0000 [2600:1006:b014:48fa:e4a4:459f:cde6:96d7] [lib/base.php:3036] require('/home/u991737198/domains/tas2023.online/public_html/tmp/3hn69l4qoa804.2r4f9cgm96ecs.php')
Tue, 11 Mar 2025 16:06:50 +0000 [2600:1006:b014:48fa:e4a4:459f:cde6:96d7] [lib/base.php:3281] View->sandbox()
Tue, 11 Mar 2025 16:06:50 +0000 [2600:1006:b014:48fa:e4a4:459f:cde6:96d7] [tmp/3hn69l4qoa804.3h31n1yj254w8.php:7] Preview->render()
Tue, 11 Mar 2025 16:06:50 +0000 [2600:1006:b014:48fa:e4a4:459f:cde6:96d7] [lib/base.php:3036] require('/home/u991737198/domains/tas2023.online/public_html/tmp/3hn69l4qoa804.3h31n1yj254w8.php')
Tue, 11 Mar 2025 16:06:50 +0000 [2600:1006:b014:48fa:e4a4:459f:cde6:96d7] [lib/base.php:3281] View->sandbox()
Tue, 11 Mar 2025 16:06:50 +0000 [2600:1006:b014:48fa:e4a4:459f:cde6:96d7] [app/controllers/Controller.php:87] Preview->render()
Tue, 11 Mar 2025 16:06:50 +0000 [2600:1006:b014:48fa:e4a4:459f:cde6:96d7] [lib/base.php:2078] Controller->afterroute()
Tue, 11 Mar 2025 16:06:50 +0000 [2600:1006:b014:48fa:e4a4:459f:cde6:96d7] [lib/base.php:1871] Base->call()
Tue, 11 Mar 2025 16:06:50 +0000 [2600:1006:b014:48fa:e4a4:459f:cde6:96d7] [index.php:19] Base->run()
Tue, 11 Mar 2025 16:06:59 +0000 [2600:1006:b014:48fa:e4a4:459f:cde6:96d7] 500: Undefined variable $entity_num trace: [tmp/3hn69l4qoa804.1zo7dt0fljr4w.php:200]
Tue, 11 Mar 2025 16:06:59 +0000 [2600:1006:b014:48fa:e4a4:459f:cde6:96d7] [tmp/3hn69l4qoa804.1zo7dt0fljr4w.php:200] Base->{closure}()
Tue, 11 Mar 2025 16:06:59 +0000 [2600:1006:b014:48fa:e4a4:459f:cde6:96d7] [lib/base.php:3036] require('/home/u991737198/domains/tas2023.online/public_html/tmp/3hn69l4qoa804.1zo7dt0fljr4w.php')
Tue, 11 Mar 2025 16:06:59 +0000 [2600:1006:b014:48fa:e4a4:459f:cde6:96d7] [lib/base.php:3281] View->sandbox()
Tue, 11 Mar 2025 16:06:59 +0000 [2600:1006:b014:48fa:e4a4:459f:cde6:96d7] [tmp/3hn69l4qoa804.3h31n1yj254w8.php:7] Preview->render()
Tue, 11 Mar 2025 16:06:59 +0000 [2600:1006:b014:48fa:e4a4:459f:cde6:96d7] [lib/base.php:3036] require('/home/u991737198/domains/tas2023.online/public_html/tmp/3hn69l4qoa804.3h31n1yj254w8.php')
Tue, 11 Mar 2025 16:06:59 +0000 [2600:1006:b014:48fa:e4a4:459f:cde6:96d7] [lib/base.php:3281] View->sandbox()
Tue, 11 Mar 2025 16:06:59 +0000 [2600:1006:b014:48fa:e4a4:459f:cde6:96d7] [app/controllers/Controller.php:87] Preview->render()
Tue, 11 Mar 2025 16:06:59 +0000 [2600:1006:b014:48fa:e4a4:459f:cde6:96d7] [lib/base.php:2078] Controller->afterroute()
Tue, 11 Mar 2025 16:06:59 +0000 [2600:1006:b014:48fa:e4a4:459f:cde6:96d7] [lib/base.php:1871] Base->call()
Tue, 11 Mar 2025 16:06:59 +0000 [2600:1006:b014:48fa:e4a4:459f:cde6:96d7] [index.php:19] Base->run()
Tue, 11 Mar 2025 16:07:03 +0000 [2600:1006:b014:48fa:e4a4:459f:cde6:96d7] 500: Undefined variable $entity_num trace: [tmp/3hn69l4qoa804.man4oes5p0l2.php:177]
Tue, 11 Mar 2025 16:07:03 +0000 [2600:1006:b014:48fa:e4a4:459f:cde6:96d7] [tmp/3hn69l4qoa804.man4oes5p0l2.php:177] Base->{closure}()
Tue, 11 Mar 2025 16:07:03 +0000 [2600:1006:b014:48fa:e4a4:459f:cde6:96d7] [lib/base.php:3036] require('/home/u991737198/domains/tas2023.online/public_html/tmp/3hn69l4qoa804.man4oes5p0l2.php')
Tue, 11 Mar 2025 16:07:03 +0000 [2600:1006:b014:48fa:e4a4:459f:cde6:96d7] [lib/base.php:3281] View->sandbox()
Tue, 11 Mar 2025 16:07:03 +0000 [2600:1006:b014:48fa:e4a4:459f:cde6:96d7] [tmp/3hn69l4qoa804.3h31n1yj254w8.php:7] Preview->render()
Tue, 11 Mar 2025 16:07:03 +0000 [2600:1006:b014:48fa:e4a4:459f:cde6:96d7] [lib/base.php:3036] require('/home/u991737198/domains/tas2023.online/public_html/tmp/3hn69l4qoa804.3h31n1yj254w8.php')
Tue, 11 Mar 2025 16:07:03 +0000 [2600:1006:b014:48fa:e4a4:459f:cde6:96d7] [lib/base.php:3281] View->sandbox()
Tue, 11 Mar 2025 16:07:03 +0000 [2600:1006:b014:48fa:e4a4:459f:cde6:96d7] [app/controllers/Controller.php:87] Preview->render()
Tue, 11 Mar 2025 16:07:03 +0000 [2600:1006:b014:48fa:e4a4:459f:cde6:96d7] [lib/base.php:2078] Controller->afterroute()
Tue, 11 Mar 2025 16:07:03 +0000 [2600:1006:b014:48fa:e4a4:459f:cde6:96d7] [lib/base.php:1871] Base->call()
Tue, 11 Mar 2025 16:07:03 +0000 [2600:1006:b014:48fa:e4a4:459f:cde6:96d7] [index.php:19] Base->run()
Tue, 11 Mar 2025 16:08:13 +0000 [2600:1006:b014:48fa:e4a4:459f:cde6:96d7] 500: Undefined variable $entity_num trace: [tmp/3hn69l4qoa804.man4oes5p0l2.php:177]
Tue, 11 Mar 2025 16:08:13 +0000 [2600:1006:b014:48fa:e4a4:459f:cde6:96d7] [tmp/3hn69l4qoa804.man4oes5p0l2.php:177] Base->{closure}()
Tue, 11 Mar 2025 16:08:13 +0000 [2600:1006:b014:48fa:e4a4:459f:cde6:96d7] [lib/base.php:3036] require('/home/u991737198/domains/tas2023.online/public_html/tmp/3hn69l4qoa804.man4oes5p0l2.php')
Tue, 11 Mar 2025 16:08:13 +0000 [2600:1006:b014:48fa:e4a4:459f:cde6:96d7] [lib/base.php:3281] View->sandbox()
Tue, 11 Mar 2025 16:08:13 +0000 [2600:1006:b014:48fa:e4a4:459f:cde6:96d7] [tmp/3hn69l4qoa804.3h31n1yj254w8.php:7] Preview->render()
Tue, 11 Mar 2025 16:08:13 +0000 [2600:1006:b014:48fa:e4a4:459f:cde6:96d7] [lib/base.php:3036] require('/home/u991737198/domains/tas2023.online/public_html/tmp/3hn69l4qoa804.3h31n1yj254w8.php')
Tue, 11 Mar 2025 16:08:13 +0000 [2600:1006:b014:48fa:e4a4:459f:cde6:96d7] [lib/base.php:3281] View->sandbox()
Tue, 11 Mar 2025 16:08:13 +0000 [2600:1006:b014:48fa:e4a4:459f:cde6:96d7] [app/controllers/Controller.php:87] Preview->render()
Tue, 11 Mar 2025 16:08:13 +0000 [2600:1006:b014:48fa:e4a4:459f:cde6:96d7] [lib/base.php:2078] Controller->afterroute()
Tue, 11 Mar 2025 16:08:13 +0000 [2600:1006:b014:48fa:e4a4:459f:cde6:96d7] [lib/base.php:1871] Base->call()
Tue, 11 Mar 2025 16:08:13 +0000 [2600:1006:b014:48fa:e4a4:459f:cde6:96d7] [index.php:19] Base->run()
Tue, 11 Mar 2025 16:09:48 +0000 [2600:1006:b014:48fa:e4a4:459f:cde6:96d7] 500: Undefined variable $fechapicker trace: [/home/u991737198/domains/tas2023.online/public_html/tmp/3hn69l4qoa804.22phmm30e0u84.php:334]
Tue, 11 Mar 2025 16:09:48 +0000 [2600:1006:b014:48fa:e4a4:459f:cde6:96d7] [/home/u991737198/domains/tas2023.online/public_html/tmp/3hn69l4qoa804.22phmm30e0u84.php:334] Base->{closure}()
Tue, 11 Mar 2025 16:09:48 +0000 [2600:1006:b014:48fa:e4a4:459f:cde6:96d7] [/home/u991737198/domains/tas2023.online/public_html/lib/base.php:3036] require('/home/u991737198/domains/tas2023.online/public_html/tmp/3hn69l4qoa804.22phmm30e0u84.php')
Tue, 11 Mar 2025 16:09:48 +0000 [2600:1006:b014:48fa:e4a4:459f:cde6:96d7] [/home/u991737198/domains/tas2023.online/public_html/lib/base.php:3281] View->sandbox()
Tue, 11 Mar 2025 16:09:48 +0000 [2600:1006:b014:48fa:e4a4:459f:cde6:96d7] [/home/u991737198/domains/tas2023.online/public_html/tmp/3hn69l4qoa804.3h31n1yj254w8.php:7] Preview->render()
Tue, 11 Mar 2025 16:09:48 +0000 [2600:1006:b014:48fa:e4a4:459f:cde6:96d7] [/home/u991737198/domains/tas2023.online/public_html/lib/base.php:3036] require('/home/u991737198/domains/tas2023.online/public_html/tmp/3hn69l4qoa804.3h31n1yj254w8.php')
Tue, 11 Mar 2025 16:09:48 +0000 [2600:1006:b014:48fa:e4a4:459f:cde6:96d7] [/home/u991737198/domains/tas2023.online/public_html/lib/base.php:3281] View->sandbox()
Tue, 11 Mar 2025 16:09:48 +0000 [2600:1006:b014:48fa:e4a4:459f:cde6:96d7] [/home/u991737198/domains/tas2023.online/public_html/app/controllers/Controller.php:87] Preview->render()
Tue, 11 Mar 2025 16:09:48 +0000 [2600:1006:b014:48fa:e4a4:459f:cde6:96d7] [/home/u991737198/domains/tas2023.online/public_html/lib/base.php:2078] Controller->afterroute()
Tue, 11 Mar 2025 16:09:48 +0000 [2600:1006:b014:48fa:e4a4:459f:cde6:96d7] [/home/u991737198/domains/tas2023.online/public_html/lib/base.php:1871] Base->call()
Tue, 11 Mar 2025 16:09:48 +0000 [2600:1006:b014:48fa:e4a4:459f:cde6:96d7] [/home/u991737198/domains/tas2023.online/public_html/index.php:19] Base->run()
Tue, 11 Mar 2025 16:09:51 +0000 [2600:1006:b014:48fa:e4a4:459f:cde6:96d7] 500: Undefined variable $fechapicker trace: [/home/u991737198/domains/tas2023.online/public_html/tmp/3hn69l4qoa804.22phmm30e0u84.php:334]
Tue, 11 Mar 2025 16:09:51 +0000 [2600:1006:b014:48fa:e4a4:459f:cde6:96d7] [/home/u991737198/domains/tas2023.online/public_html/tmp/3hn69l4qoa804.22phmm30e0u84.php:334] Base->{closure}()
Tue, 11 Mar 2025 16:09:51 +0000 [2600:1006:b014:48fa:e4a4:459f:cde6:96d7] [/home/u991737198/domains/tas2023.online/public_html/lib/base.php:3036] require('/home/u991737198/domains/tas2023.online/public_html/tmp/3hn69l4qoa804.22phmm30e0u84.php')
Tue, 11 Mar 2025 16:09:51 +0000 [2600:1006:b014:48fa:e4a4:459f:cde6:96d7] [/home/u991737198/domains/tas2023.online/public_html/lib/base.php:3281] View->sandbox()
Tue, 11 Mar 2025 16:09:51 +0000 [2600:1006:b014:48fa:e4a4:459f:cde6:96d7] [/home/u991737198/domains/tas2023.online/public_html/tmp/3hn69l4qoa804.3h31n1yj254w8.php:7] Preview->render()
Tue, 11 Mar 2025 16:09:51 +0000 [2600:1006:b014:48fa:e4a4:459f:cde6:96d7] [/home/u991737198/domains/tas2023.online/public_html/lib/base.php:3036] require('/home/u991737198/domains/tas2023.online/public_html/tmp/3hn69l4qoa804.3h31n1yj254w8.php')
Tue, 11 Mar 2025 16:09:51 +0000 [2600:1006:b014:48fa:e4a4:459f:cde6:96d7] [/home/u991737198/domains/tas2023.online/public_html/lib/base.php:3281] View->sandbox()
Tue, 11 Mar 2025 16:09:51 +0000 [2600:1006:b014:48fa:e4a4:459f:cde6:96d7] [/home/u991737198/domains/tas2023.online/public_html/app/controllers/Controller.php:87] Preview->render()
Tue, 11 Mar 2025 16:09:51 +0000 [2600:1006:b014:48fa:e4a4:459f:cde6:96d7] [/home/u991737198/domains/tas2023.online/public_html/lib/base.php:2078] Controller->afterroute()
Tue, 11 Mar 2025 16:09:51 +0000 [2600:1006:b014:48fa:e4a4:459f:cde6:96d7] [/home/u991737198/domains/tas2023.online/public_html/lib/base.php:1871] Base->call()
Tue, 11 Mar 2025 16:09:51 +0000 [2600:1006:b014:48fa:e4a4:459f:cde6:96d7] [/home/u991737198/domains/tas2023.online/public_html/index.php:19] Base->run()
