Wed, 02 Apr 2025 15:02:05 +0000 [2600:1006:b049:c29f:f144:8aca:764a:20ba] 401: HTTP 401 (GET /task/taskDistribution) trace: [/home/u991737198/domains/tas2023.online/public_html/lib/access.php:112] Base->error()
Wed, 02 Apr 2025 15:02:05 +0000 [2600:1006:b049:c29f:f144:8aca:764a:20ba] 401: HTTP 401 (GET /task/userNotesCount) trace: [/home/u991737198/domains/tas2023.online/public_html/lib/access.php:112] Base->error()
Wed, 02 Apr 2025 15:02:05 +0000 [2600:1006:b049:c29f:f144:8aca:764a:20ba] [/home/u991737198/domains/tas2023.online/public_html/app/controllers/Controller.php:78] Access->authorize()
Wed, 02 Apr 2025 15:02:05 +0000 [2600:1006:b049:c29f:f144:8aca:764a:20ba] [/home/u991737198/domains/tas2023.online/public_html/app/controllers/Controller.php:78] Access->authorize()
Wed, 02 Apr 2025 15:02:05 +0000 [2600:1006:b049:c29f:f144:8aca:764a:20ba] [/home/u991737198/domains/tas2023.online/public_html/lib/base.php:2069] Controller->beforeroute()
Wed, 02 Apr 2025 15:02:05 +0000 [2600:1006:b049:c29f:f144:8aca:764a:20ba] 401: HTTP 401 (GET /task/teamProductivity) trace: [/home/u991737198/domains/tas2023.online/public_html/lib/access.php:112] Base->error()
Wed, 02 Apr 2025 15:02:05 +0000 [2600:1006:b049:c29f:f144:8aca:764a:20ba] [/home/u991737198/domains/tas2023.online/public_html/lib/base.php:2069] Controller->beforeroute()
Wed, 02 Apr 2025 15:02:05 +0000 [2600:1006:b049:c29f:f144:8aca:764a:20ba] [/home/u991737198/domains/tas2023.online/public_html/lib/base.php:1871] Base->call()
Wed, 02 Apr 2025 15:02:05 +0000 [2600:1006:b049:c29f:f144:8aca:764a:20ba] [/home/u991737198/domains/tas2023.online/public_html/app/controllers/Controller.php:78] Access->authorize()
Wed, 02 Apr 2025 15:02:05 +0000 [2600:1006:b049:c29f:f144:8aca:764a:20ba] [/home/u991737198/domains/tas2023.online/public_html/lib/base.php:1871] Base->call()
Wed, 02 Apr 2025 15:02:05 +0000 [2600:1006:b049:c29f:f144:8aca:764a:20ba] [/home/u991737198/domains/tas2023.online/public_html/index.php:19] Base->run()
Wed, 02 Apr 2025 15:02:05 +0000 [2600:1006:b049:c29f:f144:8aca:764a:20ba] [/home/u991737198/domains/tas2023.online/public_html/lib/base.php:2069] Controller->beforeroute()
Wed, 02 Apr 2025 15:02:05 +0000 [2600:1006:b049:c29f:f144:8aca:764a:20ba] [/home/u991737198/domains/tas2023.online/public_html/index.php:19] Base->run()
Wed, 02 Apr 2025 15:02:05 +0000 [2600:1006:b049:c29f:f144:8aca:764a:20ba] [/home/u991737198/domains/tas2023.online/public_html/lib/base.php:1871] Base->call()
Wed, 02 Apr 2025 15:02:05 +0000 [2600:1006:b049:c29f:f144:8aca:764a:20ba] [/home/u991737198/domains/tas2023.online/public_html/index.php:19] Base->run()
Wed, 02 Apr 2025 15:02:05 +0000 [2600:1006:b049:c29f:f144:8aca:764a:20ba] 401: HTTP 401 (GET /task/taskData) trace: [/home/u991737198/domains/tas2023.online/public_html/lib/access.php:112] Base->error()
Wed, 02 Apr 2025 15:02:05 +0000 [2600:1006:b049:c29f:f144:8aca:764a:20ba] [/home/u991737198/domains/tas2023.online/public_html/app/controllers/Controller.php:78] Access->authorize()
Wed, 02 Apr 2025 15:02:05 +0000 [2600:1006:b049:c29f:f144:8aca:764a:20ba] [/home/u991737198/domains/tas2023.online/public_html/lib/base.php:2069] Controller->beforeroute()
Wed, 02 Apr 2025 15:02:05 +0000 [2600:1006:b049:c29f:f144:8aca:764a:20ba] [/home/u991737198/domains/tas2023.online/public_html/lib/base.php:1871] Base->call()
Wed, 02 Apr 2025 15:02:05 +0000 [2600:1006:b049:c29f:f144:8aca:764a:20ba] [/home/u991737198/domains/tas2023.online/public_html/index.php:19] Base->run()
Wed, 02 Apr 2025 15:02:22 +0000 [2600:1006:b049:c29f:f144:8aca:764a:20ba] 500: Undefined variable $entity_num trace: [tmp/3hn69l4qoa804.1zo7dt0fljr4w.php:200]
Wed, 02 Apr 2025 15:02:22 +0000 [2600:1006:b049:c29f:f144:8aca:764a:20ba] [tmp/3hn69l4qoa804.1zo7dt0fljr4w.php:200] Base->{closure}()
Wed, 02 Apr 2025 15:02:22 +0000 [2600:1006:b049:c29f:f144:8aca:764a:20ba] [lib/base.php:3036] require('/home/u991737198/domains/tas2023.online/public_html/tmp/3hn69l4qoa804.1zo7dt0fljr4w.php')
Wed, 02 Apr 2025 15:02:22 +0000 [2600:1006:b049:c29f:f144:8aca:764a:20ba] [lib/base.php:3281] View->sandbox()
Wed, 02 Apr 2025 15:02:22 +0000 [2600:1006:b049:c29f:f144:8aca:764a:20ba] [tmp/3hn69l4qoa804.3h31n1yj254w8.php:7] Preview->render()
Wed, 02 Apr 2025 15:02:22 +0000 [2600:1006:b049:c29f:f144:8aca:764a:20ba] [lib/base.php:3036] require('/home/u991737198/domains/tas2023.online/public_html/tmp/3hn69l4qoa804.3h31n1yj254w8.php')
Wed, 02 Apr 2025 15:02:22 +0000 [2600:1006:b049:c29f:f144:8aca:764a:20ba] [lib/base.php:3281] View->sandbox()
Wed, 02 Apr 2025 15:02:22 +0000 [2600:1006:b049:c29f:f144:8aca:764a:20ba] [app/controllers/Controller.php:87] Preview->render()
Wed, 02 Apr 2025 15:02:22 +0000 [2600:1006:b049:c29f:f144:8aca:764a:20ba] [lib/base.php:2078] Controller->afterroute()
Wed, 02 Apr 2025 15:02:22 +0000 [2600:1006:b049:c29f:f144:8aca:764a:20ba] [lib/base.php:1871] Base->call()
Wed, 02 Apr 2025 15:02:22 +0000 [2600:1006:b049:c29f:f144:8aca:764a:20ba] [index.php:19] Base->run()
Wed, 02 Apr 2025 15:02:37 +0000 [2600:1006:b049:c29f:f144:8aca:764a:20ba] 500: Undefined variable $selected_note trace: [/home/u991737198/domains/tas2023.online/public_html/tmp/3hn69l4qoa804.3g8shy2588w00.php:385]
Wed, 02 Apr 2025 15:02:37 +0000 [2600:1006:b049:c29f:f144:8aca:764a:20ba] [/home/u991737198/domains/tas2023.online/public_html/tmp/3hn69l4qoa804.3g8shy2588w00.php:385] Base->{closure}()
Wed, 02 Apr 2025 15:02:37 +0000 [2600:1006:b049:c29f:f144:8aca:764a:20ba] [/home/u991737198/domains/tas2023.online/public_html/lib/base.php:3036] require('/home/u991737198/domains/tas2023.online/public_html/tmp/3hn69l4qoa804.3g8shy2588w00.php')
Wed, 02 Apr 2025 15:02:37 +0000 [2600:1006:b049:c29f:f144:8aca:764a:20ba] [/home/u991737198/domains/tas2023.online/public_html/lib/base.php:3281] View->sandbox()
Wed, 02 Apr 2025 15:02:37 +0000 [2600:1006:b049:c29f:f144:8aca:764a:20ba] [/home/u991737198/domains/tas2023.online/public_html/tmp/3hn69l4qoa804.3h31n1yj254w8.php:7] Preview->render()
Wed, 02 Apr 2025 15:02:37 +0000 [2600:1006:b049:c29f:f144:8aca:764a:20ba] [/home/u991737198/domains/tas2023.online/public_html/lib/base.php:3036] require('/home/u991737198/domains/tas2023.online/public_html/tmp/3hn69l4qoa804.3h31n1yj254w8.php')
Wed, 02 Apr 2025 15:02:37 +0000 [2600:1006:b049:c29f:f144:8aca:764a:20ba] [/home/u991737198/domains/tas2023.online/public_html/lib/base.php:3281] View->sandbox()
Wed, 02 Apr 2025 15:02:37 +0000 [2600:1006:b049:c29f:f144:8aca:764a:20ba] [/home/u991737198/domains/tas2023.online/public_html/app/controllers/Controller.php:87] Preview->render()
Wed, 02 Apr 2025 15:02:37 +0000 [2600:1006:b049:c29f:f144:8aca:764a:20ba] [/home/u991737198/domains/tas2023.online/public_html/lib/base.php:2078] Controller->afterroute()
Wed, 02 Apr 2025 15:02:37 +0000 [2600:1006:b049:c29f:f144:8aca:764a:20ba] [/home/u991737198/domains/tas2023.online/public_html/lib/base.php:1871] Base->call()
Wed, 02 Apr 2025 15:02:37 +0000 [2600:1006:b049:c29f:f144:8aca:764a:20ba] [/home/u991737198/domains/tas2023.online/public_html/index.php:19] Base->run()
Wed, 02 Apr 2025 19:41:55 +0000 [185.130.251.89] 500: Undefined field activado trace: [lib/db/sql/mapper.php:132]
Wed, 02 Apr 2025 19:41:55 +0000 [185.130.251.89] [lib/db/sql/mapper.php:132] user_error()
Wed, 02 Apr 2025 19:41:55 +0000 [185.130.251.89] [lib/magic.php:89] DB\SQL\Mapper->get()
Wed, 02 Apr 2025 19:41:55 +0000 [185.130.251.89] [lib/magic.php:131] Magic->offsetget()
Wed, 02 Apr 2025 19:41:55 +0000 [185.130.251.89] [app/controllers/UserController.php:453] Magic->__get()
Wed, 02 Apr 2025 19:41:55 +0000 [185.130.251.89] [lib/base.php:2072] UserController->create()
Wed, 02 Apr 2025 19:41:55 +0000 [185.130.251.89] [lib/base.php:1871] Base->call()
Wed, 02 Apr 2025 19:41:55 +0000 [185.130.251.89] [index.php:19] Base->run()
