Fri, 10 Jan 2025 00:04:01 -0500 [2603:9000:f801:55e2:40c8:a7cf:9f19:4dcb] 500: Undefined variable $fechapicker trace: [/home/u991737198/domains/tas2023.online/public_html/tmp/3hn69l4qoa804.22phmm30e0u84.php:333]
Fri, 10 Jan 2025 00:04:01 -0500 [2603:9000:f801:55e2:40c8:a7cf:9f19:4dcb] [/home/u991737198/domains/tas2023.online/public_html/tmp/3hn69l4qoa804.22phmm30e0u84.php:333] Base->{closure}()
Fri, 10 Jan 2025 00:04:01 -0500 [2603:9000:f801:55e2:40c8:a7cf:9f19:4dcb] [/home/u991737198/domains/tas2023.online/public_html/lib/base.php:3036] require('/home/u991737198/domains/tas2023.online/public_html/tmp/3hn69l4qoa804.22phmm30e0u84.php')
Fri, 10 Jan 2025 00:04:01 -0500 [2603:9000:f801:55e2:40c8:a7cf:9f19:4dcb] [/home/u991737198/domains/tas2023.online/public_html/lib/base.php:3281] View->sandbox()
Fri, 10 Jan 2025 00:04:01 -0500 [2603:9000:f801:55e2:40c8:a7cf:9f19:4dcb] [/home/u991737198/domains/tas2023.online/public_html/tmp/3hn69l4qoa804.3h31n1yj254w8.php:7] Preview->render()
Fri, 10 Jan 2025 00:04:01 -0500 [2603:9000:f801:55e2:40c8:a7cf:9f19:4dcb] [/home/u991737198/domains/tas2023.online/public_html/lib/base.php:3036] require('/home/u991737198/domains/tas2023.online/public_html/tmp/3hn69l4qoa804.3h31n1yj254w8.php')
Fri, 10 Jan 2025 00:04:01 -0500 [2603:9000:f801:55e2:40c8:a7cf:9f19:4dcb] [/home/u991737198/domains/tas2023.online/public_html/lib/base.php:3281] View->sandbox()
Fri, 10 Jan 2025 00:04:01 -0500 [2603:9000:f801:55e2:40c8:a7cf:9f19:4dcb] [/home/u991737198/domains/tas2023.online/public_html/app/controllers/Controller.php:85] Preview->render()
Fri, 10 Jan 2025 00:04:01 -0500 [2603:9000:f801:55e2:40c8:a7cf:9f19:4dcb] [/home/u991737198/domains/tas2023.online/public_html/lib/base.php:2078] Controller->afterroute()
Fri, 10 Jan 2025 00:04:01 -0500 [2603:9000:f801:55e2:40c8:a7cf:9f19:4dcb] [/home/u991737198/domains/tas2023.online/public_html/lib/base.php:1871] Base->call()
Fri, 10 Jan 2025 00:04:01 -0500 [2603:9000:f801:55e2:40c8:a7cf:9f19:4dcb] [/home/u991737198/domains/tas2023.online/public_html/index.php:19] Base->run()
Fri, 10 Jan 2025 00:04:03 -0500 [2603:9000:f801:55e2:40c8:a7cf:9f19:4dcb] 500: Undefined variable $fechapicker trace: [/home/u991737198/domains/tas2023.online/public_html/tmp/3hn69l4qoa804.22phmm30e0u84.php:333]
Fri, 10 Jan 2025 00:04:03 -0500 [2603:9000:f801:55e2:40c8:a7cf:9f19:4dcb] [/home/u991737198/domains/tas2023.online/public_html/tmp/3hn69l4qoa804.22phmm30e0u84.php:333] Base->{closure}()
Fri, 10 Jan 2025 00:04:03 -0500 [2603:9000:f801:55e2:40c8:a7cf:9f19:4dcb] [/home/u991737198/domains/tas2023.online/public_html/lib/base.php:3036] require('/home/u991737198/domains/tas2023.online/public_html/tmp/3hn69l4qoa804.22phmm30e0u84.php')
Fri, 10 Jan 2025 00:04:03 -0500 [2603:9000:f801:55e2:40c8:a7cf:9f19:4dcb] [/home/u991737198/domains/tas2023.online/public_html/lib/base.php:3281] View->sandbox()
Fri, 10 Jan 2025 00:04:03 -0500 [2603:9000:f801:55e2:40c8:a7cf:9f19:4dcb] [/home/u991737198/domains/tas2023.online/public_html/tmp/3hn69l4qoa804.3h31n1yj254w8.php:7] Preview->render()
Fri, 10 Jan 2025 00:04:03 -0500 [2603:9000:f801:55e2:40c8:a7cf:9f19:4dcb] [/home/u991737198/domains/tas2023.online/public_html/lib/base.php:3036] require('/home/u991737198/domains/tas2023.online/public_html/tmp/3hn69l4qoa804.3h31n1yj254w8.php')
Fri, 10 Jan 2025 00:04:03 -0500 [2603:9000:f801:55e2:40c8:a7cf:9f19:4dcb] [/home/u991737198/domains/tas2023.online/public_html/lib/base.php:3281] View->sandbox()
Fri, 10 Jan 2025 00:04:03 -0500 [2603:9000:f801:55e2:40c8:a7cf:9f19:4dcb] [/home/u991737198/domains/tas2023.online/public_html/app/controllers/Controller.php:85] Preview->render()
Fri, 10 Jan 2025 00:04:03 -0500 [2603:9000:f801:55e2:40c8:a7cf:9f19:4dcb] [/home/u991737198/domains/tas2023.online/public_html/lib/base.php:2078] Controller->afterroute()
Fri, 10 Jan 2025 00:04:03 -0500 [2603:9000:f801:55e2:40c8:a7cf:9f19:4dcb] [/home/u991737198/domains/tas2023.online/public_html/lib/base.php:1871] Base->call()
Fri, 10 Jan 2025 00:04:03 -0500 [2603:9000:f801:55e2:40c8:a7cf:9f19:4dcb] [/home/u991737198/domains/tas2023.online/public_html/index.php:19] Base->run()
Fri, 10 Jan 2025 00:04:24 -0500 [2603:9000:f801:55e2:40c8:a7cf:9f19:4dcb] 500: Undefined variable $fechapicker trace: [/home/u991737198/domains/tas2023.online/public_html/tmp/3hn69l4qoa804.22phmm30e0u84.php:333]
Fri, 10 Jan 2025 00:04:24 -0500 [2603:9000:f801:55e2:40c8:a7cf:9f19:4dcb] [/home/u991737198/domains/tas2023.online/public_html/tmp/3hn69l4qoa804.22phmm30e0u84.php:333] Base->{closure}()
Fri, 10 Jan 2025 00:04:24 -0500 [2603:9000:f801:55e2:40c8:a7cf:9f19:4dcb] [/home/u991737198/domains/tas2023.online/public_html/lib/base.php:3036] require('/home/u991737198/domains/tas2023.online/public_html/tmp/3hn69l4qoa804.22phmm30e0u84.php')
Fri, 10 Jan 2025 00:04:24 -0500 [2603:9000:f801:55e2:40c8:a7cf:9f19:4dcb] [/home/u991737198/domains/tas2023.online/public_html/lib/base.php:3281] View->sandbox()
Fri, 10 Jan 2025 00:04:24 -0500 [2603:9000:f801:55e2:40c8:a7cf:9f19:4dcb] [/home/u991737198/domains/tas2023.online/public_html/tmp/3hn69l4qoa804.3h31n1yj254w8.php:7] Preview->render()
Fri, 10 Jan 2025 00:04:24 -0500 [2603:9000:f801:55e2:40c8:a7cf:9f19:4dcb] [/home/u991737198/domains/tas2023.online/public_html/lib/base.php:3036] require('/home/u991737198/domains/tas2023.online/public_html/tmp/3hn69l4qoa804.3h31n1yj254w8.php')
Fri, 10 Jan 2025 00:04:24 -0500 [2603:9000:f801:55e2:40c8:a7cf:9f19:4dcb] [/home/u991737198/domains/tas2023.online/public_html/lib/base.php:3281] View->sandbox()
Fri, 10 Jan 2025 00:04:24 -0500 [2603:9000:f801:55e2:40c8:a7cf:9f19:4dcb] [/home/u991737198/domains/tas2023.online/public_html/app/controllers/Controller.php:85] Preview->render()
Fri, 10 Jan 2025 00:04:24 -0500 [2603:9000:f801:55e2:40c8:a7cf:9f19:4dcb] [/home/u991737198/domains/tas2023.online/public_html/lib/base.php:2078] Controller->afterroute()
Fri, 10 Jan 2025 00:04:24 -0500 [2603:9000:f801:55e2:40c8:a7cf:9f19:4dcb] [/home/u991737198/domains/tas2023.online/public_html/lib/base.php:1871] Base->call()
Fri, 10 Jan 2025 00:04:24 -0500 [2603:9000:f801:55e2:40c8:a7cf:9f19:4dcb] [/home/u991737198/domains/tas2023.online/public_html/index.php:19] Base->run()
Fri, 10 Jan 2025 00:04:31 -0500 [2603:9000:f801:55e2:40c8:a7cf:9f19:4dcb] 500: Undefined variable $fechapicker trace: [/home/u991737198/domains/tas2023.online/public_html/tmp/3hn69l4qoa804.22phmm30e0u84.php:333]
Fri, 10 Jan 2025 00:04:31 -0500 [2603:9000:f801:55e2:40c8:a7cf:9f19:4dcb] [/home/u991737198/domains/tas2023.online/public_html/tmp/3hn69l4qoa804.22phmm30e0u84.php:333] Base->{closure}()
Fri, 10 Jan 2025 00:04:31 -0500 [2603:9000:f801:55e2:40c8:a7cf:9f19:4dcb] [/home/u991737198/domains/tas2023.online/public_html/lib/base.php:3036] require('/home/u991737198/domains/tas2023.online/public_html/tmp/3hn69l4qoa804.22phmm30e0u84.php')
Fri, 10 Jan 2025 00:04:31 -0500 [2603:9000:f801:55e2:40c8:a7cf:9f19:4dcb] [/home/u991737198/domains/tas2023.online/public_html/lib/base.php:3281] View->sandbox()
Fri, 10 Jan 2025 00:04:31 -0500 [2603:9000:f801:55e2:40c8:a7cf:9f19:4dcb] [/home/u991737198/domains/tas2023.online/public_html/tmp/3hn69l4qoa804.3h31n1yj254w8.php:7] Preview->render()
Fri, 10 Jan 2025 00:04:31 -0500 [2603:9000:f801:55e2:40c8:a7cf:9f19:4dcb] [/home/u991737198/domains/tas2023.online/public_html/lib/base.php:3036] require('/home/u991737198/domains/tas2023.online/public_html/tmp/3hn69l4qoa804.3h31n1yj254w8.php')
Fri, 10 Jan 2025 00:04:31 -0500 [2603:9000:f801:55e2:40c8:a7cf:9f19:4dcb] [/home/u991737198/domains/tas2023.online/public_html/lib/base.php:3281] View->sandbox()
Fri, 10 Jan 2025 00:04:31 -0500 [2603:9000:f801:55e2:40c8:a7cf:9f19:4dcb] [/home/u991737198/domains/tas2023.online/public_html/app/controllers/Controller.php:85] Preview->render()
Fri, 10 Jan 2025 00:04:31 -0500 [2603:9000:f801:55e2:40c8:a7cf:9f19:4dcb] [/home/u991737198/domains/tas2023.online/public_html/lib/base.php:2078] Controller->afterroute()
Fri, 10 Jan 2025 00:04:31 -0500 [2603:9000:f801:55e2:40c8:a7cf:9f19:4dcb] [/home/u991737198/domains/tas2023.online/public_html/lib/base.php:1871] Base->call()
Fri, 10 Jan 2025 00:04:31 -0500 [2603:9000:f801:55e2:40c8:a7cf:9f19:4dcb] [/home/u991737198/domains/tas2023.online/public_html/index.php:19] Base->run()
Fri, 10 Jan 2025 00:04:44 -0500 [2603:9000:f801:55e2:40c8:a7cf:9f19:4dcb] 500: Undefined variable $selected_note trace: [/home/u991737198/domains/tas2023.online/public_html/tmp/3hn69l4qoa804.3g8shy2588w00.php:307]
Fri, 10 Jan 2025 00:04:44 -0500 [2603:9000:f801:55e2:40c8:a7cf:9f19:4dcb] [/home/u991737198/domains/tas2023.online/public_html/tmp/3hn69l4qoa804.3g8shy2588w00.php:307] Base->{closure}()
Fri, 10 Jan 2025 00:04:44 -0500 [2603:9000:f801:55e2:40c8:a7cf:9f19:4dcb] [/home/u991737198/domains/tas2023.online/public_html/lib/base.php:3036] require('/home/u991737198/domains/tas2023.online/public_html/tmp/3hn69l4qoa804.3g8shy2588w00.php')
Fri, 10 Jan 2025 00:04:44 -0500 [2603:9000:f801:55e2:40c8:a7cf:9f19:4dcb] [/home/u991737198/domains/tas2023.online/public_html/lib/base.php:3281] View->sandbox()
Fri, 10 Jan 2025 00:04:44 -0500 [2603:9000:f801:55e2:40c8:a7cf:9f19:4dcb] [/home/u991737198/domains/tas2023.online/public_html/tmp/3hn69l4qoa804.3h31n1yj254w8.php:7] Preview->render()
Fri, 10 Jan 2025 00:04:44 -0500 [2603:9000:f801:55e2:40c8:a7cf:9f19:4dcb] [/home/u991737198/domains/tas2023.online/public_html/lib/base.php:3036] require('/home/u991737198/domains/tas2023.online/public_html/tmp/3hn69l4qoa804.3h31n1yj254w8.php')
Fri, 10 Jan 2025 00:04:44 -0500 [2603:9000:f801:55e2:40c8:a7cf:9f19:4dcb] [/home/u991737198/domains/tas2023.online/public_html/lib/base.php:3281] View->sandbox()
Fri, 10 Jan 2025 00:04:44 -0500 [2603:9000:f801:55e2:40c8:a7cf:9f19:4dcb] [/home/u991737198/domains/tas2023.online/public_html/app/controllers/Controller.php:85] Preview->render()
Fri, 10 Jan 2025 00:04:44 -0500 [2603:9000:f801:55e2:40c8:a7cf:9f19:4dcb] [/home/u991737198/domains/tas2023.online/public_html/lib/base.php:2078] Controller->afterroute()
Fri, 10 Jan 2025 00:04:44 -0500 [2603:9000:f801:55e2:40c8:a7cf:9f19:4dcb] [/home/u991737198/domains/tas2023.online/public_html/lib/base.php:1871] Base->call()
Fri, 10 Jan 2025 00:04:44 -0500 [2603:9000:f801:55e2:40c8:a7cf:9f19:4dcb] [/home/u991737198/domains/tas2023.online/public_html/index.php:19] Base->run()
Fri, 10 Jan 2025 00:04:51 -0500 [2603:9000:f801:55e2:40c8:a7cf:9f19:4dcb] 500: Undefined variable $selected_note trace: [/home/u991737198/domains/tas2023.online/public_html/tmp/3hn69l4qoa804.3g8shy2588w00.php:307]
Fri, 10 Jan 2025 00:04:51 -0500 [2603:9000:f801:55e2:40c8:a7cf:9f19:4dcb] [/home/u991737198/domains/tas2023.online/public_html/tmp/3hn69l4qoa804.3g8shy2588w00.php:307] Base->{closure}()
Fri, 10 Jan 2025 00:04:51 -0500 [2603:9000:f801:55e2:40c8:a7cf:9f19:4dcb] [/home/u991737198/domains/tas2023.online/public_html/lib/base.php:3036] require('/home/u991737198/domains/tas2023.online/public_html/tmp/3hn69l4qoa804.3g8shy2588w00.php')
Fri, 10 Jan 2025 00:04:51 -0500 [2603:9000:f801:55e2:40c8:a7cf:9f19:4dcb] [/home/u991737198/domains/tas2023.online/public_html/lib/base.php:3281] View->sandbox()
Fri, 10 Jan 2025 00:04:51 -0500 [2603:9000:f801:55e2:40c8:a7cf:9f19:4dcb] [/home/u991737198/domains/tas2023.online/public_html/tmp/3hn69l4qoa804.3h31n1yj254w8.php:7] Preview->render()
Fri, 10 Jan 2025 00:04:51 -0500 [2603:9000:f801:55e2:40c8:a7cf:9f19:4dcb] [/home/u991737198/domains/tas2023.online/public_html/lib/base.php:3036] require('/home/u991737198/domains/tas2023.online/public_html/tmp/3hn69l4qoa804.3h31n1yj254w8.php')
Fri, 10 Jan 2025 00:04:51 -0500 [2603:9000:f801:55e2:40c8:a7cf:9f19:4dcb] [/home/u991737198/domains/tas2023.online/public_html/lib/base.php:3281] View->sandbox()
Fri, 10 Jan 2025 00:04:51 -0500 [2603:9000:f801:55e2:40c8:a7cf:9f19:4dcb] [/home/u991737198/domains/tas2023.online/public_html/app/controllers/Controller.php:85] Preview->render()
Fri, 10 Jan 2025 00:04:51 -0500 [2603:9000:f801:55e2:40c8:a7cf:9f19:4dcb] [/home/u991737198/domains/tas2023.online/public_html/lib/base.php:2078] Controller->afterroute()
Fri, 10 Jan 2025 00:04:51 -0500 [2603:9000:f801:55e2:40c8:a7cf:9f19:4dcb] [/home/u991737198/domains/tas2023.online/public_html/lib/base.php:1871] Base->call()
Fri, 10 Jan 2025 00:04:51 -0500 [2603:9000:f801:55e2:40c8:a7cf:9f19:4dcb] [/home/u991737198/domains/tas2023.online/public_html/index.php:19] Base->run()
Fri, 10 Jan 2025 00:05:13 -0500 [2603:9000:f801:55e2:40c8:a7cf:9f19:4dcb] 500: Undefined variable $selected_note trace: [/home/u991737198/domains/tas2023.online/public_html/tmp/3hn69l4qoa804.3g8shy2588w00.php:307]
Fri, 10 Jan 2025 00:05:13 -0500 [2603:9000:f801:55e2:40c8:a7cf:9f19:4dcb] [/home/u991737198/domains/tas2023.online/public_html/tmp/3hn69l4qoa804.3g8shy2588w00.php:307] Base->{closure}()
Fri, 10 Jan 2025 00:05:13 -0500 [2603:9000:f801:55e2:40c8:a7cf:9f19:4dcb] [/home/u991737198/domains/tas2023.online/public_html/lib/base.php:3036] require('/home/u991737198/domains/tas2023.online/public_html/tmp/3hn69l4qoa804.3g8shy2588w00.php')
Fri, 10 Jan 2025 00:05:13 -0500 [2603:9000:f801:55e2:40c8:a7cf:9f19:4dcb] [/home/u991737198/domains/tas2023.online/public_html/lib/base.php:3281] View->sandbox()
Fri, 10 Jan 2025 00:05:13 -0500 [2603:9000:f801:55e2:40c8:a7cf:9f19:4dcb] [/home/u991737198/domains/tas2023.online/public_html/tmp/3hn69l4qoa804.3h31n1yj254w8.php:7] Preview->render()
Fri, 10 Jan 2025 00:05:13 -0500 [2603:9000:f801:55e2:40c8:a7cf:9f19:4dcb] [/home/u991737198/domains/tas2023.online/public_html/lib/base.php:3036] require('/home/u991737198/domains/tas2023.online/public_html/tmp/3hn69l4qoa804.3h31n1yj254w8.php')
Fri, 10 Jan 2025 00:05:13 -0500 [2603:9000:f801:55e2:40c8:a7cf:9f19:4dcb] [/home/u991737198/domains/tas2023.online/public_html/lib/base.php:3281] View->sandbox()
Fri, 10 Jan 2025 00:05:13 -0500 [2603:9000:f801:55e2:40c8:a7cf:9f19:4dcb] [/home/u991737198/domains/tas2023.online/public_html/app/controllers/Controller.php:85] Preview->render()
Fri, 10 Jan 2025 00:05:13 -0500 [2603:9000:f801:55e2:40c8:a7cf:9f19:4dcb] [/home/u991737198/domains/tas2023.online/public_html/lib/base.php:2078] Controller->afterroute()
Fri, 10 Jan 2025 00:05:13 -0500 [2603:9000:f801:55e2:40c8:a7cf:9f19:4dcb] [/home/u991737198/domains/tas2023.online/public_html/lib/base.php:1871] Base->call()
Fri, 10 Jan 2025 00:05:13 -0500 [2603:9000:f801:55e2:40c8:a7cf:9f19:4dcb] [/home/u991737198/domains/tas2023.online/public_html/index.php:19] Base->run()
Fri, 10 Jan 2025 00:05:40 -0500 [2603:9000:f801:55e2:40c8:a7cf:9f19:4dcb] 500: Undefined variable $entity_num trace: [tmp/3hn69l4qoa804.1zo7dt0fljr4w.php:196]
Fri, 10 Jan 2025 00:05:40 -0500 [2603:9000:f801:55e2:40c8:a7cf:9f19:4dcb] [tmp/3hn69l4qoa804.1zo7dt0fljr4w.php:196] Base->{closure}()
Fri, 10 Jan 2025 00:05:40 -0500 [2603:9000:f801:55e2:40c8:a7cf:9f19:4dcb] [lib/base.php:3036] require('/home/u991737198/domains/tas2023.online/public_html/tmp/3hn69l4qoa804.1zo7dt0fljr4w.php')
Fri, 10 Jan 2025 00:05:40 -0500 [2603:9000:f801:55e2:40c8:a7cf:9f19:4dcb] [lib/base.php:3281] View->sandbox()
Fri, 10 Jan 2025 00:05:40 -0500 [2603:9000:f801:55e2:40c8:a7cf:9f19:4dcb] [tmp/3hn69l4qoa804.3h31n1yj254w8.php:7] Preview->render()
Fri, 10 Jan 2025 00:05:40 -0500 [2603:9000:f801:55e2:40c8:a7cf:9f19:4dcb] [lib/base.php:3036] require('/home/u991737198/domains/tas2023.online/public_html/tmp/3hn69l4qoa804.3h31n1yj254w8.php')
Fri, 10 Jan 2025 00:05:40 -0500 [2603:9000:f801:55e2:40c8:a7cf:9f19:4dcb] [lib/base.php:3281] View->sandbox()
Fri, 10 Jan 2025 00:05:40 -0500 [2603:9000:f801:55e2:40c8:a7cf:9f19:4dcb] [app/controllers/Controller.php:85] Preview->render()
Fri, 10 Jan 2025 00:05:40 -0500 [2603:9000:f801:55e2:40c8:a7cf:9f19:4dcb] [lib/base.php:2078] Controller->afterroute()
Fri, 10 Jan 2025 00:05:40 -0500 [2603:9000:f801:55e2:40c8:a7cf:9f19:4dcb] [lib/base.php:1871] Base->call()
Fri, 10 Jan 2025 00:05:40 -0500 [2603:9000:f801:55e2:40c8:a7cf:9f19:4dcb] [index.php:19] Base->run()
Fri, 10 Jan 2025 00:05:45 -0500 [2603:9000:f801:55e2:40c8:a7cf:9f19:4dcb] 500: Undefined variable $token trace: [tmp/3hn69l4qoa804.2r4f9cgm96ecs.php:191]
Fri, 10 Jan 2025 00:05:45 -0500 [2603:9000:f801:55e2:40c8:a7cf:9f19:4dcb] [tmp/3hn69l4qoa804.2r4f9cgm96ecs.php:191] Base->{closure}()
Fri, 10 Jan 2025 00:05:45 -0500 [2603:9000:f801:55e2:40c8:a7cf:9f19:4dcb] [lib/base.php:3036] require('/home/u991737198/domains/tas2023.online/public_html/tmp/3hn69l4qoa804.2r4f9cgm96ecs.php')
Fri, 10 Jan 2025 00:05:45 -0500 [2603:9000:f801:55e2:40c8:a7cf:9f19:4dcb] [lib/base.php:3281] View->sandbox()
Fri, 10 Jan 2025 00:05:45 -0500 [2603:9000:f801:55e2:40c8:a7cf:9f19:4dcb] [tmp/3hn69l4qoa804.3h31n1yj254w8.php:7] Preview->render()
Fri, 10 Jan 2025 00:05:45 -0500 [2603:9000:f801:55e2:40c8:a7cf:9f19:4dcb] [lib/base.php:3036] require('/home/u991737198/domains/tas2023.online/public_html/tmp/3hn69l4qoa804.3h31n1yj254w8.php')
Fri, 10 Jan 2025 00:05:45 -0500 [2603:9000:f801:55e2:40c8:a7cf:9f19:4dcb] [lib/base.php:3281] View->sandbox()
Fri, 10 Jan 2025 00:05:45 -0500 [2603:9000:f801:55e2:40c8:a7cf:9f19:4dcb] [app/controllers/Controller.php:85] Preview->render()
Fri, 10 Jan 2025 00:05:45 -0500 [2603:9000:f801:55e2:40c8:a7cf:9f19:4dcb] [lib/base.php:2078] Controller->afterroute()
Fri, 10 Jan 2025 00:05:45 -0500 [2603:9000:f801:55e2:40c8:a7cf:9f19:4dcb] [lib/base.php:1871] Base->call()
Fri, 10 Jan 2025 00:05:45 -0500 [2603:9000:f801:55e2:40c8:a7cf:9f19:4dcb] [index.php:19] Base->run()
Fri, 10 Jan 2025 00:05:54 -0500 [2603:9000:f801:55e2:40c8:a7cf:9f19:4dcb] 500: Undefined variable $token trace: [tmp/3hn69l4qoa804.2r4f9cgm96ecs.php:191]
Fri, 10 Jan 2025 00:05:54 -0500 [2603:9000:f801:55e2:40c8:a7cf:9f19:4dcb] [tmp/3hn69l4qoa804.2r4f9cgm96ecs.php:191] Base->{closure}()
Fri, 10 Jan 2025 00:05:54 -0500 [2603:9000:f801:55e2:40c8:a7cf:9f19:4dcb] [lib/base.php:3036] require('/home/u991737198/domains/tas2023.online/public_html/tmp/3hn69l4qoa804.2r4f9cgm96ecs.php')
Fri, 10 Jan 2025 00:05:54 -0500 [2603:9000:f801:55e2:40c8:a7cf:9f19:4dcb] [lib/base.php:3281] View->sandbox()
Fri, 10 Jan 2025 00:05:54 -0500 [2603:9000:f801:55e2:40c8:a7cf:9f19:4dcb] [tmp/3hn69l4qoa804.3h31n1yj254w8.php:7] Preview->render()
Fri, 10 Jan 2025 00:05:54 -0500 [2603:9000:f801:55e2:40c8:a7cf:9f19:4dcb] [lib/base.php:3036] require('/home/u991737198/domains/tas2023.online/public_html/tmp/3hn69l4qoa804.3h31n1yj254w8.php')
Fri, 10 Jan 2025 00:05:54 -0500 [2603:9000:f801:55e2:40c8:a7cf:9f19:4dcb] [lib/base.php:3281] View->sandbox()
Fri, 10 Jan 2025 00:05:54 -0500 [2603:9000:f801:55e2:40c8:a7cf:9f19:4dcb] [app/controllers/Controller.php:85] Preview->render()
Fri, 10 Jan 2025 00:05:54 -0500 [2603:9000:f801:55e2:40c8:a7cf:9f19:4dcb] [lib/base.php:2078] Controller->afterroute()
Fri, 10 Jan 2025 00:05:54 -0500 [2603:9000:f801:55e2:40c8:a7cf:9f19:4dcb] [lib/base.php:1871] Base->call()
Fri, 10 Jan 2025 00:05:54 -0500 [2603:9000:f801:55e2:40c8:a7cf:9f19:4dcb] [index.php:19] Base->run()
Fri, 10 Jan 2025 00:06:14 -0500 [2603:9000:f801:55e2:40c8:a7cf:9f19:4dcb] 500: Undefined variable $entity_num trace: [tmp/3hn69l4qoa804.1zo7dt0fljr4w.php:196]
Fri, 10 Jan 2025 00:06:14 -0500 [2603:9000:f801:55e2:40c8:a7cf:9f19:4dcb] [tmp/3hn69l4qoa804.1zo7dt0fljr4w.php:196] Base->{closure}()
Fri, 10 Jan 2025 00:06:14 -0500 [2603:9000:f801:55e2:40c8:a7cf:9f19:4dcb] [lib/base.php:3036] require('/home/u991737198/domains/tas2023.online/public_html/tmp/3hn69l4qoa804.1zo7dt0fljr4w.php')
Fri, 10 Jan 2025 00:06:14 -0500 [2603:9000:f801:55e2:40c8:a7cf:9f19:4dcb] [lib/base.php:3281] View->sandbox()
Fri, 10 Jan 2025 00:06:14 -0500 [2603:9000:f801:55e2:40c8:a7cf:9f19:4dcb] [tmp/3hn69l4qoa804.3h31n1yj254w8.php:7] Preview->render()
Fri, 10 Jan 2025 00:06:14 -0500 [2603:9000:f801:55e2:40c8:a7cf:9f19:4dcb] [lib/base.php:3036] require('/home/u991737198/domains/tas2023.online/public_html/tmp/3hn69l4qoa804.3h31n1yj254w8.php')
Fri, 10 Jan 2025 00:06:14 -0500 [2603:9000:f801:55e2:40c8:a7cf:9f19:4dcb] [lib/base.php:3281] View->sandbox()
Fri, 10 Jan 2025 00:06:14 -0500 [2603:9000:f801:55e2:40c8:a7cf:9f19:4dcb] [app/controllers/Controller.php:85] Preview->render()
Fri, 10 Jan 2025 00:06:14 -0500 [2603:9000:f801:55e2:40c8:a7cf:9f19:4dcb] [lib/base.php:2078] Controller->afterroute()
Fri, 10 Jan 2025 00:06:14 -0500 [2603:9000:f801:55e2:40c8:a7cf:9f19:4dcb] [lib/base.php:1871] Base->call()
Fri, 10 Jan 2025 00:06:14 -0500 [2603:9000:f801:55e2:40c8:a7cf:9f19:4dcb] [index.php:19] Base->run()
Fri, 10 Jan 2025 00:06:19 -0500 [2603:9000:f801:55e2:40c8:a7cf:9f19:4dcb] 500: Undefined variable $entity_num trace: [tmp/3hn69l4qoa804.1zo7dt0fljr4w.php:196]
Fri, 10 Jan 2025 00:06:19 -0500 [2603:9000:f801:55e2:40c8:a7cf:9f19:4dcb] [tmp/3hn69l4qoa804.1zo7dt0fljr4w.php:196] Base->{closure}()
Fri, 10 Jan 2025 00:06:19 -0500 [2603:9000:f801:55e2:40c8:a7cf:9f19:4dcb] [lib/base.php:3036] require('/home/u991737198/domains/tas2023.online/public_html/tmp/3hn69l4qoa804.1zo7dt0fljr4w.php')
Fri, 10 Jan 2025 00:06:19 -0500 [2603:9000:f801:55e2:40c8:a7cf:9f19:4dcb] [lib/base.php:3281] View->sandbox()
Fri, 10 Jan 2025 00:06:19 -0500 [2603:9000:f801:55e2:40c8:a7cf:9f19:4dcb] [tmp/3hn69l4qoa804.3h31n1yj254w8.php:7] Preview->render()
Fri, 10 Jan 2025 00:06:19 -0500 [2603:9000:f801:55e2:40c8:a7cf:9f19:4dcb] [lib/base.php:3036] require('/home/u991737198/domains/tas2023.online/public_html/tmp/3hn69l4qoa804.3h31n1yj254w8.php')
Fri, 10 Jan 2025 00:06:19 -0500 [2603:9000:f801:55e2:40c8:a7cf:9f19:4dcb] [lib/base.php:3281] View->sandbox()
Fri, 10 Jan 2025 00:06:19 -0500 [2603:9000:f801:55e2:40c8:a7cf:9f19:4dcb] [app/controllers/Controller.php:85] Preview->render()
Fri, 10 Jan 2025 00:06:19 -0500 [2603:9000:f801:55e2:40c8:a7cf:9f19:4dcb] [lib/base.php:2078] Controller->afterroute()
Fri, 10 Jan 2025 00:06:19 -0500 [2603:9000:f801:55e2:40c8:a7cf:9f19:4dcb] [lib/base.php:1871] Base->call()
Fri, 10 Jan 2025 00:06:19 -0500 [2603:9000:f801:55e2:40c8:a7cf:9f19:4dcb] [index.php:19] Base->run()
Fri, 10 Jan 2025 12:11:43 -0500 [2600:1006:b008:7dc2:d8a5:8b7c:39d3:7e6b] 500: Undefined variable $entity_num trace: [tmp/3hn69l4qoa804.1zo7dt0fljr4w.php:196]
Fri, 10 Jan 2025 12:11:43 -0500 [2600:1006:b008:7dc2:d8a5:8b7c:39d3:7e6b] [tmp/3hn69l4qoa804.1zo7dt0fljr4w.php:196] Base->{closure}()
Fri, 10 Jan 2025 12:11:43 -0500 [2600:1006:b008:7dc2:d8a5:8b7c:39d3:7e6b] [lib/base.php:3036] require('/home/u991737198/domains/tas2023.online/public_html/tmp/3hn69l4qoa804.1zo7dt0fljr4w.php')
Fri, 10 Jan 2025 12:11:43 -0500 [2600:1006:b008:7dc2:d8a5:8b7c:39d3:7e6b] [lib/base.php:3281] View->sandbox()
Fri, 10 Jan 2025 12:11:43 -0500 [2600:1006:b008:7dc2:d8a5:8b7c:39d3:7e6b] [tmp/3hn69l4qoa804.3h31n1yj254w8.php:7] Preview->render()
Fri, 10 Jan 2025 12:11:43 -0500 [2600:1006:b008:7dc2:d8a5:8b7c:39d3:7e6b] [lib/base.php:3036] require('/home/u991737198/domains/tas2023.online/public_html/tmp/3hn69l4qoa804.3h31n1yj254w8.php')
Fri, 10 Jan 2025 12:11:43 -0500 [2600:1006:b008:7dc2:d8a5:8b7c:39d3:7e6b] [lib/base.php:3281] View->sandbox()
Fri, 10 Jan 2025 12:11:43 -0500 [2600:1006:b008:7dc2:d8a5:8b7c:39d3:7e6b] [app/controllers/Controller.php:85] Preview->render()
Fri, 10 Jan 2025 12:11:43 -0500 [2600:1006:b008:7dc2:d8a5:8b7c:39d3:7e6b] [lib/base.php:2078] Controller->afterroute()
Fri, 10 Jan 2025 12:11:43 -0500 [2600:1006:b008:7dc2:d8a5:8b7c:39d3:7e6b] [lib/base.php:1871] Base->call()
Fri, 10 Jan 2025 12:11:43 -0500 [2600:1006:b008:7dc2:d8a5:8b7c:39d3:7e6b] [index.php:19] Base->run()
Fri, 10 Jan 2025 12:19:34 -0500 [2600:1006:b008:7dc2:d8a5:8b7c:39d3:7e6b] 500: Undefined variable $entity_num trace: [tmp/3hn69l4qoa804.1zo7dt0fljr4w.php:196]
Fri, 10 Jan 2025 12:19:34 -0500 [2600:1006:b008:7dc2:d8a5:8b7c:39d3:7e6b] [tmp/3hn69l4qoa804.1zo7dt0fljr4w.php:196] Base->{closure}()
Fri, 10 Jan 2025 12:19:34 -0500 [2600:1006:b008:7dc2:d8a5:8b7c:39d3:7e6b] [lib/base.php:3036] require('/home/u991737198/domains/tas2023.online/public_html/tmp/3hn69l4qoa804.1zo7dt0fljr4w.php')
Fri, 10 Jan 2025 12:19:34 -0500 [2600:1006:b008:7dc2:d8a5:8b7c:39d3:7e6b] [lib/base.php:3281] View->sandbox()
Fri, 10 Jan 2025 12:19:34 -0500 [2600:1006:b008:7dc2:d8a5:8b7c:39d3:7e6b] [tmp/3hn69l4qoa804.3h31n1yj254w8.php:7] Preview->render()
Fri, 10 Jan 2025 12:19:34 -0500 [2600:1006:b008:7dc2:d8a5:8b7c:39d3:7e6b] [lib/base.php:3036] require('/home/u991737198/domains/tas2023.online/public_html/tmp/3hn69l4qoa804.3h31n1yj254w8.php')
Fri, 10 Jan 2025 12:19:34 -0500 [2600:1006:b008:7dc2:d8a5:8b7c:39d3:7e6b] [lib/base.php:3281] View->sandbox()
Fri, 10 Jan 2025 12:19:34 -0500 [2600:1006:b008:7dc2:d8a5:8b7c:39d3:7e6b] [app/controllers/Controller.php:85] Preview->render()
Fri, 10 Jan 2025 12:19:34 -0500 [2600:1006:b008:7dc2:d8a5:8b7c:39d3:7e6b] [lib/base.php:2078] Controller->afterroute()
Fri, 10 Jan 2025 12:19:34 -0500 [2600:1006:b008:7dc2:d8a5:8b7c:39d3:7e6b] [lib/base.php:1871] Base->call()
Fri, 10 Jan 2025 12:19:34 -0500 [2600:1006:b008:7dc2:d8a5:8b7c:39d3:7e6b] [index.php:19] Base->run()
Fri, 10 Jan 2025 12:19:41 -0500 [2600:1006:b008:7dc2:d8a5:8b7c:39d3:7e6b] 500: Undefined variable $token trace: [tmp/3hn69l4qoa804.2r4f9cgm96ecs.php:191]
Fri, 10 Jan 2025 12:19:41 -0500 [2600:1006:b008:7dc2:d8a5:8b7c:39d3:7e6b] [tmp/3hn69l4qoa804.2r4f9cgm96ecs.php:191] Base->{closure}()
Fri, 10 Jan 2025 12:19:41 -0500 [2600:1006:b008:7dc2:d8a5:8b7c:39d3:7e6b] [lib/base.php:3036] require('/home/u991737198/domains/tas2023.online/public_html/tmp/3hn69l4qoa804.2r4f9cgm96ecs.php')
Fri, 10 Jan 2025 12:19:41 -0500 [2600:1006:b008:7dc2:d8a5:8b7c:39d3:7e6b] [lib/base.php:3281] View->sandbox()
Fri, 10 Jan 2025 12:19:41 -0500 [2600:1006:b008:7dc2:d8a5:8b7c:39d3:7e6b] [tmp/3hn69l4qoa804.3h31n1yj254w8.php:7] Preview->render()
Fri, 10 Jan 2025 12:19:41 -0500 [2600:1006:b008:7dc2:d8a5:8b7c:39d3:7e6b] [lib/base.php:3036] require('/home/u991737198/domains/tas2023.online/public_html/tmp/3hn69l4qoa804.3h31n1yj254w8.php')
Fri, 10 Jan 2025 12:19:41 -0500 [2600:1006:b008:7dc2:d8a5:8b7c:39d3:7e6b] [lib/base.php:3281] View->sandbox()
Fri, 10 Jan 2025 12:19:41 -0500 [2600:1006:b008:7dc2:d8a5:8b7c:39d3:7e6b] [app/controllers/Controller.php:85] Preview->render()
Fri, 10 Jan 2025 12:19:41 -0500 [2600:1006:b008:7dc2:d8a5:8b7c:39d3:7e6b] [lib/base.php:2078] Controller->afterroute()
Fri, 10 Jan 2025 12:19:41 -0500 [2600:1006:b008:7dc2:d8a5:8b7c:39d3:7e6b] [lib/base.php:1871] Base->call()
Fri, 10 Jan 2025 12:19:41 -0500 [2600:1006:b008:7dc2:d8a5:8b7c:39d3:7e6b] [index.php:19] Base->run()
Fri, 10 Jan 2025 12:19:48 -0500 [2600:1006:b008:7dc2:d8a5:8b7c:39d3:7e6b] 500: Undefined variable $entity_num trace: [tmp/3hn69l4qoa804.1zo7dt0fljr4w.php:196]
Fri, 10 Jan 2025 12:19:48 -0500 [2600:1006:b008:7dc2:d8a5:8b7c:39d3:7e6b] [tmp/3hn69l4qoa804.1zo7dt0fljr4w.php:196] Base->{closure}()
Fri, 10 Jan 2025 12:19:48 -0500 [2600:1006:b008:7dc2:d8a5:8b7c:39d3:7e6b] [lib/base.php:3036] require('/home/u991737198/domains/tas2023.online/public_html/tmp/3hn69l4qoa804.1zo7dt0fljr4w.php')
Fri, 10 Jan 2025 12:19:48 -0500 [2600:1006:b008:7dc2:d8a5:8b7c:39d3:7e6b] [lib/base.php:3281] View->sandbox()
Fri, 10 Jan 2025 12:19:48 -0500 [2600:1006:b008:7dc2:d8a5:8b7c:39d3:7e6b] [tmp/3hn69l4qoa804.3h31n1yj254w8.php:7] Preview->render()
Fri, 10 Jan 2025 12:19:48 -0500 [2600:1006:b008:7dc2:d8a5:8b7c:39d3:7e6b] [lib/base.php:3036] require('/home/u991737198/domains/tas2023.online/public_html/tmp/3hn69l4qoa804.3h31n1yj254w8.php')
Fri, 10 Jan 2025 12:19:48 -0500 [2600:1006:b008:7dc2:d8a5:8b7c:39d3:7e6b] [lib/base.php:3281] View->sandbox()
Fri, 10 Jan 2025 12:19:48 -0500 [2600:1006:b008:7dc2:d8a5:8b7c:39d3:7e6b] [app/controllers/Controller.php:85] Preview->render()
Fri, 10 Jan 2025 12:19:48 -0500 [2600:1006:b008:7dc2:d8a5:8b7c:39d3:7e6b] [lib/base.php:2078] Controller->afterroute()
Fri, 10 Jan 2025 12:19:48 -0500 [2600:1006:b008:7dc2:d8a5:8b7c:39d3:7e6b] [lib/base.php:1871] Base->call()
Fri, 10 Jan 2025 12:19:48 -0500 [2600:1006:b008:7dc2:d8a5:8b7c:39d3:7e6b] [index.php:19] Base->run()
Fri, 10 Jan 2025 12:19:53 -0500 [2600:1006:b008:7dc2:d8a5:8b7c:39d3:7e6b] 500: Undefined variable $entity_num trace: [tmp/3hn69l4qoa804.1zo7dt0fljr4w.php:196]
Fri, 10 Jan 2025 12:19:53 -0500 [2600:1006:b008:7dc2:d8a5:8b7c:39d3:7e6b] [tmp/3hn69l4qoa804.1zo7dt0fljr4w.php:196] Base->{closure}()
Fri, 10 Jan 2025 12:19:53 -0500 [2600:1006:b008:7dc2:d8a5:8b7c:39d3:7e6b] [lib/base.php:3036] require('/home/u991737198/domains/tas2023.online/public_html/tmp/3hn69l4qoa804.1zo7dt0fljr4w.php')
Fri, 10 Jan 2025 12:19:53 -0500 [2600:1006:b008:7dc2:d8a5:8b7c:39d3:7e6b] [lib/base.php:3281] View->sandbox()
Fri, 10 Jan 2025 12:19:53 -0500 [2600:1006:b008:7dc2:d8a5:8b7c:39d3:7e6b] [tmp/3hn69l4qoa804.3h31n1yj254w8.php:7] Preview->render()
Fri, 10 Jan 2025 12:19:53 -0500 [2600:1006:b008:7dc2:d8a5:8b7c:39d3:7e6b] [lib/base.php:3036] require('/home/u991737198/domains/tas2023.online/public_html/tmp/3hn69l4qoa804.3h31n1yj254w8.php')
Fri, 10 Jan 2025 12:19:53 -0500 [2600:1006:b008:7dc2:d8a5:8b7c:39d3:7e6b] [lib/base.php:3281] View->sandbox()
Fri, 10 Jan 2025 12:19:53 -0500 [2600:1006:b008:7dc2:d8a5:8b7c:39d3:7e6b] [app/controllers/Controller.php:85] Preview->render()
Fri, 10 Jan 2025 12:19:53 -0500 [2600:1006:b008:7dc2:d8a5:8b7c:39d3:7e6b] [lib/base.php:2078] Controller->afterroute()
Fri, 10 Jan 2025 12:19:53 -0500 [2600:1006:b008:7dc2:d8a5:8b7c:39d3:7e6b] [lib/base.php:1871] Base->call()
Fri, 10 Jan 2025 12:19:53 -0500 [2600:1006:b008:7dc2:d8a5:8b7c:39d3:7e6b] [index.php:19] Base->run()
Fri, 10 Jan 2025 12:22:12 -0500 [2600:1006:b008:7dc2:d8a5:8b7c:39d3:7e6b] 500: Undefined variable $selected_note trace: [/home/u991737198/domains/tas2023.online/public_html/tmp/3hn69l4qoa804.3g8shy2588w00.php:307]
Fri, 10 Jan 2025 12:22:12 -0500 [2600:1006:b008:7dc2:d8a5:8b7c:39d3:7e6b] [/home/u991737198/domains/tas2023.online/public_html/tmp/3hn69l4qoa804.3g8shy2588w00.php:307] Base->{closure}()
Fri, 10 Jan 2025 12:22:12 -0500 [2600:1006:b008:7dc2:d8a5:8b7c:39d3:7e6b] [/home/u991737198/domains/tas2023.online/public_html/lib/base.php:3036] require('/home/u991737198/domains/tas2023.online/public_html/tmp/3hn69l4qoa804.3g8shy2588w00.php')
Fri, 10 Jan 2025 12:22:12 -0500 [2600:1006:b008:7dc2:d8a5:8b7c:39d3:7e6b] [/home/u991737198/domains/tas2023.online/public_html/lib/base.php:3281] View->sandbox()
Fri, 10 Jan 2025 12:22:12 -0500 [2600:1006:b008:7dc2:d8a5:8b7c:39d3:7e6b] [/home/u991737198/domains/tas2023.online/public_html/tmp/3hn69l4qoa804.3h31n1yj254w8.php:7] Preview->render()
Fri, 10 Jan 2025 12:22:12 -0500 [2600:1006:b008:7dc2:d8a5:8b7c:39d3:7e6b] [/home/u991737198/domains/tas2023.online/public_html/lib/base.php:3036] require('/home/u991737198/domains/tas2023.online/public_html/tmp/3hn69l4qoa804.3h31n1yj254w8.php')
Fri, 10 Jan 2025 12:22:12 -0500 [2600:1006:b008:7dc2:d8a5:8b7c:39d3:7e6b] [/home/u991737198/domains/tas2023.online/public_html/lib/base.php:3281] View->sandbox()
Fri, 10 Jan 2025 12:22:12 -0500 [2600:1006:b008:7dc2:d8a5:8b7c:39d3:7e6b] [/home/u991737198/domains/tas2023.online/public_html/app/controllers/Controller.php:85] Preview->render()
Fri, 10 Jan 2025 12:22:12 -0500 [2600:1006:b008:7dc2:d8a5:8b7c:39d3:7e6b] [/home/u991737198/domains/tas2023.online/public_html/lib/base.php:2078] Controller->afterroute()
Fri, 10 Jan 2025 12:22:12 -0500 [2600:1006:b008:7dc2:d8a5:8b7c:39d3:7e6b] [/home/u991737198/domains/tas2023.online/public_html/lib/base.php:1871] Base->call()
Fri, 10 Jan 2025 12:22:12 -0500 [2600:1006:b008:7dc2:d8a5:8b7c:39d3:7e6b] [/home/u991737198/domains/tas2023.online/public_html/index.php:19] Base->run()
Fri, 10 Jan 2025 12:22:55 -0500 [2600:1006:b008:7dc2:d8a5:8b7c:39d3:7e6b] 500: Undefined variable $selected_note trace: [/home/u991737198/domains/tas2023.online/public_html/tmp/3hn69l4qoa804.3g8shy2588w00.php:307]
Fri, 10 Jan 2025 12:22:55 -0500 [2600:1006:b008:7dc2:d8a5:8b7c:39d3:7e6b] [/home/u991737198/domains/tas2023.online/public_html/tmp/3hn69l4qoa804.3g8shy2588w00.php:307] Base->{closure}()
Fri, 10 Jan 2025 12:22:55 -0500 [2600:1006:b008:7dc2:d8a5:8b7c:39d3:7e6b] [/home/u991737198/domains/tas2023.online/public_html/lib/base.php:3036] require('/home/u991737198/domains/tas2023.online/public_html/tmp/3hn69l4qoa804.3g8shy2588w00.php')
Fri, 10 Jan 2025 12:22:55 -0500 [2600:1006:b008:7dc2:d8a5:8b7c:39d3:7e6b] [/home/u991737198/domains/tas2023.online/public_html/lib/base.php:3281] View->sandbox()
Fri, 10 Jan 2025 12:22:55 -0500 [2600:1006:b008:7dc2:d8a5:8b7c:39d3:7e6b] [/home/u991737198/domains/tas2023.online/public_html/tmp/3hn69l4qoa804.3h31n1yj254w8.php:7] Preview->render()
Fri, 10 Jan 2025 12:22:55 -0500 [2600:1006:b008:7dc2:d8a5:8b7c:39d3:7e6b] [/home/u991737198/domains/tas2023.online/public_html/lib/base.php:3036] require('/home/u991737198/domains/tas2023.online/public_html/tmp/3hn69l4qoa804.3h31n1yj254w8.php')
Fri, 10 Jan 2025 12:22:55 -0500 [2600:1006:b008:7dc2:d8a5:8b7c:39d3:7e6b] [/home/u991737198/domains/tas2023.online/public_html/lib/base.php:3281] View->sandbox()
Fri, 10 Jan 2025 12:22:55 -0500 [2600:1006:b008:7dc2:d8a5:8b7c:39d3:7e6b] [/home/u991737198/domains/tas2023.online/public_html/app/controllers/Controller.php:85] Preview->render()
Fri, 10 Jan 2025 12:22:55 -0500 [2600:1006:b008:7dc2:d8a5:8b7c:39d3:7e6b] [/home/u991737198/domains/tas2023.online/public_html/lib/base.php:2078] Controller->afterroute()
Fri, 10 Jan 2025 12:22:55 -0500 [2600:1006:b008:7dc2:d8a5:8b7c:39d3:7e6b] [/home/u991737198/domains/tas2023.online/public_html/lib/base.php:1871] Base->call()
Fri, 10 Jan 2025 12:22:55 -0500 [2600:1006:b008:7dc2:d8a5:8b7c:39d3:7e6b] [/home/u991737198/domains/tas2023.online/public_html/index.php:19] Base->run()
Fri, 10 Jan 2025 12:24:01 -0500 [2600:1006:b008:7dc2:d8a5:8b7c:39d3:7e6b] 500: Undefined variable $selected_note trace: [/home/u991737198/domains/tas2023.online/public_html/tmp/3hn69l4qoa804.3g8shy2588w00.php:307]
Fri, 10 Jan 2025 12:24:01 -0500 [2600:1006:b008:7dc2:d8a5:8b7c:39d3:7e6b] [/home/u991737198/domains/tas2023.online/public_html/tmp/3hn69l4qoa804.3g8shy2588w00.php:307] Base->{closure}()
Fri, 10 Jan 2025 12:24:01 -0500 [2600:1006:b008:7dc2:d8a5:8b7c:39d3:7e6b] [/home/u991737198/domains/tas2023.online/public_html/lib/base.php:3036] require('/home/u991737198/domains/tas2023.online/public_html/tmp/3hn69l4qoa804.3g8shy2588w00.php')
Fri, 10 Jan 2025 12:24:01 -0500 [2600:1006:b008:7dc2:d8a5:8b7c:39d3:7e6b] [/home/u991737198/domains/tas2023.online/public_html/lib/base.php:3281] View->sandbox()
Fri, 10 Jan 2025 12:24:01 -0500 [2600:1006:b008:7dc2:d8a5:8b7c:39d3:7e6b] [/home/u991737198/domains/tas2023.online/public_html/tmp/3hn69l4qoa804.3h31n1yj254w8.php:7] Preview->render()
Fri, 10 Jan 2025 12:24:01 -0500 [2600:1006:b008:7dc2:d8a5:8b7c:39d3:7e6b] [/home/u991737198/domains/tas2023.online/public_html/lib/base.php:3036] require('/home/u991737198/domains/tas2023.online/public_html/tmp/3hn69l4qoa804.3h31n1yj254w8.php')
Fri, 10 Jan 2025 12:24:01 -0500 [2600:1006:b008:7dc2:d8a5:8b7c:39d3:7e6b] [/home/u991737198/domains/tas2023.online/public_html/lib/base.php:3281] View->sandbox()
Fri, 10 Jan 2025 12:24:01 -0500 [2600:1006:b008:7dc2:d8a5:8b7c:39d3:7e6b] [/home/u991737198/domains/tas2023.online/public_html/app/controllers/Controller.php:85] Preview->render()
Fri, 10 Jan 2025 12:24:01 -0500 [2600:1006:b008:7dc2:d8a5:8b7c:39d3:7e6b] [/home/u991737198/domains/tas2023.online/public_html/lib/base.php:2078] Controller->afterroute()
Fri, 10 Jan 2025 12:24:01 -0500 [2600:1006:b008:7dc2:d8a5:8b7c:39d3:7e6b] [/home/u991737198/domains/tas2023.online/public_html/lib/base.php:1871] Base->call()
Fri, 10 Jan 2025 12:24:01 -0500 [2600:1006:b008:7dc2:d8a5:8b7c:39d3:7e6b] [/home/u991737198/domains/tas2023.online/public_html/index.php:19] Base->run()
Fri, 10 Jan 2025 13:58:30 -0500 [2600:1006:b008:7dc2:d8a5:8b7c:39d3:7e6b] 500: Undefined variable $selected_note trace: [/home/u991737198/domains/tas2023.online/public_html/tmp/3hn69l4qoa804.3g8shy2588w00.php:307]
Fri, 10 Jan 2025 13:58:30 -0500 [2600:1006:b008:7dc2:d8a5:8b7c:39d3:7e6b] [/home/u991737198/domains/tas2023.online/public_html/tmp/3hn69l4qoa804.3g8shy2588w00.php:307] Base->{closure}()
Fri, 10 Jan 2025 13:58:30 -0500 [2600:1006:b008:7dc2:d8a5:8b7c:39d3:7e6b] [/home/u991737198/domains/tas2023.online/public_html/lib/base.php:3036] require('/home/u991737198/domains/tas2023.online/public_html/tmp/3hn69l4qoa804.3g8shy2588w00.php')
Fri, 10 Jan 2025 13:58:30 -0500 [2600:1006:b008:7dc2:d8a5:8b7c:39d3:7e6b] [/home/u991737198/domains/tas2023.online/public_html/lib/base.php:3281] View->sandbox()
Fri, 10 Jan 2025 13:58:30 -0500 [2600:1006:b008:7dc2:d8a5:8b7c:39d3:7e6b] [/home/u991737198/domains/tas2023.online/public_html/tmp/3hn69l4qoa804.3h31n1yj254w8.php:7] Preview->render()
Fri, 10 Jan 2025 13:58:30 -0500 [2600:1006:b008:7dc2:d8a5:8b7c:39d3:7e6b] [/home/u991737198/domains/tas2023.online/public_html/lib/base.php:3036] require('/home/u991737198/domains/tas2023.online/public_html/tmp/3hn69l4qoa804.3h31n1yj254w8.php')
Fri, 10 Jan 2025 13:58:30 -0500 [2600:1006:b008:7dc2:d8a5:8b7c:39d3:7e6b] [/home/u991737198/domains/tas2023.online/public_html/lib/base.php:3281] View->sandbox()
Fri, 10 Jan 2025 13:58:30 -0500 [2600:1006:b008:7dc2:d8a5:8b7c:39d3:7e6b] [/home/u991737198/domains/tas2023.online/public_html/app/controllers/Controller.php:85] Preview->render()
Fri, 10 Jan 2025 13:58:30 -0500 [2600:1006:b008:7dc2:d8a5:8b7c:39d3:7e6b] [/home/u991737198/domains/tas2023.online/public_html/lib/base.php:2078] Controller->afterroute()
Fri, 10 Jan 2025 13:58:30 -0500 [2600:1006:b008:7dc2:d8a5:8b7c:39d3:7e6b] [/home/u991737198/domains/tas2023.online/public_html/lib/base.php:1871] Base->call()
Fri, 10 Jan 2025 13:58:30 -0500 [2600:1006:b008:7dc2:d8a5:8b7c:39d3:7e6b] [/home/u991737198/domains/tas2023.online/public_html/index.php:19] Base->run()
Fri, 10 Jan 2025 13:58:39 -0500 [2600:1006:b008:7dc2:d8a5:8b7c:39d3:7e6b] 500: Undefined variable $selected_note trace: [/home/u991737198/domains/tas2023.online/public_html/tmp/3hn69l4qoa804.3g8shy2588w00.php:307]
Fri, 10 Jan 2025 13:58:39 -0500 [2600:1006:b008:7dc2:d8a5:8b7c:39d3:7e6b] [/home/u991737198/domains/tas2023.online/public_html/tmp/3hn69l4qoa804.3g8shy2588w00.php:307] Base->{closure}()
Fri, 10 Jan 2025 13:58:39 -0500 [2600:1006:b008:7dc2:d8a5:8b7c:39d3:7e6b] [/home/u991737198/domains/tas2023.online/public_html/lib/base.php:3036] require('/home/u991737198/domains/tas2023.online/public_html/tmp/3hn69l4qoa804.3g8shy2588w00.php')
Fri, 10 Jan 2025 13:58:39 -0500 [2600:1006:b008:7dc2:d8a5:8b7c:39d3:7e6b] [/home/u991737198/domains/tas2023.online/public_html/lib/base.php:3281] View->sandbox()
Fri, 10 Jan 2025 13:58:39 -0500 [2600:1006:b008:7dc2:d8a5:8b7c:39d3:7e6b] [/home/u991737198/domains/tas2023.online/public_html/tmp/3hn69l4qoa804.3h31n1yj254w8.php:7] Preview->render()
Fri, 10 Jan 2025 13:58:39 -0500 [2600:1006:b008:7dc2:d8a5:8b7c:39d3:7e6b] [/home/u991737198/domains/tas2023.online/public_html/lib/base.php:3036] require('/home/u991737198/domains/tas2023.online/public_html/tmp/3hn69l4qoa804.3h31n1yj254w8.php')
Fri, 10 Jan 2025 13:58:39 -0500 [2600:1006:b008:7dc2:d8a5:8b7c:39d3:7e6b] [/home/u991737198/domains/tas2023.online/public_html/lib/base.php:3281] View->sandbox()
Fri, 10 Jan 2025 13:58:39 -0500 [2600:1006:b008:7dc2:d8a5:8b7c:39d3:7e6b] [/home/u991737198/domains/tas2023.online/public_html/app/controllers/Controller.php:85] Preview->render()
Fri, 10 Jan 2025 13:58:39 -0500 [2600:1006:b008:7dc2:d8a5:8b7c:39d3:7e6b] [/home/u991737198/domains/tas2023.online/public_html/lib/base.php:2078] Controller->afterroute()
Fri, 10 Jan 2025 13:58:39 -0500 [2600:1006:b008:7dc2:d8a5:8b7c:39d3:7e6b] [/home/u991737198/domains/tas2023.online/public_html/lib/base.php:1871] Base->call()
Fri, 10 Jan 2025 13:58:39 -0500 [2600:1006:b008:7dc2:d8a5:8b7c:39d3:7e6b] [/home/u991737198/domains/tas2023.online/public_html/index.php:19] Base->run()
Fri, 10 Jan 2025 13:59:28 -0500 [2600:1006:b008:7dc2:d8a5:8b7c:39d3:7e6b] 500: Undefined variable $selected_note trace: [/home/u991737198/domains/tas2023.online/public_html/tmp/3hn69l4qoa804.3g8shy2588w00.php:307]
Fri, 10 Jan 2025 13:59:28 -0500 [2600:1006:b008:7dc2:d8a5:8b7c:39d3:7e6b] [/home/u991737198/domains/tas2023.online/public_html/tmp/3hn69l4qoa804.3g8shy2588w00.php:307] Base->{closure}()
Fri, 10 Jan 2025 13:59:28 -0500 [2600:1006:b008:7dc2:d8a5:8b7c:39d3:7e6b] [/home/u991737198/domains/tas2023.online/public_html/lib/base.php:3036] require('/home/u991737198/domains/tas2023.online/public_html/tmp/3hn69l4qoa804.3g8shy2588w00.php')
Fri, 10 Jan 2025 13:59:28 -0500 [2600:1006:b008:7dc2:d8a5:8b7c:39d3:7e6b] [/home/u991737198/domains/tas2023.online/public_html/lib/base.php:3281] View->sandbox()
Fri, 10 Jan 2025 13:59:28 -0500 [2600:1006:b008:7dc2:d8a5:8b7c:39d3:7e6b] [/home/u991737198/domains/tas2023.online/public_html/tmp/3hn69l4qoa804.3h31n1yj254w8.php:7] Preview->render()
Fri, 10 Jan 2025 13:59:28 -0500 [2600:1006:b008:7dc2:d8a5:8b7c:39d3:7e6b] [/home/u991737198/domains/tas2023.online/public_html/lib/base.php:3036] require('/home/u991737198/domains/tas2023.online/public_html/tmp/3hn69l4qoa804.3h31n1yj254w8.php')
Fri, 10 Jan 2025 13:59:28 -0500 [2600:1006:b008:7dc2:d8a5:8b7c:39d3:7e6b] [/home/u991737198/domains/tas2023.online/public_html/lib/base.php:3281] View->sandbox()
Fri, 10 Jan 2025 13:59:28 -0500 [2600:1006:b008:7dc2:d8a5:8b7c:39d3:7e6b] [/home/u991737198/domains/tas2023.online/public_html/app/controllers/Controller.php:85] Preview->render()
Fri, 10 Jan 2025 13:59:28 -0500 [2600:1006:b008:7dc2:d8a5:8b7c:39d3:7e6b] [/home/u991737198/domains/tas2023.online/public_html/lib/base.php:2078] Controller->afterroute()
Fri, 10 Jan 2025 13:59:28 -0500 [2600:1006:b008:7dc2:d8a5:8b7c:39d3:7e6b] [/home/u991737198/domains/tas2023.online/public_html/lib/base.php:1871] Base->call()
Fri, 10 Jan 2025 13:59:28 -0500 [2600:1006:b008:7dc2:d8a5:8b7c:39d3:7e6b] [/home/u991737198/domains/tas2023.online/public_html/index.php:19] Base->run()
Fri, 10 Jan 2025 14:03:58 -0500 [2600:1006:b008:7dc2:d8a5:8b7c:39d3:7e6b] 500: Undefined variable $selected_note trace: [/home/u991737198/domains/tas2023.online/public_html/tmp/3hn69l4qoa804.3g8shy2588w00.php:307]
Fri, 10 Jan 2025 14:03:58 -0500 [2600:1006:b008:7dc2:d8a5:8b7c:39d3:7e6b] [/home/u991737198/domains/tas2023.online/public_html/tmp/3hn69l4qoa804.3g8shy2588w00.php:307] Base->{closure}()
Fri, 10 Jan 2025 14:03:58 -0500 [2600:1006:b008:7dc2:d8a5:8b7c:39d3:7e6b] [/home/u991737198/domains/tas2023.online/public_html/lib/base.php:3036] require('/home/u991737198/domains/tas2023.online/public_html/tmp/3hn69l4qoa804.3g8shy2588w00.php')
Fri, 10 Jan 2025 14:03:58 -0500 [2600:1006:b008:7dc2:d8a5:8b7c:39d3:7e6b] [/home/u991737198/domains/tas2023.online/public_html/lib/base.php:3281] View->sandbox()
Fri, 10 Jan 2025 14:03:58 -0500 [2600:1006:b008:7dc2:d8a5:8b7c:39d3:7e6b] [/home/u991737198/domains/tas2023.online/public_html/tmp/3hn69l4qoa804.3h31n1yj254w8.php:7] Preview->render()
Fri, 10 Jan 2025 14:03:58 -0500 [2600:1006:b008:7dc2:d8a5:8b7c:39d3:7e6b] [/home/u991737198/domains/tas2023.online/public_html/lib/base.php:3036] require('/home/u991737198/domains/tas2023.online/public_html/tmp/3hn69l4qoa804.3h31n1yj254w8.php')
Fri, 10 Jan 2025 14:03:58 -0500 [2600:1006:b008:7dc2:d8a5:8b7c:39d3:7e6b] [/home/u991737198/domains/tas2023.online/public_html/lib/base.php:3281] View->sandbox()
Fri, 10 Jan 2025 14:03:58 -0500 [2600:1006:b008:7dc2:d8a5:8b7c:39d3:7e6b] [/home/u991737198/domains/tas2023.online/public_html/app/controllers/Controller.php:85] Preview->render()
Fri, 10 Jan 2025 14:03:58 -0500 [2600:1006:b008:7dc2:d8a5:8b7c:39d3:7e6b] [/home/u991737198/domains/tas2023.online/public_html/lib/base.php:2078] Controller->afterroute()
Fri, 10 Jan 2025 14:03:58 -0500 [2600:1006:b008:7dc2:d8a5:8b7c:39d3:7e6b] [/home/u991737198/domains/tas2023.online/public_html/lib/base.php:1871] Base->call()
Fri, 10 Jan 2025 14:03:58 -0500 [2600:1006:b008:7dc2:d8a5:8b7c:39d3:7e6b] [/home/u991737198/domains/tas2023.online/public_html/index.php:19] Base->run()
Fri, 10 Jan 2025 21:22:00 -0500 [2603:9000:f801:55e2:a909:bb86:b483:d21] 401: HTTP 401 (GET /task/taskData) trace: [/home/u991737198/domains/tas2023.online/public_html/lib/access.php:112] Base->error()
Fri, 10 Jan 2025 21:22:00 -0500 [2603:9000:f801:55e2:a909:bb86:b483:d21] [/home/u991737198/domains/tas2023.online/public_html/app/controllers/Controller.php:76] Access->authorize()
Fri, 10 Jan 2025 21:22:00 -0500 [2603:9000:f801:55e2:a909:bb86:b483:d21] [/home/u991737198/domains/tas2023.online/public_html/lib/base.php:2069] Controller->beforeroute()
Fri, 10 Jan 2025 21:22:00 -0500 [2603:9000:f801:55e2:a909:bb86:b483:d21] [/home/u991737198/domains/tas2023.online/public_html/lib/base.php:1871] Base->call()
Fri, 10 Jan 2025 21:22:00 -0500 [2603:9000:f801:55e2:a909:bb86:b483:d21] [/home/u991737198/domains/tas2023.online/public_html/index.php:19] Base->run()
Fri, 10 Jan 2025 21:49:11 -0500 [2603:9000:f801:55e2:a909:bb86:b483:d21] 500: Undefined variable $entity_num trace: [tmp/3hn69l4qoa804.1zo7dt0fljr4w.php:196]
Fri, 10 Jan 2025 21:49:11 -0500 [2603:9000:f801:55e2:a909:bb86:b483:d21] [tmp/3hn69l4qoa804.1zo7dt0fljr4w.php:196] Base->{closure}()
Fri, 10 Jan 2025 21:49:11 -0500 [2603:9000:f801:55e2:a909:bb86:b483:d21] [lib/base.php:3036] require('/home/u991737198/domains/tas2023.online/public_html/tmp/3hn69l4qoa804.1zo7dt0fljr4w.php')
Fri, 10 Jan 2025 21:49:11 -0500 [2603:9000:f801:55e2:a909:bb86:b483:d21] [lib/base.php:3281] View->sandbox()
Fri, 10 Jan 2025 21:49:11 -0500 [2603:9000:f801:55e2:a909:bb86:b483:d21] [tmp/3hn69l4qoa804.3h31n1yj254w8.php:7] Preview->render()
Fri, 10 Jan 2025 21:49:11 -0500 [2603:9000:f801:55e2:a909:bb86:b483:d21] [lib/base.php:3036] require('/home/u991737198/domains/tas2023.online/public_html/tmp/3hn69l4qoa804.3h31n1yj254w8.php')
Fri, 10 Jan 2025 21:49:11 -0500 [2603:9000:f801:55e2:a909:bb86:b483:d21] [lib/base.php:3281] View->sandbox()
Fri, 10 Jan 2025 21:49:11 -0500 [2603:9000:f801:55e2:a909:bb86:b483:d21] [app/controllers/Controller.php:85] Preview->render()
Fri, 10 Jan 2025 21:49:11 -0500 [2603:9000:f801:55e2:a909:bb86:b483:d21] [lib/base.php:2078] Controller->afterroute()
Fri, 10 Jan 2025 21:49:11 -0500 [2603:9000:f801:55e2:a909:bb86:b483:d21] [lib/base.php:1871] Base->call()
Fri, 10 Jan 2025 21:49:11 -0500 [2603:9000:f801:55e2:a909:bb86:b483:d21] [index.php:19] Base->run()
Fri, 10 Jan 2025 21:49:17 -0500 [2603:9000:f801:55e2:a909:bb86:b483:d21] 500: Undefined variable $entity_num trace: [tmp/3hn69l4qoa804.1zo7dt0fljr4w.php:196]
Fri, 10 Jan 2025 21:49:17 -0500 [2603:9000:f801:55e2:a909:bb86:b483:d21] [tmp/3hn69l4qoa804.1zo7dt0fljr4w.php:196] Base->{closure}()
Fri, 10 Jan 2025 21:49:17 -0500 [2603:9000:f801:55e2:a909:bb86:b483:d21] [lib/base.php:3036] require('/home/u991737198/domains/tas2023.online/public_html/tmp/3hn69l4qoa804.1zo7dt0fljr4w.php')
Fri, 10 Jan 2025 21:49:17 -0500 [2603:9000:f801:55e2:a909:bb86:b483:d21] [lib/base.php:3281] View->sandbox()
Fri, 10 Jan 2025 21:49:17 -0500 [2603:9000:f801:55e2:a909:bb86:b483:d21] [tmp/3hn69l4qoa804.3h31n1yj254w8.php:7] Preview->render()
Fri, 10 Jan 2025 21:49:17 -0500 [2603:9000:f801:55e2:a909:bb86:b483:d21] [lib/base.php:3036] require('/home/u991737198/domains/tas2023.online/public_html/tmp/3hn69l4qoa804.3h31n1yj254w8.php')
Fri, 10 Jan 2025 21:49:17 -0500 [2603:9000:f801:55e2:a909:bb86:b483:d21] [lib/base.php:3281] View->sandbox()
Fri, 10 Jan 2025 21:49:17 -0500 [2603:9000:f801:55e2:a909:bb86:b483:d21] [app/controllers/Controller.php:85] Preview->render()
Fri, 10 Jan 2025 21:49:17 -0500 [2603:9000:f801:55e2:a909:bb86:b483:d21] [lib/base.php:2078] Controller->afterroute()
Fri, 10 Jan 2025 21:49:17 -0500 [2603:9000:f801:55e2:a909:bb86:b483:d21] [lib/base.php:1871] Base->call()
Fri, 10 Jan 2025 21:49:17 -0500 [2603:9000:f801:55e2:a909:bb86:b483:d21] [index.php:19] Base->run()
Fri, 10 Jan 2025 22:42:08 -0500 [2603:9000:f801:55e2:a909:bb86:b483:d21] 500: Undefined variable $entity_num trace: [tmp/3hn69l4qoa804.1zo7dt0fljr4w.php:196]
Fri, 10 Jan 2025 22:42:08 -0500 [2603:9000:f801:55e2:a909:bb86:b483:d21] [tmp/3hn69l4qoa804.1zo7dt0fljr4w.php:196] Base->{closure}()
Fri, 10 Jan 2025 22:42:08 -0500 [2603:9000:f801:55e2:a909:bb86:b483:d21] [lib/base.php:3036] require('/home/u991737198/domains/tas2023.online/public_html/tmp/3hn69l4qoa804.1zo7dt0fljr4w.php')
Fri, 10 Jan 2025 22:42:08 -0500 [2603:9000:f801:55e2:a909:bb86:b483:d21] [lib/base.php:3281] View->sandbox()
Fri, 10 Jan 2025 22:42:08 -0500 [2603:9000:f801:55e2:a909:bb86:b483:d21] [tmp/3hn69l4qoa804.3h31n1yj254w8.php:7] Preview->render()
Fri, 10 Jan 2025 22:42:08 -0500 [2603:9000:f801:55e2:a909:bb86:b483:d21] [lib/base.php:3036] require('/home/u991737198/domains/tas2023.online/public_html/tmp/3hn69l4qoa804.3h31n1yj254w8.php')
Fri, 10 Jan 2025 22:42:08 -0500 [2603:9000:f801:55e2:a909:bb86:b483:d21] [lib/base.php:3281] View->sandbox()
Fri, 10 Jan 2025 22:42:08 -0500 [2603:9000:f801:55e2:a909:bb86:b483:d21] [app/controllers/Controller.php:85] Preview->render()
Fri, 10 Jan 2025 22:42:08 -0500 [2603:9000:f801:55e2:a909:bb86:b483:d21] [lib/base.php:2078] Controller->afterroute()
Fri, 10 Jan 2025 22:42:08 -0500 [2603:9000:f801:55e2:a909:bb86:b483:d21] [lib/base.php:1871] Base->call()
Fri, 10 Jan 2025 22:42:08 -0500 [2603:9000:f801:55e2:a909:bb86:b483:d21] [index.php:19] Base->run()
Fri, 10 Jan 2025 22:42:39 -0500 [2603:9000:f801:55e2:a909:bb86:b483:d21] 500: Undefined variable $entity_num trace: [tmp/3hn69l4qoa804.1zo7dt0fljr4w.php:196]
Fri, 10 Jan 2025 22:42:39 -0500 [2603:9000:f801:55e2:a909:bb86:b483:d21] [tmp/3hn69l4qoa804.1zo7dt0fljr4w.php:196] Base->{closure}()
Fri, 10 Jan 2025 22:42:39 -0500 [2603:9000:f801:55e2:a909:bb86:b483:d21] [lib/base.php:3036] require('/home/u991737198/domains/tas2023.online/public_html/tmp/3hn69l4qoa804.1zo7dt0fljr4w.php')
Fri, 10 Jan 2025 22:42:39 -0500 [2603:9000:f801:55e2:a909:bb86:b483:d21] [lib/base.php:3281] View->sandbox()
Fri, 10 Jan 2025 22:42:39 -0500 [2603:9000:f801:55e2:a909:bb86:b483:d21] [tmp/3hn69l4qoa804.3h31n1yj254w8.php:7] Preview->render()
Fri, 10 Jan 2025 22:42:39 -0500 [2603:9000:f801:55e2:a909:bb86:b483:d21] [lib/base.php:3036] require('/home/u991737198/domains/tas2023.online/public_html/tmp/3hn69l4qoa804.3h31n1yj254w8.php')
Fri, 10 Jan 2025 22:42:39 -0500 [2603:9000:f801:55e2:a909:bb86:b483:d21] [lib/base.php:3281] View->sandbox()
Fri, 10 Jan 2025 22:42:39 -0500 [2603:9000:f801:55e2:a909:bb86:b483:d21] [app/controllers/Controller.php:85] Preview->render()
Fri, 10 Jan 2025 22:42:39 -0500 [2603:9000:f801:55e2:a909:bb86:b483:d21] [lib/base.php:2078] Controller->afterroute()
Fri, 10 Jan 2025 22:42:39 -0500 [2603:9000:f801:55e2:a909:bb86:b483:d21] [lib/base.php:1871] Base->call()
Fri, 10 Jan 2025 22:42:39 -0500 [2603:9000:f801:55e2:a909:bb86:b483:d21] [index.php:19] Base->run()
Fri, 10 Jan 2025 22:43:17 -0500 [2603:9000:f801:55e2:a909:bb86:b483:d21] 500: Undefined variable $entity_num trace: [tmp/3hn69l4qoa804.1zo7dt0fljr4w.php:196]
Fri, 10 Jan 2025 22:43:17 -0500 [2603:9000:f801:55e2:a909:bb86:b483:d21] [tmp/3hn69l4qoa804.1zo7dt0fljr4w.php:196] Base->{closure}()
Fri, 10 Jan 2025 22:43:17 -0500 [2603:9000:f801:55e2:a909:bb86:b483:d21] [lib/base.php:3036] require('/home/u991737198/domains/tas2023.online/public_html/tmp/3hn69l4qoa804.1zo7dt0fljr4w.php')
Fri, 10 Jan 2025 22:43:17 -0500 [2603:9000:f801:55e2:a909:bb86:b483:d21] [lib/base.php:3281] View->sandbox()
Fri, 10 Jan 2025 22:43:17 -0500 [2603:9000:f801:55e2:a909:bb86:b483:d21] [tmp/3hn69l4qoa804.3h31n1yj254w8.php:7] Preview->render()
Fri, 10 Jan 2025 22:43:17 -0500 [2603:9000:f801:55e2:a909:bb86:b483:d21] [lib/base.php:3036] require('/home/u991737198/domains/tas2023.online/public_html/tmp/3hn69l4qoa804.3h31n1yj254w8.php')
Fri, 10 Jan 2025 22:43:17 -0500 [2603:9000:f801:55e2:a909:bb86:b483:d21] [lib/base.php:3281] View->sandbox()
Fri, 10 Jan 2025 22:43:17 -0500 [2603:9000:f801:55e2:a909:bb86:b483:d21] [app/controllers/Controller.php:85] Preview->render()
Fri, 10 Jan 2025 22:43:17 -0500 [2603:9000:f801:55e2:a909:bb86:b483:d21] [lib/base.php:2078] Controller->afterroute()
Fri, 10 Jan 2025 22:43:17 -0500 [2603:9000:f801:55e2:a909:bb86:b483:d21] [lib/base.php:1871] Base->call()
Fri, 10 Jan 2025 22:43:17 -0500 [2603:9000:f801:55e2:a909:bb86:b483:d21] [index.php:19] Base->run()
Fri, 10 Jan 2025 22:54:19 -0500 [2603:9000:f801:55e2:a909:bb86:b483:d21] 500: Undefined variable $entity_num trace: [tmp/3hn69l4qoa804.1zo7dt0fljr4w.php:196]
Fri, 10 Jan 2025 22:54:19 -0500 [2603:9000:f801:55e2:a909:bb86:b483:d21] [tmp/3hn69l4qoa804.1zo7dt0fljr4w.php:196] Base->{closure}()
Fri, 10 Jan 2025 22:54:19 -0500 [2603:9000:f801:55e2:a909:bb86:b483:d21] [lib/base.php:3036] require('/home/u991737198/domains/tas2023.online/public_html/tmp/3hn69l4qoa804.1zo7dt0fljr4w.php')
Fri, 10 Jan 2025 22:54:19 -0500 [2603:9000:f801:55e2:a909:bb86:b483:d21] [lib/base.php:3281] View->sandbox()
Fri, 10 Jan 2025 22:54:19 -0500 [2603:9000:f801:55e2:a909:bb86:b483:d21] [tmp/3hn69l4qoa804.3h31n1yj254w8.php:7] Preview->render()
Fri, 10 Jan 2025 22:54:19 -0500 [2603:9000:f801:55e2:a909:bb86:b483:d21] [lib/base.php:3036] require('/home/u991737198/domains/tas2023.online/public_html/tmp/3hn69l4qoa804.3h31n1yj254w8.php')
Fri, 10 Jan 2025 22:54:19 -0500 [2603:9000:f801:55e2:a909:bb86:b483:d21] [lib/base.php:3281] View->sandbox()
Fri, 10 Jan 2025 22:54:19 -0500 [2603:9000:f801:55e2:a909:bb86:b483:d21] [app/controllers/Controller.php:85] Preview->render()
Fri, 10 Jan 2025 22:54:19 -0500 [2603:9000:f801:55e2:a909:bb86:b483:d21] [lib/base.php:2078] Controller->afterroute()
Fri, 10 Jan 2025 22:54:19 -0500 [2603:9000:f801:55e2:a909:bb86:b483:d21] [lib/base.php:1871] Base->call()
Fri, 10 Jan 2025 22:54:19 -0500 [2603:9000:f801:55e2:a909:bb86:b483:d21] [index.php:19] Base->run()
Fri, 10 Jan 2025 23:08:59 -0500 [2603:9000:f801:55e2:a909:bb86:b483:d21] 500: Undefined variable $entity_num trace: [tmp/3hn69l4qoa804.1zo7dt0fljr4w.php:196]
Fri, 10 Jan 2025 23:08:59 -0500 [2603:9000:f801:55e2:a909:bb86:b483:d21] [tmp/3hn69l4qoa804.1zo7dt0fljr4w.php:196] Base->{closure}()
Fri, 10 Jan 2025 23:08:59 -0500 [2603:9000:f801:55e2:a909:bb86:b483:d21] [lib/base.php:3036] require('/home/u991737198/domains/tas2023.online/public_html/tmp/3hn69l4qoa804.1zo7dt0fljr4w.php')
Fri, 10 Jan 2025 23:08:59 -0500 [2603:9000:f801:55e2:a909:bb86:b483:d21] [lib/base.php:3281] View->sandbox()
Fri, 10 Jan 2025 23:08:59 -0500 [2603:9000:f801:55e2:a909:bb86:b483:d21] [tmp/3hn69l4qoa804.3h31n1yj254w8.php:7] Preview->render()
Fri, 10 Jan 2025 23:08:59 -0500 [2603:9000:f801:55e2:a909:bb86:b483:d21] [lib/base.php:3036] require('/home/u991737198/domains/tas2023.online/public_html/tmp/3hn69l4qoa804.3h31n1yj254w8.php')
Fri, 10 Jan 2025 23:08:59 -0500 [2603:9000:f801:55e2:a909:bb86:b483:d21] [lib/base.php:3281] View->sandbox()
Fri, 10 Jan 2025 23:08:59 -0500 [2603:9000:f801:55e2:a909:bb86:b483:d21] [app/controllers/Controller.php:85] Preview->render()
Fri, 10 Jan 2025 23:08:59 -0500 [2603:9000:f801:55e2:a909:bb86:b483:d21] [lib/base.php:2078] Controller->afterroute()
Fri, 10 Jan 2025 23:08:59 -0500 [2603:9000:f801:55e2:a909:bb86:b483:d21] [lib/base.php:1871] Base->call()
Fri, 10 Jan 2025 23:08:59 -0500 [2603:9000:f801:55e2:a909:bb86:b483:d21] [index.php:19] Base->run()
Fri, 10 Jan 2025 23:11:13 -0500 [2603:9000:f801:55e2:a909:bb86:b483:d21] 500: Undefined variable $i18n trace: [tmp/3hn69l4qoa804.dkos5pfgx4qw.php:35]
Fri, 10 Jan 2025 23:11:13 -0500 [2603:9000:f801:55e2:a909:bb86:b483:d21] [tmp/3hn69l4qoa804.dkos5pfgx4qw.php:35] Base->{closure}()
Fri, 10 Jan 2025 23:11:13 -0500 [2603:9000:f801:55e2:a909:bb86:b483:d21] [lib/base.php:3036] require('/home/u991737198/domains/tas2023.online/public_html/tmp/3hn69l4qoa804.dkos5pfgx4qw.php')
Fri, 10 Jan 2025 23:11:13 -0500 [2603:9000:f801:55e2:a909:bb86:b483:d21] [lib/base.php:3281] View->sandbox()
Fri, 10 Jan 2025 23:11:13 -0500 [2603:9000:f801:55e2:a909:bb86:b483:d21] [tmp/3hn69l4qoa804.3h31n1yj254w8.php:7] Preview->render()
Fri, 10 Jan 2025 23:11:13 -0500 [2603:9000:f801:55e2:a909:bb86:b483:d21] [lib/base.php:3036] require('/home/u991737198/domains/tas2023.online/public_html/tmp/3hn69l4qoa804.3h31n1yj254w8.php')
Fri, 10 Jan 2025 23:11:13 -0500 [2603:9000:f801:55e2:a909:bb86:b483:d21] [lib/base.php:3281] View->sandbox()
Fri, 10 Jan 2025 23:11:13 -0500 [2603:9000:f801:55e2:a909:bb86:b483:d21] [app/controllers/Controller.php:85] Preview->render()
Fri, 10 Jan 2025 23:11:13 -0500 [2603:9000:f801:55e2:a909:bb86:b483:d21] [lib/base.php:2078] Controller->afterroute()
Fri, 10 Jan 2025 23:11:13 -0500 [2603:9000:f801:55e2:a909:bb86:b483:d21] [lib/base.php:1871] Base->call()
Fri, 10 Jan 2025 23:11:13 -0500 [2603:9000:f801:55e2:a909:bb86:b483:d21] [index.php:19] Base->run()
Fri, 10 Jan 2025 23:13:54 -0500 [2603:9000:f801:55e2:a909:bb86:b483:d21] 500: Undefined variable $i18n trace: [tmp/3hn69l4qoa804.dkos5pfgx4qw.php:35]
Fri, 10 Jan 2025 23:13:54 -0500 [2603:9000:f801:55e2:a909:bb86:b483:d21] [tmp/3hn69l4qoa804.dkos5pfgx4qw.php:35] Base->{closure}()
Fri, 10 Jan 2025 23:13:54 -0500 [2603:9000:f801:55e2:a909:bb86:b483:d21] [lib/base.php:3036] require('/home/u991737198/domains/tas2023.online/public_html/tmp/3hn69l4qoa804.dkos5pfgx4qw.php')
Fri, 10 Jan 2025 23:13:54 -0500 [2603:9000:f801:55e2:a909:bb86:b483:d21] [lib/base.php:3281] View->sandbox()
Fri, 10 Jan 2025 23:13:54 -0500 [2603:9000:f801:55e2:a909:bb86:b483:d21] [tmp/3hn69l4qoa804.3h31n1yj254w8.php:7] Preview->render()
Fri, 10 Jan 2025 23:13:54 -0500 [2603:9000:f801:55e2:a909:bb86:b483:d21] [lib/base.php:3036] require('/home/u991737198/domains/tas2023.online/public_html/tmp/3hn69l4qoa804.3h31n1yj254w8.php')
Fri, 10 Jan 2025 23:13:54 -0500 [2603:9000:f801:55e2:a909:bb86:b483:d21] [lib/base.php:3281] View->sandbox()
Fri, 10 Jan 2025 23:13:54 -0500 [2603:9000:f801:55e2:a909:bb86:b483:d21] [app/controllers/Controller.php:85] Preview->render()
Fri, 10 Jan 2025 23:13:54 -0500 [2603:9000:f801:55e2:a909:bb86:b483:d21] [lib/base.php:2078] Controller->afterroute()
Fri, 10 Jan 2025 23:13:54 -0500 [2603:9000:f801:55e2:a909:bb86:b483:d21] [lib/base.php:1871] Base->call()
Fri, 10 Jan 2025 23:13:54 -0500 [2603:9000:f801:55e2:a909:bb86:b483:d21] [index.php:19] Base->run()
Fri, 10 Jan 2025 23:15:52 -0500 [2603:9000:f801:55e2:a909:bb86:b483:d21] 500: Undefined variable $i18n trace: [tmp/3hn69l4qoa804.dkos5pfgx4qw.php:35]
Fri, 10 Jan 2025 23:15:52 -0500 [2603:9000:f801:55e2:a909:bb86:b483:d21] [tmp/3hn69l4qoa804.dkos5pfgx4qw.php:35] Base->{closure}()
Fri, 10 Jan 2025 23:15:52 -0500 [2603:9000:f801:55e2:a909:bb86:b483:d21] [lib/base.php:3036] require('/home/u991737198/domains/tas2023.online/public_html/tmp/3hn69l4qoa804.dkos5pfgx4qw.php')
Fri, 10 Jan 2025 23:15:52 -0500 [2603:9000:f801:55e2:a909:bb86:b483:d21] [lib/base.php:3281] View->sandbox()
Fri, 10 Jan 2025 23:15:52 -0500 [2603:9000:f801:55e2:a909:bb86:b483:d21] [tmp/3hn69l4qoa804.3h31n1yj254w8.php:7] Preview->render()
Fri, 10 Jan 2025 23:15:52 -0500 [2603:9000:f801:55e2:a909:bb86:b483:d21] [lib/base.php:3036] require('/home/u991737198/domains/tas2023.online/public_html/tmp/3hn69l4qoa804.3h31n1yj254w8.php')
Fri, 10 Jan 2025 23:15:52 -0500 [2603:9000:f801:55e2:a909:bb86:b483:d21] [lib/base.php:3281] View->sandbox()
Fri, 10 Jan 2025 23:15:52 -0500 [2603:9000:f801:55e2:a909:bb86:b483:d21] [app/controllers/Controller.php:85] Preview->render()
Fri, 10 Jan 2025 23:15:52 -0500 [2603:9000:f801:55e2:a909:bb86:b483:d21] [lib/base.php:2078] Controller->afterroute()
Fri, 10 Jan 2025 23:15:52 -0500 [2603:9000:f801:55e2:a909:bb86:b483:d21] [lib/base.php:1871] Base->call()
Fri, 10 Jan 2025 23:15:52 -0500 [2603:9000:f801:55e2:a909:bb86:b483:d21] [index.php:19] Base->run()
Fri, 10 Jan 2025 23:17:05 -0500 [2603:9000:f801:55e2:a909:bb86:b483:d21] 500: Undefined variable $entity_num trace: [tmp/3hn69l4qoa804.1zo7dt0fljr4w.php:196]
Fri, 10 Jan 2025 23:17:05 -0500 [2603:9000:f801:55e2:a909:bb86:b483:d21] [tmp/3hn69l4qoa804.1zo7dt0fljr4w.php:196] Base->{closure}()
Fri, 10 Jan 2025 23:17:05 -0500 [2603:9000:f801:55e2:a909:bb86:b483:d21] [lib/base.php:3036] require('/home/u991737198/domains/tas2023.online/public_html/tmp/3hn69l4qoa804.1zo7dt0fljr4w.php')
Fri, 10 Jan 2025 23:17:05 -0500 [2603:9000:f801:55e2:a909:bb86:b483:d21] [lib/base.php:3281] View->sandbox()
Fri, 10 Jan 2025 23:17:05 -0500 [2603:9000:f801:55e2:a909:bb86:b483:d21] [tmp/3hn69l4qoa804.3h31n1yj254w8.php:7] Preview->render()
Fri, 10 Jan 2025 23:17:05 -0500 [2603:9000:f801:55e2:a909:bb86:b483:d21] [lib/base.php:3036] require('/home/u991737198/domains/tas2023.online/public_html/tmp/3hn69l4qoa804.3h31n1yj254w8.php')
Fri, 10 Jan 2025 23:17:05 -0500 [2603:9000:f801:55e2:a909:bb86:b483:d21] [lib/base.php:3281] View->sandbox()
Fri, 10 Jan 2025 23:17:05 -0500 [2603:9000:f801:55e2:a909:bb86:b483:d21] [app/controllers/Controller.php:85] Preview->render()
Fri, 10 Jan 2025 23:17:05 -0500 [2603:9000:f801:55e2:a909:bb86:b483:d21] [lib/base.php:2078] Controller->afterroute()
Fri, 10 Jan 2025 23:17:05 -0500 [2603:9000:f801:55e2:a909:bb86:b483:d21] [lib/base.php:1871] Base->call()
Fri, 10 Jan 2025 23:17:05 -0500 [2603:9000:f801:55e2:a909:bb86:b483:d21] [index.php:19] Base->run()
Fri, 10 Jan 2025 23:17:33 -0500 [2603:9000:f801:55e2:a909:bb86:b483:d21] 500: Undefined variable $entity_num trace: [tmp/3hn69l4qoa804.1zo7dt0fljr4w.php:196]
Fri, 10 Jan 2025 23:17:33 -0500 [2603:9000:f801:55e2:a909:bb86:b483:d21] [tmp/3hn69l4qoa804.1zo7dt0fljr4w.php:196] Base->{closure}()
Fri, 10 Jan 2025 23:17:33 -0500 [2603:9000:f801:55e2:a909:bb86:b483:d21] [lib/base.php:3036] require('/home/u991737198/domains/tas2023.online/public_html/tmp/3hn69l4qoa804.1zo7dt0fljr4w.php')
Fri, 10 Jan 2025 23:17:33 -0500 [2603:9000:f801:55e2:a909:bb86:b483:d21] [lib/base.php:3281] View->sandbox()
Fri, 10 Jan 2025 23:17:33 -0500 [2603:9000:f801:55e2:a909:bb86:b483:d21] [tmp/3hn69l4qoa804.3h31n1yj254w8.php:7] Preview->render()
Fri, 10 Jan 2025 23:17:33 -0500 [2603:9000:f801:55e2:a909:bb86:b483:d21] [lib/base.php:3036] require('/home/u991737198/domains/tas2023.online/public_html/tmp/3hn69l4qoa804.3h31n1yj254w8.php')
Fri, 10 Jan 2025 23:17:33 -0500 [2603:9000:f801:55e2:a909:bb86:b483:d21] [lib/base.php:3281] View->sandbox()
Fri, 10 Jan 2025 23:17:33 -0500 [2603:9000:f801:55e2:a909:bb86:b483:d21] [app/controllers/Controller.php:85] Preview->render()
Fri, 10 Jan 2025 23:17:33 -0500 [2603:9000:f801:55e2:a909:bb86:b483:d21] [lib/base.php:2078] Controller->afterroute()
Fri, 10 Jan 2025 23:17:33 -0500 [2603:9000:f801:55e2:a909:bb86:b483:d21] [lib/base.php:1871] Base->call()
Fri, 10 Jan 2025 23:17:33 -0500 [2603:9000:f801:55e2:a909:bb86:b483:d21] [index.php:19] Base->run()
