Fri, 14 Feb 2025 10:55:25 -0500 [2600:1006:b007:f785:1dcb:131a:14a:bd05] 401: HTTP 401 (GET /task/listtasks) trace: [/home/u991737198/domains/tas2023.online/public_html/lib/access.php:112] Base->error()
Fri, 14 Feb 2025 10:55:25 -0500 [2600:1006:b007:f785:1dcb:131a:14a:bd05] [/home/u991737198/domains/tas2023.online/public_html/app/controllers/Controller.php:78] Access->authorize()
Fri, 14 Feb 2025 10:55:25 -0500 [2600:1006:b007:f785:1dcb:131a:14a:bd05] [/home/u991737198/domains/tas2023.online/public_html/lib/base.php:2069] Controller->beforeroute()
Fri, 14 Feb 2025 10:55:25 -0500 [2600:1006:b007:f785:1dcb:131a:14a:bd05] [/home/u991737198/domains/tas2023.online/public_html/lib/base.php:1871] Base->call()
Fri, 14 Feb 2025 10:55:25 -0500 [2600:1006:b007:f785:1dcb:131a:14a:bd05] [/home/u991737198/domains/tas2023.online/public_html/index.php:19] Base->run()
Fri, 14 Feb 2025 10:55:45 -0500 [2600:1006:b007:f785:1dcb:131a:14a:bd05] 500: Undefined variable $entity_num trace: [tmp/3hn69l4qoa804.man4oes5p0l2.php:177]
Fri, 14 Feb 2025 10:55:45 -0500 [2600:1006:b007:f785:1dcb:131a:14a:bd05] [tmp/3hn69l4qoa804.man4oes5p0l2.php:177] Base->{closure}()
Fri, 14 Feb 2025 10:55:45 -0500 [2600:1006:b007:f785:1dcb:131a:14a:bd05] [lib/base.php:3036] require('/home/u991737198/domains/tas2023.online/public_html/tmp/3hn69l4qoa804.man4oes5p0l2.php')
Fri, 14 Feb 2025 10:55:45 -0500 [2600:1006:b007:f785:1dcb:131a:14a:bd05] [lib/base.php:3281] View->sandbox()
Fri, 14 Feb 2025 10:55:45 -0500 [2600:1006:b007:f785:1dcb:131a:14a:bd05] [tmp/3hn69l4qoa804.3h31n1yj254w8.php:7] Preview->render()
Fri, 14 Feb 2025 10:55:45 -0500 [2600:1006:b007:f785:1dcb:131a:14a:bd05] [lib/base.php:3036] require('/home/u991737198/domains/tas2023.online/public_html/tmp/3hn69l4qoa804.3h31n1yj254w8.php')
Fri, 14 Feb 2025 10:55:45 -0500 [2600:1006:b007:f785:1dcb:131a:14a:bd05] [lib/base.php:3281] View->sandbox()
Fri, 14 Feb 2025 10:55:45 -0500 [2600:1006:b007:f785:1dcb:131a:14a:bd05] [app/controllers/Controller.php:87] Preview->render()
Fri, 14 Feb 2025 10:55:45 -0500 [2600:1006:b007:f785:1dcb:131a:14a:bd05] [lib/base.php:2078] Controller->afterroute()
Fri, 14 Feb 2025 10:55:45 -0500 [2600:1006:b007:f785:1dcb:131a:14a:bd05] [lib/base.php:1871] Base->call()
Fri, 14 Feb 2025 10:55:45 -0500 [2600:1006:b007:f785:1dcb:131a:14a:bd05] [index.php:19] Base->run()
Fri, 14 Feb 2025 13:02:18 -0500 [2600:1006:b007:f785:1dcb:131a:14a:bd05] 500: Undefined variable $entity_num trace: [tmp/3hn69l4qoa804.man4oes5p0l2.php:177]
Fri, 14 Feb 2025 13:02:18 -0500 [2600:1006:b007:f785:1dcb:131a:14a:bd05] [tmp/3hn69l4qoa804.man4oes5p0l2.php:177] Base->{closure}()
Fri, 14 Feb 2025 13:02:18 -0500 [2600:1006:b007:f785:1dcb:131a:14a:bd05] [lib/base.php:3036] require('/home/u991737198/domains/tas2023.online/public_html/tmp/3hn69l4qoa804.man4oes5p0l2.php')
Fri, 14 Feb 2025 13:02:18 -0500 [2600:1006:b007:f785:1dcb:131a:14a:bd05] [lib/base.php:3281] View->sandbox()
Fri, 14 Feb 2025 13:02:18 -0500 [2600:1006:b007:f785:1dcb:131a:14a:bd05] [tmp/3hn69l4qoa804.3h31n1yj254w8.php:7] Preview->render()
Fri, 14 Feb 2025 13:02:18 -0500 [2600:1006:b007:f785:1dcb:131a:14a:bd05] [lib/base.php:3036] require('/home/u991737198/domains/tas2023.online/public_html/tmp/3hn69l4qoa804.3h31n1yj254w8.php')
Fri, 14 Feb 2025 13:02:18 -0500 [2600:1006:b007:f785:1dcb:131a:14a:bd05] [lib/base.php:3281] View->sandbox()
Fri, 14 Feb 2025 13:02:18 -0500 [2600:1006:b007:f785:1dcb:131a:14a:bd05] [app/controllers/Controller.php:87] Preview->render()
Fri, 14 Feb 2025 13:02:18 -0500 [2600:1006:b007:f785:1dcb:131a:14a:bd05] [lib/base.php:2078] Controller->afterroute()
Fri, 14 Feb 2025 13:02:18 -0500 [2600:1006:b007:f785:1dcb:131a:14a:bd05] [lib/base.php:1871] Base->call()
Fri, 14 Feb 2025 13:02:18 -0500 [2600:1006:b007:f785:1dcb:131a:14a:bd05] [index.php:19] Base->run()
Fri, 14 Feb 2025 13:05:08 -0500 [2600:1006:b007:f785:1dcb:131a:14a:bd05] 500: Undefined variable $entity_num trace: [tmp/3hn69l4qoa804.man4oes5p0l2.php:177]
Fri, 14 Feb 2025 13:05:08 -0500 [2600:1006:b007:f785:1dcb:131a:14a:bd05] [tmp/3hn69l4qoa804.man4oes5p0l2.php:177] Base->{closure}()
Fri, 14 Feb 2025 13:05:08 -0500 [2600:1006:b007:f785:1dcb:131a:14a:bd05] [lib/base.php:3036] require('/home/u991737198/domains/tas2023.online/public_html/tmp/3hn69l4qoa804.man4oes5p0l2.php')
Fri, 14 Feb 2025 13:05:08 -0500 [2600:1006:b007:f785:1dcb:131a:14a:bd05] [lib/base.php:3281] View->sandbox()
Fri, 14 Feb 2025 13:05:08 -0500 [2600:1006:b007:f785:1dcb:131a:14a:bd05] [tmp/3hn69l4qoa804.3h31n1yj254w8.php:7] Preview->render()
Fri, 14 Feb 2025 13:05:08 -0500 [2600:1006:b007:f785:1dcb:131a:14a:bd05] [lib/base.php:3036] require('/home/u991737198/domains/tas2023.online/public_html/tmp/3hn69l4qoa804.3h31n1yj254w8.php')
Fri, 14 Feb 2025 13:05:08 -0500 [2600:1006:b007:f785:1dcb:131a:14a:bd05] [lib/base.php:3281] View->sandbox()
Fri, 14 Feb 2025 13:05:08 -0500 [2600:1006:b007:f785:1dcb:131a:14a:bd05] [app/controllers/Controller.php:87] Preview->render()
Fri, 14 Feb 2025 13:05:08 -0500 [2600:1006:b007:f785:1dcb:131a:14a:bd05] [lib/base.php:2078] Controller->afterroute()
Fri, 14 Feb 2025 13:05:08 -0500 [2600:1006:b007:f785:1dcb:131a:14a:bd05] [lib/base.php:1871] Base->call()
Fri, 14 Feb 2025 13:05:08 -0500 [2600:1006:b007:f785:1dcb:131a:14a:bd05] [index.php:19] Base->run()
Fri, 14 Feb 2025 13:06:12 -0500 [2600:1006:b007:f785:1dcb:131a:14a:bd05] 500: Undefined variable $selected_note trace: [/home/u991737198/domains/tas2023.online/public_html/tmp/3hn69l4qoa804.3g8shy2588w00.php:385]
Fri, 14 Feb 2025 13:06:12 -0500 [2600:1006:b007:f785:1dcb:131a:14a:bd05] [/home/u991737198/domains/tas2023.online/public_html/tmp/3hn69l4qoa804.3g8shy2588w00.php:385] Base->{closure}()
Fri, 14 Feb 2025 13:06:12 -0500 [2600:1006:b007:f785:1dcb:131a:14a:bd05] [/home/u991737198/domains/tas2023.online/public_html/lib/base.php:3036] require('/home/u991737198/domains/tas2023.online/public_html/tmp/3hn69l4qoa804.3g8shy2588w00.php')
Fri, 14 Feb 2025 13:06:12 -0500 [2600:1006:b007:f785:1dcb:131a:14a:bd05] [/home/u991737198/domains/tas2023.online/public_html/lib/base.php:3281] View->sandbox()
Fri, 14 Feb 2025 13:06:12 -0500 [2600:1006:b007:f785:1dcb:131a:14a:bd05] [/home/u991737198/domains/tas2023.online/public_html/tmp/3hn69l4qoa804.3h31n1yj254w8.php:7] Preview->render()
Fri, 14 Feb 2025 13:06:12 -0500 [2600:1006:b007:f785:1dcb:131a:14a:bd05] [/home/u991737198/domains/tas2023.online/public_html/lib/base.php:3036] require('/home/u991737198/domains/tas2023.online/public_html/tmp/3hn69l4qoa804.3h31n1yj254w8.php')
Fri, 14 Feb 2025 13:06:12 -0500 [2600:1006:b007:f785:1dcb:131a:14a:bd05] [/home/u991737198/domains/tas2023.online/public_html/lib/base.php:3281] View->sandbox()
Fri, 14 Feb 2025 13:06:12 -0500 [2600:1006:b007:f785:1dcb:131a:14a:bd05] [/home/u991737198/domains/tas2023.online/public_html/app/controllers/Controller.php:87] Preview->render()
Fri, 14 Feb 2025 13:06:12 -0500 [2600:1006:b007:f785:1dcb:131a:14a:bd05] [/home/u991737198/domains/tas2023.online/public_html/lib/base.php:2078] Controller->afterroute()
Fri, 14 Feb 2025 13:06:12 -0500 [2600:1006:b007:f785:1dcb:131a:14a:bd05] [/home/u991737198/domains/tas2023.online/public_html/lib/base.php:1871] Base->call()
Fri, 14 Feb 2025 13:06:12 -0500 [2600:1006:b007:f785:1dcb:131a:14a:bd05] [/home/u991737198/domains/tas2023.online/public_html/index.php:19] Base->run()
Fri, 14 Feb 2025 13:17:52 -0500 [13.68.23.72] 401: HTTP 401 (GET /task/taskDistribution) trace: [/home/u991737198/domains/tas2023.online/public_html/lib/access.php:112] Base->error()
Fri, 14 Feb 2025 13:17:52 -0500 [13.68.23.72] [/home/u991737198/domains/tas2023.online/public_html/app/controllers/Controller.php:78] Access->authorize()
Fri, 14 Feb 2025 13:17:52 -0500 [13.68.23.72] [/home/u991737198/domains/tas2023.online/public_html/lib/base.php:2069] Controller->beforeroute()
Fri, 14 Feb 2025 13:17:52 -0500 [13.68.23.72] [/home/u991737198/domains/tas2023.online/public_html/lib/base.php:1871] Base->call()
Fri, 14 Feb 2025 13:17:52 -0500 [13.68.23.72] [/home/u991737198/domains/tas2023.online/public_html/index.php:19] Base->run()
Fri, 14 Feb 2025 13:17:52 -0500 [13.68.23.72] 401: HTTP 401 (GET /task/teamProductivity) trace: [/home/u991737198/domains/tas2023.online/public_html/lib/access.php:112] Base->error()
Fri, 14 Feb 2025 13:17:52 -0500 [13.68.23.72] [/home/u991737198/domains/tas2023.online/public_html/app/controllers/Controller.php:78] Access->authorize()
Fri, 14 Feb 2025 13:17:52 -0500 [13.68.23.72] [/home/u991737198/domains/tas2023.online/public_html/lib/base.php:2069] Controller->beforeroute()
Fri, 14 Feb 2025 13:17:52 -0500 [13.68.23.72] [/home/u991737198/domains/tas2023.online/public_html/lib/base.php:1871] Base->call()
Fri, 14 Feb 2025 13:17:52 -0500 [13.68.23.72] [/home/u991737198/domains/tas2023.online/public_html/index.php:19] Base->run()
Fri, 14 Feb 2025 13:17:52 -0500 [13.68.23.72] 401: HTTP 401 (GET /task/taskData) trace: [/home/u991737198/domains/tas2023.online/public_html/lib/access.php:112] Base->error()
Fri, 14 Feb 2025 13:17:52 -0500 [13.68.23.72] [/home/u991737198/domains/tas2023.online/public_html/app/controllers/Controller.php:78] Access->authorize()
Fri, 14 Feb 2025 13:17:52 -0500 [13.68.23.72] [/home/u991737198/domains/tas2023.online/public_html/lib/base.php:2069] Controller->beforeroute()
Fri, 14 Feb 2025 13:17:52 -0500 [13.68.23.72] [/home/u991737198/domains/tas2023.online/public_html/lib/base.php:1871] Base->call()
Fri, 14 Feb 2025 13:17:52 -0500 [13.68.23.72] [/home/u991737198/domains/tas2023.online/public_html/index.php:19] Base->run()
Fri, 14 Feb 2025 13:28:23 -0500 [2600:1006:b007:f785:1dcb:131a:14a:bd05] 500: Undefined variable $entity_num trace: [tmp/3hn69l4qoa804.man4oes5p0l2.php:177]
Fri, 14 Feb 2025 13:28:23 -0500 [2600:1006:b007:f785:1dcb:131a:14a:bd05] [tmp/3hn69l4qoa804.man4oes5p0l2.php:177] Base->{closure}()
Fri, 14 Feb 2025 13:28:23 -0500 [2600:1006:b007:f785:1dcb:131a:14a:bd05] [lib/base.php:3036] require('/home/u991737198/domains/tas2023.online/public_html/tmp/3hn69l4qoa804.man4oes5p0l2.php')
Fri, 14 Feb 2025 13:28:23 -0500 [2600:1006:b007:f785:1dcb:131a:14a:bd05] [lib/base.php:3281] View->sandbox()
Fri, 14 Feb 2025 13:28:23 -0500 [2600:1006:b007:f785:1dcb:131a:14a:bd05] [tmp/3hn69l4qoa804.3h31n1yj254w8.php:7] Preview->render()
Fri, 14 Feb 2025 13:28:23 -0500 [2600:1006:b007:f785:1dcb:131a:14a:bd05] [lib/base.php:3036] require('/home/u991737198/domains/tas2023.online/public_html/tmp/3hn69l4qoa804.3h31n1yj254w8.php')
Fri, 14 Feb 2025 13:28:23 -0500 [2600:1006:b007:f785:1dcb:131a:14a:bd05] [lib/base.php:3281] View->sandbox()
Fri, 14 Feb 2025 13:28:23 -0500 [2600:1006:b007:f785:1dcb:131a:14a:bd05] [app/controllers/Controller.php:87] Preview->render()
Fri, 14 Feb 2025 13:28:23 -0500 [2600:1006:b007:f785:1dcb:131a:14a:bd05] [lib/base.php:2078] Controller->afterroute()
Fri, 14 Feb 2025 13:28:23 -0500 [2600:1006:b007:f785:1dcb:131a:14a:bd05] [lib/base.php:1871] Base->call()
Fri, 14 Feb 2025 13:28:23 -0500 [2600:1006:b007:f785:1dcb:131a:14a:bd05] [index.php:19] Base->run()
Fri, 14 Feb 2025 13:29:44 -0500 [2600:1006:b007:f785:1dcb:131a:14a:bd05] 500: Undefined variable $entity_num trace: [tmp/3hn69l4qoa804.man4oes5p0l2.php:177]
Fri, 14 Feb 2025 13:29:44 -0500 [2600:1006:b007:f785:1dcb:131a:14a:bd05] [tmp/3hn69l4qoa804.man4oes5p0l2.php:177] Base->{closure}()
Fri, 14 Feb 2025 13:29:44 -0500 [2600:1006:b007:f785:1dcb:131a:14a:bd05] [lib/base.php:3036] require('/home/u991737198/domains/tas2023.online/public_html/tmp/3hn69l4qoa804.man4oes5p0l2.php')
Fri, 14 Feb 2025 13:29:44 -0500 [2600:1006:b007:f785:1dcb:131a:14a:bd05] [lib/base.php:3281] View->sandbox()
Fri, 14 Feb 2025 13:29:44 -0500 [2600:1006:b007:f785:1dcb:131a:14a:bd05] [tmp/3hn69l4qoa804.3h31n1yj254w8.php:7] Preview->render()
Fri, 14 Feb 2025 13:29:44 -0500 [2600:1006:b007:f785:1dcb:131a:14a:bd05] [lib/base.php:3036] require('/home/u991737198/domains/tas2023.online/public_html/tmp/3hn69l4qoa804.3h31n1yj254w8.php')
Fri, 14 Feb 2025 13:29:44 -0500 [2600:1006:b007:f785:1dcb:131a:14a:bd05] [lib/base.php:3281] View->sandbox()
Fri, 14 Feb 2025 13:29:44 -0500 [2600:1006:b007:f785:1dcb:131a:14a:bd05] [app/controllers/Controller.php:87] Preview->render()
Fri, 14 Feb 2025 13:29:44 -0500 [2600:1006:b007:f785:1dcb:131a:14a:bd05] [lib/base.php:2078] Controller->afterroute()
Fri, 14 Feb 2025 13:29:44 -0500 [2600:1006:b007:f785:1dcb:131a:14a:bd05] [lib/base.php:1871] Base->call()
Fri, 14 Feb 2025 13:29:44 -0500 [2600:1006:b007:f785:1dcb:131a:14a:bd05] [index.php:19] Base->run()
Fri, 14 Feb 2025 14:18:14 -0500 [2600:1006:b007:f785:1dcb:131a:14a:bd05] 500: Undefined variable $selected_note trace: [/home/u991737198/domains/tas2023.online/public_html/tmp/3hn69l4qoa804.3g8shy2588w00.php:385]
Fri, 14 Feb 2025 14:18:14 -0500 [2600:1006:b007:f785:1dcb:131a:14a:bd05] [/home/u991737198/domains/tas2023.online/public_html/tmp/3hn69l4qoa804.3g8shy2588w00.php:385] Base->{closure}()
Fri, 14 Feb 2025 14:18:14 -0500 [2600:1006:b007:f785:1dcb:131a:14a:bd05] [/home/u991737198/domains/tas2023.online/public_html/lib/base.php:3036] require('/home/u991737198/domains/tas2023.online/public_html/tmp/3hn69l4qoa804.3g8shy2588w00.php')
Fri, 14 Feb 2025 14:18:14 -0500 [2600:1006:b007:f785:1dcb:131a:14a:bd05] [/home/u991737198/domains/tas2023.online/public_html/lib/base.php:3281] View->sandbox()
Fri, 14 Feb 2025 14:18:14 -0500 [2600:1006:b007:f785:1dcb:131a:14a:bd05] [/home/u991737198/domains/tas2023.online/public_html/tmp/3hn69l4qoa804.3h31n1yj254w8.php:7] Preview->render()
Fri, 14 Feb 2025 14:18:14 -0500 [2600:1006:b007:f785:1dcb:131a:14a:bd05] [/home/u991737198/domains/tas2023.online/public_html/lib/base.php:3036] require('/home/u991737198/domains/tas2023.online/public_html/tmp/3hn69l4qoa804.3h31n1yj254w8.php')
Fri, 14 Feb 2025 14:18:14 -0500 [2600:1006:b007:f785:1dcb:131a:14a:bd05] [/home/u991737198/domains/tas2023.online/public_html/lib/base.php:3281] View->sandbox()
Fri, 14 Feb 2025 14:18:14 -0500 [2600:1006:b007:f785:1dcb:131a:14a:bd05] [/home/u991737198/domains/tas2023.online/public_html/app/controllers/Controller.php:87] Preview->render()
Fri, 14 Feb 2025 14:18:14 -0500 [2600:1006:b007:f785:1dcb:131a:14a:bd05] [/home/u991737198/domains/tas2023.online/public_html/lib/base.php:2078] Controller->afterroute()
Fri, 14 Feb 2025 14:18:14 -0500 [2600:1006:b007:f785:1dcb:131a:14a:bd05] [/home/u991737198/domains/tas2023.online/public_html/lib/base.php:1871] Base->call()
Fri, 14 Feb 2025 14:18:14 -0500 [2600:1006:b007:f785:1dcb:131a:14a:bd05] [/home/u991737198/domains/tas2023.online/public_html/index.php:19] Base->run()
Fri, 14 Feb 2025 14:19:24 -0500 [2600:1006:b007:f785:1dcb:131a:14a:bd05] 500: Undefined variable $selected_note trace: [/home/u991737198/domains/tas2023.online/public_html/tmp/3hn69l4qoa804.3g8shy2588w00.php:385]
Fri, 14 Feb 2025 14:19:24 -0500 [2600:1006:b007:f785:1dcb:131a:14a:bd05] [/home/u991737198/domains/tas2023.online/public_html/tmp/3hn69l4qoa804.3g8shy2588w00.php:385] Base->{closure}()
Fri, 14 Feb 2025 14:19:24 -0500 [2600:1006:b007:f785:1dcb:131a:14a:bd05] [/home/u991737198/domains/tas2023.online/public_html/lib/base.php:3036] require('/home/u991737198/domains/tas2023.online/public_html/tmp/3hn69l4qoa804.3g8shy2588w00.php')
Fri, 14 Feb 2025 14:19:24 -0500 [2600:1006:b007:f785:1dcb:131a:14a:bd05] [/home/u991737198/domains/tas2023.online/public_html/lib/base.php:3281] View->sandbox()
Fri, 14 Feb 2025 14:19:24 -0500 [2600:1006:b007:f785:1dcb:131a:14a:bd05] [/home/u991737198/domains/tas2023.online/public_html/tmp/3hn69l4qoa804.3h31n1yj254w8.php:7] Preview->render()
Fri, 14 Feb 2025 14:19:24 -0500 [2600:1006:b007:f785:1dcb:131a:14a:bd05] [/home/u991737198/domains/tas2023.online/public_html/lib/base.php:3036] require('/home/u991737198/domains/tas2023.online/public_html/tmp/3hn69l4qoa804.3h31n1yj254w8.php')
Fri, 14 Feb 2025 14:19:24 -0500 [2600:1006:b007:f785:1dcb:131a:14a:bd05] [/home/u991737198/domains/tas2023.online/public_html/lib/base.php:3281] View->sandbox()
Fri, 14 Feb 2025 14:19:24 -0500 [2600:1006:b007:f785:1dcb:131a:14a:bd05] [/home/u991737198/domains/tas2023.online/public_html/app/controllers/Controller.php:87] Preview->render()
Fri, 14 Feb 2025 14:19:24 -0500 [2600:1006:b007:f785:1dcb:131a:14a:bd05] [/home/u991737198/domains/tas2023.online/public_html/lib/base.php:2078] Controller->afterroute()
Fri, 14 Feb 2025 14:19:24 -0500 [2600:1006:b007:f785:1dcb:131a:14a:bd05] [/home/u991737198/domains/tas2023.online/public_html/lib/base.php:1871] Base->call()
Fri, 14 Feb 2025 14:19:24 -0500 [2600:1006:b007:f785:1dcb:131a:14a:bd05] [/home/u991737198/domains/tas2023.online/public_html/index.php:19] Base->run()
Fri, 14 Feb 2025 14:19:35 -0500 [2600:1006:b007:f785:1dcb:131a:14a:bd05] 500: Undefined variable $selected_note trace: [/home/u991737198/domains/tas2023.online/public_html/tmp/3hn69l4qoa804.3g8shy2588w00.php:385]
Fri, 14 Feb 2025 14:19:35 -0500 [2600:1006:b007:f785:1dcb:131a:14a:bd05] [/home/u991737198/domains/tas2023.online/public_html/tmp/3hn69l4qoa804.3g8shy2588w00.php:385] Base->{closure}()
Fri, 14 Feb 2025 14:19:35 -0500 [2600:1006:b007:f785:1dcb:131a:14a:bd05] [/home/u991737198/domains/tas2023.online/public_html/lib/base.php:3036] require('/home/u991737198/domains/tas2023.online/public_html/tmp/3hn69l4qoa804.3g8shy2588w00.php')
Fri, 14 Feb 2025 14:19:35 -0500 [2600:1006:b007:f785:1dcb:131a:14a:bd05] [/home/u991737198/domains/tas2023.online/public_html/lib/base.php:3281] View->sandbox()
Fri, 14 Feb 2025 14:19:35 -0500 [2600:1006:b007:f785:1dcb:131a:14a:bd05] [/home/u991737198/domains/tas2023.online/public_html/tmp/3hn69l4qoa804.3h31n1yj254w8.php:7] Preview->render()
Fri, 14 Feb 2025 14:19:35 -0500 [2600:1006:b007:f785:1dcb:131a:14a:bd05] [/home/u991737198/domains/tas2023.online/public_html/lib/base.php:3036] require('/home/u991737198/domains/tas2023.online/public_html/tmp/3hn69l4qoa804.3h31n1yj254w8.php')
Fri, 14 Feb 2025 14:19:35 -0500 [2600:1006:b007:f785:1dcb:131a:14a:bd05] [/home/u991737198/domains/tas2023.online/public_html/lib/base.php:3281] View->sandbox()
Fri, 14 Feb 2025 14:19:35 -0500 [2600:1006:b007:f785:1dcb:131a:14a:bd05] [/home/u991737198/domains/tas2023.online/public_html/app/controllers/Controller.php:87] Preview->render()
Fri, 14 Feb 2025 14:19:35 -0500 [2600:1006:b007:f785:1dcb:131a:14a:bd05] [/home/u991737198/domains/tas2023.online/public_html/lib/base.php:2078] Controller->afterroute()
Fri, 14 Feb 2025 14:19:35 -0500 [2600:1006:b007:f785:1dcb:131a:14a:bd05] [/home/u991737198/domains/tas2023.online/public_html/lib/base.php:1871] Base->call()
Fri, 14 Feb 2025 14:19:35 -0500 [2600:1006:b007:f785:1dcb:131a:14a:bd05] [/home/u991737198/domains/tas2023.online/public_html/index.php:19] Base->run()
Fri, 14 Feb 2025 14:19:44 -0500 [2600:1006:b007:f785:1dcb:131a:14a:bd05] 500: Undefined variable $selected_note trace: [/home/u991737198/domains/tas2023.online/public_html/tmp/3hn69l4qoa804.3g8shy2588w00.php:385]
Fri, 14 Feb 2025 14:19:44 -0500 [2600:1006:b007:f785:1dcb:131a:14a:bd05] [/home/u991737198/domains/tas2023.online/public_html/tmp/3hn69l4qoa804.3g8shy2588w00.php:385] Base->{closure}()
Fri, 14 Feb 2025 14:19:44 -0500 [2600:1006:b007:f785:1dcb:131a:14a:bd05] [/home/u991737198/domains/tas2023.online/public_html/lib/base.php:3036] require('/home/u991737198/domains/tas2023.online/public_html/tmp/3hn69l4qoa804.3g8shy2588w00.php')
Fri, 14 Feb 2025 14:19:44 -0500 [2600:1006:b007:f785:1dcb:131a:14a:bd05] [/home/u991737198/domains/tas2023.online/public_html/lib/base.php:3281] View->sandbox()
Fri, 14 Feb 2025 14:19:44 -0500 [2600:1006:b007:f785:1dcb:131a:14a:bd05] [/home/u991737198/domains/tas2023.online/public_html/tmp/3hn69l4qoa804.3h31n1yj254w8.php:7] Preview->render()
Fri, 14 Feb 2025 14:19:44 -0500 [2600:1006:b007:f785:1dcb:131a:14a:bd05] [/home/u991737198/domains/tas2023.online/public_html/lib/base.php:3036] require('/home/u991737198/domains/tas2023.online/public_html/tmp/3hn69l4qoa804.3h31n1yj254w8.php')
Fri, 14 Feb 2025 14:19:44 -0500 [2600:1006:b007:f785:1dcb:131a:14a:bd05] [/home/u991737198/domains/tas2023.online/public_html/lib/base.php:3281] View->sandbox()
Fri, 14 Feb 2025 14:19:44 -0500 [2600:1006:b007:f785:1dcb:131a:14a:bd05] [/home/u991737198/domains/tas2023.online/public_html/app/controllers/Controller.php:87] Preview->render()
Fri, 14 Feb 2025 14:19:44 -0500 [2600:1006:b007:f785:1dcb:131a:14a:bd05] [/home/u991737198/domains/tas2023.online/public_html/lib/base.php:2078] Controller->afterroute()
Fri, 14 Feb 2025 14:19:44 -0500 [2600:1006:b007:f785:1dcb:131a:14a:bd05] [/home/u991737198/domains/tas2023.online/public_html/lib/base.php:1871] Base->call()
Fri, 14 Feb 2025 14:19:44 -0500 [2600:1006:b007:f785:1dcb:131a:14a:bd05] [/home/u991737198/domains/tas2023.online/public_html/index.php:19] Base->run()
Fri, 14 Feb 2025 14:20:35 -0500 [2600:1006:b007:f785:1dcb:131a:14a:bd05] 500: Undefined variable $selected_note trace: [/home/u991737198/domains/tas2023.online/public_html/tmp/3hn69l4qoa804.3g8shy2588w00.php:385]
Fri, 14 Feb 2025 14:20:35 -0500 [2600:1006:b007:f785:1dcb:131a:14a:bd05] [/home/u991737198/domains/tas2023.online/public_html/tmp/3hn69l4qoa804.3g8shy2588w00.php:385] Base->{closure}()
Fri, 14 Feb 2025 14:20:35 -0500 [2600:1006:b007:f785:1dcb:131a:14a:bd05] [/home/u991737198/domains/tas2023.online/public_html/lib/base.php:3036] require('/home/u991737198/domains/tas2023.online/public_html/tmp/3hn69l4qoa804.3g8shy2588w00.php')
Fri, 14 Feb 2025 14:20:35 -0500 [2600:1006:b007:f785:1dcb:131a:14a:bd05] [/home/u991737198/domains/tas2023.online/public_html/lib/base.php:3281] View->sandbox()
Fri, 14 Feb 2025 14:20:35 -0500 [2600:1006:b007:f785:1dcb:131a:14a:bd05] [/home/u991737198/domains/tas2023.online/public_html/tmp/3hn69l4qoa804.3h31n1yj254w8.php:7] Preview->render()
Fri, 14 Feb 2025 14:20:35 -0500 [2600:1006:b007:f785:1dcb:131a:14a:bd05] [/home/u991737198/domains/tas2023.online/public_html/lib/base.php:3036] require('/home/u991737198/domains/tas2023.online/public_html/tmp/3hn69l4qoa804.3h31n1yj254w8.php')
Fri, 14 Feb 2025 14:20:35 -0500 [2600:1006:b007:f785:1dcb:131a:14a:bd05] [/home/u991737198/domains/tas2023.online/public_html/lib/base.php:3281] View->sandbox()
Fri, 14 Feb 2025 14:20:35 -0500 [2600:1006:b007:f785:1dcb:131a:14a:bd05] [/home/u991737198/domains/tas2023.online/public_html/app/controllers/Controller.php:87] Preview->render()
Fri, 14 Feb 2025 14:20:35 -0500 [2600:1006:b007:f785:1dcb:131a:14a:bd05] [/home/u991737198/domains/tas2023.online/public_html/lib/base.php:2078] Controller->afterroute()
Fri, 14 Feb 2025 14:20:35 -0500 [2600:1006:b007:f785:1dcb:131a:14a:bd05] [/home/u991737198/domains/tas2023.online/public_html/lib/base.php:1871] Base->call()
Fri, 14 Feb 2025 14:20:35 -0500 [2600:1006:b007:f785:1dcb:131a:14a:bd05] [/home/u991737198/domains/tas2023.online/public_html/index.php:19] Base->run()
Fri, 14 Feb 2025 14:20:41 -0500 [2600:1006:b007:f785:1dcb:131a:14a:bd05] 500: Undefined variable $selected_note trace: [/home/u991737198/domains/tas2023.online/public_html/tmp/3hn69l4qoa804.3g8shy2588w00.php:385]
Fri, 14 Feb 2025 14:20:41 -0500 [2600:1006:b007:f785:1dcb:131a:14a:bd05] [/home/u991737198/domains/tas2023.online/public_html/tmp/3hn69l4qoa804.3g8shy2588w00.php:385] Base->{closure}()
Fri, 14 Feb 2025 14:20:41 -0500 [2600:1006:b007:f785:1dcb:131a:14a:bd05] [/home/u991737198/domains/tas2023.online/public_html/lib/base.php:3036] require('/home/u991737198/domains/tas2023.online/public_html/tmp/3hn69l4qoa804.3g8shy2588w00.php')
Fri, 14 Feb 2025 14:20:41 -0500 [2600:1006:b007:f785:1dcb:131a:14a:bd05] [/home/u991737198/domains/tas2023.online/public_html/lib/base.php:3281] View->sandbox()
Fri, 14 Feb 2025 14:20:41 -0500 [2600:1006:b007:f785:1dcb:131a:14a:bd05] [/home/u991737198/domains/tas2023.online/public_html/tmp/3hn69l4qoa804.3h31n1yj254w8.php:7] Preview->render()
Fri, 14 Feb 2025 14:20:41 -0500 [2600:1006:b007:f785:1dcb:131a:14a:bd05] [/home/u991737198/domains/tas2023.online/public_html/lib/base.php:3036] require('/home/u991737198/domains/tas2023.online/public_html/tmp/3hn69l4qoa804.3h31n1yj254w8.php')
Fri, 14 Feb 2025 14:20:41 -0500 [2600:1006:b007:f785:1dcb:131a:14a:bd05] [/home/u991737198/domains/tas2023.online/public_html/lib/base.php:3281] View->sandbox()
Fri, 14 Feb 2025 14:20:41 -0500 [2600:1006:b007:f785:1dcb:131a:14a:bd05] [/home/u991737198/domains/tas2023.online/public_html/app/controllers/Controller.php:87] Preview->render()
Fri, 14 Feb 2025 14:20:41 -0500 [2600:1006:b007:f785:1dcb:131a:14a:bd05] [/home/u991737198/domains/tas2023.online/public_html/lib/base.php:2078] Controller->afterroute()
Fri, 14 Feb 2025 14:20:41 -0500 [2600:1006:b007:f785:1dcb:131a:14a:bd05] [/home/u991737198/domains/tas2023.online/public_html/lib/base.php:1871] Base->call()
Fri, 14 Feb 2025 14:20:41 -0500 [2600:1006:b007:f785:1dcb:131a:14a:bd05] [/home/u991737198/domains/tas2023.online/public_html/index.php:19] Base->run()
Fri, 14 Feb 2025 14:21:51 -0500 [2600:1006:b007:f785:1dcb:131a:14a:bd05] 500: Undefined variable $selected_note trace: [/home/u991737198/domains/tas2023.online/public_html/tmp/3hn69l4qoa804.3g8shy2588w00.php:385]
Fri, 14 Feb 2025 14:21:51 -0500 [2600:1006:b007:f785:1dcb:131a:14a:bd05] [/home/u991737198/domains/tas2023.online/public_html/tmp/3hn69l4qoa804.3g8shy2588w00.php:385] Base->{closure}()
Fri, 14 Feb 2025 14:21:51 -0500 [2600:1006:b007:f785:1dcb:131a:14a:bd05] [/home/u991737198/domains/tas2023.online/public_html/lib/base.php:3036] require('/home/u991737198/domains/tas2023.online/public_html/tmp/3hn69l4qoa804.3g8shy2588w00.php')
Fri, 14 Feb 2025 14:21:51 -0500 [2600:1006:b007:f785:1dcb:131a:14a:bd05] [/home/u991737198/domains/tas2023.online/public_html/lib/base.php:3281] View->sandbox()
Fri, 14 Feb 2025 14:21:51 -0500 [2600:1006:b007:f785:1dcb:131a:14a:bd05] [/home/u991737198/domains/tas2023.online/public_html/tmp/3hn69l4qoa804.3h31n1yj254w8.php:7] Preview->render()
Fri, 14 Feb 2025 14:21:51 -0500 [2600:1006:b007:f785:1dcb:131a:14a:bd05] [/home/u991737198/domains/tas2023.online/public_html/lib/base.php:3036] require('/home/u991737198/domains/tas2023.online/public_html/tmp/3hn69l4qoa804.3h31n1yj254w8.php')
Fri, 14 Feb 2025 14:21:51 -0500 [2600:1006:b007:f785:1dcb:131a:14a:bd05] [/home/u991737198/domains/tas2023.online/public_html/lib/base.php:3281] View->sandbox()
Fri, 14 Feb 2025 14:21:51 -0500 [2600:1006:b007:f785:1dcb:131a:14a:bd05] [/home/u991737198/domains/tas2023.online/public_html/app/controllers/Controller.php:87] Preview->render()
Fri, 14 Feb 2025 14:21:51 -0500 [2600:1006:b007:f785:1dcb:131a:14a:bd05] [/home/u991737198/domains/tas2023.online/public_html/lib/base.php:2078] Controller->afterroute()
Fri, 14 Feb 2025 14:21:51 -0500 [2600:1006:b007:f785:1dcb:131a:14a:bd05] [/home/u991737198/domains/tas2023.online/public_html/lib/base.php:1871] Base->call()
Fri, 14 Feb 2025 14:21:51 -0500 [2600:1006:b007:f785:1dcb:131a:14a:bd05] [/home/u991737198/domains/tas2023.online/public_html/index.php:19] Base->run()
Fri, 14 Feb 2025 14:49:13 -0500 [2600:1006:b007:f785:1dcb:131a:14a:bd05] 401: HTTP 401 (GET /task/taskData) trace: [/home/u991737198/domains/tas2023.online/public_html/lib/access.php:112] Base->error()
Fri, 14 Feb 2025 14:49:13 -0500 [2600:1006:b007:f785:1dcb:131a:14a:bd05] [/home/u991737198/domains/tas2023.online/public_html/app/controllers/Controller.php:78] Access->authorize()
Fri, 14 Feb 2025 14:49:13 -0500 [2600:1006:b007:f785:1dcb:131a:14a:bd05] [/home/u991737198/domains/tas2023.online/public_html/lib/base.php:2069] Controller->beforeroute()
Fri, 14 Feb 2025 14:49:13 -0500 [2600:1006:b007:f785:1dcb:131a:14a:bd05] [/home/u991737198/domains/tas2023.online/public_html/lib/base.php:1871] Base->call()
Fri, 14 Feb 2025 14:49:13 -0500 [2600:1006:b007:f785:1dcb:131a:14a:bd05] [/home/u991737198/domains/tas2023.online/public_html/index.php:19] Base->run()
Fri, 14 Feb 2025 14:49:13 -0500 [2600:1006:b007:f785:1dcb:131a:14a:bd05] 401: HTTP 401 (GET /task/teamProductivity) trace: [/home/u991737198/domains/tas2023.online/public_html/lib/access.php:112] Base->error()
Fri, 14 Feb 2025 14:49:13 -0500 [2600:1006:b007:f785:1dcb:131a:14a:bd05] [/home/u991737198/domains/tas2023.online/public_html/app/controllers/Controller.php:78] Access->authorize()
Fri, 14 Feb 2025 14:49:13 -0500 [2600:1006:b007:f785:1dcb:131a:14a:bd05] [/home/u991737198/domains/tas2023.online/public_html/lib/base.php:2069] Controller->beforeroute()
Fri, 14 Feb 2025 14:49:13 -0500 [2600:1006:b007:f785:1dcb:131a:14a:bd05] [/home/u991737198/domains/tas2023.online/public_html/lib/base.php:1871] Base->call()
Fri, 14 Feb 2025 14:49:13 -0500 [2600:1006:b007:f785:1dcb:131a:14a:bd05] [/home/u991737198/domains/tas2023.online/public_html/index.php:19] Base->run()
Fri, 14 Feb 2025 14:49:13 -0500 [2600:1006:b007:f785:1dcb:131a:14a:bd05] 401: HTTP 401 (GET /task/taskDistribution) trace: [/home/u991737198/domains/tas2023.online/public_html/lib/access.php:112] Base->error()
Fri, 14 Feb 2025 14:49:13 -0500 [2600:1006:b007:f785:1dcb:131a:14a:bd05] [/home/u991737198/domains/tas2023.online/public_html/app/controllers/Controller.php:78] Access->authorize()
Fri, 14 Feb 2025 14:49:13 -0500 [2600:1006:b007:f785:1dcb:131a:14a:bd05] [/home/u991737198/domains/tas2023.online/public_html/lib/base.php:2069] Controller->beforeroute()
Fri, 14 Feb 2025 14:49:13 -0500 [2600:1006:b007:f785:1dcb:131a:14a:bd05] [/home/u991737198/domains/tas2023.online/public_html/lib/base.php:1871] Base->call()
Fri, 14 Feb 2025 14:49:13 -0500 [2600:1006:b007:f785:1dcb:131a:14a:bd05] [/home/u991737198/domains/tas2023.online/public_html/index.php:19] Base->run()
Fri, 14 Feb 2025 14:49:16 -0500 [2600:1006:b007:f785:1dcb:131a:14a:bd05] 401: HTTP 401 (GET /person/listperson) trace: [lib/access.php:112] Base->error()
Fri, 14 Feb 2025 14:49:16 -0500 [2600:1006:b007:f785:1dcb:131a:14a:bd05] [app/controllers/Controller.php:78] Access->authorize()
Fri, 14 Feb 2025 14:49:16 -0500 [2600:1006:b007:f785:1dcb:131a:14a:bd05] [lib/base.php:2069] Controller->beforeroute()
Fri, 14 Feb 2025 14:49:16 -0500 [2600:1006:b007:f785:1dcb:131a:14a:bd05] [lib/base.php:1871] Base->call()
Fri, 14 Feb 2025 14:49:16 -0500 [2600:1006:b007:f785:1dcb:131a:14a:bd05] [index.php:19] Base->run()
Fri, 14 Feb 2025 14:50:25 -0500 [2600:1006:b007:f785:1dcb:131a:14a:bd05] 500: Undefined variable $entity_num trace: [tmp/3hn69l4qoa804.man4oes5p0l2.php:177]
Fri, 14 Feb 2025 14:50:25 -0500 [2600:1006:b007:f785:1dcb:131a:14a:bd05] [tmp/3hn69l4qoa804.man4oes5p0l2.php:177] Base->{closure}()
Fri, 14 Feb 2025 14:50:25 -0500 [2600:1006:b007:f785:1dcb:131a:14a:bd05] [lib/base.php:3036] require('/home/u991737198/domains/tas2023.online/public_html/tmp/3hn69l4qoa804.man4oes5p0l2.php')
Fri, 14 Feb 2025 14:50:25 -0500 [2600:1006:b007:f785:1dcb:131a:14a:bd05] [lib/base.php:3281] View->sandbox()
Fri, 14 Feb 2025 14:50:25 -0500 [2600:1006:b007:f785:1dcb:131a:14a:bd05] [tmp/3hn69l4qoa804.3h31n1yj254w8.php:7] Preview->render()
Fri, 14 Feb 2025 14:50:25 -0500 [2600:1006:b007:f785:1dcb:131a:14a:bd05] [lib/base.php:3036] require('/home/u991737198/domains/tas2023.online/public_html/tmp/3hn69l4qoa804.3h31n1yj254w8.php')
Fri, 14 Feb 2025 14:50:25 -0500 [2600:1006:b007:f785:1dcb:131a:14a:bd05] [lib/base.php:3281] View->sandbox()
Fri, 14 Feb 2025 14:50:25 -0500 [2600:1006:b007:f785:1dcb:131a:14a:bd05] [app/controllers/Controller.php:87] Preview->render()
Fri, 14 Feb 2025 14:50:25 -0500 [2600:1006:b007:f785:1dcb:131a:14a:bd05] [lib/base.php:2078] Controller->afterroute()
Fri, 14 Feb 2025 14:50:25 -0500 [2600:1006:b007:f785:1dcb:131a:14a:bd05] [lib/base.php:1871] Base->call()
Fri, 14 Feb 2025 14:50:25 -0500 [2600:1006:b007:f785:1dcb:131a:14a:bd05] [index.php:19] Base->run()
Fri, 14 Feb 2025 14:50:42 -0500 [2600:1006:b007:f785:1dcb:131a:14a:bd05] 500: Undefined variable $entity_num trace: [tmp/3hn69l4qoa804.man4oes5p0l2.php:177]
Fri, 14 Feb 2025 14:50:42 -0500 [2600:1006:b007:f785:1dcb:131a:14a:bd05] [tmp/3hn69l4qoa804.man4oes5p0l2.php:177] Base->{closure}()
Fri, 14 Feb 2025 14:50:42 -0500 [2600:1006:b007:f785:1dcb:131a:14a:bd05] [lib/base.php:3036] require('/home/u991737198/domains/tas2023.online/public_html/tmp/3hn69l4qoa804.man4oes5p0l2.php')
Fri, 14 Feb 2025 14:50:42 -0500 [2600:1006:b007:f785:1dcb:131a:14a:bd05] [lib/base.php:3281] View->sandbox()
Fri, 14 Feb 2025 14:50:42 -0500 [2600:1006:b007:f785:1dcb:131a:14a:bd05] [tmp/3hn69l4qoa804.3h31n1yj254w8.php:7] Preview->render()
Fri, 14 Feb 2025 14:50:42 -0500 [2600:1006:b007:f785:1dcb:131a:14a:bd05] [lib/base.php:3036] require('/home/u991737198/domains/tas2023.online/public_html/tmp/3hn69l4qoa804.3h31n1yj254w8.php')
Fri, 14 Feb 2025 14:50:42 -0500 [2600:1006:b007:f785:1dcb:131a:14a:bd05] [lib/base.php:3281] View->sandbox()
Fri, 14 Feb 2025 14:50:42 -0500 [2600:1006:b007:f785:1dcb:131a:14a:bd05] [app/controllers/Controller.php:87] Preview->render()
Fri, 14 Feb 2025 14:50:42 -0500 [2600:1006:b007:f785:1dcb:131a:14a:bd05] [lib/base.php:2078] Controller->afterroute()
Fri, 14 Feb 2025 14:50:42 -0500 [2600:1006:b007:f785:1dcb:131a:14a:bd05] [lib/base.php:1871] Base->call()
Fri, 14 Feb 2025 14:50:42 -0500 [2600:1006:b007:f785:1dcb:131a:14a:bd05] [index.php:19] Base->run()
Fri, 14 Feb 2025 14:50:46 -0500 [2600:1006:b007:f785:1dcb:131a:14a:bd05] 500: Undefined variable $entity_num trace: [tmp/3hn69l4qoa804.man4oes5p0l2.php:177]
Fri, 14 Feb 2025 14:50:46 -0500 [2600:1006:b007:f785:1dcb:131a:14a:bd05] [tmp/3hn69l4qoa804.man4oes5p0l2.php:177] Base->{closure}()
Fri, 14 Feb 2025 14:50:46 -0500 [2600:1006:b007:f785:1dcb:131a:14a:bd05] [lib/base.php:3036] require('/home/u991737198/domains/tas2023.online/public_html/tmp/3hn69l4qoa804.man4oes5p0l2.php')
Fri, 14 Feb 2025 14:50:46 -0500 [2600:1006:b007:f785:1dcb:131a:14a:bd05] [lib/base.php:3281] View->sandbox()
Fri, 14 Feb 2025 14:50:46 -0500 [2600:1006:b007:f785:1dcb:131a:14a:bd05] [tmp/3hn69l4qoa804.3h31n1yj254w8.php:7] Preview->render()
Fri, 14 Feb 2025 14:50:46 -0500 [2600:1006:b007:f785:1dcb:131a:14a:bd05] [lib/base.php:3036] require('/home/u991737198/domains/tas2023.online/public_html/tmp/3hn69l4qoa804.3h31n1yj254w8.php')
Fri, 14 Feb 2025 14:50:46 -0500 [2600:1006:b007:f785:1dcb:131a:14a:bd05] [lib/base.php:3281] View->sandbox()
Fri, 14 Feb 2025 14:50:46 -0500 [2600:1006:b007:f785:1dcb:131a:14a:bd05] [app/controllers/Controller.php:87] Preview->render()
Fri, 14 Feb 2025 14:50:46 -0500 [2600:1006:b007:f785:1dcb:131a:14a:bd05] [lib/base.php:2078] Controller->afterroute()
Fri, 14 Feb 2025 14:50:46 -0500 [2600:1006:b007:f785:1dcb:131a:14a:bd05] [lib/base.php:1871] Base->call()
Fri, 14 Feb 2025 14:50:46 -0500 [2600:1006:b007:f785:1dcb:131a:14a:bd05] [index.php:19] Base->run()
Fri, 14 Feb 2025 14:51:23 -0500 [2600:1006:b007:f785:1dcb:131a:14a:bd05] 500: Undefined variable $selected_note trace: [/home/u991737198/domains/tas2023.online/public_html/tmp/3hn69l4qoa804.3g8shy2588w00.php:385]
Fri, 14 Feb 2025 14:51:23 -0500 [2600:1006:b007:f785:1dcb:131a:14a:bd05] [/home/u991737198/domains/tas2023.online/public_html/tmp/3hn69l4qoa804.3g8shy2588w00.php:385] Base->{closure}()
Fri, 14 Feb 2025 14:51:23 -0500 [2600:1006:b007:f785:1dcb:131a:14a:bd05] [/home/u991737198/domains/tas2023.online/public_html/lib/base.php:3036] require('/home/u991737198/domains/tas2023.online/public_html/tmp/3hn69l4qoa804.3g8shy2588w00.php')
Fri, 14 Feb 2025 14:51:23 -0500 [2600:1006:b007:f785:1dcb:131a:14a:bd05] [/home/u991737198/domains/tas2023.online/public_html/lib/base.php:3281] View->sandbox()
Fri, 14 Feb 2025 14:51:23 -0500 [2600:1006:b007:f785:1dcb:131a:14a:bd05] [/home/u991737198/domains/tas2023.online/public_html/tmp/3hn69l4qoa804.3h31n1yj254w8.php:7] Preview->render()
Fri, 14 Feb 2025 14:51:23 -0500 [2600:1006:b007:f785:1dcb:131a:14a:bd05] [/home/u991737198/domains/tas2023.online/public_html/lib/base.php:3036] require('/home/u991737198/domains/tas2023.online/public_html/tmp/3hn69l4qoa804.3h31n1yj254w8.php')
Fri, 14 Feb 2025 14:51:23 -0500 [2600:1006:b007:f785:1dcb:131a:14a:bd05] [/home/u991737198/domains/tas2023.online/public_html/lib/base.php:3281] View->sandbox()
Fri, 14 Feb 2025 14:51:23 -0500 [2600:1006:b007:f785:1dcb:131a:14a:bd05] [/home/u991737198/domains/tas2023.online/public_html/app/controllers/Controller.php:87] Preview->render()
Fri, 14 Feb 2025 14:51:23 -0500 [2600:1006:b007:f785:1dcb:131a:14a:bd05] [/home/u991737198/domains/tas2023.online/public_html/lib/base.php:2078] Controller->afterroute()
Fri, 14 Feb 2025 14:51:23 -0500 [2600:1006:b007:f785:1dcb:131a:14a:bd05] [/home/u991737198/domains/tas2023.online/public_html/lib/base.php:1871] Base->call()
Fri, 14 Feb 2025 14:51:23 -0500 [2600:1006:b007:f785:1dcb:131a:14a:bd05] [/home/u991737198/domains/tas2023.online/public_html/index.php:19] Base->run()
Fri, 14 Feb 2025 21:57:04 -0500 [2603:9000:f801:55e2:b94b:ccee:85a0:f47e] 401: HTTP 401 (GET /task/edit/32/129/project) trace: [/home/u991737198/domains/tas2023.online/public_html/lib/access.php:112] Base->error()
Fri, 14 Feb 2025 21:57:04 -0500 [2603:9000:f801:55e2:b94b:ccee:85a0:f47e] [/home/u991737198/domains/tas2023.online/public_html/app/controllers/Controller.php:78] Access->authorize()
Fri, 14 Feb 2025 21:57:04 -0500 [2603:9000:f801:55e2:b94b:ccee:85a0:f47e] [/home/u991737198/domains/tas2023.online/public_html/lib/base.php:2069] Controller->beforeroute()
Fri, 14 Feb 2025 21:57:04 -0500 [2603:9000:f801:55e2:b94b:ccee:85a0:f47e] [/home/u991737198/domains/tas2023.online/public_html/lib/base.php:1871] Base->call()
Fri, 14 Feb 2025 21:57:04 -0500 [2603:9000:f801:55e2:b94b:ccee:85a0:f47e] [/home/u991737198/domains/tas2023.online/public_html/index.php:19] Base->run()
Fri, 14 Feb 2025 21:57:41 -0500 [2603:9000:f801:55e2:b94b:ccee:85a0:f47e] 500: Undefined variable $selected_note trace: [/home/u991737198/domains/tas2023.online/public_html/tmp/3hn69l4qoa804.3g8shy2588w00.php:384]
Fri, 14 Feb 2025 21:57:41 -0500 [2603:9000:f801:55e2:b94b:ccee:85a0:f47e] [/home/u991737198/domains/tas2023.online/public_html/tmp/3hn69l4qoa804.3g8shy2588w00.php:384] Base->{closure}()
Fri, 14 Feb 2025 21:57:41 -0500 [2603:9000:f801:55e2:b94b:ccee:85a0:f47e] [/home/u991737198/domains/tas2023.online/public_html/lib/base.php:3036] require('/home/u991737198/domains/tas2023.online/public_html/tmp/3hn69l4qoa804.3g8shy2588w00.php')
Fri, 14 Feb 2025 21:57:41 -0500 [2603:9000:f801:55e2:b94b:ccee:85a0:f47e] [/home/u991737198/domains/tas2023.online/public_html/lib/base.php:3281] View->sandbox()
Fri, 14 Feb 2025 21:57:41 -0500 [2603:9000:f801:55e2:b94b:ccee:85a0:f47e] [/home/u991737198/domains/tas2023.online/public_html/tmp/3hn69l4qoa804.3h31n1yj254w8.php:7] Preview->render()
Fri, 14 Feb 2025 21:57:41 -0500 [2603:9000:f801:55e2:b94b:ccee:85a0:f47e] [/home/u991737198/domains/tas2023.online/public_html/lib/base.php:3036] require('/home/u991737198/domains/tas2023.online/public_html/tmp/3hn69l4qoa804.3h31n1yj254w8.php')
Fri, 14 Feb 2025 21:57:41 -0500 [2603:9000:f801:55e2:b94b:ccee:85a0:f47e] [/home/u991737198/domains/tas2023.online/public_html/lib/base.php:3281] View->sandbox()
Fri, 14 Feb 2025 21:57:41 -0500 [2603:9000:f801:55e2:b94b:ccee:85a0:f47e] [/home/u991737198/domains/tas2023.online/public_html/app/controllers/Controller.php:87] Preview->render()
Fri, 14 Feb 2025 21:57:41 -0500 [2603:9000:f801:55e2:b94b:ccee:85a0:f47e] [/home/u991737198/domains/tas2023.online/public_html/lib/base.php:2078] Controller->afterroute()
Fri, 14 Feb 2025 21:57:41 -0500 [2603:9000:f801:55e2:b94b:ccee:85a0:f47e] [/home/u991737198/domains/tas2023.online/public_html/lib/base.php:1871] Base->call()
Fri, 14 Feb 2025 21:57:41 -0500 [2603:9000:f801:55e2:b94b:ccee:85a0:f47e] [/home/u991737198/domains/tas2023.online/public_html/index.php:19] Base->run()
Fri, 14 Feb 2025 21:58:30 -0500 [2603:9000:f801:55e2:f547:c672:f93b:ee9] 401: HTTP 401 (GET /task/taskData) trace: [/home/u991737198/domains/tas2023.online/public_html/lib/access.php:112] Base->error()
Fri, 14 Feb 2025 21:58:30 -0500 [2603:9000:f801:55e2:f547:c672:f93b:ee9] [/home/u991737198/domains/tas2023.online/public_html/app/controllers/Controller.php:78] Access->authorize()
Fri, 14 Feb 2025 21:58:30 -0500 [2603:9000:f801:55e2:f547:c672:f93b:ee9] [/home/u991737198/domains/tas2023.online/public_html/lib/base.php:2069] Controller->beforeroute()
Fri, 14 Feb 2025 21:58:30 -0500 [2603:9000:f801:55e2:f547:c672:f93b:ee9] [/home/u991737198/domains/tas2023.online/public_html/lib/base.php:1871] Base->call()
Fri, 14 Feb 2025 21:58:30 -0500 [2603:9000:f801:55e2:f547:c672:f93b:ee9] [/home/u991737198/domains/tas2023.online/public_html/index.php:19] Base->run()
Fri, 14 Feb 2025 21:58:30 -0500 [2603:9000:f801:55e2:f547:c672:f93b:ee9] 401: HTTP 401 (GET /task/taskDistribution) trace: [/home/u991737198/domains/tas2023.online/public_html/lib/access.php:112] Base->error()
Fri, 14 Feb 2025 21:58:30 -0500 [2603:9000:f801:55e2:f547:c672:f93b:ee9] [/home/u991737198/domains/tas2023.online/public_html/app/controllers/Controller.php:78] Access->authorize()
Fri, 14 Feb 2025 21:58:30 -0500 [2603:9000:f801:55e2:f547:c672:f93b:ee9] [/home/u991737198/domains/tas2023.online/public_html/lib/base.php:2069] Controller->beforeroute()
Fri, 14 Feb 2025 21:58:30 -0500 [2603:9000:f801:55e2:f547:c672:f93b:ee9] [/home/u991737198/domains/tas2023.online/public_html/lib/base.php:1871] Base->call()
Fri, 14 Feb 2025 21:58:30 -0500 [2603:9000:f801:55e2:f547:c672:f93b:ee9] [/home/u991737198/domains/tas2023.online/public_html/index.php:19] Base->run()
Fri, 14 Feb 2025 21:58:30 -0500 [2603:9000:f801:55e2:f547:c672:f93b:ee9] 401: HTTP 401 (GET /task/teamProductivity) trace: [/home/u991737198/domains/tas2023.online/public_html/lib/access.php:112] Base->error()
Fri, 14 Feb 2025 21:58:30 -0500 [2603:9000:f801:55e2:f547:c672:f93b:ee9] [/home/u991737198/domains/tas2023.online/public_html/app/controllers/Controller.php:78] Access->authorize()
Fri, 14 Feb 2025 21:58:30 -0500 [2603:9000:f801:55e2:f547:c672:f93b:ee9] [/home/u991737198/domains/tas2023.online/public_html/lib/base.php:2069] Controller->beforeroute()
Fri, 14 Feb 2025 21:58:30 -0500 [2603:9000:f801:55e2:f547:c672:f93b:ee9] [/home/u991737198/domains/tas2023.online/public_html/lib/base.php:1871] Base->call()
Fri, 14 Feb 2025 21:58:30 -0500 [2603:9000:f801:55e2:f547:c672:f93b:ee9] [/home/u991737198/domains/tas2023.online/public_html/index.php:19] Base->run()
Fri, 14 Feb 2025 21:59:24 -0500 [2603:9000:f801:55e2:b94b:ccee:85a0:f47e] 500: Undefined variable $selected_note trace: [/home/u991737198/domains/tas2023.online/public_html/tmp/3hn69l4qoa804.3g8shy2588w00.php:384]
Fri, 14 Feb 2025 21:59:24 -0500 [2603:9000:f801:55e2:b94b:ccee:85a0:f47e] [/home/u991737198/domains/tas2023.online/public_html/tmp/3hn69l4qoa804.3g8shy2588w00.php:384] Base->{closure}()
Fri, 14 Feb 2025 21:59:24 -0500 [2603:9000:f801:55e2:b94b:ccee:85a0:f47e] [/home/u991737198/domains/tas2023.online/public_html/lib/base.php:3036] require('/home/u991737198/domains/tas2023.online/public_html/tmp/3hn69l4qoa804.3g8shy2588w00.php')
Fri, 14 Feb 2025 21:59:24 -0500 [2603:9000:f801:55e2:b94b:ccee:85a0:f47e] [/home/u991737198/domains/tas2023.online/public_html/lib/base.php:3281] View->sandbox()
Fri, 14 Feb 2025 21:59:24 -0500 [2603:9000:f801:55e2:b94b:ccee:85a0:f47e] [/home/u991737198/domains/tas2023.online/public_html/tmp/3hn69l4qoa804.3h31n1yj254w8.php:7] Preview->render()
Fri, 14 Feb 2025 21:59:24 -0500 [2603:9000:f801:55e2:b94b:ccee:85a0:f47e] [/home/u991737198/domains/tas2023.online/public_html/lib/base.php:3036] require('/home/u991737198/domains/tas2023.online/public_html/tmp/3hn69l4qoa804.3h31n1yj254w8.php')
Fri, 14 Feb 2025 21:59:24 -0500 [2603:9000:f801:55e2:b94b:ccee:85a0:f47e] [/home/u991737198/domains/tas2023.online/public_html/lib/base.php:3281] View->sandbox()
Fri, 14 Feb 2025 21:59:24 -0500 [2603:9000:f801:55e2:b94b:ccee:85a0:f47e] [/home/u991737198/domains/tas2023.online/public_html/app/controllers/Controller.php:87] Preview->render()
Fri, 14 Feb 2025 21:59:24 -0500 [2603:9000:f801:55e2:b94b:ccee:85a0:f47e] [/home/u991737198/domains/tas2023.online/public_html/lib/base.php:2078] Controller->afterroute()
Fri, 14 Feb 2025 21:59:24 -0500 [2603:9000:f801:55e2:b94b:ccee:85a0:f47e] [/home/u991737198/domains/tas2023.online/public_html/lib/base.php:1871] Base->call()
Fri, 14 Feb 2025 21:59:24 -0500 [2603:9000:f801:55e2:b94b:ccee:85a0:f47e] [/home/u991737198/domains/tas2023.online/public_html/index.php:19] Base->run()
Fri, 14 Feb 2025 21:59:55 -0500 [2603:9000:f801:55e2:b94b:ccee:85a0:f47e] 500: Undefined variable $selected_note trace: [/home/u991737198/domains/tas2023.online/public_html/tmp/3hn69l4qoa804.3g8shy2588w00.php:384]
Fri, 14 Feb 2025 21:59:55 -0500 [2603:9000:f801:55e2:b94b:ccee:85a0:f47e] [/home/u991737198/domains/tas2023.online/public_html/tmp/3hn69l4qoa804.3g8shy2588w00.php:384] Base->{closure}()
Fri, 14 Feb 2025 21:59:55 -0500 [2603:9000:f801:55e2:b94b:ccee:85a0:f47e] [/home/u991737198/domains/tas2023.online/public_html/lib/base.php:3036] require('/home/u991737198/domains/tas2023.online/public_html/tmp/3hn69l4qoa804.3g8shy2588w00.php')
Fri, 14 Feb 2025 21:59:55 -0500 [2603:9000:f801:55e2:b94b:ccee:85a0:f47e] [/home/u991737198/domains/tas2023.online/public_html/lib/base.php:3281] View->sandbox()
Fri, 14 Feb 2025 21:59:55 -0500 [2603:9000:f801:55e2:b94b:ccee:85a0:f47e] [/home/u991737198/domains/tas2023.online/public_html/tmp/3hn69l4qoa804.3h31n1yj254w8.php:7] Preview->render()
Fri, 14 Feb 2025 21:59:55 -0500 [2603:9000:f801:55e2:b94b:ccee:85a0:f47e] [/home/u991737198/domains/tas2023.online/public_html/lib/base.php:3036] require('/home/u991737198/domains/tas2023.online/public_html/tmp/3hn69l4qoa804.3h31n1yj254w8.php')
Fri, 14 Feb 2025 21:59:55 -0500 [2603:9000:f801:55e2:b94b:ccee:85a0:f47e] [/home/u991737198/domains/tas2023.online/public_html/lib/base.php:3281] View->sandbox()
Fri, 14 Feb 2025 21:59:55 -0500 [2603:9000:f801:55e2:b94b:ccee:85a0:f47e] [/home/u991737198/domains/tas2023.online/public_html/app/controllers/Controller.php:87] Preview->render()
Fri, 14 Feb 2025 21:59:55 -0500 [2603:9000:f801:55e2:b94b:ccee:85a0:f47e] [/home/u991737198/domains/tas2023.online/public_html/lib/base.php:2078] Controller->afterroute()
Fri, 14 Feb 2025 21:59:55 -0500 [2603:9000:f801:55e2:b94b:ccee:85a0:f47e] [/home/u991737198/domains/tas2023.online/public_html/lib/base.php:1871] Base->call()
Fri, 14 Feb 2025 21:59:55 -0500 [2603:9000:f801:55e2:b94b:ccee:85a0:f47e] [/home/u991737198/domains/tas2023.online/public_html/index.php:19] Base->run()
Fri, 14 Feb 2025 22:10:56 -0500 [2603:9000:f801:55e2:f547:c672:f93b:ee9] 401: HTTP 401 (GET /task/listtasks) trace: [/home/u991737198/domains/tas2023.online/public_html/lib/access.php:112] Base->error()
Fri, 14 Feb 2025 22:10:56 -0500 [2603:9000:f801:55e2:f547:c672:f93b:ee9] [/home/u991737198/domains/tas2023.online/public_html/app/controllers/Controller.php:78] Access->authorize()
Fri, 14 Feb 2025 22:10:56 -0500 [2603:9000:f801:55e2:f547:c672:f93b:ee9] [/home/u991737198/domains/tas2023.online/public_html/lib/base.php:2069] Controller->beforeroute()
Fri, 14 Feb 2025 22:10:56 -0500 [2603:9000:f801:55e2:f547:c672:f93b:ee9] [/home/u991737198/domains/tas2023.online/public_html/lib/base.php:1871] Base->call()
Fri, 14 Feb 2025 22:10:56 -0500 [2603:9000:f801:55e2:f547:c672:f93b:ee9] [/home/u991737198/domains/tas2023.online/public_html/index.php:19] Base->run()
Fri, 14 Feb 2025 22:11:21 -0500 [2603:9000:f801:55e2:f547:c672:f93b:ee9] 500: Undefined variable $selected_note trace: [/home/u991737198/domains/tas2023.online/public_html/tmp/3hn69l4qoa804.3g8shy2588w00.php:384]
Fri, 14 Feb 2025 22:11:21 -0500 [2603:9000:f801:55e2:f547:c672:f93b:ee9] [/home/u991737198/domains/tas2023.online/public_html/tmp/3hn69l4qoa804.3g8shy2588w00.php:384] Base->{closure}()
Fri, 14 Feb 2025 22:11:21 -0500 [2603:9000:f801:55e2:f547:c672:f93b:ee9] [/home/u991737198/domains/tas2023.online/public_html/lib/base.php:3036] require('/home/u991737198/domains/tas2023.online/public_html/tmp/3hn69l4qoa804.3g8shy2588w00.php')
Fri, 14 Feb 2025 22:11:21 -0500 [2603:9000:f801:55e2:f547:c672:f93b:ee9] [/home/u991737198/domains/tas2023.online/public_html/lib/base.php:3281] View->sandbox()
Fri, 14 Feb 2025 22:11:21 -0500 [2603:9000:f801:55e2:f547:c672:f93b:ee9] [/home/u991737198/domains/tas2023.online/public_html/tmp/3hn69l4qoa804.3h31n1yj254w8.php:7] Preview->render()
Fri, 14 Feb 2025 22:11:21 -0500 [2603:9000:f801:55e2:f547:c672:f93b:ee9] [/home/u991737198/domains/tas2023.online/public_html/lib/base.php:3036] require('/home/u991737198/domains/tas2023.online/public_html/tmp/3hn69l4qoa804.3h31n1yj254w8.php')
Fri, 14 Feb 2025 22:11:21 -0500 [2603:9000:f801:55e2:f547:c672:f93b:ee9] [/home/u991737198/domains/tas2023.online/public_html/lib/base.php:3281] View->sandbox()
Fri, 14 Feb 2025 22:11:21 -0500 [2603:9000:f801:55e2:f547:c672:f93b:ee9] [/home/u991737198/domains/tas2023.online/public_html/app/controllers/Controller.php:87] Preview->render()
Fri, 14 Feb 2025 22:11:21 -0500 [2603:9000:f801:55e2:f547:c672:f93b:ee9] [/home/u991737198/domains/tas2023.online/public_html/lib/base.php:2078] Controller->afterroute()
Fri, 14 Feb 2025 22:11:21 -0500 [2603:9000:f801:55e2:f547:c672:f93b:ee9] [/home/u991737198/domains/tas2023.online/public_html/lib/base.php:1871] Base->call()
Fri, 14 Feb 2025 22:11:21 -0500 [2603:9000:f801:55e2:f547:c672:f93b:ee9] [/home/u991737198/domains/tas2023.online/public_html/index.php:19] Base->run()
Fri, 14 Feb 2025 22:19:34 -0500 [2603:9000:f801:55e2:f547:c672:f93b:ee9] 500: Undefined variable $selected_note trace: [/home/u991737198/domains/tas2023.online/public_html/tmp/3hn69l4qoa804.3g8shy2588w00.php:384]
Fri, 14 Feb 2025 22:19:34 -0500 [2603:9000:f801:55e2:f547:c672:f93b:ee9] [/home/u991737198/domains/tas2023.online/public_html/tmp/3hn69l4qoa804.3g8shy2588w00.php:384] Base->{closure}()
Fri, 14 Feb 2025 22:19:34 -0500 [2603:9000:f801:55e2:f547:c672:f93b:ee9] [/home/u991737198/domains/tas2023.online/public_html/lib/base.php:3036] require('/home/u991737198/domains/tas2023.online/public_html/tmp/3hn69l4qoa804.3g8shy2588w00.php')
Fri, 14 Feb 2025 22:19:34 -0500 [2603:9000:f801:55e2:f547:c672:f93b:ee9] [/home/u991737198/domains/tas2023.online/public_html/lib/base.php:3281] View->sandbox()
Fri, 14 Feb 2025 22:19:34 -0500 [2603:9000:f801:55e2:f547:c672:f93b:ee9] [/home/u991737198/domains/tas2023.online/public_html/tmp/3hn69l4qoa804.3h31n1yj254w8.php:7] Preview->render()
Fri, 14 Feb 2025 22:19:34 -0500 [2603:9000:f801:55e2:f547:c672:f93b:ee9] [/home/u991737198/domains/tas2023.online/public_html/lib/base.php:3036] require('/home/u991737198/domains/tas2023.online/public_html/tmp/3hn69l4qoa804.3h31n1yj254w8.php')
Fri, 14 Feb 2025 22:19:34 -0500 [2603:9000:f801:55e2:f547:c672:f93b:ee9] [/home/u991737198/domains/tas2023.online/public_html/lib/base.php:3281] View->sandbox()
Fri, 14 Feb 2025 22:19:34 -0500 [2603:9000:f801:55e2:f547:c672:f93b:ee9] [/home/u991737198/domains/tas2023.online/public_html/app/controllers/Controller.php:87] Preview->render()
Fri, 14 Feb 2025 22:19:34 -0500 [2603:9000:f801:55e2:f547:c672:f93b:ee9] [/home/u991737198/domains/tas2023.online/public_html/lib/base.php:2078] Controller->afterroute()
Fri, 14 Feb 2025 22:19:34 -0500 [2603:9000:f801:55e2:f547:c672:f93b:ee9] [/home/u991737198/domains/tas2023.online/public_html/lib/base.php:1871] Base->call()
Fri, 14 Feb 2025 22:19:34 -0500 [2603:9000:f801:55e2:f547:c672:f93b:ee9] [/home/u991737198/domains/tas2023.online/public_html/index.php:19] Base->run()
Fri, 14 Feb 2025 22:22:01 -0500 [2603:9000:f801:55e2:f547:c672:f93b:ee9] 500: Undefined variable $selected_note trace: [/home/u991737198/domains/tas2023.online/public_html/tmp/3hn69l4qoa804.3g8shy2588w00.php:384]
Fri, 14 Feb 2025 22:22:01 -0500 [2603:9000:f801:55e2:f547:c672:f93b:ee9] [/home/u991737198/domains/tas2023.online/public_html/tmp/3hn69l4qoa804.3g8shy2588w00.php:384] Base->{closure}()
Fri, 14 Feb 2025 22:22:01 -0500 [2603:9000:f801:55e2:f547:c672:f93b:ee9] [/home/u991737198/domains/tas2023.online/public_html/lib/base.php:3036] require('/home/u991737198/domains/tas2023.online/public_html/tmp/3hn69l4qoa804.3g8shy2588w00.php')
Fri, 14 Feb 2025 22:22:01 -0500 [2603:9000:f801:55e2:f547:c672:f93b:ee9] [/home/u991737198/domains/tas2023.online/public_html/lib/base.php:3281] View->sandbox()
Fri, 14 Feb 2025 22:22:01 -0500 [2603:9000:f801:55e2:f547:c672:f93b:ee9] [/home/u991737198/domains/tas2023.online/public_html/tmp/3hn69l4qoa804.3h31n1yj254w8.php:7] Preview->render()
Fri, 14 Feb 2025 22:22:01 -0500 [2603:9000:f801:55e2:f547:c672:f93b:ee9] [/home/u991737198/domains/tas2023.online/public_html/lib/base.php:3036] require('/home/u991737198/domains/tas2023.online/public_html/tmp/3hn69l4qoa804.3h31n1yj254w8.php')
Fri, 14 Feb 2025 22:22:01 -0500 [2603:9000:f801:55e2:f547:c672:f93b:ee9] [/home/u991737198/domains/tas2023.online/public_html/lib/base.php:3281] View->sandbox()
Fri, 14 Feb 2025 22:22:01 -0500 [2603:9000:f801:55e2:f547:c672:f93b:ee9] [/home/u991737198/domains/tas2023.online/public_html/app/controllers/Controller.php:87] Preview->render()
Fri, 14 Feb 2025 22:22:01 -0500 [2603:9000:f801:55e2:f547:c672:f93b:ee9] [/home/u991737198/domains/tas2023.online/public_html/lib/base.php:2078] Controller->afterroute()
Fri, 14 Feb 2025 22:22:01 -0500 [2603:9000:f801:55e2:f547:c672:f93b:ee9] [/home/u991737198/domains/tas2023.online/public_html/lib/base.php:1871] Base->call()
Fri, 14 Feb 2025 22:22:01 -0500 [2603:9000:f801:55e2:f547:c672:f93b:ee9] [/home/u991737198/domains/tas2023.online/public_html/index.php:19] Base->run()
Fri, 14 Feb 2025 22:25:13 -0500 [2603:9000:f801:55e2:f547:c672:f93b:ee9] 500: Undefined variable $selected_note trace: [/home/u991737198/domains/tas2023.online/public_html/tmp/3hn69l4qoa804.3g8shy2588w00.php:403]
Fri, 14 Feb 2025 22:25:13 -0500 [2603:9000:f801:55e2:f547:c672:f93b:ee9] [/home/u991737198/domains/tas2023.online/public_html/tmp/3hn69l4qoa804.3g8shy2588w00.php:403] Base->{closure}()
Fri, 14 Feb 2025 22:25:13 -0500 [2603:9000:f801:55e2:f547:c672:f93b:ee9] [/home/u991737198/domains/tas2023.online/public_html/lib/base.php:3036] require('/home/u991737198/domains/tas2023.online/public_html/tmp/3hn69l4qoa804.3g8shy2588w00.php')
Fri, 14 Feb 2025 22:25:13 -0500 [2603:9000:f801:55e2:f547:c672:f93b:ee9] [/home/u991737198/domains/tas2023.online/public_html/lib/base.php:3281] View->sandbox()
Fri, 14 Feb 2025 22:25:13 -0500 [2603:9000:f801:55e2:f547:c672:f93b:ee9] [/home/u991737198/domains/tas2023.online/public_html/tmp/3hn69l4qoa804.3h31n1yj254w8.php:7] Preview->render()
Fri, 14 Feb 2025 22:25:13 -0500 [2603:9000:f801:55e2:f547:c672:f93b:ee9] [/home/u991737198/domains/tas2023.online/public_html/lib/base.php:3036] require('/home/u991737198/domains/tas2023.online/public_html/tmp/3hn69l4qoa804.3h31n1yj254w8.php')
Fri, 14 Feb 2025 22:25:13 -0500 [2603:9000:f801:55e2:f547:c672:f93b:ee9] [/home/u991737198/domains/tas2023.online/public_html/lib/base.php:3281] View->sandbox()
Fri, 14 Feb 2025 22:25:13 -0500 [2603:9000:f801:55e2:f547:c672:f93b:ee9] [/home/u991737198/domains/tas2023.online/public_html/app/controllers/Controller.php:87] Preview->render()
Fri, 14 Feb 2025 22:25:13 -0500 [2603:9000:f801:55e2:f547:c672:f93b:ee9] [/home/u991737198/domains/tas2023.online/public_html/lib/base.php:2078] Controller->afterroute()
Fri, 14 Feb 2025 22:25:13 -0500 [2603:9000:f801:55e2:f547:c672:f93b:ee9] [/home/u991737198/domains/tas2023.online/public_html/lib/base.php:1871] Base->call()
Fri, 14 Feb 2025 22:25:13 -0500 [2603:9000:f801:55e2:f547:c672:f93b:ee9] [/home/u991737198/domains/tas2023.online/public_html/index.php:19] Base->run()
Fri, 14 Feb 2025 22:26:55 -0500 [2603:9000:f801:55e2:f547:c672:f93b:ee9] 500: Undefined variable $selected_note trace: [/home/u991737198/domains/tas2023.online/public_html/tmp/3hn69l4qoa804.3g8shy2588w00.php:406]
Fri, 14 Feb 2025 22:26:55 -0500 [2603:9000:f801:55e2:f547:c672:f93b:ee9] [/home/u991737198/domains/tas2023.online/public_html/tmp/3hn69l4qoa804.3g8shy2588w00.php:406] Base->{closure}()
Fri, 14 Feb 2025 22:26:55 -0500 [2603:9000:f801:55e2:f547:c672:f93b:ee9] [/home/u991737198/domains/tas2023.online/public_html/lib/base.php:3036] require('/home/u991737198/domains/tas2023.online/public_html/tmp/3hn69l4qoa804.3g8shy2588w00.php')
Fri, 14 Feb 2025 22:26:55 -0500 [2603:9000:f801:55e2:f547:c672:f93b:ee9] [/home/u991737198/domains/tas2023.online/public_html/lib/base.php:3281] View->sandbox()
Fri, 14 Feb 2025 22:26:55 -0500 [2603:9000:f801:55e2:f547:c672:f93b:ee9] [/home/u991737198/domains/tas2023.online/public_html/tmp/3hn69l4qoa804.3h31n1yj254w8.php:7] Preview->render()
Fri, 14 Feb 2025 22:26:55 -0500 [2603:9000:f801:55e2:f547:c672:f93b:ee9] [/home/u991737198/domains/tas2023.online/public_html/lib/base.php:3036] require('/home/u991737198/domains/tas2023.online/public_html/tmp/3hn69l4qoa804.3h31n1yj254w8.php')
Fri, 14 Feb 2025 22:26:55 -0500 [2603:9000:f801:55e2:f547:c672:f93b:ee9] [/home/u991737198/domains/tas2023.online/public_html/lib/base.php:3281] View->sandbox()
Fri, 14 Feb 2025 22:26:55 -0500 [2603:9000:f801:55e2:f547:c672:f93b:ee9] [/home/u991737198/domains/tas2023.online/public_html/app/controllers/Controller.php:87] Preview->render()
Fri, 14 Feb 2025 22:26:55 -0500 [2603:9000:f801:55e2:f547:c672:f93b:ee9] [/home/u991737198/domains/tas2023.online/public_html/lib/base.php:2078] Controller->afterroute()
Fri, 14 Feb 2025 22:26:55 -0500 [2603:9000:f801:55e2:f547:c672:f93b:ee9] [/home/u991737198/domains/tas2023.online/public_html/lib/base.php:1871] Base->call()
Fri, 14 Feb 2025 22:26:55 -0500 [2603:9000:f801:55e2:f547:c672:f93b:ee9] [/home/u991737198/domains/tas2023.online/public_html/index.php:19] Base->run()
Fri, 14 Feb 2025 22:28:42 -0500 [2603:9000:f801:55e2:f547:c672:f93b:ee9] 500: Undefined variable $selected_note trace: [/home/u991737198/domains/tas2023.online/public_html/tmp/3hn69l4qoa804.3g8shy2588w00.php:387]
Fri, 14 Feb 2025 22:28:42 -0500 [2603:9000:f801:55e2:f547:c672:f93b:ee9] [/home/u991737198/domains/tas2023.online/public_html/tmp/3hn69l4qoa804.3g8shy2588w00.php:387] Base->{closure}()
Fri, 14 Feb 2025 22:28:42 -0500 [2603:9000:f801:55e2:f547:c672:f93b:ee9] [/home/u991737198/domains/tas2023.online/public_html/lib/base.php:3036] require('/home/u991737198/domains/tas2023.online/public_html/tmp/3hn69l4qoa804.3g8shy2588w00.php')
Fri, 14 Feb 2025 22:28:42 -0500 [2603:9000:f801:55e2:f547:c672:f93b:ee9] [/home/u991737198/domains/tas2023.online/public_html/lib/base.php:3281] View->sandbox()
Fri, 14 Feb 2025 22:28:42 -0500 [2603:9000:f801:55e2:f547:c672:f93b:ee9] [/home/u991737198/domains/tas2023.online/public_html/tmp/3hn69l4qoa804.3h31n1yj254w8.php:7] Preview->render()
Fri, 14 Feb 2025 22:28:42 -0500 [2603:9000:f801:55e2:f547:c672:f93b:ee9] [/home/u991737198/domains/tas2023.online/public_html/lib/base.php:3036] require('/home/u991737198/domains/tas2023.online/public_html/tmp/3hn69l4qoa804.3h31n1yj254w8.php')
Fri, 14 Feb 2025 22:28:42 -0500 [2603:9000:f801:55e2:f547:c672:f93b:ee9] [/home/u991737198/domains/tas2023.online/public_html/lib/base.php:3281] View->sandbox()
Fri, 14 Feb 2025 22:28:42 -0500 [2603:9000:f801:55e2:f547:c672:f93b:ee9] [/home/u991737198/domains/tas2023.online/public_html/app/controllers/Controller.php:87] Preview->render()
Fri, 14 Feb 2025 22:28:42 -0500 [2603:9000:f801:55e2:f547:c672:f93b:ee9] [/home/u991737198/domains/tas2023.online/public_html/lib/base.php:2078] Controller->afterroute()
Fri, 14 Feb 2025 22:28:42 -0500 [2603:9000:f801:55e2:f547:c672:f93b:ee9] [/home/u991737198/domains/tas2023.online/public_html/lib/base.php:1871] Base->call()
Fri, 14 Feb 2025 22:28:42 -0500 [2603:9000:f801:55e2:f547:c672:f93b:ee9] [/home/u991737198/domains/tas2023.online/public_html/index.php:19] Base->run()
Fri, 14 Feb 2025 22:32:19 -0500 [2603:9000:f801:55e2:f547:c672:f93b:ee9] 500: Undefined variable $entity_num trace: [tmp/3hn69l4qoa804.man4oes5p0l2.php:177]
Fri, 14 Feb 2025 22:32:19 -0500 [2603:9000:f801:55e2:f547:c672:f93b:ee9] [tmp/3hn69l4qoa804.man4oes5p0l2.php:177] Base->{closure}()
Fri, 14 Feb 2025 22:32:19 -0500 [2603:9000:f801:55e2:f547:c672:f93b:ee9] [lib/base.php:3036] require('/home/u991737198/domains/tas2023.online/public_html/tmp/3hn69l4qoa804.man4oes5p0l2.php')
Fri, 14 Feb 2025 22:32:19 -0500 [2603:9000:f801:55e2:f547:c672:f93b:ee9] [lib/base.php:3281] View->sandbox()
Fri, 14 Feb 2025 22:32:19 -0500 [2603:9000:f801:55e2:f547:c672:f93b:ee9] [tmp/3hn69l4qoa804.3h31n1yj254w8.php:7] Preview->render()
Fri, 14 Feb 2025 22:32:19 -0500 [2603:9000:f801:55e2:f547:c672:f93b:ee9] [lib/base.php:3036] require('/home/u991737198/domains/tas2023.online/public_html/tmp/3hn69l4qoa804.3h31n1yj254w8.php')
Fri, 14 Feb 2025 22:32:19 -0500 [2603:9000:f801:55e2:f547:c672:f93b:ee9] [lib/base.php:3281] View->sandbox()
Fri, 14 Feb 2025 22:32:19 -0500 [2603:9000:f801:55e2:f547:c672:f93b:ee9] [app/controllers/Controller.php:87] Preview->render()
Fri, 14 Feb 2025 22:32:19 -0500 [2603:9000:f801:55e2:f547:c672:f93b:ee9] [lib/base.php:2078] Controller->afterroute()
Fri, 14 Feb 2025 22:32:19 -0500 [2603:9000:f801:55e2:f547:c672:f93b:ee9] [lib/base.php:1871] Base->call()
Fri, 14 Feb 2025 22:32:19 -0500 [2603:9000:f801:55e2:f547:c672:f93b:ee9] [index.php:19] Base->run()
Fri, 14 Feb 2025 22:32:28 -0500 [2603:9000:f801:55e2:f547:c672:f93b:ee9] 500: Undefined variable $selected_note trace: [/home/u991737198/domains/tas2023.online/public_html/tmp/3hn69l4qoa804.3g8shy2588w00.php:387]
Fri, 14 Feb 2025 22:32:28 -0500 [2603:9000:f801:55e2:f547:c672:f93b:ee9] [/home/u991737198/domains/tas2023.online/public_html/tmp/3hn69l4qoa804.3g8shy2588w00.php:387] Base->{closure}()
Fri, 14 Feb 2025 22:32:28 -0500 [2603:9000:f801:55e2:f547:c672:f93b:ee9] [/home/u991737198/domains/tas2023.online/public_html/lib/base.php:3036] require('/home/u991737198/domains/tas2023.online/public_html/tmp/3hn69l4qoa804.3g8shy2588w00.php')
Fri, 14 Feb 2025 22:32:28 -0500 [2603:9000:f801:55e2:f547:c672:f93b:ee9] [/home/u991737198/domains/tas2023.online/public_html/lib/base.php:3281] View->sandbox()
Fri, 14 Feb 2025 22:32:28 -0500 [2603:9000:f801:55e2:f547:c672:f93b:ee9] [/home/u991737198/domains/tas2023.online/public_html/tmp/3hn69l4qoa804.3h31n1yj254w8.php:7] Preview->render()
Fri, 14 Feb 2025 22:32:28 -0500 [2603:9000:f801:55e2:f547:c672:f93b:ee9] [/home/u991737198/domains/tas2023.online/public_html/lib/base.php:3036] require('/home/u991737198/domains/tas2023.online/public_html/tmp/3hn69l4qoa804.3h31n1yj254w8.php')
Fri, 14 Feb 2025 22:32:28 -0500 [2603:9000:f801:55e2:f547:c672:f93b:ee9] [/home/u991737198/domains/tas2023.online/public_html/lib/base.php:3281] View->sandbox()
Fri, 14 Feb 2025 22:32:28 -0500 [2603:9000:f801:55e2:f547:c672:f93b:ee9] [/home/u991737198/domains/tas2023.online/public_html/app/controllers/Controller.php:87] Preview->render()
Fri, 14 Feb 2025 22:32:28 -0500 [2603:9000:f801:55e2:f547:c672:f93b:ee9] [/home/u991737198/domains/tas2023.online/public_html/lib/base.php:2078] Controller->afterroute()
Fri, 14 Feb 2025 22:32:28 -0500 [2603:9000:f801:55e2:f547:c672:f93b:ee9] [/home/u991737198/domains/tas2023.online/public_html/lib/base.php:1871] Base->call()
Fri, 14 Feb 2025 22:32:28 -0500 [2603:9000:f801:55e2:f547:c672:f93b:ee9] [/home/u991737198/domains/tas2023.online/public_html/index.php:19] Base->run()
