Tue, 11 Feb 2025 15:20:59 -0500 [2600:1006:b06e:b272:2974:28f3:9bc:5d82] 401: HTTP 401 (GET /task/taskData) trace: [/home/u991737198/domains/tas2023.online/public_html/lib/access.php:112] Base->error()
Tue, 11 Feb 2025 15:20:59 -0500 [2600:1006:b06e:b272:2974:28f3:9bc:5d82] 401: HTTP 401 (GET /task/teamProductivity) trace: [/home/u991737198/domains/tas2023.online/public_html/lib/access.php:112] Base->error()
Tue, 11 Feb 2025 15:20:59 -0500 [2600:1006:b06e:b272:2974:28f3:9bc:5d82] 401: HTTP 401 (GET /task/taskDistribution) trace: [/home/u991737198/domains/tas2023.online/public_html/lib/access.php:112] Base->error()
Tue, 11 Feb 2025 15:20:59 -0500 [2600:1006:b06e:b272:2974:28f3:9bc:5d82] [/home/u991737198/domains/tas2023.online/public_html/app/controllers/Controller.php:78] Access->authorize()
Tue, 11 Feb 2025 15:20:59 -0500 [2600:1006:b06e:b272:2974:28f3:9bc:5d82] [/home/u991737198/domains/tas2023.online/public_html/app/controllers/Controller.php:78] Access->authorize()
Tue, 11 Feb 2025 15:20:59 -0500 [2600:1006:b06e:b272:2974:28f3:9bc:5d82] [/home/u991737198/domains/tas2023.online/public_html/app/controllers/Controller.php:78] Access->authorize()
Tue, 11 Feb 2025 15:20:59 -0500 [2600:1006:b06e:b272:2974:28f3:9bc:5d82] [/home/u991737198/domains/tas2023.online/public_html/lib/base.php:2069] Controller->beforeroute()
Tue, 11 Feb 2025 15:20:59 -0500 [2600:1006:b06e:b272:2974:28f3:9bc:5d82] [/home/u991737198/domains/tas2023.online/public_html/lib/base.php:2069] Controller->beforeroute()
Tue, 11 Feb 2025 15:20:59 -0500 [2600:1006:b06e:b272:2974:28f3:9bc:5d82] [/home/u991737198/domains/tas2023.online/public_html/lib/base.php:2069] Controller->beforeroute()
Tue, 11 Feb 2025 15:20:59 -0500 [2600:1006:b06e:b272:2974:28f3:9bc:5d82] [/home/u991737198/domains/tas2023.online/public_html/lib/base.php:1871] Base->call()
Tue, 11 Feb 2025 15:20:59 -0500 [2600:1006:b06e:b272:2974:28f3:9bc:5d82] [/home/u991737198/domains/tas2023.online/public_html/lib/base.php:1871] Base->call()
Tue, 11 Feb 2025 15:20:59 -0500 [2600:1006:b06e:b272:2974:28f3:9bc:5d82] [/home/u991737198/domains/tas2023.online/public_html/lib/base.php:1871] Base->call()
Tue, 11 Feb 2025 15:20:59 -0500 [2600:1006:b06e:b272:2974:28f3:9bc:5d82] [/home/u991737198/domains/tas2023.online/public_html/index.php:19] Base->run()
Tue, 11 Feb 2025 15:20:59 -0500 [2600:1006:b06e:b272:2974:28f3:9bc:5d82] [/home/u991737198/domains/tas2023.online/public_html/index.php:19] Base->run()
Tue, 11 Feb 2025 15:20:59 -0500 [2600:1006:b06e:b272:2974:28f3:9bc:5d82] [/home/u991737198/domains/tas2023.online/public_html/index.php:19] Base->run()
Tue, 11 Feb 2025 15:21:24 -0500 [2600:1006:b06e:b272:2974:28f3:9bc:5d82] 500: Undefined variable $entity_num trace: [tmp/3hn69l4qoa804.1zo7dt0fljr4w.php:200]
Tue, 11 Feb 2025 15:21:24 -0500 [2600:1006:b06e:b272:2974:28f3:9bc:5d82] [tmp/3hn69l4qoa804.1zo7dt0fljr4w.php:200] Base->{closure}()
Tue, 11 Feb 2025 15:21:24 -0500 [2600:1006:b06e:b272:2974:28f3:9bc:5d82] [lib/base.php:3036] require('/home/u991737198/domains/tas2023.online/public_html/tmp/3hn69l4qoa804.1zo7dt0fljr4w.php')
Tue, 11 Feb 2025 15:21:24 -0500 [2600:1006:b06e:b272:2974:28f3:9bc:5d82] [lib/base.php:3281] View->sandbox()
Tue, 11 Feb 2025 15:21:24 -0500 [2600:1006:b06e:b272:2974:28f3:9bc:5d82] [tmp/3hn69l4qoa804.3h31n1yj254w8.php:7] Preview->render()
Tue, 11 Feb 2025 15:21:24 -0500 [2600:1006:b06e:b272:2974:28f3:9bc:5d82] [lib/base.php:3036] require('/home/u991737198/domains/tas2023.online/public_html/tmp/3hn69l4qoa804.3h31n1yj254w8.php')
Tue, 11 Feb 2025 15:21:24 -0500 [2600:1006:b06e:b272:2974:28f3:9bc:5d82] [lib/base.php:3281] View->sandbox()
Tue, 11 Feb 2025 15:21:24 -0500 [2600:1006:b06e:b272:2974:28f3:9bc:5d82] [app/controllers/Controller.php:87] Preview->render()
Tue, 11 Feb 2025 15:21:24 -0500 [2600:1006:b06e:b272:2974:28f3:9bc:5d82] [lib/base.php:2078] Controller->afterroute()
Tue, 11 Feb 2025 15:21:24 -0500 [2600:1006:b06e:b272:2974:28f3:9bc:5d82] [lib/base.php:1871] Base->call()
Tue, 11 Feb 2025 15:21:24 -0500 [2600:1006:b06e:b272:2974:28f3:9bc:5d82] [index.php:19] Base->run()
Tue, 11 Feb 2025 15:21:32 -0500 [2600:1006:b06e:b272:2974:28f3:9bc:5d82] 500: Undefined variable $entity_num trace: [tmp/3hn69l4qoa804.1zo7dt0fljr4w.php:200]
Tue, 11 Feb 2025 15:21:32 -0500 [2600:1006:b06e:b272:2974:28f3:9bc:5d82] [tmp/3hn69l4qoa804.1zo7dt0fljr4w.php:200] Base->{closure}()
Tue, 11 Feb 2025 15:21:32 -0500 [2600:1006:b06e:b272:2974:28f3:9bc:5d82] [lib/base.php:3036] require('/home/u991737198/domains/tas2023.online/public_html/tmp/3hn69l4qoa804.1zo7dt0fljr4w.php')
Tue, 11 Feb 2025 15:21:32 -0500 [2600:1006:b06e:b272:2974:28f3:9bc:5d82] [lib/base.php:3281] View->sandbox()
Tue, 11 Feb 2025 15:21:32 -0500 [2600:1006:b06e:b272:2974:28f3:9bc:5d82] [tmp/3hn69l4qoa804.3h31n1yj254w8.php:7] Preview->render()
Tue, 11 Feb 2025 15:21:32 -0500 [2600:1006:b06e:b272:2974:28f3:9bc:5d82] [lib/base.php:3036] require('/home/u991737198/domains/tas2023.online/public_html/tmp/3hn69l4qoa804.3h31n1yj254w8.php')
Tue, 11 Feb 2025 15:21:32 -0500 [2600:1006:b06e:b272:2974:28f3:9bc:5d82] [lib/base.php:3281] View->sandbox()
Tue, 11 Feb 2025 15:21:32 -0500 [2600:1006:b06e:b272:2974:28f3:9bc:5d82] [app/controllers/Controller.php:87] Preview->render()
Tue, 11 Feb 2025 15:21:32 -0500 [2600:1006:b06e:b272:2974:28f3:9bc:5d82] [lib/base.php:2078] Controller->afterroute()
Tue, 11 Feb 2025 15:21:32 -0500 [2600:1006:b06e:b272:2974:28f3:9bc:5d82] [lib/base.php:1871] Base->call()
Tue, 11 Feb 2025 15:21:32 -0500 [2600:1006:b06e:b272:2974:28f3:9bc:5d82] [index.php:19] Base->run()
Tue, 11 Feb 2025 19:11:05 -0500 [2600:1006:b06e:b272:2974:28f3:9bc:5d82] 500: Undefined variable $entity_num trace: [tmp/3hn69l4qoa804.1zo7dt0fljr4w.php:200]
Tue, 11 Feb 2025 19:11:05 -0500 [2600:1006:b06e:b272:2974:28f3:9bc:5d82] [tmp/3hn69l4qoa804.1zo7dt0fljr4w.php:200] Base->{closure}()
Tue, 11 Feb 2025 19:11:05 -0500 [2600:1006:b06e:b272:2974:28f3:9bc:5d82] [lib/base.php:3036] require('/home/u991737198/domains/tas2023.online/public_html/tmp/3hn69l4qoa804.1zo7dt0fljr4w.php')
Tue, 11 Feb 2025 19:11:05 -0500 [2600:1006:b06e:b272:2974:28f3:9bc:5d82] [lib/base.php:3281] View->sandbox()
Tue, 11 Feb 2025 19:11:05 -0500 [2600:1006:b06e:b272:2974:28f3:9bc:5d82] [tmp/3hn69l4qoa804.3h31n1yj254w8.php:7] Preview->render()
Tue, 11 Feb 2025 19:11:05 -0500 [2600:1006:b06e:b272:2974:28f3:9bc:5d82] [lib/base.php:3036] require('/home/u991737198/domains/tas2023.online/public_html/tmp/3hn69l4qoa804.3h31n1yj254w8.php')
Tue, 11 Feb 2025 19:11:05 -0500 [2600:1006:b06e:b272:2974:28f3:9bc:5d82] [lib/base.php:3281] View->sandbox()
Tue, 11 Feb 2025 19:11:05 -0500 [2600:1006:b06e:b272:2974:28f3:9bc:5d82] [app/controllers/Controller.php:87] Preview->render()
Tue, 11 Feb 2025 19:11:05 -0500 [2600:1006:b06e:b272:2974:28f3:9bc:5d82] [lib/base.php:2078] Controller->afterroute()
Tue, 11 Feb 2025 19:11:05 -0500 [2600:1006:b06e:b272:2974:28f3:9bc:5d82] [lib/base.php:1871] Base->call()
Tue, 11 Feb 2025 19:11:05 -0500 [2600:1006:b06e:b272:2974:28f3:9bc:5d82] [index.php:19] Base->run()
Tue, 11 Feb 2025 19:12:36 -0500 [2600:1006:b06e:b272:2974:28f3:9bc:5d82] 500: Undefined variable $entity_num trace: [tmp/3hn69l4qoa804.1zo7dt0fljr4w.php:200]
Tue, 11 Feb 2025 19:12:36 -0500 [2600:1006:b06e:b272:2974:28f3:9bc:5d82] [tmp/3hn69l4qoa804.1zo7dt0fljr4w.php:200] Base->{closure}()
Tue, 11 Feb 2025 19:12:36 -0500 [2600:1006:b06e:b272:2974:28f3:9bc:5d82] [lib/base.php:3036] require('/home/u991737198/domains/tas2023.online/public_html/tmp/3hn69l4qoa804.1zo7dt0fljr4w.php')
Tue, 11 Feb 2025 19:12:36 -0500 [2600:1006:b06e:b272:2974:28f3:9bc:5d82] [lib/base.php:3281] View->sandbox()
Tue, 11 Feb 2025 19:12:36 -0500 [2600:1006:b06e:b272:2974:28f3:9bc:5d82] [tmp/3hn69l4qoa804.3h31n1yj254w8.php:7] Preview->render()
Tue, 11 Feb 2025 19:12:36 -0500 [2600:1006:b06e:b272:2974:28f3:9bc:5d82] [lib/base.php:3036] require('/home/u991737198/domains/tas2023.online/public_html/tmp/3hn69l4qoa804.3h31n1yj254w8.php')
Tue, 11 Feb 2025 19:12:36 -0500 [2600:1006:b06e:b272:2974:28f3:9bc:5d82] [lib/base.php:3281] View->sandbox()
Tue, 11 Feb 2025 19:12:36 -0500 [2600:1006:b06e:b272:2974:28f3:9bc:5d82] [app/controllers/Controller.php:87] Preview->render()
Tue, 11 Feb 2025 19:12:36 -0500 [2600:1006:b06e:b272:2974:28f3:9bc:5d82] [lib/base.php:2078] Controller->afterroute()
Tue, 11 Feb 2025 19:12:36 -0500 [2600:1006:b06e:b272:2974:28f3:9bc:5d82] [lib/base.php:1871] Base->call()
Tue, 11 Feb 2025 19:12:36 -0500 [2600:1006:b06e:b272:2974:28f3:9bc:5d82] [index.php:19] Base->run()
Tue, 11 Feb 2025 19:13:26 -0500 [2600:1006:b06e:b272:2974:28f3:9bc:5d82] 500: Undefined variable $token trace: [tmp/3hn69l4qoa804.2r4f9cgm96ecs.php:226]
Tue, 11 Feb 2025 19:13:26 -0500 [2600:1006:b06e:b272:2974:28f3:9bc:5d82] [tmp/3hn69l4qoa804.2r4f9cgm96ecs.php:226] Base->{closure}()
Tue, 11 Feb 2025 19:13:26 -0500 [2600:1006:b06e:b272:2974:28f3:9bc:5d82] [lib/base.php:3036] require('/home/u991737198/domains/tas2023.online/public_html/tmp/3hn69l4qoa804.2r4f9cgm96ecs.php')
Tue, 11 Feb 2025 19:13:26 -0500 [2600:1006:b06e:b272:2974:28f3:9bc:5d82] [lib/base.php:3281] View->sandbox()
Tue, 11 Feb 2025 19:13:26 -0500 [2600:1006:b06e:b272:2974:28f3:9bc:5d82] [tmp/3hn69l4qoa804.3h31n1yj254w8.php:7] Preview->render()
Tue, 11 Feb 2025 19:13:26 -0500 [2600:1006:b06e:b272:2974:28f3:9bc:5d82] [lib/base.php:3036] require('/home/u991737198/domains/tas2023.online/public_html/tmp/3hn69l4qoa804.3h31n1yj254w8.php')
Tue, 11 Feb 2025 19:13:26 -0500 [2600:1006:b06e:b272:2974:28f3:9bc:5d82] [lib/base.php:3281] View->sandbox()
Tue, 11 Feb 2025 19:13:26 -0500 [2600:1006:b06e:b272:2974:28f3:9bc:5d82] [app/controllers/Controller.php:87] Preview->render()
Tue, 11 Feb 2025 19:13:26 -0500 [2600:1006:b06e:b272:2974:28f3:9bc:5d82] [lib/base.php:2078] Controller->afterroute()
Tue, 11 Feb 2025 19:13:26 -0500 [2600:1006:b06e:b272:2974:28f3:9bc:5d82] [lib/base.php:1871] Base->call()
Tue, 11 Feb 2025 19:13:26 -0500 [2600:1006:b06e:b272:2974:28f3:9bc:5d82] [index.php:19] Base->run()
Tue, 11 Feb 2025 19:17:41 -0500 [2600:1006:b06e:b272:2974:28f3:9bc:5d82] 500: Undefined variable $count trace: [tmp/3hn69l4qoa804.man4oes5p0l2.php:136]
Tue, 11 Feb 2025 19:17:41 -0500 [2600:1006:b06e:b272:2974:28f3:9bc:5d82] [tmp/3hn69l4qoa804.man4oes5p0l2.php:136] Base->{closure}()
Tue, 11 Feb 2025 19:17:41 -0500 [2600:1006:b06e:b272:2974:28f3:9bc:5d82] [lib/base.php:3036] require('/home/u991737198/domains/tas2023.online/public_html/tmp/3hn69l4qoa804.man4oes5p0l2.php')
Tue, 11 Feb 2025 19:17:41 -0500 [2600:1006:b06e:b272:2974:28f3:9bc:5d82] [lib/base.php:3281] View->sandbox()
Tue, 11 Feb 2025 19:17:41 -0500 [2600:1006:b06e:b272:2974:28f3:9bc:5d82] [tmp/3hn69l4qoa804.3h31n1yj254w8.php:7] Preview->render()
Tue, 11 Feb 2025 19:17:41 -0500 [2600:1006:b06e:b272:2974:28f3:9bc:5d82] [lib/base.php:3036] require('/home/u991737198/domains/tas2023.online/public_html/tmp/3hn69l4qoa804.3h31n1yj254w8.php')
Tue, 11 Feb 2025 19:17:41 -0500 [2600:1006:b06e:b272:2974:28f3:9bc:5d82] [lib/base.php:3281] View->sandbox()
Tue, 11 Feb 2025 19:17:41 -0500 [2600:1006:b06e:b272:2974:28f3:9bc:5d82] [app/controllers/Controller.php:87] Preview->render()
Tue, 11 Feb 2025 19:17:41 -0500 [2600:1006:b06e:b272:2974:28f3:9bc:5d82] [lib/base.php:2078] Controller->afterroute()
Tue, 11 Feb 2025 19:17:41 -0500 [2600:1006:b06e:b272:2974:28f3:9bc:5d82] [lib/base.php:1871] Base->call()
Tue, 11 Feb 2025 19:17:41 -0500 [2600:1006:b06e:b272:2974:28f3:9bc:5d82] [index.php:19] Base->run()
Tue, 11 Feb 2025 19:17:48 -0500 [2600:1006:b06e:b272:2974:28f3:9bc:5d82] 500: Undefined variable $entity_num trace: [tmp/3hn69l4qoa804.1zo7dt0fljr4w.php:200]
Tue, 11 Feb 2025 19:17:48 -0500 [2600:1006:b06e:b272:2974:28f3:9bc:5d82] [tmp/3hn69l4qoa804.1zo7dt0fljr4w.php:200] Base->{closure}()
Tue, 11 Feb 2025 19:17:48 -0500 [2600:1006:b06e:b272:2974:28f3:9bc:5d82] [lib/base.php:3036] require('/home/u991737198/domains/tas2023.online/public_html/tmp/3hn69l4qoa804.1zo7dt0fljr4w.php')
Tue, 11 Feb 2025 19:17:48 -0500 [2600:1006:b06e:b272:2974:28f3:9bc:5d82] [lib/base.php:3281] View->sandbox()
Tue, 11 Feb 2025 19:17:48 -0500 [2600:1006:b06e:b272:2974:28f3:9bc:5d82] [tmp/3hn69l4qoa804.3h31n1yj254w8.php:7] Preview->render()
Tue, 11 Feb 2025 19:17:48 -0500 [2600:1006:b06e:b272:2974:28f3:9bc:5d82] [lib/base.php:3036] require('/home/u991737198/domains/tas2023.online/public_html/tmp/3hn69l4qoa804.3h31n1yj254w8.php')
Tue, 11 Feb 2025 19:17:48 -0500 [2600:1006:b06e:b272:2974:28f3:9bc:5d82] [lib/base.php:3281] View->sandbox()
Tue, 11 Feb 2025 19:17:48 -0500 [2600:1006:b06e:b272:2974:28f3:9bc:5d82] [app/controllers/Controller.php:87] Preview->render()
Tue, 11 Feb 2025 19:17:48 -0500 [2600:1006:b06e:b272:2974:28f3:9bc:5d82] [lib/base.php:2078] Controller->afterroute()
Tue, 11 Feb 2025 19:17:48 -0500 [2600:1006:b06e:b272:2974:28f3:9bc:5d82] [lib/base.php:1871] Base->call()
Tue, 11 Feb 2025 19:17:48 -0500 [2600:1006:b06e:b272:2974:28f3:9bc:5d82] [index.php:19] Base->run()
Tue, 11 Feb 2025 19:17:53 -0500 [2600:1006:b06e:b272:2974:28f3:9bc:5d82] 500: Undefined variable $entity_num trace: [tmp/3hn69l4qoa804.1zo7dt0fljr4w.php:200]
Tue, 11 Feb 2025 19:17:53 -0500 [2600:1006:b06e:b272:2974:28f3:9bc:5d82] [tmp/3hn69l4qoa804.1zo7dt0fljr4w.php:200] Base->{closure}()
Tue, 11 Feb 2025 19:17:53 -0500 [2600:1006:b06e:b272:2974:28f3:9bc:5d82] [lib/base.php:3036] require('/home/u991737198/domains/tas2023.online/public_html/tmp/3hn69l4qoa804.1zo7dt0fljr4w.php')
Tue, 11 Feb 2025 19:17:53 -0500 [2600:1006:b06e:b272:2974:28f3:9bc:5d82] [lib/base.php:3281] View->sandbox()
Tue, 11 Feb 2025 19:17:53 -0500 [2600:1006:b06e:b272:2974:28f3:9bc:5d82] [tmp/3hn69l4qoa804.3h31n1yj254w8.php:7] Preview->render()
Tue, 11 Feb 2025 19:17:53 -0500 [2600:1006:b06e:b272:2974:28f3:9bc:5d82] [lib/base.php:3036] require('/home/u991737198/domains/tas2023.online/public_html/tmp/3hn69l4qoa804.3h31n1yj254w8.php')
Tue, 11 Feb 2025 19:17:53 -0500 [2600:1006:b06e:b272:2974:28f3:9bc:5d82] [lib/base.php:3281] View->sandbox()
Tue, 11 Feb 2025 19:17:53 -0500 [2600:1006:b06e:b272:2974:28f3:9bc:5d82] [app/controllers/Controller.php:87] Preview->render()
Tue, 11 Feb 2025 19:17:53 -0500 [2600:1006:b06e:b272:2974:28f3:9bc:5d82] [lib/base.php:2078] Controller->afterroute()
Tue, 11 Feb 2025 19:17:53 -0500 [2600:1006:b06e:b272:2974:28f3:9bc:5d82] [lib/base.php:1871] Base->call()
Tue, 11 Feb 2025 19:17:53 -0500 [2600:1006:b06e:b272:2974:28f3:9bc:5d82] [index.php:19] Base->run()
Tue, 11 Feb 2025 19:17:55 -0500 [2600:1006:b06e:b272:2974:28f3:9bc:5d82] 500: Undefined variable $entity_num trace: [tmp/3hn69l4qoa804.man4oes5p0l2.php:176]
Tue, 11 Feb 2025 19:17:55 -0500 [2600:1006:b06e:b272:2974:28f3:9bc:5d82] [tmp/3hn69l4qoa804.man4oes5p0l2.php:176] Base->{closure}()
Tue, 11 Feb 2025 19:17:55 -0500 [2600:1006:b06e:b272:2974:28f3:9bc:5d82] [lib/base.php:3036] require('/home/u991737198/domains/tas2023.online/public_html/tmp/3hn69l4qoa804.man4oes5p0l2.php')
Tue, 11 Feb 2025 19:17:55 -0500 [2600:1006:b06e:b272:2974:28f3:9bc:5d82] [lib/base.php:3281] View->sandbox()
Tue, 11 Feb 2025 19:17:55 -0500 [2600:1006:b06e:b272:2974:28f3:9bc:5d82] [tmp/3hn69l4qoa804.3h31n1yj254w8.php:7] Preview->render()
Tue, 11 Feb 2025 19:17:55 -0500 [2600:1006:b06e:b272:2974:28f3:9bc:5d82] [lib/base.php:3036] require('/home/u991737198/domains/tas2023.online/public_html/tmp/3hn69l4qoa804.3h31n1yj254w8.php')
Tue, 11 Feb 2025 19:17:55 -0500 [2600:1006:b06e:b272:2974:28f3:9bc:5d82] [lib/base.php:3281] View->sandbox()
Tue, 11 Feb 2025 19:17:55 -0500 [2600:1006:b06e:b272:2974:28f3:9bc:5d82] [app/controllers/Controller.php:87] Preview->render()
Tue, 11 Feb 2025 19:17:55 -0500 [2600:1006:b06e:b272:2974:28f3:9bc:5d82] [lib/base.php:2078] Controller->afterroute()
Tue, 11 Feb 2025 19:17:55 -0500 [2600:1006:b06e:b272:2974:28f3:9bc:5d82] [lib/base.php:1871] Base->call()
Tue, 11 Feb 2025 19:17:55 -0500 [2600:1006:b06e:b272:2974:28f3:9bc:5d82] [index.php:19] Base->run()
Tue, 11 Feb 2025 19:18:49 -0500 [2600:1006:b06e:b272:2974:28f3:9bc:5d82] 500: Undefined variable $entity_num trace: [tmp/3hn69l4qoa804.man4oes5p0l2.php:176]
Tue, 11 Feb 2025 19:18:49 -0500 [2600:1006:b06e:b272:2974:28f3:9bc:5d82] [tmp/3hn69l4qoa804.man4oes5p0l2.php:176] Base->{closure}()
Tue, 11 Feb 2025 19:18:49 -0500 [2600:1006:b06e:b272:2974:28f3:9bc:5d82] [lib/base.php:3036] require('/home/u991737198/domains/tas2023.online/public_html/tmp/3hn69l4qoa804.man4oes5p0l2.php')
Tue, 11 Feb 2025 19:18:49 -0500 [2600:1006:b06e:b272:2974:28f3:9bc:5d82] [lib/base.php:3281] View->sandbox()
Tue, 11 Feb 2025 19:18:49 -0500 [2600:1006:b06e:b272:2974:28f3:9bc:5d82] [tmp/3hn69l4qoa804.3h31n1yj254w8.php:7] Preview->render()
Tue, 11 Feb 2025 19:18:49 -0500 [2600:1006:b06e:b272:2974:28f3:9bc:5d82] [lib/base.php:3036] require('/home/u991737198/domains/tas2023.online/public_html/tmp/3hn69l4qoa804.3h31n1yj254w8.php')
Tue, 11 Feb 2025 19:18:49 -0500 [2600:1006:b06e:b272:2974:28f3:9bc:5d82] [lib/base.php:3281] View->sandbox()
Tue, 11 Feb 2025 19:18:49 -0500 [2600:1006:b06e:b272:2974:28f3:9bc:5d82] [app/controllers/Controller.php:87] Preview->render()
Tue, 11 Feb 2025 19:18:49 -0500 [2600:1006:b06e:b272:2974:28f3:9bc:5d82] [lib/base.php:2078] Controller->afterroute()
Tue, 11 Feb 2025 19:18:49 -0500 [2600:1006:b06e:b272:2974:28f3:9bc:5d82] [lib/base.php:1871] Base->call()
Tue, 11 Feb 2025 19:18:49 -0500 [2600:1006:b06e:b272:2974:28f3:9bc:5d82] [index.php:19] Base->run()
Tue, 11 Feb 2025 19:19:12 -0500 [2600:1006:b06e:b272:2974:28f3:9bc:5d82] 500: Undefined variable $selected_note trace: [/home/u991737198/domains/tas2023.online/public_html/tmp/3hn69l4qoa804.3g8shy2588w00.php:363]
Tue, 11 Feb 2025 19:19:12 -0500 [2600:1006:b06e:b272:2974:28f3:9bc:5d82] [/home/u991737198/domains/tas2023.online/public_html/tmp/3hn69l4qoa804.3g8shy2588w00.php:363] Base->{closure}()
Tue, 11 Feb 2025 19:19:12 -0500 [2600:1006:b06e:b272:2974:28f3:9bc:5d82] [/home/u991737198/domains/tas2023.online/public_html/lib/base.php:3036] require('/home/u991737198/domains/tas2023.online/public_html/tmp/3hn69l4qoa804.3g8shy2588w00.php')
Tue, 11 Feb 2025 19:19:12 -0500 [2600:1006:b06e:b272:2974:28f3:9bc:5d82] [/home/u991737198/domains/tas2023.online/public_html/lib/base.php:3281] View->sandbox()
Tue, 11 Feb 2025 19:19:12 -0500 [2600:1006:b06e:b272:2974:28f3:9bc:5d82] [/home/u991737198/domains/tas2023.online/public_html/tmp/3hn69l4qoa804.3h31n1yj254w8.php:7] Preview->render()
Tue, 11 Feb 2025 19:19:12 -0500 [2600:1006:b06e:b272:2974:28f3:9bc:5d82] [/home/u991737198/domains/tas2023.online/public_html/lib/base.php:3036] require('/home/u991737198/domains/tas2023.online/public_html/tmp/3hn69l4qoa804.3h31n1yj254w8.php')
Tue, 11 Feb 2025 19:19:12 -0500 [2600:1006:b06e:b272:2974:28f3:9bc:5d82] [/home/u991737198/domains/tas2023.online/public_html/lib/base.php:3281] View->sandbox()
Tue, 11 Feb 2025 19:19:12 -0500 [2600:1006:b06e:b272:2974:28f3:9bc:5d82] [/home/u991737198/domains/tas2023.online/public_html/app/controllers/Controller.php:87] Preview->render()
Tue, 11 Feb 2025 19:19:12 -0500 [2600:1006:b06e:b272:2974:28f3:9bc:5d82] [/home/u991737198/domains/tas2023.online/public_html/lib/base.php:2078] Controller->afterroute()
Tue, 11 Feb 2025 19:19:12 -0500 [2600:1006:b06e:b272:2974:28f3:9bc:5d82] [/home/u991737198/domains/tas2023.online/public_html/lib/base.php:1871] Base->call()
Tue, 11 Feb 2025 19:19:12 -0500 [2600:1006:b06e:b272:2974:28f3:9bc:5d82] [/home/u991737198/domains/tas2023.online/public_html/index.php:19] Base->run()
Tue, 11 Feb 2025 19:19:20 -0500 [2600:1006:b06e:b272:2974:28f3:9bc:5d82] 500: Undefined variable $selected_note trace: [/home/u991737198/domains/tas2023.online/public_html/tmp/3hn69l4qoa804.3g8shy2588w00.php:363]
Tue, 11 Feb 2025 19:19:20 -0500 [2600:1006:b06e:b272:2974:28f3:9bc:5d82] [/home/u991737198/domains/tas2023.online/public_html/tmp/3hn69l4qoa804.3g8shy2588w00.php:363] Base->{closure}()
Tue, 11 Feb 2025 19:19:20 -0500 [2600:1006:b06e:b272:2974:28f3:9bc:5d82] [/home/u991737198/domains/tas2023.online/public_html/lib/base.php:3036] require('/home/u991737198/domains/tas2023.online/public_html/tmp/3hn69l4qoa804.3g8shy2588w00.php')
Tue, 11 Feb 2025 19:19:20 -0500 [2600:1006:b06e:b272:2974:28f3:9bc:5d82] [/home/u991737198/domains/tas2023.online/public_html/lib/base.php:3281] View->sandbox()
Tue, 11 Feb 2025 19:19:20 -0500 [2600:1006:b06e:b272:2974:28f3:9bc:5d82] [/home/u991737198/domains/tas2023.online/public_html/tmp/3hn69l4qoa804.3h31n1yj254w8.php:7] Preview->render()
Tue, 11 Feb 2025 19:19:20 -0500 [2600:1006:b06e:b272:2974:28f3:9bc:5d82] [/home/u991737198/domains/tas2023.online/public_html/lib/base.php:3036] require('/home/u991737198/domains/tas2023.online/public_html/tmp/3hn69l4qoa804.3h31n1yj254w8.php')
Tue, 11 Feb 2025 19:19:20 -0500 [2600:1006:b06e:b272:2974:28f3:9bc:5d82] [/home/u991737198/domains/tas2023.online/public_html/lib/base.php:3281] View->sandbox()
Tue, 11 Feb 2025 19:19:20 -0500 [2600:1006:b06e:b272:2974:28f3:9bc:5d82] [/home/u991737198/domains/tas2023.online/public_html/app/controllers/Controller.php:87] Preview->render()
Tue, 11 Feb 2025 19:19:20 -0500 [2600:1006:b06e:b272:2974:28f3:9bc:5d82] [/home/u991737198/domains/tas2023.online/public_html/lib/base.php:2078] Controller->afterroute()
Tue, 11 Feb 2025 19:19:20 -0500 [2600:1006:b06e:b272:2974:28f3:9bc:5d82] [/home/u991737198/domains/tas2023.online/public_html/lib/base.php:1871] Base->call()
Tue, 11 Feb 2025 19:19:20 -0500 [2600:1006:b06e:b272:2974:28f3:9bc:5d82] [/home/u991737198/domains/tas2023.online/public_html/index.php:19] Base->run()
Tue, 11 Feb 2025 19:19:52 -0500 [2600:1006:b06e:b272:2974:28f3:9bc:5d82] 500: Undefined variable $fechapicker trace: [/home/u991737198/domains/tas2023.online/public_html/tmp/3hn69l4qoa804.22phmm30e0u84.php:334]
Tue, 11 Feb 2025 19:19:52 -0500 [2600:1006:b06e:b272:2974:28f3:9bc:5d82] [/home/u991737198/domains/tas2023.online/public_html/tmp/3hn69l4qoa804.22phmm30e0u84.php:334] Base->{closure}()
Tue, 11 Feb 2025 19:19:52 -0500 [2600:1006:b06e:b272:2974:28f3:9bc:5d82] [/home/u991737198/domains/tas2023.online/public_html/lib/base.php:3036] require('/home/u991737198/domains/tas2023.online/public_html/tmp/3hn69l4qoa804.22phmm30e0u84.php')
Tue, 11 Feb 2025 19:19:52 -0500 [2600:1006:b06e:b272:2974:28f3:9bc:5d82] [/home/u991737198/domains/tas2023.online/public_html/lib/base.php:3281] View->sandbox()
Tue, 11 Feb 2025 19:19:52 -0500 [2600:1006:b06e:b272:2974:28f3:9bc:5d82] [/home/u991737198/domains/tas2023.online/public_html/tmp/3hn69l4qoa804.3h31n1yj254w8.php:7] Preview->render()
Tue, 11 Feb 2025 19:19:52 -0500 [2600:1006:b06e:b272:2974:28f3:9bc:5d82] [/home/u991737198/domains/tas2023.online/public_html/lib/base.php:3036] require('/home/u991737198/domains/tas2023.online/public_html/tmp/3hn69l4qoa804.3h31n1yj254w8.php')
Tue, 11 Feb 2025 19:19:52 -0500 [2600:1006:b06e:b272:2974:28f3:9bc:5d82] [/home/u991737198/domains/tas2023.online/public_html/lib/base.php:3281] View->sandbox()
Tue, 11 Feb 2025 19:19:52 -0500 [2600:1006:b06e:b272:2974:28f3:9bc:5d82] [/home/u991737198/domains/tas2023.online/public_html/app/controllers/Controller.php:87] Preview->render()
Tue, 11 Feb 2025 19:19:52 -0500 [2600:1006:b06e:b272:2974:28f3:9bc:5d82] [/home/u991737198/domains/tas2023.online/public_html/lib/base.php:2078] Controller->afterroute()
Tue, 11 Feb 2025 19:19:52 -0500 [2600:1006:b06e:b272:2974:28f3:9bc:5d82] [/home/u991737198/domains/tas2023.online/public_html/lib/base.php:1871] Base->call()
Tue, 11 Feb 2025 19:19:52 -0500 [2600:1006:b06e:b272:2974:28f3:9bc:5d82] [/home/u991737198/domains/tas2023.online/public_html/index.php:19] Base->run()
Tue, 11 Feb 2025 19:19:55 -0500 [2600:1006:b06e:b272:2974:28f3:9bc:5d82] 500: Undefined variable $fechapicker trace: [/home/u991737198/domains/tas2023.online/public_html/tmp/3hn69l4qoa804.22phmm30e0u84.php:334]
Tue, 11 Feb 2025 19:19:55 -0500 [2600:1006:b06e:b272:2974:28f3:9bc:5d82] [/home/u991737198/domains/tas2023.online/public_html/tmp/3hn69l4qoa804.22phmm30e0u84.php:334] Base->{closure}()
Tue, 11 Feb 2025 19:19:55 -0500 [2600:1006:b06e:b272:2974:28f3:9bc:5d82] [/home/u991737198/domains/tas2023.online/public_html/lib/base.php:3036] require('/home/u991737198/domains/tas2023.online/public_html/tmp/3hn69l4qoa804.22phmm30e0u84.php')
Tue, 11 Feb 2025 19:19:55 -0500 [2600:1006:b06e:b272:2974:28f3:9bc:5d82] [/home/u991737198/domains/tas2023.online/public_html/lib/base.php:3281] View->sandbox()
Tue, 11 Feb 2025 19:19:55 -0500 [2600:1006:b06e:b272:2974:28f3:9bc:5d82] [/home/u991737198/domains/tas2023.online/public_html/tmp/3hn69l4qoa804.3h31n1yj254w8.php:7] Preview->render()
Tue, 11 Feb 2025 19:19:55 -0500 [2600:1006:b06e:b272:2974:28f3:9bc:5d82] [/home/u991737198/domains/tas2023.online/public_html/lib/base.php:3036] require('/home/u991737198/domains/tas2023.online/public_html/tmp/3hn69l4qoa804.3h31n1yj254w8.php')
Tue, 11 Feb 2025 19:19:55 -0500 [2600:1006:b06e:b272:2974:28f3:9bc:5d82] [/home/u991737198/domains/tas2023.online/public_html/lib/base.php:3281] View->sandbox()
Tue, 11 Feb 2025 19:19:55 -0500 [2600:1006:b06e:b272:2974:28f3:9bc:5d82] [/home/u991737198/domains/tas2023.online/public_html/app/controllers/Controller.php:87] Preview->render()
Tue, 11 Feb 2025 19:19:55 -0500 [2600:1006:b06e:b272:2974:28f3:9bc:5d82] [/home/u991737198/domains/tas2023.online/public_html/lib/base.php:2078] Controller->afterroute()
Tue, 11 Feb 2025 19:19:55 -0500 [2600:1006:b06e:b272:2974:28f3:9bc:5d82] [/home/u991737198/domains/tas2023.online/public_html/lib/base.php:1871] Base->call()
Tue, 11 Feb 2025 19:19:55 -0500 [2600:1006:b06e:b272:2974:28f3:9bc:5d82] [/home/u991737198/domains/tas2023.online/public_html/index.php:19] Base->run()
Tue, 11 Feb 2025 19:20:03 -0500 [2600:1006:b06e:b272:2974:28f3:9bc:5d82] 500: Undefined variable $entity_num trace: [tmp/3hn69l4qoa804.1zo7dt0fljr4w.php:200]
Tue, 11 Feb 2025 19:20:03 -0500 [2600:1006:b06e:b272:2974:28f3:9bc:5d82] [tmp/3hn69l4qoa804.1zo7dt0fljr4w.php:200] Base->{closure}()
Tue, 11 Feb 2025 19:20:03 -0500 [2600:1006:b06e:b272:2974:28f3:9bc:5d82] [lib/base.php:3036] require('/home/u991737198/domains/tas2023.online/public_html/tmp/3hn69l4qoa804.1zo7dt0fljr4w.php')
Tue, 11 Feb 2025 19:20:03 -0500 [2600:1006:b06e:b272:2974:28f3:9bc:5d82] [lib/base.php:3281] View->sandbox()
Tue, 11 Feb 2025 19:20:03 -0500 [2600:1006:b06e:b272:2974:28f3:9bc:5d82] [tmp/3hn69l4qoa804.3h31n1yj254w8.php:7] Preview->render()
Tue, 11 Feb 2025 19:20:03 -0500 [2600:1006:b06e:b272:2974:28f3:9bc:5d82] [lib/base.php:3036] require('/home/u991737198/domains/tas2023.online/public_html/tmp/3hn69l4qoa804.3h31n1yj254w8.php')
Tue, 11 Feb 2025 19:20:03 -0500 [2600:1006:b06e:b272:2974:28f3:9bc:5d82] [lib/base.php:3281] View->sandbox()
Tue, 11 Feb 2025 19:20:03 -0500 [2600:1006:b06e:b272:2974:28f3:9bc:5d82] [app/controllers/Controller.php:87] Preview->render()
Tue, 11 Feb 2025 19:20:03 -0500 [2600:1006:b06e:b272:2974:28f3:9bc:5d82] [lib/base.php:2078] Controller->afterroute()
Tue, 11 Feb 2025 19:20:03 -0500 [2600:1006:b06e:b272:2974:28f3:9bc:5d82] [lib/base.php:1871] Base->call()
Tue, 11 Feb 2025 19:20:03 -0500 [2600:1006:b06e:b272:2974:28f3:9bc:5d82] [index.php:19] Base->run()
Tue, 11 Feb 2025 19:20:11 -0500 [2600:1006:b06e:b272:2974:28f3:9bc:5d82] 500: Undefined variable $entity_num trace: [tmp/3hn69l4qoa804.1zo7dt0fljr4w.php:200]
Tue, 11 Feb 2025 19:20:11 -0500 [2600:1006:b06e:b272:2974:28f3:9bc:5d82] [tmp/3hn69l4qoa804.1zo7dt0fljr4w.php:200] Base->{closure}()
Tue, 11 Feb 2025 19:20:11 -0500 [2600:1006:b06e:b272:2974:28f3:9bc:5d82] [lib/base.php:3036] require('/home/u991737198/domains/tas2023.online/public_html/tmp/3hn69l4qoa804.1zo7dt0fljr4w.php')
Tue, 11 Feb 2025 19:20:11 -0500 [2600:1006:b06e:b272:2974:28f3:9bc:5d82] [lib/base.php:3281] View->sandbox()
Tue, 11 Feb 2025 19:20:11 -0500 [2600:1006:b06e:b272:2974:28f3:9bc:5d82] [tmp/3hn69l4qoa804.3h31n1yj254w8.php:7] Preview->render()
Tue, 11 Feb 2025 19:20:11 -0500 [2600:1006:b06e:b272:2974:28f3:9bc:5d82] [lib/base.php:3036] require('/home/u991737198/domains/tas2023.online/public_html/tmp/3hn69l4qoa804.3h31n1yj254w8.php')
Tue, 11 Feb 2025 19:20:11 -0500 [2600:1006:b06e:b272:2974:28f3:9bc:5d82] [lib/base.php:3281] View->sandbox()
Tue, 11 Feb 2025 19:20:11 -0500 [2600:1006:b06e:b272:2974:28f3:9bc:5d82] [app/controllers/Controller.php:87] Preview->render()
Tue, 11 Feb 2025 19:20:11 -0500 [2600:1006:b06e:b272:2974:28f3:9bc:5d82] [lib/base.php:2078] Controller->afterroute()
Tue, 11 Feb 2025 19:20:11 -0500 [2600:1006:b06e:b272:2974:28f3:9bc:5d82] [lib/base.php:1871] Base->call()
Tue, 11 Feb 2025 19:20:11 -0500 [2600:1006:b06e:b272:2974:28f3:9bc:5d82] [index.php:19] Base->run()
Tue, 11 Feb 2025 19:20:15 -0500 [2600:1006:b06e:b272:2974:28f3:9bc:5d82] 500: Undefined variable $fechapicker trace: [/home/u991737198/domains/tas2023.online/public_html/tmp/3hn69l4qoa804.22phmm30e0u84.php:334]
Tue, 11 Feb 2025 19:20:15 -0500 [2600:1006:b06e:b272:2974:28f3:9bc:5d82] [/home/u991737198/domains/tas2023.online/public_html/tmp/3hn69l4qoa804.22phmm30e0u84.php:334] Base->{closure}()
Tue, 11 Feb 2025 19:20:15 -0500 [2600:1006:b06e:b272:2974:28f3:9bc:5d82] [/home/u991737198/domains/tas2023.online/public_html/lib/base.php:3036] require('/home/u991737198/domains/tas2023.online/public_html/tmp/3hn69l4qoa804.22phmm30e0u84.php')
Tue, 11 Feb 2025 19:20:15 -0500 [2600:1006:b06e:b272:2974:28f3:9bc:5d82] [/home/u991737198/domains/tas2023.online/public_html/lib/base.php:3281] View->sandbox()
Tue, 11 Feb 2025 19:20:15 -0500 [2600:1006:b06e:b272:2974:28f3:9bc:5d82] [/home/u991737198/domains/tas2023.online/public_html/tmp/3hn69l4qoa804.3h31n1yj254w8.php:7] Preview->render()
Tue, 11 Feb 2025 19:20:15 -0500 [2600:1006:b06e:b272:2974:28f3:9bc:5d82] [/home/u991737198/domains/tas2023.online/public_html/lib/base.php:3036] require('/home/u991737198/domains/tas2023.online/public_html/tmp/3hn69l4qoa804.3h31n1yj254w8.php')
Tue, 11 Feb 2025 19:20:15 -0500 [2600:1006:b06e:b272:2974:28f3:9bc:5d82] [/home/u991737198/domains/tas2023.online/public_html/lib/base.php:3281] View->sandbox()
Tue, 11 Feb 2025 19:20:15 -0500 [2600:1006:b06e:b272:2974:28f3:9bc:5d82] [/home/u991737198/domains/tas2023.online/public_html/app/controllers/Controller.php:87] Preview->render()
Tue, 11 Feb 2025 19:20:15 -0500 [2600:1006:b06e:b272:2974:28f3:9bc:5d82] [/home/u991737198/domains/tas2023.online/public_html/lib/base.php:2078] Controller->afterroute()
Tue, 11 Feb 2025 19:20:15 -0500 [2600:1006:b06e:b272:2974:28f3:9bc:5d82] [/home/u991737198/domains/tas2023.online/public_html/lib/base.php:1871] Base->call()
Tue, 11 Feb 2025 19:20:15 -0500 [2600:1006:b06e:b272:2974:28f3:9bc:5d82] [/home/u991737198/domains/tas2023.online/public_html/index.php:19] Base->run()
Tue, 11 Feb 2025 19:20:17 -0500 [2600:1006:b06e:b272:2974:28f3:9bc:5d82] 500: Undefined variable $fechapicker trace: [/home/u991737198/domains/tas2023.online/public_html/tmp/3hn69l4qoa804.22phmm30e0u84.php:334]
Tue, 11 Feb 2025 19:20:17 -0500 [2600:1006:b06e:b272:2974:28f3:9bc:5d82] [/home/u991737198/domains/tas2023.online/public_html/tmp/3hn69l4qoa804.22phmm30e0u84.php:334] Base->{closure}()
Tue, 11 Feb 2025 19:20:17 -0500 [2600:1006:b06e:b272:2974:28f3:9bc:5d82] [/home/u991737198/domains/tas2023.online/public_html/lib/base.php:3036] require('/home/u991737198/domains/tas2023.online/public_html/tmp/3hn69l4qoa804.22phmm30e0u84.php')
Tue, 11 Feb 2025 19:20:17 -0500 [2600:1006:b06e:b272:2974:28f3:9bc:5d82] [/home/u991737198/domains/tas2023.online/public_html/lib/base.php:3281] View->sandbox()
Tue, 11 Feb 2025 19:20:17 -0500 [2600:1006:b06e:b272:2974:28f3:9bc:5d82] [/home/u991737198/domains/tas2023.online/public_html/tmp/3hn69l4qoa804.3h31n1yj254w8.php:7] Preview->render()
Tue, 11 Feb 2025 19:20:17 -0500 [2600:1006:b06e:b272:2974:28f3:9bc:5d82] [/home/u991737198/domains/tas2023.online/public_html/lib/base.php:3036] require('/home/u991737198/domains/tas2023.online/public_html/tmp/3hn69l4qoa804.3h31n1yj254w8.php')
Tue, 11 Feb 2025 19:20:17 -0500 [2600:1006:b06e:b272:2974:28f3:9bc:5d82] [/home/u991737198/domains/tas2023.online/public_html/lib/base.php:3281] View->sandbox()
Tue, 11 Feb 2025 19:20:17 -0500 [2600:1006:b06e:b272:2974:28f3:9bc:5d82] [/home/u991737198/domains/tas2023.online/public_html/app/controllers/Controller.php:87] Preview->render()
Tue, 11 Feb 2025 19:20:17 -0500 [2600:1006:b06e:b272:2974:28f3:9bc:5d82] [/home/u991737198/domains/tas2023.online/public_html/lib/base.php:2078] Controller->afterroute()
Tue, 11 Feb 2025 19:20:17 -0500 [2600:1006:b06e:b272:2974:28f3:9bc:5d82] [/home/u991737198/domains/tas2023.online/public_html/lib/base.php:1871] Base->call()
Tue, 11 Feb 2025 19:20:17 -0500 [2600:1006:b06e:b272:2974:28f3:9bc:5d82] [/home/u991737198/domains/tas2023.online/public_html/index.php:19] Base->run()
Tue, 11 Feb 2025 19:20:31 -0500 [2600:1006:b06e:b272:2974:28f3:9bc:5d82] 500: Undefined variable $selected_note trace: [/home/u991737198/domains/tas2023.online/public_html/tmp/3hn69l4qoa804.3g8shy2588w00.php:363]
Tue, 11 Feb 2025 19:20:31 -0500 [2600:1006:b06e:b272:2974:28f3:9bc:5d82] [/home/u991737198/domains/tas2023.online/public_html/tmp/3hn69l4qoa804.3g8shy2588w00.php:363] Base->{closure}()
Tue, 11 Feb 2025 19:20:31 -0500 [2600:1006:b06e:b272:2974:28f3:9bc:5d82] [/home/u991737198/domains/tas2023.online/public_html/lib/base.php:3036] require('/home/u991737198/domains/tas2023.online/public_html/tmp/3hn69l4qoa804.3g8shy2588w00.php')
Tue, 11 Feb 2025 19:20:31 -0500 [2600:1006:b06e:b272:2974:28f3:9bc:5d82] [/home/u991737198/domains/tas2023.online/public_html/lib/base.php:3281] View->sandbox()
Tue, 11 Feb 2025 19:20:31 -0500 [2600:1006:b06e:b272:2974:28f3:9bc:5d82] [/home/u991737198/domains/tas2023.online/public_html/tmp/3hn69l4qoa804.3h31n1yj254w8.php:7] Preview->render()
Tue, 11 Feb 2025 19:20:31 -0500 [2600:1006:b06e:b272:2974:28f3:9bc:5d82] [/home/u991737198/domains/tas2023.online/public_html/lib/base.php:3036] require('/home/u991737198/domains/tas2023.online/public_html/tmp/3hn69l4qoa804.3h31n1yj254w8.php')
Tue, 11 Feb 2025 19:20:31 -0500 [2600:1006:b06e:b272:2974:28f3:9bc:5d82] [/home/u991737198/domains/tas2023.online/public_html/lib/base.php:3281] View->sandbox()
Tue, 11 Feb 2025 19:20:31 -0500 [2600:1006:b06e:b272:2974:28f3:9bc:5d82] [/home/u991737198/domains/tas2023.online/public_html/app/controllers/Controller.php:87] Preview->render()
Tue, 11 Feb 2025 19:20:31 -0500 [2600:1006:b06e:b272:2974:28f3:9bc:5d82] [/home/u991737198/domains/tas2023.online/public_html/lib/base.php:2078] Controller->afterroute()
Tue, 11 Feb 2025 19:20:31 -0500 [2600:1006:b06e:b272:2974:28f3:9bc:5d82] [/home/u991737198/domains/tas2023.online/public_html/lib/base.php:1871] Base->call()
Tue, 11 Feb 2025 19:20:31 -0500 [2600:1006:b06e:b272:2974:28f3:9bc:5d82] [/home/u991737198/domains/tas2023.online/public_html/index.php:19] Base->run()
