Mon, 17 Feb 2025 12:12:57 -0500 [2600:1006:b01b:8ddf:f517:4bc9:50b5:a33] 500: Undefined variable $entity_num trace: [tmp/3hn69l4qoa804.1zo7dt0fljr4w.php:200]
Mon, 17 Feb 2025 12:12:57 -0500 [2600:1006:b01b:8ddf:f517:4bc9:50b5:a33] [tmp/3hn69l4qoa804.1zo7dt0fljr4w.php:200] Base->{closure}()
Mon, 17 Feb 2025 12:12:57 -0500 [2600:1006:b01b:8ddf:f517:4bc9:50b5:a33] [lib/base.php:3036] require('/home/u991737198/domains/tas2023.online/public_html/tmp/3hn69l4qoa804.1zo7dt0fljr4w.php')
Mon, 17 Feb 2025 12:12:57 -0500 [2600:1006:b01b:8ddf:f517:4bc9:50b5:a33] [lib/base.php:3281] View->sandbox()
Mon, 17 Feb 2025 12:12:57 -0500 [2600:1006:b01b:8ddf:f517:4bc9:50b5:a33] [tmp/3hn69l4qoa804.3h31n1yj254w8.php:7] Preview->render()
Mon, 17 Feb 2025 12:12:57 -0500 [2600:1006:b01b:8ddf:f517:4bc9:50b5:a33] [lib/base.php:3036] require('/home/u991737198/domains/tas2023.online/public_html/tmp/3hn69l4qoa804.3h31n1yj254w8.php')
Mon, 17 Feb 2025 12:12:57 -0500 [2600:1006:b01b:8ddf:f517:4bc9:50b5:a33] [lib/base.php:3281] View->sandbox()
Mon, 17 Feb 2025 12:12:57 -0500 [2600:1006:b01b:8ddf:f517:4bc9:50b5:a33] [app/controllers/Controller.php:87] Preview->render()
Mon, 17 Feb 2025 12:12:57 -0500 [2600:1006:b01b:8ddf:f517:4bc9:50b5:a33] [lib/base.php:2078] Controller->afterroute()
Mon, 17 Feb 2025 12:12:57 -0500 [2600:1006:b01b:8ddf:f517:4bc9:50b5:a33] [lib/base.php:1871] Base->call()
Mon, 17 Feb 2025 12:12:57 -0500 [2600:1006:b01b:8ddf:f517:4bc9:50b5:a33] [index.php:19] Base->run()
Mon, 17 Feb 2025 12:15:20 -0500 [2600:1006:b01b:8ddf:f517:4bc9:50b5:a33] 500: Undefined variable $entity_num trace: [tmp/3hn69l4qoa804.1zo7dt0fljr4w.php:200]
Mon, 17 Feb 2025 12:15:20 -0500 [2600:1006:b01b:8ddf:f517:4bc9:50b5:a33] [tmp/3hn69l4qoa804.1zo7dt0fljr4w.php:200] Base->{closure}()
Mon, 17 Feb 2025 12:15:20 -0500 [2600:1006:b01b:8ddf:f517:4bc9:50b5:a33] [lib/base.php:3036] require('/home/u991737198/domains/tas2023.online/public_html/tmp/3hn69l4qoa804.1zo7dt0fljr4w.php')
Mon, 17 Feb 2025 12:15:20 -0500 [2600:1006:b01b:8ddf:f517:4bc9:50b5:a33] [lib/base.php:3281] View->sandbox()
Mon, 17 Feb 2025 12:15:20 -0500 [2600:1006:b01b:8ddf:f517:4bc9:50b5:a33] [tmp/3hn69l4qoa804.3h31n1yj254w8.php:7] Preview->render()
Mon, 17 Feb 2025 12:15:20 -0500 [2600:1006:b01b:8ddf:f517:4bc9:50b5:a33] [lib/base.php:3036] require('/home/u991737198/domains/tas2023.online/public_html/tmp/3hn69l4qoa804.3h31n1yj254w8.php')
Mon, 17 Feb 2025 12:15:20 -0500 [2600:1006:b01b:8ddf:f517:4bc9:50b5:a33] [lib/base.php:3281] View->sandbox()
Mon, 17 Feb 2025 12:15:20 -0500 [2600:1006:b01b:8ddf:f517:4bc9:50b5:a33] [app/controllers/Controller.php:87] Preview->render()
Mon, 17 Feb 2025 12:15:20 -0500 [2600:1006:b01b:8ddf:f517:4bc9:50b5:a33] [lib/base.php:2078] Controller->afterroute()
Mon, 17 Feb 2025 12:15:20 -0500 [2600:1006:b01b:8ddf:f517:4bc9:50b5:a33] [lib/base.php:1871] Base->call()
Mon, 17 Feb 2025 12:15:20 -0500 [2600:1006:b01b:8ddf:f517:4bc9:50b5:a33] [index.php:19] Base->run()
Mon, 17 Feb 2025 12:15:25 -0500 [2600:1006:b01b:8ddf:f517:4bc9:50b5:a33] 500: Undefined variable $entity_num trace: [tmp/3hn69l4qoa804.1zo7dt0fljr4w.php:200]
Mon, 17 Feb 2025 12:15:25 -0500 [2600:1006:b01b:8ddf:f517:4bc9:50b5:a33] [tmp/3hn69l4qoa804.1zo7dt0fljr4w.php:200] Base->{closure}()
Mon, 17 Feb 2025 12:15:25 -0500 [2600:1006:b01b:8ddf:f517:4bc9:50b5:a33] [lib/base.php:3036] require('/home/u991737198/domains/tas2023.online/public_html/tmp/3hn69l4qoa804.1zo7dt0fljr4w.php')
Mon, 17 Feb 2025 12:15:25 -0500 [2600:1006:b01b:8ddf:f517:4bc9:50b5:a33] [lib/base.php:3281] View->sandbox()
Mon, 17 Feb 2025 12:15:25 -0500 [2600:1006:b01b:8ddf:f517:4bc9:50b5:a33] [tmp/3hn69l4qoa804.3h31n1yj254w8.php:7] Preview->render()
Mon, 17 Feb 2025 12:15:25 -0500 [2600:1006:b01b:8ddf:f517:4bc9:50b5:a33] [lib/base.php:3036] require('/home/u991737198/domains/tas2023.online/public_html/tmp/3hn69l4qoa804.3h31n1yj254w8.php')
Mon, 17 Feb 2025 12:15:25 -0500 [2600:1006:b01b:8ddf:f517:4bc9:50b5:a33] [lib/base.php:3281] View->sandbox()
Mon, 17 Feb 2025 12:15:25 -0500 [2600:1006:b01b:8ddf:f517:4bc9:50b5:a33] [app/controllers/Controller.php:87] Preview->render()
Mon, 17 Feb 2025 12:15:25 -0500 [2600:1006:b01b:8ddf:f517:4bc9:50b5:a33] [lib/base.php:2078] Controller->afterroute()
Mon, 17 Feb 2025 12:15:25 -0500 [2600:1006:b01b:8ddf:f517:4bc9:50b5:a33] [lib/base.php:1871] Base->call()
Mon, 17 Feb 2025 12:15:25 -0500 [2600:1006:b01b:8ddf:f517:4bc9:50b5:a33] [index.php:19] Base->run()
Mon, 17 Feb 2025 12:53:20 -0500 [2600:1006:b01b:8ddf:f517:4bc9:50b5:a33] 500: Undefined variable $selected_note trace: [/home/u991737198/domains/tas2023.online/public_html/tmp/3hn69l4qoa804.3g8shy2588w00.php:385]
Mon, 17 Feb 2025 12:53:20 -0500 [2600:1006:b01b:8ddf:f517:4bc9:50b5:a33] [/home/u991737198/domains/tas2023.online/public_html/tmp/3hn69l4qoa804.3g8shy2588w00.php:385] Base->{closure}()
Mon, 17 Feb 2025 12:53:20 -0500 [2600:1006:b01b:8ddf:f517:4bc9:50b5:a33] [/home/u991737198/domains/tas2023.online/public_html/lib/base.php:3036] require('/home/u991737198/domains/tas2023.online/public_html/tmp/3hn69l4qoa804.3g8shy2588w00.php')
Mon, 17 Feb 2025 12:53:20 -0500 [2600:1006:b01b:8ddf:f517:4bc9:50b5:a33] [/home/u991737198/domains/tas2023.online/public_html/lib/base.php:3281] View->sandbox()
Mon, 17 Feb 2025 12:53:20 -0500 [2600:1006:b01b:8ddf:f517:4bc9:50b5:a33] [/home/u991737198/domains/tas2023.online/public_html/tmp/3hn69l4qoa804.3h31n1yj254w8.php:7] Preview->render()
Mon, 17 Feb 2025 12:53:20 -0500 [2600:1006:b01b:8ddf:f517:4bc9:50b5:a33] [/home/u991737198/domains/tas2023.online/public_html/lib/base.php:3036] require('/home/u991737198/domains/tas2023.online/public_html/tmp/3hn69l4qoa804.3h31n1yj254w8.php')
Mon, 17 Feb 2025 12:53:20 -0500 [2600:1006:b01b:8ddf:f517:4bc9:50b5:a33] [/home/u991737198/domains/tas2023.online/public_html/lib/base.php:3281] View->sandbox()
Mon, 17 Feb 2025 12:53:20 -0500 [2600:1006:b01b:8ddf:f517:4bc9:50b5:a33] [/home/u991737198/domains/tas2023.online/public_html/app/controllers/Controller.php:87] Preview->render()
Mon, 17 Feb 2025 12:53:20 -0500 [2600:1006:b01b:8ddf:f517:4bc9:50b5:a33] [/home/u991737198/domains/tas2023.online/public_html/lib/base.php:2078] Controller->afterroute()
Mon, 17 Feb 2025 12:53:20 -0500 [2600:1006:b01b:8ddf:f517:4bc9:50b5:a33] [/home/u991737198/domains/tas2023.online/public_html/lib/base.php:1871] Base->call()
Mon, 17 Feb 2025 12:53:20 -0500 [2600:1006:b01b:8ddf:f517:4bc9:50b5:a33] [/home/u991737198/domains/tas2023.online/public_html/index.php:19] Base->run()
Mon, 17 Feb 2025 13:03:22 -0500 [2600:1006:b01b:8ddf:f517:4bc9:50b5:a33] 500: Undefined variable $selected_note trace: [/home/u991737198/domains/tas2023.online/public_html/tmp/3hn69l4qoa804.3g8shy2588w00.php:385]
Mon, 17 Feb 2025 13:03:22 -0500 [2600:1006:b01b:8ddf:f517:4bc9:50b5:a33] [/home/u991737198/domains/tas2023.online/public_html/tmp/3hn69l4qoa804.3g8shy2588w00.php:385] Base->{closure}()
Mon, 17 Feb 2025 13:03:22 -0500 [2600:1006:b01b:8ddf:f517:4bc9:50b5:a33] [/home/u991737198/domains/tas2023.online/public_html/lib/base.php:3036] require('/home/u991737198/domains/tas2023.online/public_html/tmp/3hn69l4qoa804.3g8shy2588w00.php')
Mon, 17 Feb 2025 13:03:22 -0500 [2600:1006:b01b:8ddf:f517:4bc9:50b5:a33] [/home/u991737198/domains/tas2023.online/public_html/lib/base.php:3281] View->sandbox()
Mon, 17 Feb 2025 13:03:22 -0500 [2600:1006:b01b:8ddf:f517:4bc9:50b5:a33] [/home/u991737198/domains/tas2023.online/public_html/tmp/3hn69l4qoa804.3h31n1yj254w8.php:7] Preview->render()
Mon, 17 Feb 2025 13:03:22 -0500 [2600:1006:b01b:8ddf:f517:4bc9:50b5:a33] [/home/u991737198/domains/tas2023.online/public_html/lib/base.php:3036] require('/home/u991737198/domains/tas2023.online/public_html/tmp/3hn69l4qoa804.3h31n1yj254w8.php')
Mon, 17 Feb 2025 13:03:22 -0500 [2600:1006:b01b:8ddf:f517:4bc9:50b5:a33] [/home/u991737198/domains/tas2023.online/public_html/lib/base.php:3281] View->sandbox()
Mon, 17 Feb 2025 13:03:22 -0500 [2600:1006:b01b:8ddf:f517:4bc9:50b5:a33] [/home/u991737198/domains/tas2023.online/public_html/app/controllers/Controller.php:87] Preview->render()
Mon, 17 Feb 2025 13:03:22 -0500 [2600:1006:b01b:8ddf:f517:4bc9:50b5:a33] [/home/u991737198/domains/tas2023.online/public_html/lib/base.php:2078] Controller->afterroute()
Mon, 17 Feb 2025 13:03:22 -0500 [2600:1006:b01b:8ddf:f517:4bc9:50b5:a33] [/home/u991737198/domains/tas2023.online/public_html/lib/base.php:1871] Base->call()
Mon, 17 Feb 2025 13:03:22 -0500 [2600:1006:b01b:8ddf:f517:4bc9:50b5:a33] [/home/u991737198/domains/tas2023.online/public_html/index.php:19] Base->run()
Mon, 17 Feb 2025 13:23:54 -0500 [2600:1006:b01b:8ddf:f517:4bc9:50b5:a33] 500: Undefined variable $selected_note trace: [/home/u991737198/domains/tas2023.online/public_html/tmp/3hn69l4qoa804.3g8shy2588w00.php:385]
Mon, 17 Feb 2025 13:23:54 -0500 [2600:1006:b01b:8ddf:f517:4bc9:50b5:a33] [/home/u991737198/domains/tas2023.online/public_html/tmp/3hn69l4qoa804.3g8shy2588w00.php:385] Base->{closure}()
Mon, 17 Feb 2025 13:23:54 -0500 [2600:1006:b01b:8ddf:f517:4bc9:50b5:a33] [/home/u991737198/domains/tas2023.online/public_html/lib/base.php:3036] require('/home/u991737198/domains/tas2023.online/public_html/tmp/3hn69l4qoa804.3g8shy2588w00.php')
Mon, 17 Feb 2025 13:23:54 -0500 [2600:1006:b01b:8ddf:f517:4bc9:50b5:a33] [/home/u991737198/domains/tas2023.online/public_html/lib/base.php:3281] View->sandbox()
Mon, 17 Feb 2025 13:23:54 -0500 [2600:1006:b01b:8ddf:f517:4bc9:50b5:a33] [/home/u991737198/domains/tas2023.online/public_html/tmp/3hn69l4qoa804.3h31n1yj254w8.php:7] Preview->render()
Mon, 17 Feb 2025 13:23:54 -0500 [2600:1006:b01b:8ddf:f517:4bc9:50b5:a33] [/home/u991737198/domains/tas2023.online/public_html/lib/base.php:3036] require('/home/u991737198/domains/tas2023.online/public_html/tmp/3hn69l4qoa804.3h31n1yj254w8.php')
Mon, 17 Feb 2025 13:23:54 -0500 [2600:1006:b01b:8ddf:f517:4bc9:50b5:a33] [/home/u991737198/domains/tas2023.online/public_html/lib/base.php:3281] View->sandbox()
Mon, 17 Feb 2025 13:23:54 -0500 [2600:1006:b01b:8ddf:f517:4bc9:50b5:a33] [/home/u991737198/domains/tas2023.online/public_html/app/controllers/Controller.php:87] Preview->render()
Mon, 17 Feb 2025 13:23:54 -0500 [2600:1006:b01b:8ddf:f517:4bc9:50b5:a33] [/home/u991737198/domains/tas2023.online/public_html/lib/base.php:2078] Controller->afterroute()
Mon, 17 Feb 2025 13:23:54 -0500 [2600:1006:b01b:8ddf:f517:4bc9:50b5:a33] [/home/u991737198/domains/tas2023.online/public_html/lib/base.php:1871] Base->call()
Mon, 17 Feb 2025 13:23:54 -0500 [2600:1006:b01b:8ddf:f517:4bc9:50b5:a33] [/home/u991737198/domains/tas2023.online/public_html/index.php:19] Base->run()
Mon, 17 Feb 2025 17:04:17 -0500 [2600:1006:b01b:8ddf:f517:4bc9:50b5:a33] 500: Undefined variable $selected_note trace: [/home/u991737198/domains/tas2023.online/public_html/tmp/3hn69l4qoa804.3g8shy2588w00.php:385]
Mon, 17 Feb 2025 17:04:17 -0500 [2600:1006:b01b:8ddf:f517:4bc9:50b5:a33] [/home/u991737198/domains/tas2023.online/public_html/tmp/3hn69l4qoa804.3g8shy2588w00.php:385] Base->{closure}()
Mon, 17 Feb 2025 17:04:17 -0500 [2600:1006:b01b:8ddf:f517:4bc9:50b5:a33] [/home/u991737198/domains/tas2023.online/public_html/lib/base.php:3036] require('/home/u991737198/domains/tas2023.online/public_html/tmp/3hn69l4qoa804.3g8shy2588w00.php')
Mon, 17 Feb 2025 17:04:17 -0500 [2600:1006:b01b:8ddf:f517:4bc9:50b5:a33] [/home/u991737198/domains/tas2023.online/public_html/lib/base.php:3281] View->sandbox()
Mon, 17 Feb 2025 17:04:17 -0500 [2600:1006:b01b:8ddf:f517:4bc9:50b5:a33] [/home/u991737198/domains/tas2023.online/public_html/tmp/3hn69l4qoa804.3h31n1yj254w8.php:7] Preview->render()
Mon, 17 Feb 2025 17:04:17 -0500 [2600:1006:b01b:8ddf:f517:4bc9:50b5:a33] [/home/u991737198/domains/tas2023.online/public_html/lib/base.php:3036] require('/home/u991737198/domains/tas2023.online/public_html/tmp/3hn69l4qoa804.3h31n1yj254w8.php')
Mon, 17 Feb 2025 17:04:17 -0500 [2600:1006:b01b:8ddf:f517:4bc9:50b5:a33] [/home/u991737198/domains/tas2023.online/public_html/lib/base.php:3281] View->sandbox()
Mon, 17 Feb 2025 17:04:17 -0500 [2600:1006:b01b:8ddf:f517:4bc9:50b5:a33] [/home/u991737198/domains/tas2023.online/public_html/app/controllers/Controller.php:87] Preview->render()
Mon, 17 Feb 2025 17:04:17 -0500 [2600:1006:b01b:8ddf:f517:4bc9:50b5:a33] [/home/u991737198/domains/tas2023.online/public_html/lib/base.php:2078] Controller->afterroute()
Mon, 17 Feb 2025 17:04:17 -0500 [2600:1006:b01b:8ddf:f517:4bc9:50b5:a33] [/home/u991737198/domains/tas2023.online/public_html/lib/base.php:1871] Base->call()
Mon, 17 Feb 2025 17:04:17 -0500 [2600:1006:b01b:8ddf:f517:4bc9:50b5:a33] [/home/u991737198/domains/tas2023.online/public_html/index.php:19] Base->run()
Mon, 17 Feb 2025 18:31:36 -0500 [2603:9000:f801:55e2:3957:132:fc9:3c0e] 401: HTTP 401 (GET /task/listtasks) trace: [/home/u991737198/domains/tas2023.online/public_html/lib/access.php:112] Base->error()
Mon, 17 Feb 2025 18:31:36 -0500 [2603:9000:f801:55e2:3957:132:fc9:3c0e] [/home/u991737198/domains/tas2023.online/public_html/app/controllers/Controller.php:78] Access->authorize()
Mon, 17 Feb 2025 18:31:36 -0500 [2603:9000:f801:55e2:3957:132:fc9:3c0e] [/home/u991737198/domains/tas2023.online/public_html/lib/base.php:2069] Controller->beforeroute()
Mon, 17 Feb 2025 18:31:36 -0500 [2603:9000:f801:55e2:3957:132:fc9:3c0e] [/home/u991737198/domains/tas2023.online/public_html/lib/base.php:1871] Base->call()
Mon, 17 Feb 2025 18:31:36 -0500 [2603:9000:f801:55e2:3957:132:fc9:3c0e] [/home/u991737198/domains/tas2023.online/public_html/index.php:19] Base->run()
Mon, 17 Feb 2025 18:32:01 -0500 [2603:9000:f801:55e2:3957:132:fc9:3c0e] 500: Undefined variable $entity_num trace: [tmp/3hn69l4qoa804.1zo7dt0fljr4w.php:200]
Mon, 17 Feb 2025 18:32:01 -0500 [2603:9000:f801:55e2:3957:132:fc9:3c0e] [tmp/3hn69l4qoa804.1zo7dt0fljr4w.php:200] Base->{closure}()
Mon, 17 Feb 2025 18:32:01 -0500 [2603:9000:f801:55e2:3957:132:fc9:3c0e] [lib/base.php:3036] require('/home/u991737198/domains/tas2023.online/public_html/tmp/3hn69l4qoa804.1zo7dt0fljr4w.php')
Mon, 17 Feb 2025 18:32:01 -0500 [2603:9000:f801:55e2:3957:132:fc9:3c0e] [lib/base.php:3281] View->sandbox()
Mon, 17 Feb 2025 18:32:01 -0500 [2603:9000:f801:55e2:3957:132:fc9:3c0e] [tmp/3hn69l4qoa804.3h31n1yj254w8.php:7] Preview->render()
Mon, 17 Feb 2025 18:32:01 -0500 [2603:9000:f801:55e2:3957:132:fc9:3c0e] [lib/base.php:3036] require('/home/u991737198/domains/tas2023.online/public_html/tmp/3hn69l4qoa804.3h31n1yj254w8.php')
Mon, 17 Feb 2025 18:32:01 -0500 [2603:9000:f801:55e2:3957:132:fc9:3c0e] [lib/base.php:3281] View->sandbox()
Mon, 17 Feb 2025 18:32:01 -0500 [2603:9000:f801:55e2:3957:132:fc9:3c0e] [app/controllers/Controller.php:87] Preview->render()
Mon, 17 Feb 2025 18:32:01 -0500 [2603:9000:f801:55e2:3957:132:fc9:3c0e] [lib/base.php:2078] Controller->afterroute()
Mon, 17 Feb 2025 18:32:01 -0500 [2603:9000:f801:55e2:3957:132:fc9:3c0e] [lib/base.php:1871] Base->call()
Mon, 17 Feb 2025 18:32:01 -0500 [2603:9000:f801:55e2:3957:132:fc9:3c0e] [index.php:19] Base->run()
Mon, 17 Feb 2025 18:32:08 -0500 [2603:9000:f801:55e2:3957:132:fc9:3c0e] 500: Undefined variable $entity_num trace: [tmp/3hn69l4qoa804.1zo7dt0fljr4w.php:200]
Mon, 17 Feb 2025 18:32:08 -0500 [2603:9000:f801:55e2:3957:132:fc9:3c0e] [tmp/3hn69l4qoa804.1zo7dt0fljr4w.php:200] Base->{closure}()
Mon, 17 Feb 2025 18:32:08 -0500 [2603:9000:f801:55e2:3957:132:fc9:3c0e] [lib/base.php:3036] require('/home/u991737198/domains/tas2023.online/public_html/tmp/3hn69l4qoa804.1zo7dt0fljr4w.php')
Mon, 17 Feb 2025 18:32:08 -0500 [2603:9000:f801:55e2:3957:132:fc9:3c0e] [lib/base.php:3281] View->sandbox()
Mon, 17 Feb 2025 18:32:08 -0500 [2603:9000:f801:55e2:3957:132:fc9:3c0e] [tmp/3hn69l4qoa804.3h31n1yj254w8.php:7] Preview->render()
Mon, 17 Feb 2025 18:32:08 -0500 [2603:9000:f801:55e2:3957:132:fc9:3c0e] [lib/base.php:3036] require('/home/u991737198/domains/tas2023.online/public_html/tmp/3hn69l4qoa804.3h31n1yj254w8.php')
Mon, 17 Feb 2025 18:32:08 -0500 [2603:9000:f801:55e2:3957:132:fc9:3c0e] [lib/base.php:3281] View->sandbox()
Mon, 17 Feb 2025 18:32:08 -0500 [2603:9000:f801:55e2:3957:132:fc9:3c0e] [app/controllers/Controller.php:87] Preview->render()
Mon, 17 Feb 2025 18:32:08 -0500 [2603:9000:f801:55e2:3957:132:fc9:3c0e] [lib/base.php:2078] Controller->afterroute()
Mon, 17 Feb 2025 18:32:08 -0500 [2603:9000:f801:55e2:3957:132:fc9:3c0e] [lib/base.php:1871] Base->call()
Mon, 17 Feb 2025 18:32:08 -0500 [2603:9000:f801:55e2:3957:132:fc9:3c0e] [index.php:19] Base->run()
Mon, 17 Feb 2025 18:32:14 -0500 [2603:9000:f801:55e2:3957:132:fc9:3c0e] 500: Undefined variable $selected_note trace: [/home/u991737198/domains/tas2023.online/public_html/tmp/3hn69l4qoa804.3g8shy2588w00.php:385]
Mon, 17 Feb 2025 18:32:14 -0500 [2603:9000:f801:55e2:3957:132:fc9:3c0e] [/home/u991737198/domains/tas2023.online/public_html/tmp/3hn69l4qoa804.3g8shy2588w00.php:385] Base->{closure}()
Mon, 17 Feb 2025 18:32:14 -0500 [2603:9000:f801:55e2:3957:132:fc9:3c0e] [/home/u991737198/domains/tas2023.online/public_html/lib/base.php:3036] require('/home/u991737198/domains/tas2023.online/public_html/tmp/3hn69l4qoa804.3g8shy2588w00.php')
Mon, 17 Feb 2025 18:32:14 -0500 [2603:9000:f801:55e2:3957:132:fc9:3c0e] [/home/u991737198/domains/tas2023.online/public_html/lib/base.php:3281] View->sandbox()
Mon, 17 Feb 2025 18:32:14 -0500 [2603:9000:f801:55e2:3957:132:fc9:3c0e] [/home/u991737198/domains/tas2023.online/public_html/tmp/3hn69l4qoa804.3h31n1yj254w8.php:7] Preview->render()
Mon, 17 Feb 2025 18:32:14 -0500 [2603:9000:f801:55e2:3957:132:fc9:3c0e] [/home/u991737198/domains/tas2023.online/public_html/lib/base.php:3036] require('/home/u991737198/domains/tas2023.online/public_html/tmp/3hn69l4qoa804.3h31n1yj254w8.php')
Mon, 17 Feb 2025 18:32:14 -0500 [2603:9000:f801:55e2:3957:132:fc9:3c0e] [/home/u991737198/domains/tas2023.online/public_html/lib/base.php:3281] View->sandbox()
Mon, 17 Feb 2025 18:32:14 -0500 [2603:9000:f801:55e2:3957:132:fc9:3c0e] [/home/u991737198/domains/tas2023.online/public_html/app/controllers/Controller.php:87] Preview->render()
Mon, 17 Feb 2025 18:32:14 -0500 [2603:9000:f801:55e2:3957:132:fc9:3c0e] [/home/u991737198/domains/tas2023.online/public_html/lib/base.php:2078] Controller->afterroute()
Mon, 17 Feb 2025 18:32:14 -0500 [2603:9000:f801:55e2:3957:132:fc9:3c0e] [/home/u991737198/domains/tas2023.online/public_html/lib/base.php:1871] Base->call()
Mon, 17 Feb 2025 18:32:14 -0500 [2603:9000:f801:55e2:3957:132:fc9:3c0e] [/home/u991737198/domains/tas2023.online/public_html/index.php:19] Base->run()
Mon, 17 Feb 2025 18:32:44 -0500 [2603:9000:f801:55e2:3957:132:fc9:3c0e] 500: Undefined variable $selected_note trace: [/home/u991737198/domains/tas2023.online/public_html/tmp/3hn69l4qoa804.3g8shy2588w00.php:385]
Mon, 17 Feb 2025 18:32:44 -0500 [2603:9000:f801:55e2:3957:132:fc9:3c0e] [/home/u991737198/domains/tas2023.online/public_html/tmp/3hn69l4qoa804.3g8shy2588w00.php:385] Base->{closure}()
Mon, 17 Feb 2025 18:32:44 -0500 [2603:9000:f801:55e2:3957:132:fc9:3c0e] [/home/u991737198/domains/tas2023.online/public_html/lib/base.php:3036] require('/home/u991737198/domains/tas2023.online/public_html/tmp/3hn69l4qoa804.3g8shy2588w00.php')
Mon, 17 Feb 2025 18:32:44 -0500 [2603:9000:f801:55e2:3957:132:fc9:3c0e] [/home/u991737198/domains/tas2023.online/public_html/lib/base.php:3281] View->sandbox()
Mon, 17 Feb 2025 18:32:44 -0500 [2603:9000:f801:55e2:3957:132:fc9:3c0e] [/home/u991737198/domains/tas2023.online/public_html/tmp/3hn69l4qoa804.3h31n1yj254w8.php:7] Preview->render()
Mon, 17 Feb 2025 18:32:44 -0500 [2603:9000:f801:55e2:3957:132:fc9:3c0e] [/home/u991737198/domains/tas2023.online/public_html/lib/base.php:3036] require('/home/u991737198/domains/tas2023.online/public_html/tmp/3hn69l4qoa804.3h31n1yj254w8.php')
Mon, 17 Feb 2025 18:32:44 -0500 [2603:9000:f801:55e2:3957:132:fc9:3c0e] [/home/u991737198/domains/tas2023.online/public_html/lib/base.php:3281] View->sandbox()
Mon, 17 Feb 2025 18:32:44 -0500 [2603:9000:f801:55e2:3957:132:fc9:3c0e] [/home/u991737198/domains/tas2023.online/public_html/app/controllers/Controller.php:87] Preview->render()
Mon, 17 Feb 2025 18:32:44 -0500 [2603:9000:f801:55e2:3957:132:fc9:3c0e] [/home/u991737198/domains/tas2023.online/public_html/lib/base.php:2078] Controller->afterroute()
Mon, 17 Feb 2025 18:32:44 -0500 [2603:9000:f801:55e2:3957:132:fc9:3c0e] [/home/u991737198/domains/tas2023.online/public_html/lib/base.php:1871] Base->call()
Mon, 17 Feb 2025 18:32:44 -0500 [2603:9000:f801:55e2:3957:132:fc9:3c0e] [/home/u991737198/domains/tas2023.online/public_html/index.php:19] Base->run()
Mon, 17 Feb 2025 20:45:00 -0500 [2603:9000:f801:55e2:a18:cc43:b342:af4f] 401: HTTP 401 (GET /user/notifications) trace: [lib/access.php:112] Base->error()
Mon, 17 Feb 2025 20:45:00 -0500 [2603:9000:f801:55e2:a18:cc43:b342:af4f] [app/controllers/Controller.php:78] Access->authorize()
Mon, 17 Feb 2025 20:45:00 -0500 [2603:9000:f801:55e2:a18:cc43:b342:af4f] [lib/base.php:2069] Controller->beforeroute()
Mon, 17 Feb 2025 20:45:00 -0500 [2603:9000:f801:55e2:a18:cc43:b342:af4f] [lib/base.php:1871] Base->call()
Mon, 17 Feb 2025 20:45:00 -0500 [2603:9000:f801:55e2:a18:cc43:b342:af4f] [index.php:19] Base->run()
