Sun, 24 Aug 2025 10:27:24 +0000 [2600:100a:b01c:63eb:e8d6:2c7:9d81:4a90] 401: HTTP 401 (GET /task/teamProductivity) trace: [/home/u991737198/domains/tas2023.online/public_html/lib/access.php:112] Base->error()
Sun, 24 Aug 2025 10:27:24 +0000 [2600:100a:b01c:63eb:e8d6:2c7:9d81:4a90] 401: HTTP 401 (GET /task/userNotesCount) trace: [/home/u991737198/domains/tas2023.online/public_html/lib/access.php:112] Base->error()
Sun, 24 Aug 2025 10:27:24 +0000 [2600:100a:b01c:63eb:e8d6:2c7:9d81:4a90] 401: HTTP 401 (GET /task/taskDistribution) trace: [/home/u991737198/domains/tas2023.online/public_html/lib/access.php:112] Base->error()
Sun, 24 Aug 2025 10:27:24 +0000 [2600:100a:b01c:63eb:e8d6:2c7:9d81:4a90] [/home/u991737198/domains/tas2023.online/public_html/app/controllers/Controller.php:78] Access->authorize()
Sun, 24 Aug 2025 10:27:24 +0000 [2600:100a:b01c:63eb:e8d6:2c7:9d81:4a90] [/home/u991737198/domains/tas2023.online/public_html/app/controllers/Controller.php:78] Access->authorize()
Sun, 24 Aug 2025 10:27:24 +0000 [2600:100a:b01c:63eb:e8d6:2c7:9d81:4a90] [/home/u991737198/domains/tas2023.online/public_html/app/controllers/Controller.php:78] Access->authorize()
Sun, 24 Aug 2025 10:27:24 +0000 [2600:100a:b01c:63eb:e8d6:2c7:9d81:4a90] [/home/u991737198/domains/tas2023.online/public_html/lib/base.php:2069] Controller->beforeroute()
Sun, 24 Aug 2025 10:27:24 +0000 [2600:100a:b01c:63eb:e8d6:2c7:9d81:4a90] [/home/u991737198/domains/tas2023.online/public_html/lib/base.php:2069] Controller->beforeroute()
Sun, 24 Aug 2025 10:27:24 +0000 [2600:100a:b01c:63eb:e8d6:2c7:9d81:4a90] [/home/u991737198/domains/tas2023.online/public_html/lib/base.php:2069] Controller->beforeroute()
Sun, 24 Aug 2025 10:27:24 +0000 [2600:100a:b01c:63eb:e8d6:2c7:9d81:4a90] [/home/u991737198/domains/tas2023.online/public_html/lib/base.php:1871] Base->call()
Sun, 24 Aug 2025 10:27:24 +0000 [2600:100a:b01c:63eb:e8d6:2c7:9d81:4a90] [/home/u991737198/domains/tas2023.online/public_html/lib/base.php:1871] Base->call()
Sun, 24 Aug 2025 10:27:24 +0000 [2600:100a:b01c:63eb:e8d6:2c7:9d81:4a90] [/home/u991737198/domains/tas2023.online/public_html/index.php:19] Base->run()
Sun, 24 Aug 2025 10:27:24 +0000 [2600:100a:b01c:63eb:e8d6:2c7:9d81:4a90] [/home/u991737198/domains/tas2023.online/public_html/lib/base.php:1871] Base->call()
Sun, 24 Aug 2025 10:27:24 +0000 [2600:100a:b01c:63eb:e8d6:2c7:9d81:4a90] [/home/u991737198/domains/tas2023.online/public_html/index.php:19] Base->run()
Sun, 24 Aug 2025 10:27:24 +0000 [2600:100a:b01c:63eb:e8d6:2c7:9d81:4a90] [/home/u991737198/domains/tas2023.online/public_html/index.php:19] Base->run()
Sun, 24 Aug 2025 10:27:24 +0000 [2600:100a:b01c:63eb:e8d6:2c7:9d81:4a90] 401: HTTP 401 (GET /task/taskData) trace: [/home/u991737198/domains/tas2023.online/public_html/lib/access.php:112] Base->error()
Sun, 24 Aug 2025 10:27:24 +0000 [2600:100a:b01c:63eb:e8d6:2c7:9d81:4a90] [/home/u991737198/domains/tas2023.online/public_html/app/controllers/Controller.php:78] Access->authorize()
Sun, 24 Aug 2025 10:27:24 +0000 [2600:100a:b01c:63eb:e8d6:2c7:9d81:4a90] [/home/u991737198/domains/tas2023.online/public_html/lib/base.php:2069] Controller->beforeroute()
Sun, 24 Aug 2025 10:27:24 +0000 [2600:100a:b01c:63eb:e8d6:2c7:9d81:4a90] [/home/u991737198/domains/tas2023.online/public_html/lib/base.php:1871] Base->call()
Sun, 24 Aug 2025 10:27:24 +0000 [2600:100a:b01c:63eb:e8d6:2c7:9d81:4a90] [/home/u991737198/domains/tas2023.online/public_html/index.php:19] Base->run()
