Sun, 23 Feb 2025 00:19:15 +0000 [2600:1006:b061:1e41:f5f2:67c:a096:72c4] 500: Undefined variable $selected_note trace: [/home/u991737198/domains/tas2023.online/public_html/tmp/3hn69l4qoa804.3g8shy2588w00.php:385]
Sun, 23 Feb 2025 00:19:15 +0000 [2600:1006:b061:1e41:f5f2:67c:a096:72c4] [/home/u991737198/domains/tas2023.online/public_html/tmp/3hn69l4qoa804.3g8shy2588w00.php:385] Base->{closure}()
Sun, 23 Feb 2025 00:19:15 +0000 [2600:1006:b061:1e41:f5f2:67c:a096:72c4] [/home/u991737198/domains/tas2023.online/public_html/lib/base.php:3036] require('/home/u991737198/domains/tas2023.online/public_html/tmp/3hn69l4qoa804.3g8shy2588w00.php')
Sun, 23 Feb 2025 00:19:15 +0000 [2600:1006:b061:1e41:f5f2:67c:a096:72c4] [/home/u991737198/domains/tas2023.online/public_html/lib/base.php:3281] View->sandbox()
Sun, 23 Feb 2025 00:19:15 +0000 [2600:1006:b061:1e41:f5f2:67c:a096:72c4] [/home/u991737198/domains/tas2023.online/public_html/tmp/3hn69l4qoa804.3h31n1yj254w8.php:7] Preview->render()
Sun, 23 Feb 2025 00:19:15 +0000 [2600:1006:b061:1e41:f5f2:67c:a096:72c4] [/home/u991737198/domains/tas2023.online/public_html/lib/base.php:3036] require('/home/u991737198/domains/tas2023.online/public_html/tmp/3hn69l4qoa804.3h31n1yj254w8.php')
Sun, 23 Feb 2025 00:19:15 +0000 [2600:1006:b061:1e41:f5f2:67c:a096:72c4] [/home/u991737198/domains/tas2023.online/public_html/lib/base.php:3281] View->sandbox()
Sun, 23 Feb 2025 00:19:15 +0000 [2600:1006:b061:1e41:f5f2:67c:a096:72c4] [/home/u991737198/domains/tas2023.online/public_html/app/controllers/Controller.php:87] Preview->render()
Sun, 23 Feb 2025 00:19:15 +0000 [2600:1006:b061:1e41:f5f2:67c:a096:72c4] [/home/u991737198/domains/tas2023.online/public_html/lib/base.php:2078] Controller->afterroute()
Sun, 23 Feb 2025 00:19:15 +0000 [2600:1006:b061:1e41:f5f2:67c:a096:72c4] [/home/u991737198/domains/tas2023.online/public_html/lib/base.php:1871] Base->call()
Sun, 23 Feb 2025 00:19:15 +0000 [2600:1006:b061:1e41:f5f2:67c:a096:72c4] [/home/u991737198/domains/tas2023.online/public_html/index.php:19] Base->run()
Sun, 23 Feb 2025 00:47:37 +0000 [2600:1006:b061:1e41:f5f2:67c:a096:72c4] 500: Undefined variable $selected_note trace: [/home/u991737198/domains/tas2023.online/public_html/tmp/3hn69l4qoa804.3g8shy2588w00.php:385]
Sun, 23 Feb 2025 00:47:37 +0000 [2600:1006:b061:1e41:f5f2:67c:a096:72c4] [/home/u991737198/domains/tas2023.online/public_html/tmp/3hn69l4qoa804.3g8shy2588w00.php:385] Base->{closure}()
Sun, 23 Feb 2025 00:47:37 +0000 [2600:1006:b061:1e41:f5f2:67c:a096:72c4] [/home/u991737198/domains/tas2023.online/public_html/lib/base.php:3036] require('/home/u991737198/domains/tas2023.online/public_html/tmp/3hn69l4qoa804.3g8shy2588w00.php')
Sun, 23 Feb 2025 00:47:37 +0000 [2600:1006:b061:1e41:f5f2:67c:a096:72c4] [/home/u991737198/domains/tas2023.online/public_html/lib/base.php:3281] View->sandbox()
Sun, 23 Feb 2025 00:47:37 +0000 [2600:1006:b061:1e41:f5f2:67c:a096:72c4] [/home/u991737198/domains/tas2023.online/public_html/tmp/3hn69l4qoa804.3h31n1yj254w8.php:7] Preview->render()
Sun, 23 Feb 2025 00:47:37 +0000 [2600:1006:b061:1e41:f5f2:67c:a096:72c4] [/home/u991737198/domains/tas2023.online/public_html/lib/base.php:3036] require('/home/u991737198/domains/tas2023.online/public_html/tmp/3hn69l4qoa804.3h31n1yj254w8.php')
Sun, 23 Feb 2025 00:47:37 +0000 [2600:1006:b061:1e41:f5f2:67c:a096:72c4] [/home/u991737198/domains/tas2023.online/public_html/lib/base.php:3281] View->sandbox()
Sun, 23 Feb 2025 00:47:37 +0000 [2600:1006:b061:1e41:f5f2:67c:a096:72c4] [/home/u991737198/domains/tas2023.online/public_html/app/controllers/Controller.php:87] Preview->render()
Sun, 23 Feb 2025 00:47:37 +0000 [2600:1006:b061:1e41:f5f2:67c:a096:72c4] [/home/u991737198/domains/tas2023.online/public_html/lib/base.php:2078] Controller->afterroute()
Sun, 23 Feb 2025 00:47:37 +0000 [2600:1006:b061:1e41:f5f2:67c:a096:72c4] [/home/u991737198/domains/tas2023.online/public_html/lib/base.php:1871] Base->call()
Sun, 23 Feb 2025 00:47:37 +0000 [2600:1006:b061:1e41:f5f2:67c:a096:72c4] [/home/u991737198/domains/tas2023.online/public_html/index.php:19] Base->run()
Sun, 23 Feb 2025 00:47:38 +0000 [2600:1006:b061:1e41:f5f2:67c:a096:72c4] 401: HTTP 401 (GET /task/userNotesCount) trace: [/home/u991737198/domains/tas2023.online/public_html/lib/access.php:112] Base->error()
Sun, 23 Feb 2025 00:47:38 +0000 [2600:1006:b061:1e41:f5f2:67c:a096:72c4] [/home/u991737198/domains/tas2023.online/public_html/app/controllers/Controller.php:78] Access->authorize()
Sun, 23 Feb 2025 00:47:38 +0000 [2600:1006:b061:1e41:f5f2:67c:a096:72c4] [/home/u991737198/domains/tas2023.online/public_html/lib/base.php:2069] Controller->beforeroute()
Sun, 23 Feb 2025 00:47:38 +0000 [2600:1006:b061:1e41:f5f2:67c:a096:72c4] [/home/u991737198/domains/tas2023.online/public_html/lib/base.php:1871] Base->call()
Sun, 23 Feb 2025 00:47:38 +0000 [2600:1006:b061:1e41:f5f2:67c:a096:72c4] [/home/u991737198/domains/tas2023.online/public_html/index.php:19] Base->run()
Sun, 23 Feb 2025 00:54:12 +0000 [2600:1006:b061:1e41:f5f2:67c:a096:72c4] 500: Undefined variable $entity_num trace: [tmp/3hn69l4qoa804.1zo7dt0fljr4w.php:200]
Sun, 23 Feb 2025 00:54:12 +0000 [2600:1006:b061:1e41:f5f2:67c:a096:72c4] [tmp/3hn69l4qoa804.1zo7dt0fljr4w.php:200] Base->{closure}()
Sun, 23 Feb 2025 00:54:12 +0000 [2600:1006:b061:1e41:f5f2:67c:a096:72c4] [lib/base.php:3036] require('/home/u991737198/domains/tas2023.online/public_html/tmp/3hn69l4qoa804.1zo7dt0fljr4w.php')
Sun, 23 Feb 2025 00:54:12 +0000 [2600:1006:b061:1e41:f5f2:67c:a096:72c4] [lib/base.php:3281] View->sandbox()
Sun, 23 Feb 2025 00:54:12 +0000 [2600:1006:b061:1e41:f5f2:67c:a096:72c4] [tmp/3hn69l4qoa804.3h31n1yj254w8.php:7] Preview->render()
Sun, 23 Feb 2025 00:54:12 +0000 [2600:1006:b061:1e41:f5f2:67c:a096:72c4] [lib/base.php:3036] require('/home/u991737198/domains/tas2023.online/public_html/tmp/3hn69l4qoa804.3h31n1yj254w8.php')
Sun, 23 Feb 2025 00:54:12 +0000 [2600:1006:b061:1e41:f5f2:67c:a096:72c4] [lib/base.php:3281] View->sandbox()
Sun, 23 Feb 2025 00:54:12 +0000 [2600:1006:b061:1e41:f5f2:67c:a096:72c4] [app/controllers/Controller.php:87] Preview->render()
Sun, 23 Feb 2025 00:54:12 +0000 [2600:1006:b061:1e41:f5f2:67c:a096:72c4] [lib/base.php:2078] Controller->afterroute()
Sun, 23 Feb 2025 00:54:12 +0000 [2600:1006:b061:1e41:f5f2:67c:a096:72c4] [lib/base.php:1871] Base->call()
Sun, 23 Feb 2025 00:54:12 +0000 [2600:1006:b061:1e41:f5f2:67c:a096:72c4] [index.php:19] Base->run()
Sun, 23 Feb 2025 01:05:28 +0000 [2600:1006:b061:1e41:f5f2:67c:a096:72c4] 500: Undefined variable $entity_num trace: [tmp/3hn69l4qoa804.man4oes5p0l2.php:177]
Sun, 23 Feb 2025 01:05:28 +0000 [2600:1006:b061:1e41:f5f2:67c:a096:72c4] [tmp/3hn69l4qoa804.man4oes5p0l2.php:177] Base->{closure}()
Sun, 23 Feb 2025 01:05:28 +0000 [2600:1006:b061:1e41:f5f2:67c:a096:72c4] [lib/base.php:3036] require('/home/u991737198/domains/tas2023.online/public_html/tmp/3hn69l4qoa804.man4oes5p0l2.php')
Sun, 23 Feb 2025 01:05:28 +0000 [2600:1006:b061:1e41:f5f2:67c:a096:72c4] [lib/base.php:3281] View->sandbox()
Sun, 23 Feb 2025 01:05:28 +0000 [2600:1006:b061:1e41:f5f2:67c:a096:72c4] [tmp/3hn69l4qoa804.3h31n1yj254w8.php:7] Preview->render()
Sun, 23 Feb 2025 01:05:28 +0000 [2600:1006:b061:1e41:f5f2:67c:a096:72c4] [lib/base.php:3036] require('/home/u991737198/domains/tas2023.online/public_html/tmp/3hn69l4qoa804.3h31n1yj254w8.php')
Sun, 23 Feb 2025 01:05:28 +0000 [2600:1006:b061:1e41:f5f2:67c:a096:72c4] [lib/base.php:3281] View->sandbox()
Sun, 23 Feb 2025 01:05:28 +0000 [2600:1006:b061:1e41:f5f2:67c:a096:72c4] [app/controllers/Controller.php:87] Preview->render()
Sun, 23 Feb 2025 01:05:28 +0000 [2600:1006:b061:1e41:f5f2:67c:a096:72c4] [lib/base.php:2078] Controller->afterroute()
Sun, 23 Feb 2025 01:05:28 +0000 [2600:1006:b061:1e41:f5f2:67c:a096:72c4] [lib/base.php:1871] Base->call()
Sun, 23 Feb 2025 01:05:28 +0000 [2600:1006:b061:1e41:f5f2:67c:a096:72c4] [index.php:19] Base->run()
Sun, 23 Feb 2025 01:05:35 +0000 [2600:1006:b061:1e41:f5f2:67c:a096:72c4] 500: Undefined variable $selected_note trace: [/home/u991737198/domains/tas2023.online/public_html/tmp/3hn69l4qoa804.3g8shy2588w00.php:385]
Sun, 23 Feb 2025 01:05:35 +0000 [2600:1006:b061:1e41:f5f2:67c:a096:72c4] [/home/u991737198/domains/tas2023.online/public_html/tmp/3hn69l4qoa804.3g8shy2588w00.php:385] Base->{closure}()
Sun, 23 Feb 2025 01:05:35 +0000 [2600:1006:b061:1e41:f5f2:67c:a096:72c4] [/home/u991737198/domains/tas2023.online/public_html/lib/base.php:3036] require('/home/u991737198/domains/tas2023.online/public_html/tmp/3hn69l4qoa804.3g8shy2588w00.php')
Sun, 23 Feb 2025 01:05:35 +0000 [2600:1006:b061:1e41:f5f2:67c:a096:72c4] [/home/u991737198/domains/tas2023.online/public_html/lib/base.php:3281] View->sandbox()
Sun, 23 Feb 2025 01:05:35 +0000 [2600:1006:b061:1e41:f5f2:67c:a096:72c4] [/home/u991737198/domains/tas2023.online/public_html/tmp/3hn69l4qoa804.3h31n1yj254w8.php:7] Preview->render()
Sun, 23 Feb 2025 01:05:35 +0000 [2600:1006:b061:1e41:f5f2:67c:a096:72c4] [/home/u991737198/domains/tas2023.online/public_html/lib/base.php:3036] require('/home/u991737198/domains/tas2023.online/public_html/tmp/3hn69l4qoa804.3h31n1yj254w8.php')
Sun, 23 Feb 2025 01:05:35 +0000 [2600:1006:b061:1e41:f5f2:67c:a096:72c4] [/home/u991737198/domains/tas2023.online/public_html/lib/base.php:3281] View->sandbox()
Sun, 23 Feb 2025 01:05:35 +0000 [2600:1006:b061:1e41:f5f2:67c:a096:72c4] [/home/u991737198/domains/tas2023.online/public_html/app/controllers/Controller.php:87] Preview->render()
Sun, 23 Feb 2025 01:05:35 +0000 [2600:1006:b061:1e41:f5f2:67c:a096:72c4] [/home/u991737198/domains/tas2023.online/public_html/lib/base.php:2078] Controller->afterroute()
Sun, 23 Feb 2025 01:05:35 +0000 [2600:1006:b061:1e41:f5f2:67c:a096:72c4] [/home/u991737198/domains/tas2023.online/public_html/lib/base.php:1871] Base->call()
Sun, 23 Feb 2025 01:05:35 +0000 [2600:1006:b061:1e41:f5f2:67c:a096:72c4] [/home/u991737198/domains/tas2023.online/public_html/index.php:19] Base->run()
Sun, 23 Feb 2025 01:07:22 +0000 [2600:1006:b061:1e41:f5f2:67c:a096:72c4] 500: Undefined variable $selected_note trace: [/home/u991737198/domains/tas2023.online/public_html/tmp/3hn69l4qoa804.3g8shy2588w00.php:385]
Sun, 23 Feb 2025 01:07:22 +0000 [2600:1006:b061:1e41:f5f2:67c:a096:72c4] [/home/u991737198/domains/tas2023.online/public_html/tmp/3hn69l4qoa804.3g8shy2588w00.php:385] Base->{closure}()
Sun, 23 Feb 2025 01:07:22 +0000 [2600:1006:b061:1e41:f5f2:67c:a096:72c4] [/home/u991737198/domains/tas2023.online/public_html/lib/base.php:3036] require('/home/u991737198/domains/tas2023.online/public_html/tmp/3hn69l4qoa804.3g8shy2588w00.php')
Sun, 23 Feb 2025 01:07:22 +0000 [2600:1006:b061:1e41:f5f2:67c:a096:72c4] [/home/u991737198/domains/tas2023.online/public_html/lib/base.php:3281] View->sandbox()
Sun, 23 Feb 2025 01:07:22 +0000 [2600:1006:b061:1e41:f5f2:67c:a096:72c4] [/home/u991737198/domains/tas2023.online/public_html/tmp/3hn69l4qoa804.3h31n1yj254w8.php:7] Preview->render()
Sun, 23 Feb 2025 01:07:22 +0000 [2600:1006:b061:1e41:f5f2:67c:a096:72c4] [/home/u991737198/domains/tas2023.online/public_html/lib/base.php:3036] require('/home/u991737198/domains/tas2023.online/public_html/tmp/3hn69l4qoa804.3h31n1yj254w8.php')
Sun, 23 Feb 2025 01:07:22 +0000 [2600:1006:b061:1e41:f5f2:67c:a096:72c4] [/home/u991737198/domains/tas2023.online/public_html/lib/base.php:3281] View->sandbox()
Sun, 23 Feb 2025 01:07:22 +0000 [2600:1006:b061:1e41:f5f2:67c:a096:72c4] [/home/u991737198/domains/tas2023.online/public_html/app/controllers/Controller.php:87] Preview->render()
Sun, 23 Feb 2025 01:07:22 +0000 [2600:1006:b061:1e41:f5f2:67c:a096:72c4] [/home/u991737198/domains/tas2023.online/public_html/lib/base.php:2078] Controller->afterroute()
Sun, 23 Feb 2025 01:07:22 +0000 [2600:1006:b061:1e41:f5f2:67c:a096:72c4] [/home/u991737198/domains/tas2023.online/public_html/lib/base.php:1871] Base->call()
Sun, 23 Feb 2025 01:07:22 +0000 [2600:1006:b061:1e41:f5f2:67c:a096:72c4] [/home/u991737198/domains/tas2023.online/public_html/index.php:19] Base->run()
Sun, 23 Feb 2025 01:07:52 +0000 [2600:1006:b061:1e41:f5f2:67c:a096:72c4] 500: Undefined variable $entity_num trace: [tmp/3hn69l4qoa804.man4oes5p0l2.php:177]
Sun, 23 Feb 2025 01:07:52 +0000 [2600:1006:b061:1e41:f5f2:67c:a096:72c4] [tmp/3hn69l4qoa804.man4oes5p0l2.php:177] Base->{closure}()
Sun, 23 Feb 2025 01:07:52 +0000 [2600:1006:b061:1e41:f5f2:67c:a096:72c4] [lib/base.php:3036] require('/home/u991737198/domains/tas2023.online/public_html/tmp/3hn69l4qoa804.man4oes5p0l2.php')
Sun, 23 Feb 2025 01:07:52 +0000 [2600:1006:b061:1e41:f5f2:67c:a096:72c4] [lib/base.php:3281] View->sandbox()
Sun, 23 Feb 2025 01:07:52 +0000 [2600:1006:b061:1e41:f5f2:67c:a096:72c4] [tmp/3hn69l4qoa804.3h31n1yj254w8.php:7] Preview->render()
Sun, 23 Feb 2025 01:07:52 +0000 [2600:1006:b061:1e41:f5f2:67c:a096:72c4] [lib/base.php:3036] require('/home/u991737198/domains/tas2023.online/public_html/tmp/3hn69l4qoa804.3h31n1yj254w8.php')
Sun, 23 Feb 2025 01:07:52 +0000 [2600:1006:b061:1e41:f5f2:67c:a096:72c4] [lib/base.php:3281] View->sandbox()
Sun, 23 Feb 2025 01:07:52 +0000 [2600:1006:b061:1e41:f5f2:67c:a096:72c4] [app/controllers/Controller.php:87] Preview->render()
Sun, 23 Feb 2025 01:07:52 +0000 [2600:1006:b061:1e41:f5f2:67c:a096:72c4] [lib/base.php:2078] Controller->afterroute()
Sun, 23 Feb 2025 01:07:52 +0000 [2600:1006:b061:1e41:f5f2:67c:a096:72c4] [lib/base.php:1871] Base->call()
Sun, 23 Feb 2025 01:07:52 +0000 [2600:1006:b061:1e41:f5f2:67c:a096:72c4] [index.php:19] Base->run()
Sun, 23 Feb 2025 01:07:57 +0000 [2600:1006:b061:1e41:f5f2:67c:a096:72c4] 500: Undefined variable $selected_note trace: [/home/u991737198/domains/tas2023.online/public_html/tmp/3hn69l4qoa804.3g8shy2588w00.php:385]
Sun, 23 Feb 2025 01:07:57 +0000 [2600:1006:b061:1e41:f5f2:67c:a096:72c4] [/home/u991737198/domains/tas2023.online/public_html/tmp/3hn69l4qoa804.3g8shy2588w00.php:385] Base->{closure}()
Sun, 23 Feb 2025 01:07:57 +0000 [2600:1006:b061:1e41:f5f2:67c:a096:72c4] [/home/u991737198/domains/tas2023.online/public_html/lib/base.php:3036] require('/home/u991737198/domains/tas2023.online/public_html/tmp/3hn69l4qoa804.3g8shy2588w00.php')
Sun, 23 Feb 2025 01:07:57 +0000 [2600:1006:b061:1e41:f5f2:67c:a096:72c4] [/home/u991737198/domains/tas2023.online/public_html/lib/base.php:3281] View->sandbox()
Sun, 23 Feb 2025 01:07:57 +0000 [2600:1006:b061:1e41:f5f2:67c:a096:72c4] [/home/u991737198/domains/tas2023.online/public_html/tmp/3hn69l4qoa804.3h31n1yj254w8.php:7] Preview->render()
Sun, 23 Feb 2025 01:07:57 +0000 [2600:1006:b061:1e41:f5f2:67c:a096:72c4] [/home/u991737198/domains/tas2023.online/public_html/lib/base.php:3036] require('/home/u991737198/domains/tas2023.online/public_html/tmp/3hn69l4qoa804.3h31n1yj254w8.php')
Sun, 23 Feb 2025 01:07:57 +0000 [2600:1006:b061:1e41:f5f2:67c:a096:72c4] [/home/u991737198/domains/tas2023.online/public_html/lib/base.php:3281] View->sandbox()
Sun, 23 Feb 2025 01:07:57 +0000 [2600:1006:b061:1e41:f5f2:67c:a096:72c4] [/home/u991737198/domains/tas2023.online/public_html/app/controllers/Controller.php:87] Preview->render()
Sun, 23 Feb 2025 01:07:57 +0000 [2600:1006:b061:1e41:f5f2:67c:a096:72c4] [/home/u991737198/domains/tas2023.online/public_html/lib/base.php:2078] Controller->afterroute()
Sun, 23 Feb 2025 01:07:57 +0000 [2600:1006:b061:1e41:f5f2:67c:a096:72c4] [/home/u991737198/domains/tas2023.online/public_html/lib/base.php:1871] Base->call()
Sun, 23 Feb 2025 01:07:57 +0000 [2600:1006:b061:1e41:f5f2:67c:a096:72c4] [/home/u991737198/domains/tas2023.online/public_html/index.php:19] Base->run()
Sun, 23 Feb 2025 01:08:07 +0000 [2600:1006:b061:1e41:f5f2:67c:a096:72c4] 500: Undefined variable $selected_note trace: [/home/u991737198/domains/tas2023.online/public_html/tmp/3hn69l4qoa804.3g8shy2588w00.php:385]
Sun, 23 Feb 2025 01:08:07 +0000 [2600:1006:b061:1e41:f5f2:67c:a096:72c4] [/home/u991737198/domains/tas2023.online/public_html/tmp/3hn69l4qoa804.3g8shy2588w00.php:385] Base->{closure}()
Sun, 23 Feb 2025 01:08:07 +0000 [2600:1006:b061:1e41:f5f2:67c:a096:72c4] [/home/u991737198/domains/tas2023.online/public_html/lib/base.php:3036] require('/home/u991737198/domains/tas2023.online/public_html/tmp/3hn69l4qoa804.3g8shy2588w00.php')
Sun, 23 Feb 2025 01:08:07 +0000 [2600:1006:b061:1e41:f5f2:67c:a096:72c4] [/home/u991737198/domains/tas2023.online/public_html/lib/base.php:3281] View->sandbox()
Sun, 23 Feb 2025 01:08:07 +0000 [2600:1006:b061:1e41:f5f2:67c:a096:72c4] [/home/u991737198/domains/tas2023.online/public_html/tmp/3hn69l4qoa804.3h31n1yj254w8.php:7] Preview->render()
Sun, 23 Feb 2025 01:08:07 +0000 [2600:1006:b061:1e41:f5f2:67c:a096:72c4] [/home/u991737198/domains/tas2023.online/public_html/lib/base.php:3036] require('/home/u991737198/domains/tas2023.online/public_html/tmp/3hn69l4qoa804.3h31n1yj254w8.php')
Sun, 23 Feb 2025 01:08:07 +0000 [2600:1006:b061:1e41:f5f2:67c:a096:72c4] [/home/u991737198/domains/tas2023.online/public_html/lib/base.php:3281] View->sandbox()
Sun, 23 Feb 2025 01:08:07 +0000 [2600:1006:b061:1e41:f5f2:67c:a096:72c4] [/home/u991737198/domains/tas2023.online/public_html/app/controllers/Controller.php:87] Preview->render()
Sun, 23 Feb 2025 01:08:07 +0000 [2600:1006:b061:1e41:f5f2:67c:a096:72c4] [/home/u991737198/domains/tas2023.online/public_html/lib/base.php:2078] Controller->afterroute()
Sun, 23 Feb 2025 01:08:07 +0000 [2600:1006:b061:1e41:f5f2:67c:a096:72c4] [/home/u991737198/domains/tas2023.online/public_html/lib/base.php:1871] Base->call()
Sun, 23 Feb 2025 01:08:07 +0000 [2600:1006:b061:1e41:f5f2:67c:a096:72c4] [/home/u991737198/domains/tas2023.online/public_html/index.php:19] Base->run()
Sun, 23 Feb 2025 01:24:29 +0000 [2600:1006:b061:1e41:f5f2:67c:a096:72c4] 500: Undefined variable $entity_num trace: [tmp/3hn69l4qoa804.man4oes5p0l2.php:177]
Sun, 23 Feb 2025 01:24:29 +0000 [2600:1006:b061:1e41:f5f2:67c:a096:72c4] [tmp/3hn69l4qoa804.man4oes5p0l2.php:177] Base->{closure}()
Sun, 23 Feb 2025 01:24:29 +0000 [2600:1006:b061:1e41:f5f2:67c:a096:72c4] [lib/base.php:3036] require('/home/u991737198/domains/tas2023.online/public_html/tmp/3hn69l4qoa804.man4oes5p0l2.php')
Sun, 23 Feb 2025 01:24:29 +0000 [2600:1006:b061:1e41:f5f2:67c:a096:72c4] [lib/base.php:3281] View->sandbox()
Sun, 23 Feb 2025 01:24:29 +0000 [2600:1006:b061:1e41:f5f2:67c:a096:72c4] [tmp/3hn69l4qoa804.3h31n1yj254w8.php:7] Preview->render()
Sun, 23 Feb 2025 01:24:29 +0000 [2600:1006:b061:1e41:f5f2:67c:a096:72c4] [lib/base.php:3036] require('/home/u991737198/domains/tas2023.online/public_html/tmp/3hn69l4qoa804.3h31n1yj254w8.php')
Sun, 23 Feb 2025 01:24:29 +0000 [2600:1006:b061:1e41:f5f2:67c:a096:72c4] [lib/base.php:3281] View->sandbox()
Sun, 23 Feb 2025 01:24:29 +0000 [2600:1006:b061:1e41:f5f2:67c:a096:72c4] [app/controllers/Controller.php:87] Preview->render()
Sun, 23 Feb 2025 01:24:29 +0000 [2600:1006:b061:1e41:f5f2:67c:a096:72c4] [lib/base.php:2078] Controller->afterroute()
Sun, 23 Feb 2025 01:24:29 +0000 [2600:1006:b061:1e41:f5f2:67c:a096:72c4] [lib/base.php:1871] Base->call()
Sun, 23 Feb 2025 01:24:29 +0000 [2600:1006:b061:1e41:f5f2:67c:a096:72c4] [index.php:19] Base->run()
Sun, 23 Feb 2025 01:24:39 +0000 [2600:1006:b061:1e41:f5f2:67c:a096:72c4] 500: Undefined variable $selected_note trace: [/home/u991737198/domains/tas2023.online/public_html/tmp/3hn69l4qoa804.3g8shy2588w00.php:385]
Sun, 23 Feb 2025 01:24:39 +0000 [2600:1006:b061:1e41:f5f2:67c:a096:72c4] [/home/u991737198/domains/tas2023.online/public_html/tmp/3hn69l4qoa804.3g8shy2588w00.php:385] Base->{closure}()
Sun, 23 Feb 2025 01:24:39 +0000 [2600:1006:b061:1e41:f5f2:67c:a096:72c4] [/home/u991737198/domains/tas2023.online/public_html/lib/base.php:3036] require('/home/u991737198/domains/tas2023.online/public_html/tmp/3hn69l4qoa804.3g8shy2588w00.php')
Sun, 23 Feb 2025 01:24:39 +0000 [2600:1006:b061:1e41:f5f2:67c:a096:72c4] [/home/u991737198/domains/tas2023.online/public_html/lib/base.php:3281] View->sandbox()
Sun, 23 Feb 2025 01:24:39 +0000 [2600:1006:b061:1e41:f5f2:67c:a096:72c4] [/home/u991737198/domains/tas2023.online/public_html/tmp/3hn69l4qoa804.3h31n1yj254w8.php:7] Preview->render()
Sun, 23 Feb 2025 01:24:39 +0000 [2600:1006:b061:1e41:f5f2:67c:a096:72c4] [/home/u991737198/domains/tas2023.online/public_html/lib/base.php:3036] require('/home/u991737198/domains/tas2023.online/public_html/tmp/3hn69l4qoa804.3h31n1yj254w8.php')
Sun, 23 Feb 2025 01:24:39 +0000 [2600:1006:b061:1e41:f5f2:67c:a096:72c4] [/home/u991737198/domains/tas2023.online/public_html/lib/base.php:3281] View->sandbox()
Sun, 23 Feb 2025 01:24:39 +0000 [2600:1006:b061:1e41:f5f2:67c:a096:72c4] [/home/u991737198/domains/tas2023.online/public_html/app/controllers/Controller.php:87] Preview->render()
Sun, 23 Feb 2025 01:24:39 +0000 [2600:1006:b061:1e41:f5f2:67c:a096:72c4] [/home/u991737198/domains/tas2023.online/public_html/lib/base.php:2078] Controller->afterroute()
Sun, 23 Feb 2025 01:24:39 +0000 [2600:1006:b061:1e41:f5f2:67c:a096:72c4] [/home/u991737198/domains/tas2023.online/public_html/lib/base.php:1871] Base->call()
Sun, 23 Feb 2025 01:24:39 +0000 [2600:1006:b061:1e41:f5f2:67c:a096:72c4] [/home/u991737198/domains/tas2023.online/public_html/index.php:19] Base->run()
Sun, 23 Feb 2025 01:25:01 +0000 [2600:1006:b061:1e41:f5f2:67c:a096:72c4] 500: Undefined variable $selected_note trace: [/home/u991737198/domains/tas2023.online/public_html/tmp/3hn69l4qoa804.3g8shy2588w00.php:385]
Sun, 23 Feb 2025 01:25:01 +0000 [2600:1006:b061:1e41:f5f2:67c:a096:72c4] [/home/u991737198/domains/tas2023.online/public_html/tmp/3hn69l4qoa804.3g8shy2588w00.php:385] Base->{closure}()
Sun, 23 Feb 2025 01:25:01 +0000 [2600:1006:b061:1e41:f5f2:67c:a096:72c4] [/home/u991737198/domains/tas2023.online/public_html/lib/base.php:3036] require('/home/u991737198/domains/tas2023.online/public_html/tmp/3hn69l4qoa804.3g8shy2588w00.php')
Sun, 23 Feb 2025 01:25:01 +0000 [2600:1006:b061:1e41:f5f2:67c:a096:72c4] [/home/u991737198/domains/tas2023.online/public_html/lib/base.php:3281] View->sandbox()
Sun, 23 Feb 2025 01:25:01 +0000 [2600:1006:b061:1e41:f5f2:67c:a096:72c4] [/home/u991737198/domains/tas2023.online/public_html/tmp/3hn69l4qoa804.3h31n1yj254w8.php:7] Preview->render()
Sun, 23 Feb 2025 01:25:01 +0000 [2600:1006:b061:1e41:f5f2:67c:a096:72c4] [/home/u991737198/domains/tas2023.online/public_html/lib/base.php:3036] require('/home/u991737198/domains/tas2023.online/public_html/tmp/3hn69l4qoa804.3h31n1yj254w8.php')
Sun, 23 Feb 2025 01:25:01 +0000 [2600:1006:b061:1e41:f5f2:67c:a096:72c4] [/home/u991737198/domains/tas2023.online/public_html/lib/base.php:3281] View->sandbox()
Sun, 23 Feb 2025 01:25:01 +0000 [2600:1006:b061:1e41:f5f2:67c:a096:72c4] [/home/u991737198/domains/tas2023.online/public_html/app/controllers/Controller.php:87] Preview->render()
Sun, 23 Feb 2025 01:25:01 +0000 [2600:1006:b061:1e41:f5f2:67c:a096:72c4] [/home/u991737198/domains/tas2023.online/public_html/lib/base.php:2078] Controller->afterroute()
Sun, 23 Feb 2025 01:25:01 +0000 [2600:1006:b061:1e41:f5f2:67c:a096:72c4] [/home/u991737198/domains/tas2023.online/public_html/lib/base.php:1871] Base->call()
Sun, 23 Feb 2025 01:25:01 +0000 [2600:1006:b061:1e41:f5f2:67c:a096:72c4] [/home/u991737198/domains/tas2023.online/public_html/index.php:19] Base->run()
Sun, 23 Feb 2025 14:34:54 +0000 [2600:1006:b013:b0c4:494:5587:ba1a:b87c] 500: Undefined variable $count trace: [tmp/3hn69l4qoa804.man4oes5p0l2.php:137]
Sun, 23 Feb 2025 14:34:54 +0000 [2600:1006:b013:b0c4:494:5587:ba1a:b87c] [tmp/3hn69l4qoa804.man4oes5p0l2.php:137] Base->{closure}()
Sun, 23 Feb 2025 14:34:54 +0000 [2600:1006:b013:b0c4:494:5587:ba1a:b87c] [lib/base.php:3036] require('/home/u991737198/domains/tas2023.online/public_html/tmp/3hn69l4qoa804.man4oes5p0l2.php')
Sun, 23 Feb 2025 14:34:54 +0000 [2600:1006:b013:b0c4:494:5587:ba1a:b87c] [lib/base.php:3281] View->sandbox()
Sun, 23 Feb 2025 14:34:54 +0000 [2600:1006:b013:b0c4:494:5587:ba1a:b87c] [tmp/3hn69l4qoa804.3h31n1yj254w8.php:7] Preview->render()
Sun, 23 Feb 2025 14:34:54 +0000 [2600:1006:b013:b0c4:494:5587:ba1a:b87c] [lib/base.php:3036] require('/home/u991737198/domains/tas2023.online/public_html/tmp/3hn69l4qoa804.3h31n1yj254w8.php')
Sun, 23 Feb 2025 14:34:54 +0000 [2600:1006:b013:b0c4:494:5587:ba1a:b87c] [lib/base.php:3281] View->sandbox()
Sun, 23 Feb 2025 14:34:54 +0000 [2600:1006:b013:b0c4:494:5587:ba1a:b87c] [app/controllers/Controller.php:87] Preview->render()
Sun, 23 Feb 2025 14:34:54 +0000 [2600:1006:b013:b0c4:494:5587:ba1a:b87c] [lib/base.php:2078] Controller->afterroute()
Sun, 23 Feb 2025 14:34:54 +0000 [2600:1006:b013:b0c4:494:5587:ba1a:b87c] [lib/base.php:1871] Base->call()
Sun, 23 Feb 2025 14:34:54 +0000 [2600:1006:b013:b0c4:494:5587:ba1a:b87c] [index.php:19] Base->run()
Sun, 23 Feb 2025 14:35:22 +0000 [2600:1006:b013:b0c4:494:5587:ba1a:b87c] 500: Undefined variable $count trace: [tmp/3hn69l4qoa804.man4oes5p0l2.php:137]
Sun, 23 Feb 2025 14:35:22 +0000 [2600:1006:b013:b0c4:494:5587:ba1a:b87c] [tmp/3hn69l4qoa804.man4oes5p0l2.php:137] Base->{closure}()
Sun, 23 Feb 2025 14:35:22 +0000 [2600:1006:b013:b0c4:494:5587:ba1a:b87c] [lib/base.php:3036] require('/home/u991737198/domains/tas2023.online/public_html/tmp/3hn69l4qoa804.man4oes5p0l2.php')
Sun, 23 Feb 2025 14:35:22 +0000 [2600:1006:b013:b0c4:494:5587:ba1a:b87c] [lib/base.php:3281] View->sandbox()
Sun, 23 Feb 2025 14:35:22 +0000 [2600:1006:b013:b0c4:494:5587:ba1a:b87c] [tmp/3hn69l4qoa804.3h31n1yj254w8.php:7] Preview->render()
Sun, 23 Feb 2025 14:35:22 +0000 [2600:1006:b013:b0c4:494:5587:ba1a:b87c] [lib/base.php:3036] require('/home/u991737198/domains/tas2023.online/public_html/tmp/3hn69l4qoa804.3h31n1yj254w8.php')
Sun, 23 Feb 2025 14:35:22 +0000 [2600:1006:b013:b0c4:494:5587:ba1a:b87c] [lib/base.php:3281] View->sandbox()
Sun, 23 Feb 2025 14:35:22 +0000 [2600:1006:b013:b0c4:494:5587:ba1a:b87c] [app/controllers/Controller.php:87] Preview->render()
Sun, 23 Feb 2025 14:35:22 +0000 [2600:1006:b013:b0c4:494:5587:ba1a:b87c] [lib/base.php:2078] Controller->afterroute()
Sun, 23 Feb 2025 14:35:22 +0000 [2600:1006:b013:b0c4:494:5587:ba1a:b87c] [lib/base.php:1871] Base->call()
Sun, 23 Feb 2025 14:35:22 +0000 [2600:1006:b013:b0c4:494:5587:ba1a:b87c] [index.php:19] Base->run()
Sun, 23 Feb 2025 14:36:24 +0000 [2600:1006:b004:c417:1c59:e5ff:fe1c:3914] 500: Undefined variable $selected_note trace: [/home/u991737198/domains/tas2023.online/public_html/tmp/3hn69l4qoa804.3g8shy2588w00.php:385]
Sun, 23 Feb 2025 14:36:24 +0000 [2600:1006:b004:c417:1c59:e5ff:fe1c:3914] [/home/u991737198/domains/tas2023.online/public_html/tmp/3hn69l4qoa804.3g8shy2588w00.php:385] Base->{closure}()
Sun, 23 Feb 2025 14:36:24 +0000 [2600:1006:b004:c417:1c59:e5ff:fe1c:3914] [/home/u991737198/domains/tas2023.online/public_html/lib/base.php:3036] require('/home/u991737198/domains/tas2023.online/public_html/tmp/3hn69l4qoa804.3g8shy2588w00.php')
Sun, 23 Feb 2025 14:36:24 +0000 [2600:1006:b004:c417:1c59:e5ff:fe1c:3914] [/home/u991737198/domains/tas2023.online/public_html/lib/base.php:3281] View->sandbox()
Sun, 23 Feb 2025 14:36:24 +0000 [2600:1006:b004:c417:1c59:e5ff:fe1c:3914] [/home/u991737198/domains/tas2023.online/public_html/tmp/3hn69l4qoa804.3h31n1yj254w8.php:7] Preview->render()
Sun, 23 Feb 2025 14:36:24 +0000 [2600:1006:b004:c417:1c59:e5ff:fe1c:3914] [/home/u991737198/domains/tas2023.online/public_html/lib/base.php:3036] require('/home/u991737198/domains/tas2023.online/public_html/tmp/3hn69l4qoa804.3h31n1yj254w8.php')
Sun, 23 Feb 2025 14:36:24 +0000 [2600:1006:b004:c417:1c59:e5ff:fe1c:3914] [/home/u991737198/domains/tas2023.online/public_html/lib/base.php:3281] View->sandbox()
Sun, 23 Feb 2025 14:36:24 +0000 [2600:1006:b004:c417:1c59:e5ff:fe1c:3914] [/home/u991737198/domains/tas2023.online/public_html/app/controllers/Controller.php:87] Preview->render()
Sun, 23 Feb 2025 14:36:24 +0000 [2600:1006:b004:c417:1c59:e5ff:fe1c:3914] [/home/u991737198/domains/tas2023.online/public_html/lib/base.php:2078] Controller->afterroute()
Sun, 23 Feb 2025 14:36:24 +0000 [2600:1006:b004:c417:1c59:e5ff:fe1c:3914] [/home/u991737198/domains/tas2023.online/public_html/lib/base.php:1871] Base->call()
Sun, 23 Feb 2025 14:36:24 +0000 [2600:1006:b004:c417:1c59:e5ff:fe1c:3914] [/home/u991737198/domains/tas2023.online/public_html/index.php:19] Base->run()
Sun, 23 Feb 2025 14:37:00 +0000 [2600:1006:b004:c417:1c59:e5ff:fe1c:3914] 500: Undefined variable $selected_note trace: [/home/u991737198/domains/tas2023.online/public_html/tmp/3hn69l4qoa804.3g8shy2588w00.php:385]
Sun, 23 Feb 2025 14:37:00 +0000 [2600:1006:b004:c417:1c59:e5ff:fe1c:3914] [/home/u991737198/domains/tas2023.online/public_html/tmp/3hn69l4qoa804.3g8shy2588w00.php:385] Base->{closure}()
Sun, 23 Feb 2025 14:37:00 +0000 [2600:1006:b004:c417:1c59:e5ff:fe1c:3914] [/home/u991737198/domains/tas2023.online/public_html/lib/base.php:3036] require('/home/u991737198/domains/tas2023.online/public_html/tmp/3hn69l4qoa804.3g8shy2588w00.php')
Sun, 23 Feb 2025 14:37:00 +0000 [2600:1006:b004:c417:1c59:e5ff:fe1c:3914] [/home/u991737198/domains/tas2023.online/public_html/lib/base.php:3281] View->sandbox()
Sun, 23 Feb 2025 14:37:00 +0000 [2600:1006:b004:c417:1c59:e5ff:fe1c:3914] [/home/u991737198/domains/tas2023.online/public_html/tmp/3hn69l4qoa804.3h31n1yj254w8.php:7] Preview->render()
Sun, 23 Feb 2025 14:37:00 +0000 [2600:1006:b004:c417:1c59:e5ff:fe1c:3914] [/home/u991737198/domains/tas2023.online/public_html/lib/base.php:3036] require('/home/u991737198/domains/tas2023.online/public_html/tmp/3hn69l4qoa804.3h31n1yj254w8.php')
Sun, 23 Feb 2025 14:37:00 +0000 [2600:1006:b004:c417:1c59:e5ff:fe1c:3914] [/home/u991737198/domains/tas2023.online/public_html/lib/base.php:3281] View->sandbox()
Sun, 23 Feb 2025 14:37:00 +0000 [2600:1006:b004:c417:1c59:e5ff:fe1c:3914] [/home/u991737198/domains/tas2023.online/public_html/app/controllers/Controller.php:87] Preview->render()
Sun, 23 Feb 2025 14:37:00 +0000 [2600:1006:b004:c417:1c59:e5ff:fe1c:3914] [/home/u991737198/domains/tas2023.online/public_html/lib/base.php:2078] Controller->afterroute()
Sun, 23 Feb 2025 14:37:00 +0000 [2600:1006:b004:c417:1c59:e5ff:fe1c:3914] [/home/u991737198/domains/tas2023.online/public_html/lib/base.php:1871] Base->call()
Sun, 23 Feb 2025 14:37:00 +0000 [2600:1006:b004:c417:1c59:e5ff:fe1c:3914] [/home/u991737198/domains/tas2023.online/public_html/index.php:19] Base->run()
Sun, 23 Feb 2025 14:37:00 +0000 [2600:1006:b004:c417:1c59:e5ff:fe1c:3914] 401: HTTP 401 (GET /task/taskData) trace: [/home/u991737198/domains/tas2023.online/public_html/lib/access.php:112] Base->error()
Sun, 23 Feb 2025 14:37:00 +0000 [2600:1006:b004:c417:1c59:e5ff:fe1c:3914] 401: HTTP 401 (GET /task/teamProductivity) trace: [/home/u991737198/domains/tas2023.online/public_html/lib/access.php:112] Base->error()
Sun, 23 Feb 2025 14:37:00 +0000 [2600:1006:b004:c417:1c59:e5ff:fe1c:3914] [/home/u991737198/domains/tas2023.online/public_html/app/controllers/Controller.php:78] Access->authorize()
Sun, 23 Feb 2025 14:37:00 +0000 [2600:1006:b004:c417:1c59:e5ff:fe1c:3914] [/home/u991737198/domains/tas2023.online/public_html/app/controllers/Controller.php:78] Access->authorize()
Sun, 23 Feb 2025 14:37:00 +0000 [2600:1006:b004:c417:1c59:e5ff:fe1c:3914] [/home/u991737198/domains/tas2023.online/public_html/lib/base.php:2069] Controller->beforeroute()
Sun, 23 Feb 2025 14:37:00 +0000 [2600:1006:b004:c417:1c59:e5ff:fe1c:3914] [/home/u991737198/domains/tas2023.online/public_html/lib/base.php:2069] Controller->beforeroute()
Sun, 23 Feb 2025 14:37:00 +0000 [2600:1006:b004:c417:1c59:e5ff:fe1c:3914] [/home/u991737198/domains/tas2023.online/public_html/lib/base.php:1871] Base->call()
Sun, 23 Feb 2025 14:37:00 +0000 [2600:1006:b004:c417:1c59:e5ff:fe1c:3914] [/home/u991737198/domains/tas2023.online/public_html/lib/base.php:1871] Base->call()
Sun, 23 Feb 2025 14:37:00 +0000 [2600:1006:b004:c417:1c59:e5ff:fe1c:3914] [/home/u991737198/domains/tas2023.online/public_html/index.php:19] Base->run()
Sun, 23 Feb 2025 14:37:00 +0000 [2600:1006:b004:c417:1c59:e5ff:fe1c:3914] [/home/u991737198/domains/tas2023.online/public_html/index.php:19] Base->run()
Sun, 23 Feb 2025 14:37:04 +0000 [2600:1006:b004:c417:1c59:e5ff:fe1c:3914] 401: HTTP 401 (GET /task/listtasks) trace: [/home/u991737198/domains/tas2023.online/public_html/lib/access.php:112] Base->error()
Sun, 23 Feb 2025 14:37:04 +0000 [2600:1006:b004:c417:1c59:e5ff:fe1c:3914] [/home/u991737198/domains/tas2023.online/public_html/app/controllers/Controller.php:78] Access->authorize()
Sun, 23 Feb 2025 14:37:04 +0000 [2600:1006:b004:c417:1c59:e5ff:fe1c:3914] [/home/u991737198/domains/tas2023.online/public_html/lib/base.php:2069] Controller->beforeroute()
Sun, 23 Feb 2025 14:37:04 +0000 [2600:1006:b004:c417:1c59:e5ff:fe1c:3914] [/home/u991737198/domains/tas2023.online/public_html/lib/base.php:1871] Base->call()
Sun, 23 Feb 2025 14:37:04 +0000 [2600:1006:b004:c417:1c59:e5ff:fe1c:3914] [/home/u991737198/domains/tas2023.online/public_html/index.php:19] Base->run()
Sun, 23 Feb 2025 14:37:18 +0000 [2600:1006:b004:c417:1c59:e5ff:fe1c:3914] 500: Undefined variable $selected_note trace: [/home/u991737198/domains/tas2023.online/public_html/tmp/3hn69l4qoa804.3g8shy2588w00.php:385]
Sun, 23 Feb 2025 14:37:18 +0000 [2600:1006:b004:c417:1c59:e5ff:fe1c:3914] [/home/u991737198/domains/tas2023.online/public_html/tmp/3hn69l4qoa804.3g8shy2588w00.php:385] Base->{closure}()
Sun, 23 Feb 2025 14:37:18 +0000 [2600:1006:b004:c417:1c59:e5ff:fe1c:3914] [/home/u991737198/domains/tas2023.online/public_html/lib/base.php:3036] require('/home/u991737198/domains/tas2023.online/public_html/tmp/3hn69l4qoa804.3g8shy2588w00.php')
Sun, 23 Feb 2025 14:37:18 +0000 [2600:1006:b004:c417:1c59:e5ff:fe1c:3914] [/home/u991737198/domains/tas2023.online/public_html/lib/base.php:3281] View->sandbox()
Sun, 23 Feb 2025 14:37:18 +0000 [2600:1006:b004:c417:1c59:e5ff:fe1c:3914] [/home/u991737198/domains/tas2023.online/public_html/tmp/3hn69l4qoa804.3h31n1yj254w8.php:7] Preview->render()
Sun, 23 Feb 2025 14:37:18 +0000 [2600:1006:b004:c417:1c59:e5ff:fe1c:3914] [/home/u991737198/domains/tas2023.online/public_html/lib/base.php:3036] require('/home/u991737198/domains/tas2023.online/public_html/tmp/3hn69l4qoa804.3h31n1yj254w8.php')
Sun, 23 Feb 2025 14:37:18 +0000 [2600:1006:b004:c417:1c59:e5ff:fe1c:3914] [/home/u991737198/domains/tas2023.online/public_html/lib/base.php:3281] View->sandbox()
Sun, 23 Feb 2025 14:37:18 +0000 [2600:1006:b004:c417:1c59:e5ff:fe1c:3914] [/home/u991737198/domains/tas2023.online/public_html/app/controllers/Controller.php:87] Preview->render()
Sun, 23 Feb 2025 14:37:18 +0000 [2600:1006:b004:c417:1c59:e5ff:fe1c:3914] [/home/u991737198/domains/tas2023.online/public_html/lib/base.php:2078] Controller->afterroute()
Sun, 23 Feb 2025 14:37:18 +0000 [2600:1006:b004:c417:1c59:e5ff:fe1c:3914] [/home/u991737198/domains/tas2023.online/public_html/lib/base.php:1871] Base->call()
Sun, 23 Feb 2025 14:37:18 +0000 [2600:1006:b004:c417:1c59:e5ff:fe1c:3914] [/home/u991737198/domains/tas2023.online/public_html/index.php:19] Base->run()
Sun, 23 Feb 2025 14:39:49 +0000 [2600:1006:b004:c417:1c59:e5ff:fe1c:3914] 500: Undefined variable $selected_note trace: [/home/u991737198/domains/tas2023.online/public_html/tmp/3hn69l4qoa804.3g8shy2588w00.php:385]
Sun, 23 Feb 2025 14:39:49 +0000 [2600:1006:b004:c417:1c59:e5ff:fe1c:3914] [/home/u991737198/domains/tas2023.online/public_html/tmp/3hn69l4qoa804.3g8shy2588w00.php:385] Base->{closure}()
Sun, 23 Feb 2025 14:39:49 +0000 [2600:1006:b004:c417:1c59:e5ff:fe1c:3914] [/home/u991737198/domains/tas2023.online/public_html/lib/base.php:3036] require('/home/u991737198/domains/tas2023.online/public_html/tmp/3hn69l4qoa804.3g8shy2588w00.php')
Sun, 23 Feb 2025 14:39:49 +0000 [2600:1006:b004:c417:1c59:e5ff:fe1c:3914] [/home/u991737198/domains/tas2023.online/public_html/lib/base.php:3281] View->sandbox()
Sun, 23 Feb 2025 14:39:49 +0000 [2600:1006:b004:c417:1c59:e5ff:fe1c:3914] [/home/u991737198/domains/tas2023.online/public_html/tmp/3hn69l4qoa804.3h31n1yj254w8.php:7] Preview->render()
Sun, 23 Feb 2025 14:39:49 +0000 [2600:1006:b004:c417:1c59:e5ff:fe1c:3914] [/home/u991737198/domains/tas2023.online/public_html/lib/base.php:3036] require('/home/u991737198/domains/tas2023.online/public_html/tmp/3hn69l4qoa804.3h31n1yj254w8.php')
Sun, 23 Feb 2025 14:39:49 +0000 [2600:1006:b004:c417:1c59:e5ff:fe1c:3914] [/home/u991737198/domains/tas2023.online/public_html/lib/base.php:3281] View->sandbox()
Sun, 23 Feb 2025 14:39:49 +0000 [2600:1006:b004:c417:1c59:e5ff:fe1c:3914] [/home/u991737198/domains/tas2023.online/public_html/app/controllers/Controller.php:87] Preview->render()
Sun, 23 Feb 2025 14:39:49 +0000 [2600:1006:b004:c417:1c59:e5ff:fe1c:3914] [/home/u991737198/domains/tas2023.online/public_html/lib/base.php:2078] Controller->afterroute()
Sun, 23 Feb 2025 14:39:49 +0000 [2600:1006:b004:c417:1c59:e5ff:fe1c:3914] [/home/u991737198/domains/tas2023.online/public_html/lib/base.php:1871] Base->call()
Sun, 23 Feb 2025 14:39:49 +0000 [2600:1006:b004:c417:1c59:e5ff:fe1c:3914] [/home/u991737198/domains/tas2023.online/public_html/index.php:19] Base->run()
Sun, 23 Feb 2025 14:42:23 +0000 [2600:1006:b004:c417:1c59:e5ff:fe1c:3914] 500: Undefined variable $selected_note trace: [/home/u991737198/domains/tas2023.online/public_html/tmp/3hn69l4qoa804.3g8shy2588w00.php:385]
Sun, 23 Feb 2025 14:42:23 +0000 [2600:1006:b004:c417:1c59:e5ff:fe1c:3914] [/home/u991737198/domains/tas2023.online/public_html/tmp/3hn69l4qoa804.3g8shy2588w00.php:385] Base->{closure}()
Sun, 23 Feb 2025 14:42:23 +0000 [2600:1006:b004:c417:1c59:e5ff:fe1c:3914] [/home/u991737198/domains/tas2023.online/public_html/lib/base.php:3036] require('/home/u991737198/domains/tas2023.online/public_html/tmp/3hn69l4qoa804.3g8shy2588w00.php')
Sun, 23 Feb 2025 14:42:23 +0000 [2600:1006:b004:c417:1c59:e5ff:fe1c:3914] [/home/u991737198/domains/tas2023.online/public_html/lib/base.php:3281] View->sandbox()
Sun, 23 Feb 2025 14:42:23 +0000 [2600:1006:b004:c417:1c59:e5ff:fe1c:3914] [/home/u991737198/domains/tas2023.online/public_html/tmp/3hn69l4qoa804.3h31n1yj254w8.php:7] Preview->render()
Sun, 23 Feb 2025 14:42:23 +0000 [2600:1006:b004:c417:1c59:e5ff:fe1c:3914] [/home/u991737198/domains/tas2023.online/public_html/lib/base.php:3036] require('/home/u991737198/domains/tas2023.online/public_html/tmp/3hn69l4qoa804.3h31n1yj254w8.php')
Sun, 23 Feb 2025 14:42:23 +0000 [2600:1006:b004:c417:1c59:e5ff:fe1c:3914] [/home/u991737198/domains/tas2023.online/public_html/lib/base.php:3281] View->sandbox()
Sun, 23 Feb 2025 14:42:23 +0000 [2600:1006:b004:c417:1c59:e5ff:fe1c:3914] [/home/u991737198/domains/tas2023.online/public_html/app/controllers/Controller.php:87] Preview->render()
Sun, 23 Feb 2025 14:42:23 +0000 [2600:1006:b004:c417:1c59:e5ff:fe1c:3914] [/home/u991737198/domains/tas2023.online/public_html/lib/base.php:2078] Controller->afterroute()
Sun, 23 Feb 2025 14:42:23 +0000 [2600:1006:b004:c417:1c59:e5ff:fe1c:3914] [/home/u991737198/domains/tas2023.online/public_html/lib/base.php:1871] Base->call()
Sun, 23 Feb 2025 14:42:23 +0000 [2600:1006:b004:c417:1c59:e5ff:fe1c:3914] [/home/u991737198/domains/tas2023.online/public_html/index.php:19] Base->run()
Sun, 23 Feb 2025 14:42:39 +0000 [2600:1006:b004:c417:1c59:e5ff:fe1c:3914] 500: trim(): Passing null to parameter #1 ($string) of type string is deprecated trace: [/home/u991737198/domains/tas2023.online/public_html/tmp/3hn69l4qoa804.3g8shy2588w00.php:356]
Sun, 23 Feb 2025 14:42:39 +0000 [2600:1006:b004:c417:1c59:e5ff:fe1c:3914] [/home/u991737198/domains/tas2023.online/public_html/tmp/3hn69l4qoa804.3g8shy2588w00.php:356] trim()
Sun, 23 Feb 2025 14:42:39 +0000 [2600:1006:b004:c417:1c59:e5ff:fe1c:3914] [/home/u991737198/domains/tas2023.online/public_html/lib/base.php:3036] require('/home/u991737198/domains/tas2023.online/public_html/tmp/3hn69l4qoa804.3g8shy2588w00.php')
Sun, 23 Feb 2025 14:42:39 +0000 [2600:1006:b004:c417:1c59:e5ff:fe1c:3914] [/home/u991737198/domains/tas2023.online/public_html/lib/base.php:3281] View->sandbox()
Sun, 23 Feb 2025 14:42:39 +0000 [2600:1006:b004:c417:1c59:e5ff:fe1c:3914] [/home/u991737198/domains/tas2023.online/public_html/tmp/3hn69l4qoa804.3h31n1yj254w8.php:7] Preview->render()
Sun, 23 Feb 2025 14:42:39 +0000 [2600:1006:b004:c417:1c59:e5ff:fe1c:3914] [/home/u991737198/domains/tas2023.online/public_html/lib/base.php:3036] require('/home/u991737198/domains/tas2023.online/public_html/tmp/3hn69l4qoa804.3h31n1yj254w8.php')
Sun, 23 Feb 2025 14:42:39 +0000 [2600:1006:b004:c417:1c59:e5ff:fe1c:3914] [/home/u991737198/domains/tas2023.online/public_html/lib/base.php:3281] View->sandbox()
Sun, 23 Feb 2025 14:42:39 +0000 [2600:1006:b004:c417:1c59:e5ff:fe1c:3914] [/home/u991737198/domains/tas2023.online/public_html/app/controllers/Controller.php:87] Preview->render()
Sun, 23 Feb 2025 14:42:39 +0000 [2600:1006:b004:c417:1c59:e5ff:fe1c:3914] [/home/u991737198/domains/tas2023.online/public_html/lib/base.php:2078] Controller->afterroute()
Sun, 23 Feb 2025 14:42:39 +0000 [2600:1006:b004:c417:1c59:e5ff:fe1c:3914] [/home/u991737198/domains/tas2023.online/public_html/lib/base.php:1871] Base->call()
Sun, 23 Feb 2025 14:42:39 +0000 [2600:1006:b004:c417:1c59:e5ff:fe1c:3914] [/home/u991737198/domains/tas2023.online/public_html/index.php:19] Base->run()
Sun, 23 Feb 2025 14:43:05 +0000 [2600:1006:b004:c417:1c59:e5ff:fe1c:3914] 500: Undefined variable $selected_note trace: [/home/u991737198/domains/tas2023.online/public_html/tmp/3hn69l4qoa804.3g8shy2588w00.php:385]
Sun, 23 Feb 2025 14:43:05 +0000 [2600:1006:b004:c417:1c59:e5ff:fe1c:3914] [/home/u991737198/domains/tas2023.online/public_html/tmp/3hn69l4qoa804.3g8shy2588w00.php:385] Base->{closure}()
Sun, 23 Feb 2025 14:43:05 +0000 [2600:1006:b004:c417:1c59:e5ff:fe1c:3914] [/home/u991737198/domains/tas2023.online/public_html/lib/base.php:3036] require('/home/u991737198/domains/tas2023.online/public_html/tmp/3hn69l4qoa804.3g8shy2588w00.php')
Sun, 23 Feb 2025 14:43:05 +0000 [2600:1006:b004:c417:1c59:e5ff:fe1c:3914] [/home/u991737198/domains/tas2023.online/public_html/lib/base.php:3281] View->sandbox()
Sun, 23 Feb 2025 14:43:05 +0000 [2600:1006:b004:c417:1c59:e5ff:fe1c:3914] [/home/u991737198/domains/tas2023.online/public_html/tmp/3hn69l4qoa804.3h31n1yj254w8.php:7] Preview->render()
Sun, 23 Feb 2025 14:43:05 +0000 [2600:1006:b004:c417:1c59:e5ff:fe1c:3914] [/home/u991737198/domains/tas2023.online/public_html/lib/base.php:3036] require('/home/u991737198/domains/tas2023.online/public_html/tmp/3hn69l4qoa804.3h31n1yj254w8.php')
Sun, 23 Feb 2025 14:43:05 +0000 [2600:1006:b004:c417:1c59:e5ff:fe1c:3914] [/home/u991737198/domains/tas2023.online/public_html/lib/base.php:3281] View->sandbox()
Sun, 23 Feb 2025 14:43:05 +0000 [2600:1006:b004:c417:1c59:e5ff:fe1c:3914] [/home/u991737198/domains/tas2023.online/public_html/app/controllers/Controller.php:87] Preview->render()
Sun, 23 Feb 2025 14:43:05 +0000 [2600:1006:b004:c417:1c59:e5ff:fe1c:3914] [/home/u991737198/domains/tas2023.online/public_html/lib/base.php:2078] Controller->afterroute()
Sun, 23 Feb 2025 14:43:05 +0000 [2600:1006:b004:c417:1c59:e5ff:fe1c:3914] [/home/u991737198/domains/tas2023.online/public_html/lib/base.php:1871] Base->call()
Sun, 23 Feb 2025 14:43:05 +0000 [2600:1006:b004:c417:1c59:e5ff:fe1c:3914] [/home/u991737198/domains/tas2023.online/public_html/index.php:19] Base->run()
Sun, 23 Feb 2025 14:43:13 +0000 [2600:1006:b004:c417:1c59:e5ff:fe1c:3914] 500: trim(): Passing null to parameter #1 ($string) of type string is deprecated trace: [/home/u991737198/domains/tas2023.online/public_html/tmp/3hn69l4qoa804.3g8shy2588w00.php:356]
Sun, 23 Feb 2025 14:43:13 +0000 [2600:1006:b004:c417:1c59:e5ff:fe1c:3914] [/home/u991737198/domains/tas2023.online/public_html/tmp/3hn69l4qoa804.3g8shy2588w00.php:356] trim()
Sun, 23 Feb 2025 14:43:13 +0000 [2600:1006:b004:c417:1c59:e5ff:fe1c:3914] [/home/u991737198/domains/tas2023.online/public_html/lib/base.php:3036] require('/home/u991737198/domains/tas2023.online/public_html/tmp/3hn69l4qoa804.3g8shy2588w00.php')
Sun, 23 Feb 2025 14:43:13 +0000 [2600:1006:b004:c417:1c59:e5ff:fe1c:3914] [/home/u991737198/domains/tas2023.online/public_html/lib/base.php:3281] View->sandbox()
Sun, 23 Feb 2025 14:43:13 +0000 [2600:1006:b004:c417:1c59:e5ff:fe1c:3914] [/home/u991737198/domains/tas2023.online/public_html/tmp/3hn69l4qoa804.3h31n1yj254w8.php:7] Preview->render()
Sun, 23 Feb 2025 14:43:13 +0000 [2600:1006:b004:c417:1c59:e5ff:fe1c:3914] [/home/u991737198/domains/tas2023.online/public_html/lib/base.php:3036] require('/home/u991737198/domains/tas2023.online/public_html/tmp/3hn69l4qoa804.3h31n1yj254w8.php')
Sun, 23 Feb 2025 14:43:13 +0000 [2600:1006:b004:c417:1c59:e5ff:fe1c:3914] [/home/u991737198/domains/tas2023.online/public_html/lib/base.php:3281] View->sandbox()
Sun, 23 Feb 2025 14:43:13 +0000 [2600:1006:b004:c417:1c59:e5ff:fe1c:3914] [/home/u991737198/domains/tas2023.online/public_html/app/controllers/Controller.php:87] Preview->render()
Sun, 23 Feb 2025 14:43:13 +0000 [2600:1006:b004:c417:1c59:e5ff:fe1c:3914] [/home/u991737198/domains/tas2023.online/public_html/lib/base.php:2078] Controller->afterroute()
Sun, 23 Feb 2025 14:43:13 +0000 [2600:1006:b004:c417:1c59:e5ff:fe1c:3914] [/home/u991737198/domains/tas2023.online/public_html/lib/base.php:1871] Base->call()
Sun, 23 Feb 2025 14:43:13 +0000 [2600:1006:b004:c417:1c59:e5ff:fe1c:3914] [/home/u991737198/domains/tas2023.online/public_html/index.php:19] Base->run()
Sun, 23 Feb 2025 14:43:20 +0000 [2600:1006:b004:c417:1c59:e5ff:fe1c:3914] 500: Undefined variable $selected_note trace: [/home/u991737198/domains/tas2023.online/public_html/tmp/3hn69l4qoa804.3g8shy2588w00.php:385]
Sun, 23 Feb 2025 14:43:20 +0000 [2600:1006:b004:c417:1c59:e5ff:fe1c:3914] [/home/u991737198/domains/tas2023.online/public_html/tmp/3hn69l4qoa804.3g8shy2588w00.php:385] Base->{closure}()
Sun, 23 Feb 2025 14:43:20 +0000 [2600:1006:b004:c417:1c59:e5ff:fe1c:3914] [/home/u991737198/domains/tas2023.online/public_html/lib/base.php:3036] require('/home/u991737198/domains/tas2023.online/public_html/tmp/3hn69l4qoa804.3g8shy2588w00.php')
Sun, 23 Feb 2025 14:43:20 +0000 [2600:1006:b004:c417:1c59:e5ff:fe1c:3914] [/home/u991737198/domains/tas2023.online/public_html/lib/base.php:3281] View->sandbox()
Sun, 23 Feb 2025 14:43:20 +0000 [2600:1006:b004:c417:1c59:e5ff:fe1c:3914] [/home/u991737198/domains/tas2023.online/public_html/tmp/3hn69l4qoa804.3h31n1yj254w8.php:7] Preview->render()
Sun, 23 Feb 2025 14:43:20 +0000 [2600:1006:b004:c417:1c59:e5ff:fe1c:3914] [/home/u991737198/domains/tas2023.online/public_html/lib/base.php:3036] require('/home/u991737198/domains/tas2023.online/public_html/tmp/3hn69l4qoa804.3h31n1yj254w8.php')
Sun, 23 Feb 2025 14:43:20 +0000 [2600:1006:b004:c417:1c59:e5ff:fe1c:3914] [/home/u991737198/domains/tas2023.online/public_html/lib/base.php:3281] View->sandbox()
Sun, 23 Feb 2025 14:43:20 +0000 [2600:1006:b004:c417:1c59:e5ff:fe1c:3914] [/home/u991737198/domains/tas2023.online/public_html/app/controllers/Controller.php:87] Preview->render()
Sun, 23 Feb 2025 14:43:20 +0000 [2600:1006:b004:c417:1c59:e5ff:fe1c:3914] [/home/u991737198/domains/tas2023.online/public_html/lib/base.php:2078] Controller->afterroute()
Sun, 23 Feb 2025 14:43:20 +0000 [2600:1006:b004:c417:1c59:e5ff:fe1c:3914] [/home/u991737198/domains/tas2023.online/public_html/lib/base.php:1871] Base->call()
Sun, 23 Feb 2025 14:43:20 +0000 [2600:1006:b004:c417:1c59:e5ff:fe1c:3914] [/home/u991737198/domains/tas2023.online/public_html/index.php:19] Base->run()
Sun, 23 Feb 2025 14:44:18 +0000 [2600:1006:b013:b0c4:494:5587:ba1a:b87c] 500: Undefined variable $entity_num trace: [tmp/3hn69l4qoa804.1zo7dt0fljr4w.php:200]
Sun, 23 Feb 2025 14:44:18 +0000 [2600:1006:b013:b0c4:494:5587:ba1a:b87c] [tmp/3hn69l4qoa804.1zo7dt0fljr4w.php:200] Base->{closure}()
Sun, 23 Feb 2025 14:44:18 +0000 [2600:1006:b013:b0c4:494:5587:ba1a:b87c] [lib/base.php:3036] require('/home/u991737198/domains/tas2023.online/public_html/tmp/3hn69l4qoa804.1zo7dt0fljr4w.php')
Sun, 23 Feb 2025 14:44:18 +0000 [2600:1006:b013:b0c4:494:5587:ba1a:b87c] [lib/base.php:3281] View->sandbox()
Sun, 23 Feb 2025 14:44:18 +0000 [2600:1006:b013:b0c4:494:5587:ba1a:b87c] [tmp/3hn69l4qoa804.3h31n1yj254w8.php:7] Preview->render()
Sun, 23 Feb 2025 14:44:18 +0000 [2600:1006:b013:b0c4:494:5587:ba1a:b87c] [lib/base.php:3036] require('/home/u991737198/domains/tas2023.online/public_html/tmp/3hn69l4qoa804.3h31n1yj254w8.php')
Sun, 23 Feb 2025 14:44:18 +0000 [2600:1006:b013:b0c4:494:5587:ba1a:b87c] [lib/base.php:3281] View->sandbox()
Sun, 23 Feb 2025 14:44:18 +0000 [2600:1006:b013:b0c4:494:5587:ba1a:b87c] [app/controllers/Controller.php:87] Preview->render()
Sun, 23 Feb 2025 14:44:18 +0000 [2600:1006:b013:b0c4:494:5587:ba1a:b87c] [lib/base.php:2078] Controller->afterroute()
Sun, 23 Feb 2025 14:44:18 +0000 [2600:1006:b013:b0c4:494:5587:ba1a:b87c] [lib/base.php:1871] Base->call()
Sun, 23 Feb 2025 14:44:18 +0000 [2600:1006:b013:b0c4:494:5587:ba1a:b87c] [index.php:19] Base->run()
Sun, 23 Feb 2025 14:44:27 +0000 [2600:1006:b013:b0c4:494:5587:ba1a:b87c] 500: Undefined variable $entity_num trace: [tmp/3hn69l4qoa804.1zo7dt0fljr4w.php:200]
Sun, 23 Feb 2025 14:44:27 +0000 [2600:1006:b013:b0c4:494:5587:ba1a:b87c] [tmp/3hn69l4qoa804.1zo7dt0fljr4w.php:200] Base->{closure}()
Sun, 23 Feb 2025 14:44:27 +0000 [2600:1006:b013:b0c4:494:5587:ba1a:b87c] [lib/base.php:3036] require('/home/u991737198/domains/tas2023.online/public_html/tmp/3hn69l4qoa804.1zo7dt0fljr4w.php')
Sun, 23 Feb 2025 14:44:27 +0000 [2600:1006:b013:b0c4:494:5587:ba1a:b87c] [lib/base.php:3281] View->sandbox()
Sun, 23 Feb 2025 14:44:27 +0000 [2600:1006:b013:b0c4:494:5587:ba1a:b87c] [tmp/3hn69l4qoa804.3h31n1yj254w8.php:7] Preview->render()
Sun, 23 Feb 2025 14:44:27 +0000 [2600:1006:b013:b0c4:494:5587:ba1a:b87c] [lib/base.php:3036] require('/home/u991737198/domains/tas2023.online/public_html/tmp/3hn69l4qoa804.3h31n1yj254w8.php')
Sun, 23 Feb 2025 14:44:27 +0000 [2600:1006:b013:b0c4:494:5587:ba1a:b87c] [lib/base.php:3281] View->sandbox()
Sun, 23 Feb 2025 14:44:27 +0000 [2600:1006:b013:b0c4:494:5587:ba1a:b87c] [app/controllers/Controller.php:87] Preview->render()
Sun, 23 Feb 2025 14:44:27 +0000 [2600:1006:b013:b0c4:494:5587:ba1a:b87c] [lib/base.php:2078] Controller->afterroute()
Sun, 23 Feb 2025 14:44:27 +0000 [2600:1006:b013:b0c4:494:5587:ba1a:b87c] [lib/base.php:1871] Base->call()
Sun, 23 Feb 2025 14:44:27 +0000 [2600:1006:b013:b0c4:494:5587:ba1a:b87c] [index.php:19] Base->run()
Sun, 23 Feb 2025 14:44:38 +0000 [2600:1006:b013:b0c4:494:5587:ba1a:b87c] 500: Undefined variable $selected_note trace: [/home/u991737198/domains/tas2023.online/public_html/tmp/3hn69l4qoa804.3g8shy2588w00.php:385]
Sun, 23 Feb 2025 14:44:38 +0000 [2600:1006:b013:b0c4:494:5587:ba1a:b87c] [/home/u991737198/domains/tas2023.online/public_html/tmp/3hn69l4qoa804.3g8shy2588w00.php:385] Base->{closure}()
Sun, 23 Feb 2025 14:44:38 +0000 [2600:1006:b013:b0c4:494:5587:ba1a:b87c] [/home/u991737198/domains/tas2023.online/public_html/lib/base.php:3036] require('/home/u991737198/domains/tas2023.online/public_html/tmp/3hn69l4qoa804.3g8shy2588w00.php')
Sun, 23 Feb 2025 14:44:38 +0000 [2600:1006:b013:b0c4:494:5587:ba1a:b87c] [/home/u991737198/domains/tas2023.online/public_html/lib/base.php:3281] View->sandbox()
Sun, 23 Feb 2025 14:44:38 +0000 [2600:1006:b013:b0c4:494:5587:ba1a:b87c] [/home/u991737198/domains/tas2023.online/public_html/tmp/3hn69l4qoa804.3h31n1yj254w8.php:7] Preview->render()
Sun, 23 Feb 2025 14:44:38 +0000 [2600:1006:b013:b0c4:494:5587:ba1a:b87c] [/home/u991737198/domains/tas2023.online/public_html/lib/base.php:3036] require('/home/u991737198/domains/tas2023.online/public_html/tmp/3hn69l4qoa804.3h31n1yj254w8.php')
Sun, 23 Feb 2025 14:44:38 +0000 [2600:1006:b013:b0c4:494:5587:ba1a:b87c] [/home/u991737198/domains/tas2023.online/public_html/lib/base.php:3281] View->sandbox()
Sun, 23 Feb 2025 14:44:38 +0000 [2600:1006:b013:b0c4:494:5587:ba1a:b87c] [/home/u991737198/domains/tas2023.online/public_html/app/controllers/Controller.php:87] Preview->render()
Sun, 23 Feb 2025 14:44:38 +0000 [2600:1006:b013:b0c4:494:5587:ba1a:b87c] [/home/u991737198/domains/tas2023.online/public_html/lib/base.php:2078] Controller->afterroute()
Sun, 23 Feb 2025 14:44:38 +0000 [2600:1006:b013:b0c4:494:5587:ba1a:b87c] [/home/u991737198/domains/tas2023.online/public_html/lib/base.php:1871] Base->call()
Sun, 23 Feb 2025 14:44:38 +0000 [2600:1006:b013:b0c4:494:5587:ba1a:b87c] [/home/u991737198/domains/tas2023.online/public_html/index.php:19] Base->run()
Sun, 23 Feb 2025 14:48:10 +0000 [2600:1006:b013:b0c4:494:5587:ba1a:b87c] 500: Undefined variable $selected_note trace: [/home/u991737198/domains/tas2023.online/public_html/tmp/3hn69l4qoa804.3g8shy2588w00.php:385]
Sun, 23 Feb 2025 14:48:10 +0000 [2600:1006:b013:b0c4:494:5587:ba1a:b87c] [/home/u991737198/domains/tas2023.online/public_html/tmp/3hn69l4qoa804.3g8shy2588w00.php:385] Base->{closure}()
Sun, 23 Feb 2025 14:48:10 +0000 [2600:1006:b013:b0c4:494:5587:ba1a:b87c] [/home/u991737198/domains/tas2023.online/public_html/lib/base.php:3036] require('/home/u991737198/domains/tas2023.online/public_html/tmp/3hn69l4qoa804.3g8shy2588w00.php')
Sun, 23 Feb 2025 14:48:10 +0000 [2600:1006:b013:b0c4:494:5587:ba1a:b87c] [/home/u991737198/domains/tas2023.online/public_html/lib/base.php:3281] View->sandbox()
Sun, 23 Feb 2025 14:48:10 +0000 [2600:1006:b013:b0c4:494:5587:ba1a:b87c] [/home/u991737198/domains/tas2023.online/public_html/tmp/3hn69l4qoa804.3h31n1yj254w8.php:7] Preview->render()
Sun, 23 Feb 2025 14:48:10 +0000 [2600:1006:b013:b0c4:494:5587:ba1a:b87c] [/home/u991737198/domains/tas2023.online/public_html/lib/base.php:3036] require('/home/u991737198/domains/tas2023.online/public_html/tmp/3hn69l4qoa804.3h31n1yj254w8.php')
Sun, 23 Feb 2025 14:48:10 +0000 [2600:1006:b013:b0c4:494:5587:ba1a:b87c] [/home/u991737198/domains/tas2023.online/public_html/lib/base.php:3281] View->sandbox()
Sun, 23 Feb 2025 14:48:10 +0000 [2600:1006:b013:b0c4:494:5587:ba1a:b87c] [/home/u991737198/domains/tas2023.online/public_html/app/controllers/Controller.php:87] Preview->render()
Sun, 23 Feb 2025 14:48:10 +0000 [2600:1006:b013:b0c4:494:5587:ba1a:b87c] [/home/u991737198/domains/tas2023.online/public_html/lib/base.php:2078] Controller->afterroute()
Sun, 23 Feb 2025 14:48:10 +0000 [2600:1006:b013:b0c4:494:5587:ba1a:b87c] [/home/u991737198/domains/tas2023.online/public_html/lib/base.php:1871] Base->call()
Sun, 23 Feb 2025 14:48:10 +0000 [2600:1006:b013:b0c4:494:5587:ba1a:b87c] [/home/u991737198/domains/tas2023.online/public_html/index.php:19] Base->run()
Sun, 23 Feb 2025 14:50:46 +0000 [2600:1006:b013:b0c4:494:5587:ba1a:b87c] 500: Undefined variable $selected_note trace: [/home/u991737198/domains/tas2023.online/public_html/tmp/3hn69l4qoa804.3g8shy2588w00.php:385]
Sun, 23 Feb 2025 14:50:46 +0000 [2600:1006:b013:b0c4:494:5587:ba1a:b87c] [/home/u991737198/domains/tas2023.online/public_html/tmp/3hn69l4qoa804.3g8shy2588w00.php:385] Base->{closure}()
Sun, 23 Feb 2025 14:50:46 +0000 [2600:1006:b013:b0c4:494:5587:ba1a:b87c] [/home/u991737198/domains/tas2023.online/public_html/lib/base.php:3036] require('/home/u991737198/domains/tas2023.online/public_html/tmp/3hn69l4qoa804.3g8shy2588w00.php')
Sun, 23 Feb 2025 14:50:46 +0000 [2600:1006:b013:b0c4:494:5587:ba1a:b87c] [/home/u991737198/domains/tas2023.online/public_html/lib/base.php:3281] View->sandbox()
Sun, 23 Feb 2025 14:50:46 +0000 [2600:1006:b013:b0c4:494:5587:ba1a:b87c] [/home/u991737198/domains/tas2023.online/public_html/tmp/3hn69l4qoa804.3h31n1yj254w8.php:7] Preview->render()
Sun, 23 Feb 2025 14:50:46 +0000 [2600:1006:b013:b0c4:494:5587:ba1a:b87c] [/home/u991737198/domains/tas2023.online/public_html/lib/base.php:3036] require('/home/u991737198/domains/tas2023.online/public_html/tmp/3hn69l4qoa804.3h31n1yj254w8.php')
Sun, 23 Feb 2025 14:50:46 +0000 [2600:1006:b013:b0c4:494:5587:ba1a:b87c] [/home/u991737198/domains/tas2023.online/public_html/lib/base.php:3281] View->sandbox()
Sun, 23 Feb 2025 14:50:46 +0000 [2600:1006:b013:b0c4:494:5587:ba1a:b87c] [/home/u991737198/domains/tas2023.online/public_html/app/controllers/Controller.php:87] Preview->render()
Sun, 23 Feb 2025 14:50:46 +0000 [2600:1006:b013:b0c4:494:5587:ba1a:b87c] [/home/u991737198/domains/tas2023.online/public_html/lib/base.php:2078] Controller->afterroute()
Sun, 23 Feb 2025 14:50:46 +0000 [2600:1006:b013:b0c4:494:5587:ba1a:b87c] [/home/u991737198/domains/tas2023.online/public_html/lib/base.php:1871] Base->call()
Sun, 23 Feb 2025 14:50:46 +0000 [2600:1006:b013:b0c4:494:5587:ba1a:b87c] [/home/u991737198/domains/tas2023.online/public_html/index.php:19] Base->run()
Sun, 23 Feb 2025 14:54:52 +0000 [2600:1006:b013:b0c4:494:5587:ba1a:b87c] 500: Undefined variable $entity_num trace: [tmp/3hn69l4qoa804.1zo7dt0fljr4w.php:200]
Sun, 23 Feb 2025 14:54:52 +0000 [2600:1006:b013:b0c4:494:5587:ba1a:b87c] [tmp/3hn69l4qoa804.1zo7dt0fljr4w.php:200] Base->{closure}()
Sun, 23 Feb 2025 14:54:52 +0000 [2600:1006:b013:b0c4:494:5587:ba1a:b87c] [lib/base.php:3036] require('/home/u991737198/domains/tas2023.online/public_html/tmp/3hn69l4qoa804.1zo7dt0fljr4w.php')
Sun, 23 Feb 2025 14:54:52 +0000 [2600:1006:b013:b0c4:494:5587:ba1a:b87c] [lib/base.php:3281] View->sandbox()
Sun, 23 Feb 2025 14:54:52 +0000 [2600:1006:b013:b0c4:494:5587:ba1a:b87c] [tmp/3hn69l4qoa804.3h31n1yj254w8.php:7] Preview->render()
Sun, 23 Feb 2025 14:54:52 +0000 [2600:1006:b013:b0c4:494:5587:ba1a:b87c] [lib/base.php:3036] require('/home/u991737198/domains/tas2023.online/public_html/tmp/3hn69l4qoa804.3h31n1yj254w8.php')
Sun, 23 Feb 2025 14:54:52 +0000 [2600:1006:b013:b0c4:494:5587:ba1a:b87c] [lib/base.php:3281] View->sandbox()
Sun, 23 Feb 2025 14:54:52 +0000 [2600:1006:b013:b0c4:494:5587:ba1a:b87c] [app/controllers/Controller.php:87] Preview->render()
Sun, 23 Feb 2025 14:54:52 +0000 [2600:1006:b013:b0c4:494:5587:ba1a:b87c] [lib/base.php:2078] Controller->afterroute()
Sun, 23 Feb 2025 14:54:52 +0000 [2600:1006:b013:b0c4:494:5587:ba1a:b87c] [lib/base.php:1871] Base->call()
Sun, 23 Feb 2025 14:54:52 +0000 [2600:1006:b013:b0c4:494:5587:ba1a:b87c] [index.php:19] Base->run()
Sun, 23 Feb 2025 14:55:01 +0000 [2600:1006:b013:b0c4:494:5587:ba1a:b87c] 500: Undefined variable $token trace: [tmp/3hn69l4qoa804.2r4f9cgm96ecs.php:226]
Sun, 23 Feb 2025 14:55:01 +0000 [2600:1006:b013:b0c4:494:5587:ba1a:b87c] [tmp/3hn69l4qoa804.2r4f9cgm96ecs.php:226] Base->{closure}()
Sun, 23 Feb 2025 14:55:01 +0000 [2600:1006:b013:b0c4:494:5587:ba1a:b87c] [lib/base.php:3036] require('/home/u991737198/domains/tas2023.online/public_html/tmp/3hn69l4qoa804.2r4f9cgm96ecs.php')
Sun, 23 Feb 2025 14:55:01 +0000 [2600:1006:b013:b0c4:494:5587:ba1a:b87c] [lib/base.php:3281] View->sandbox()
Sun, 23 Feb 2025 14:55:01 +0000 [2600:1006:b013:b0c4:494:5587:ba1a:b87c] [tmp/3hn69l4qoa804.3h31n1yj254w8.php:7] Preview->render()
Sun, 23 Feb 2025 14:55:01 +0000 [2600:1006:b013:b0c4:494:5587:ba1a:b87c] [lib/base.php:3036] require('/home/u991737198/domains/tas2023.online/public_html/tmp/3hn69l4qoa804.3h31n1yj254w8.php')
Sun, 23 Feb 2025 14:55:01 +0000 [2600:1006:b013:b0c4:494:5587:ba1a:b87c] [lib/base.php:3281] View->sandbox()
Sun, 23 Feb 2025 14:55:01 +0000 [2600:1006:b013:b0c4:494:5587:ba1a:b87c] [app/controllers/Controller.php:87] Preview->render()
Sun, 23 Feb 2025 14:55:01 +0000 [2600:1006:b013:b0c4:494:5587:ba1a:b87c] [lib/base.php:2078] Controller->afterroute()
Sun, 23 Feb 2025 14:55:01 +0000 [2600:1006:b013:b0c4:494:5587:ba1a:b87c] [lib/base.php:1871] Base->call()
Sun, 23 Feb 2025 14:55:01 +0000 [2600:1006:b013:b0c4:494:5587:ba1a:b87c] [index.php:19] Base->run()
Sun, 23 Feb 2025 14:55:19 +0000 [2600:1006:b013:b0c4:494:5587:ba1a:b87c] 500: Undefined variable $entity_num trace: [tmp/3hn69l4qoa804.1zo7dt0fljr4w.php:200]
Sun, 23 Feb 2025 14:55:19 +0000 [2600:1006:b013:b0c4:494:5587:ba1a:b87c] [tmp/3hn69l4qoa804.1zo7dt0fljr4w.php:200] Base->{closure}()
Sun, 23 Feb 2025 14:55:19 +0000 [2600:1006:b013:b0c4:494:5587:ba1a:b87c] [lib/base.php:3036] require('/home/u991737198/domains/tas2023.online/public_html/tmp/3hn69l4qoa804.1zo7dt0fljr4w.php')
Sun, 23 Feb 2025 14:55:19 +0000 [2600:1006:b013:b0c4:494:5587:ba1a:b87c] [lib/base.php:3281] View->sandbox()
Sun, 23 Feb 2025 14:55:19 +0000 [2600:1006:b013:b0c4:494:5587:ba1a:b87c] [tmp/3hn69l4qoa804.3h31n1yj254w8.php:7] Preview->render()
Sun, 23 Feb 2025 14:55:19 +0000 [2600:1006:b013:b0c4:494:5587:ba1a:b87c] [lib/base.php:3036] require('/home/u991737198/domains/tas2023.online/public_html/tmp/3hn69l4qoa804.3h31n1yj254w8.php')
Sun, 23 Feb 2025 14:55:19 +0000 [2600:1006:b013:b0c4:494:5587:ba1a:b87c] [lib/base.php:3281] View->sandbox()
Sun, 23 Feb 2025 14:55:19 +0000 [2600:1006:b013:b0c4:494:5587:ba1a:b87c] [app/controllers/Controller.php:87] Preview->render()
Sun, 23 Feb 2025 14:55:19 +0000 [2600:1006:b013:b0c4:494:5587:ba1a:b87c] [lib/base.php:2078] Controller->afterroute()
Sun, 23 Feb 2025 14:55:19 +0000 [2600:1006:b013:b0c4:494:5587:ba1a:b87c] [lib/base.php:1871] Base->call()
Sun, 23 Feb 2025 14:55:19 +0000 [2600:1006:b013:b0c4:494:5587:ba1a:b87c] [index.php:19] Base->run()
Sun, 23 Feb 2025 14:55:32 +0000 [2600:1006:b013:b0c4:494:5587:ba1a:b87c] 500: Undefined variable $entity_num trace: [tmp/3hn69l4qoa804.1zo7dt0fljr4w.php:200]
Sun, 23 Feb 2025 14:55:32 +0000 [2600:1006:b013:b0c4:494:5587:ba1a:b87c] [tmp/3hn69l4qoa804.1zo7dt0fljr4w.php:200] Base->{closure}()
Sun, 23 Feb 2025 14:55:32 +0000 [2600:1006:b013:b0c4:494:5587:ba1a:b87c] [lib/base.php:3036] require('/home/u991737198/domains/tas2023.online/public_html/tmp/3hn69l4qoa804.1zo7dt0fljr4w.php')
Sun, 23 Feb 2025 14:55:32 +0000 [2600:1006:b013:b0c4:494:5587:ba1a:b87c] [lib/base.php:3281] View->sandbox()
Sun, 23 Feb 2025 14:55:32 +0000 [2600:1006:b013:b0c4:494:5587:ba1a:b87c] [tmp/3hn69l4qoa804.3h31n1yj254w8.php:7] Preview->render()
Sun, 23 Feb 2025 14:55:32 +0000 [2600:1006:b013:b0c4:494:5587:ba1a:b87c] [lib/base.php:3036] require('/home/u991737198/domains/tas2023.online/public_html/tmp/3hn69l4qoa804.3h31n1yj254w8.php')
Sun, 23 Feb 2025 14:55:32 +0000 [2600:1006:b013:b0c4:494:5587:ba1a:b87c] [lib/base.php:3281] View->sandbox()
Sun, 23 Feb 2025 14:55:32 +0000 [2600:1006:b013:b0c4:494:5587:ba1a:b87c] [app/controllers/Controller.php:87] Preview->render()
Sun, 23 Feb 2025 14:55:32 +0000 [2600:1006:b013:b0c4:494:5587:ba1a:b87c] [lib/base.php:2078] Controller->afterroute()
Sun, 23 Feb 2025 14:55:32 +0000 [2600:1006:b013:b0c4:494:5587:ba1a:b87c] [lib/base.php:1871] Base->call()
Sun, 23 Feb 2025 14:55:32 +0000 [2600:1006:b013:b0c4:494:5587:ba1a:b87c] [index.php:19] Base->run()
Sun, 23 Feb 2025 14:55:45 +0000 [2600:1006:b013:b0c4:494:5587:ba1a:b87c] 500: Undefined variable $token trace: [tmp/3hn69l4qoa804.2r4f9cgm96ecs.php:226]
Sun, 23 Feb 2025 14:55:45 +0000 [2600:1006:b013:b0c4:494:5587:ba1a:b87c] [tmp/3hn69l4qoa804.2r4f9cgm96ecs.php:226] Base->{closure}()
Sun, 23 Feb 2025 14:55:45 +0000 [2600:1006:b013:b0c4:494:5587:ba1a:b87c] [lib/base.php:3036] require('/home/u991737198/domains/tas2023.online/public_html/tmp/3hn69l4qoa804.2r4f9cgm96ecs.php')
Sun, 23 Feb 2025 14:55:45 +0000 [2600:1006:b013:b0c4:494:5587:ba1a:b87c] [lib/base.php:3281] View->sandbox()
Sun, 23 Feb 2025 14:55:45 +0000 [2600:1006:b013:b0c4:494:5587:ba1a:b87c] [tmp/3hn69l4qoa804.3h31n1yj254w8.php:7] Preview->render()
Sun, 23 Feb 2025 14:55:45 +0000 [2600:1006:b013:b0c4:494:5587:ba1a:b87c] [lib/base.php:3036] require('/home/u991737198/domains/tas2023.online/public_html/tmp/3hn69l4qoa804.3h31n1yj254w8.php')
Sun, 23 Feb 2025 14:55:45 +0000 [2600:1006:b013:b0c4:494:5587:ba1a:b87c] [lib/base.php:3281] View->sandbox()
Sun, 23 Feb 2025 14:55:45 +0000 [2600:1006:b013:b0c4:494:5587:ba1a:b87c] [app/controllers/Controller.php:87] Preview->render()
Sun, 23 Feb 2025 14:55:45 +0000 [2600:1006:b013:b0c4:494:5587:ba1a:b87c] [lib/base.php:2078] Controller->afterroute()
Sun, 23 Feb 2025 14:55:45 +0000 [2600:1006:b013:b0c4:494:5587:ba1a:b87c] [lib/base.php:1871] Base->call()
Sun, 23 Feb 2025 14:55:45 +0000 [2600:1006:b013:b0c4:494:5587:ba1a:b87c] [index.php:19] Base->run()
Sun, 23 Feb 2025 14:56:28 +0000 [2600:1006:b013:b0c4:494:5587:ba1a:b87c] 500: Undefined variable $selected_note trace: [/home/u991737198/domains/tas2023.online/public_html/tmp/3hn69l4qoa804.3g8shy2588w00.php:385]
Sun, 23 Feb 2025 14:56:28 +0000 [2600:1006:b013:b0c4:494:5587:ba1a:b87c] [/home/u991737198/domains/tas2023.online/public_html/tmp/3hn69l4qoa804.3g8shy2588w00.php:385] Base->{closure}()
Sun, 23 Feb 2025 14:56:28 +0000 [2600:1006:b013:b0c4:494:5587:ba1a:b87c] [/home/u991737198/domains/tas2023.online/public_html/lib/base.php:3036] require('/home/u991737198/domains/tas2023.online/public_html/tmp/3hn69l4qoa804.3g8shy2588w00.php')
Sun, 23 Feb 2025 14:56:28 +0000 [2600:1006:b013:b0c4:494:5587:ba1a:b87c] [/home/u991737198/domains/tas2023.online/public_html/lib/base.php:3281] View->sandbox()
Sun, 23 Feb 2025 14:56:28 +0000 [2600:1006:b013:b0c4:494:5587:ba1a:b87c] [/home/u991737198/domains/tas2023.online/public_html/tmp/3hn69l4qoa804.3h31n1yj254w8.php:7] Preview->render()
Sun, 23 Feb 2025 14:56:28 +0000 [2600:1006:b013:b0c4:494:5587:ba1a:b87c] [/home/u991737198/domains/tas2023.online/public_html/lib/base.php:3036] require('/home/u991737198/domains/tas2023.online/public_html/tmp/3hn69l4qoa804.3h31n1yj254w8.php')
Sun, 23 Feb 2025 14:56:28 +0000 [2600:1006:b013:b0c4:494:5587:ba1a:b87c] [/home/u991737198/domains/tas2023.online/public_html/lib/base.php:3281] View->sandbox()
Sun, 23 Feb 2025 14:56:28 +0000 [2600:1006:b013:b0c4:494:5587:ba1a:b87c] [/home/u991737198/domains/tas2023.online/public_html/app/controllers/Controller.php:87] Preview->render()
Sun, 23 Feb 2025 14:56:28 +0000 [2600:1006:b013:b0c4:494:5587:ba1a:b87c] [/home/u991737198/domains/tas2023.online/public_html/lib/base.php:2078] Controller->afterroute()
Sun, 23 Feb 2025 14:56:28 +0000 [2600:1006:b013:b0c4:494:5587:ba1a:b87c] [/home/u991737198/domains/tas2023.online/public_html/lib/base.php:1871] Base->call()
Sun, 23 Feb 2025 14:56:28 +0000 [2600:1006:b013:b0c4:494:5587:ba1a:b87c] [/home/u991737198/domains/tas2023.online/public_html/index.php:19] Base->run()
Sun, 23 Feb 2025 14:56:28 +0000 [2600:1006:b013:b0c4:494:5587:ba1a:b87c] 401: HTTP 401 (GET /task/taskDistribution) trace: [/home/u991737198/domains/tas2023.online/public_html/lib/access.php:112] Base->error()
Sun, 23 Feb 2025 14:56:28 +0000 [2600:1006:b013:b0c4:494:5587:ba1a:b87c] [/home/u991737198/domains/tas2023.online/public_html/app/controllers/Controller.php:78] Access->authorize()
Sun, 23 Feb 2025 14:56:28 +0000 [2600:1006:b013:b0c4:494:5587:ba1a:b87c] [/home/u991737198/domains/tas2023.online/public_html/lib/base.php:2069] Controller->beforeroute()
Sun, 23 Feb 2025 14:56:28 +0000 [2600:1006:b013:b0c4:494:5587:ba1a:b87c] [/home/u991737198/domains/tas2023.online/public_html/lib/base.php:1871] Base->call()
Sun, 23 Feb 2025 14:56:28 +0000 [2600:1006:b013:b0c4:494:5587:ba1a:b87c] [/home/u991737198/domains/tas2023.online/public_html/index.php:19] Base->run()
