Sat, 01 Feb 2025 08:32:06 -0500 [2600:1006:b05d:4003:d98c:b413:b1a2:53fb] 401: HTTP 401 (GET /task/taskDistribution) trace: [/home/u991737198/domains/tas2023.online/public_html/lib/access.php:112] Base->error()
Sat, 01 Feb 2025 08:32:06 -0500 [2600:1006:b05d:4003:d98c:b413:b1a2:53fb] [/home/u991737198/domains/tas2023.online/public_html/app/controllers/Controller.php:78] Access->authorize()
Sat, 01 Feb 2025 08:32:06 -0500 [2600:1006:b05d:4003:d98c:b413:b1a2:53fb] [/home/u991737198/domains/tas2023.online/public_html/lib/base.php:2069] Controller->beforeroute()
Sat, 01 Feb 2025 08:32:06 -0500 [2600:1006:b05d:4003:d98c:b413:b1a2:53fb] [/home/u991737198/domains/tas2023.online/public_html/lib/base.php:1871] Base->call()
Sat, 01 Feb 2025 08:32:06 -0500 [2600:1006:b05d:4003:d98c:b413:b1a2:53fb] [/home/u991737198/domains/tas2023.online/public_html/index.php:19] Base->run()
Sat, 01 Feb 2025 08:32:06 -0500 [2600:1006:b05d:4003:d98c:b413:b1a2:53fb] 401: HTTP 401 (GET /task/taskData) trace: [/home/u991737198/domains/tas2023.online/public_html/lib/access.php:112] Base->error()
Sat, 01 Feb 2025 08:32:06 -0500 [2600:1006:b05d:4003:d98c:b413:b1a2:53fb] [/home/u991737198/domains/tas2023.online/public_html/app/controllers/Controller.php:78] Access->authorize()
Sat, 01 Feb 2025 08:32:06 -0500 [2600:1006:b05d:4003:d98c:b413:b1a2:53fb] [/home/u991737198/domains/tas2023.online/public_html/lib/base.php:2069] Controller->beforeroute()
Sat, 01 Feb 2025 08:32:06 -0500 [2600:1006:b05d:4003:d98c:b413:b1a2:53fb] [/home/u991737198/domains/tas2023.online/public_html/lib/base.php:1871] Base->call()
Sat, 01 Feb 2025 08:32:06 -0500 [2600:1006:b05d:4003:d98c:b413:b1a2:53fb] [/home/u991737198/domains/tas2023.online/public_html/index.php:19] Base->run()
Sat, 01 Feb 2025 08:32:44 -0500 [2600:1006:b05d:4003:d98c:b413:b1a2:53fb] 500: Undefined variable $entity_num trace: [tmp/3hn69l4qoa804.1zo7dt0fljr4w.php:200]
Sat, 01 Feb 2025 08:32:44 -0500 [2600:1006:b05d:4003:d98c:b413:b1a2:53fb] [tmp/3hn69l4qoa804.1zo7dt0fljr4w.php:200] Base->{closure}()
Sat, 01 Feb 2025 08:32:44 -0500 [2600:1006:b05d:4003:d98c:b413:b1a2:53fb] [lib/base.php:3036] require('/home/u991737198/domains/tas2023.online/public_html/tmp/3hn69l4qoa804.1zo7dt0fljr4w.php')
Sat, 01 Feb 2025 08:32:44 -0500 [2600:1006:b05d:4003:d98c:b413:b1a2:53fb] [lib/base.php:3281] View->sandbox()
Sat, 01 Feb 2025 08:32:44 -0500 [2600:1006:b05d:4003:d98c:b413:b1a2:53fb] [tmp/3hn69l4qoa804.3h31n1yj254w8.php:7] Preview->render()
Sat, 01 Feb 2025 08:32:44 -0500 [2600:1006:b05d:4003:d98c:b413:b1a2:53fb] [lib/base.php:3036] require('/home/u991737198/domains/tas2023.online/public_html/tmp/3hn69l4qoa804.3h31n1yj254w8.php')
Sat, 01 Feb 2025 08:32:44 -0500 [2600:1006:b05d:4003:d98c:b413:b1a2:53fb] [lib/base.php:3281] View->sandbox()
Sat, 01 Feb 2025 08:32:44 -0500 [2600:1006:b05d:4003:d98c:b413:b1a2:53fb] [app/controllers/Controller.php:87] Preview->render()
Sat, 01 Feb 2025 08:32:44 -0500 [2600:1006:b05d:4003:d98c:b413:b1a2:53fb] [lib/base.php:2078] Controller->afterroute()
Sat, 01 Feb 2025 08:32:44 -0500 [2600:1006:b05d:4003:d98c:b413:b1a2:53fb] [lib/base.php:1871] Base->call()
Sat, 01 Feb 2025 08:32:44 -0500 [2600:1006:b05d:4003:d98c:b413:b1a2:53fb] [index.php:19] Base->run()
Sat, 01 Feb 2025 08:32:52 -0500 [2600:1006:b05d:4003:d98c:b413:b1a2:53fb] 500: Undefined variable $entity_num trace: [tmp/3hn69l4qoa804.1zo7dt0fljr4w.php:200]
Sat, 01 Feb 2025 08:32:52 -0500 [2600:1006:b05d:4003:d98c:b413:b1a2:53fb] [tmp/3hn69l4qoa804.1zo7dt0fljr4w.php:200] Base->{closure}()
Sat, 01 Feb 2025 08:32:52 -0500 [2600:1006:b05d:4003:d98c:b413:b1a2:53fb] [lib/base.php:3036] require('/home/u991737198/domains/tas2023.online/public_html/tmp/3hn69l4qoa804.1zo7dt0fljr4w.php')
Sat, 01 Feb 2025 08:32:52 -0500 [2600:1006:b05d:4003:d98c:b413:b1a2:53fb] [lib/base.php:3281] View->sandbox()
Sat, 01 Feb 2025 08:32:52 -0500 [2600:1006:b05d:4003:d98c:b413:b1a2:53fb] [tmp/3hn69l4qoa804.3h31n1yj254w8.php:7] Preview->render()
Sat, 01 Feb 2025 08:32:52 -0500 [2600:1006:b05d:4003:d98c:b413:b1a2:53fb] [lib/base.php:3036] require('/home/u991737198/domains/tas2023.online/public_html/tmp/3hn69l4qoa804.3h31n1yj254w8.php')
Sat, 01 Feb 2025 08:32:52 -0500 [2600:1006:b05d:4003:d98c:b413:b1a2:53fb] [lib/base.php:3281] View->sandbox()
Sat, 01 Feb 2025 08:32:52 -0500 [2600:1006:b05d:4003:d98c:b413:b1a2:53fb] [app/controllers/Controller.php:87] Preview->render()
Sat, 01 Feb 2025 08:32:52 -0500 [2600:1006:b05d:4003:d98c:b413:b1a2:53fb] [lib/base.php:2078] Controller->afterroute()
Sat, 01 Feb 2025 08:32:52 -0500 [2600:1006:b05d:4003:d98c:b413:b1a2:53fb] [lib/base.php:1871] Base->call()
Sat, 01 Feb 2025 08:32:52 -0500 [2600:1006:b05d:4003:d98c:b413:b1a2:53fb] [index.php:19] Base->run()
Sat, 01 Feb 2025 08:32:58 -0500 [2600:1006:b05d:4003:d98c:b413:b1a2:53fb] 500: Undefined variable $selected_note trace: [/home/u991737198/domains/tas2023.online/public_html/tmp/3hn69l4qoa804.3g8shy2588w00.php:365]
Sat, 01 Feb 2025 08:32:58 -0500 [2600:1006:b05d:4003:d98c:b413:b1a2:53fb] [/home/u991737198/domains/tas2023.online/public_html/tmp/3hn69l4qoa804.3g8shy2588w00.php:365] Base->{closure}()
Sat, 01 Feb 2025 08:32:58 -0500 [2600:1006:b05d:4003:d98c:b413:b1a2:53fb] [/home/u991737198/domains/tas2023.online/public_html/lib/base.php:3036] require('/home/u991737198/domains/tas2023.online/public_html/tmp/3hn69l4qoa804.3g8shy2588w00.php')
Sat, 01 Feb 2025 08:32:58 -0500 [2600:1006:b05d:4003:d98c:b413:b1a2:53fb] [/home/u991737198/domains/tas2023.online/public_html/lib/base.php:3281] View->sandbox()
Sat, 01 Feb 2025 08:32:58 -0500 [2600:1006:b05d:4003:d98c:b413:b1a2:53fb] [/home/u991737198/domains/tas2023.online/public_html/tmp/3hn69l4qoa804.3h31n1yj254w8.php:7] Preview->render()
Sat, 01 Feb 2025 08:32:58 -0500 [2600:1006:b05d:4003:d98c:b413:b1a2:53fb] [/home/u991737198/domains/tas2023.online/public_html/lib/base.php:3036] require('/home/u991737198/domains/tas2023.online/public_html/tmp/3hn69l4qoa804.3h31n1yj254w8.php')
Sat, 01 Feb 2025 08:32:58 -0500 [2600:1006:b05d:4003:d98c:b413:b1a2:53fb] [/home/u991737198/domains/tas2023.online/public_html/lib/base.php:3281] View->sandbox()
Sat, 01 Feb 2025 08:32:58 -0500 [2600:1006:b05d:4003:d98c:b413:b1a2:53fb] [/home/u991737198/domains/tas2023.online/public_html/app/controllers/Controller.php:87] Preview->render()
Sat, 01 Feb 2025 08:32:58 -0500 [2600:1006:b05d:4003:d98c:b413:b1a2:53fb] [/home/u991737198/domains/tas2023.online/public_html/lib/base.php:2078] Controller->afterroute()
Sat, 01 Feb 2025 08:32:58 -0500 [2600:1006:b05d:4003:d98c:b413:b1a2:53fb] [/home/u991737198/domains/tas2023.online/public_html/lib/base.php:1871] Base->call()
Sat, 01 Feb 2025 08:32:58 -0500 [2600:1006:b05d:4003:d98c:b413:b1a2:53fb] [/home/u991737198/domains/tas2023.online/public_html/index.php:19] Base->run()
Sat, 01 Feb 2025 08:35:04 -0500 [2600:1006:b05d:4003:d98c:b413:b1a2:53fb] 500: Undefined variable $selected_note trace: [/home/u991737198/domains/tas2023.online/public_html/tmp/3hn69l4qoa804.3g8shy2588w00.php:365]
Sat, 01 Feb 2025 08:35:04 -0500 [2600:1006:b05d:4003:d98c:b413:b1a2:53fb] [/home/u991737198/domains/tas2023.online/public_html/tmp/3hn69l4qoa804.3g8shy2588w00.php:365] Base->{closure}()
Sat, 01 Feb 2025 08:35:04 -0500 [2600:1006:b05d:4003:d98c:b413:b1a2:53fb] [/home/u991737198/domains/tas2023.online/public_html/lib/base.php:3036] require('/home/u991737198/domains/tas2023.online/public_html/tmp/3hn69l4qoa804.3g8shy2588w00.php')
Sat, 01 Feb 2025 08:35:04 -0500 [2600:1006:b05d:4003:d98c:b413:b1a2:53fb] [/home/u991737198/domains/tas2023.online/public_html/lib/base.php:3281] View->sandbox()
Sat, 01 Feb 2025 08:35:04 -0500 [2600:1006:b05d:4003:d98c:b413:b1a2:53fb] [/home/u991737198/domains/tas2023.online/public_html/tmp/3hn69l4qoa804.3h31n1yj254w8.php:7] Preview->render()
Sat, 01 Feb 2025 08:35:04 -0500 [2600:1006:b05d:4003:d98c:b413:b1a2:53fb] [/home/u991737198/domains/tas2023.online/public_html/lib/base.php:3036] require('/home/u991737198/domains/tas2023.online/public_html/tmp/3hn69l4qoa804.3h31n1yj254w8.php')
Sat, 01 Feb 2025 08:35:04 -0500 [2600:1006:b05d:4003:d98c:b413:b1a2:53fb] [/home/u991737198/domains/tas2023.online/public_html/lib/base.php:3281] View->sandbox()
Sat, 01 Feb 2025 08:35:04 -0500 [2600:1006:b05d:4003:d98c:b413:b1a2:53fb] [/home/u991737198/domains/tas2023.online/public_html/app/controllers/Controller.php:87] Preview->render()
Sat, 01 Feb 2025 08:35:04 -0500 [2600:1006:b05d:4003:d98c:b413:b1a2:53fb] [/home/u991737198/domains/tas2023.online/public_html/lib/base.php:2078] Controller->afterroute()
Sat, 01 Feb 2025 08:35:04 -0500 [2600:1006:b05d:4003:d98c:b413:b1a2:53fb] [/home/u991737198/domains/tas2023.online/public_html/lib/base.php:1871] Base->call()
Sat, 01 Feb 2025 08:35:04 -0500 [2600:1006:b05d:4003:d98c:b413:b1a2:53fb] [/home/u991737198/domains/tas2023.online/public_html/index.php:19] Base->run()
Sat, 01 Feb 2025 08:35:52 -0500 [2600:1006:b04c:f3ba:28e8:a4ff:fe08:8ccb] 500: Undefined variable $entity_num trace: [tmp/3hn69l4qoa804.1zo7dt0fljr4w.php:200]
Sat, 01 Feb 2025 08:35:52 -0500 [2600:1006:b04c:f3ba:28e8:a4ff:fe08:8ccb] [tmp/3hn69l4qoa804.1zo7dt0fljr4w.php:200] Base->{closure}()
Sat, 01 Feb 2025 08:35:52 -0500 [2600:1006:b04c:f3ba:28e8:a4ff:fe08:8ccb] [lib/base.php:3036] require('/home/u991737198/domains/tas2023.online/public_html/tmp/3hn69l4qoa804.1zo7dt0fljr4w.php')
Sat, 01 Feb 2025 08:35:52 -0500 [2600:1006:b04c:f3ba:28e8:a4ff:fe08:8ccb] [lib/base.php:3281] View->sandbox()
Sat, 01 Feb 2025 08:35:52 -0500 [2600:1006:b04c:f3ba:28e8:a4ff:fe08:8ccb] [tmp/3hn69l4qoa804.3h31n1yj254w8.php:7] Preview->render()
Sat, 01 Feb 2025 08:35:52 -0500 [2600:1006:b04c:f3ba:28e8:a4ff:fe08:8ccb] [lib/base.php:3036] require('/home/u991737198/domains/tas2023.online/public_html/tmp/3hn69l4qoa804.3h31n1yj254w8.php')
Sat, 01 Feb 2025 08:35:52 -0500 [2600:1006:b04c:f3ba:28e8:a4ff:fe08:8ccb] [lib/base.php:3281] View->sandbox()
Sat, 01 Feb 2025 08:35:52 -0500 [2600:1006:b04c:f3ba:28e8:a4ff:fe08:8ccb] [app/controllers/Controller.php:87] Preview->render()
Sat, 01 Feb 2025 08:35:52 -0500 [2600:1006:b04c:f3ba:28e8:a4ff:fe08:8ccb] [lib/base.php:2078] Controller->afterroute()
Sat, 01 Feb 2025 08:35:52 -0500 [2600:1006:b04c:f3ba:28e8:a4ff:fe08:8ccb] [lib/base.php:1871] Base->call()
Sat, 01 Feb 2025 08:35:52 -0500 [2600:1006:b04c:f3ba:28e8:a4ff:fe08:8ccb] [index.php:19] Base->run()
Sat, 01 Feb 2025 08:37:41 -0500 [2600:1006:b05d:4003:d98c:b413:b1a2:53fb] 500: Undefined variable $selected_note trace: [/home/u991737198/domains/tas2023.online/public_html/tmp/3hn69l4qoa804.3g8shy2588w00.php:365]
Sat, 01 Feb 2025 08:37:41 -0500 [2600:1006:b05d:4003:d98c:b413:b1a2:53fb] [/home/u991737198/domains/tas2023.online/public_html/tmp/3hn69l4qoa804.3g8shy2588w00.php:365] Base->{closure}()
Sat, 01 Feb 2025 08:37:41 -0500 [2600:1006:b05d:4003:d98c:b413:b1a2:53fb] [/home/u991737198/domains/tas2023.online/public_html/lib/base.php:3036] require('/home/u991737198/domains/tas2023.online/public_html/tmp/3hn69l4qoa804.3g8shy2588w00.php')
Sat, 01 Feb 2025 08:37:41 -0500 [2600:1006:b05d:4003:d98c:b413:b1a2:53fb] [/home/u991737198/domains/tas2023.online/public_html/lib/base.php:3281] View->sandbox()
Sat, 01 Feb 2025 08:37:41 -0500 [2600:1006:b05d:4003:d98c:b413:b1a2:53fb] [/home/u991737198/domains/tas2023.online/public_html/tmp/3hn69l4qoa804.3h31n1yj254w8.php:7] Preview->render()
Sat, 01 Feb 2025 08:37:41 -0500 [2600:1006:b05d:4003:d98c:b413:b1a2:53fb] [/home/u991737198/domains/tas2023.online/public_html/lib/base.php:3036] require('/home/u991737198/domains/tas2023.online/public_html/tmp/3hn69l4qoa804.3h31n1yj254w8.php')
Sat, 01 Feb 2025 08:37:41 -0500 [2600:1006:b05d:4003:d98c:b413:b1a2:53fb] [/home/u991737198/domains/tas2023.online/public_html/lib/base.php:3281] View->sandbox()
Sat, 01 Feb 2025 08:37:41 -0500 [2600:1006:b05d:4003:d98c:b413:b1a2:53fb] [/home/u991737198/domains/tas2023.online/public_html/app/controllers/Controller.php:87] Preview->render()
Sat, 01 Feb 2025 08:37:41 -0500 [2600:1006:b05d:4003:d98c:b413:b1a2:53fb] [/home/u991737198/domains/tas2023.online/public_html/lib/base.php:2078] Controller->afterroute()
Sat, 01 Feb 2025 08:37:41 -0500 [2600:1006:b05d:4003:d98c:b413:b1a2:53fb] [/home/u991737198/domains/tas2023.online/public_html/lib/base.php:1871] Base->call()
Sat, 01 Feb 2025 08:37:41 -0500 [2600:1006:b05d:4003:d98c:b413:b1a2:53fb] [/home/u991737198/domains/tas2023.online/public_html/index.php:19] Base->run()
Sat, 01 Feb 2025 08:38:01 -0500 [2600:1006:b04c:f3ba:28e8:a4ff:fe08:8ccb] 500: Undefined variable $entity_num trace: [tmp/3hn69l4qoa804.1zo7dt0fljr4w.php:200]
Sat, 01 Feb 2025 08:38:01 -0500 [2600:1006:b04c:f3ba:28e8:a4ff:fe08:8ccb] [tmp/3hn69l4qoa804.1zo7dt0fljr4w.php:200] Base->{closure}()
Sat, 01 Feb 2025 08:38:01 -0500 [2600:1006:b04c:f3ba:28e8:a4ff:fe08:8ccb] [lib/base.php:3036] require('/home/u991737198/domains/tas2023.online/public_html/tmp/3hn69l4qoa804.1zo7dt0fljr4w.php')
Sat, 01 Feb 2025 08:38:01 -0500 [2600:1006:b04c:f3ba:28e8:a4ff:fe08:8ccb] [lib/base.php:3281] View->sandbox()
Sat, 01 Feb 2025 08:38:01 -0500 [2600:1006:b04c:f3ba:28e8:a4ff:fe08:8ccb] [tmp/3hn69l4qoa804.3h31n1yj254w8.php:7] Preview->render()
Sat, 01 Feb 2025 08:38:01 -0500 [2600:1006:b04c:f3ba:28e8:a4ff:fe08:8ccb] [lib/base.php:3036] require('/home/u991737198/domains/tas2023.online/public_html/tmp/3hn69l4qoa804.3h31n1yj254w8.php')
Sat, 01 Feb 2025 08:38:01 -0500 [2600:1006:b04c:f3ba:28e8:a4ff:fe08:8ccb] [lib/base.php:3281] View->sandbox()
Sat, 01 Feb 2025 08:38:01 -0500 [2600:1006:b04c:f3ba:28e8:a4ff:fe08:8ccb] [app/controllers/Controller.php:87] Preview->render()
Sat, 01 Feb 2025 08:38:01 -0500 [2600:1006:b04c:f3ba:28e8:a4ff:fe08:8ccb] [lib/base.php:2078] Controller->afterroute()
Sat, 01 Feb 2025 08:38:01 -0500 [2600:1006:b04c:f3ba:28e8:a4ff:fe08:8ccb] [lib/base.php:1871] Base->call()
Sat, 01 Feb 2025 08:38:01 -0500 [2600:1006:b04c:f3ba:28e8:a4ff:fe08:8ccb] [index.php:19] Base->run()
Sat, 01 Feb 2025 08:38:51 -0500 [2600:1006:b04c:f3ba:28e8:a4ff:fe08:8ccb] 401: HTTP 401 (GET /task/taskData) trace: [/home/u991737198/domains/tas2023.online/public_html/lib/access.php:112] Base->error()
Sat, 01 Feb 2025 08:38:51 -0500 [2600:1006:b04c:f3ba:28e8:a4ff:fe08:8ccb] [/home/u991737198/domains/tas2023.online/public_html/app/controllers/Controller.php:78] Access->authorize()
Sat, 01 Feb 2025 08:38:51 -0500 [2600:1006:b04c:f3ba:28e8:a4ff:fe08:8ccb] [/home/u991737198/domains/tas2023.online/public_html/lib/base.php:2069] Controller->beforeroute()
Sat, 01 Feb 2025 08:38:51 -0500 [2600:1006:b04c:f3ba:28e8:a4ff:fe08:8ccb] [/home/u991737198/domains/tas2023.online/public_html/lib/base.php:1871] Base->call()
Sat, 01 Feb 2025 08:38:51 -0500 [2600:1006:b04c:f3ba:28e8:a4ff:fe08:8ccb] [/home/u991737198/domains/tas2023.online/public_html/index.php:19] Base->run()
Sat, 01 Feb 2025 08:38:52 -0500 [2600:1006:b04c:f3ba:28e8:a4ff:fe08:8ccb] 401: HTTP 401 (GET /user/notifications) trace: [lib/access.php:112] Base->error()
Sat, 01 Feb 2025 08:38:52 -0500 [2600:1006:b04c:f3ba:28e8:a4ff:fe08:8ccb] [app/controllers/Controller.php:78] Access->authorize()
Sat, 01 Feb 2025 08:38:52 -0500 [2600:1006:b04c:f3ba:28e8:a4ff:fe08:8ccb] [lib/base.php:2069] Controller->beforeroute()
Sat, 01 Feb 2025 08:38:52 -0500 [2600:1006:b04c:f3ba:28e8:a4ff:fe08:8ccb] [lib/base.php:1871] Base->call()
Sat, 01 Feb 2025 08:38:52 -0500 [2600:1006:b04c:f3ba:28e8:a4ff:fe08:8ccb] [index.php:19] Base->run()
Sat, 01 Feb 2025 08:38:54 -0500 [2600:1006:b04c:f3ba:28e8:a4ff:fe08:8ccb] 401: HTTP 401 (GET /task/taskData) trace: [/home/u991737198/domains/tas2023.online/public_html/lib/access.php:112] Base->error()
Sat, 01 Feb 2025 08:38:54 -0500 [2600:1006:b04c:f3ba:28e8:a4ff:fe08:8ccb] [/home/u991737198/domains/tas2023.online/public_html/app/controllers/Controller.php:78] Access->authorize()
Sat, 01 Feb 2025 08:38:54 -0500 [2600:1006:b04c:f3ba:28e8:a4ff:fe08:8ccb] [/home/u991737198/domains/tas2023.online/public_html/lib/base.php:2069] Controller->beforeroute()
Sat, 01 Feb 2025 08:38:54 -0500 [2600:1006:b04c:f3ba:28e8:a4ff:fe08:8ccb] [/home/u991737198/domains/tas2023.online/public_html/lib/base.php:1871] Base->call()
Sat, 01 Feb 2025 08:38:54 -0500 [2600:1006:b04c:f3ba:28e8:a4ff:fe08:8ccb] [/home/u991737198/domains/tas2023.online/public_html/index.php:19] Base->run()
Sat, 01 Feb 2025 08:38:54 -0500 [2600:1006:b04c:f3ba:28e8:a4ff:fe08:8ccb] 401: HTTP 401 (GET /task/taskDistribution) trace: [/home/u991737198/domains/tas2023.online/public_html/lib/access.php:112] Base->error()
Sat, 01 Feb 2025 08:38:54 -0500 [2600:1006:b04c:f3ba:28e8:a4ff:fe08:8ccb] [/home/u991737198/domains/tas2023.online/public_html/app/controllers/Controller.php:78] Access->authorize()
Sat, 01 Feb 2025 08:38:54 -0500 [2600:1006:b04c:f3ba:28e8:a4ff:fe08:8ccb] [/home/u991737198/domains/tas2023.online/public_html/lib/base.php:2069] Controller->beforeroute()
Sat, 01 Feb 2025 08:38:54 -0500 [2600:1006:b04c:f3ba:28e8:a4ff:fe08:8ccb] [/home/u991737198/domains/tas2023.online/public_html/lib/base.php:1871] Base->call()
Sat, 01 Feb 2025 08:38:54 -0500 [2600:1006:b04c:f3ba:28e8:a4ff:fe08:8ccb] [/home/u991737198/domains/tas2023.online/public_html/index.php:19] Base->run()
Sat, 01 Feb 2025 08:39:08 -0500 [2600:1006:b05d:4003:d98c:b413:b1a2:53fb] 500: Undefined variable $selected_note trace: [/home/u991737198/domains/tas2023.online/public_html/tmp/3hn69l4qoa804.3g8shy2588w00.php:365]
Sat, 01 Feb 2025 08:39:08 -0500 [2600:1006:b05d:4003:d98c:b413:b1a2:53fb] [/home/u991737198/domains/tas2023.online/public_html/tmp/3hn69l4qoa804.3g8shy2588w00.php:365] Base->{closure}()
Sat, 01 Feb 2025 08:39:08 -0500 [2600:1006:b05d:4003:d98c:b413:b1a2:53fb] [/home/u991737198/domains/tas2023.online/public_html/lib/base.php:3036] require('/home/u991737198/domains/tas2023.online/public_html/tmp/3hn69l4qoa804.3g8shy2588w00.php')
Sat, 01 Feb 2025 08:39:08 -0500 [2600:1006:b05d:4003:d98c:b413:b1a2:53fb] [/home/u991737198/domains/tas2023.online/public_html/lib/base.php:3281] View->sandbox()
Sat, 01 Feb 2025 08:39:08 -0500 [2600:1006:b05d:4003:d98c:b413:b1a2:53fb] [/home/u991737198/domains/tas2023.online/public_html/tmp/3hn69l4qoa804.3h31n1yj254w8.php:7] Preview->render()
Sat, 01 Feb 2025 08:39:08 -0500 [2600:1006:b05d:4003:d98c:b413:b1a2:53fb] [/home/u991737198/domains/tas2023.online/public_html/lib/base.php:3036] require('/home/u991737198/domains/tas2023.online/public_html/tmp/3hn69l4qoa804.3h31n1yj254w8.php')
Sat, 01 Feb 2025 08:39:08 -0500 [2600:1006:b05d:4003:d98c:b413:b1a2:53fb] [/home/u991737198/domains/tas2023.online/public_html/lib/base.php:3281] View->sandbox()
Sat, 01 Feb 2025 08:39:08 -0500 [2600:1006:b05d:4003:d98c:b413:b1a2:53fb] [/home/u991737198/domains/tas2023.online/public_html/app/controllers/Controller.php:87] Preview->render()
Sat, 01 Feb 2025 08:39:08 -0500 [2600:1006:b05d:4003:d98c:b413:b1a2:53fb] [/home/u991737198/domains/tas2023.online/public_html/lib/base.php:2078] Controller->afterroute()
Sat, 01 Feb 2025 08:39:08 -0500 [2600:1006:b05d:4003:d98c:b413:b1a2:53fb] [/home/u991737198/domains/tas2023.online/public_html/lib/base.php:1871] Base->call()
Sat, 01 Feb 2025 08:39:08 -0500 [2600:1006:b05d:4003:d98c:b413:b1a2:53fb] [/home/u991737198/domains/tas2023.online/public_html/index.php:19] Base->run()
Sat, 01 Feb 2025 10:12:01 -0500 [71.44.157.195] 401: HTTP 401 (GET /task/taskDistribution) trace: [/home/u991737198/domains/tas2023.online/public_html/lib/access.php:112] Base->error()
Sat, 01 Feb 2025 10:12:01 -0500 [71.44.157.195] 401: HTTP 401 (GET /task/taskData) trace: [/home/u991737198/domains/tas2023.online/public_html/lib/access.php:112] Base->error()
Sat, 01 Feb 2025 10:12:01 -0500 [71.44.157.195] [/home/u991737198/domains/tas2023.online/public_html/app/controllers/Controller.php:78] Access->authorize()
Sat, 01 Feb 2025 10:12:01 -0500 [71.44.157.195] [/home/u991737198/domains/tas2023.online/public_html/lib/base.php:2069] Controller->beforeroute()
Sat, 01 Feb 2025 10:12:01 -0500 [71.44.157.195] [/home/u991737198/domains/tas2023.online/public_html/app/controllers/Controller.php:78] Access->authorize()
Sat, 01 Feb 2025 10:12:01 -0500 [71.44.157.195] [/home/u991737198/domains/tas2023.online/public_html/lib/base.php:1871] Base->call()
Sat, 01 Feb 2025 10:12:01 -0500 [71.44.157.195] [/home/u991737198/domains/tas2023.online/public_html/lib/base.php:2069] Controller->beforeroute()
Sat, 01 Feb 2025 10:12:01 -0500 [71.44.157.195] [/home/u991737198/domains/tas2023.online/public_html/index.php:19] Base->run()
Sat, 01 Feb 2025 10:12:01 -0500 [71.44.157.195] [/home/u991737198/domains/tas2023.online/public_html/lib/base.php:1871] Base->call()
Sat, 01 Feb 2025 10:12:01 -0500 [71.44.157.195] [/home/u991737198/domains/tas2023.online/public_html/index.php:19] Base->run()
Sat, 01 Feb 2025 18:02:43 -0500 [47.206.231.19] 401: HTTP 401 (GET /task/taskData) trace: [/home/u991737198/domains/tas2023.online/public_html/lib/access.php:112] Base->error()
Sat, 01 Feb 2025 18:02:43 -0500 [47.206.231.19] [/home/u991737198/domains/tas2023.online/public_html/app/controllers/Controller.php:78] Access->authorize()
Sat, 01 Feb 2025 18:02:43 -0500 [47.206.231.19] [/home/u991737198/domains/tas2023.online/public_html/lib/base.php:2069] Controller->beforeroute()
Sat, 01 Feb 2025 18:02:43 -0500 [47.206.231.19] [/home/u991737198/domains/tas2023.online/public_html/lib/base.php:1871] Base->call()
Sat, 01 Feb 2025 18:02:43 -0500 [47.206.231.19] 401: HTTP 401 (GET /task/taskDistribution) trace: [/home/u991737198/domains/tas2023.online/public_html/lib/access.php:112] Base->error()
Sat, 01 Feb 2025 18:02:43 -0500 [47.206.231.19] [/home/u991737198/domains/tas2023.online/public_html/index.php:19] Base->run()
Sat, 01 Feb 2025 18:02:43 -0500 [47.206.231.19] [/home/u991737198/domains/tas2023.online/public_html/app/controllers/Controller.php:78] Access->authorize()
Sat, 01 Feb 2025 18:02:43 -0500 [47.206.231.19] [/home/u991737198/domains/tas2023.online/public_html/lib/base.php:2069] Controller->beforeroute()
Sat, 01 Feb 2025 18:02:43 -0500 [47.206.231.19] [/home/u991737198/domains/tas2023.online/public_html/lib/base.php:1871] Base->call()
Sat, 01 Feb 2025 18:02:43 -0500 [47.206.231.19] [/home/u991737198/domains/tas2023.online/public_html/index.php:19] Base->run()
Sat, 01 Feb 2025 18:12:06 -0500 [47.206.231.19] 500: Undefined variable $selected_note trace: [/home/u991737198/domains/tas2023.online/public_html/tmp/3hn69l4qoa804.3g8shy2588w00.php:365]
Sat, 01 Feb 2025 18:12:06 -0500 [47.206.231.19] [/home/u991737198/domains/tas2023.online/public_html/tmp/3hn69l4qoa804.3g8shy2588w00.php:365] Base->{closure}()
Sat, 01 Feb 2025 18:12:06 -0500 [47.206.231.19] [/home/u991737198/domains/tas2023.online/public_html/lib/base.php:3036] require('/home/u991737198/domains/tas2023.online/public_html/tmp/3hn69l4qoa804.3g8shy2588w00.php')
Sat, 01 Feb 2025 18:12:06 -0500 [47.206.231.19] [/home/u991737198/domains/tas2023.online/public_html/lib/base.php:3281] View->sandbox()
Sat, 01 Feb 2025 18:12:06 -0500 [47.206.231.19] [/home/u991737198/domains/tas2023.online/public_html/tmp/3hn69l4qoa804.3h31n1yj254w8.php:7] Preview->render()
Sat, 01 Feb 2025 18:12:06 -0500 [47.206.231.19] [/home/u991737198/domains/tas2023.online/public_html/lib/base.php:3036] require('/home/u991737198/domains/tas2023.online/public_html/tmp/3hn69l4qoa804.3h31n1yj254w8.php')
Sat, 01 Feb 2025 18:12:06 -0500 [47.206.231.19] [/home/u991737198/domains/tas2023.online/public_html/lib/base.php:3281] View->sandbox()
Sat, 01 Feb 2025 18:12:06 -0500 [47.206.231.19] [/home/u991737198/domains/tas2023.online/public_html/app/controllers/Controller.php:87] Preview->render()
Sat, 01 Feb 2025 18:12:06 -0500 [47.206.231.19] [/home/u991737198/domains/tas2023.online/public_html/lib/base.php:2078] Controller->afterroute()
Sat, 01 Feb 2025 18:12:06 -0500 [47.206.231.19] [/home/u991737198/domains/tas2023.online/public_html/lib/base.php:1871] Base->call()
Sat, 01 Feb 2025 18:12:06 -0500 [47.206.231.19] [/home/u991737198/domains/tas2023.online/public_html/index.php:19] Base->run()
Sat, 01 Feb 2025 18:12:40 -0500 [2600:1006:b06e:1781:ed1b:2c3c:cae3:d214] 401: HTTP 401 (GET /task/taskDistribution) trace: [/home/u991737198/domains/tas2023.online/public_html/lib/access.php:112] Base->error()
Sat, 01 Feb 2025 18:12:40 -0500 [2600:1006:b06e:1781:ed1b:2c3c:cae3:d214] [/home/u991737198/domains/tas2023.online/public_html/app/controllers/Controller.php:78] Access->authorize()
Sat, 01 Feb 2025 18:12:40 -0500 [2600:1006:b06e:1781:ed1b:2c3c:cae3:d214] [/home/u991737198/domains/tas2023.online/public_html/lib/base.php:2069] Controller->beforeroute()
Sat, 01 Feb 2025 18:12:40 -0500 [2600:1006:b06e:1781:ed1b:2c3c:cae3:d214] 401: HTTP 401 (GET /task/taskData) trace: [/home/u991737198/domains/tas2023.online/public_html/lib/access.php:112] Base->error()
Sat, 01 Feb 2025 18:12:40 -0500 [2600:1006:b06e:1781:ed1b:2c3c:cae3:d214] [/home/u991737198/domains/tas2023.online/public_html/lib/base.php:1871] Base->call()
Sat, 01 Feb 2025 18:12:40 -0500 [2600:1006:b06e:1781:ed1b:2c3c:cae3:d214] [/home/u991737198/domains/tas2023.online/public_html/index.php:19] Base->run()
Sat, 01 Feb 2025 18:12:40 -0500 [2600:1006:b06e:1781:ed1b:2c3c:cae3:d214] [/home/u991737198/domains/tas2023.online/public_html/app/controllers/Controller.php:78] Access->authorize()
Sat, 01 Feb 2025 18:12:40 -0500 [2600:1006:b06e:1781:ed1b:2c3c:cae3:d214] [/home/u991737198/domains/tas2023.online/public_html/lib/base.php:2069] Controller->beforeroute()
Sat, 01 Feb 2025 18:12:40 -0500 [2600:1006:b06e:1781:ed1b:2c3c:cae3:d214] [/home/u991737198/domains/tas2023.online/public_html/lib/base.php:1871] Base->call()
Sat, 01 Feb 2025 18:12:40 -0500 [2600:1006:b06e:1781:ed1b:2c3c:cae3:d214] [/home/u991737198/domains/tas2023.online/public_html/index.php:19] Base->run()
Sat, 01 Feb 2025 18:12:43 -0500 [2600:1006:b06e:1781:ed1b:2c3c:cae3:d214] 401: HTTP 401 (GET /note/find/217/25/61/project) trace: [/home/u991737198/domains/tas2023.online/public_html/lib/access.php:112] Base->error()
Sat, 01 Feb 2025 18:12:43 -0500 [2600:1006:b06e:1781:ed1b:2c3c:cae3:d214] [/home/u991737198/domains/tas2023.online/public_html/app/controllers/Controller.php:78] Access->authorize()
Sat, 01 Feb 2025 18:12:43 -0500 [2600:1006:b06e:1781:ed1b:2c3c:cae3:d214] [/home/u991737198/domains/tas2023.online/public_html/lib/base.php:2069] Controller->beforeroute()
Sat, 01 Feb 2025 18:12:43 -0500 [2600:1006:b06e:1781:ed1b:2c3c:cae3:d214] [/home/u991737198/domains/tas2023.online/public_html/lib/base.php:1871] Base->call()
Sat, 01 Feb 2025 18:12:43 -0500 [2600:1006:b06e:1781:ed1b:2c3c:cae3:d214] [/home/u991737198/domains/tas2023.online/public_html/index.php:19] Base->run()
Sat, 01 Feb 2025 18:13:07 -0500 [2600:1006:b06e:1781:ed1b:2c3c:cae3:d214] 500: Undefined variable $selected_note trace: [/home/u991737198/domains/tas2023.online/public_html/tmp/3hn69l4qoa804.3g8shy2588w00.php:365]
Sat, 01 Feb 2025 18:13:07 -0500 [2600:1006:b06e:1781:ed1b:2c3c:cae3:d214] [/home/u991737198/domains/tas2023.online/public_html/tmp/3hn69l4qoa804.3g8shy2588w00.php:365] Base->{closure}()
Sat, 01 Feb 2025 18:13:07 -0500 [2600:1006:b06e:1781:ed1b:2c3c:cae3:d214] [/home/u991737198/domains/tas2023.online/public_html/lib/base.php:3036] require('/home/u991737198/domains/tas2023.online/public_html/tmp/3hn69l4qoa804.3g8shy2588w00.php')
Sat, 01 Feb 2025 18:13:07 -0500 [2600:1006:b06e:1781:ed1b:2c3c:cae3:d214] [/home/u991737198/domains/tas2023.online/public_html/lib/base.php:3281] View->sandbox()
Sat, 01 Feb 2025 18:13:07 -0500 [2600:1006:b06e:1781:ed1b:2c3c:cae3:d214] [/home/u991737198/domains/tas2023.online/public_html/tmp/3hn69l4qoa804.3h31n1yj254w8.php:7] Preview->render()
Sat, 01 Feb 2025 18:13:07 -0500 [2600:1006:b06e:1781:ed1b:2c3c:cae3:d214] [/home/u991737198/domains/tas2023.online/public_html/lib/base.php:3036] require('/home/u991737198/domains/tas2023.online/public_html/tmp/3hn69l4qoa804.3h31n1yj254w8.php')
Sat, 01 Feb 2025 18:13:07 -0500 [2600:1006:b06e:1781:ed1b:2c3c:cae3:d214] [/home/u991737198/domains/tas2023.online/public_html/lib/base.php:3281] View->sandbox()
Sat, 01 Feb 2025 18:13:07 -0500 [2600:1006:b06e:1781:ed1b:2c3c:cae3:d214] [/home/u991737198/domains/tas2023.online/public_html/app/controllers/Controller.php:87] Preview->render()
Sat, 01 Feb 2025 18:13:07 -0500 [2600:1006:b06e:1781:ed1b:2c3c:cae3:d214] [/home/u991737198/domains/tas2023.online/public_html/lib/base.php:2078] Controller->afterroute()
Sat, 01 Feb 2025 18:13:07 -0500 [2600:1006:b06e:1781:ed1b:2c3c:cae3:d214] [/home/u991737198/domains/tas2023.online/public_html/lib/base.php:1871] Base->call()
Sat, 01 Feb 2025 18:13:07 -0500 [2600:1006:b06e:1781:ed1b:2c3c:cae3:d214] [/home/u991737198/domains/tas2023.online/public_html/index.php:19] Base->run()
Sat, 01 Feb 2025 18:31:09 -0500 [2600:1006:b06e:1781:ed1b:2c3c:cae3:d214] 500: Undefined variable $selected_note trace: [/home/u991737198/domains/tas2023.online/public_html/tmp/3hn69l4qoa804.3g8shy2588w00.php:364]
Sat, 01 Feb 2025 18:31:09 -0500 [2600:1006:b06e:1781:ed1b:2c3c:cae3:d214] [/home/u991737198/domains/tas2023.online/public_html/tmp/3hn69l4qoa804.3g8shy2588w00.php:364] Base->{closure}()
Sat, 01 Feb 2025 18:31:09 -0500 [2600:1006:b06e:1781:ed1b:2c3c:cae3:d214] [/home/u991737198/domains/tas2023.online/public_html/lib/base.php:3036] require('/home/u991737198/domains/tas2023.online/public_html/tmp/3hn69l4qoa804.3g8shy2588w00.php')
Sat, 01 Feb 2025 18:31:09 -0500 [2600:1006:b06e:1781:ed1b:2c3c:cae3:d214] [/home/u991737198/domains/tas2023.online/public_html/lib/base.php:3281] View->sandbox()
Sat, 01 Feb 2025 18:31:09 -0500 [2600:1006:b06e:1781:ed1b:2c3c:cae3:d214] [/home/u991737198/domains/tas2023.online/public_html/tmp/3hn69l4qoa804.3h31n1yj254w8.php:7] Preview->render()
Sat, 01 Feb 2025 18:31:09 -0500 [2600:1006:b06e:1781:ed1b:2c3c:cae3:d214] [/home/u991737198/domains/tas2023.online/public_html/lib/base.php:3036] require('/home/u991737198/domains/tas2023.online/public_html/tmp/3hn69l4qoa804.3h31n1yj254w8.php')
Sat, 01 Feb 2025 18:31:09 -0500 [2600:1006:b06e:1781:ed1b:2c3c:cae3:d214] [/home/u991737198/domains/tas2023.online/public_html/lib/base.php:3281] View->sandbox()
Sat, 01 Feb 2025 18:31:09 -0500 [2600:1006:b06e:1781:ed1b:2c3c:cae3:d214] [/home/u991737198/domains/tas2023.online/public_html/app/controllers/Controller.php:87] Preview->render()
Sat, 01 Feb 2025 18:31:09 -0500 [2600:1006:b06e:1781:ed1b:2c3c:cae3:d214] [/home/u991737198/domains/tas2023.online/public_html/lib/base.php:2078] Controller->afterroute()
Sat, 01 Feb 2025 18:31:09 -0500 [2600:1006:b06e:1781:ed1b:2c3c:cae3:d214] [/home/u991737198/domains/tas2023.online/public_html/lib/base.php:1871] Base->call()
Sat, 01 Feb 2025 18:31:09 -0500 [2600:1006:b06e:1781:ed1b:2c3c:cae3:d214] [/home/u991737198/domains/tas2023.online/public_html/index.php:19] Base->run()
Sat, 01 Feb 2025 18:33:57 -0500 [47.206.231.19] 500: Undefined variable $selected_note trace: [/home/u991737198/domains/tas2023.online/public_html/tmp/3hn69l4qoa804.3g8shy2588w00.php:363]
Sat, 01 Feb 2025 18:33:57 -0500 [47.206.231.19] [/home/u991737198/domains/tas2023.online/public_html/tmp/3hn69l4qoa804.3g8shy2588w00.php:363] Base->{closure}()
Sat, 01 Feb 2025 18:33:57 -0500 [47.206.231.19] [/home/u991737198/domains/tas2023.online/public_html/lib/base.php:3036] require('/home/u991737198/domains/tas2023.online/public_html/tmp/3hn69l4qoa804.3g8shy2588w00.php')
Sat, 01 Feb 2025 18:33:57 -0500 [47.206.231.19] [/home/u991737198/domains/tas2023.online/public_html/lib/base.php:3281] View->sandbox()
Sat, 01 Feb 2025 18:33:57 -0500 [47.206.231.19] [/home/u991737198/domains/tas2023.online/public_html/tmp/3hn69l4qoa804.3h31n1yj254w8.php:7] Preview->render()
Sat, 01 Feb 2025 18:33:57 -0500 [47.206.231.19] [/home/u991737198/domains/tas2023.online/public_html/lib/base.php:3036] require('/home/u991737198/domains/tas2023.online/public_html/tmp/3hn69l4qoa804.3h31n1yj254w8.php')
Sat, 01 Feb 2025 18:33:57 -0500 [47.206.231.19] [/home/u991737198/domains/tas2023.online/public_html/lib/base.php:3281] View->sandbox()
Sat, 01 Feb 2025 18:33:57 -0500 [47.206.231.19] [/home/u991737198/domains/tas2023.online/public_html/app/controllers/Controller.php:87] Preview->render()
Sat, 01 Feb 2025 18:33:57 -0500 [47.206.231.19] [/home/u991737198/domains/tas2023.online/public_html/lib/base.php:2078] Controller->afterroute()
Sat, 01 Feb 2025 18:33:57 -0500 [47.206.231.19] [/home/u991737198/domains/tas2023.online/public_html/lib/base.php:1871] Base->call()
Sat, 01 Feb 2025 18:33:57 -0500 [47.206.231.19] [/home/u991737198/domains/tas2023.online/public_html/index.php:19] Base->run()
Sat, 01 Feb 2025 18:34:12 -0500 [2600:1006:b06e:1781:ed1b:2c3c:cae3:d214] 500: Undefined variable $selected_note trace: [/home/u991737198/domains/tas2023.online/public_html/tmp/3hn69l4qoa804.3g8shy2588w00.php:363]
Sat, 01 Feb 2025 18:34:12 -0500 [2600:1006:b06e:1781:ed1b:2c3c:cae3:d214] [/home/u991737198/domains/tas2023.online/public_html/tmp/3hn69l4qoa804.3g8shy2588w00.php:363] Base->{closure}()
Sat, 01 Feb 2025 18:34:12 -0500 [2600:1006:b06e:1781:ed1b:2c3c:cae3:d214] [/home/u991737198/domains/tas2023.online/public_html/lib/base.php:3036] require('/home/u991737198/domains/tas2023.online/public_html/tmp/3hn69l4qoa804.3g8shy2588w00.php')
Sat, 01 Feb 2025 18:34:12 -0500 [2600:1006:b06e:1781:ed1b:2c3c:cae3:d214] [/home/u991737198/domains/tas2023.online/public_html/lib/base.php:3281] View->sandbox()
Sat, 01 Feb 2025 18:34:12 -0500 [2600:1006:b06e:1781:ed1b:2c3c:cae3:d214] [/home/u991737198/domains/tas2023.online/public_html/tmp/3hn69l4qoa804.3h31n1yj254w8.php:7] Preview->render()
Sat, 01 Feb 2025 18:34:12 -0500 [2600:1006:b06e:1781:ed1b:2c3c:cae3:d214] [/home/u991737198/domains/tas2023.online/public_html/lib/base.php:3036] require('/home/u991737198/domains/tas2023.online/public_html/tmp/3hn69l4qoa804.3h31n1yj254w8.php')
Sat, 01 Feb 2025 18:34:12 -0500 [2600:1006:b06e:1781:ed1b:2c3c:cae3:d214] [/home/u991737198/domains/tas2023.online/public_html/lib/base.php:3281] View->sandbox()
Sat, 01 Feb 2025 18:34:12 -0500 [2600:1006:b06e:1781:ed1b:2c3c:cae3:d214] [/home/u991737198/domains/tas2023.online/public_html/app/controllers/Controller.php:87] Preview->render()
Sat, 01 Feb 2025 18:34:12 -0500 [2600:1006:b06e:1781:ed1b:2c3c:cae3:d214] [/home/u991737198/domains/tas2023.online/public_html/lib/base.php:2078] Controller->afterroute()
Sat, 01 Feb 2025 18:34:12 -0500 [2600:1006:b06e:1781:ed1b:2c3c:cae3:d214] [/home/u991737198/domains/tas2023.online/public_html/lib/base.php:1871] Base->call()
Sat, 01 Feb 2025 18:34:12 -0500 [2600:1006:b06e:1781:ed1b:2c3c:cae3:d214] [/home/u991737198/domains/tas2023.online/public_html/index.php:19] Base->run()
Sat, 01 Feb 2025 18:41:23 -0500 [2600:1006:b06e:1781:ed1b:2c3c:cae3:d214] 500: Undefined variable $selected_note trace: [/home/u991737198/domains/tas2023.online/public_html/tmp/3hn69l4qoa804.3g8shy2588w00.php:363]
Sat, 01 Feb 2025 18:41:23 -0500 [2600:1006:b06e:1781:ed1b:2c3c:cae3:d214] [/home/u991737198/domains/tas2023.online/public_html/tmp/3hn69l4qoa804.3g8shy2588w00.php:363] Base->{closure}()
Sat, 01 Feb 2025 18:41:23 -0500 [2600:1006:b06e:1781:ed1b:2c3c:cae3:d214] [/home/u991737198/domains/tas2023.online/public_html/lib/base.php:3036] require('/home/u991737198/domains/tas2023.online/public_html/tmp/3hn69l4qoa804.3g8shy2588w00.php')
Sat, 01 Feb 2025 18:41:23 -0500 [2600:1006:b06e:1781:ed1b:2c3c:cae3:d214] [/home/u991737198/domains/tas2023.online/public_html/lib/base.php:3281] View->sandbox()
Sat, 01 Feb 2025 18:41:23 -0500 [2600:1006:b06e:1781:ed1b:2c3c:cae3:d214] [/home/u991737198/domains/tas2023.online/public_html/tmp/3hn69l4qoa804.3h31n1yj254w8.php:7] Preview->render()
Sat, 01 Feb 2025 18:41:23 -0500 [2600:1006:b06e:1781:ed1b:2c3c:cae3:d214] [/home/u991737198/domains/tas2023.online/public_html/lib/base.php:3036] require('/home/u991737198/domains/tas2023.online/public_html/tmp/3hn69l4qoa804.3h31n1yj254w8.php')
Sat, 01 Feb 2025 18:41:23 -0500 [2600:1006:b06e:1781:ed1b:2c3c:cae3:d214] [/home/u991737198/domains/tas2023.online/public_html/lib/base.php:3281] View->sandbox()
Sat, 01 Feb 2025 18:41:23 -0500 [2600:1006:b06e:1781:ed1b:2c3c:cae3:d214] [/home/u991737198/domains/tas2023.online/public_html/app/controllers/Controller.php:87] Preview->render()
Sat, 01 Feb 2025 18:41:23 -0500 [2600:1006:b06e:1781:ed1b:2c3c:cae3:d214] [/home/u991737198/domains/tas2023.online/public_html/lib/base.php:2078] Controller->afterroute()
Sat, 01 Feb 2025 18:41:23 -0500 [2600:1006:b06e:1781:ed1b:2c3c:cae3:d214] [/home/u991737198/domains/tas2023.online/public_html/lib/base.php:1871] Base->call()
Sat, 01 Feb 2025 18:41:23 -0500 [2600:1006:b06e:1781:ed1b:2c3c:cae3:d214] [/home/u991737198/domains/tas2023.online/public_html/index.php:19] Base->run()
Sat, 01 Feb 2025 18:51:15 -0500 [2600:1006:b06e:1781:ed1b:2c3c:cae3:d214] 500: Undefined variable $entity_num trace: [tmp/3hn69l4qoa804.1zo7dt0fljr4w.php:200]
Sat, 01 Feb 2025 18:51:15 -0500 [2600:1006:b06e:1781:ed1b:2c3c:cae3:d214] [tmp/3hn69l4qoa804.1zo7dt0fljr4w.php:200] Base->{closure}()
Sat, 01 Feb 2025 18:51:15 -0500 [2600:1006:b06e:1781:ed1b:2c3c:cae3:d214] [lib/base.php:3036] require('/home/u991737198/domains/tas2023.online/public_html/tmp/3hn69l4qoa804.1zo7dt0fljr4w.php')
Sat, 01 Feb 2025 18:51:15 -0500 [2600:1006:b06e:1781:ed1b:2c3c:cae3:d214] [lib/base.php:3281] View->sandbox()
Sat, 01 Feb 2025 18:51:15 -0500 [2600:1006:b06e:1781:ed1b:2c3c:cae3:d214] [tmp/3hn69l4qoa804.3h31n1yj254w8.php:7] Preview->render()
Sat, 01 Feb 2025 18:51:15 -0500 [2600:1006:b06e:1781:ed1b:2c3c:cae3:d214] [lib/base.php:3036] require('/home/u991737198/domains/tas2023.online/public_html/tmp/3hn69l4qoa804.3h31n1yj254w8.php')
Sat, 01 Feb 2025 18:51:15 -0500 [2600:1006:b06e:1781:ed1b:2c3c:cae3:d214] [lib/base.php:3281] View->sandbox()
Sat, 01 Feb 2025 18:51:15 -0500 [2600:1006:b06e:1781:ed1b:2c3c:cae3:d214] [app/controllers/Controller.php:87] Preview->render()
Sat, 01 Feb 2025 18:51:15 -0500 [2600:1006:b06e:1781:ed1b:2c3c:cae3:d214] [lib/base.php:2078] Controller->afterroute()
Sat, 01 Feb 2025 18:51:15 -0500 [2600:1006:b06e:1781:ed1b:2c3c:cae3:d214] [lib/base.php:1871] Base->call()
Sat, 01 Feb 2025 18:51:15 -0500 [2600:1006:b06e:1781:ed1b:2c3c:cae3:d214] [index.php:19] Base->run()
Sat, 01 Feb 2025 18:51:25 -0500 [2600:1006:b06e:1781:ed1b:2c3c:cae3:d214] 500: Undefined variable $entity_num trace: [tmp/3hn69l4qoa804.1zo7dt0fljr4w.php:200]
Sat, 01 Feb 2025 18:51:25 -0500 [2600:1006:b06e:1781:ed1b:2c3c:cae3:d214] [tmp/3hn69l4qoa804.1zo7dt0fljr4w.php:200] Base->{closure}()
Sat, 01 Feb 2025 18:51:25 -0500 [2600:1006:b06e:1781:ed1b:2c3c:cae3:d214] [lib/base.php:3036] require('/home/u991737198/domains/tas2023.online/public_html/tmp/3hn69l4qoa804.1zo7dt0fljr4w.php')
Sat, 01 Feb 2025 18:51:25 -0500 [2600:1006:b06e:1781:ed1b:2c3c:cae3:d214] [lib/base.php:3281] View->sandbox()
Sat, 01 Feb 2025 18:51:25 -0500 [2600:1006:b06e:1781:ed1b:2c3c:cae3:d214] [tmp/3hn69l4qoa804.3h31n1yj254w8.php:7] Preview->render()
Sat, 01 Feb 2025 18:51:25 -0500 [2600:1006:b06e:1781:ed1b:2c3c:cae3:d214] [lib/base.php:3036] require('/home/u991737198/domains/tas2023.online/public_html/tmp/3hn69l4qoa804.3h31n1yj254w8.php')
Sat, 01 Feb 2025 18:51:25 -0500 [2600:1006:b06e:1781:ed1b:2c3c:cae3:d214] [lib/base.php:3281] View->sandbox()
Sat, 01 Feb 2025 18:51:25 -0500 [2600:1006:b06e:1781:ed1b:2c3c:cae3:d214] [app/controllers/Controller.php:87] Preview->render()
Sat, 01 Feb 2025 18:51:25 -0500 [2600:1006:b06e:1781:ed1b:2c3c:cae3:d214] [lib/base.php:2078] Controller->afterroute()
Sat, 01 Feb 2025 18:51:25 -0500 [2600:1006:b06e:1781:ed1b:2c3c:cae3:d214] [lib/base.php:1871] Base->call()
Sat, 01 Feb 2025 18:51:25 -0500 [2600:1006:b06e:1781:ed1b:2c3c:cae3:d214] [index.php:19] Base->run()
Sat, 01 Feb 2025 19:24:48 -0500 [47.206.231.19] 500: Undefined variable $entity_num trace: [tmp/3hn69l4qoa804.1zo7dt0fljr4w.php:200]
Sat, 01 Feb 2025 19:24:48 -0500 [47.206.231.19] [tmp/3hn69l4qoa804.1zo7dt0fljr4w.php:200] Base->{closure}()
Sat, 01 Feb 2025 19:24:48 -0500 [47.206.231.19] [lib/base.php:3036] require('/home/u991737198/domains/tas2023.online/public_html/tmp/3hn69l4qoa804.1zo7dt0fljr4w.php')
Sat, 01 Feb 2025 19:24:48 -0500 [47.206.231.19] [lib/base.php:3281] View->sandbox()
Sat, 01 Feb 2025 19:24:48 -0500 [47.206.231.19] [tmp/3hn69l4qoa804.3h31n1yj254w8.php:7] Preview->render()
Sat, 01 Feb 2025 19:24:48 -0500 [47.206.231.19] [lib/base.php:3036] require('/home/u991737198/domains/tas2023.online/public_html/tmp/3hn69l4qoa804.3h31n1yj254w8.php')
Sat, 01 Feb 2025 19:24:48 -0500 [47.206.231.19] [lib/base.php:3281] View->sandbox()
Sat, 01 Feb 2025 19:24:48 -0500 [47.206.231.19] [app/controllers/Controller.php:87] Preview->render()
Sat, 01 Feb 2025 19:24:48 -0500 [47.206.231.19] [lib/base.php:2078] Controller->afterroute()
Sat, 01 Feb 2025 19:24:48 -0500 [47.206.231.19] [lib/base.php:1871] Base->call()
Sat, 01 Feb 2025 19:24:48 -0500 [47.206.231.19] [index.php:19] Base->run()
Sat, 01 Feb 2025 19:24:54 -0500 [47.206.231.19] 500: Undefined variable $entity_num trace: [tmp/3hn69l4qoa804.1zo7dt0fljr4w.php:200]
Sat, 01 Feb 2025 19:24:54 -0500 [47.206.231.19] [tmp/3hn69l4qoa804.1zo7dt0fljr4w.php:200] Base->{closure}()
Sat, 01 Feb 2025 19:24:54 -0500 [47.206.231.19] [lib/base.php:3036] require('/home/u991737198/domains/tas2023.online/public_html/tmp/3hn69l4qoa804.1zo7dt0fljr4w.php')
Sat, 01 Feb 2025 19:24:54 -0500 [47.206.231.19] [lib/base.php:3281] View->sandbox()
Sat, 01 Feb 2025 19:24:54 -0500 [47.206.231.19] [tmp/3hn69l4qoa804.3h31n1yj254w8.php:7] Preview->render()
Sat, 01 Feb 2025 19:24:54 -0500 [47.206.231.19] [lib/base.php:3036] require('/home/u991737198/domains/tas2023.online/public_html/tmp/3hn69l4qoa804.3h31n1yj254w8.php')
Sat, 01 Feb 2025 19:24:54 -0500 [47.206.231.19] [lib/base.php:3281] View->sandbox()
Sat, 01 Feb 2025 19:24:54 -0500 [47.206.231.19] [app/controllers/Controller.php:87] Preview->render()
Sat, 01 Feb 2025 19:24:54 -0500 [47.206.231.19] [lib/base.php:2078] Controller->afterroute()
Sat, 01 Feb 2025 19:24:54 -0500 [47.206.231.19] [lib/base.php:1871] Base->call()
Sat, 01 Feb 2025 19:24:54 -0500 [47.206.231.19] [index.php:19] Base->run()
Sat, 01 Feb 2025 22:32:11 -0500 [2603:9000:f801:55e2:d1c7:7ca6:8ce5:806d] 500: Undefined variable $entity_num trace: [tmp/3hn69l4qoa804.1zo7dt0fljr4w.php:200]
Sat, 01 Feb 2025 22:32:11 -0500 [2603:9000:f801:55e2:d1c7:7ca6:8ce5:806d] [tmp/3hn69l4qoa804.1zo7dt0fljr4w.php:200] Base->{closure}()
Sat, 01 Feb 2025 22:32:11 -0500 [2603:9000:f801:55e2:d1c7:7ca6:8ce5:806d] [lib/base.php:3036] require('/home/u991737198/domains/tas2023.online/public_html/tmp/3hn69l4qoa804.1zo7dt0fljr4w.php')
Sat, 01 Feb 2025 22:32:11 -0500 [2603:9000:f801:55e2:d1c7:7ca6:8ce5:806d] [lib/base.php:3281] View->sandbox()
Sat, 01 Feb 2025 22:32:11 -0500 [2603:9000:f801:55e2:d1c7:7ca6:8ce5:806d] [tmp/3hn69l4qoa804.3h31n1yj254w8.php:7] Preview->render()
Sat, 01 Feb 2025 22:32:11 -0500 [2603:9000:f801:55e2:d1c7:7ca6:8ce5:806d] [lib/base.php:3036] require('/home/u991737198/domains/tas2023.online/public_html/tmp/3hn69l4qoa804.3h31n1yj254w8.php')
Sat, 01 Feb 2025 22:32:11 -0500 [2603:9000:f801:55e2:d1c7:7ca6:8ce5:806d] [lib/base.php:3281] View->sandbox()
Sat, 01 Feb 2025 22:32:11 -0500 [2603:9000:f801:55e2:d1c7:7ca6:8ce5:806d] [app/controllers/Controller.php:87] Preview->render()
Sat, 01 Feb 2025 22:32:11 -0500 [2603:9000:f801:55e2:d1c7:7ca6:8ce5:806d] [lib/base.php:2078] Controller->afterroute()
Sat, 01 Feb 2025 22:32:11 -0500 [2603:9000:f801:55e2:d1c7:7ca6:8ce5:806d] [lib/base.php:1871] Base->call()
Sat, 01 Feb 2025 22:32:11 -0500 [2603:9000:f801:55e2:d1c7:7ca6:8ce5:806d] [index.php:19] Base->run()
Sat, 01 Feb 2025 22:32:19 -0500 [2603:9000:f801:55e2:d1c7:7ca6:8ce5:806d] 500: Undefined variable $entity_num trace: [tmp/3hn69l4qoa804.1zo7dt0fljr4w.php:200]
Sat, 01 Feb 2025 22:32:19 -0500 [2603:9000:f801:55e2:d1c7:7ca6:8ce5:806d] [tmp/3hn69l4qoa804.1zo7dt0fljr4w.php:200] Base->{closure}()
Sat, 01 Feb 2025 22:32:19 -0500 [2603:9000:f801:55e2:d1c7:7ca6:8ce5:806d] [lib/base.php:3036] require('/home/u991737198/domains/tas2023.online/public_html/tmp/3hn69l4qoa804.1zo7dt0fljr4w.php')
Sat, 01 Feb 2025 22:32:19 -0500 [2603:9000:f801:55e2:d1c7:7ca6:8ce5:806d] [lib/base.php:3281] View->sandbox()
Sat, 01 Feb 2025 22:32:19 -0500 [2603:9000:f801:55e2:d1c7:7ca6:8ce5:806d] [tmp/3hn69l4qoa804.3h31n1yj254w8.php:7] Preview->render()
Sat, 01 Feb 2025 22:32:19 -0500 [2603:9000:f801:55e2:d1c7:7ca6:8ce5:806d] [lib/base.php:3036] require('/home/u991737198/domains/tas2023.online/public_html/tmp/3hn69l4qoa804.3h31n1yj254w8.php')
Sat, 01 Feb 2025 22:32:19 -0500 [2603:9000:f801:55e2:d1c7:7ca6:8ce5:806d] [lib/base.php:3281] View->sandbox()
Sat, 01 Feb 2025 22:32:19 -0500 [2603:9000:f801:55e2:d1c7:7ca6:8ce5:806d] [app/controllers/Controller.php:87] Preview->render()
Sat, 01 Feb 2025 22:32:19 -0500 [2603:9000:f801:55e2:d1c7:7ca6:8ce5:806d] [lib/base.php:2078] Controller->afterroute()
Sat, 01 Feb 2025 22:32:19 -0500 [2603:9000:f801:55e2:d1c7:7ca6:8ce5:806d] [lib/base.php:1871] Base->call()
Sat, 01 Feb 2025 22:32:19 -0500 [2603:9000:f801:55e2:d1c7:7ca6:8ce5:806d] [index.php:19] Base->run()
Sat, 01 Feb 2025 22:33:01 -0500 [2603:9000:f801:55e2:d1c7:7ca6:8ce5:806d] 500: Undefined variable $entity_num trace: [tmp/3hn69l4qoa804.1zo7dt0fljr4w.php:200]
Sat, 01 Feb 2025 22:33:01 -0500 [2603:9000:f801:55e2:d1c7:7ca6:8ce5:806d] [tmp/3hn69l4qoa804.1zo7dt0fljr4w.php:200] Base->{closure}()
Sat, 01 Feb 2025 22:33:01 -0500 [2603:9000:f801:55e2:d1c7:7ca6:8ce5:806d] [lib/base.php:3036] require('/home/u991737198/domains/tas2023.online/public_html/tmp/3hn69l4qoa804.1zo7dt0fljr4w.php')
Sat, 01 Feb 2025 22:33:01 -0500 [2603:9000:f801:55e2:d1c7:7ca6:8ce5:806d] [lib/base.php:3281] View->sandbox()
Sat, 01 Feb 2025 22:33:01 -0500 [2603:9000:f801:55e2:d1c7:7ca6:8ce5:806d] [tmp/3hn69l4qoa804.3h31n1yj254w8.php:7] Preview->render()
Sat, 01 Feb 2025 22:33:01 -0500 [2603:9000:f801:55e2:d1c7:7ca6:8ce5:806d] [lib/base.php:3036] require('/home/u991737198/domains/tas2023.online/public_html/tmp/3hn69l4qoa804.3h31n1yj254w8.php')
Sat, 01 Feb 2025 22:33:01 -0500 [2603:9000:f801:55e2:d1c7:7ca6:8ce5:806d] [lib/base.php:3281] View->sandbox()
Sat, 01 Feb 2025 22:33:01 -0500 [2603:9000:f801:55e2:d1c7:7ca6:8ce5:806d] [app/controllers/Controller.php:87] Preview->render()
Sat, 01 Feb 2025 22:33:01 -0500 [2603:9000:f801:55e2:d1c7:7ca6:8ce5:806d] [lib/base.php:2078] Controller->afterroute()
Sat, 01 Feb 2025 22:33:01 -0500 [2603:9000:f801:55e2:d1c7:7ca6:8ce5:806d] [lib/base.php:1871] Base->call()
Sat, 01 Feb 2025 22:33:01 -0500 [2603:9000:f801:55e2:d1c7:7ca6:8ce5:806d] [index.php:19] Base->run()
Sat, 01 Feb 2025 22:33:09 -0500 [2603:9000:f801:55e2:d1c7:7ca6:8ce5:806d] 500: Undefined variable $entity_num trace: [tmp/3hn69l4qoa804.1zo7dt0fljr4w.php:200]
Sat, 01 Feb 2025 22:33:09 -0500 [2603:9000:f801:55e2:d1c7:7ca6:8ce5:806d] [tmp/3hn69l4qoa804.1zo7dt0fljr4w.php:200] Base->{closure}()
Sat, 01 Feb 2025 22:33:09 -0500 [2603:9000:f801:55e2:d1c7:7ca6:8ce5:806d] [lib/base.php:3036] require('/home/u991737198/domains/tas2023.online/public_html/tmp/3hn69l4qoa804.1zo7dt0fljr4w.php')
Sat, 01 Feb 2025 22:33:09 -0500 [2603:9000:f801:55e2:d1c7:7ca6:8ce5:806d] [lib/base.php:3281] View->sandbox()
Sat, 01 Feb 2025 22:33:09 -0500 [2603:9000:f801:55e2:d1c7:7ca6:8ce5:806d] [tmp/3hn69l4qoa804.3h31n1yj254w8.php:7] Preview->render()
Sat, 01 Feb 2025 22:33:09 -0500 [2603:9000:f801:55e2:d1c7:7ca6:8ce5:806d] [lib/base.php:3036] require('/home/u991737198/domains/tas2023.online/public_html/tmp/3hn69l4qoa804.3h31n1yj254w8.php')
Sat, 01 Feb 2025 22:33:09 -0500 [2603:9000:f801:55e2:d1c7:7ca6:8ce5:806d] [lib/base.php:3281] View->sandbox()
Sat, 01 Feb 2025 22:33:09 -0500 [2603:9000:f801:55e2:d1c7:7ca6:8ce5:806d] [app/controllers/Controller.php:87] Preview->render()
Sat, 01 Feb 2025 22:33:09 -0500 [2603:9000:f801:55e2:d1c7:7ca6:8ce5:806d] [lib/base.php:2078] Controller->afterroute()
Sat, 01 Feb 2025 22:33:09 -0500 [2603:9000:f801:55e2:d1c7:7ca6:8ce5:806d] [lib/base.php:1871] Base->call()
Sat, 01 Feb 2025 22:33:09 -0500 [2603:9000:f801:55e2:d1c7:7ca6:8ce5:806d] [index.php:19] Base->run()
Sat, 01 Feb 2025 22:33:34 -0500 [2603:9000:f801:55e2:d1c7:7ca6:8ce5:806d] 500: Undefined variable $selected_note trace: [/home/u991737198/domains/tas2023.online/public_html/tmp/3hn69l4qoa804.3g8shy2588w00.php:363]
Sat, 01 Feb 2025 22:33:34 -0500 [2603:9000:f801:55e2:d1c7:7ca6:8ce5:806d] [/home/u991737198/domains/tas2023.online/public_html/tmp/3hn69l4qoa804.3g8shy2588w00.php:363] Base->{closure}()
Sat, 01 Feb 2025 22:33:34 -0500 [2603:9000:f801:55e2:d1c7:7ca6:8ce5:806d] [/home/u991737198/domains/tas2023.online/public_html/lib/base.php:3036] require('/home/u991737198/domains/tas2023.online/public_html/tmp/3hn69l4qoa804.3g8shy2588w00.php')
Sat, 01 Feb 2025 22:33:34 -0500 [2603:9000:f801:55e2:d1c7:7ca6:8ce5:806d] [/home/u991737198/domains/tas2023.online/public_html/lib/base.php:3281] View->sandbox()
Sat, 01 Feb 2025 22:33:34 -0500 [2603:9000:f801:55e2:d1c7:7ca6:8ce5:806d] [/home/u991737198/domains/tas2023.online/public_html/tmp/3hn69l4qoa804.3h31n1yj254w8.php:7] Preview->render()
Sat, 01 Feb 2025 22:33:34 -0500 [2603:9000:f801:55e2:d1c7:7ca6:8ce5:806d] [/home/u991737198/domains/tas2023.online/public_html/lib/base.php:3036] require('/home/u991737198/domains/tas2023.online/public_html/tmp/3hn69l4qoa804.3h31n1yj254w8.php')
Sat, 01 Feb 2025 22:33:34 -0500 [2603:9000:f801:55e2:d1c7:7ca6:8ce5:806d] [/home/u991737198/domains/tas2023.online/public_html/lib/base.php:3281] View->sandbox()
Sat, 01 Feb 2025 22:33:34 -0500 [2603:9000:f801:55e2:d1c7:7ca6:8ce5:806d] [/home/u991737198/domains/tas2023.online/public_html/app/controllers/Controller.php:87] Preview->render()
Sat, 01 Feb 2025 22:33:34 -0500 [2603:9000:f801:55e2:d1c7:7ca6:8ce5:806d] [/home/u991737198/domains/tas2023.online/public_html/lib/base.php:2078] Controller->afterroute()
Sat, 01 Feb 2025 22:33:34 -0500 [2603:9000:f801:55e2:d1c7:7ca6:8ce5:806d] [/home/u991737198/domains/tas2023.online/public_html/lib/base.php:1871] Base->call()
Sat, 01 Feb 2025 22:33:34 -0500 [2603:9000:f801:55e2:d1c7:7ca6:8ce5:806d] [/home/u991737198/domains/tas2023.online/public_html/index.php:19] Base->run()
Sat, 01 Feb 2025 22:33:45 -0500 [2603:9000:f801:55e2:d1c7:7ca6:8ce5:806d] 500: trim(): Passing null to parameter #1 ($string) of type string is deprecated trace: [/home/u991737198/domains/tas2023.online/public_html/tmp/3hn69l4qoa804.3g8shy2588w00.php:334]
Sat, 01 Feb 2025 22:33:45 -0500 [2603:9000:f801:55e2:d1c7:7ca6:8ce5:806d] [/home/u991737198/domains/tas2023.online/public_html/tmp/3hn69l4qoa804.3g8shy2588w00.php:334] trim()
Sat, 01 Feb 2025 22:33:45 -0500 [2603:9000:f801:55e2:d1c7:7ca6:8ce5:806d] [/home/u991737198/domains/tas2023.online/public_html/lib/base.php:3036] require('/home/u991737198/domains/tas2023.online/public_html/tmp/3hn69l4qoa804.3g8shy2588w00.php')
Sat, 01 Feb 2025 22:33:45 -0500 [2603:9000:f801:55e2:d1c7:7ca6:8ce5:806d] [/home/u991737198/domains/tas2023.online/public_html/lib/base.php:3281] View->sandbox()
Sat, 01 Feb 2025 22:33:45 -0500 [2603:9000:f801:55e2:d1c7:7ca6:8ce5:806d] [/home/u991737198/domains/tas2023.online/public_html/tmp/3hn69l4qoa804.3h31n1yj254w8.php:7] Preview->render()
Sat, 01 Feb 2025 22:33:45 -0500 [2603:9000:f801:55e2:d1c7:7ca6:8ce5:806d] [/home/u991737198/domains/tas2023.online/public_html/lib/base.php:3036] require('/home/u991737198/domains/tas2023.online/public_html/tmp/3hn69l4qoa804.3h31n1yj254w8.php')
Sat, 01 Feb 2025 22:33:45 -0500 [2603:9000:f801:55e2:d1c7:7ca6:8ce5:806d] [/home/u991737198/domains/tas2023.online/public_html/lib/base.php:3281] View->sandbox()
Sat, 01 Feb 2025 22:33:45 -0500 [2603:9000:f801:55e2:d1c7:7ca6:8ce5:806d] [/home/u991737198/domains/tas2023.online/public_html/app/controllers/Controller.php:87] Preview->render()
Sat, 01 Feb 2025 22:33:45 -0500 [2603:9000:f801:55e2:d1c7:7ca6:8ce5:806d] [/home/u991737198/domains/tas2023.online/public_html/lib/base.php:2078] Controller->afterroute()
Sat, 01 Feb 2025 22:33:45 -0500 [2603:9000:f801:55e2:d1c7:7ca6:8ce5:806d] [/home/u991737198/domains/tas2023.online/public_html/lib/base.php:1871] Base->call()
Sat, 01 Feb 2025 22:33:45 -0500 [2603:9000:f801:55e2:d1c7:7ca6:8ce5:806d] [/home/u991737198/domains/tas2023.online/public_html/index.php:19] Base->run()
Sat, 01 Feb 2025 22:34:23 -0500 [2603:9000:f801:55e2:d1c7:7ca6:8ce5:806d] 500: Undefined variable $selected_note trace: [/home/u991737198/domains/tas2023.online/public_html/tmp/3hn69l4qoa804.3g8shy2588w00.php:363]
Sat, 01 Feb 2025 22:34:23 -0500 [2603:9000:f801:55e2:d1c7:7ca6:8ce5:806d] [/home/u991737198/domains/tas2023.online/public_html/tmp/3hn69l4qoa804.3g8shy2588w00.php:363] Base->{closure}()
Sat, 01 Feb 2025 22:34:23 -0500 [2603:9000:f801:55e2:d1c7:7ca6:8ce5:806d] [/home/u991737198/domains/tas2023.online/public_html/lib/base.php:3036] require('/home/u991737198/domains/tas2023.online/public_html/tmp/3hn69l4qoa804.3g8shy2588w00.php')
Sat, 01 Feb 2025 22:34:23 -0500 [2603:9000:f801:55e2:d1c7:7ca6:8ce5:806d] [/home/u991737198/domains/tas2023.online/public_html/lib/base.php:3281] View->sandbox()
Sat, 01 Feb 2025 22:34:23 -0500 [2603:9000:f801:55e2:d1c7:7ca6:8ce5:806d] [/home/u991737198/domains/tas2023.online/public_html/tmp/3hn69l4qoa804.3h31n1yj254w8.php:7] Preview->render()
Sat, 01 Feb 2025 22:34:23 -0500 [2603:9000:f801:55e2:d1c7:7ca6:8ce5:806d] [/home/u991737198/domains/tas2023.online/public_html/lib/base.php:3036] require('/home/u991737198/domains/tas2023.online/public_html/tmp/3hn69l4qoa804.3h31n1yj254w8.php')
Sat, 01 Feb 2025 22:34:23 -0500 [2603:9000:f801:55e2:d1c7:7ca6:8ce5:806d] [/home/u991737198/domains/tas2023.online/public_html/lib/base.php:3281] View->sandbox()
Sat, 01 Feb 2025 22:34:23 -0500 [2603:9000:f801:55e2:d1c7:7ca6:8ce5:806d] [/home/u991737198/domains/tas2023.online/public_html/app/controllers/Controller.php:87] Preview->render()
Sat, 01 Feb 2025 22:34:23 -0500 [2603:9000:f801:55e2:d1c7:7ca6:8ce5:806d] [/home/u991737198/domains/tas2023.online/public_html/lib/base.php:2078] Controller->afterroute()
Sat, 01 Feb 2025 22:34:23 -0500 [2603:9000:f801:55e2:d1c7:7ca6:8ce5:806d] [/home/u991737198/domains/tas2023.online/public_html/lib/base.php:1871] Base->call()
Sat, 01 Feb 2025 22:34:23 -0500 [2603:9000:f801:55e2:d1c7:7ca6:8ce5:806d] [/home/u991737198/domains/tas2023.online/public_html/index.php:19] Base->run()
Sat, 01 Feb 2025 22:34:32 -0500 [2603:9000:f801:55e2:d1c7:7ca6:8ce5:806d] 500: trim(): Passing null to parameter #1 ($string) of type string is deprecated trace: [/home/u991737198/domains/tas2023.online/public_html/tmp/3hn69l4qoa804.3g8shy2588w00.php:334]
Sat, 01 Feb 2025 22:34:32 -0500 [2603:9000:f801:55e2:d1c7:7ca6:8ce5:806d] [/home/u991737198/domains/tas2023.online/public_html/tmp/3hn69l4qoa804.3g8shy2588w00.php:334] trim()
Sat, 01 Feb 2025 22:34:32 -0500 [2603:9000:f801:55e2:d1c7:7ca6:8ce5:806d] [/home/u991737198/domains/tas2023.online/public_html/lib/base.php:3036] require('/home/u991737198/domains/tas2023.online/public_html/tmp/3hn69l4qoa804.3g8shy2588w00.php')
Sat, 01 Feb 2025 22:34:32 -0500 [2603:9000:f801:55e2:d1c7:7ca6:8ce5:806d] [/home/u991737198/domains/tas2023.online/public_html/lib/base.php:3281] View->sandbox()
Sat, 01 Feb 2025 22:34:32 -0500 [2603:9000:f801:55e2:d1c7:7ca6:8ce5:806d] [/home/u991737198/domains/tas2023.online/public_html/tmp/3hn69l4qoa804.3h31n1yj254w8.php:7] Preview->render()
Sat, 01 Feb 2025 22:34:32 -0500 [2603:9000:f801:55e2:d1c7:7ca6:8ce5:806d] [/home/u991737198/domains/tas2023.online/public_html/lib/base.php:3036] require('/home/u991737198/domains/tas2023.online/public_html/tmp/3hn69l4qoa804.3h31n1yj254w8.php')
Sat, 01 Feb 2025 22:34:32 -0500 [2603:9000:f801:55e2:d1c7:7ca6:8ce5:806d] [/home/u991737198/domains/tas2023.online/public_html/lib/base.php:3281] View->sandbox()
Sat, 01 Feb 2025 22:34:32 -0500 [2603:9000:f801:55e2:d1c7:7ca6:8ce5:806d] [/home/u991737198/domains/tas2023.online/public_html/app/controllers/Controller.php:87] Preview->render()
Sat, 01 Feb 2025 22:34:32 -0500 [2603:9000:f801:55e2:d1c7:7ca6:8ce5:806d] [/home/u991737198/domains/tas2023.online/public_html/lib/base.php:2078] Controller->afterroute()
Sat, 01 Feb 2025 22:34:32 -0500 [2603:9000:f801:55e2:d1c7:7ca6:8ce5:806d] [/home/u991737198/domains/tas2023.online/public_html/lib/base.php:1871] Base->call()
Sat, 01 Feb 2025 22:34:32 -0500 [2603:9000:f801:55e2:d1c7:7ca6:8ce5:806d] [/home/u991737198/domains/tas2023.online/public_html/index.php:19] Base->run()
Sat, 01 Feb 2025 22:35:07 -0500 [2603:9000:f801:55e2:d1c7:7ca6:8ce5:806d] 500: Undefined variable $selected_note trace: [/home/u991737198/domains/tas2023.online/public_html/tmp/3hn69l4qoa804.3g8shy2588w00.php:363]
Sat, 01 Feb 2025 22:35:07 -0500 [2603:9000:f801:55e2:d1c7:7ca6:8ce5:806d] [/home/u991737198/domains/tas2023.online/public_html/tmp/3hn69l4qoa804.3g8shy2588w00.php:363] Base->{closure}()
Sat, 01 Feb 2025 22:35:07 -0500 [2603:9000:f801:55e2:d1c7:7ca6:8ce5:806d] [/home/u991737198/domains/tas2023.online/public_html/lib/base.php:3036] require('/home/u991737198/domains/tas2023.online/public_html/tmp/3hn69l4qoa804.3g8shy2588w00.php')
Sat, 01 Feb 2025 22:35:07 -0500 [2603:9000:f801:55e2:d1c7:7ca6:8ce5:806d] [/home/u991737198/domains/tas2023.online/public_html/lib/base.php:3281] View->sandbox()
Sat, 01 Feb 2025 22:35:07 -0500 [2603:9000:f801:55e2:d1c7:7ca6:8ce5:806d] [/home/u991737198/domains/tas2023.online/public_html/tmp/3hn69l4qoa804.3h31n1yj254w8.php:7] Preview->render()
Sat, 01 Feb 2025 22:35:07 -0500 [2603:9000:f801:55e2:d1c7:7ca6:8ce5:806d] [/home/u991737198/domains/tas2023.online/public_html/lib/base.php:3036] require('/home/u991737198/domains/tas2023.online/public_html/tmp/3hn69l4qoa804.3h31n1yj254w8.php')
Sat, 01 Feb 2025 22:35:07 -0500 [2603:9000:f801:55e2:d1c7:7ca6:8ce5:806d] [/home/u991737198/domains/tas2023.online/public_html/lib/base.php:3281] View->sandbox()
Sat, 01 Feb 2025 22:35:07 -0500 [2603:9000:f801:55e2:d1c7:7ca6:8ce5:806d] [/home/u991737198/domains/tas2023.online/public_html/app/controllers/Controller.php:87] Preview->render()
Sat, 01 Feb 2025 22:35:07 -0500 [2603:9000:f801:55e2:d1c7:7ca6:8ce5:806d] [/home/u991737198/domains/tas2023.online/public_html/lib/base.php:2078] Controller->afterroute()
Sat, 01 Feb 2025 22:35:07 -0500 [2603:9000:f801:55e2:d1c7:7ca6:8ce5:806d] [/home/u991737198/domains/tas2023.online/public_html/lib/base.php:1871] Base->call()
Sat, 01 Feb 2025 22:35:07 -0500 [2603:9000:f801:55e2:d1c7:7ca6:8ce5:806d] [/home/u991737198/domains/tas2023.online/public_html/index.php:19] Base->run()
Sat, 01 Feb 2025 22:35:18 -0500 [2603:9000:f801:55e2:d1c7:7ca6:8ce5:806d] 500: trim(): Passing null to parameter #1 ($string) of type string is deprecated trace: [/home/u991737198/domains/tas2023.online/public_html/tmp/3hn69l4qoa804.3g8shy2588w00.php:334]
Sat, 01 Feb 2025 22:35:18 -0500 [2603:9000:f801:55e2:d1c7:7ca6:8ce5:806d] [/home/u991737198/domains/tas2023.online/public_html/tmp/3hn69l4qoa804.3g8shy2588w00.php:334] trim()
Sat, 01 Feb 2025 22:35:18 -0500 [2603:9000:f801:55e2:d1c7:7ca6:8ce5:806d] [/home/u991737198/domains/tas2023.online/public_html/lib/base.php:3036] require('/home/u991737198/domains/tas2023.online/public_html/tmp/3hn69l4qoa804.3g8shy2588w00.php')
Sat, 01 Feb 2025 22:35:18 -0500 [2603:9000:f801:55e2:d1c7:7ca6:8ce5:806d] [/home/u991737198/domains/tas2023.online/public_html/lib/base.php:3281] View->sandbox()
Sat, 01 Feb 2025 22:35:18 -0500 [2603:9000:f801:55e2:d1c7:7ca6:8ce5:806d] [/home/u991737198/domains/tas2023.online/public_html/tmp/3hn69l4qoa804.3h31n1yj254w8.php:7] Preview->render()
Sat, 01 Feb 2025 22:35:18 -0500 [2603:9000:f801:55e2:d1c7:7ca6:8ce5:806d] [/home/u991737198/domains/tas2023.online/public_html/lib/base.php:3036] require('/home/u991737198/domains/tas2023.online/public_html/tmp/3hn69l4qoa804.3h31n1yj254w8.php')
Sat, 01 Feb 2025 22:35:18 -0500 [2603:9000:f801:55e2:d1c7:7ca6:8ce5:806d] [/home/u991737198/domains/tas2023.online/public_html/lib/base.php:3281] View->sandbox()
Sat, 01 Feb 2025 22:35:18 -0500 [2603:9000:f801:55e2:d1c7:7ca6:8ce5:806d] [/home/u991737198/domains/tas2023.online/public_html/app/controllers/Controller.php:87] Preview->render()
Sat, 01 Feb 2025 22:35:18 -0500 [2603:9000:f801:55e2:d1c7:7ca6:8ce5:806d] [/home/u991737198/domains/tas2023.online/public_html/lib/base.php:2078] Controller->afterroute()
Sat, 01 Feb 2025 22:35:18 -0500 [2603:9000:f801:55e2:d1c7:7ca6:8ce5:806d] [/home/u991737198/domains/tas2023.online/public_html/lib/base.php:1871] Base->call()
Sat, 01 Feb 2025 22:35:18 -0500 [2603:9000:f801:55e2:d1c7:7ca6:8ce5:806d] [/home/u991737198/domains/tas2023.online/public_html/index.php:19] Base->run()
Sat, 01 Feb 2025 22:35:45 -0500 [2603:9000:f801:55e2:d1c7:7ca6:8ce5:806d] 500: Undefined variable $entity_num trace: [tmp/3hn69l4qoa804.1zo7dt0fljr4w.php:200]
Sat, 01 Feb 2025 22:35:45 -0500 [2603:9000:f801:55e2:d1c7:7ca6:8ce5:806d] [tmp/3hn69l4qoa804.1zo7dt0fljr4w.php:200] Base->{closure}()
Sat, 01 Feb 2025 22:35:45 -0500 [2603:9000:f801:55e2:d1c7:7ca6:8ce5:806d] [lib/base.php:3036] require('/home/u991737198/domains/tas2023.online/public_html/tmp/3hn69l4qoa804.1zo7dt0fljr4w.php')
Sat, 01 Feb 2025 22:35:45 -0500 [2603:9000:f801:55e2:d1c7:7ca6:8ce5:806d] [lib/base.php:3281] View->sandbox()
Sat, 01 Feb 2025 22:35:45 -0500 [2603:9000:f801:55e2:d1c7:7ca6:8ce5:806d] [tmp/3hn69l4qoa804.3h31n1yj254w8.php:7] Preview->render()
Sat, 01 Feb 2025 22:35:45 -0500 [2603:9000:f801:55e2:d1c7:7ca6:8ce5:806d] [lib/base.php:3036] require('/home/u991737198/domains/tas2023.online/public_html/tmp/3hn69l4qoa804.3h31n1yj254w8.php')
Sat, 01 Feb 2025 22:35:45 -0500 [2603:9000:f801:55e2:d1c7:7ca6:8ce5:806d] [lib/base.php:3281] View->sandbox()
Sat, 01 Feb 2025 22:35:45 -0500 [2603:9000:f801:55e2:d1c7:7ca6:8ce5:806d] [app/controllers/Controller.php:87] Preview->render()
Sat, 01 Feb 2025 22:35:45 -0500 [2603:9000:f801:55e2:d1c7:7ca6:8ce5:806d] [lib/base.php:2078] Controller->afterroute()
Sat, 01 Feb 2025 22:35:45 -0500 [2603:9000:f801:55e2:d1c7:7ca6:8ce5:806d] [lib/base.php:1871] Base->call()
Sat, 01 Feb 2025 22:35:45 -0500 [2603:9000:f801:55e2:d1c7:7ca6:8ce5:806d] [index.php:19] Base->run()
Sat, 01 Feb 2025 22:35:57 -0500 [2603:9000:f801:55e2:d1c7:7ca6:8ce5:806d] 500: Undefined variable $entity_num trace: [tmp/3hn69l4qoa804.1zo7dt0fljr4w.php:200]
Sat, 01 Feb 2025 22:35:57 -0500 [2603:9000:f801:55e2:d1c7:7ca6:8ce5:806d] [tmp/3hn69l4qoa804.1zo7dt0fljr4w.php:200] Base->{closure}()
Sat, 01 Feb 2025 22:35:57 -0500 [2603:9000:f801:55e2:d1c7:7ca6:8ce5:806d] [lib/base.php:3036] require('/home/u991737198/domains/tas2023.online/public_html/tmp/3hn69l4qoa804.1zo7dt0fljr4w.php')
Sat, 01 Feb 2025 22:35:57 -0500 [2603:9000:f801:55e2:d1c7:7ca6:8ce5:806d] [lib/base.php:3281] View->sandbox()
Sat, 01 Feb 2025 22:35:57 -0500 [2603:9000:f801:55e2:d1c7:7ca6:8ce5:806d] [tmp/3hn69l4qoa804.3h31n1yj254w8.php:7] Preview->render()
Sat, 01 Feb 2025 22:35:57 -0500 [2603:9000:f801:55e2:d1c7:7ca6:8ce5:806d] [lib/base.php:3036] require('/home/u991737198/domains/tas2023.online/public_html/tmp/3hn69l4qoa804.3h31n1yj254w8.php')
Sat, 01 Feb 2025 22:35:57 -0500 [2603:9000:f801:55e2:d1c7:7ca6:8ce5:806d] [lib/base.php:3281] View->sandbox()
Sat, 01 Feb 2025 22:35:57 -0500 [2603:9000:f801:55e2:d1c7:7ca6:8ce5:806d] [app/controllers/Controller.php:87] Preview->render()
Sat, 01 Feb 2025 22:35:57 -0500 [2603:9000:f801:55e2:d1c7:7ca6:8ce5:806d] [lib/base.php:2078] Controller->afterroute()
Sat, 01 Feb 2025 22:35:57 -0500 [2603:9000:f801:55e2:d1c7:7ca6:8ce5:806d] [lib/base.php:1871] Base->call()
Sat, 01 Feb 2025 22:35:57 -0500 [2603:9000:f801:55e2:d1c7:7ca6:8ce5:806d] [index.php:19] Base->run()
Sat, 01 Feb 2025 22:36:19 -0500 [2603:9000:f801:55e2:d1c7:7ca6:8ce5:806d] 500: Undefined variable $selected_note trace: [/home/u991737198/domains/tas2023.online/public_html/tmp/3hn69l4qoa804.3g8shy2588w00.php:363]
Sat, 01 Feb 2025 22:36:19 -0500 [2603:9000:f801:55e2:d1c7:7ca6:8ce5:806d] [/home/u991737198/domains/tas2023.online/public_html/tmp/3hn69l4qoa804.3g8shy2588w00.php:363] Base->{closure}()
Sat, 01 Feb 2025 22:36:19 -0500 [2603:9000:f801:55e2:d1c7:7ca6:8ce5:806d] [/home/u991737198/domains/tas2023.online/public_html/lib/base.php:3036] require('/home/u991737198/domains/tas2023.online/public_html/tmp/3hn69l4qoa804.3g8shy2588w00.php')
Sat, 01 Feb 2025 22:36:19 -0500 [2603:9000:f801:55e2:d1c7:7ca6:8ce5:806d] [/home/u991737198/domains/tas2023.online/public_html/lib/base.php:3281] View->sandbox()
Sat, 01 Feb 2025 22:36:19 -0500 [2603:9000:f801:55e2:d1c7:7ca6:8ce5:806d] [/home/u991737198/domains/tas2023.online/public_html/tmp/3hn69l4qoa804.3h31n1yj254w8.php:7] Preview->render()
Sat, 01 Feb 2025 22:36:19 -0500 [2603:9000:f801:55e2:d1c7:7ca6:8ce5:806d] [/home/u991737198/domains/tas2023.online/public_html/lib/base.php:3036] require('/home/u991737198/domains/tas2023.online/public_html/tmp/3hn69l4qoa804.3h31n1yj254w8.php')
Sat, 01 Feb 2025 22:36:19 -0500 [2603:9000:f801:55e2:d1c7:7ca6:8ce5:806d] [/home/u991737198/domains/tas2023.online/public_html/lib/base.php:3281] View->sandbox()
Sat, 01 Feb 2025 22:36:19 -0500 [2603:9000:f801:55e2:d1c7:7ca6:8ce5:806d] [/home/u991737198/domains/tas2023.online/public_html/app/controllers/Controller.php:87] Preview->render()
Sat, 01 Feb 2025 22:36:19 -0500 [2603:9000:f801:55e2:d1c7:7ca6:8ce5:806d] [/home/u991737198/domains/tas2023.online/public_html/lib/base.php:2078] Controller->afterroute()
Sat, 01 Feb 2025 22:36:19 -0500 [2603:9000:f801:55e2:d1c7:7ca6:8ce5:806d] [/home/u991737198/domains/tas2023.online/public_html/lib/base.php:1871] Base->call()
Sat, 01 Feb 2025 22:36:19 -0500 [2603:9000:f801:55e2:d1c7:7ca6:8ce5:806d] [/home/u991737198/domains/tas2023.online/public_html/index.php:19] Base->run()
Sat, 01 Feb 2025 22:36:26 -0500 [2603:9000:f801:55e2:d1c7:7ca6:8ce5:806d] 500: Undefined variable $selected_note trace: [/home/u991737198/domains/tas2023.online/public_html/tmp/3hn69l4qoa804.3g8shy2588w00.php:363]
Sat, 01 Feb 2025 22:36:26 -0500 [2603:9000:f801:55e2:d1c7:7ca6:8ce5:806d] [/home/u991737198/domains/tas2023.online/public_html/tmp/3hn69l4qoa804.3g8shy2588w00.php:363] Base->{closure}()
Sat, 01 Feb 2025 22:36:26 -0500 [2603:9000:f801:55e2:d1c7:7ca6:8ce5:806d] [/home/u991737198/domains/tas2023.online/public_html/lib/base.php:3036] require('/home/u991737198/domains/tas2023.online/public_html/tmp/3hn69l4qoa804.3g8shy2588w00.php')
Sat, 01 Feb 2025 22:36:26 -0500 [2603:9000:f801:55e2:d1c7:7ca6:8ce5:806d] [/home/u991737198/domains/tas2023.online/public_html/lib/base.php:3281] View->sandbox()
Sat, 01 Feb 2025 22:36:26 -0500 [2603:9000:f801:55e2:d1c7:7ca6:8ce5:806d] [/home/u991737198/domains/tas2023.online/public_html/tmp/3hn69l4qoa804.3h31n1yj254w8.php:7] Preview->render()
Sat, 01 Feb 2025 22:36:26 -0500 [2603:9000:f801:55e2:d1c7:7ca6:8ce5:806d] [/home/u991737198/domains/tas2023.online/public_html/lib/base.php:3036] require('/home/u991737198/domains/tas2023.online/public_html/tmp/3hn69l4qoa804.3h31n1yj254w8.php')
Sat, 01 Feb 2025 22:36:26 -0500 [2603:9000:f801:55e2:d1c7:7ca6:8ce5:806d] [/home/u991737198/domains/tas2023.online/public_html/lib/base.php:3281] View->sandbox()
Sat, 01 Feb 2025 22:36:26 -0500 [2603:9000:f801:55e2:d1c7:7ca6:8ce5:806d] [/home/u991737198/domains/tas2023.online/public_html/app/controllers/Controller.php:87] Preview->render()
Sat, 01 Feb 2025 22:36:26 -0500 [2603:9000:f801:55e2:d1c7:7ca6:8ce5:806d] [/home/u991737198/domains/tas2023.online/public_html/lib/base.php:2078] Controller->afterroute()
Sat, 01 Feb 2025 22:36:26 -0500 [2603:9000:f801:55e2:d1c7:7ca6:8ce5:806d] [/home/u991737198/domains/tas2023.online/public_html/lib/base.php:1871] Base->call()
Sat, 01 Feb 2025 22:36:26 -0500 [2603:9000:f801:55e2:d1c7:7ca6:8ce5:806d] [/home/u991737198/domains/tas2023.online/public_html/index.php:19] Base->run()
