Fri, 07 Mar 2025 00:18:21 +0000 [24.173.132.66] 500: Undefined variable $i18n trace: [tmp/3hn69l4qoa804.dkos5pfgx4qw.php:35]
Fri, 07 Mar 2025 00:18:21 +0000 [24.173.132.66] [tmp/3hn69l4qoa804.dkos5pfgx4qw.php:35] Base->{closure}()
Fri, 07 Mar 2025 00:18:21 +0000 [24.173.132.66] [lib/base.php:3036] require('/home/u991737198/domains/tas2023.online/public_html/tmp/3hn69l4qoa804.dkos5pfgx4qw.php')
Fri, 07 Mar 2025 00:18:21 +0000 [24.173.132.66] [lib/base.php:3281] View->sandbox()
Fri, 07 Mar 2025 00:18:21 +0000 [24.173.132.66] [tmp/3hn69l4qoa804.3h31n1yj254w8.php:7] Preview->render()
Fri, 07 Mar 2025 00:18:21 +0000 [24.173.132.66] [lib/base.php:3036] require('/home/u991737198/domains/tas2023.online/public_html/tmp/3hn69l4qoa804.3h31n1yj254w8.php')
Fri, 07 Mar 2025 00:18:21 +0000 [24.173.132.66] [lib/base.php:3281] View->sandbox()
Fri, 07 Mar 2025 00:18:21 +0000 [24.173.132.66] [app/controllers/Controller.php:87] Preview->render()
Fri, 07 Mar 2025 00:18:21 +0000 [24.173.132.66] [lib/base.php:2078] Controller->afterroute()
Fri, 07 Mar 2025 00:18:21 +0000 [24.173.132.66] [lib/base.php:1871] Base->call()
Fri, 07 Mar 2025 00:18:21 +0000 [24.173.132.66] [index.php:19] Base->run()
Fri, 07 Mar 2025 14:12:39 +0000 [2600:1006:b04b:3edd:6d3c:8cf9:7e36:ec6e] 500: Undefined variable $selected_note trace: [/home/u991737198/domains/tas2023.online/public_html/tmp/3hn69l4qoa804.3g8shy2588w00.php:385]
Fri, 07 Mar 2025 14:12:39 +0000 [2600:1006:b04b:3edd:6d3c:8cf9:7e36:ec6e] [/home/u991737198/domains/tas2023.online/public_html/tmp/3hn69l4qoa804.3g8shy2588w00.php:385] Base->{closure}()
Fri, 07 Mar 2025 14:12:39 +0000 [2600:1006:b04b:3edd:6d3c:8cf9:7e36:ec6e] [/home/u991737198/domains/tas2023.online/public_html/lib/base.php:3036] require('/home/u991737198/domains/tas2023.online/public_html/tmp/3hn69l4qoa804.3g8shy2588w00.php')
Fri, 07 Mar 2025 14:12:39 +0000 [2600:1006:b04b:3edd:6d3c:8cf9:7e36:ec6e] [/home/u991737198/domains/tas2023.online/public_html/lib/base.php:3281] View->sandbox()
Fri, 07 Mar 2025 14:12:39 +0000 [2600:1006:b04b:3edd:6d3c:8cf9:7e36:ec6e] [/home/u991737198/domains/tas2023.online/public_html/tmp/3hn69l4qoa804.3h31n1yj254w8.php:7] Preview->render()
Fri, 07 Mar 2025 14:12:39 +0000 [2600:1006:b04b:3edd:6d3c:8cf9:7e36:ec6e] [/home/u991737198/domains/tas2023.online/public_html/lib/base.php:3036] require('/home/u991737198/domains/tas2023.online/public_html/tmp/3hn69l4qoa804.3h31n1yj254w8.php')
Fri, 07 Mar 2025 14:12:39 +0000 [2600:1006:b04b:3edd:6d3c:8cf9:7e36:ec6e] [/home/u991737198/domains/tas2023.online/public_html/lib/base.php:3281] View->sandbox()
Fri, 07 Mar 2025 14:12:39 +0000 [2600:1006:b04b:3edd:6d3c:8cf9:7e36:ec6e] [/home/u991737198/domains/tas2023.online/public_html/app/controllers/Controller.php:87] Preview->render()
Fri, 07 Mar 2025 14:12:39 +0000 [2600:1006:b04b:3edd:6d3c:8cf9:7e36:ec6e] [/home/u991737198/domains/tas2023.online/public_html/lib/base.php:2078] Controller->afterroute()
Fri, 07 Mar 2025 14:12:39 +0000 [2600:1006:b04b:3edd:6d3c:8cf9:7e36:ec6e] [/home/u991737198/domains/tas2023.online/public_html/lib/base.php:1871] Base->call()
Fri, 07 Mar 2025 14:12:39 +0000 [2600:1006:b04b:3edd:6d3c:8cf9:7e36:ec6e] [/home/u991737198/domains/tas2023.online/public_html/index.php:19] Base->run()
Fri, 07 Mar 2025 14:13:53 +0000 [2600:1006:b04b:3edd:6d3c:8cf9:7e36:ec6e] 500: Undefined variable $selected_note trace: [/home/u991737198/domains/tas2023.online/public_html/tmp/3hn69l4qoa804.3g8shy2588w00.php:385]
Fri, 07 Mar 2025 14:13:53 +0000 [2600:1006:b04b:3edd:6d3c:8cf9:7e36:ec6e] [/home/u991737198/domains/tas2023.online/public_html/tmp/3hn69l4qoa804.3g8shy2588w00.php:385] Base->{closure}()
Fri, 07 Mar 2025 14:13:53 +0000 [2600:1006:b04b:3edd:6d3c:8cf9:7e36:ec6e] [/home/u991737198/domains/tas2023.online/public_html/lib/base.php:3036] require('/home/u991737198/domains/tas2023.online/public_html/tmp/3hn69l4qoa804.3g8shy2588w00.php')
Fri, 07 Mar 2025 14:13:53 +0000 [2600:1006:b04b:3edd:6d3c:8cf9:7e36:ec6e] [/home/u991737198/domains/tas2023.online/public_html/lib/base.php:3281] View->sandbox()
Fri, 07 Mar 2025 14:13:53 +0000 [2600:1006:b04b:3edd:6d3c:8cf9:7e36:ec6e] [/home/u991737198/domains/tas2023.online/public_html/tmp/3hn69l4qoa804.3h31n1yj254w8.php:7] Preview->render()
Fri, 07 Mar 2025 14:13:53 +0000 [2600:1006:b04b:3edd:6d3c:8cf9:7e36:ec6e] [/home/u991737198/domains/tas2023.online/public_html/lib/base.php:3036] require('/home/u991737198/domains/tas2023.online/public_html/tmp/3hn69l4qoa804.3h31n1yj254w8.php')
Fri, 07 Mar 2025 14:13:53 +0000 [2600:1006:b04b:3edd:6d3c:8cf9:7e36:ec6e] [/home/u991737198/domains/tas2023.online/public_html/lib/base.php:3281] View->sandbox()
Fri, 07 Mar 2025 14:13:53 +0000 [2600:1006:b04b:3edd:6d3c:8cf9:7e36:ec6e] [/home/u991737198/domains/tas2023.online/public_html/app/controllers/Controller.php:87] Preview->render()
Fri, 07 Mar 2025 14:13:53 +0000 [2600:1006:b04b:3edd:6d3c:8cf9:7e36:ec6e] [/home/u991737198/domains/tas2023.online/public_html/lib/base.php:2078] Controller->afterroute()
Fri, 07 Mar 2025 14:13:53 +0000 [2600:1006:b04b:3edd:6d3c:8cf9:7e36:ec6e] [/home/u991737198/domains/tas2023.online/public_html/lib/base.php:1871] Base->call()
Fri, 07 Mar 2025 14:13:53 +0000 [2600:1006:b04b:3edd:6d3c:8cf9:7e36:ec6e] [/home/u991737198/domains/tas2023.online/public_html/index.php:19] Base->run()
Fri, 07 Mar 2025 14:14:23 +0000 [2600:1006:b04b:3edd:6d3c:8cf9:7e36:ec6e] 500: Undefined variable $selected_note trace: [/home/u991737198/domains/tas2023.online/public_html/tmp/3hn69l4qoa804.3g8shy2588w00.php:385]
Fri, 07 Mar 2025 14:14:23 +0000 [2600:1006:b04b:3edd:6d3c:8cf9:7e36:ec6e] [/home/u991737198/domains/tas2023.online/public_html/tmp/3hn69l4qoa804.3g8shy2588w00.php:385] Base->{closure}()
Fri, 07 Mar 2025 14:14:23 +0000 [2600:1006:b04b:3edd:6d3c:8cf9:7e36:ec6e] [/home/u991737198/domains/tas2023.online/public_html/lib/base.php:3036] require('/home/u991737198/domains/tas2023.online/public_html/tmp/3hn69l4qoa804.3g8shy2588w00.php')
Fri, 07 Mar 2025 14:14:23 +0000 [2600:1006:b04b:3edd:6d3c:8cf9:7e36:ec6e] [/home/u991737198/domains/tas2023.online/public_html/lib/base.php:3281] View->sandbox()
Fri, 07 Mar 2025 14:14:23 +0000 [2600:1006:b04b:3edd:6d3c:8cf9:7e36:ec6e] [/home/u991737198/domains/tas2023.online/public_html/tmp/3hn69l4qoa804.3h31n1yj254w8.php:7] Preview->render()
Fri, 07 Mar 2025 14:14:23 +0000 [2600:1006:b04b:3edd:6d3c:8cf9:7e36:ec6e] [/home/u991737198/domains/tas2023.online/public_html/lib/base.php:3036] require('/home/u991737198/domains/tas2023.online/public_html/tmp/3hn69l4qoa804.3h31n1yj254w8.php')
Fri, 07 Mar 2025 14:14:23 +0000 [2600:1006:b04b:3edd:6d3c:8cf9:7e36:ec6e] [/home/u991737198/domains/tas2023.online/public_html/lib/base.php:3281] View->sandbox()
Fri, 07 Mar 2025 14:14:23 +0000 [2600:1006:b04b:3edd:6d3c:8cf9:7e36:ec6e] [/home/u991737198/domains/tas2023.online/public_html/app/controllers/Controller.php:87] Preview->render()
Fri, 07 Mar 2025 14:14:23 +0000 [2600:1006:b04b:3edd:6d3c:8cf9:7e36:ec6e] [/home/u991737198/domains/tas2023.online/public_html/lib/base.php:2078] Controller->afterroute()
Fri, 07 Mar 2025 14:14:23 +0000 [2600:1006:b04b:3edd:6d3c:8cf9:7e36:ec6e] [/home/u991737198/domains/tas2023.online/public_html/lib/base.php:1871] Base->call()
Fri, 07 Mar 2025 14:14:23 +0000 [2600:1006:b04b:3edd:6d3c:8cf9:7e36:ec6e] [/home/u991737198/domains/tas2023.online/public_html/index.php:19] Base->run()
Fri, 07 Mar 2025 14:16:38 +0000 [2600:1006:b04b:3edd:6d3c:8cf9:7e36:ec6e] 500: Undefined variable $selected_note trace: [/home/u991737198/domains/tas2023.online/public_html/tmp/3hn69l4qoa804.3g8shy2588w00.php:385]
Fri, 07 Mar 2025 14:16:38 +0000 [2600:1006:b04b:3edd:6d3c:8cf9:7e36:ec6e] [/home/u991737198/domains/tas2023.online/public_html/tmp/3hn69l4qoa804.3g8shy2588w00.php:385] Base->{closure}()
Fri, 07 Mar 2025 14:16:38 +0000 [2600:1006:b04b:3edd:6d3c:8cf9:7e36:ec6e] [/home/u991737198/domains/tas2023.online/public_html/lib/base.php:3036] require('/home/u991737198/domains/tas2023.online/public_html/tmp/3hn69l4qoa804.3g8shy2588w00.php')
Fri, 07 Mar 2025 14:16:38 +0000 [2600:1006:b04b:3edd:6d3c:8cf9:7e36:ec6e] [/home/u991737198/domains/tas2023.online/public_html/lib/base.php:3281] View->sandbox()
Fri, 07 Mar 2025 14:16:38 +0000 [2600:1006:b04b:3edd:6d3c:8cf9:7e36:ec6e] [/home/u991737198/domains/tas2023.online/public_html/tmp/3hn69l4qoa804.3h31n1yj254w8.php:7] Preview->render()
Fri, 07 Mar 2025 14:16:38 +0000 [2600:1006:b04b:3edd:6d3c:8cf9:7e36:ec6e] [/home/u991737198/domains/tas2023.online/public_html/lib/base.php:3036] require('/home/u991737198/domains/tas2023.online/public_html/tmp/3hn69l4qoa804.3h31n1yj254w8.php')
Fri, 07 Mar 2025 14:16:38 +0000 [2600:1006:b04b:3edd:6d3c:8cf9:7e36:ec6e] [/home/u991737198/domains/tas2023.online/public_html/lib/base.php:3281] View->sandbox()
Fri, 07 Mar 2025 14:16:38 +0000 [2600:1006:b04b:3edd:6d3c:8cf9:7e36:ec6e] [/home/u991737198/domains/tas2023.online/public_html/app/controllers/Controller.php:87] Preview->render()
Fri, 07 Mar 2025 14:16:38 +0000 [2600:1006:b04b:3edd:6d3c:8cf9:7e36:ec6e] [/home/u991737198/domains/tas2023.online/public_html/lib/base.php:2078] Controller->afterroute()
Fri, 07 Mar 2025 14:16:38 +0000 [2600:1006:b04b:3edd:6d3c:8cf9:7e36:ec6e] [/home/u991737198/domains/tas2023.online/public_html/lib/base.php:1871] Base->call()
Fri, 07 Mar 2025 14:16:38 +0000 [2600:1006:b04b:3edd:6d3c:8cf9:7e36:ec6e] [/home/u991737198/domains/tas2023.online/public_html/index.php:19] Base->run()
Fri, 07 Mar 2025 14:17:01 +0000 [2600:1006:b04b:3edd:6d3c:8cf9:7e36:ec6e] 500: Undefined variable $selected_note trace: [/home/u991737198/domains/tas2023.online/public_html/tmp/3hn69l4qoa804.3g8shy2588w00.php:385]
Fri, 07 Mar 2025 14:17:01 +0000 [2600:1006:b04b:3edd:6d3c:8cf9:7e36:ec6e] [/home/u991737198/domains/tas2023.online/public_html/tmp/3hn69l4qoa804.3g8shy2588w00.php:385] Base->{closure}()
Fri, 07 Mar 2025 14:17:01 +0000 [2600:1006:b04b:3edd:6d3c:8cf9:7e36:ec6e] [/home/u991737198/domains/tas2023.online/public_html/lib/base.php:3036] require('/home/u991737198/domains/tas2023.online/public_html/tmp/3hn69l4qoa804.3g8shy2588w00.php')
Fri, 07 Mar 2025 14:17:01 +0000 [2600:1006:b04b:3edd:6d3c:8cf9:7e36:ec6e] [/home/u991737198/domains/tas2023.online/public_html/lib/base.php:3281] View->sandbox()
Fri, 07 Mar 2025 14:17:01 +0000 [2600:1006:b04b:3edd:6d3c:8cf9:7e36:ec6e] [/home/u991737198/domains/tas2023.online/public_html/tmp/3hn69l4qoa804.3h31n1yj254w8.php:7] Preview->render()
Fri, 07 Mar 2025 14:17:01 +0000 [2600:1006:b04b:3edd:6d3c:8cf9:7e36:ec6e] [/home/u991737198/domains/tas2023.online/public_html/lib/base.php:3036] require('/home/u991737198/domains/tas2023.online/public_html/tmp/3hn69l4qoa804.3h31n1yj254w8.php')
Fri, 07 Mar 2025 14:17:01 +0000 [2600:1006:b04b:3edd:6d3c:8cf9:7e36:ec6e] [/home/u991737198/domains/tas2023.online/public_html/lib/base.php:3281] View->sandbox()
Fri, 07 Mar 2025 14:17:01 +0000 [2600:1006:b04b:3edd:6d3c:8cf9:7e36:ec6e] [/home/u991737198/domains/tas2023.online/public_html/app/controllers/Controller.php:87] Preview->render()
Fri, 07 Mar 2025 14:17:01 +0000 [2600:1006:b04b:3edd:6d3c:8cf9:7e36:ec6e] [/home/u991737198/domains/tas2023.online/public_html/lib/base.php:2078] Controller->afterroute()
Fri, 07 Mar 2025 14:17:01 +0000 [2600:1006:b04b:3edd:6d3c:8cf9:7e36:ec6e] [/home/u991737198/domains/tas2023.online/public_html/lib/base.php:1871] Base->call()
Fri, 07 Mar 2025 14:17:01 +0000 [2600:1006:b04b:3edd:6d3c:8cf9:7e36:ec6e] [/home/u991737198/domains/tas2023.online/public_html/index.php:19] Base->run()
Fri, 07 Mar 2025 14:42:04 +0000 [2600:1006:b04b:3edd:6d3c:8cf9:7e36:ec6e] 500: Undefined variable $selected_note trace: [/home/u991737198/domains/tas2023.online/public_html/tmp/3hn69l4qoa804.3g8shy2588w00.php:385]
Fri, 07 Mar 2025 14:42:04 +0000 [2600:1006:b04b:3edd:6d3c:8cf9:7e36:ec6e] [/home/u991737198/domains/tas2023.online/public_html/tmp/3hn69l4qoa804.3g8shy2588w00.php:385] Base->{closure}()
Fri, 07 Mar 2025 14:42:04 +0000 [2600:1006:b04b:3edd:6d3c:8cf9:7e36:ec6e] [/home/u991737198/domains/tas2023.online/public_html/lib/base.php:3036] require('/home/u991737198/domains/tas2023.online/public_html/tmp/3hn69l4qoa804.3g8shy2588w00.php')
Fri, 07 Mar 2025 14:42:04 +0000 [2600:1006:b04b:3edd:6d3c:8cf9:7e36:ec6e] [/home/u991737198/domains/tas2023.online/public_html/lib/base.php:3281] View->sandbox()
Fri, 07 Mar 2025 14:42:04 +0000 [2600:1006:b04b:3edd:6d3c:8cf9:7e36:ec6e] [/home/u991737198/domains/tas2023.online/public_html/tmp/3hn69l4qoa804.3h31n1yj254w8.php:7] Preview->render()
Fri, 07 Mar 2025 14:42:04 +0000 [2600:1006:b04b:3edd:6d3c:8cf9:7e36:ec6e] [/home/u991737198/domains/tas2023.online/public_html/lib/base.php:3036] require('/home/u991737198/domains/tas2023.online/public_html/tmp/3hn69l4qoa804.3h31n1yj254w8.php')
Fri, 07 Mar 2025 14:42:04 +0000 [2600:1006:b04b:3edd:6d3c:8cf9:7e36:ec6e] [/home/u991737198/domains/tas2023.online/public_html/lib/base.php:3281] View->sandbox()
Fri, 07 Mar 2025 14:42:04 +0000 [2600:1006:b04b:3edd:6d3c:8cf9:7e36:ec6e] [/home/u991737198/domains/tas2023.online/public_html/app/controllers/Controller.php:87] Preview->render()
Fri, 07 Mar 2025 14:42:04 +0000 [2600:1006:b04b:3edd:6d3c:8cf9:7e36:ec6e] [/home/u991737198/domains/tas2023.online/public_html/lib/base.php:2078] Controller->afterroute()
Fri, 07 Mar 2025 14:42:04 +0000 [2600:1006:b04b:3edd:6d3c:8cf9:7e36:ec6e] [/home/u991737198/domains/tas2023.online/public_html/lib/base.php:1871] Base->call()
Fri, 07 Mar 2025 14:42:04 +0000 [2600:1006:b04b:3edd:6d3c:8cf9:7e36:ec6e] [/home/u991737198/domains/tas2023.online/public_html/index.php:19] Base->run()
Fri, 07 Mar 2025 17:57:11 +0000 [2600:1006:b04b:3edd:6d3c:8cf9:7e36:ec6e] 500: Undefined variable $selected_note trace: [/home/u991737198/domains/tas2023.online/public_html/tmp/3hn69l4qoa804.3g8shy2588w00.php:385]
Fri, 07 Mar 2025 17:57:11 +0000 [2600:1006:b04b:3edd:6d3c:8cf9:7e36:ec6e] [/home/u991737198/domains/tas2023.online/public_html/tmp/3hn69l4qoa804.3g8shy2588w00.php:385] Base->{closure}()
Fri, 07 Mar 2025 17:57:11 +0000 [2600:1006:b04b:3edd:6d3c:8cf9:7e36:ec6e] [/home/u991737198/domains/tas2023.online/public_html/lib/base.php:3036] require('/home/u991737198/domains/tas2023.online/public_html/tmp/3hn69l4qoa804.3g8shy2588w00.php')
Fri, 07 Mar 2025 17:57:11 +0000 [2600:1006:b04b:3edd:6d3c:8cf9:7e36:ec6e] [/home/u991737198/domains/tas2023.online/public_html/lib/base.php:3281] View->sandbox()
Fri, 07 Mar 2025 17:57:11 +0000 [2600:1006:b04b:3edd:6d3c:8cf9:7e36:ec6e] [/home/u991737198/domains/tas2023.online/public_html/tmp/3hn69l4qoa804.3h31n1yj254w8.php:7] Preview->render()
Fri, 07 Mar 2025 17:57:11 +0000 [2600:1006:b04b:3edd:6d3c:8cf9:7e36:ec6e] [/home/u991737198/domains/tas2023.online/public_html/lib/base.php:3036] require('/home/u991737198/domains/tas2023.online/public_html/tmp/3hn69l4qoa804.3h31n1yj254w8.php')
Fri, 07 Mar 2025 17:57:11 +0000 [2600:1006:b04b:3edd:6d3c:8cf9:7e36:ec6e] [/home/u991737198/domains/tas2023.online/public_html/lib/base.php:3281] View->sandbox()
Fri, 07 Mar 2025 17:57:11 +0000 [2600:1006:b04b:3edd:6d3c:8cf9:7e36:ec6e] [/home/u991737198/domains/tas2023.online/public_html/app/controllers/Controller.php:87] Preview->render()
Fri, 07 Mar 2025 17:57:11 +0000 [2600:1006:b04b:3edd:6d3c:8cf9:7e36:ec6e] [/home/u991737198/domains/tas2023.online/public_html/lib/base.php:2078] Controller->afterroute()
Fri, 07 Mar 2025 17:57:11 +0000 [2600:1006:b04b:3edd:6d3c:8cf9:7e36:ec6e] [/home/u991737198/domains/tas2023.online/public_html/lib/base.php:1871] Base->call()
Fri, 07 Mar 2025 17:57:11 +0000 [2600:1006:b04b:3edd:6d3c:8cf9:7e36:ec6e] [/home/u991737198/domains/tas2023.online/public_html/index.php:19] Base->run()
Fri, 07 Mar 2025 17:58:51 +0000 [2600:1006:b04b:3edd:6d3c:8cf9:7e36:ec6e] 500: Undefined variable $selected_note trace: [/home/u991737198/domains/tas2023.online/public_html/tmp/3hn69l4qoa804.3g8shy2588w00.php:385]
Fri, 07 Mar 2025 17:58:51 +0000 [2600:1006:b04b:3edd:6d3c:8cf9:7e36:ec6e] [/home/u991737198/domains/tas2023.online/public_html/tmp/3hn69l4qoa804.3g8shy2588w00.php:385] Base->{closure}()
Fri, 07 Mar 2025 17:58:51 +0000 [2600:1006:b04b:3edd:6d3c:8cf9:7e36:ec6e] [/home/u991737198/domains/tas2023.online/public_html/lib/base.php:3036] require('/home/u991737198/domains/tas2023.online/public_html/tmp/3hn69l4qoa804.3g8shy2588w00.php')
Fri, 07 Mar 2025 17:58:51 +0000 [2600:1006:b04b:3edd:6d3c:8cf9:7e36:ec6e] [/home/u991737198/domains/tas2023.online/public_html/lib/base.php:3281] View->sandbox()
Fri, 07 Mar 2025 17:58:51 +0000 [2600:1006:b04b:3edd:6d3c:8cf9:7e36:ec6e] [/home/u991737198/domains/tas2023.online/public_html/tmp/3hn69l4qoa804.3h31n1yj254w8.php:7] Preview->render()
Fri, 07 Mar 2025 17:58:51 +0000 [2600:1006:b04b:3edd:6d3c:8cf9:7e36:ec6e] [/home/u991737198/domains/tas2023.online/public_html/lib/base.php:3036] require('/home/u991737198/domains/tas2023.online/public_html/tmp/3hn69l4qoa804.3h31n1yj254w8.php')
Fri, 07 Mar 2025 17:58:51 +0000 [2600:1006:b04b:3edd:6d3c:8cf9:7e36:ec6e] [/home/u991737198/domains/tas2023.online/public_html/lib/base.php:3281] View->sandbox()
Fri, 07 Mar 2025 17:58:51 +0000 [2600:1006:b04b:3edd:6d3c:8cf9:7e36:ec6e] [/home/u991737198/domains/tas2023.online/public_html/app/controllers/Controller.php:87] Preview->render()
Fri, 07 Mar 2025 17:58:51 +0000 [2600:1006:b04b:3edd:6d3c:8cf9:7e36:ec6e] [/home/u991737198/domains/tas2023.online/public_html/lib/base.php:2078] Controller->afterroute()
Fri, 07 Mar 2025 17:58:51 +0000 [2600:1006:b04b:3edd:6d3c:8cf9:7e36:ec6e] [/home/u991737198/domains/tas2023.online/public_html/lib/base.php:1871] Base->call()
Fri, 07 Mar 2025 17:58:51 +0000 [2600:1006:b04b:3edd:6d3c:8cf9:7e36:ec6e] [/home/u991737198/domains/tas2023.online/public_html/index.php:19] Base->run()
