Tue, 04 Mar 2025 17:56:21 +0000 [2600:1006:b063:25b1:dc3:f9d0:e142:cce3] 500: Undefined variable $entity_num trace: [tmp/3hn69l4qoa804.1zo7dt0fljr4w.php:200]
Tue, 04 Mar 2025 17:56:21 +0000 [2600:1006:b063:25b1:dc3:f9d0:e142:cce3] [tmp/3hn69l4qoa804.1zo7dt0fljr4w.php:200] Base->{closure}()
Tue, 04 Mar 2025 17:56:21 +0000 [2600:1006:b063:25b1:dc3:f9d0:e142:cce3] [lib/base.php:3036] require('/home/u991737198/domains/tas2023.online/public_html/tmp/3hn69l4qoa804.1zo7dt0fljr4w.php')
Tue, 04 Mar 2025 17:56:21 +0000 [2600:1006:b063:25b1:dc3:f9d0:e142:cce3] [lib/base.php:3281] View->sandbox()
Tue, 04 Mar 2025 17:56:21 +0000 [2600:1006:b063:25b1:dc3:f9d0:e142:cce3] [tmp/3hn69l4qoa804.3h31n1yj254w8.php:7] Preview->render()
Tue, 04 Mar 2025 17:56:21 +0000 [2600:1006:b063:25b1:dc3:f9d0:e142:cce3] [lib/base.php:3036] require('/home/u991737198/domains/tas2023.online/public_html/tmp/3hn69l4qoa804.3h31n1yj254w8.php')
Tue, 04 Mar 2025 17:56:21 +0000 [2600:1006:b063:25b1:dc3:f9d0:e142:cce3] [lib/base.php:3281] View->sandbox()
Tue, 04 Mar 2025 17:56:21 +0000 [2600:1006:b063:25b1:dc3:f9d0:e142:cce3] [app/controllers/Controller.php:87] Preview->render()
Tue, 04 Mar 2025 17:56:21 +0000 [2600:1006:b063:25b1:dc3:f9d0:e142:cce3] [lib/base.php:2078] Controller->afterroute()
Tue, 04 Mar 2025 17:56:21 +0000 [2600:1006:b063:25b1:dc3:f9d0:e142:cce3] [lib/base.php:1871] Base->call()
Tue, 04 Mar 2025 17:56:21 +0000 [2600:1006:b063:25b1:dc3:f9d0:e142:cce3] [index.php:19] Base->run()
Tue, 04 Mar 2025 17:56:26 +0000 [2600:1006:b063:25b1:dc3:f9d0:e142:cce3] 500: Undefined variable $entity_num trace: [tmp/3hn69l4qoa804.1zo7dt0fljr4w.php:200]
Tue, 04 Mar 2025 17:56:26 +0000 [2600:1006:b063:25b1:dc3:f9d0:e142:cce3] [tmp/3hn69l4qoa804.1zo7dt0fljr4w.php:200] Base->{closure}()
Tue, 04 Mar 2025 17:56:26 +0000 [2600:1006:b063:25b1:dc3:f9d0:e142:cce3] [lib/base.php:3036] require('/home/u991737198/domains/tas2023.online/public_html/tmp/3hn69l4qoa804.1zo7dt0fljr4w.php')
Tue, 04 Mar 2025 17:56:26 +0000 [2600:1006:b063:25b1:dc3:f9d0:e142:cce3] [lib/base.php:3281] View->sandbox()
Tue, 04 Mar 2025 17:56:26 +0000 [2600:1006:b063:25b1:dc3:f9d0:e142:cce3] [tmp/3hn69l4qoa804.3h31n1yj254w8.php:7] Preview->render()
Tue, 04 Mar 2025 17:56:26 +0000 [2600:1006:b063:25b1:dc3:f9d0:e142:cce3] [lib/base.php:3036] require('/home/u991737198/domains/tas2023.online/public_html/tmp/3hn69l4qoa804.3h31n1yj254w8.php')
Tue, 04 Mar 2025 17:56:26 +0000 [2600:1006:b063:25b1:dc3:f9d0:e142:cce3] [lib/base.php:3281] View->sandbox()
Tue, 04 Mar 2025 17:56:26 +0000 [2600:1006:b063:25b1:dc3:f9d0:e142:cce3] [app/controllers/Controller.php:87] Preview->render()
Tue, 04 Mar 2025 17:56:26 +0000 [2600:1006:b063:25b1:dc3:f9d0:e142:cce3] [lib/base.php:2078] Controller->afterroute()
Tue, 04 Mar 2025 17:56:26 +0000 [2600:1006:b063:25b1:dc3:f9d0:e142:cce3] [lib/base.php:1871] Base->call()
Tue, 04 Mar 2025 17:56:26 +0000 [2600:1006:b063:25b1:dc3:f9d0:e142:cce3] [index.php:19] Base->run()
Tue, 04 Mar 2025 17:58:43 +0000 [2600:1006:b063:25b1:dc3:f9d0:e142:cce3] 500: Undefined variable $selected_note trace: [/home/u991737198/domains/tas2023.online/public_html/tmp/3hn69l4qoa804.3g8shy2588w00.php:385]
Tue, 04 Mar 2025 17:58:43 +0000 [2600:1006:b063:25b1:dc3:f9d0:e142:cce3] [/home/u991737198/domains/tas2023.online/public_html/tmp/3hn69l4qoa804.3g8shy2588w00.php:385] Base->{closure}()
Tue, 04 Mar 2025 17:58:43 +0000 [2600:1006:b063:25b1:dc3:f9d0:e142:cce3] [/home/u991737198/domains/tas2023.online/public_html/lib/base.php:3036] require('/home/u991737198/domains/tas2023.online/public_html/tmp/3hn69l4qoa804.3g8shy2588w00.php')
Tue, 04 Mar 2025 17:58:43 +0000 [2600:1006:b063:25b1:dc3:f9d0:e142:cce3] [/home/u991737198/domains/tas2023.online/public_html/lib/base.php:3281] View->sandbox()
Tue, 04 Mar 2025 17:58:43 +0000 [2600:1006:b063:25b1:dc3:f9d0:e142:cce3] [/home/u991737198/domains/tas2023.online/public_html/tmp/3hn69l4qoa804.3h31n1yj254w8.php:7] Preview->render()
Tue, 04 Mar 2025 17:58:43 +0000 [2600:1006:b063:25b1:dc3:f9d0:e142:cce3] [/home/u991737198/domains/tas2023.online/public_html/lib/base.php:3036] require('/home/u991737198/domains/tas2023.online/public_html/tmp/3hn69l4qoa804.3h31n1yj254w8.php')
Tue, 04 Mar 2025 17:58:43 +0000 [2600:1006:b063:25b1:dc3:f9d0:e142:cce3] [/home/u991737198/domains/tas2023.online/public_html/lib/base.php:3281] View->sandbox()
Tue, 04 Mar 2025 17:58:43 +0000 [2600:1006:b063:25b1:dc3:f9d0:e142:cce3] [/home/u991737198/domains/tas2023.online/public_html/app/controllers/Controller.php:87] Preview->render()
Tue, 04 Mar 2025 17:58:43 +0000 [2600:1006:b063:25b1:dc3:f9d0:e142:cce3] [/home/u991737198/domains/tas2023.online/public_html/lib/base.php:2078] Controller->afterroute()
Tue, 04 Mar 2025 17:58:43 +0000 [2600:1006:b063:25b1:dc3:f9d0:e142:cce3] [/home/u991737198/domains/tas2023.online/public_html/lib/base.php:1871] Base->call()
Tue, 04 Mar 2025 17:58:43 +0000 [2600:1006:b063:25b1:dc3:f9d0:e142:cce3] [/home/u991737198/domains/tas2023.online/public_html/index.php:19] Base->run()
Tue, 04 Mar 2025 18:00:45 +0000 [2600:1006:b063:25b1:dc3:f9d0:e142:cce3] 500: Undefined variable $selected_note trace: [/home/u991737198/domains/tas2023.online/public_html/tmp/3hn69l4qoa804.3g8shy2588w00.php:385]
Tue, 04 Mar 2025 18:00:45 +0000 [2600:1006:b063:25b1:dc3:f9d0:e142:cce3] [/home/u991737198/domains/tas2023.online/public_html/tmp/3hn69l4qoa804.3g8shy2588w00.php:385] Base->{closure}()
Tue, 04 Mar 2025 18:00:45 +0000 [2600:1006:b063:25b1:dc3:f9d0:e142:cce3] [/home/u991737198/domains/tas2023.online/public_html/lib/base.php:3036] require('/home/u991737198/domains/tas2023.online/public_html/tmp/3hn69l4qoa804.3g8shy2588w00.php')
Tue, 04 Mar 2025 18:00:45 +0000 [2600:1006:b063:25b1:dc3:f9d0:e142:cce3] [/home/u991737198/domains/tas2023.online/public_html/lib/base.php:3281] View->sandbox()
Tue, 04 Mar 2025 18:00:45 +0000 [2600:1006:b063:25b1:dc3:f9d0:e142:cce3] [/home/u991737198/domains/tas2023.online/public_html/tmp/3hn69l4qoa804.3h31n1yj254w8.php:7] Preview->render()
Tue, 04 Mar 2025 18:00:45 +0000 [2600:1006:b063:25b1:dc3:f9d0:e142:cce3] [/home/u991737198/domains/tas2023.online/public_html/lib/base.php:3036] require('/home/u991737198/domains/tas2023.online/public_html/tmp/3hn69l4qoa804.3h31n1yj254w8.php')
Tue, 04 Mar 2025 18:00:45 +0000 [2600:1006:b063:25b1:dc3:f9d0:e142:cce3] [/home/u991737198/domains/tas2023.online/public_html/lib/base.php:3281] View->sandbox()
Tue, 04 Mar 2025 18:00:45 +0000 [2600:1006:b063:25b1:dc3:f9d0:e142:cce3] [/home/u991737198/domains/tas2023.online/public_html/app/controllers/Controller.php:87] Preview->render()
Tue, 04 Mar 2025 18:00:45 +0000 [2600:1006:b063:25b1:dc3:f9d0:e142:cce3] [/home/u991737198/domains/tas2023.online/public_html/lib/base.php:2078] Controller->afterroute()
Tue, 04 Mar 2025 18:00:45 +0000 [2600:1006:b063:25b1:dc3:f9d0:e142:cce3] [/home/u991737198/domains/tas2023.online/public_html/lib/base.php:1871] Base->call()
Tue, 04 Mar 2025 18:00:45 +0000 [2600:1006:b063:25b1:dc3:f9d0:e142:cce3] [/home/u991737198/domains/tas2023.online/public_html/index.php:19] Base->run()
Tue, 04 Mar 2025 18:09:47 +0000 [2600:1006:b063:25b1:dc3:f9d0:e142:cce3] 500: Undefined variable $selected_note trace: [/home/u991737198/domains/tas2023.online/public_html/tmp/3hn69l4qoa804.3g8shy2588w00.php:385]
Tue, 04 Mar 2025 18:09:47 +0000 [2600:1006:b063:25b1:dc3:f9d0:e142:cce3] [/home/u991737198/domains/tas2023.online/public_html/tmp/3hn69l4qoa804.3g8shy2588w00.php:385] Base->{closure}()
Tue, 04 Mar 2025 18:09:47 +0000 [2600:1006:b063:25b1:dc3:f9d0:e142:cce3] [/home/u991737198/domains/tas2023.online/public_html/lib/base.php:3036] require('/home/u991737198/domains/tas2023.online/public_html/tmp/3hn69l4qoa804.3g8shy2588w00.php')
Tue, 04 Mar 2025 18:09:47 +0000 [2600:1006:b063:25b1:dc3:f9d0:e142:cce3] [/home/u991737198/domains/tas2023.online/public_html/lib/base.php:3281] View->sandbox()
Tue, 04 Mar 2025 18:09:47 +0000 [2600:1006:b063:25b1:dc3:f9d0:e142:cce3] [/home/u991737198/domains/tas2023.online/public_html/tmp/3hn69l4qoa804.3h31n1yj254w8.php:7] Preview->render()
Tue, 04 Mar 2025 18:09:47 +0000 [2600:1006:b063:25b1:dc3:f9d0:e142:cce3] [/home/u991737198/domains/tas2023.online/public_html/lib/base.php:3036] require('/home/u991737198/domains/tas2023.online/public_html/tmp/3hn69l4qoa804.3h31n1yj254w8.php')
Tue, 04 Mar 2025 18:09:47 +0000 [2600:1006:b063:25b1:dc3:f9d0:e142:cce3] [/home/u991737198/domains/tas2023.online/public_html/lib/base.php:3281] View->sandbox()
Tue, 04 Mar 2025 18:09:47 +0000 [2600:1006:b063:25b1:dc3:f9d0:e142:cce3] [/home/u991737198/domains/tas2023.online/public_html/app/controllers/Controller.php:87] Preview->render()
Tue, 04 Mar 2025 18:09:47 +0000 [2600:1006:b063:25b1:dc3:f9d0:e142:cce3] [/home/u991737198/domains/tas2023.online/public_html/lib/base.php:2078] Controller->afterroute()
Tue, 04 Mar 2025 18:09:47 +0000 [2600:1006:b063:25b1:dc3:f9d0:e142:cce3] [/home/u991737198/domains/tas2023.online/public_html/lib/base.php:1871] Base->call()
Tue, 04 Mar 2025 18:09:47 +0000 [2600:1006:b063:25b1:dc3:f9d0:e142:cce3] [/home/u991737198/domains/tas2023.online/public_html/index.php:19] Base->run()
Tue, 04 Mar 2025 18:10:04 +0000 [2600:1006:b063:25b1:dc3:f9d0:e142:cce3] 500: Undefined variable $selected_note trace: [/home/u991737198/domains/tas2023.online/public_html/tmp/3hn69l4qoa804.3g8shy2588w00.php:385]
Tue, 04 Mar 2025 18:10:04 +0000 [2600:1006:b063:25b1:dc3:f9d0:e142:cce3] [/home/u991737198/domains/tas2023.online/public_html/tmp/3hn69l4qoa804.3g8shy2588w00.php:385] Base->{closure}()
Tue, 04 Mar 2025 18:10:04 +0000 [2600:1006:b063:25b1:dc3:f9d0:e142:cce3] [/home/u991737198/domains/tas2023.online/public_html/lib/base.php:3036] require('/home/u991737198/domains/tas2023.online/public_html/tmp/3hn69l4qoa804.3g8shy2588w00.php')
Tue, 04 Mar 2025 18:10:04 +0000 [2600:1006:b063:25b1:dc3:f9d0:e142:cce3] [/home/u991737198/domains/tas2023.online/public_html/lib/base.php:3281] View->sandbox()
Tue, 04 Mar 2025 18:10:04 +0000 [2600:1006:b063:25b1:dc3:f9d0:e142:cce3] [/home/u991737198/domains/tas2023.online/public_html/tmp/3hn69l4qoa804.3h31n1yj254w8.php:7] Preview->render()
Tue, 04 Mar 2025 18:10:04 +0000 [2600:1006:b063:25b1:dc3:f9d0:e142:cce3] [/home/u991737198/domains/tas2023.online/public_html/lib/base.php:3036] require('/home/u991737198/domains/tas2023.online/public_html/tmp/3hn69l4qoa804.3h31n1yj254w8.php')
Tue, 04 Mar 2025 18:10:04 +0000 [2600:1006:b063:25b1:dc3:f9d0:e142:cce3] [/home/u991737198/domains/tas2023.online/public_html/lib/base.php:3281] View->sandbox()
Tue, 04 Mar 2025 18:10:04 +0000 [2600:1006:b063:25b1:dc3:f9d0:e142:cce3] [/home/u991737198/domains/tas2023.online/public_html/app/controllers/Controller.php:87] Preview->render()
Tue, 04 Mar 2025 18:10:04 +0000 [2600:1006:b063:25b1:dc3:f9d0:e142:cce3] [/home/u991737198/domains/tas2023.online/public_html/lib/base.php:2078] Controller->afterroute()
Tue, 04 Mar 2025 18:10:04 +0000 [2600:1006:b063:25b1:dc3:f9d0:e142:cce3] [/home/u991737198/domains/tas2023.online/public_html/lib/base.php:1871] Base->call()
Tue, 04 Mar 2025 18:10:04 +0000 [2600:1006:b063:25b1:dc3:f9d0:e142:cce3] [/home/u991737198/domains/tas2023.online/public_html/index.php:19] Base->run()
Tue, 04 Mar 2025 18:13:26 +0000 [2600:1006:b063:25b1:dc3:f9d0:e142:cce3] 500: Undefined variable $selected_note trace: [/home/u991737198/domains/tas2023.online/public_html/tmp/3hn69l4qoa804.3g8shy2588w00.php:385]
Tue, 04 Mar 2025 18:13:26 +0000 [2600:1006:b063:25b1:dc3:f9d0:e142:cce3] [/home/u991737198/domains/tas2023.online/public_html/tmp/3hn69l4qoa804.3g8shy2588w00.php:385] Base->{closure}()
Tue, 04 Mar 2025 18:13:26 +0000 [2600:1006:b063:25b1:dc3:f9d0:e142:cce3] [/home/u991737198/domains/tas2023.online/public_html/lib/base.php:3036] require('/home/u991737198/domains/tas2023.online/public_html/tmp/3hn69l4qoa804.3g8shy2588w00.php')
Tue, 04 Mar 2025 18:13:26 +0000 [2600:1006:b063:25b1:dc3:f9d0:e142:cce3] [/home/u991737198/domains/tas2023.online/public_html/lib/base.php:3281] View->sandbox()
Tue, 04 Mar 2025 18:13:26 +0000 [2600:1006:b063:25b1:dc3:f9d0:e142:cce3] [/home/u991737198/domains/tas2023.online/public_html/tmp/3hn69l4qoa804.3h31n1yj254w8.php:7] Preview->render()
Tue, 04 Mar 2025 18:13:26 +0000 [2600:1006:b063:25b1:dc3:f9d0:e142:cce3] [/home/u991737198/domains/tas2023.online/public_html/lib/base.php:3036] require('/home/u991737198/domains/tas2023.online/public_html/tmp/3hn69l4qoa804.3h31n1yj254w8.php')
Tue, 04 Mar 2025 18:13:26 +0000 [2600:1006:b063:25b1:dc3:f9d0:e142:cce3] [/home/u991737198/domains/tas2023.online/public_html/lib/base.php:3281] View->sandbox()
Tue, 04 Mar 2025 18:13:26 +0000 [2600:1006:b063:25b1:dc3:f9d0:e142:cce3] [/home/u991737198/domains/tas2023.online/public_html/app/controllers/Controller.php:87] Preview->render()
Tue, 04 Mar 2025 18:13:26 +0000 [2600:1006:b063:25b1:dc3:f9d0:e142:cce3] [/home/u991737198/domains/tas2023.online/public_html/lib/base.php:2078] Controller->afterroute()
Tue, 04 Mar 2025 18:13:26 +0000 [2600:1006:b063:25b1:dc3:f9d0:e142:cce3] [/home/u991737198/domains/tas2023.online/public_html/lib/base.php:1871] Base->call()
Tue, 04 Mar 2025 18:13:26 +0000 [2600:1006:b063:25b1:dc3:f9d0:e142:cce3] [/home/u991737198/domains/tas2023.online/public_html/index.php:19] Base->run()
Tue, 04 Mar 2025 18:13:44 +0000 [2600:1006:b063:25b1:dc3:f9d0:e142:cce3] 500: Undefined variable $selected_note trace: [/home/u991737198/domains/tas2023.online/public_html/tmp/3hn69l4qoa804.3g8shy2588w00.php:385]
Tue, 04 Mar 2025 18:13:44 +0000 [2600:1006:b063:25b1:dc3:f9d0:e142:cce3] [/home/u991737198/domains/tas2023.online/public_html/tmp/3hn69l4qoa804.3g8shy2588w00.php:385] Base->{closure}()
Tue, 04 Mar 2025 18:13:44 +0000 [2600:1006:b063:25b1:dc3:f9d0:e142:cce3] [/home/u991737198/domains/tas2023.online/public_html/lib/base.php:3036] require('/home/u991737198/domains/tas2023.online/public_html/tmp/3hn69l4qoa804.3g8shy2588w00.php')
Tue, 04 Mar 2025 18:13:44 +0000 [2600:1006:b063:25b1:dc3:f9d0:e142:cce3] [/home/u991737198/domains/tas2023.online/public_html/lib/base.php:3281] View->sandbox()
Tue, 04 Mar 2025 18:13:44 +0000 [2600:1006:b063:25b1:dc3:f9d0:e142:cce3] [/home/u991737198/domains/tas2023.online/public_html/tmp/3hn69l4qoa804.3h31n1yj254w8.php:7] Preview->render()
Tue, 04 Mar 2025 18:13:44 +0000 [2600:1006:b063:25b1:dc3:f9d0:e142:cce3] [/home/u991737198/domains/tas2023.online/public_html/lib/base.php:3036] require('/home/u991737198/domains/tas2023.online/public_html/tmp/3hn69l4qoa804.3h31n1yj254w8.php')
Tue, 04 Mar 2025 18:13:44 +0000 [2600:1006:b063:25b1:dc3:f9d0:e142:cce3] [/home/u991737198/domains/tas2023.online/public_html/lib/base.php:3281] View->sandbox()
Tue, 04 Mar 2025 18:13:44 +0000 [2600:1006:b063:25b1:dc3:f9d0:e142:cce3] [/home/u991737198/domains/tas2023.online/public_html/app/controllers/Controller.php:87] Preview->render()
Tue, 04 Mar 2025 18:13:44 +0000 [2600:1006:b063:25b1:dc3:f9d0:e142:cce3] [/home/u991737198/domains/tas2023.online/public_html/lib/base.php:2078] Controller->afterroute()
Tue, 04 Mar 2025 18:13:44 +0000 [2600:1006:b063:25b1:dc3:f9d0:e142:cce3] [/home/u991737198/domains/tas2023.online/public_html/lib/base.php:1871] Base->call()
Tue, 04 Mar 2025 18:13:44 +0000 [2600:1006:b063:25b1:dc3:f9d0:e142:cce3] [/home/u991737198/domains/tas2023.online/public_html/index.php:19] Base->run()
