Sun, 27 Jul 2025 00:23:40 +0000 [109.238.92.122] 500: Undefined field activado trace: [lib/db/sql/mapper.php:132]
Sun, 27 Jul 2025 00:23:40 +0000 [109.238.92.122] [lib/db/sql/mapper.php:132] user_error()
Sun, 27 Jul 2025 00:23:40 +0000 [109.238.92.122] [lib/magic.php:89] DB\SQL\Mapper->get()
Sun, 27 Jul 2025 00:23:40 +0000 [109.238.92.122] [lib/magic.php:131] Magic->offsetget()
Sun, 27 Jul 2025 00:23:40 +0000 [109.238.92.122] [app/controllers/UserController.php:453] Magic->__get()
Sun, 27 Jul 2025 00:23:40 +0000 [109.238.92.122] [lib/base.php:2072] UserController->create()
Sun, 27 Jul 2025 00:23:40 +0000 [109.238.92.122] [lib/base.php:1871] Base->call()
Sun, 27 Jul 2025 00:23:40 +0000 [109.238.92.122] [index.php:19] Base->run()
Sun, 27 Jul 2025 02:47:57 +0000 [196.251.70.18] 500: Undefined field activado trace: [lib/db/sql/mapper.php:132]
Sun, 27 Jul 2025 02:47:57 +0000 [196.251.70.18] [lib/db/sql/mapper.php:132] user_error()
Sun, 27 Jul 2025 02:47:57 +0000 [196.251.70.18] [lib/magic.php:89] DB\SQL\Mapper->get()
Sun, 27 Jul 2025 02:47:57 +0000 [196.251.70.18] [lib/magic.php:131] Magic->offsetget()
Sun, 27 Jul 2025 02:47:57 +0000 [196.251.70.18] [app/controllers/UserController.php:453] Magic->__get()
Sun, 27 Jul 2025 02:47:57 +0000 [196.251.70.18] [lib/base.php:2072] UserController->create()
Sun, 27 Jul 2025 02:47:57 +0000 [196.251.70.18] [lib/base.php:1871] Base->call()
Sun, 27 Jul 2025 02:47:57 +0000 [196.251.70.18] [index.php:19] Base->run()
Sun, 27 Jul 2025 10:30:00 +0000 [2601:300:4b80:1b0:d5f3:faa2:5c45:b441] 401: HTTP 401 (GET /task/userNotesCount) trace: [/home/u991737198/domains/tas2023.online/public_html/lib/access.php:112] Base->error()
Sun, 27 Jul 2025 10:30:00 +0000 [2601:300:4b80:1b0:d5f3:faa2:5c45:b441] [/home/u991737198/domains/tas2023.online/public_html/app/controllers/Controller.php:78] Access->authorize()
Sun, 27 Jul 2025 10:30:00 +0000 [2601:300:4b80:1b0:d5f3:faa2:5c45:b441] 401: HTTP 401 (GET /task/taskData) trace: [/home/u991737198/domains/tas2023.online/public_html/lib/access.php:112] Base->error()
Sun, 27 Jul 2025 10:30:00 +0000 [2601:300:4b80:1b0:d5f3:faa2:5c45:b441] [/home/u991737198/domains/tas2023.online/public_html/lib/base.php:2069] Controller->beforeroute()
Sun, 27 Jul 2025 10:30:00 +0000 [2601:300:4b80:1b0:d5f3:faa2:5c45:b441] [/home/u991737198/domains/tas2023.online/public_html/app/controllers/Controller.php:78] Access->authorize()
Sun, 27 Jul 2025 10:30:00 +0000 [2601:300:4b80:1b0:d5f3:faa2:5c45:b441] [/home/u991737198/domains/tas2023.online/public_html/lib/base.php:1871] Base->call()
Sun, 27 Jul 2025 10:30:00 +0000 [2601:300:4b80:1b0:d5f3:faa2:5c45:b441] [/home/u991737198/domains/tas2023.online/public_html/lib/base.php:2069] Controller->beforeroute()
Sun, 27 Jul 2025 10:30:00 +0000 [2601:300:4b80:1b0:d5f3:faa2:5c45:b441] [/home/u991737198/domains/tas2023.online/public_html/lib/base.php:1871] Base->call()
Sun, 27 Jul 2025 10:30:00 +0000 [2601:300:4b80:1b0:d5f3:faa2:5c45:b441] [/home/u991737198/domains/tas2023.online/public_html/index.php:19] Base->run()
Sun, 27 Jul 2025 10:30:00 +0000 [2601:300:4b80:1b0:d5f3:faa2:5c45:b441] 401: HTTP 401 (GET /task/teamProductivity) trace: [/home/u991737198/domains/tas2023.online/public_html/lib/access.php:112] Base->error()
Sun, 27 Jul 2025 10:30:00 +0000 [2601:300:4b80:1b0:d5f3:faa2:5c45:b441] [/home/u991737198/domains/tas2023.online/public_html/index.php:19] Base->run()
Sun, 27 Jul 2025 10:30:00 +0000 [2601:300:4b80:1b0:d5f3:faa2:5c45:b441] [/home/u991737198/domains/tas2023.online/public_html/app/controllers/Controller.php:78] Access->authorize()
Sun, 27 Jul 2025 10:30:00 +0000 [2601:300:4b80:1b0:d5f3:faa2:5c45:b441] [/home/u991737198/domains/tas2023.online/public_html/lib/base.php:2069] Controller->beforeroute()
Sun, 27 Jul 2025 10:30:00 +0000 [2601:300:4b80:1b0:d5f3:faa2:5c45:b441] [/home/u991737198/domains/tas2023.online/public_html/lib/base.php:1871] Base->call()
Sun, 27 Jul 2025 10:30:00 +0000 [2601:300:4b80:1b0:d5f3:faa2:5c45:b441] 401: HTTP 401 (GET /task/taskDistribution) trace: [/home/u991737198/domains/tas2023.online/public_html/lib/access.php:112] Base->error()
Sun, 27 Jul 2025 10:30:00 +0000 [2601:300:4b80:1b0:d5f3:faa2:5c45:b441] [/home/u991737198/domains/tas2023.online/public_html/index.php:19] Base->run()
Sun, 27 Jul 2025 10:30:00 +0000 [2601:300:4b80:1b0:d5f3:faa2:5c45:b441] [/home/u991737198/domains/tas2023.online/public_html/app/controllers/Controller.php:78] Access->authorize()
Sun, 27 Jul 2025 10:30:00 +0000 [2601:300:4b80:1b0:d5f3:faa2:5c45:b441] [/home/u991737198/domains/tas2023.online/public_html/lib/base.php:2069] Controller->beforeroute()
Sun, 27 Jul 2025 10:30:00 +0000 [2601:300:4b80:1b0:d5f3:faa2:5c45:b441] [/home/u991737198/domains/tas2023.online/public_html/lib/base.php:1871] Base->call()
Sun, 27 Jul 2025 10:30:00 +0000 [2601:300:4b80:1b0:d5f3:faa2:5c45:b441] [/home/u991737198/domains/tas2023.online/public_html/index.php:19] Base->run()
Sun, 27 Jul 2025 10:31:15 +0000 [2601:300:4b80:1b0:d5f3:faa2:5c45:b441] 500: Undefined variable $selected_note trace: [/home/u991737198/domains/tas2023.online/public_html/tmp/3hn69l4qoa804.3g8shy2588w00.php:385]
Sun, 27 Jul 2025 10:31:15 +0000 [2601:300:4b80:1b0:d5f3:faa2:5c45:b441] [/home/u991737198/domains/tas2023.online/public_html/tmp/3hn69l4qoa804.3g8shy2588w00.php:385] Base->{closure}()
Sun, 27 Jul 2025 10:31:15 +0000 [2601:300:4b80:1b0:d5f3:faa2:5c45:b441] [/home/u991737198/domains/tas2023.online/public_html/lib/base.php:3036] require('/home/u991737198/domains/tas2023.online/public_html/tmp/3hn69l4qoa804.3g8shy2588w00.php')
Sun, 27 Jul 2025 10:31:15 +0000 [2601:300:4b80:1b0:d5f3:faa2:5c45:b441] [/home/u991737198/domains/tas2023.online/public_html/lib/base.php:3281] View->sandbox()
Sun, 27 Jul 2025 10:31:15 +0000 [2601:300:4b80:1b0:d5f3:faa2:5c45:b441] [/home/u991737198/domains/tas2023.online/public_html/tmp/3hn69l4qoa804.3h31n1yj254w8.php:7] Preview->render()
Sun, 27 Jul 2025 10:31:15 +0000 [2601:300:4b80:1b0:d5f3:faa2:5c45:b441] [/home/u991737198/domains/tas2023.online/public_html/lib/base.php:3036] require('/home/u991737198/domains/tas2023.online/public_html/tmp/3hn69l4qoa804.3h31n1yj254w8.php')
Sun, 27 Jul 2025 10:31:15 +0000 [2601:300:4b80:1b0:d5f3:faa2:5c45:b441] [/home/u991737198/domains/tas2023.online/public_html/lib/base.php:3281] View->sandbox()
Sun, 27 Jul 2025 10:31:15 +0000 [2601:300:4b80:1b0:d5f3:faa2:5c45:b441] [/home/u991737198/domains/tas2023.online/public_html/app/controllers/Controller.php:87] Preview->render()
Sun, 27 Jul 2025 10:31:15 +0000 [2601:300:4b80:1b0:d5f3:faa2:5c45:b441] [/home/u991737198/domains/tas2023.online/public_html/lib/base.php:2078] Controller->afterroute()
Sun, 27 Jul 2025 10:31:15 +0000 [2601:300:4b80:1b0:d5f3:faa2:5c45:b441] [/home/u991737198/domains/tas2023.online/public_html/lib/base.php:1871] Base->call()
Sun, 27 Jul 2025 10:31:15 +0000 [2601:300:4b80:1b0:d5f3:faa2:5c45:b441] [/home/u991737198/domains/tas2023.online/public_html/index.php:19] Base->run()
Sun, 27 Jul 2025 10:31:55 +0000 [2601:300:4b80:1b0:d5f3:faa2:5c45:b441] 500: trim(): Passing null to parameter #1 ($string) of type string is deprecated trace: [/home/u991737198/domains/tas2023.online/public_html/tmp/3hn69l4qoa804.3g8shy2588w00.php:356]
Sun, 27 Jul 2025 10:31:55 +0000 [2601:300:4b80:1b0:d5f3:faa2:5c45:b441] [/home/u991737198/domains/tas2023.online/public_html/tmp/3hn69l4qoa804.3g8shy2588w00.php:356] trim()
Sun, 27 Jul 2025 10:31:55 +0000 [2601:300:4b80:1b0:d5f3:faa2:5c45:b441] [/home/u991737198/domains/tas2023.online/public_html/lib/base.php:3036] require('/home/u991737198/domains/tas2023.online/public_html/tmp/3hn69l4qoa804.3g8shy2588w00.php')
Sun, 27 Jul 2025 10:31:55 +0000 [2601:300:4b80:1b0:d5f3:faa2:5c45:b441] [/home/u991737198/domains/tas2023.online/public_html/lib/base.php:3281] View->sandbox()
Sun, 27 Jul 2025 10:31:55 +0000 [2601:300:4b80:1b0:d5f3:faa2:5c45:b441] [/home/u991737198/domains/tas2023.online/public_html/tmp/3hn69l4qoa804.3h31n1yj254w8.php:7] Preview->render()
Sun, 27 Jul 2025 10:31:55 +0000 [2601:300:4b80:1b0:d5f3:faa2:5c45:b441] [/home/u991737198/domains/tas2023.online/public_html/lib/base.php:3036] require('/home/u991737198/domains/tas2023.online/public_html/tmp/3hn69l4qoa804.3h31n1yj254w8.php')
Sun, 27 Jul 2025 10:31:55 +0000 [2601:300:4b80:1b0:d5f3:faa2:5c45:b441] [/home/u991737198/domains/tas2023.online/public_html/lib/base.php:3281] View->sandbox()
Sun, 27 Jul 2025 10:31:55 +0000 [2601:300:4b80:1b0:d5f3:faa2:5c45:b441] [/home/u991737198/domains/tas2023.online/public_html/app/controllers/Controller.php:87] Preview->render()
Sun, 27 Jul 2025 10:31:55 +0000 [2601:300:4b80:1b0:d5f3:faa2:5c45:b441] [/home/u991737198/domains/tas2023.online/public_html/lib/base.php:2078] Controller->afterroute()
Sun, 27 Jul 2025 10:31:55 +0000 [2601:300:4b80:1b0:d5f3:faa2:5c45:b441] [/home/u991737198/domains/tas2023.online/public_html/lib/base.php:1871] Base->call()
Sun, 27 Jul 2025 10:31:55 +0000 [2601:300:4b80:1b0:d5f3:faa2:5c45:b441] [/home/u991737198/domains/tas2023.online/public_html/index.php:19] Base->run()
Sun, 27 Jul 2025 10:32:02 +0000 [2601:300:4b80:1b0:d5f3:faa2:5c45:b441] 500: Undefined variable $selected_note trace: [/home/u991737198/domains/tas2023.online/public_html/tmp/3hn69l4qoa804.3g8shy2588w00.php:385]
Sun, 27 Jul 2025 10:32:02 +0000 [2601:300:4b80:1b0:d5f3:faa2:5c45:b441] [/home/u991737198/domains/tas2023.online/public_html/tmp/3hn69l4qoa804.3g8shy2588w00.php:385] Base->{closure}()
Sun, 27 Jul 2025 10:32:02 +0000 [2601:300:4b80:1b0:d5f3:faa2:5c45:b441] [/home/u991737198/domains/tas2023.online/public_html/lib/base.php:3036] require('/home/u991737198/domains/tas2023.online/public_html/tmp/3hn69l4qoa804.3g8shy2588w00.php')
Sun, 27 Jul 2025 10:32:02 +0000 [2601:300:4b80:1b0:d5f3:faa2:5c45:b441] [/home/u991737198/domains/tas2023.online/public_html/lib/base.php:3281] View->sandbox()
Sun, 27 Jul 2025 10:32:02 +0000 [2601:300:4b80:1b0:d5f3:faa2:5c45:b441] [/home/u991737198/domains/tas2023.online/public_html/tmp/3hn69l4qoa804.3h31n1yj254w8.php:7] Preview->render()
Sun, 27 Jul 2025 10:32:02 +0000 [2601:300:4b80:1b0:d5f3:faa2:5c45:b441] [/home/u991737198/domains/tas2023.online/public_html/lib/base.php:3036] require('/home/u991737198/domains/tas2023.online/public_html/tmp/3hn69l4qoa804.3h31n1yj254w8.php')
Sun, 27 Jul 2025 10:32:02 +0000 [2601:300:4b80:1b0:d5f3:faa2:5c45:b441] [/home/u991737198/domains/tas2023.online/public_html/lib/base.php:3281] View->sandbox()
Sun, 27 Jul 2025 10:32:02 +0000 [2601:300:4b80:1b0:d5f3:faa2:5c45:b441] [/home/u991737198/domains/tas2023.online/public_html/app/controllers/Controller.php:87] Preview->render()
Sun, 27 Jul 2025 10:32:02 +0000 [2601:300:4b80:1b0:d5f3:faa2:5c45:b441] [/home/u991737198/domains/tas2023.online/public_html/lib/base.php:2078] Controller->afterroute()
Sun, 27 Jul 2025 10:32:02 +0000 [2601:300:4b80:1b0:d5f3:faa2:5c45:b441] [/home/u991737198/domains/tas2023.online/public_html/lib/base.php:1871] Base->call()
Sun, 27 Jul 2025 10:32:02 +0000 [2601:300:4b80:1b0:d5f3:faa2:5c45:b441] [/home/u991737198/domains/tas2023.online/public_html/index.php:19] Base->run()
Sun, 27 Jul 2025 10:33:00 +0000 [2601:300:4b80:1b0:d5f3:faa2:5c45:b441] 500: trim(): Passing null to parameter #1 ($string) of type string is deprecated trace: [/home/u991737198/domains/tas2023.online/public_html/tmp/3hn69l4qoa804.3g8shy2588w00.php:356]
Sun, 27 Jul 2025 10:33:00 +0000 [2601:300:4b80:1b0:d5f3:faa2:5c45:b441] [/home/u991737198/domains/tas2023.online/public_html/tmp/3hn69l4qoa804.3g8shy2588w00.php:356] trim()
Sun, 27 Jul 2025 10:33:00 +0000 [2601:300:4b80:1b0:d5f3:faa2:5c45:b441] [/home/u991737198/domains/tas2023.online/public_html/lib/base.php:3036] require('/home/u991737198/domains/tas2023.online/public_html/tmp/3hn69l4qoa804.3g8shy2588w00.php')
Sun, 27 Jul 2025 10:33:00 +0000 [2601:300:4b80:1b0:d5f3:faa2:5c45:b441] [/home/u991737198/domains/tas2023.online/public_html/lib/base.php:3281] View->sandbox()
Sun, 27 Jul 2025 10:33:00 +0000 [2601:300:4b80:1b0:d5f3:faa2:5c45:b441] [/home/u991737198/domains/tas2023.online/public_html/tmp/3hn69l4qoa804.3h31n1yj254w8.php:7] Preview->render()
Sun, 27 Jul 2025 10:33:00 +0000 [2601:300:4b80:1b0:d5f3:faa2:5c45:b441] [/home/u991737198/domains/tas2023.online/public_html/lib/base.php:3036] require('/home/u991737198/domains/tas2023.online/public_html/tmp/3hn69l4qoa804.3h31n1yj254w8.php')
Sun, 27 Jul 2025 10:33:00 +0000 [2601:300:4b80:1b0:d5f3:faa2:5c45:b441] [/home/u991737198/domains/tas2023.online/public_html/lib/base.php:3281] View->sandbox()
Sun, 27 Jul 2025 10:33:00 +0000 [2601:300:4b80:1b0:d5f3:faa2:5c45:b441] [/home/u991737198/domains/tas2023.online/public_html/app/controllers/Controller.php:87] Preview->render()
Sun, 27 Jul 2025 10:33:00 +0000 [2601:300:4b80:1b0:d5f3:faa2:5c45:b441] [/home/u991737198/domains/tas2023.online/public_html/lib/base.php:2078] Controller->afterroute()
Sun, 27 Jul 2025 10:33:00 +0000 [2601:300:4b80:1b0:d5f3:faa2:5c45:b441] [/home/u991737198/domains/tas2023.online/public_html/lib/base.php:1871] Base->call()
Sun, 27 Jul 2025 10:33:00 +0000 [2601:300:4b80:1b0:d5f3:faa2:5c45:b441] [/home/u991737198/domains/tas2023.online/public_html/index.php:19] Base->run()
Sun, 27 Jul 2025 10:33:10 +0000 [2601:300:4b80:1b0:d5f3:faa2:5c45:b441] 500: Undefined variable $selected_note trace: [/home/u991737198/domains/tas2023.online/public_html/tmp/3hn69l4qoa804.3g8shy2588w00.php:385]
Sun, 27 Jul 2025 10:33:10 +0000 [2601:300:4b80:1b0:d5f3:faa2:5c45:b441] [/home/u991737198/domains/tas2023.online/public_html/tmp/3hn69l4qoa804.3g8shy2588w00.php:385] Base->{closure}()
Sun, 27 Jul 2025 10:33:10 +0000 [2601:300:4b80:1b0:d5f3:faa2:5c45:b441] [/home/u991737198/domains/tas2023.online/public_html/lib/base.php:3036] require('/home/u991737198/domains/tas2023.online/public_html/tmp/3hn69l4qoa804.3g8shy2588w00.php')
Sun, 27 Jul 2025 10:33:10 +0000 [2601:300:4b80:1b0:d5f3:faa2:5c45:b441] [/home/u991737198/domains/tas2023.online/public_html/lib/base.php:3281] View->sandbox()
Sun, 27 Jul 2025 10:33:10 +0000 [2601:300:4b80:1b0:d5f3:faa2:5c45:b441] [/home/u991737198/domains/tas2023.online/public_html/tmp/3hn69l4qoa804.3h31n1yj254w8.php:7] Preview->render()
Sun, 27 Jul 2025 10:33:10 +0000 [2601:300:4b80:1b0:d5f3:faa2:5c45:b441] [/home/u991737198/domains/tas2023.online/public_html/lib/base.php:3036] require('/home/u991737198/domains/tas2023.online/public_html/tmp/3hn69l4qoa804.3h31n1yj254w8.php')
Sun, 27 Jul 2025 10:33:10 +0000 [2601:300:4b80:1b0:d5f3:faa2:5c45:b441] [/home/u991737198/domains/tas2023.online/public_html/lib/base.php:3281] View->sandbox()
Sun, 27 Jul 2025 10:33:10 +0000 [2601:300:4b80:1b0:d5f3:faa2:5c45:b441] [/home/u991737198/domains/tas2023.online/public_html/app/controllers/Controller.php:87] Preview->render()
Sun, 27 Jul 2025 10:33:10 +0000 [2601:300:4b80:1b0:d5f3:faa2:5c45:b441] [/home/u991737198/domains/tas2023.online/public_html/lib/base.php:2078] Controller->afterroute()
Sun, 27 Jul 2025 10:33:10 +0000 [2601:300:4b80:1b0:d5f3:faa2:5c45:b441] [/home/u991737198/domains/tas2023.online/public_html/lib/base.php:1871] Base->call()
Sun, 27 Jul 2025 10:33:10 +0000 [2601:300:4b80:1b0:d5f3:faa2:5c45:b441] [/home/u991737198/domains/tas2023.online/public_html/index.php:19] Base->run()
Sun, 27 Jul 2025 10:33:52 +0000 [2601:300:4b80:1b0:d5f3:faa2:5c45:b441] 500: trim(): Passing null to parameter #1 ($string) of type string is deprecated trace: [/home/u991737198/domains/tas2023.online/public_html/tmp/3hn69l4qoa804.3g8shy2588w00.php:356]
Sun, 27 Jul 2025 10:33:52 +0000 [2601:300:4b80:1b0:d5f3:faa2:5c45:b441] [/home/u991737198/domains/tas2023.online/public_html/tmp/3hn69l4qoa804.3g8shy2588w00.php:356] trim()
Sun, 27 Jul 2025 10:33:52 +0000 [2601:300:4b80:1b0:d5f3:faa2:5c45:b441] [/home/u991737198/domains/tas2023.online/public_html/lib/base.php:3036] require('/home/u991737198/domains/tas2023.online/public_html/tmp/3hn69l4qoa804.3g8shy2588w00.php')
Sun, 27 Jul 2025 10:33:52 +0000 [2601:300:4b80:1b0:d5f3:faa2:5c45:b441] [/home/u991737198/domains/tas2023.online/public_html/lib/base.php:3281] View->sandbox()
Sun, 27 Jul 2025 10:33:52 +0000 [2601:300:4b80:1b0:d5f3:faa2:5c45:b441] [/home/u991737198/domains/tas2023.online/public_html/tmp/3hn69l4qoa804.3h31n1yj254w8.php:7] Preview->render()
Sun, 27 Jul 2025 10:33:52 +0000 [2601:300:4b80:1b0:d5f3:faa2:5c45:b441] [/home/u991737198/domains/tas2023.online/public_html/lib/base.php:3036] require('/home/u991737198/domains/tas2023.online/public_html/tmp/3hn69l4qoa804.3h31n1yj254w8.php')
Sun, 27 Jul 2025 10:33:52 +0000 [2601:300:4b80:1b0:d5f3:faa2:5c45:b441] [/home/u991737198/domains/tas2023.online/public_html/lib/base.php:3281] View->sandbox()
Sun, 27 Jul 2025 10:33:52 +0000 [2601:300:4b80:1b0:d5f3:faa2:5c45:b441] [/home/u991737198/domains/tas2023.online/public_html/app/controllers/Controller.php:87] Preview->render()
Sun, 27 Jul 2025 10:33:52 +0000 [2601:300:4b80:1b0:d5f3:faa2:5c45:b441] [/home/u991737198/domains/tas2023.online/public_html/lib/base.php:2078] Controller->afterroute()
Sun, 27 Jul 2025 10:33:52 +0000 [2601:300:4b80:1b0:d5f3:faa2:5c45:b441] [/home/u991737198/domains/tas2023.online/public_html/lib/base.php:1871] Base->call()
Sun, 27 Jul 2025 10:33:52 +0000 [2601:300:4b80:1b0:d5f3:faa2:5c45:b441] [/home/u991737198/domains/tas2023.online/public_html/index.php:19] Base->run()
Sun, 27 Jul 2025 10:33:59 +0000 [2601:300:4b80:1b0:d5f3:faa2:5c45:b441] 500: Undefined variable $selected_note trace: [/home/u991737198/domains/tas2023.online/public_html/tmp/3hn69l4qoa804.3g8shy2588w00.php:385]
Sun, 27 Jul 2025 10:33:59 +0000 [2601:300:4b80:1b0:d5f3:faa2:5c45:b441] [/home/u991737198/domains/tas2023.online/public_html/tmp/3hn69l4qoa804.3g8shy2588w00.php:385] Base->{closure}()
Sun, 27 Jul 2025 10:33:59 +0000 [2601:300:4b80:1b0:d5f3:faa2:5c45:b441] [/home/u991737198/domains/tas2023.online/public_html/lib/base.php:3036] require('/home/u991737198/domains/tas2023.online/public_html/tmp/3hn69l4qoa804.3g8shy2588w00.php')
Sun, 27 Jul 2025 10:33:59 +0000 [2601:300:4b80:1b0:d5f3:faa2:5c45:b441] [/home/u991737198/domains/tas2023.online/public_html/lib/base.php:3281] View->sandbox()
Sun, 27 Jul 2025 10:33:59 +0000 [2601:300:4b80:1b0:d5f3:faa2:5c45:b441] [/home/u991737198/domains/tas2023.online/public_html/tmp/3hn69l4qoa804.3h31n1yj254w8.php:7] Preview->render()
Sun, 27 Jul 2025 10:33:59 +0000 [2601:300:4b80:1b0:d5f3:faa2:5c45:b441] [/home/u991737198/domains/tas2023.online/public_html/lib/base.php:3036] require('/home/u991737198/domains/tas2023.online/public_html/tmp/3hn69l4qoa804.3h31n1yj254w8.php')
Sun, 27 Jul 2025 10:33:59 +0000 [2601:300:4b80:1b0:d5f3:faa2:5c45:b441] [/home/u991737198/domains/tas2023.online/public_html/lib/base.php:3281] View->sandbox()
Sun, 27 Jul 2025 10:33:59 +0000 [2601:300:4b80:1b0:d5f3:faa2:5c45:b441] [/home/u991737198/domains/tas2023.online/public_html/app/controllers/Controller.php:87] Preview->render()
Sun, 27 Jul 2025 10:33:59 +0000 [2601:300:4b80:1b0:d5f3:faa2:5c45:b441] [/home/u991737198/domains/tas2023.online/public_html/lib/base.php:2078] Controller->afterroute()
Sun, 27 Jul 2025 10:33:59 +0000 [2601:300:4b80:1b0:d5f3:faa2:5c45:b441] [/home/u991737198/domains/tas2023.online/public_html/lib/base.php:1871] Base->call()
Sun, 27 Jul 2025 10:33:59 +0000 [2601:300:4b80:1b0:d5f3:faa2:5c45:b441] [/home/u991737198/domains/tas2023.online/public_html/index.php:19] Base->run()
Sun, 27 Jul 2025 10:35:15 +0000 [2601:300:4b80:1b0:d5f3:faa2:5c45:b441] 500: trim(): Passing null to parameter #1 ($string) of type string is deprecated trace: [/home/u991737198/domains/tas2023.online/public_html/tmp/3hn69l4qoa804.3g8shy2588w00.php:356]
Sun, 27 Jul 2025 10:35:15 +0000 [2601:300:4b80:1b0:d5f3:faa2:5c45:b441] [/home/u991737198/domains/tas2023.online/public_html/tmp/3hn69l4qoa804.3g8shy2588w00.php:356] trim()
Sun, 27 Jul 2025 10:35:15 +0000 [2601:300:4b80:1b0:d5f3:faa2:5c45:b441] [/home/u991737198/domains/tas2023.online/public_html/lib/base.php:3036] require('/home/u991737198/domains/tas2023.online/public_html/tmp/3hn69l4qoa804.3g8shy2588w00.php')
Sun, 27 Jul 2025 10:35:15 +0000 [2601:300:4b80:1b0:d5f3:faa2:5c45:b441] [/home/u991737198/domains/tas2023.online/public_html/lib/base.php:3281] View->sandbox()
Sun, 27 Jul 2025 10:35:15 +0000 [2601:300:4b80:1b0:d5f3:faa2:5c45:b441] [/home/u991737198/domains/tas2023.online/public_html/tmp/3hn69l4qoa804.3h31n1yj254w8.php:7] Preview->render()
Sun, 27 Jul 2025 10:35:15 +0000 [2601:300:4b80:1b0:d5f3:faa2:5c45:b441] [/home/u991737198/domains/tas2023.online/public_html/lib/base.php:3036] require('/home/u991737198/domains/tas2023.online/public_html/tmp/3hn69l4qoa804.3h31n1yj254w8.php')
Sun, 27 Jul 2025 10:35:15 +0000 [2601:300:4b80:1b0:d5f3:faa2:5c45:b441] [/home/u991737198/domains/tas2023.online/public_html/lib/base.php:3281] View->sandbox()
Sun, 27 Jul 2025 10:35:15 +0000 [2601:300:4b80:1b0:d5f3:faa2:5c45:b441] [/home/u991737198/domains/tas2023.online/public_html/app/controllers/Controller.php:87] Preview->render()
Sun, 27 Jul 2025 10:35:15 +0000 [2601:300:4b80:1b0:d5f3:faa2:5c45:b441] [/home/u991737198/domains/tas2023.online/public_html/lib/base.php:2078] Controller->afterroute()
Sun, 27 Jul 2025 10:35:15 +0000 [2601:300:4b80:1b0:d5f3:faa2:5c45:b441] [/home/u991737198/domains/tas2023.online/public_html/lib/base.php:1871] Base->call()
Sun, 27 Jul 2025 10:35:15 +0000 [2601:300:4b80:1b0:d5f3:faa2:5c45:b441] [/home/u991737198/domains/tas2023.online/public_html/index.php:19] Base->run()
Sun, 27 Jul 2025 10:36:23 +0000 [2601:300:4b80:1b0:d5f3:faa2:5c45:b441] 500: Undefined variable $fechapicker trace: [/home/u991737198/domains/tas2023.online/public_html/tmp/3hn69l4qoa804.22phmm30e0u84.php:334]
Sun, 27 Jul 2025 10:36:23 +0000 [2601:300:4b80:1b0:d5f3:faa2:5c45:b441] [/home/u991737198/domains/tas2023.online/public_html/tmp/3hn69l4qoa804.22phmm30e0u84.php:334] Base->{closure}()
Sun, 27 Jul 2025 10:36:23 +0000 [2601:300:4b80:1b0:d5f3:faa2:5c45:b441] [/home/u991737198/domains/tas2023.online/public_html/lib/base.php:3036] require('/home/u991737198/domains/tas2023.online/public_html/tmp/3hn69l4qoa804.22phmm30e0u84.php')
Sun, 27 Jul 2025 10:36:23 +0000 [2601:300:4b80:1b0:d5f3:faa2:5c45:b441] [/home/u991737198/domains/tas2023.online/public_html/lib/base.php:3281] View->sandbox()
Sun, 27 Jul 2025 10:36:23 +0000 [2601:300:4b80:1b0:d5f3:faa2:5c45:b441] [/home/u991737198/domains/tas2023.online/public_html/tmp/3hn69l4qoa804.3h31n1yj254w8.php:7] Preview->render()
Sun, 27 Jul 2025 10:36:23 +0000 [2601:300:4b80:1b0:d5f3:faa2:5c45:b441] [/home/u991737198/domains/tas2023.online/public_html/lib/base.php:3036] require('/home/u991737198/domains/tas2023.online/public_html/tmp/3hn69l4qoa804.3h31n1yj254w8.php')
Sun, 27 Jul 2025 10:36:23 +0000 [2601:300:4b80:1b0:d5f3:faa2:5c45:b441] [/home/u991737198/domains/tas2023.online/public_html/lib/base.php:3281] View->sandbox()
Sun, 27 Jul 2025 10:36:23 +0000 [2601:300:4b80:1b0:d5f3:faa2:5c45:b441] [/home/u991737198/domains/tas2023.online/public_html/app/controllers/Controller.php:87] Preview->render()
Sun, 27 Jul 2025 10:36:23 +0000 [2601:300:4b80:1b0:d5f3:faa2:5c45:b441] [/home/u991737198/domains/tas2023.online/public_html/lib/base.php:2078] Controller->afterroute()
Sun, 27 Jul 2025 10:36:23 +0000 [2601:300:4b80:1b0:d5f3:faa2:5c45:b441] [/home/u991737198/domains/tas2023.online/public_html/lib/base.php:1871] Base->call()
Sun, 27 Jul 2025 10:36:23 +0000 [2601:300:4b80:1b0:d5f3:faa2:5c45:b441] [/home/u991737198/domains/tas2023.online/public_html/index.php:19] Base->run()
Sun, 27 Jul 2025 10:36:31 +0000 [2601:300:4b80:1b0:d5f3:faa2:5c45:b441] 500: Undefined variable $count trace: [tmp/3hn69l4qoa804.man4oes5p0l2.php:137]
Sun, 27 Jul 2025 10:36:31 +0000 [2601:300:4b80:1b0:d5f3:faa2:5c45:b441] [tmp/3hn69l4qoa804.man4oes5p0l2.php:137] Base->{closure}()
Sun, 27 Jul 2025 10:36:31 +0000 [2601:300:4b80:1b0:d5f3:faa2:5c45:b441] [lib/base.php:3036] require('/home/u991737198/domains/tas2023.online/public_html/tmp/3hn69l4qoa804.man4oes5p0l2.php')
Sun, 27 Jul 2025 10:36:31 +0000 [2601:300:4b80:1b0:d5f3:faa2:5c45:b441] [lib/base.php:3281] View->sandbox()
Sun, 27 Jul 2025 10:36:31 +0000 [2601:300:4b80:1b0:d5f3:faa2:5c45:b441] [tmp/3hn69l4qoa804.3h31n1yj254w8.php:7] Preview->render()
Sun, 27 Jul 2025 10:36:31 +0000 [2601:300:4b80:1b0:d5f3:faa2:5c45:b441] [lib/base.php:3036] require('/home/u991737198/domains/tas2023.online/public_html/tmp/3hn69l4qoa804.3h31n1yj254w8.php')
Sun, 27 Jul 2025 10:36:31 +0000 [2601:300:4b80:1b0:d5f3:faa2:5c45:b441] [lib/base.php:3281] View->sandbox()
Sun, 27 Jul 2025 10:36:31 +0000 [2601:300:4b80:1b0:d5f3:faa2:5c45:b441] [app/controllers/Controller.php:87] Preview->render()
Sun, 27 Jul 2025 10:36:31 +0000 [2601:300:4b80:1b0:d5f3:faa2:5c45:b441] [lib/base.php:2078] Controller->afterroute()
Sun, 27 Jul 2025 10:36:31 +0000 [2601:300:4b80:1b0:d5f3:faa2:5c45:b441] [lib/base.php:1871] Base->call()
Sun, 27 Jul 2025 10:36:31 +0000 [2601:300:4b80:1b0:d5f3:faa2:5c45:b441] [index.php:19] Base->run()
Sun, 27 Jul 2025 10:36:36 +0000 [2601:300:4b80:1b0:d5f3:faa2:5c45:b441] 500: Undefined variable $entity_num trace: [tmp/3hn69l4qoa804.1zo7dt0fljr4w.php:200]
Sun, 27 Jul 2025 10:36:36 +0000 [2601:300:4b80:1b0:d5f3:faa2:5c45:b441] [tmp/3hn69l4qoa804.1zo7dt0fljr4w.php:200] Base->{closure}()
Sun, 27 Jul 2025 10:36:36 +0000 [2601:300:4b80:1b0:d5f3:faa2:5c45:b441] [lib/base.php:3036] require('/home/u991737198/domains/tas2023.online/public_html/tmp/3hn69l4qoa804.1zo7dt0fljr4w.php')
Sun, 27 Jul 2025 10:36:36 +0000 [2601:300:4b80:1b0:d5f3:faa2:5c45:b441] [lib/base.php:3281] View->sandbox()
Sun, 27 Jul 2025 10:36:36 +0000 [2601:300:4b80:1b0:d5f3:faa2:5c45:b441] [tmp/3hn69l4qoa804.3h31n1yj254w8.php:7] Preview->render()
Sun, 27 Jul 2025 10:36:36 +0000 [2601:300:4b80:1b0:d5f3:faa2:5c45:b441] [lib/base.php:3036] require('/home/u991737198/domains/tas2023.online/public_html/tmp/3hn69l4qoa804.3h31n1yj254w8.php')
Sun, 27 Jul 2025 10:36:36 +0000 [2601:300:4b80:1b0:d5f3:faa2:5c45:b441] [lib/base.php:3281] View->sandbox()
Sun, 27 Jul 2025 10:36:36 +0000 [2601:300:4b80:1b0:d5f3:faa2:5c45:b441] [app/controllers/Controller.php:87] Preview->render()
Sun, 27 Jul 2025 10:36:36 +0000 [2601:300:4b80:1b0:d5f3:faa2:5c45:b441] [lib/base.php:2078] Controller->afterroute()
Sun, 27 Jul 2025 10:36:36 +0000 [2601:300:4b80:1b0:d5f3:faa2:5c45:b441] [lib/base.php:1871] Base->call()
Sun, 27 Jul 2025 10:36:36 +0000 [2601:300:4b80:1b0:d5f3:faa2:5c45:b441] [index.php:19] Base->run()
Sun, 27 Jul 2025 17:42:04 +0000 [2600:100a:b010:5708:d046:d2f6:85f0:3dcf] 401: HTTP 401 (GET /task/taskData) trace: [/home/u991737198/domains/tas2023.online/public_html/lib/access.php:112] Base->error()
Sun, 27 Jul 2025 17:42:04 +0000 [2600:100a:b010:5708:d046:d2f6:85f0:3dcf] [/home/u991737198/domains/tas2023.online/public_html/app/controllers/Controller.php:78] Access->authorize()
Sun, 27 Jul 2025 17:42:04 +0000 [2600:100a:b010:5708:d046:d2f6:85f0:3dcf] 401: HTTP 401 (GET /task/teamProductivity) trace: [/home/u991737198/domains/tas2023.online/public_html/lib/access.php:112] Base->error()
Sun, 27 Jul 2025 17:42:04 +0000 [2600:100a:b010:5708:d046:d2f6:85f0:3dcf] [/home/u991737198/domains/tas2023.online/public_html/lib/base.php:2069] Controller->beforeroute()
Sun, 27 Jul 2025 17:42:04 +0000 [2600:100a:b010:5708:d046:d2f6:85f0:3dcf] [/home/u991737198/domains/tas2023.online/public_html/app/controllers/Controller.php:78] Access->authorize()
Sun, 27 Jul 2025 17:42:04 +0000 [2600:100a:b010:5708:d046:d2f6:85f0:3dcf] [/home/u991737198/domains/tas2023.online/public_html/lib/base.php:1871] Base->call()
Sun, 27 Jul 2025 17:42:04 +0000 [2600:100a:b010:5708:d046:d2f6:85f0:3dcf] [/home/u991737198/domains/tas2023.online/public_html/lib/base.php:2069] Controller->beforeroute()
Sun, 27 Jul 2025 17:42:04 +0000 [2600:100a:b010:5708:d046:d2f6:85f0:3dcf] [/home/u991737198/domains/tas2023.online/public_html/index.php:19] Base->run()
Sun, 27 Jul 2025 17:42:04 +0000 [2600:100a:b010:5708:d046:d2f6:85f0:3dcf] [/home/u991737198/domains/tas2023.online/public_html/lib/base.php:1871] Base->call()
Sun, 27 Jul 2025 17:42:04 +0000 [2600:100a:b010:5708:d046:d2f6:85f0:3dcf] [/home/u991737198/domains/tas2023.online/public_html/index.php:19] Base->run()
Sun, 27 Jul 2025 17:42:04 +0000 [2600:100a:b010:5708:d046:d2f6:85f0:3dcf] 401: HTTP 401 (GET /task/userNotesCount) trace: [/home/u991737198/domains/tas2023.online/public_html/lib/access.php:112] Base->error()
Sun, 27 Jul 2025 17:42:04 +0000 [2600:100a:b010:5708:d046:d2f6:85f0:3dcf] [/home/u991737198/domains/tas2023.online/public_html/app/controllers/Controller.php:78] Access->authorize()
Sun, 27 Jul 2025 17:42:04 +0000 [2600:100a:b010:5708:d046:d2f6:85f0:3dcf] [/home/u991737198/domains/tas2023.online/public_html/lib/base.php:2069] Controller->beforeroute()
Sun, 27 Jul 2025 17:42:04 +0000 [2600:100a:b010:5708:d046:d2f6:85f0:3dcf] [/home/u991737198/domains/tas2023.online/public_html/lib/base.php:1871] Base->call()
Sun, 27 Jul 2025 17:42:04 +0000 [2600:100a:b010:5708:d046:d2f6:85f0:3dcf] [/home/u991737198/domains/tas2023.online/public_html/index.php:19] Base->run()
Sun, 27 Jul 2025 17:42:04 +0000 [2600:100a:b010:5708:d046:d2f6:85f0:3dcf] 401: HTTP 401 (GET /task/taskDistribution) trace: [/home/u991737198/domains/tas2023.online/public_html/lib/access.php:112] Base->error()
Sun, 27 Jul 2025 17:42:04 +0000 [2600:100a:b010:5708:d046:d2f6:85f0:3dcf] [/home/u991737198/domains/tas2023.online/public_html/app/controllers/Controller.php:78] Access->authorize()
Sun, 27 Jul 2025 17:42:04 +0000 [2600:100a:b010:5708:d046:d2f6:85f0:3dcf] [/home/u991737198/domains/tas2023.online/public_html/lib/base.php:2069] Controller->beforeroute()
Sun, 27 Jul 2025 17:42:04 +0000 [2600:100a:b010:5708:d046:d2f6:85f0:3dcf] [/home/u991737198/domains/tas2023.online/public_html/lib/base.php:1871] Base->call()
Sun, 27 Jul 2025 17:42:04 +0000 [2600:100a:b010:5708:d046:d2f6:85f0:3dcf] [/home/u991737198/domains/tas2023.online/public_html/index.php:19] Base->run()
