Sat, 11 Jan 2025 17:41:53 -0500 [2603:9000:f801:55e2:a909:bb86:b483:d21] 500: Undefined variable $entity_num trace: [tmp/3hn69l4qoa804.1zo7dt0fljr4w.php:196]
Sat, 11 Jan 2025 17:41:53 -0500 [2603:9000:f801:55e2:a909:bb86:b483:d21] [tmp/3hn69l4qoa804.1zo7dt0fljr4w.php:196] Base->{closure}()
Sat, 11 Jan 2025 17:41:53 -0500 [2603:9000:f801:55e2:a909:bb86:b483:d21] [lib/base.php:3036] require('/home/u991737198/domains/tas2023.online/public_html/tmp/3hn69l4qoa804.1zo7dt0fljr4w.php')
Sat, 11 Jan 2025 17:41:53 -0500 [2603:9000:f801:55e2:a909:bb86:b483:d21] [lib/base.php:3281] View->sandbox()
Sat, 11 Jan 2025 17:41:53 -0500 [2603:9000:f801:55e2:a909:bb86:b483:d21] [tmp/3hn69l4qoa804.3h31n1yj254w8.php:7] Preview->render()
Sat, 11 Jan 2025 17:41:53 -0500 [2603:9000:f801:55e2:a909:bb86:b483:d21] [lib/base.php:3036] require('/home/u991737198/domains/tas2023.online/public_html/tmp/3hn69l4qoa804.3h31n1yj254w8.php')
Sat, 11 Jan 2025 17:41:53 -0500 [2603:9000:f801:55e2:a909:bb86:b483:d21] [lib/base.php:3281] View->sandbox()
Sat, 11 Jan 2025 17:41:53 -0500 [2603:9000:f801:55e2:a909:bb86:b483:d21] [app/controllers/Controller.php:85] Preview->render()
Sat, 11 Jan 2025 17:41:53 -0500 [2603:9000:f801:55e2:a909:bb86:b483:d21] [lib/base.php:2078] Controller->afterroute()
Sat, 11 Jan 2025 17:41:53 -0500 [2603:9000:f801:55e2:a909:bb86:b483:d21] [lib/base.php:1871] Base->call()
Sat, 11 Jan 2025 17:41:53 -0500 [2603:9000:f801:55e2:a909:bb86:b483:d21] [index.php:19] Base->run()
Sat, 11 Jan 2025 17:41:57 -0500 [2603:9000:f801:55e2:a909:bb86:b483:d21] 500: Undefined variable $entity_num trace: [tmp/3hn69l4qoa804.1zo7dt0fljr4w.php:196]
Sat, 11 Jan 2025 17:41:57 -0500 [2603:9000:f801:55e2:a909:bb86:b483:d21] [tmp/3hn69l4qoa804.1zo7dt0fljr4w.php:196] Base->{closure}()
Sat, 11 Jan 2025 17:41:57 -0500 [2603:9000:f801:55e2:a909:bb86:b483:d21] [lib/base.php:3036] require('/home/u991737198/domains/tas2023.online/public_html/tmp/3hn69l4qoa804.1zo7dt0fljr4w.php')
Sat, 11 Jan 2025 17:41:57 -0500 [2603:9000:f801:55e2:a909:bb86:b483:d21] [lib/base.php:3281] View->sandbox()
Sat, 11 Jan 2025 17:41:57 -0500 [2603:9000:f801:55e2:a909:bb86:b483:d21] [tmp/3hn69l4qoa804.3h31n1yj254w8.php:7] Preview->render()
Sat, 11 Jan 2025 17:41:57 -0500 [2603:9000:f801:55e2:a909:bb86:b483:d21] [lib/base.php:3036] require('/home/u991737198/domains/tas2023.online/public_html/tmp/3hn69l4qoa804.3h31n1yj254w8.php')
Sat, 11 Jan 2025 17:41:57 -0500 [2603:9000:f801:55e2:a909:bb86:b483:d21] [lib/base.php:3281] View->sandbox()
Sat, 11 Jan 2025 17:41:57 -0500 [2603:9000:f801:55e2:a909:bb86:b483:d21] [app/controllers/Controller.php:85] Preview->render()
Sat, 11 Jan 2025 17:41:57 -0500 [2603:9000:f801:55e2:a909:bb86:b483:d21] [lib/base.php:2078] Controller->afterroute()
Sat, 11 Jan 2025 17:41:57 -0500 [2603:9000:f801:55e2:a909:bb86:b483:d21] [lib/base.php:1871] Base->call()
Sat, 11 Jan 2025 17:41:57 -0500 [2603:9000:f801:55e2:a909:bb86:b483:d21] [index.php:19] Base->run()
Sat, 11 Jan 2025 17:48:27 -0500 [2603:9000:f801:55e2:a909:bb86:b483:d21] 500: Undefined variable $entity_num trace: [tmp/3hn69l4qoa804.1zo7dt0fljr4w.php:196]
Sat, 11 Jan 2025 17:48:27 -0500 [2603:9000:f801:55e2:a909:bb86:b483:d21] [tmp/3hn69l4qoa804.1zo7dt0fljr4w.php:196] Base->{closure}()
Sat, 11 Jan 2025 17:48:27 -0500 [2603:9000:f801:55e2:a909:bb86:b483:d21] [lib/base.php:3036] require('/home/u991737198/domains/tas2023.online/public_html/tmp/3hn69l4qoa804.1zo7dt0fljr4w.php')
Sat, 11 Jan 2025 17:48:27 -0500 [2603:9000:f801:55e2:a909:bb86:b483:d21] [lib/base.php:3281] View->sandbox()
Sat, 11 Jan 2025 17:48:27 -0500 [2603:9000:f801:55e2:a909:bb86:b483:d21] [tmp/3hn69l4qoa804.3h31n1yj254w8.php:7] Preview->render()
Sat, 11 Jan 2025 17:48:27 -0500 [2603:9000:f801:55e2:a909:bb86:b483:d21] [lib/base.php:3036] require('/home/u991737198/domains/tas2023.online/public_html/tmp/3hn69l4qoa804.3h31n1yj254w8.php')
Sat, 11 Jan 2025 17:48:27 -0500 [2603:9000:f801:55e2:a909:bb86:b483:d21] [lib/base.php:3281] View->sandbox()
Sat, 11 Jan 2025 17:48:27 -0500 [2603:9000:f801:55e2:a909:bb86:b483:d21] [app/controllers/Controller.php:85] Preview->render()
Sat, 11 Jan 2025 17:48:27 -0500 [2603:9000:f801:55e2:a909:bb86:b483:d21] [lib/base.php:2078] Controller->afterroute()
Sat, 11 Jan 2025 17:48:27 -0500 [2603:9000:f801:55e2:a909:bb86:b483:d21] [lib/base.php:1871] Base->call()
Sat, 11 Jan 2025 17:48:27 -0500 [2603:9000:f801:55e2:a909:bb86:b483:d21] [index.php:19] Base->run()
Sat, 11 Jan 2025 17:48:35 -0500 [2603:9000:f801:55e2:a909:bb86:b483:d21] 500: Undefined variable $entity_num trace: [tmp/3hn69l4qoa804.1zo7dt0fljr4w.php:196]
Sat, 11 Jan 2025 17:48:35 -0500 [2603:9000:f801:55e2:a909:bb86:b483:d21] [tmp/3hn69l4qoa804.1zo7dt0fljr4w.php:196] Base->{closure}()
Sat, 11 Jan 2025 17:48:35 -0500 [2603:9000:f801:55e2:a909:bb86:b483:d21] [lib/base.php:3036] require('/home/u991737198/domains/tas2023.online/public_html/tmp/3hn69l4qoa804.1zo7dt0fljr4w.php')
Sat, 11 Jan 2025 17:48:35 -0500 [2603:9000:f801:55e2:a909:bb86:b483:d21] [lib/base.php:3281] View->sandbox()
Sat, 11 Jan 2025 17:48:35 -0500 [2603:9000:f801:55e2:a909:bb86:b483:d21] [tmp/3hn69l4qoa804.3h31n1yj254w8.php:7] Preview->render()
Sat, 11 Jan 2025 17:48:35 -0500 [2603:9000:f801:55e2:a909:bb86:b483:d21] [lib/base.php:3036] require('/home/u991737198/domains/tas2023.online/public_html/tmp/3hn69l4qoa804.3h31n1yj254w8.php')
Sat, 11 Jan 2025 17:48:35 -0500 [2603:9000:f801:55e2:a909:bb86:b483:d21] [lib/base.php:3281] View->sandbox()
Sat, 11 Jan 2025 17:48:35 -0500 [2603:9000:f801:55e2:a909:bb86:b483:d21] [app/controllers/Controller.php:85] Preview->render()
Sat, 11 Jan 2025 17:48:35 -0500 [2603:9000:f801:55e2:a909:bb86:b483:d21] [lib/base.php:2078] Controller->afterroute()
Sat, 11 Jan 2025 17:48:35 -0500 [2603:9000:f801:55e2:a909:bb86:b483:d21] [lib/base.php:1871] Base->call()
Sat, 11 Jan 2025 17:48:35 -0500 [2603:9000:f801:55e2:a909:bb86:b483:d21] [index.php:19] Base->run()
Sat, 11 Jan 2025 17:48:45 -0500 [2603:9000:f801:55e2:a909:bb86:b483:d21] 500: Undefined variable $entity_num trace: [tmp/3hn69l4qoa804.1zo7dt0fljr4w.php:196]
Sat, 11 Jan 2025 17:48:45 -0500 [2603:9000:f801:55e2:a909:bb86:b483:d21] [tmp/3hn69l4qoa804.1zo7dt0fljr4w.php:196] Base->{closure}()
Sat, 11 Jan 2025 17:48:45 -0500 [2603:9000:f801:55e2:a909:bb86:b483:d21] [lib/base.php:3036] require('/home/u991737198/domains/tas2023.online/public_html/tmp/3hn69l4qoa804.1zo7dt0fljr4w.php')
Sat, 11 Jan 2025 17:48:45 -0500 [2603:9000:f801:55e2:a909:bb86:b483:d21] [lib/base.php:3281] View->sandbox()
Sat, 11 Jan 2025 17:48:45 -0500 [2603:9000:f801:55e2:a909:bb86:b483:d21] [tmp/3hn69l4qoa804.3h31n1yj254w8.php:7] Preview->render()
Sat, 11 Jan 2025 17:48:45 -0500 [2603:9000:f801:55e2:a909:bb86:b483:d21] [lib/base.php:3036] require('/home/u991737198/domains/tas2023.online/public_html/tmp/3hn69l4qoa804.3h31n1yj254w8.php')
Sat, 11 Jan 2025 17:48:45 -0500 [2603:9000:f801:55e2:a909:bb86:b483:d21] [lib/base.php:3281] View->sandbox()
Sat, 11 Jan 2025 17:48:45 -0500 [2603:9000:f801:55e2:a909:bb86:b483:d21] [app/controllers/Controller.php:85] Preview->render()
Sat, 11 Jan 2025 17:48:45 -0500 [2603:9000:f801:55e2:a909:bb86:b483:d21] [lib/base.php:2078] Controller->afterroute()
Sat, 11 Jan 2025 17:48:45 -0500 [2603:9000:f801:55e2:a909:bb86:b483:d21] [lib/base.php:1871] Base->call()
Sat, 11 Jan 2025 17:48:45 -0500 [2603:9000:f801:55e2:a909:bb86:b483:d21] [index.php:19] Base->run()
Sat, 11 Jan 2025 17:50:48 -0500 [2603:9000:f801:55e2:a909:bb86:b483:d21] 500: Undefined variable $entity_num trace: [tmp/3hn69l4qoa804.1zo7dt0fljr4w.php:196]
Sat, 11 Jan 2025 17:50:48 -0500 [2603:9000:f801:55e2:a909:bb86:b483:d21] [tmp/3hn69l4qoa804.1zo7dt0fljr4w.php:196] Base->{closure}()
Sat, 11 Jan 2025 17:50:48 -0500 [2603:9000:f801:55e2:a909:bb86:b483:d21] [lib/base.php:3036] require('/home/u991737198/domains/tas2023.online/public_html/tmp/3hn69l4qoa804.1zo7dt0fljr4w.php')
Sat, 11 Jan 2025 17:50:48 -0500 [2603:9000:f801:55e2:a909:bb86:b483:d21] [lib/base.php:3281] View->sandbox()
Sat, 11 Jan 2025 17:50:48 -0500 [2603:9000:f801:55e2:a909:bb86:b483:d21] [tmp/3hn69l4qoa804.3h31n1yj254w8.php:7] Preview->render()
Sat, 11 Jan 2025 17:50:48 -0500 [2603:9000:f801:55e2:a909:bb86:b483:d21] [lib/base.php:3036] require('/home/u991737198/domains/tas2023.online/public_html/tmp/3hn69l4qoa804.3h31n1yj254w8.php')
Sat, 11 Jan 2025 17:50:48 -0500 [2603:9000:f801:55e2:a909:bb86:b483:d21] [lib/base.php:3281] View->sandbox()
Sat, 11 Jan 2025 17:50:48 -0500 [2603:9000:f801:55e2:a909:bb86:b483:d21] [app/controllers/Controller.php:85] Preview->render()
Sat, 11 Jan 2025 17:50:48 -0500 [2603:9000:f801:55e2:a909:bb86:b483:d21] [lib/base.php:2078] Controller->afterroute()
Sat, 11 Jan 2025 17:50:48 -0500 [2603:9000:f801:55e2:a909:bb86:b483:d21] [lib/base.php:1871] Base->call()
Sat, 11 Jan 2025 17:50:48 -0500 [2603:9000:f801:55e2:a909:bb86:b483:d21] [index.php:19] Base->run()
Sat, 11 Jan 2025 17:50:54 -0500 [2603:9000:f801:55e2:a909:bb86:b483:d21] 500: Undefined variable $entity_num trace: [tmp/3hn69l4qoa804.1zo7dt0fljr4w.php:196]
Sat, 11 Jan 2025 17:50:54 -0500 [2603:9000:f801:55e2:a909:bb86:b483:d21] [tmp/3hn69l4qoa804.1zo7dt0fljr4w.php:196] Base->{closure}()
Sat, 11 Jan 2025 17:50:54 -0500 [2603:9000:f801:55e2:a909:bb86:b483:d21] [lib/base.php:3036] require('/home/u991737198/domains/tas2023.online/public_html/tmp/3hn69l4qoa804.1zo7dt0fljr4w.php')
Sat, 11 Jan 2025 17:50:54 -0500 [2603:9000:f801:55e2:a909:bb86:b483:d21] [lib/base.php:3281] View->sandbox()
Sat, 11 Jan 2025 17:50:54 -0500 [2603:9000:f801:55e2:a909:bb86:b483:d21] [tmp/3hn69l4qoa804.3h31n1yj254w8.php:7] Preview->render()
Sat, 11 Jan 2025 17:50:54 -0500 [2603:9000:f801:55e2:a909:bb86:b483:d21] [lib/base.php:3036] require('/home/u991737198/domains/tas2023.online/public_html/tmp/3hn69l4qoa804.3h31n1yj254w8.php')
Sat, 11 Jan 2025 17:50:54 -0500 [2603:9000:f801:55e2:a909:bb86:b483:d21] [lib/base.php:3281] View->sandbox()
Sat, 11 Jan 2025 17:50:54 -0500 [2603:9000:f801:55e2:a909:bb86:b483:d21] [app/controllers/Controller.php:85] Preview->render()
Sat, 11 Jan 2025 17:50:54 -0500 [2603:9000:f801:55e2:a909:bb86:b483:d21] [lib/base.php:2078] Controller->afterroute()
Sat, 11 Jan 2025 17:50:54 -0500 [2603:9000:f801:55e2:a909:bb86:b483:d21] [lib/base.php:1871] Base->call()
Sat, 11 Jan 2025 17:50:54 -0500 [2603:9000:f801:55e2:a909:bb86:b483:d21] [index.php:19] Base->run()
Sat, 11 Jan 2025 18:15:26 -0500 [2603:9000:f801:55e2:a909:bb86:b483:d21] 500: Undefined variable $entity_num trace: [tmp/3hn69l4qoa804.1zo7dt0fljr4w.php:196]
Sat, 11 Jan 2025 18:15:26 -0500 [2603:9000:f801:55e2:a909:bb86:b483:d21] [tmp/3hn69l4qoa804.1zo7dt0fljr4w.php:196] Base->{closure}()
Sat, 11 Jan 2025 18:15:26 -0500 [2603:9000:f801:55e2:a909:bb86:b483:d21] [lib/base.php:3036] require('/home/u991737198/domains/tas2023.online/public_html/tmp/3hn69l4qoa804.1zo7dt0fljr4w.php')
Sat, 11 Jan 2025 18:15:26 -0500 [2603:9000:f801:55e2:a909:bb86:b483:d21] [lib/base.php:3281] View->sandbox()
Sat, 11 Jan 2025 18:15:26 -0500 [2603:9000:f801:55e2:a909:bb86:b483:d21] [tmp/3hn69l4qoa804.3h31n1yj254w8.php:7] Preview->render()
Sat, 11 Jan 2025 18:15:26 -0500 [2603:9000:f801:55e2:a909:bb86:b483:d21] [lib/base.php:3036] require('/home/u991737198/domains/tas2023.online/public_html/tmp/3hn69l4qoa804.3h31n1yj254w8.php')
Sat, 11 Jan 2025 18:15:26 -0500 [2603:9000:f801:55e2:a909:bb86:b483:d21] [lib/base.php:3281] View->sandbox()
Sat, 11 Jan 2025 18:15:26 -0500 [2603:9000:f801:55e2:a909:bb86:b483:d21] [app/controllers/Controller.php:85] Preview->render()
Sat, 11 Jan 2025 18:15:26 -0500 [2603:9000:f801:55e2:a909:bb86:b483:d21] [lib/base.php:2078] Controller->afterroute()
Sat, 11 Jan 2025 18:15:26 -0500 [2603:9000:f801:55e2:a909:bb86:b483:d21] [lib/base.php:1871] Base->call()
Sat, 11 Jan 2025 18:15:26 -0500 [2603:9000:f801:55e2:a909:bb86:b483:d21] [index.php:19] Base->run()
Sat, 11 Jan 2025 18:15:31 -0500 [2603:9000:f801:55e2:a909:bb86:b483:d21] 500: Undefined variable $entity_num trace: [tmp/3hn69l4qoa804.1zo7dt0fljr4w.php:196]
Sat, 11 Jan 2025 18:15:31 -0500 [2603:9000:f801:55e2:a909:bb86:b483:d21] [tmp/3hn69l4qoa804.1zo7dt0fljr4w.php:196] Base->{closure}()
Sat, 11 Jan 2025 18:15:31 -0500 [2603:9000:f801:55e2:a909:bb86:b483:d21] [lib/base.php:3036] require('/home/u991737198/domains/tas2023.online/public_html/tmp/3hn69l4qoa804.1zo7dt0fljr4w.php')
Sat, 11 Jan 2025 18:15:31 -0500 [2603:9000:f801:55e2:a909:bb86:b483:d21] [lib/base.php:3281] View->sandbox()
Sat, 11 Jan 2025 18:15:31 -0500 [2603:9000:f801:55e2:a909:bb86:b483:d21] [tmp/3hn69l4qoa804.3h31n1yj254w8.php:7] Preview->render()
Sat, 11 Jan 2025 18:15:31 -0500 [2603:9000:f801:55e2:a909:bb86:b483:d21] [lib/base.php:3036] require('/home/u991737198/domains/tas2023.online/public_html/tmp/3hn69l4qoa804.3h31n1yj254w8.php')
Sat, 11 Jan 2025 18:15:31 -0500 [2603:9000:f801:55e2:a909:bb86:b483:d21] [lib/base.php:3281] View->sandbox()
Sat, 11 Jan 2025 18:15:31 -0500 [2603:9000:f801:55e2:a909:bb86:b483:d21] [app/controllers/Controller.php:85] Preview->render()
Sat, 11 Jan 2025 18:15:31 -0500 [2603:9000:f801:55e2:a909:bb86:b483:d21] [lib/base.php:2078] Controller->afterroute()
Sat, 11 Jan 2025 18:15:31 -0500 [2603:9000:f801:55e2:a909:bb86:b483:d21] [lib/base.php:1871] Base->call()
Sat, 11 Jan 2025 18:15:31 -0500 [2603:9000:f801:55e2:a909:bb86:b483:d21] [index.php:19] Base->run()
Sat, 11 Jan 2025 18:16:09 -0500 [2603:9000:f801:55e2:a909:bb86:b483:d21] 500: Undefined variable $selected_note trace: [/home/u991737198/domains/tas2023.online/public_html/tmp/3hn69l4qoa804.3g8shy2588w00.php:307]
Sat, 11 Jan 2025 18:16:09 -0500 [2603:9000:f801:55e2:a909:bb86:b483:d21] [/home/u991737198/domains/tas2023.online/public_html/tmp/3hn69l4qoa804.3g8shy2588w00.php:307] Base->{closure}()
Sat, 11 Jan 2025 18:16:09 -0500 [2603:9000:f801:55e2:a909:bb86:b483:d21] [/home/u991737198/domains/tas2023.online/public_html/lib/base.php:3036] require('/home/u991737198/domains/tas2023.online/public_html/tmp/3hn69l4qoa804.3g8shy2588w00.php')
Sat, 11 Jan 2025 18:16:09 -0500 [2603:9000:f801:55e2:a909:bb86:b483:d21] [/home/u991737198/domains/tas2023.online/public_html/lib/base.php:3281] View->sandbox()
Sat, 11 Jan 2025 18:16:09 -0500 [2603:9000:f801:55e2:a909:bb86:b483:d21] [/home/u991737198/domains/tas2023.online/public_html/tmp/3hn69l4qoa804.3h31n1yj254w8.php:7] Preview->render()
Sat, 11 Jan 2025 18:16:09 -0500 [2603:9000:f801:55e2:a909:bb86:b483:d21] [/home/u991737198/domains/tas2023.online/public_html/lib/base.php:3036] require('/home/u991737198/domains/tas2023.online/public_html/tmp/3hn69l4qoa804.3h31n1yj254w8.php')
Sat, 11 Jan 2025 18:16:09 -0500 [2603:9000:f801:55e2:a909:bb86:b483:d21] [/home/u991737198/domains/tas2023.online/public_html/lib/base.php:3281] View->sandbox()
Sat, 11 Jan 2025 18:16:09 -0500 [2603:9000:f801:55e2:a909:bb86:b483:d21] [/home/u991737198/domains/tas2023.online/public_html/app/controllers/Controller.php:85] Preview->render()
Sat, 11 Jan 2025 18:16:09 -0500 [2603:9000:f801:55e2:a909:bb86:b483:d21] [/home/u991737198/domains/tas2023.online/public_html/lib/base.php:2078] Controller->afterroute()
Sat, 11 Jan 2025 18:16:09 -0500 [2603:9000:f801:55e2:a909:bb86:b483:d21] [/home/u991737198/domains/tas2023.online/public_html/lib/base.php:1871] Base->call()
Sat, 11 Jan 2025 18:16:09 -0500 [2603:9000:f801:55e2:a909:bb86:b483:d21] [/home/u991737198/domains/tas2023.online/public_html/index.php:19] Base->run()
Sat, 11 Jan 2025 18:18:58 -0500 [2603:9000:f801:55e2:a909:bb86:b483:d21] 500: Undefined variable $selected_note trace: [/home/u991737198/domains/tas2023.online/public_html/tmp/3hn69l4qoa804.3g8shy2588w00.php:307]
Sat, 11 Jan 2025 18:18:58 -0500 [2603:9000:f801:55e2:a909:bb86:b483:d21] [/home/u991737198/domains/tas2023.online/public_html/tmp/3hn69l4qoa804.3g8shy2588w00.php:307] Base->{closure}()
Sat, 11 Jan 2025 18:18:58 -0500 [2603:9000:f801:55e2:a909:bb86:b483:d21] [/home/u991737198/domains/tas2023.online/public_html/lib/base.php:3036] require('/home/u991737198/domains/tas2023.online/public_html/tmp/3hn69l4qoa804.3g8shy2588w00.php')
Sat, 11 Jan 2025 18:18:58 -0500 [2603:9000:f801:55e2:a909:bb86:b483:d21] [/home/u991737198/domains/tas2023.online/public_html/lib/base.php:3281] View->sandbox()
Sat, 11 Jan 2025 18:18:58 -0500 [2603:9000:f801:55e2:a909:bb86:b483:d21] [/home/u991737198/domains/tas2023.online/public_html/tmp/3hn69l4qoa804.3h31n1yj254w8.php:7] Preview->render()
Sat, 11 Jan 2025 18:18:58 -0500 [2603:9000:f801:55e2:a909:bb86:b483:d21] [/home/u991737198/domains/tas2023.online/public_html/lib/base.php:3036] require('/home/u991737198/domains/tas2023.online/public_html/tmp/3hn69l4qoa804.3h31n1yj254w8.php')
Sat, 11 Jan 2025 18:18:58 -0500 [2603:9000:f801:55e2:a909:bb86:b483:d21] [/home/u991737198/domains/tas2023.online/public_html/lib/base.php:3281] View->sandbox()
Sat, 11 Jan 2025 18:18:58 -0500 [2603:9000:f801:55e2:a909:bb86:b483:d21] [/home/u991737198/domains/tas2023.online/public_html/app/controllers/Controller.php:85] Preview->render()
Sat, 11 Jan 2025 18:18:58 -0500 [2603:9000:f801:55e2:a909:bb86:b483:d21] [/home/u991737198/domains/tas2023.online/public_html/lib/base.php:2078] Controller->afterroute()
Sat, 11 Jan 2025 18:18:58 -0500 [2603:9000:f801:55e2:a909:bb86:b483:d21] [/home/u991737198/domains/tas2023.online/public_html/lib/base.php:1871] Base->call()
Sat, 11 Jan 2025 18:18:58 -0500 [2603:9000:f801:55e2:a909:bb86:b483:d21] [/home/u991737198/domains/tas2023.online/public_html/index.php:19] Base->run()
Sat, 11 Jan 2025 18:20:00 -0500 [2603:9000:f801:55e2:a909:bb86:b483:d21] 500: Undefined variable $count trace: [tmp/3hn69l4qoa804.man4oes5p0l2.php:117]
Sat, 11 Jan 2025 18:20:00 -0500 [2603:9000:f801:55e2:a909:bb86:b483:d21] [tmp/3hn69l4qoa804.man4oes5p0l2.php:117] Base->{closure}()
Sat, 11 Jan 2025 18:20:00 -0500 [2603:9000:f801:55e2:a909:bb86:b483:d21] [lib/base.php:3036] require('/home/u991737198/domains/tas2023.online/public_html/tmp/3hn69l4qoa804.man4oes5p0l2.php')
Sat, 11 Jan 2025 18:20:00 -0500 [2603:9000:f801:55e2:a909:bb86:b483:d21] [lib/base.php:3281] View->sandbox()
Sat, 11 Jan 2025 18:20:00 -0500 [2603:9000:f801:55e2:a909:bb86:b483:d21] [tmp/3hn69l4qoa804.3h31n1yj254w8.php:7] Preview->render()
Sat, 11 Jan 2025 18:20:00 -0500 [2603:9000:f801:55e2:a909:bb86:b483:d21] [lib/base.php:3036] require('/home/u991737198/domains/tas2023.online/public_html/tmp/3hn69l4qoa804.3h31n1yj254w8.php')
Sat, 11 Jan 2025 18:20:00 -0500 [2603:9000:f801:55e2:a909:bb86:b483:d21] [lib/base.php:3281] View->sandbox()
Sat, 11 Jan 2025 18:20:00 -0500 [2603:9000:f801:55e2:a909:bb86:b483:d21] [app/controllers/Controller.php:85] Preview->render()
Sat, 11 Jan 2025 18:20:00 -0500 [2603:9000:f801:55e2:a909:bb86:b483:d21] [lib/base.php:2078] Controller->afterroute()
Sat, 11 Jan 2025 18:20:00 -0500 [2603:9000:f801:55e2:a909:bb86:b483:d21] [lib/base.php:1871] Base->call()
Sat, 11 Jan 2025 18:20:00 -0500 [2603:9000:f801:55e2:a909:bb86:b483:d21] [index.php:19] Base->run()
Sat, 11 Jan 2025 18:20:15 -0500 [2603:9000:f801:55e2:a909:bb86:b483:d21] 500: Undefined variable $selected_note trace: [/home/u991737198/domains/tas2023.online/public_html/tmp/3hn69l4qoa804.3g8shy2588w00.php:307]
Sat, 11 Jan 2025 18:20:15 -0500 [2603:9000:f801:55e2:a909:bb86:b483:d21] [/home/u991737198/domains/tas2023.online/public_html/tmp/3hn69l4qoa804.3g8shy2588w00.php:307] Base->{closure}()
Sat, 11 Jan 2025 18:20:15 -0500 [2603:9000:f801:55e2:a909:bb86:b483:d21] [/home/u991737198/domains/tas2023.online/public_html/lib/base.php:3036] require('/home/u991737198/domains/tas2023.online/public_html/tmp/3hn69l4qoa804.3g8shy2588w00.php')
Sat, 11 Jan 2025 18:20:15 -0500 [2603:9000:f801:55e2:a909:bb86:b483:d21] [/home/u991737198/domains/tas2023.online/public_html/lib/base.php:3281] View->sandbox()
Sat, 11 Jan 2025 18:20:15 -0500 [2603:9000:f801:55e2:a909:bb86:b483:d21] [/home/u991737198/domains/tas2023.online/public_html/tmp/3hn69l4qoa804.3h31n1yj254w8.php:7] Preview->render()
Sat, 11 Jan 2025 18:20:15 -0500 [2603:9000:f801:55e2:a909:bb86:b483:d21] [/home/u991737198/domains/tas2023.online/public_html/lib/base.php:3036] require('/home/u991737198/domains/tas2023.online/public_html/tmp/3hn69l4qoa804.3h31n1yj254w8.php')
Sat, 11 Jan 2025 18:20:15 -0500 [2603:9000:f801:55e2:a909:bb86:b483:d21] [/home/u991737198/domains/tas2023.online/public_html/lib/base.php:3281] View->sandbox()
Sat, 11 Jan 2025 18:20:15 -0500 [2603:9000:f801:55e2:a909:bb86:b483:d21] [/home/u991737198/domains/tas2023.online/public_html/app/controllers/Controller.php:85] Preview->render()
Sat, 11 Jan 2025 18:20:15 -0500 [2603:9000:f801:55e2:a909:bb86:b483:d21] [/home/u991737198/domains/tas2023.online/public_html/lib/base.php:2078] Controller->afterroute()
Sat, 11 Jan 2025 18:20:15 -0500 [2603:9000:f801:55e2:a909:bb86:b483:d21] [/home/u991737198/domains/tas2023.online/public_html/lib/base.php:1871] Base->call()
Sat, 11 Jan 2025 18:20:15 -0500 [2603:9000:f801:55e2:a909:bb86:b483:d21] [/home/u991737198/domains/tas2023.online/public_html/index.php:19] Base->run()
Sat, 11 Jan 2025 18:20:20 -0500 [2603:9000:f801:55e2:a909:bb86:b483:d21] 500: Undefined variable $count trace: [tmp/3hn69l4qoa804.man4oes5p0l2.php:117]
Sat, 11 Jan 2025 18:20:20 -0500 [2603:9000:f801:55e2:a909:bb86:b483:d21] [tmp/3hn69l4qoa804.man4oes5p0l2.php:117] Base->{closure}()
Sat, 11 Jan 2025 18:20:20 -0500 [2603:9000:f801:55e2:a909:bb86:b483:d21] [lib/base.php:3036] require('/home/u991737198/domains/tas2023.online/public_html/tmp/3hn69l4qoa804.man4oes5p0l2.php')
Sat, 11 Jan 2025 18:20:20 -0500 [2603:9000:f801:55e2:a909:bb86:b483:d21] [lib/base.php:3281] View->sandbox()
Sat, 11 Jan 2025 18:20:20 -0500 [2603:9000:f801:55e2:a909:bb86:b483:d21] [tmp/3hn69l4qoa804.3h31n1yj254w8.php:7] Preview->render()
Sat, 11 Jan 2025 18:20:20 -0500 [2603:9000:f801:55e2:a909:bb86:b483:d21] [lib/base.php:3036] require('/home/u991737198/domains/tas2023.online/public_html/tmp/3hn69l4qoa804.3h31n1yj254w8.php')
Sat, 11 Jan 2025 18:20:20 -0500 [2603:9000:f801:55e2:a909:bb86:b483:d21] [lib/base.php:3281] View->sandbox()
Sat, 11 Jan 2025 18:20:20 -0500 [2603:9000:f801:55e2:a909:bb86:b483:d21] [app/controllers/Controller.php:85] Preview->render()
Sat, 11 Jan 2025 18:20:20 -0500 [2603:9000:f801:55e2:a909:bb86:b483:d21] [lib/base.php:2078] Controller->afterroute()
Sat, 11 Jan 2025 18:20:20 -0500 [2603:9000:f801:55e2:a909:bb86:b483:d21] [lib/base.php:1871] Base->call()
Sat, 11 Jan 2025 18:20:20 -0500 [2603:9000:f801:55e2:a909:bb86:b483:d21] [index.php:19] Base->run()
Sat, 11 Jan 2025 18:20:23 -0500 [2603:9000:f801:55e2:a909:bb86:b483:d21] 500: Undefined variable $entity_num trace: [tmp/3hn69l4qoa804.1zo7dt0fljr4w.php:196]
Sat, 11 Jan 2025 18:20:23 -0500 [2603:9000:f801:55e2:a909:bb86:b483:d21] [tmp/3hn69l4qoa804.1zo7dt0fljr4w.php:196] Base->{closure}()
Sat, 11 Jan 2025 18:20:23 -0500 [2603:9000:f801:55e2:a909:bb86:b483:d21] [lib/base.php:3036] require('/home/u991737198/domains/tas2023.online/public_html/tmp/3hn69l4qoa804.1zo7dt0fljr4w.php')
Sat, 11 Jan 2025 18:20:23 -0500 [2603:9000:f801:55e2:a909:bb86:b483:d21] [lib/base.php:3281] View->sandbox()
Sat, 11 Jan 2025 18:20:23 -0500 [2603:9000:f801:55e2:a909:bb86:b483:d21] [tmp/3hn69l4qoa804.3h31n1yj254w8.php:7] Preview->render()
Sat, 11 Jan 2025 18:20:23 -0500 [2603:9000:f801:55e2:a909:bb86:b483:d21] [lib/base.php:3036] require('/home/u991737198/domains/tas2023.online/public_html/tmp/3hn69l4qoa804.3h31n1yj254w8.php')
Sat, 11 Jan 2025 18:20:23 -0500 [2603:9000:f801:55e2:a909:bb86:b483:d21] [lib/base.php:3281] View->sandbox()
Sat, 11 Jan 2025 18:20:23 -0500 [2603:9000:f801:55e2:a909:bb86:b483:d21] [app/controllers/Controller.php:85] Preview->render()
Sat, 11 Jan 2025 18:20:23 -0500 [2603:9000:f801:55e2:a909:bb86:b483:d21] [lib/base.php:2078] Controller->afterroute()
Sat, 11 Jan 2025 18:20:23 -0500 [2603:9000:f801:55e2:a909:bb86:b483:d21] [lib/base.php:1871] Base->call()
Sat, 11 Jan 2025 18:20:23 -0500 [2603:9000:f801:55e2:a909:bb86:b483:d21] [index.php:19] Base->run()
Sat, 11 Jan 2025 18:20:30 -0500 [2603:9000:f801:55e2:a909:bb86:b483:d21] 500: Undefined variable $entity_num trace: [tmp/3hn69l4qoa804.1zo7dt0fljr4w.php:196]
Sat, 11 Jan 2025 18:20:30 -0500 [2603:9000:f801:55e2:a909:bb86:b483:d21] [tmp/3hn69l4qoa804.1zo7dt0fljr4w.php:196] Base->{closure}()
Sat, 11 Jan 2025 18:20:30 -0500 [2603:9000:f801:55e2:a909:bb86:b483:d21] [lib/base.php:3036] require('/home/u991737198/domains/tas2023.online/public_html/tmp/3hn69l4qoa804.1zo7dt0fljr4w.php')
Sat, 11 Jan 2025 18:20:30 -0500 [2603:9000:f801:55e2:a909:bb86:b483:d21] [lib/base.php:3281] View->sandbox()
Sat, 11 Jan 2025 18:20:30 -0500 [2603:9000:f801:55e2:a909:bb86:b483:d21] [tmp/3hn69l4qoa804.3h31n1yj254w8.php:7] Preview->render()
Sat, 11 Jan 2025 18:20:30 -0500 [2603:9000:f801:55e2:a909:bb86:b483:d21] [lib/base.php:3036] require('/home/u991737198/domains/tas2023.online/public_html/tmp/3hn69l4qoa804.3h31n1yj254w8.php')
Sat, 11 Jan 2025 18:20:30 -0500 [2603:9000:f801:55e2:a909:bb86:b483:d21] [lib/base.php:3281] View->sandbox()
Sat, 11 Jan 2025 18:20:30 -0500 [2603:9000:f801:55e2:a909:bb86:b483:d21] [app/controllers/Controller.php:85] Preview->render()
Sat, 11 Jan 2025 18:20:30 -0500 [2603:9000:f801:55e2:a909:bb86:b483:d21] [lib/base.php:2078] Controller->afterroute()
Sat, 11 Jan 2025 18:20:30 -0500 [2603:9000:f801:55e2:a909:bb86:b483:d21] [lib/base.php:1871] Base->call()
Sat, 11 Jan 2025 18:20:30 -0500 [2603:9000:f801:55e2:a909:bb86:b483:d21] [index.php:19] Base->run()
Sat, 11 Jan 2025 18:20:37 -0500 [2603:9000:f801:55e2:a909:bb86:b483:d21] 500: Undefined variable $selected_note trace: [/home/u991737198/domains/tas2023.online/public_html/tmp/3hn69l4qoa804.3g8shy2588w00.php:307]
Sat, 11 Jan 2025 18:20:37 -0500 [2603:9000:f801:55e2:a909:bb86:b483:d21] [/home/u991737198/domains/tas2023.online/public_html/tmp/3hn69l4qoa804.3g8shy2588w00.php:307] Base->{closure}()
Sat, 11 Jan 2025 18:20:37 -0500 [2603:9000:f801:55e2:a909:bb86:b483:d21] [/home/u991737198/domains/tas2023.online/public_html/lib/base.php:3036] require('/home/u991737198/domains/tas2023.online/public_html/tmp/3hn69l4qoa804.3g8shy2588w00.php')
Sat, 11 Jan 2025 18:20:37 -0500 [2603:9000:f801:55e2:a909:bb86:b483:d21] [/home/u991737198/domains/tas2023.online/public_html/lib/base.php:3281] View->sandbox()
Sat, 11 Jan 2025 18:20:37 -0500 [2603:9000:f801:55e2:a909:bb86:b483:d21] [/home/u991737198/domains/tas2023.online/public_html/tmp/3hn69l4qoa804.3h31n1yj254w8.php:7] Preview->render()
Sat, 11 Jan 2025 18:20:37 -0500 [2603:9000:f801:55e2:a909:bb86:b483:d21] [/home/u991737198/domains/tas2023.online/public_html/lib/base.php:3036] require('/home/u991737198/domains/tas2023.online/public_html/tmp/3hn69l4qoa804.3h31n1yj254w8.php')
Sat, 11 Jan 2025 18:20:37 -0500 [2603:9000:f801:55e2:a909:bb86:b483:d21] [/home/u991737198/domains/tas2023.online/public_html/lib/base.php:3281] View->sandbox()
Sat, 11 Jan 2025 18:20:37 -0500 [2603:9000:f801:55e2:a909:bb86:b483:d21] [/home/u991737198/domains/tas2023.online/public_html/app/controllers/Controller.php:85] Preview->render()
Sat, 11 Jan 2025 18:20:37 -0500 [2603:9000:f801:55e2:a909:bb86:b483:d21] [/home/u991737198/domains/tas2023.online/public_html/lib/base.php:2078] Controller->afterroute()
Sat, 11 Jan 2025 18:20:37 -0500 [2603:9000:f801:55e2:a909:bb86:b483:d21] [/home/u991737198/domains/tas2023.online/public_html/lib/base.php:1871] Base->call()
Sat, 11 Jan 2025 18:20:37 -0500 [2603:9000:f801:55e2:a909:bb86:b483:d21] [/home/u991737198/domains/tas2023.online/public_html/index.php:19] Base->run()
Sat, 11 Jan 2025 18:21:00 -0500 [2603:9000:f801:55e2:a909:bb86:b483:d21] 500: Undefined variable $entity_num trace: [tmp/3hn69l4qoa804.1zo7dt0fljr4w.php:196]
Sat, 11 Jan 2025 18:21:00 -0500 [2603:9000:f801:55e2:a909:bb86:b483:d21] [tmp/3hn69l4qoa804.1zo7dt0fljr4w.php:196] Base->{closure}()
Sat, 11 Jan 2025 18:21:00 -0500 [2603:9000:f801:55e2:a909:bb86:b483:d21] [lib/base.php:3036] require('/home/u991737198/domains/tas2023.online/public_html/tmp/3hn69l4qoa804.1zo7dt0fljr4w.php')
Sat, 11 Jan 2025 18:21:00 -0500 [2603:9000:f801:55e2:a909:bb86:b483:d21] [lib/base.php:3281] View->sandbox()
Sat, 11 Jan 2025 18:21:00 -0500 [2603:9000:f801:55e2:a909:bb86:b483:d21] [tmp/3hn69l4qoa804.3h31n1yj254w8.php:7] Preview->render()
Sat, 11 Jan 2025 18:21:00 -0500 [2603:9000:f801:55e2:a909:bb86:b483:d21] [lib/base.php:3036] require('/home/u991737198/domains/tas2023.online/public_html/tmp/3hn69l4qoa804.3h31n1yj254w8.php')
Sat, 11 Jan 2025 18:21:00 -0500 [2603:9000:f801:55e2:a909:bb86:b483:d21] [lib/base.php:3281] View->sandbox()
Sat, 11 Jan 2025 18:21:00 -0500 [2603:9000:f801:55e2:a909:bb86:b483:d21] [app/controllers/Controller.php:85] Preview->render()
Sat, 11 Jan 2025 18:21:00 -0500 [2603:9000:f801:55e2:a909:bb86:b483:d21] [lib/base.php:2078] Controller->afterroute()
Sat, 11 Jan 2025 18:21:00 -0500 [2603:9000:f801:55e2:a909:bb86:b483:d21] [lib/base.php:1871] Base->call()
Sat, 11 Jan 2025 18:21:00 -0500 [2603:9000:f801:55e2:a909:bb86:b483:d21] [index.php:19] Base->run()
Sat, 11 Jan 2025 18:21:06 -0500 [2603:9000:f801:55e2:a909:bb86:b483:d21] 500: Undefined variable $entity_num trace: [tmp/3hn69l4qoa804.1zo7dt0fljr4w.php:196]
Sat, 11 Jan 2025 18:21:06 -0500 [2603:9000:f801:55e2:a909:bb86:b483:d21] [tmp/3hn69l4qoa804.1zo7dt0fljr4w.php:196] Base->{closure}()
Sat, 11 Jan 2025 18:21:06 -0500 [2603:9000:f801:55e2:a909:bb86:b483:d21] [lib/base.php:3036] require('/home/u991737198/domains/tas2023.online/public_html/tmp/3hn69l4qoa804.1zo7dt0fljr4w.php')
Sat, 11 Jan 2025 18:21:06 -0500 [2603:9000:f801:55e2:a909:bb86:b483:d21] [lib/base.php:3281] View->sandbox()
Sat, 11 Jan 2025 18:21:06 -0500 [2603:9000:f801:55e2:a909:bb86:b483:d21] [tmp/3hn69l4qoa804.3h31n1yj254w8.php:7] Preview->render()
Sat, 11 Jan 2025 18:21:06 -0500 [2603:9000:f801:55e2:a909:bb86:b483:d21] [lib/base.php:3036] require('/home/u991737198/domains/tas2023.online/public_html/tmp/3hn69l4qoa804.3h31n1yj254w8.php')
Sat, 11 Jan 2025 18:21:06 -0500 [2603:9000:f801:55e2:a909:bb86:b483:d21] [lib/base.php:3281] View->sandbox()
Sat, 11 Jan 2025 18:21:06 -0500 [2603:9000:f801:55e2:a909:bb86:b483:d21] [app/controllers/Controller.php:85] Preview->render()
Sat, 11 Jan 2025 18:21:06 -0500 [2603:9000:f801:55e2:a909:bb86:b483:d21] [lib/base.php:2078] Controller->afterroute()
Sat, 11 Jan 2025 18:21:06 -0500 [2603:9000:f801:55e2:a909:bb86:b483:d21] [lib/base.php:1871] Base->call()
Sat, 11 Jan 2025 18:21:06 -0500 [2603:9000:f801:55e2:a909:bb86:b483:d21] [index.php:19] Base->run()
Sat, 11 Jan 2025 18:21:10 -0500 [2603:9000:f801:55e2:a909:bb86:b483:d21] 500: Undefined variable $selected_note trace: [/home/u991737198/domains/tas2023.online/public_html/tmp/3hn69l4qoa804.3g8shy2588w00.php:307]
Sat, 11 Jan 2025 18:21:10 -0500 [2603:9000:f801:55e2:a909:bb86:b483:d21] [/home/u991737198/domains/tas2023.online/public_html/tmp/3hn69l4qoa804.3g8shy2588w00.php:307] Base->{closure}()
Sat, 11 Jan 2025 18:21:10 -0500 [2603:9000:f801:55e2:a909:bb86:b483:d21] [/home/u991737198/domains/tas2023.online/public_html/lib/base.php:3036] require('/home/u991737198/domains/tas2023.online/public_html/tmp/3hn69l4qoa804.3g8shy2588w00.php')
Sat, 11 Jan 2025 18:21:10 -0500 [2603:9000:f801:55e2:a909:bb86:b483:d21] [/home/u991737198/domains/tas2023.online/public_html/lib/base.php:3281] View->sandbox()
Sat, 11 Jan 2025 18:21:10 -0500 [2603:9000:f801:55e2:a909:bb86:b483:d21] [/home/u991737198/domains/tas2023.online/public_html/tmp/3hn69l4qoa804.3h31n1yj254w8.php:7] Preview->render()
Sat, 11 Jan 2025 18:21:10 -0500 [2603:9000:f801:55e2:a909:bb86:b483:d21] [/home/u991737198/domains/tas2023.online/public_html/lib/base.php:3036] require('/home/u991737198/domains/tas2023.online/public_html/tmp/3hn69l4qoa804.3h31n1yj254w8.php')
Sat, 11 Jan 2025 18:21:10 -0500 [2603:9000:f801:55e2:a909:bb86:b483:d21] [/home/u991737198/domains/tas2023.online/public_html/lib/base.php:3281] View->sandbox()
Sat, 11 Jan 2025 18:21:10 -0500 [2603:9000:f801:55e2:a909:bb86:b483:d21] [/home/u991737198/domains/tas2023.online/public_html/app/controllers/Controller.php:85] Preview->render()
Sat, 11 Jan 2025 18:21:10 -0500 [2603:9000:f801:55e2:a909:bb86:b483:d21] [/home/u991737198/domains/tas2023.online/public_html/lib/base.php:2078] Controller->afterroute()
Sat, 11 Jan 2025 18:21:10 -0500 [2603:9000:f801:55e2:a909:bb86:b483:d21] [/home/u991737198/domains/tas2023.online/public_html/lib/base.php:1871] Base->call()
Sat, 11 Jan 2025 18:21:10 -0500 [2603:9000:f801:55e2:a909:bb86:b483:d21] [/home/u991737198/domains/tas2023.online/public_html/index.php:19] Base->run()
Sat, 11 Jan 2025 19:35:41 -0500 [2603:9000:f801:55e2:a909:bb86:b483:d21] 500: Trying to access array offset on value of type null trace: [app/controllers/UserController.php:573]
Sat, 11 Jan 2025 19:35:41 -0500 [2603:9000:f801:55e2:a909:bb86:b483:d21] [app/controllers/UserController.php:573] Base->{closure}()
Sat, 11 Jan 2025 19:35:41 -0500 [2603:9000:f801:55e2:a909:bb86:b483:d21] [lib/base.php:2072] UserController->login()
Sat, 11 Jan 2025 19:35:41 -0500 [2603:9000:f801:55e2:a909:bb86:b483:d21] [lib/base.php:1871] Base->call()
Sat, 11 Jan 2025 19:35:41 -0500 [2603:9000:f801:55e2:a909:bb86:b483:d21] [index.php:19] Base->run()
Sat, 11 Jan 2025 19:39:21 -0500 [2603:9000:f801:55e2:a909:bb86:b483:d21] 500: Undefined array key "project_name" trace: [tmp/3hn69l4qoa804.2ruqocuopbmsk.php:4]
Sat, 11 Jan 2025 19:39:21 -0500 [2603:9000:f801:55e2:a909:bb86:b483:d21] [tmp/3hn69l4qoa804.2ruqocuopbmsk.php:4] Base->{closure}()
Sat, 11 Jan 2025 19:39:21 -0500 [2603:9000:f801:55e2:a909:bb86:b483:d21] [lib/base.php:3036] require('/home/u991737198/domains/tas2023.online/public_html/tmp/3hn69l4qoa804.2ruqocuopbmsk.php')
Sat, 11 Jan 2025 19:39:21 -0500 [2603:9000:f801:55e2:a909:bb86:b483:d21] [lib/base.php:3281] View->sandbox()
Sat, 11 Jan 2025 19:39:21 -0500 [2603:9000:f801:55e2:a909:bb86:b483:d21] [tmp/3hn69l4qoa804.3gyrojkfdpa8w.php:40] Preview->render()
Sat, 11 Jan 2025 19:39:21 -0500 [2603:9000:f801:55e2:a909:bb86:b483:d21] [lib/base.php:3036] require('/home/u991737198/domains/tas2023.online/public_html/tmp/3hn69l4qoa804.3gyrojkfdpa8w.php')
Sat, 11 Jan 2025 19:39:21 -0500 [2603:9000:f801:55e2:a909:bb86:b483:d21] [lib/base.php:3281] View->sandbox()
Sat, 11 Jan 2025 19:39:21 -0500 [2603:9000:f801:55e2:a909:bb86:b483:d21] [tmp/3hn69l4qoa804.3h31n1yj254w8.php:1] Preview->render()
Sat, 11 Jan 2025 19:39:21 -0500 [2603:9000:f801:55e2:a909:bb86:b483:d21] [lib/base.php:3036] require('/home/u991737198/domains/tas2023.online/public_html/tmp/3hn69l4qoa804.3h31n1yj254w8.php')
Sat, 11 Jan 2025 19:39:21 -0500 [2603:9000:f801:55e2:a909:bb86:b483:d21] [lib/base.php:3281] View->sandbox()
Sat, 11 Jan 2025 19:39:21 -0500 [2603:9000:f801:55e2:a909:bb86:b483:d21] [app/controllers/Controller.php:85] Preview->render()
Sat, 11 Jan 2025 19:39:21 -0500 [2603:9000:f801:55e2:a909:bb86:b483:d21] [lib/base.php:2078] Controller->afterroute()
Sat, 11 Jan 2025 19:39:21 -0500 [2603:9000:f801:55e2:a909:bb86:b483:d21] [lib/base.php:1871] Base->call()
Sat, 11 Jan 2025 19:39:21 -0500 [2603:9000:f801:55e2:a909:bb86:b483:d21] [index.php:19] Base->run()
Sat, 11 Jan 2025 19:39:24 -0500 [2603:9000:f801:55e2:a909:bb86:b483:d21] 500: Undefined array key "project_name" trace: [tmp/3hn69l4qoa804.2ruqocuopbmsk.php:4]
Sat, 11 Jan 2025 19:39:24 -0500 [2603:9000:f801:55e2:a909:bb86:b483:d21] [tmp/3hn69l4qoa804.2ruqocuopbmsk.php:4] Base->{closure}()
Sat, 11 Jan 2025 19:39:24 -0500 [2603:9000:f801:55e2:a909:bb86:b483:d21] [lib/base.php:3036] require('/home/u991737198/domains/tas2023.online/public_html/tmp/3hn69l4qoa804.2ruqocuopbmsk.php')
Sat, 11 Jan 2025 19:39:24 -0500 [2603:9000:f801:55e2:a909:bb86:b483:d21] [lib/base.php:3281] View->sandbox()
Sat, 11 Jan 2025 19:39:24 -0500 [2603:9000:f801:55e2:a909:bb86:b483:d21] [tmp/3hn69l4qoa804.3gyrojkfdpa8w.php:40] Preview->render()
Sat, 11 Jan 2025 19:39:24 -0500 [2603:9000:f801:55e2:a909:bb86:b483:d21] [lib/base.php:3036] require('/home/u991737198/domains/tas2023.online/public_html/tmp/3hn69l4qoa804.3gyrojkfdpa8w.php')
Sat, 11 Jan 2025 19:39:24 -0500 [2603:9000:f801:55e2:a909:bb86:b483:d21] [lib/base.php:3281] View->sandbox()
Sat, 11 Jan 2025 19:39:24 -0500 [2603:9000:f801:55e2:a909:bb86:b483:d21] [tmp/3hn69l4qoa804.3h31n1yj254w8.php:1] Preview->render()
Sat, 11 Jan 2025 19:39:24 -0500 [2603:9000:f801:55e2:a909:bb86:b483:d21] [lib/base.php:3036] require('/home/u991737198/domains/tas2023.online/public_html/tmp/3hn69l4qoa804.3h31n1yj254w8.php')
Sat, 11 Jan 2025 19:39:24 -0500 [2603:9000:f801:55e2:a909:bb86:b483:d21] [lib/base.php:3281] View->sandbox()
Sat, 11 Jan 2025 19:39:24 -0500 [2603:9000:f801:55e2:a909:bb86:b483:d21] [app/controllers/Controller.php:85] Preview->render()
Sat, 11 Jan 2025 19:39:24 -0500 [2603:9000:f801:55e2:a909:bb86:b483:d21] [lib/base.php:2078] Controller->afterroute()
Sat, 11 Jan 2025 19:39:24 -0500 [2603:9000:f801:55e2:a909:bb86:b483:d21] [lib/base.php:1871] Base->call()
Sat, 11 Jan 2025 19:39:24 -0500 [2603:9000:f801:55e2:a909:bb86:b483:d21] [index.php:19] Base->run()
Sat, 11 Jan 2025 19:40:30 -0500 [2603:9000:f801:55e2:a909:bb86:b483:d21] 500: Undefined variable $entity_num trace: [tmp/3hn69l4qoa804.1zo7dt0fljr4w.php:196]
Sat, 11 Jan 2025 19:40:30 -0500 [2603:9000:f801:55e2:a909:bb86:b483:d21] [tmp/3hn69l4qoa804.1zo7dt0fljr4w.php:196] Base->{closure}()
Sat, 11 Jan 2025 19:40:30 -0500 [2603:9000:f801:55e2:a909:bb86:b483:d21] [lib/base.php:3036] require('/home/u991737198/domains/tas2023.online/public_html/tmp/3hn69l4qoa804.1zo7dt0fljr4w.php')
Sat, 11 Jan 2025 19:40:30 -0500 [2603:9000:f801:55e2:a909:bb86:b483:d21] [lib/base.php:3281] View->sandbox()
Sat, 11 Jan 2025 19:40:30 -0500 [2603:9000:f801:55e2:a909:bb86:b483:d21] [tmp/3hn69l4qoa804.3h31n1yj254w8.php:7] Preview->render()
Sat, 11 Jan 2025 19:40:30 -0500 [2603:9000:f801:55e2:a909:bb86:b483:d21] [lib/base.php:3036] require('/home/u991737198/domains/tas2023.online/public_html/tmp/3hn69l4qoa804.3h31n1yj254w8.php')
Sat, 11 Jan 2025 19:40:30 -0500 [2603:9000:f801:55e2:a909:bb86:b483:d21] [lib/base.php:3281] View->sandbox()
Sat, 11 Jan 2025 19:40:30 -0500 [2603:9000:f801:55e2:a909:bb86:b483:d21] [app/controllers/Controller.php:85] Preview->render()
Sat, 11 Jan 2025 19:40:30 -0500 [2603:9000:f801:55e2:a909:bb86:b483:d21] [lib/base.php:2078] Controller->afterroute()
Sat, 11 Jan 2025 19:40:30 -0500 [2603:9000:f801:55e2:a909:bb86:b483:d21] [lib/base.php:1871] Base->call()
Sat, 11 Jan 2025 19:40:30 -0500 [2603:9000:f801:55e2:a909:bb86:b483:d21] [index.php:19] Base->run()
Sat, 11 Jan 2025 19:40:35 -0500 [2603:9000:f801:55e2:a909:bb86:b483:d21] 500: Undefined variable $entity_num trace: [tmp/3hn69l4qoa804.1zo7dt0fljr4w.php:196]
Sat, 11 Jan 2025 19:40:35 -0500 [2603:9000:f801:55e2:a909:bb86:b483:d21] [tmp/3hn69l4qoa804.1zo7dt0fljr4w.php:196] Base->{closure}()
Sat, 11 Jan 2025 19:40:35 -0500 [2603:9000:f801:55e2:a909:bb86:b483:d21] [lib/base.php:3036] require('/home/u991737198/domains/tas2023.online/public_html/tmp/3hn69l4qoa804.1zo7dt0fljr4w.php')
Sat, 11 Jan 2025 19:40:35 -0500 [2603:9000:f801:55e2:a909:bb86:b483:d21] [lib/base.php:3281] View->sandbox()
Sat, 11 Jan 2025 19:40:35 -0500 [2603:9000:f801:55e2:a909:bb86:b483:d21] [tmp/3hn69l4qoa804.3h31n1yj254w8.php:7] Preview->render()
Sat, 11 Jan 2025 19:40:35 -0500 [2603:9000:f801:55e2:a909:bb86:b483:d21] [lib/base.php:3036] require('/home/u991737198/domains/tas2023.online/public_html/tmp/3hn69l4qoa804.3h31n1yj254w8.php')
Sat, 11 Jan 2025 19:40:35 -0500 [2603:9000:f801:55e2:a909:bb86:b483:d21] [lib/base.php:3281] View->sandbox()
Sat, 11 Jan 2025 19:40:35 -0500 [2603:9000:f801:55e2:a909:bb86:b483:d21] [app/controllers/Controller.php:85] Preview->render()
Sat, 11 Jan 2025 19:40:35 -0500 [2603:9000:f801:55e2:a909:bb86:b483:d21] [lib/base.php:2078] Controller->afterroute()
Sat, 11 Jan 2025 19:40:35 -0500 [2603:9000:f801:55e2:a909:bb86:b483:d21] [lib/base.php:1871] Base->call()
Sat, 11 Jan 2025 19:40:35 -0500 [2603:9000:f801:55e2:a909:bb86:b483:d21] [index.php:19] Base->run()
Sat, 11 Jan 2025 19:47:09 -0500 [2603:9000:f801:55e2:a909:bb86:b483:d21] 500: Undefined variable $selected_note trace: [/home/u991737198/domains/tas2023.online/public_html/tmp/3hn69l4qoa804.3g8shy2588w00.php:307]
Sat, 11 Jan 2025 19:47:09 -0500 [2603:9000:f801:55e2:a909:bb86:b483:d21] [/home/u991737198/domains/tas2023.online/public_html/tmp/3hn69l4qoa804.3g8shy2588w00.php:307] Base->{closure}()
Sat, 11 Jan 2025 19:47:09 -0500 [2603:9000:f801:55e2:a909:bb86:b483:d21] [/home/u991737198/domains/tas2023.online/public_html/lib/base.php:3036] require('/home/u991737198/domains/tas2023.online/public_html/tmp/3hn69l4qoa804.3g8shy2588w00.php')
Sat, 11 Jan 2025 19:47:09 -0500 [2603:9000:f801:55e2:a909:bb86:b483:d21] [/home/u991737198/domains/tas2023.online/public_html/lib/base.php:3281] View->sandbox()
Sat, 11 Jan 2025 19:47:09 -0500 [2603:9000:f801:55e2:a909:bb86:b483:d21] [/home/u991737198/domains/tas2023.online/public_html/tmp/3hn69l4qoa804.3h31n1yj254w8.php:7] Preview->render()
Sat, 11 Jan 2025 19:47:09 -0500 [2603:9000:f801:55e2:a909:bb86:b483:d21] [/home/u991737198/domains/tas2023.online/public_html/lib/base.php:3036] require('/home/u991737198/domains/tas2023.online/public_html/tmp/3hn69l4qoa804.3h31n1yj254w8.php')
Sat, 11 Jan 2025 19:47:09 -0500 [2603:9000:f801:55e2:a909:bb86:b483:d21] [/home/u991737198/domains/tas2023.online/public_html/lib/base.php:3281] View->sandbox()
Sat, 11 Jan 2025 19:47:09 -0500 [2603:9000:f801:55e2:a909:bb86:b483:d21] [/home/u991737198/domains/tas2023.online/public_html/app/controllers/Controller.php:85] Preview->render()
Sat, 11 Jan 2025 19:47:09 -0500 [2603:9000:f801:55e2:a909:bb86:b483:d21] [/home/u991737198/domains/tas2023.online/public_html/lib/base.php:2078] Controller->afterroute()
Sat, 11 Jan 2025 19:47:09 -0500 [2603:9000:f801:55e2:a909:bb86:b483:d21] [/home/u991737198/domains/tas2023.online/public_html/lib/base.php:1871] Base->call()
Sat, 11 Jan 2025 19:47:09 -0500 [2603:9000:f801:55e2:a909:bb86:b483:d21] [/home/u991737198/domains/tas2023.online/public_html/index.php:19] Base->run()
Sat, 11 Jan 2025 22:51:39 -0500 [2603:9000:f801:55e2:ccd:cd12:6026:3616] 401: HTTP 401 (GET /task/taskData) trace: [/home/u991737198/domains/tas2023.online/public_html/lib/access.php:112] Base->error()
Sat, 11 Jan 2025 22:51:39 -0500 [2603:9000:f801:55e2:ccd:cd12:6026:3616] [/home/u991737198/domains/tas2023.online/public_html/app/controllers/Controller.php:76] Access->authorize()
Sat, 11 Jan 2025 22:51:39 -0500 [2603:9000:f801:55e2:ccd:cd12:6026:3616] [/home/u991737198/domains/tas2023.online/public_html/lib/base.php:2069] Controller->beforeroute()
Sat, 11 Jan 2025 22:51:39 -0500 [2603:9000:f801:55e2:ccd:cd12:6026:3616] [/home/u991737198/domains/tas2023.online/public_html/lib/base.php:1871] Base->call()
Sat, 11 Jan 2025 22:51:39 -0500 [2603:9000:f801:55e2:ccd:cd12:6026:3616] [/home/u991737198/domains/tas2023.online/public_html/index.php:19] Base->run()
Sat, 11 Jan 2025 22:52:14 -0500 [2603:9000:f801:55e2:ccd:cd12:6026:3616] 500: Undefined variable $entity_num trace: [tmp/3hn69l4qoa804.1zo7dt0fljr4w.php:196]
Sat, 11 Jan 2025 22:52:14 -0500 [2603:9000:f801:55e2:ccd:cd12:6026:3616] [tmp/3hn69l4qoa804.1zo7dt0fljr4w.php:196] Base->{closure}()
Sat, 11 Jan 2025 22:52:14 -0500 [2603:9000:f801:55e2:ccd:cd12:6026:3616] [lib/base.php:3036] require('/home/u991737198/domains/tas2023.online/public_html/tmp/3hn69l4qoa804.1zo7dt0fljr4w.php')
Sat, 11 Jan 2025 22:52:14 -0500 [2603:9000:f801:55e2:ccd:cd12:6026:3616] [lib/base.php:3281] View->sandbox()
Sat, 11 Jan 2025 22:52:14 -0500 [2603:9000:f801:55e2:ccd:cd12:6026:3616] [tmp/3hn69l4qoa804.3h31n1yj254w8.php:7] Preview->render()
Sat, 11 Jan 2025 22:52:14 -0500 [2603:9000:f801:55e2:ccd:cd12:6026:3616] [lib/base.php:3036] require('/home/u991737198/domains/tas2023.online/public_html/tmp/3hn69l4qoa804.3h31n1yj254w8.php')
Sat, 11 Jan 2025 22:52:14 -0500 [2603:9000:f801:55e2:ccd:cd12:6026:3616] [lib/base.php:3281] View->sandbox()
Sat, 11 Jan 2025 22:52:14 -0500 [2603:9000:f801:55e2:ccd:cd12:6026:3616] [app/controllers/Controller.php:85] Preview->render()
Sat, 11 Jan 2025 22:52:14 -0500 [2603:9000:f801:55e2:ccd:cd12:6026:3616] [lib/base.php:2078] Controller->afterroute()
Sat, 11 Jan 2025 22:52:14 -0500 [2603:9000:f801:55e2:ccd:cd12:6026:3616] [lib/base.php:1871] Base->call()
Sat, 11 Jan 2025 22:52:14 -0500 [2603:9000:f801:55e2:ccd:cd12:6026:3616] [index.php:19] Base->run()
Sat, 11 Jan 2025 22:52:21 -0500 [2603:9000:f801:55e2:ccd:cd12:6026:3616] 500: Undefined variable $entity_num trace: [tmp/3hn69l4qoa804.1zo7dt0fljr4w.php:196]
Sat, 11 Jan 2025 22:52:21 -0500 [2603:9000:f801:55e2:ccd:cd12:6026:3616] [tmp/3hn69l4qoa804.1zo7dt0fljr4w.php:196] Base->{closure}()
Sat, 11 Jan 2025 22:52:21 -0500 [2603:9000:f801:55e2:ccd:cd12:6026:3616] [lib/base.php:3036] require('/home/u991737198/domains/tas2023.online/public_html/tmp/3hn69l4qoa804.1zo7dt0fljr4w.php')
Sat, 11 Jan 2025 22:52:21 -0500 [2603:9000:f801:55e2:ccd:cd12:6026:3616] [lib/base.php:3281] View->sandbox()
Sat, 11 Jan 2025 22:52:21 -0500 [2603:9000:f801:55e2:ccd:cd12:6026:3616] [tmp/3hn69l4qoa804.3h31n1yj254w8.php:7] Preview->render()
Sat, 11 Jan 2025 22:52:21 -0500 [2603:9000:f801:55e2:ccd:cd12:6026:3616] [lib/base.php:3036] require('/home/u991737198/domains/tas2023.online/public_html/tmp/3hn69l4qoa804.3h31n1yj254w8.php')
Sat, 11 Jan 2025 22:52:21 -0500 [2603:9000:f801:55e2:ccd:cd12:6026:3616] [lib/base.php:3281] View->sandbox()
Sat, 11 Jan 2025 22:52:21 -0500 [2603:9000:f801:55e2:ccd:cd12:6026:3616] [app/controllers/Controller.php:85] Preview->render()
Sat, 11 Jan 2025 22:52:21 -0500 [2603:9000:f801:55e2:ccd:cd12:6026:3616] [lib/base.php:2078] Controller->afterroute()
Sat, 11 Jan 2025 22:52:21 -0500 [2603:9000:f801:55e2:ccd:cd12:6026:3616] [lib/base.php:1871] Base->call()
Sat, 11 Jan 2025 22:52:21 -0500 [2603:9000:f801:55e2:ccd:cd12:6026:3616] [index.php:19] Base->run()
Sat, 11 Jan 2025 22:52:46 -0500 [2603:9000:f801:55e2:ccd:cd12:6026:3616] 500: Undefined variable $selected_note trace: [/home/u991737198/domains/tas2023.online/public_html/tmp/3hn69l4qoa804.3g8shy2588w00.php:307]
Sat, 11 Jan 2025 22:52:46 -0500 [2603:9000:f801:55e2:ccd:cd12:6026:3616] [/home/u991737198/domains/tas2023.online/public_html/tmp/3hn69l4qoa804.3g8shy2588w00.php:307] Base->{closure}()
Sat, 11 Jan 2025 22:52:46 -0500 [2603:9000:f801:55e2:ccd:cd12:6026:3616] [/home/u991737198/domains/tas2023.online/public_html/lib/base.php:3036] require('/home/u991737198/domains/tas2023.online/public_html/tmp/3hn69l4qoa804.3g8shy2588w00.php')
Sat, 11 Jan 2025 22:52:46 -0500 [2603:9000:f801:55e2:ccd:cd12:6026:3616] [/home/u991737198/domains/tas2023.online/public_html/lib/base.php:3281] View->sandbox()
Sat, 11 Jan 2025 22:52:46 -0500 [2603:9000:f801:55e2:ccd:cd12:6026:3616] [/home/u991737198/domains/tas2023.online/public_html/tmp/3hn69l4qoa804.3h31n1yj254w8.php:7] Preview->render()
Sat, 11 Jan 2025 22:52:46 -0500 [2603:9000:f801:55e2:ccd:cd12:6026:3616] [/home/u991737198/domains/tas2023.online/public_html/lib/base.php:3036] require('/home/u991737198/domains/tas2023.online/public_html/tmp/3hn69l4qoa804.3h31n1yj254w8.php')
Sat, 11 Jan 2025 22:52:46 -0500 [2603:9000:f801:55e2:ccd:cd12:6026:3616] [/home/u991737198/domains/tas2023.online/public_html/lib/base.php:3281] View->sandbox()
Sat, 11 Jan 2025 22:52:46 -0500 [2603:9000:f801:55e2:ccd:cd12:6026:3616] [/home/u991737198/domains/tas2023.online/public_html/app/controllers/Controller.php:85] Preview->render()
Sat, 11 Jan 2025 22:52:46 -0500 [2603:9000:f801:55e2:ccd:cd12:6026:3616] [/home/u991737198/domains/tas2023.online/public_html/lib/base.php:2078] Controller->afterroute()
Sat, 11 Jan 2025 22:52:46 -0500 [2603:9000:f801:55e2:ccd:cd12:6026:3616] [/home/u991737198/domains/tas2023.online/public_html/lib/base.php:1871] Base->call()
Sat, 11 Jan 2025 22:52:46 -0500 [2603:9000:f801:55e2:ccd:cd12:6026:3616] [/home/u991737198/domains/tas2023.online/public_html/index.php:19] Base->run()
Sat, 11 Jan 2025 22:52:51 -0500 [2603:9000:f801:55e2:ccd:cd12:6026:3616] 500: Undefined variable $selected_note trace: [/home/u991737198/domains/tas2023.online/public_html/tmp/3hn69l4qoa804.3g8shy2588w00.php:307]
Sat, 11 Jan 2025 22:52:51 -0500 [2603:9000:f801:55e2:ccd:cd12:6026:3616] [/home/u991737198/domains/tas2023.online/public_html/tmp/3hn69l4qoa804.3g8shy2588w00.php:307] Base->{closure}()
Sat, 11 Jan 2025 22:52:51 -0500 [2603:9000:f801:55e2:ccd:cd12:6026:3616] [/home/u991737198/domains/tas2023.online/public_html/lib/base.php:3036] require('/home/u991737198/domains/tas2023.online/public_html/tmp/3hn69l4qoa804.3g8shy2588w00.php')
Sat, 11 Jan 2025 22:52:51 -0500 [2603:9000:f801:55e2:ccd:cd12:6026:3616] [/home/u991737198/domains/tas2023.online/public_html/lib/base.php:3281] View->sandbox()
Sat, 11 Jan 2025 22:52:51 -0500 [2603:9000:f801:55e2:ccd:cd12:6026:3616] [/home/u991737198/domains/tas2023.online/public_html/tmp/3hn69l4qoa804.3h31n1yj254w8.php:7] Preview->render()
Sat, 11 Jan 2025 22:52:51 -0500 [2603:9000:f801:55e2:ccd:cd12:6026:3616] [/home/u991737198/domains/tas2023.online/public_html/lib/base.php:3036] require('/home/u991737198/domains/tas2023.online/public_html/tmp/3hn69l4qoa804.3h31n1yj254w8.php')
Sat, 11 Jan 2025 22:52:51 -0500 [2603:9000:f801:55e2:ccd:cd12:6026:3616] [/home/u991737198/domains/tas2023.online/public_html/lib/base.php:3281] View->sandbox()
Sat, 11 Jan 2025 22:52:51 -0500 [2603:9000:f801:55e2:ccd:cd12:6026:3616] [/home/u991737198/domains/tas2023.online/public_html/app/controllers/Controller.php:85] Preview->render()
Sat, 11 Jan 2025 22:52:51 -0500 [2603:9000:f801:55e2:ccd:cd12:6026:3616] [/home/u991737198/domains/tas2023.online/public_html/lib/base.php:2078] Controller->afterroute()
Sat, 11 Jan 2025 22:52:51 -0500 [2603:9000:f801:55e2:ccd:cd12:6026:3616] [/home/u991737198/domains/tas2023.online/public_html/lib/base.php:1871] Base->call()
Sat, 11 Jan 2025 22:52:51 -0500 [2603:9000:f801:55e2:ccd:cd12:6026:3616] [/home/u991737198/domains/tas2023.online/public_html/index.php:19] Base->run()
Sat, 11 Jan 2025 22:52:55 -0500 [2603:9000:f801:55e2:ccd:cd12:6026:3616] 500: Undefined variable $entity_num trace: [tmp/3hn69l4qoa804.1zo7dt0fljr4w.php:196]
Sat, 11 Jan 2025 22:52:55 -0500 [2603:9000:f801:55e2:ccd:cd12:6026:3616] [tmp/3hn69l4qoa804.1zo7dt0fljr4w.php:196] Base->{closure}()
Sat, 11 Jan 2025 22:52:55 -0500 [2603:9000:f801:55e2:ccd:cd12:6026:3616] [lib/base.php:3036] require('/home/u991737198/domains/tas2023.online/public_html/tmp/3hn69l4qoa804.1zo7dt0fljr4w.php')
Sat, 11 Jan 2025 22:52:55 -0500 [2603:9000:f801:55e2:ccd:cd12:6026:3616] [lib/base.php:3281] View->sandbox()
Sat, 11 Jan 2025 22:52:55 -0500 [2603:9000:f801:55e2:ccd:cd12:6026:3616] [tmp/3hn69l4qoa804.3h31n1yj254w8.php:7] Preview->render()
Sat, 11 Jan 2025 22:52:55 -0500 [2603:9000:f801:55e2:ccd:cd12:6026:3616] [lib/base.php:3036] require('/home/u991737198/domains/tas2023.online/public_html/tmp/3hn69l4qoa804.3h31n1yj254w8.php')
Sat, 11 Jan 2025 22:52:55 -0500 [2603:9000:f801:55e2:ccd:cd12:6026:3616] [lib/base.php:3281] View->sandbox()
Sat, 11 Jan 2025 22:52:55 -0500 [2603:9000:f801:55e2:ccd:cd12:6026:3616] [app/controllers/Controller.php:85] Preview->render()
Sat, 11 Jan 2025 22:52:55 -0500 [2603:9000:f801:55e2:ccd:cd12:6026:3616] [lib/base.php:2078] Controller->afterroute()
Sat, 11 Jan 2025 22:52:55 -0500 [2603:9000:f801:55e2:ccd:cd12:6026:3616] [lib/base.php:1871] Base->call()
Sat, 11 Jan 2025 22:52:55 -0500 [2603:9000:f801:55e2:ccd:cd12:6026:3616] [index.php:19] Base->run()
Sat, 11 Jan 2025 22:52:59 -0500 [2603:9000:f801:55e2:ccd:cd12:6026:3616] 500: Undefined variable $entity_num trace: [tmp/3hn69l4qoa804.1zo7dt0fljr4w.php:196]
Sat, 11 Jan 2025 22:52:59 -0500 [2603:9000:f801:55e2:ccd:cd12:6026:3616] [tmp/3hn69l4qoa804.1zo7dt0fljr4w.php:196] Base->{closure}()
Sat, 11 Jan 2025 22:52:59 -0500 [2603:9000:f801:55e2:ccd:cd12:6026:3616] [lib/base.php:3036] require('/home/u991737198/domains/tas2023.online/public_html/tmp/3hn69l4qoa804.1zo7dt0fljr4w.php')
Sat, 11 Jan 2025 22:52:59 -0500 [2603:9000:f801:55e2:ccd:cd12:6026:3616] [lib/base.php:3281] View->sandbox()
Sat, 11 Jan 2025 22:52:59 -0500 [2603:9000:f801:55e2:ccd:cd12:6026:3616] [tmp/3hn69l4qoa804.3h31n1yj254w8.php:7] Preview->render()
Sat, 11 Jan 2025 22:52:59 -0500 [2603:9000:f801:55e2:ccd:cd12:6026:3616] [lib/base.php:3036] require('/home/u991737198/domains/tas2023.online/public_html/tmp/3hn69l4qoa804.3h31n1yj254w8.php')
Sat, 11 Jan 2025 22:52:59 -0500 [2603:9000:f801:55e2:ccd:cd12:6026:3616] [lib/base.php:3281] View->sandbox()
Sat, 11 Jan 2025 22:52:59 -0500 [2603:9000:f801:55e2:ccd:cd12:6026:3616] [app/controllers/Controller.php:85] Preview->render()
Sat, 11 Jan 2025 22:52:59 -0500 [2603:9000:f801:55e2:ccd:cd12:6026:3616] [lib/base.php:2078] Controller->afterroute()
Sat, 11 Jan 2025 22:52:59 -0500 [2603:9000:f801:55e2:ccd:cd12:6026:3616] [lib/base.php:1871] Base->call()
Sat, 11 Jan 2025 22:52:59 -0500 [2603:9000:f801:55e2:ccd:cd12:6026:3616] [index.php:19] Base->run()
Sat, 11 Jan 2025 22:53:04 -0500 [2603:9000:f801:55e2:ccd:cd12:6026:3616] 500: Undefined variable $selected_note trace: [/home/u991737198/domains/tas2023.online/public_html/tmp/3hn69l4qoa804.3g8shy2588w00.php:307]
Sat, 11 Jan 2025 22:53:04 -0500 [2603:9000:f801:55e2:ccd:cd12:6026:3616] [/home/u991737198/domains/tas2023.online/public_html/tmp/3hn69l4qoa804.3g8shy2588w00.php:307] Base->{closure}()
Sat, 11 Jan 2025 22:53:04 -0500 [2603:9000:f801:55e2:ccd:cd12:6026:3616] [/home/u991737198/domains/tas2023.online/public_html/lib/base.php:3036] require('/home/u991737198/domains/tas2023.online/public_html/tmp/3hn69l4qoa804.3g8shy2588w00.php')
Sat, 11 Jan 2025 22:53:04 -0500 [2603:9000:f801:55e2:ccd:cd12:6026:3616] [/home/u991737198/domains/tas2023.online/public_html/lib/base.php:3281] View->sandbox()
Sat, 11 Jan 2025 22:53:04 -0500 [2603:9000:f801:55e2:ccd:cd12:6026:3616] [/home/u991737198/domains/tas2023.online/public_html/tmp/3hn69l4qoa804.3h31n1yj254w8.php:7] Preview->render()
Sat, 11 Jan 2025 22:53:04 -0500 [2603:9000:f801:55e2:ccd:cd12:6026:3616] [/home/u991737198/domains/tas2023.online/public_html/lib/base.php:3036] require('/home/u991737198/domains/tas2023.online/public_html/tmp/3hn69l4qoa804.3h31n1yj254w8.php')
Sat, 11 Jan 2025 22:53:04 -0500 [2603:9000:f801:55e2:ccd:cd12:6026:3616] [/home/u991737198/domains/tas2023.online/public_html/lib/base.php:3281] View->sandbox()
Sat, 11 Jan 2025 22:53:04 -0500 [2603:9000:f801:55e2:ccd:cd12:6026:3616] [/home/u991737198/domains/tas2023.online/public_html/app/controllers/Controller.php:85] Preview->render()
Sat, 11 Jan 2025 22:53:04 -0500 [2603:9000:f801:55e2:ccd:cd12:6026:3616] [/home/u991737198/domains/tas2023.online/public_html/lib/base.php:2078] Controller->afterroute()
Sat, 11 Jan 2025 22:53:04 -0500 [2603:9000:f801:55e2:ccd:cd12:6026:3616] [/home/u991737198/domains/tas2023.online/public_html/lib/base.php:1871] Base->call()
Sat, 11 Jan 2025 22:53:04 -0500 [2603:9000:f801:55e2:ccd:cd12:6026:3616] [/home/u991737198/domains/tas2023.online/public_html/index.php:19] Base->run()
Sat, 11 Jan 2025 23:34:13 -0500 [2603:9000:f801:55e2:ccd:cd12:6026:3616] 500: Undefined variable $i18n trace: [tmp/3hn69l4qoa804.dkos5pfgx4qw.php:35]
Sat, 11 Jan 2025 23:34:13 -0500 [2603:9000:f801:55e2:ccd:cd12:6026:3616] [tmp/3hn69l4qoa804.dkos5pfgx4qw.php:35] Base->{closure}()
Sat, 11 Jan 2025 23:34:13 -0500 [2603:9000:f801:55e2:ccd:cd12:6026:3616] [lib/base.php:3036] require('/home/u991737198/domains/tas2023.online/public_html/tmp/3hn69l4qoa804.dkos5pfgx4qw.php')
Sat, 11 Jan 2025 23:34:13 -0500 [2603:9000:f801:55e2:ccd:cd12:6026:3616] [lib/base.php:3281] View->sandbox()
Sat, 11 Jan 2025 23:34:13 -0500 [2603:9000:f801:55e2:ccd:cd12:6026:3616] [tmp/3hn69l4qoa804.3h31n1yj254w8.php:7] Preview->render()
Sat, 11 Jan 2025 23:34:13 -0500 [2603:9000:f801:55e2:ccd:cd12:6026:3616] [lib/base.php:3036] require('/home/u991737198/domains/tas2023.online/public_html/tmp/3hn69l4qoa804.3h31n1yj254w8.php')
Sat, 11 Jan 2025 23:34:13 -0500 [2603:9000:f801:55e2:ccd:cd12:6026:3616] [lib/base.php:3281] View->sandbox()
Sat, 11 Jan 2025 23:34:13 -0500 [2603:9000:f801:55e2:ccd:cd12:6026:3616] [app/controllers/Controller.php:85] Preview->render()
Sat, 11 Jan 2025 23:34:13 -0500 [2603:9000:f801:55e2:ccd:cd12:6026:3616] [lib/base.php:2078] Controller->afterroute()
Sat, 11 Jan 2025 23:34:13 -0500 [2603:9000:f801:55e2:ccd:cd12:6026:3616] [lib/base.php:1871] Base->call()
Sat, 11 Jan 2025 23:34:13 -0500 [2603:9000:f801:55e2:ccd:cd12:6026:3616] [index.php:19] Base->run()
Sat, 11 Jan 2025 23:54:29 -0500 [2603:9000:f801:55e2:ccd:cd12:6026:3616] 500: Undefined variable $selected_note trace: [/home/u991737198/domains/tas2023.online/public_html/tmp/3hn69l4qoa804.3g8shy2588w00.php:307]
Sat, 11 Jan 2025 23:54:29 -0500 [2603:9000:f801:55e2:ccd:cd12:6026:3616] [/home/u991737198/domains/tas2023.online/public_html/tmp/3hn69l4qoa804.3g8shy2588w00.php:307] Base->{closure}()
Sat, 11 Jan 2025 23:54:29 -0500 [2603:9000:f801:55e2:ccd:cd12:6026:3616] [/home/u991737198/domains/tas2023.online/public_html/lib/base.php:3036] require('/home/u991737198/domains/tas2023.online/public_html/tmp/3hn69l4qoa804.3g8shy2588w00.php')
Sat, 11 Jan 2025 23:54:29 -0500 [2603:9000:f801:55e2:ccd:cd12:6026:3616] [/home/u991737198/domains/tas2023.online/public_html/lib/base.php:3281] View->sandbox()
Sat, 11 Jan 2025 23:54:29 -0500 [2603:9000:f801:55e2:ccd:cd12:6026:3616] [/home/u991737198/domains/tas2023.online/public_html/tmp/3hn69l4qoa804.3h31n1yj254w8.php:7] Preview->render()
Sat, 11 Jan 2025 23:54:29 -0500 [2603:9000:f801:55e2:ccd:cd12:6026:3616] [/home/u991737198/domains/tas2023.online/public_html/lib/base.php:3036] require('/home/u991737198/domains/tas2023.online/public_html/tmp/3hn69l4qoa804.3h31n1yj254w8.php')
Sat, 11 Jan 2025 23:54:29 -0500 [2603:9000:f801:55e2:ccd:cd12:6026:3616] [/home/u991737198/domains/tas2023.online/public_html/lib/base.php:3281] View->sandbox()
Sat, 11 Jan 2025 23:54:29 -0500 [2603:9000:f801:55e2:ccd:cd12:6026:3616] [/home/u991737198/domains/tas2023.online/public_html/app/controllers/Controller.php:85] Preview->render()
Sat, 11 Jan 2025 23:54:29 -0500 [2603:9000:f801:55e2:ccd:cd12:6026:3616] [/home/u991737198/domains/tas2023.online/public_html/lib/base.php:2078] Controller->afterroute()
Sat, 11 Jan 2025 23:54:29 -0500 [2603:9000:f801:55e2:ccd:cd12:6026:3616] [/home/u991737198/domains/tas2023.online/public_html/lib/base.php:1871] Base->call()
Sat, 11 Jan 2025 23:54:29 -0500 [2603:9000:f801:55e2:ccd:cd12:6026:3616] [/home/u991737198/domains/tas2023.online/public_html/index.php:19] Base->run()
