Sat, 29 Mar 2025 03:25:31 +0000 [2603:9000:f801:55e2:f89a:40a1:2740:280e] 401: HTTP 401 (GET /task/taskDistribution) trace: [/home/u991737198/domains/tas2023.online/public_html/lib/access.php:112] Base->error()
Sat, 29 Mar 2025 03:25:31 +0000 [2603:9000:f801:55e2:f89a:40a1:2740:280e] 401: HTTP 401 (GET /task/taskData) trace: [/home/u991737198/domains/tas2023.online/public_html/lib/access.php:112] Base->error()
Sat, 29 Mar 2025 03:25:31 +0000 [2603:9000:f801:55e2:f89a:40a1:2740:280e] 401: HTTP 401 (GET /task/teamProductivity) trace: [/home/u991737198/domains/tas2023.online/public_html/lib/access.php:112] Base->error()
Sat, 29 Mar 2025 03:25:31 +0000 [2603:9000:f801:55e2:f89a:40a1:2740:280e] 401: HTTP 401 (GET /task/userNotesCount) trace: [/home/u991737198/domains/tas2023.online/public_html/lib/access.php:112] Base->error()
Sat, 29 Mar 2025 03:25:31 +0000 [2603:9000:f801:55e2:f89a:40a1:2740:280e] [/home/u991737198/domains/tas2023.online/public_html/app/controllers/Controller.php:78] Access->authorize()
Sat, 29 Mar 2025 03:25:31 +0000 [2603:9000:f801:55e2:f89a:40a1:2740:280e] [/home/u991737198/domains/tas2023.online/public_html/app/controllers/Controller.php:78] Access->authorize()
Sat, 29 Mar 2025 03:25:31 +0000 [2603:9000:f801:55e2:f89a:40a1:2740:280e] [/home/u991737198/domains/tas2023.online/public_html/app/controllers/Controller.php:78] Access->authorize()
Sat, 29 Mar 2025 03:25:31 +0000 [2603:9000:f801:55e2:f89a:40a1:2740:280e] [/home/u991737198/domains/tas2023.online/public_html/lib/base.php:2069] Controller->beforeroute()
Sat, 29 Mar 2025 03:25:31 +0000 [2603:9000:f801:55e2:f89a:40a1:2740:280e] [/home/u991737198/domains/tas2023.online/public_html/lib/base.php:2069] Controller->beforeroute()
Sat, 29 Mar 2025 03:25:31 +0000 [2603:9000:f801:55e2:f89a:40a1:2740:280e] [/home/u991737198/domains/tas2023.online/public_html/lib/base.php:2069] Controller->beforeroute()
Sat, 29 Mar 2025 03:25:31 +0000 [2603:9000:f801:55e2:f89a:40a1:2740:280e] [/home/u991737198/domains/tas2023.online/public_html/app/controllers/Controller.php:78] Access->authorize()
Sat, 29 Mar 2025 03:25:31 +0000 [2603:9000:f801:55e2:f89a:40a1:2740:280e] [/home/u991737198/domains/tas2023.online/public_html/lib/base.php:1871] Base->call()
Sat, 29 Mar 2025 03:25:31 +0000 [2603:9000:f801:55e2:f89a:40a1:2740:280e] [/home/u991737198/domains/tas2023.online/public_html/lib/base.php:1871] Base->call()
Sat, 29 Mar 2025 03:25:31 +0000 [2603:9000:f801:55e2:f89a:40a1:2740:280e] [/home/u991737198/domains/tas2023.online/public_html/lib/base.php:1871] Base->call()
Sat, 29 Mar 2025 03:25:31 +0000 [2603:9000:f801:55e2:f89a:40a1:2740:280e] [/home/u991737198/domains/tas2023.online/public_html/lib/base.php:2069] Controller->beforeroute()
Sat, 29 Mar 2025 03:25:31 +0000 [2603:9000:f801:55e2:f89a:40a1:2740:280e] [/home/u991737198/domains/tas2023.online/public_html/index.php:19] Base->run()
Sat, 29 Mar 2025 03:25:31 +0000 [2603:9000:f801:55e2:f89a:40a1:2740:280e] [/home/u991737198/domains/tas2023.online/public_html/index.php:19] Base->run()
Sat, 29 Mar 2025 03:25:31 +0000 [2603:9000:f801:55e2:f89a:40a1:2740:280e] [/home/u991737198/domains/tas2023.online/public_html/index.php:19] Base->run()
Sat, 29 Mar 2025 03:25:31 +0000 [2603:9000:f801:55e2:f89a:40a1:2740:280e] [/home/u991737198/domains/tas2023.online/public_html/lib/base.php:1871] Base->call()
Sat, 29 Mar 2025 03:25:31 +0000 [2603:9000:f801:55e2:f89a:40a1:2740:280e] [/home/u991737198/domains/tas2023.online/public_html/index.php:19] Base->run()
