Wed, 21 May 2025 00:31:02 +0000 [2601:300:4b80:1b0:728c:dcc1:baf2:d187] 401: HTTP 401 (GET /task/taskDistribution) trace: [/home/u991737198/domains/tas2023.online/public_html/lib/access.php:112] Base->error()
Wed, 21 May 2025 00:31:02 +0000 [2601:300:4b80:1b0:728c:dcc1:baf2:d187] 401: HTTP 401 (GET /task/taskData) trace: [/home/u991737198/domains/tas2023.online/public_html/lib/access.php:112] Base->error()
Wed, 21 May 2025 00:31:02 +0000 [2601:300:4b80:1b0:728c:dcc1:baf2:d187] 401: HTTP 401 (GET /task/userNotesCount) trace: [/home/u991737198/domains/tas2023.online/public_html/lib/access.php:112] Base->error()
Wed, 21 May 2025 00:31:02 +0000 [2601:300:4b80:1b0:728c:dcc1:baf2:d187] [/home/u991737198/domains/tas2023.online/public_html/app/controllers/Controller.php:78] Access->authorize()
Wed, 21 May 2025 00:31:02 +0000 [2601:300:4b80:1b0:728c:dcc1:baf2:d187] [/home/u991737198/domains/tas2023.online/public_html/app/controllers/Controller.php:78] Access->authorize()
Wed, 21 May 2025 00:31:02 +0000 [2601:300:4b80:1b0:728c:dcc1:baf2:d187] [/home/u991737198/domains/tas2023.online/public_html/lib/base.php:2069] Controller->beforeroute()
Wed, 21 May 2025 00:31:02 +0000 [2601:300:4b80:1b0:728c:dcc1:baf2:d187] [/home/u991737198/domains/tas2023.online/public_html/app/controllers/Controller.php:78] Access->authorize()
Wed, 21 May 2025 00:31:02 +0000 [2601:300:4b80:1b0:728c:dcc1:baf2:d187] [/home/u991737198/domains/tas2023.online/public_html/lib/base.php:1871] Base->call()
Wed, 21 May 2025 00:31:02 +0000 [2601:300:4b80:1b0:728c:dcc1:baf2:d187] [/home/u991737198/domains/tas2023.online/public_html/lib/base.php:2069] Controller->beforeroute()
Wed, 21 May 2025 00:31:02 +0000 [2601:300:4b80:1b0:728c:dcc1:baf2:d187] [/home/u991737198/domains/tas2023.online/public_html/lib/base.php:2069] Controller->beforeroute()
Wed, 21 May 2025 00:31:02 +0000 [2601:300:4b80:1b0:728c:dcc1:baf2:d187] [/home/u991737198/domains/tas2023.online/public_html/lib/base.php:1871] Base->call()
Wed, 21 May 2025 00:31:02 +0000 [2601:300:4b80:1b0:728c:dcc1:baf2:d187] [/home/u991737198/domains/tas2023.online/public_html/index.php:19] Base->run()
Wed, 21 May 2025 00:31:02 +0000 [2601:300:4b80:1b0:728c:dcc1:baf2:d187] 401: HTTP 401 (GET /task/teamProductivity) trace: [/home/u991737198/domains/tas2023.online/public_html/lib/access.php:112] Base->error()
Wed, 21 May 2025 00:31:02 +0000 [2601:300:4b80:1b0:728c:dcc1:baf2:d187] [/home/u991737198/domains/tas2023.online/public_html/index.php:19] Base->run()
Wed, 21 May 2025 00:31:02 +0000 [2601:300:4b80:1b0:728c:dcc1:baf2:d187] [/home/u991737198/domains/tas2023.online/public_html/app/controllers/Controller.php:78] Access->authorize()
Wed, 21 May 2025 00:31:02 +0000 [2601:300:4b80:1b0:728c:dcc1:baf2:d187] [/home/u991737198/domains/tas2023.online/public_html/lib/base.php:2069] Controller->beforeroute()
Wed, 21 May 2025 00:31:02 +0000 [2601:300:4b80:1b0:728c:dcc1:baf2:d187] [/home/u991737198/domains/tas2023.online/public_html/lib/base.php:1871] Base->call()
Wed, 21 May 2025 00:31:02 +0000 [2601:300:4b80:1b0:728c:dcc1:baf2:d187] [/home/u991737198/domains/tas2023.online/public_html/index.php:19] Base->run()
Wed, 21 May 2025 00:31:02 +0000 [2601:300:4b80:1b0:728c:dcc1:baf2:d187] [/home/u991737198/domains/tas2023.online/public_html/lib/base.php:1871] Base->call()
Wed, 21 May 2025 00:31:02 +0000 [2601:300:4b80:1b0:728c:dcc1:baf2:d187] [/home/u991737198/domains/tas2023.online/public_html/index.php:19] Base->run()
Wed, 21 May 2025 00:36:04 +0000 [2601:300:4b80:1b0:728c:dcc1:baf2:d187] 500: Undefined variable $q trace: [tmp/3hn69l4qoa804.1zo7dt0fljr4w.php:148]
Wed, 21 May 2025 00:36:04 +0000 [2601:300:4b80:1b0:728c:dcc1:baf2:d187] [tmp/3hn69l4qoa804.1zo7dt0fljr4w.php:148] Base->{closure}()
Wed, 21 May 2025 00:36:04 +0000 [2601:300:4b80:1b0:728c:dcc1:baf2:d187] [lib/base.php:3036] require('/home/u991737198/domains/tas2023.online/public_html/tmp/3hn69l4qoa804.1zo7dt0fljr4w.php')
Wed, 21 May 2025 00:36:04 +0000 [2601:300:4b80:1b0:728c:dcc1:baf2:d187] [lib/base.php:3281] View->sandbox()
Wed, 21 May 2025 00:36:04 +0000 [2601:300:4b80:1b0:728c:dcc1:baf2:d187] [tmp/3hn69l4qoa804.3cndbbhzhn8ko.php:19] Preview->render()
Wed, 21 May 2025 00:36:04 +0000 [2601:300:4b80:1b0:728c:dcc1:baf2:d187] [lib/base.php:3036] require('/home/u991737198/domains/tas2023.online/public_html/tmp/3hn69l4qoa804.3cndbbhzhn8ko.php')
Wed, 21 May 2025 00:36:04 +0000 [2601:300:4b80:1b0:728c:dcc1:baf2:d187] [lib/base.php:3281] View->sandbox()
Wed, 21 May 2025 00:36:04 +0000 [2601:300:4b80:1b0:728c:dcc1:baf2:d187] [app/controllers/Controller.php:90] Preview->render()
Wed, 21 May 2025 00:36:04 +0000 [2601:300:4b80:1b0:728c:dcc1:baf2:d187] [lib/base.php:2078] Controller->afterroute()
Wed, 21 May 2025 00:36:04 +0000 [2601:300:4b80:1b0:728c:dcc1:baf2:d187] [lib/base.php:1871] Base->call()
Wed, 21 May 2025 00:36:04 +0000 [2601:300:4b80:1b0:728c:dcc1:baf2:d187] [index.php:19] Base->run()
Wed, 21 May 2025 00:36:05 +0000 [2601:300:4b80:1b0:728c:dcc1:baf2:d187] 401: HTTP 401 (GET /task/taskDistribution) trace: [/home/u991737198/domains/tas2023.online/public_html/lib/access.php:112] Base->error()
Wed, 21 May 2025 00:36:05 +0000 [2601:300:4b80:1b0:728c:dcc1:baf2:d187] [/home/u991737198/domains/tas2023.online/public_html/app/controllers/Controller.php:78] Access->authorize()
Wed, 21 May 2025 00:36:05 +0000 [2601:300:4b80:1b0:728c:dcc1:baf2:d187] [/home/u991737198/domains/tas2023.online/public_html/lib/base.php:2069] Controller->beforeroute()
Wed, 21 May 2025 00:36:05 +0000 [2601:300:4b80:1b0:728c:dcc1:baf2:d187] 401: HTTP 401 (GET /task/teamProductivity) trace: [/home/u991737198/domains/tas2023.online/public_html/lib/access.php:112] Base->error()
Wed, 21 May 2025 00:36:05 +0000 [2601:300:4b80:1b0:728c:dcc1:baf2:d187] [/home/u991737198/domains/tas2023.online/public_html/lib/base.php:1871] Base->call()
Wed, 21 May 2025 00:36:05 +0000 [2601:300:4b80:1b0:728c:dcc1:baf2:d187] [/home/u991737198/domains/tas2023.online/public_html/app/controllers/Controller.php:78] Access->authorize()
Wed, 21 May 2025 00:36:05 +0000 [2601:300:4b80:1b0:728c:dcc1:baf2:d187] [/home/u991737198/domains/tas2023.online/public_html/index.php:19] Base->run()
Wed, 21 May 2025 00:36:05 +0000 [2601:300:4b80:1b0:728c:dcc1:baf2:d187] [/home/u991737198/domains/tas2023.online/public_html/lib/base.php:2069] Controller->beforeroute()
Wed, 21 May 2025 00:36:05 +0000 [2601:300:4b80:1b0:728c:dcc1:baf2:d187] [/home/u991737198/domains/tas2023.online/public_html/lib/base.php:1871] Base->call()
Wed, 21 May 2025 00:36:05 +0000 [2601:300:4b80:1b0:728c:dcc1:baf2:d187] [/home/u991737198/domains/tas2023.online/public_html/index.php:19] Base->run()
Wed, 21 May 2025 00:36:05 +0000 [2601:300:4b80:1b0:728c:dcc1:baf2:d187] 401: HTTP 401 (GET /task/userNotesCount) trace: [/home/u991737198/domains/tas2023.online/public_html/lib/access.php:112] Base->error()
Wed, 21 May 2025 00:36:05 +0000 [2601:300:4b80:1b0:728c:dcc1:baf2:d187] [/home/u991737198/domains/tas2023.online/public_html/app/controllers/Controller.php:78] Access->authorize()
Wed, 21 May 2025 00:36:05 +0000 [2601:300:4b80:1b0:728c:dcc1:baf2:d187] [/home/u991737198/domains/tas2023.online/public_html/lib/base.php:2069] Controller->beforeroute()
Wed, 21 May 2025 00:36:05 +0000 [2601:300:4b80:1b0:728c:dcc1:baf2:d187] [/home/u991737198/domains/tas2023.online/public_html/lib/base.php:1871] Base->call()
Wed, 21 May 2025 00:36:05 +0000 [2601:300:4b80:1b0:728c:dcc1:baf2:d187] [/home/u991737198/domains/tas2023.online/public_html/index.php:19] Base->run()
Wed, 21 May 2025 00:36:05 +0000 [2601:300:4b80:1b0:728c:dcc1:baf2:d187] 401: HTTP 401 (GET /task/taskData) trace: [/home/u991737198/domains/tas2023.online/public_html/lib/access.php:112] Base->error()
Wed, 21 May 2025 00:36:05 +0000 [2601:300:4b80:1b0:728c:dcc1:baf2:d187] [/home/u991737198/domains/tas2023.online/public_html/app/controllers/Controller.php:78] Access->authorize()
Wed, 21 May 2025 00:36:05 +0000 [2601:300:4b80:1b0:728c:dcc1:baf2:d187] [/home/u991737198/domains/tas2023.online/public_html/lib/base.php:2069] Controller->beforeroute()
Wed, 21 May 2025 00:36:05 +0000 [2601:300:4b80:1b0:728c:dcc1:baf2:d187] [/home/u991737198/domains/tas2023.online/public_html/lib/base.php:1871] Base->call()
Wed, 21 May 2025 00:36:05 +0000 [2601:300:4b80:1b0:728c:dcc1:baf2:d187] [/home/u991737198/domains/tas2023.online/public_html/index.php:19] Base->run()
Wed, 21 May 2025 00:36:07 +0000 [2601:300:4b80:1b0:728c:dcc1:baf2:d187] 500: Undefined variable $q trace: [tmp/3hn69l4qoa804.1zo7dt0fljr4w.php:148]
Wed, 21 May 2025 00:36:07 +0000 [2601:300:4b80:1b0:728c:dcc1:baf2:d187] [tmp/3hn69l4qoa804.1zo7dt0fljr4w.php:148] Base->{closure}()
Wed, 21 May 2025 00:36:07 +0000 [2601:300:4b80:1b0:728c:dcc1:baf2:d187] [lib/base.php:3036] require('/home/u991737198/domains/tas2023.online/public_html/tmp/3hn69l4qoa804.1zo7dt0fljr4w.php')
Wed, 21 May 2025 00:36:07 +0000 [2601:300:4b80:1b0:728c:dcc1:baf2:d187] [lib/base.php:3281] View->sandbox()
Wed, 21 May 2025 00:36:07 +0000 [2601:300:4b80:1b0:728c:dcc1:baf2:d187] [tmp/3hn69l4qoa804.3cndbbhzhn8ko.php:19] Preview->render()
Wed, 21 May 2025 00:36:07 +0000 [2601:300:4b80:1b0:728c:dcc1:baf2:d187] [lib/base.php:3036] require('/home/u991737198/domains/tas2023.online/public_html/tmp/3hn69l4qoa804.3cndbbhzhn8ko.php')
Wed, 21 May 2025 00:36:07 +0000 [2601:300:4b80:1b0:728c:dcc1:baf2:d187] [lib/base.php:3281] View->sandbox()
Wed, 21 May 2025 00:36:07 +0000 [2601:300:4b80:1b0:728c:dcc1:baf2:d187] [app/controllers/Controller.php:90] Preview->render()
Wed, 21 May 2025 00:36:07 +0000 [2601:300:4b80:1b0:728c:dcc1:baf2:d187] [lib/base.php:2078] Controller->afterroute()
Wed, 21 May 2025 00:36:07 +0000 [2601:300:4b80:1b0:728c:dcc1:baf2:d187] [lib/base.php:1871] Base->call()
Wed, 21 May 2025 00:36:07 +0000 [2601:300:4b80:1b0:728c:dcc1:baf2:d187] [index.php:19] Base->run()
Wed, 21 May 2025 00:36:07 +0000 [2601:300:4b80:1b0:728c:dcc1:baf2:d187] 401: HTTP 401 (GET /task/userNotesCount) trace: [/home/u991737198/domains/tas2023.online/public_html/lib/access.php:112] Base->error()
Wed, 21 May 2025 00:36:07 +0000 [2601:300:4b80:1b0:728c:dcc1:baf2:d187] [/home/u991737198/domains/tas2023.online/public_html/app/controllers/Controller.php:78] Access->authorize()
Wed, 21 May 2025 00:36:07 +0000 [2601:300:4b80:1b0:728c:dcc1:baf2:d187] 401: HTTP 401 (GET /task/taskDistribution) trace: [/home/u991737198/domains/tas2023.online/public_html/lib/access.php:112] Base->error()
Wed, 21 May 2025 00:36:07 +0000 [2601:300:4b80:1b0:728c:dcc1:baf2:d187] [/home/u991737198/domains/tas2023.online/public_html/lib/base.php:2069] Controller->beforeroute()
Wed, 21 May 2025 00:36:07 +0000 [2601:300:4b80:1b0:728c:dcc1:baf2:d187] [/home/u991737198/domains/tas2023.online/public_html/app/controllers/Controller.php:78] Access->authorize()
Wed, 21 May 2025 00:36:07 +0000 [2601:300:4b80:1b0:728c:dcc1:baf2:d187] [/home/u991737198/domains/tas2023.online/public_html/lib/base.php:1871] Base->call()
Wed, 21 May 2025 00:36:07 +0000 [2601:300:4b80:1b0:728c:dcc1:baf2:d187] [/home/u991737198/domains/tas2023.online/public_html/lib/base.php:2069] Controller->beforeroute()
Wed, 21 May 2025 00:36:07 +0000 [2601:300:4b80:1b0:728c:dcc1:baf2:d187] [/home/u991737198/domains/tas2023.online/public_html/index.php:19] Base->run()
Wed, 21 May 2025 00:36:07 +0000 [2601:300:4b80:1b0:728c:dcc1:baf2:d187] 401: HTTP 401 (GET /task/taskData) trace: [/home/u991737198/domains/tas2023.online/public_html/lib/access.php:112] Base->error()
Wed, 21 May 2025 00:36:07 +0000 [2601:300:4b80:1b0:728c:dcc1:baf2:d187] [/home/u991737198/domains/tas2023.online/public_html/lib/base.php:1871] Base->call()
Wed, 21 May 2025 00:36:07 +0000 [2601:300:4b80:1b0:728c:dcc1:baf2:d187] [/home/u991737198/domains/tas2023.online/public_html/app/controllers/Controller.php:78] Access->authorize()
Wed, 21 May 2025 00:36:07 +0000 [2601:300:4b80:1b0:728c:dcc1:baf2:d187] [/home/u991737198/domains/tas2023.online/public_html/index.php:19] Base->run()
Wed, 21 May 2025 00:36:07 +0000 [2601:300:4b80:1b0:728c:dcc1:baf2:d187] [/home/u991737198/domains/tas2023.online/public_html/lib/base.php:2069] Controller->beforeroute()
Wed, 21 May 2025 00:36:07 +0000 [2601:300:4b80:1b0:728c:dcc1:baf2:d187] [/home/u991737198/domains/tas2023.online/public_html/lib/base.php:1871] Base->call()
Wed, 21 May 2025 00:36:07 +0000 [2601:300:4b80:1b0:728c:dcc1:baf2:d187] [/home/u991737198/domains/tas2023.online/public_html/index.php:19] Base->run()
Wed, 21 May 2025 00:36:07 +0000 [2601:300:4b80:1b0:728c:dcc1:baf2:d187] 401: HTTP 401 (GET /task/teamProductivity) trace: [/home/u991737198/domains/tas2023.online/public_html/lib/access.php:112] Base->error()
Wed, 21 May 2025 00:36:07 +0000 [2601:300:4b80:1b0:728c:dcc1:baf2:d187] [/home/u991737198/domains/tas2023.online/public_html/app/controllers/Controller.php:78] Access->authorize()
Wed, 21 May 2025 00:36:07 +0000 [2601:300:4b80:1b0:728c:dcc1:baf2:d187] [/home/u991737198/domains/tas2023.online/public_html/lib/base.php:2069] Controller->beforeroute()
Wed, 21 May 2025 00:36:07 +0000 [2601:300:4b80:1b0:728c:dcc1:baf2:d187] [/home/u991737198/domains/tas2023.online/public_html/lib/base.php:1871] Base->call()
Wed, 21 May 2025 00:36:07 +0000 [2601:300:4b80:1b0:728c:dcc1:baf2:d187] [/home/u991737198/domains/tas2023.online/public_html/index.php:19] Base->run()
Wed, 21 May 2025 00:36:10 +0000 [2601:300:4b80:1b0:728c:dcc1:baf2:d187] 401: HTTP 401 (GET /task/listtasks) trace: [/home/u991737198/domains/tas2023.online/public_html/lib/access.php:112] Base->error()
Wed, 21 May 2025 00:36:10 +0000 [2601:300:4b80:1b0:728c:dcc1:baf2:d187] [/home/u991737198/domains/tas2023.online/public_html/app/controllers/Controller.php:78] Access->authorize()
Wed, 21 May 2025 00:36:10 +0000 [2601:300:4b80:1b0:728c:dcc1:baf2:d187] [/home/u991737198/domains/tas2023.online/public_html/lib/base.php:2069] Controller->beforeroute()
Wed, 21 May 2025 00:36:10 +0000 [2601:300:4b80:1b0:728c:dcc1:baf2:d187] [/home/u991737198/domains/tas2023.online/public_html/lib/base.php:1871] Base->call()
Wed, 21 May 2025 00:36:10 +0000 [2601:300:4b80:1b0:728c:dcc1:baf2:d187] [/home/u991737198/domains/tas2023.online/public_html/index.php:19] Base->run()
Wed, 21 May 2025 00:36:26 +0000 [2601:300:4b80:1b0:728c:dcc1:baf2:d187] 500: Undefined variable $entity_num trace: [tmp/3hn69l4qoa804.1zo7dt0fljr4w.php:200]
Wed, 21 May 2025 00:36:26 +0000 [2601:300:4b80:1b0:728c:dcc1:baf2:d187] [tmp/3hn69l4qoa804.1zo7dt0fljr4w.php:200] Base->{closure}()
Wed, 21 May 2025 00:36:26 +0000 [2601:300:4b80:1b0:728c:dcc1:baf2:d187] [lib/base.php:3036] require('/home/u991737198/domains/tas2023.online/public_html/tmp/3hn69l4qoa804.1zo7dt0fljr4w.php')
Wed, 21 May 2025 00:36:26 +0000 [2601:300:4b80:1b0:728c:dcc1:baf2:d187] [lib/base.php:3281] View->sandbox()
Wed, 21 May 2025 00:36:26 +0000 [2601:300:4b80:1b0:728c:dcc1:baf2:d187] [tmp/3hn69l4qoa804.3h31n1yj254w8.php:7] Preview->render()
Wed, 21 May 2025 00:36:26 +0000 [2601:300:4b80:1b0:728c:dcc1:baf2:d187] [lib/base.php:3036] require('/home/u991737198/domains/tas2023.online/public_html/tmp/3hn69l4qoa804.3h31n1yj254w8.php')
Wed, 21 May 2025 00:36:26 +0000 [2601:300:4b80:1b0:728c:dcc1:baf2:d187] [lib/base.php:3281] View->sandbox()
Wed, 21 May 2025 00:36:26 +0000 [2601:300:4b80:1b0:728c:dcc1:baf2:d187] [app/controllers/Controller.php:87] Preview->render()
Wed, 21 May 2025 00:36:26 +0000 [2601:300:4b80:1b0:728c:dcc1:baf2:d187] [lib/base.php:2078] Controller->afterroute()
Wed, 21 May 2025 00:36:26 +0000 [2601:300:4b80:1b0:728c:dcc1:baf2:d187] [lib/base.php:1871] Base->call()
Wed, 21 May 2025 00:36:26 +0000 [2601:300:4b80:1b0:728c:dcc1:baf2:d187] [index.php:19] Base->run()
Wed, 21 May 2025 00:37:12 +0000 [2601:300:4b80:1b0:728c:dcc1:baf2:d187] 500: Undefined variable $token trace: [tmp/3hn69l4qoa804.2r4f9cgm96ecs.php:226]
Wed, 21 May 2025 00:37:12 +0000 [2601:300:4b80:1b0:728c:dcc1:baf2:d187] [tmp/3hn69l4qoa804.2r4f9cgm96ecs.php:226] Base->{closure}()
Wed, 21 May 2025 00:37:12 +0000 [2601:300:4b80:1b0:728c:dcc1:baf2:d187] [lib/base.php:3036] require('/home/u991737198/domains/tas2023.online/public_html/tmp/3hn69l4qoa804.2r4f9cgm96ecs.php')
Wed, 21 May 2025 00:37:12 +0000 [2601:300:4b80:1b0:728c:dcc1:baf2:d187] [lib/base.php:3281] View->sandbox()
Wed, 21 May 2025 00:37:12 +0000 [2601:300:4b80:1b0:728c:dcc1:baf2:d187] [tmp/3hn69l4qoa804.3h31n1yj254w8.php:7] Preview->render()
Wed, 21 May 2025 00:37:12 +0000 [2601:300:4b80:1b0:728c:dcc1:baf2:d187] [lib/base.php:3036] require('/home/u991737198/domains/tas2023.online/public_html/tmp/3hn69l4qoa804.3h31n1yj254w8.php')
Wed, 21 May 2025 00:37:12 +0000 [2601:300:4b80:1b0:728c:dcc1:baf2:d187] [lib/base.php:3281] View->sandbox()
Wed, 21 May 2025 00:37:12 +0000 [2601:300:4b80:1b0:728c:dcc1:baf2:d187] [app/controllers/Controller.php:87] Preview->render()
Wed, 21 May 2025 00:37:12 +0000 [2601:300:4b80:1b0:728c:dcc1:baf2:d187] [lib/base.php:2078] Controller->afterroute()
Wed, 21 May 2025 00:37:12 +0000 [2601:300:4b80:1b0:728c:dcc1:baf2:d187] [lib/base.php:1871] Base->call()
Wed, 21 May 2025 00:37:12 +0000 [2601:300:4b80:1b0:728c:dcc1:baf2:d187] [index.php:19] Base->run()
Wed, 21 May 2025 00:37:47 +0000 [2601:300:4b80:1b0:728c:dcc1:baf2:d187] 500: Undefined variable $modal trace: [tmp/3hn69l4qoa804.s6y49d7myqde.php:84]
Wed, 21 May 2025 00:37:47 +0000 [2601:300:4b80:1b0:728c:dcc1:baf2:d187] [tmp/3hn69l4qoa804.s6y49d7myqde.php:84] Base->{closure}()
Wed, 21 May 2025 00:37:47 +0000 [2601:300:4b80:1b0:728c:dcc1:baf2:d187] [lib/base.php:3036] require('/home/u991737198/domains/tas2023.online/public_html/tmp/3hn69l4qoa804.s6y49d7myqde.php')
Wed, 21 May 2025 00:37:47 +0000 [2601:300:4b80:1b0:728c:dcc1:baf2:d187] [lib/base.php:3281] View->sandbox()
Wed, 21 May 2025 00:37:47 +0000 [2601:300:4b80:1b0:728c:dcc1:baf2:d187] [tmp/3hn69l4qoa804.3h31n1yj254w8.php:7] Preview->render()
Wed, 21 May 2025 00:37:47 +0000 [2601:300:4b80:1b0:728c:dcc1:baf2:d187] [lib/base.php:3036] require('/home/u991737198/domains/tas2023.online/public_html/tmp/3hn69l4qoa804.3h31n1yj254w8.php')
Wed, 21 May 2025 00:37:47 +0000 [2601:300:4b80:1b0:728c:dcc1:baf2:d187] [lib/base.php:3281] View->sandbox()
Wed, 21 May 2025 00:37:47 +0000 [2601:300:4b80:1b0:728c:dcc1:baf2:d187] [app/controllers/Controller.php:87] Preview->render()
Wed, 21 May 2025 00:37:47 +0000 [2601:300:4b80:1b0:728c:dcc1:baf2:d187] [lib/base.php:2078] Controller->afterroute()
Wed, 21 May 2025 00:37:47 +0000 [2601:300:4b80:1b0:728c:dcc1:baf2:d187] [lib/base.php:1871] Base->call()
Wed, 21 May 2025 00:37:47 +0000 [2601:300:4b80:1b0:728c:dcc1:baf2:d187] [index.php:19] Base->run()
Wed, 21 May 2025 00:38:18 +0000 [2601:300:4b80:1b0:728c:dcc1:baf2:d187] 500: Undefined variable $token trace: [tmp/3hn69l4qoa804.2r4f9cgm96ecs.php:226]
Wed, 21 May 2025 00:38:18 +0000 [2601:300:4b80:1b0:728c:dcc1:baf2:d187] [tmp/3hn69l4qoa804.2r4f9cgm96ecs.php:226] Base->{closure}()
Wed, 21 May 2025 00:38:18 +0000 [2601:300:4b80:1b0:728c:dcc1:baf2:d187] [lib/base.php:3036] require('/home/u991737198/domains/tas2023.online/public_html/tmp/3hn69l4qoa804.2r4f9cgm96ecs.php')
Wed, 21 May 2025 00:38:18 +0000 [2601:300:4b80:1b0:728c:dcc1:baf2:d187] [lib/base.php:3281] View->sandbox()
Wed, 21 May 2025 00:38:18 +0000 [2601:300:4b80:1b0:728c:dcc1:baf2:d187] [tmp/3hn69l4qoa804.3h31n1yj254w8.php:7] Preview->render()
Wed, 21 May 2025 00:38:18 +0000 [2601:300:4b80:1b0:728c:dcc1:baf2:d187] [lib/base.php:3036] require('/home/u991737198/domains/tas2023.online/public_html/tmp/3hn69l4qoa804.3h31n1yj254w8.php')
Wed, 21 May 2025 00:38:18 +0000 [2601:300:4b80:1b0:728c:dcc1:baf2:d187] [lib/base.php:3281] View->sandbox()
Wed, 21 May 2025 00:38:18 +0000 [2601:300:4b80:1b0:728c:dcc1:baf2:d187] [app/controllers/Controller.php:87] Preview->render()
Wed, 21 May 2025 00:38:18 +0000 [2601:300:4b80:1b0:728c:dcc1:baf2:d187] [lib/base.php:2078] Controller->afterroute()
Wed, 21 May 2025 00:38:18 +0000 [2601:300:4b80:1b0:728c:dcc1:baf2:d187] [lib/base.php:1871] Base->call()
Wed, 21 May 2025 00:38:18 +0000 [2601:300:4b80:1b0:728c:dcc1:baf2:d187] [index.php:19] Base->run()
Wed, 21 May 2025 00:42:09 +0000 [2601:300:4b80:1b0:728c:dcc1:baf2:d187] 500: Undefined variable $selected_note trace: [/home/u991737198/domains/tas2023.online/public_html/tmp/3hn69l4qoa804.3g8shy2588w00.php:385]
Wed, 21 May 2025 00:42:09 +0000 [2601:300:4b80:1b0:728c:dcc1:baf2:d187] [/home/u991737198/domains/tas2023.online/public_html/tmp/3hn69l4qoa804.3g8shy2588w00.php:385] Base->{closure}()
Wed, 21 May 2025 00:42:09 +0000 [2601:300:4b80:1b0:728c:dcc1:baf2:d187] [/home/u991737198/domains/tas2023.online/public_html/lib/base.php:3036] require('/home/u991737198/domains/tas2023.online/public_html/tmp/3hn69l4qoa804.3g8shy2588w00.php')
Wed, 21 May 2025 00:42:09 +0000 [2601:300:4b80:1b0:728c:dcc1:baf2:d187] [/home/u991737198/domains/tas2023.online/public_html/lib/base.php:3281] View->sandbox()
Wed, 21 May 2025 00:42:09 +0000 [2601:300:4b80:1b0:728c:dcc1:baf2:d187] [/home/u991737198/domains/tas2023.online/public_html/tmp/3hn69l4qoa804.3h31n1yj254w8.php:7] Preview->render()
Wed, 21 May 2025 00:42:09 +0000 [2601:300:4b80:1b0:728c:dcc1:baf2:d187] [/home/u991737198/domains/tas2023.online/public_html/lib/base.php:3036] require('/home/u991737198/domains/tas2023.online/public_html/tmp/3hn69l4qoa804.3h31n1yj254w8.php')
Wed, 21 May 2025 00:42:09 +0000 [2601:300:4b80:1b0:728c:dcc1:baf2:d187] [/home/u991737198/domains/tas2023.online/public_html/lib/base.php:3281] View->sandbox()
Wed, 21 May 2025 00:42:09 +0000 [2601:300:4b80:1b0:728c:dcc1:baf2:d187] [/home/u991737198/domains/tas2023.online/public_html/app/controllers/Controller.php:87] Preview->render()
Wed, 21 May 2025 00:42:09 +0000 [2601:300:4b80:1b0:728c:dcc1:baf2:d187] [/home/u991737198/domains/tas2023.online/public_html/lib/base.php:2078] Controller->afterroute()
Wed, 21 May 2025 00:42:09 +0000 [2601:300:4b80:1b0:728c:dcc1:baf2:d187] [/home/u991737198/domains/tas2023.online/public_html/lib/base.php:1871] Base->call()
Wed, 21 May 2025 00:42:09 +0000 [2601:300:4b80:1b0:728c:dcc1:baf2:d187] [/home/u991737198/domains/tas2023.online/public_html/index.php:19] Base->run()
Wed, 21 May 2025 00:42:57 +0000 [2601:300:4b80:1b0:728c:dcc1:baf2:d187] 500: Undefined variable $entity_num trace: [tmp/3hn69l4qoa804.1zo7dt0fljr4w.php:200]
Wed, 21 May 2025 00:42:57 +0000 [2601:300:4b80:1b0:728c:dcc1:baf2:d187] [tmp/3hn69l4qoa804.1zo7dt0fljr4w.php:200] Base->{closure}()
Wed, 21 May 2025 00:42:57 +0000 [2601:300:4b80:1b0:728c:dcc1:baf2:d187] [lib/base.php:3036] require('/home/u991737198/domains/tas2023.online/public_html/tmp/3hn69l4qoa804.1zo7dt0fljr4w.php')
Wed, 21 May 2025 00:42:57 +0000 [2601:300:4b80:1b0:728c:dcc1:baf2:d187] [lib/base.php:3281] View->sandbox()
Wed, 21 May 2025 00:42:57 +0000 [2601:300:4b80:1b0:728c:dcc1:baf2:d187] [tmp/3hn69l4qoa804.3h31n1yj254w8.php:7] Preview->render()
Wed, 21 May 2025 00:42:57 +0000 [2601:300:4b80:1b0:728c:dcc1:baf2:d187] [lib/base.php:3036] require('/home/u991737198/domains/tas2023.online/public_html/tmp/3hn69l4qoa804.3h31n1yj254w8.php')
Wed, 21 May 2025 00:42:57 +0000 [2601:300:4b80:1b0:728c:dcc1:baf2:d187] [lib/base.php:3281] View->sandbox()
Wed, 21 May 2025 00:42:57 +0000 [2601:300:4b80:1b0:728c:dcc1:baf2:d187] [app/controllers/Controller.php:87] Preview->render()
Wed, 21 May 2025 00:42:57 +0000 [2601:300:4b80:1b0:728c:dcc1:baf2:d187] [lib/base.php:2078] Controller->afterroute()
Wed, 21 May 2025 00:42:57 +0000 [2601:300:4b80:1b0:728c:dcc1:baf2:d187] [lib/base.php:1871] Base->call()
Wed, 21 May 2025 00:42:57 +0000 [2601:300:4b80:1b0:728c:dcc1:baf2:d187] [index.php:19] Base->run()
Wed, 21 May 2025 00:43:12 +0000 [2601:300:4b80:1b0:728c:dcc1:baf2:d187] 500: Undefined variable $entity_num trace: [tmp/3hn69l4qoa804.1zo7dt0fljr4w.php:200]
Wed, 21 May 2025 00:43:12 +0000 [2601:300:4b80:1b0:728c:dcc1:baf2:d187] [tmp/3hn69l4qoa804.1zo7dt0fljr4w.php:200] Base->{closure}()
Wed, 21 May 2025 00:43:12 +0000 [2601:300:4b80:1b0:728c:dcc1:baf2:d187] [lib/base.php:3036] require('/home/u991737198/domains/tas2023.online/public_html/tmp/3hn69l4qoa804.1zo7dt0fljr4w.php')
Wed, 21 May 2025 00:43:12 +0000 [2601:300:4b80:1b0:728c:dcc1:baf2:d187] [lib/base.php:3281] View->sandbox()
Wed, 21 May 2025 00:43:12 +0000 [2601:300:4b80:1b0:728c:dcc1:baf2:d187] [tmp/3hn69l4qoa804.3h31n1yj254w8.php:7] Preview->render()
Wed, 21 May 2025 00:43:12 +0000 [2601:300:4b80:1b0:728c:dcc1:baf2:d187] [lib/base.php:3036] require('/home/u991737198/domains/tas2023.online/public_html/tmp/3hn69l4qoa804.3h31n1yj254w8.php')
Wed, 21 May 2025 00:43:12 +0000 [2601:300:4b80:1b0:728c:dcc1:baf2:d187] [lib/base.php:3281] View->sandbox()
Wed, 21 May 2025 00:43:12 +0000 [2601:300:4b80:1b0:728c:dcc1:baf2:d187] [app/controllers/Controller.php:87] Preview->render()
Wed, 21 May 2025 00:43:12 +0000 [2601:300:4b80:1b0:728c:dcc1:baf2:d187] [lib/base.php:2078] Controller->afterroute()
Wed, 21 May 2025 00:43:12 +0000 [2601:300:4b80:1b0:728c:dcc1:baf2:d187] [lib/base.php:1871] Base->call()
Wed, 21 May 2025 00:43:12 +0000 [2601:300:4b80:1b0:728c:dcc1:baf2:d187] [index.php:19] Base->run()
Wed, 21 May 2025 00:43:41 +0000 [2601:300:4b80:1b0:728c:dcc1:baf2:d187] 500: Undefined variable $selected_note trace: [/home/u991737198/domains/tas2023.online/public_html/tmp/3hn69l4qoa804.3g8shy2588w00.php:385]
Wed, 21 May 2025 00:43:41 +0000 [2601:300:4b80:1b0:728c:dcc1:baf2:d187] [/home/u991737198/domains/tas2023.online/public_html/tmp/3hn69l4qoa804.3g8shy2588w00.php:385] Base->{closure}()
Wed, 21 May 2025 00:43:41 +0000 [2601:300:4b80:1b0:728c:dcc1:baf2:d187] [/home/u991737198/domains/tas2023.online/public_html/lib/base.php:3036] require('/home/u991737198/domains/tas2023.online/public_html/tmp/3hn69l4qoa804.3g8shy2588w00.php')
Wed, 21 May 2025 00:43:41 +0000 [2601:300:4b80:1b0:728c:dcc1:baf2:d187] [/home/u991737198/domains/tas2023.online/public_html/lib/base.php:3281] View->sandbox()
Wed, 21 May 2025 00:43:41 +0000 [2601:300:4b80:1b0:728c:dcc1:baf2:d187] [/home/u991737198/domains/tas2023.online/public_html/tmp/3hn69l4qoa804.3h31n1yj254w8.php:7] Preview->render()
Wed, 21 May 2025 00:43:41 +0000 [2601:300:4b80:1b0:728c:dcc1:baf2:d187] [/home/u991737198/domains/tas2023.online/public_html/lib/base.php:3036] require('/home/u991737198/domains/tas2023.online/public_html/tmp/3hn69l4qoa804.3h31n1yj254w8.php')
Wed, 21 May 2025 00:43:41 +0000 [2601:300:4b80:1b0:728c:dcc1:baf2:d187] [/home/u991737198/domains/tas2023.online/public_html/lib/base.php:3281] View->sandbox()
Wed, 21 May 2025 00:43:41 +0000 [2601:300:4b80:1b0:728c:dcc1:baf2:d187] [/home/u991737198/domains/tas2023.online/public_html/app/controllers/Controller.php:87] Preview->render()
Wed, 21 May 2025 00:43:41 +0000 [2601:300:4b80:1b0:728c:dcc1:baf2:d187] [/home/u991737198/domains/tas2023.online/public_html/lib/base.php:2078] Controller->afterroute()
Wed, 21 May 2025 00:43:41 +0000 [2601:300:4b80:1b0:728c:dcc1:baf2:d187] [/home/u991737198/domains/tas2023.online/public_html/lib/base.php:1871] Base->call()
Wed, 21 May 2025 00:43:41 +0000 [2601:300:4b80:1b0:728c:dcc1:baf2:d187] [/home/u991737198/domains/tas2023.online/public_html/index.php:19] Base->run()
Wed, 21 May 2025 00:44:04 +0000 [2601:300:4b80:1b0:728c:dcc1:baf2:d187] 500: Undefined variable $selected_note trace: [/home/u991737198/domains/tas2023.online/public_html/tmp/3hn69l4qoa804.3g8shy2588w00.php:385]
Wed, 21 May 2025 00:44:04 +0000 [2601:300:4b80:1b0:728c:dcc1:baf2:d187] [/home/u991737198/domains/tas2023.online/public_html/tmp/3hn69l4qoa804.3g8shy2588w00.php:385] Base->{closure}()
Wed, 21 May 2025 00:44:04 +0000 [2601:300:4b80:1b0:728c:dcc1:baf2:d187] [/home/u991737198/domains/tas2023.online/public_html/lib/base.php:3036] require('/home/u991737198/domains/tas2023.online/public_html/tmp/3hn69l4qoa804.3g8shy2588w00.php')
Wed, 21 May 2025 00:44:04 +0000 [2601:300:4b80:1b0:728c:dcc1:baf2:d187] [/home/u991737198/domains/tas2023.online/public_html/lib/base.php:3281] View->sandbox()
Wed, 21 May 2025 00:44:04 +0000 [2601:300:4b80:1b0:728c:dcc1:baf2:d187] [/home/u991737198/domains/tas2023.online/public_html/tmp/3hn69l4qoa804.3h31n1yj254w8.php:7] Preview->render()
Wed, 21 May 2025 00:44:04 +0000 [2601:300:4b80:1b0:728c:dcc1:baf2:d187] [/home/u991737198/domains/tas2023.online/public_html/lib/base.php:3036] require('/home/u991737198/domains/tas2023.online/public_html/tmp/3hn69l4qoa804.3h31n1yj254w8.php')
Wed, 21 May 2025 00:44:04 +0000 [2601:300:4b80:1b0:728c:dcc1:baf2:d187] [/home/u991737198/domains/tas2023.online/public_html/lib/base.php:3281] View->sandbox()
Wed, 21 May 2025 00:44:04 +0000 [2601:300:4b80:1b0:728c:dcc1:baf2:d187] [/home/u991737198/domains/tas2023.online/public_html/app/controllers/Controller.php:87] Preview->render()
Wed, 21 May 2025 00:44:04 +0000 [2601:300:4b80:1b0:728c:dcc1:baf2:d187] [/home/u991737198/domains/tas2023.online/public_html/lib/base.php:2078] Controller->afterroute()
Wed, 21 May 2025 00:44:04 +0000 [2601:300:4b80:1b0:728c:dcc1:baf2:d187] [/home/u991737198/domains/tas2023.online/public_html/lib/base.php:1871] Base->call()
Wed, 21 May 2025 00:44:04 +0000 [2601:300:4b80:1b0:728c:dcc1:baf2:d187] [/home/u991737198/domains/tas2023.online/public_html/index.php:19] Base->run()
Wed, 21 May 2025 00:44:28 +0000 [2601:300:4b80:1b0:728c:dcc1:baf2:d187] 500: Undefined variable $selected_note trace: [/home/u991737198/domains/tas2023.online/public_html/tmp/3hn69l4qoa804.3g8shy2588w00.php:385]
Wed, 21 May 2025 00:44:28 +0000 [2601:300:4b80:1b0:728c:dcc1:baf2:d187] [/home/u991737198/domains/tas2023.online/public_html/tmp/3hn69l4qoa804.3g8shy2588w00.php:385] Base->{closure}()
Wed, 21 May 2025 00:44:28 +0000 [2601:300:4b80:1b0:728c:dcc1:baf2:d187] [/home/u991737198/domains/tas2023.online/public_html/lib/base.php:3036] require('/home/u991737198/domains/tas2023.online/public_html/tmp/3hn69l4qoa804.3g8shy2588w00.php')
Wed, 21 May 2025 00:44:28 +0000 [2601:300:4b80:1b0:728c:dcc1:baf2:d187] [/home/u991737198/domains/tas2023.online/public_html/lib/base.php:3281] View->sandbox()
Wed, 21 May 2025 00:44:28 +0000 [2601:300:4b80:1b0:728c:dcc1:baf2:d187] [/home/u991737198/domains/tas2023.online/public_html/tmp/3hn69l4qoa804.3h31n1yj254w8.php:7] Preview->render()
Wed, 21 May 2025 00:44:28 +0000 [2601:300:4b80:1b0:728c:dcc1:baf2:d187] [/home/u991737198/domains/tas2023.online/public_html/lib/base.php:3036] require('/home/u991737198/domains/tas2023.online/public_html/tmp/3hn69l4qoa804.3h31n1yj254w8.php')
Wed, 21 May 2025 00:44:28 +0000 [2601:300:4b80:1b0:728c:dcc1:baf2:d187] [/home/u991737198/domains/tas2023.online/public_html/lib/base.php:3281] View->sandbox()
Wed, 21 May 2025 00:44:28 +0000 [2601:300:4b80:1b0:728c:dcc1:baf2:d187] [/home/u991737198/domains/tas2023.online/public_html/app/controllers/Controller.php:87] Preview->render()
Wed, 21 May 2025 00:44:28 +0000 [2601:300:4b80:1b0:728c:dcc1:baf2:d187] [/home/u991737198/domains/tas2023.online/public_html/lib/base.php:2078] Controller->afterroute()
Wed, 21 May 2025 00:44:28 +0000 [2601:300:4b80:1b0:728c:dcc1:baf2:d187] [/home/u991737198/domains/tas2023.online/public_html/lib/base.php:1871] Base->call()
Wed, 21 May 2025 00:44:28 +0000 [2601:300:4b80:1b0:728c:dcc1:baf2:d187] [/home/u991737198/domains/tas2023.online/public_html/index.php:19] Base->run()
Wed, 21 May 2025 00:45:49 +0000 [2601:300:4b80:1b0:728c:dcc1:baf2:d187] 401: HTTP 401 (GET /task/listtasks) trace: [/home/u991737198/domains/tas2023.online/public_html/lib/access.php:112] Base->error()
Wed, 21 May 2025 00:45:49 +0000 [2601:300:4b80:1b0:728c:dcc1:baf2:d187] [/home/u991737198/domains/tas2023.online/public_html/app/controllers/Controller.php:78] Access->authorize()
Wed, 21 May 2025 00:45:49 +0000 [2601:300:4b80:1b0:728c:dcc1:baf2:d187] [/home/u991737198/domains/tas2023.online/public_html/lib/base.php:2069] Controller->beforeroute()
Wed, 21 May 2025 00:45:49 +0000 [2601:300:4b80:1b0:728c:dcc1:baf2:d187] [/home/u991737198/domains/tas2023.online/public_html/lib/base.php:1871] Base->call()
Wed, 21 May 2025 00:45:49 +0000 [2601:300:4b80:1b0:728c:dcc1:baf2:d187] [/home/u991737198/domains/tas2023.online/public_html/index.php:19] Base->run()
Wed, 21 May 2025 00:47:29 +0000 [2601:300:4b80:1b0:728c:dcc1:baf2:d187] 500: Undefined variable $entity_num trace: [tmp/3hn69l4qoa804.1zo7dt0fljr4w.php:200]
Wed, 21 May 2025 00:47:29 +0000 [2601:300:4b80:1b0:728c:dcc1:baf2:d187] [tmp/3hn69l4qoa804.1zo7dt0fljr4w.php:200] Base->{closure}()
Wed, 21 May 2025 00:47:29 +0000 [2601:300:4b80:1b0:728c:dcc1:baf2:d187] [lib/base.php:3036] require('/home/u991737198/domains/tas2023.online/public_html/tmp/3hn69l4qoa804.1zo7dt0fljr4w.php')
Wed, 21 May 2025 00:47:29 +0000 [2601:300:4b80:1b0:728c:dcc1:baf2:d187] [lib/base.php:3281] View->sandbox()
Wed, 21 May 2025 00:47:29 +0000 [2601:300:4b80:1b0:728c:dcc1:baf2:d187] [tmp/3hn69l4qoa804.3h31n1yj254w8.php:7] Preview->render()
Wed, 21 May 2025 00:47:29 +0000 [2601:300:4b80:1b0:728c:dcc1:baf2:d187] [lib/base.php:3036] require('/home/u991737198/domains/tas2023.online/public_html/tmp/3hn69l4qoa804.3h31n1yj254w8.php')
Wed, 21 May 2025 00:47:29 +0000 [2601:300:4b80:1b0:728c:dcc1:baf2:d187] [lib/base.php:3281] View->sandbox()
Wed, 21 May 2025 00:47:29 +0000 [2601:300:4b80:1b0:728c:dcc1:baf2:d187] [app/controllers/Controller.php:87] Preview->render()
Wed, 21 May 2025 00:47:29 +0000 [2601:300:4b80:1b0:728c:dcc1:baf2:d187] [lib/base.php:2078] Controller->afterroute()
Wed, 21 May 2025 00:47:29 +0000 [2601:300:4b80:1b0:728c:dcc1:baf2:d187] [lib/base.php:1871] Base->call()
Wed, 21 May 2025 00:47:29 +0000 [2601:300:4b80:1b0:728c:dcc1:baf2:d187] [index.php:19] Base->run()
Wed, 21 May 2025 07:53:52 +0000 [2601:300:4b80:1b0:e019:6a8e:d6d5:2777] 500: strtolower(): Passing null to parameter #1 ($string) of type string is deprecated trace: [/home/u991737198/domains/tas2023.online/public_html/app/controllers/TaskController.php:1301]
Wed, 21 May 2025 07:53:52 +0000 [2601:300:4b80:1b0:e019:6a8e:d6d5:2777] [/home/u991737198/domains/tas2023.online/public_html/app/controllers/TaskController.php:1301] strtolower()
Wed, 21 May 2025 07:53:52 +0000 [2601:300:4b80:1b0:e019:6a8e:d6d5:2777] [/home/u991737198/domains/tas2023.online/public_html/lib/base.php:2072] TaskController->fetchTaskDistribution()
Wed, 21 May 2025 07:53:52 +0000 [2601:300:4b80:1b0:e019:6a8e:d6d5:2777] [/home/u991737198/domains/tas2023.online/public_html/lib/base.php:1871] Base->call()
Wed, 21 May 2025 07:53:52 +0000 [2601:300:4b80:1b0:e019:6a8e:d6d5:2777] [/home/u991737198/domains/tas2023.online/public_html/index.php:19] Base->run()
Wed, 21 May 2025 07:54:02 +0000 [2601:300:4b80:1b0:e019:6a8e:d6d5:2777] 500: strtolower(): Passing null to parameter #1 ($string) of type string is deprecated trace: [/home/u991737198/domains/tas2023.online/public_html/app/controllers/TaskController.php:1301]
Wed, 21 May 2025 07:54:02 +0000 [2601:300:4b80:1b0:e019:6a8e:d6d5:2777] [/home/u991737198/domains/tas2023.online/public_html/app/controllers/TaskController.php:1301] strtolower()
Wed, 21 May 2025 07:54:02 +0000 [2601:300:4b80:1b0:e019:6a8e:d6d5:2777] [/home/u991737198/domains/tas2023.online/public_html/lib/base.php:2072] TaskController->fetchTaskDistribution()
Wed, 21 May 2025 07:54:02 +0000 [2601:300:4b80:1b0:e019:6a8e:d6d5:2777] [/home/u991737198/domains/tas2023.online/public_html/lib/base.php:1871] Base->call()
Wed, 21 May 2025 07:54:02 +0000 [2601:300:4b80:1b0:e019:6a8e:d6d5:2777] [/home/u991737198/domains/tas2023.online/public_html/index.php:19] Base->run()
Wed, 21 May 2025 07:54:21 +0000 [2601:300:4b80:1b0:e019:6a8e:d6d5:2777] 500: Undefined variable $entity_num trace: [tmp/3hn69l4qoa804.1zo7dt0fljr4w.php:200]
Wed, 21 May 2025 07:54:21 +0000 [2601:300:4b80:1b0:e019:6a8e:d6d5:2777] [tmp/3hn69l4qoa804.1zo7dt0fljr4w.php:200] Base->{closure}()
Wed, 21 May 2025 07:54:21 +0000 [2601:300:4b80:1b0:e019:6a8e:d6d5:2777] [lib/base.php:3036] require('/home/u991737198/domains/tas2023.online/public_html/tmp/3hn69l4qoa804.1zo7dt0fljr4w.php')
Wed, 21 May 2025 07:54:21 +0000 [2601:300:4b80:1b0:e019:6a8e:d6d5:2777] [lib/base.php:3281] View->sandbox()
Wed, 21 May 2025 07:54:21 +0000 [2601:300:4b80:1b0:e019:6a8e:d6d5:2777] [tmp/3hn69l4qoa804.3h31n1yj254w8.php:7] Preview->render()
Wed, 21 May 2025 07:54:21 +0000 [2601:300:4b80:1b0:e019:6a8e:d6d5:2777] [lib/base.php:3036] require('/home/u991737198/domains/tas2023.online/public_html/tmp/3hn69l4qoa804.3h31n1yj254w8.php')
Wed, 21 May 2025 07:54:21 +0000 [2601:300:4b80:1b0:e019:6a8e:d6d5:2777] [lib/base.php:3281] View->sandbox()
Wed, 21 May 2025 07:54:21 +0000 [2601:300:4b80:1b0:e019:6a8e:d6d5:2777] [app/controllers/Controller.php:87] Preview->render()
Wed, 21 May 2025 07:54:21 +0000 [2601:300:4b80:1b0:e019:6a8e:d6d5:2777] [lib/base.php:2078] Controller->afterroute()
Wed, 21 May 2025 07:54:21 +0000 [2601:300:4b80:1b0:e019:6a8e:d6d5:2777] [lib/base.php:1871] Base->call()
Wed, 21 May 2025 07:54:21 +0000 [2601:300:4b80:1b0:e019:6a8e:d6d5:2777] [index.php:19] Base->run()
Wed, 21 May 2025 07:54:21 +0000 [2601:300:4b80:1b0:e019:6a8e:d6d5:2777] 500: strtolower(): Passing null to parameter #1 ($string) of type string is deprecated trace: [/home/u991737198/domains/tas2023.online/public_html/app/controllers/TaskController.php:1301]
Wed, 21 May 2025 07:54:21 +0000 [2601:300:4b80:1b0:e019:6a8e:d6d5:2777] [/home/u991737198/domains/tas2023.online/public_html/app/controllers/TaskController.php:1301] strtolower()
Wed, 21 May 2025 07:54:21 +0000 [2601:300:4b80:1b0:e019:6a8e:d6d5:2777] [/home/u991737198/domains/tas2023.online/public_html/lib/base.php:2072] TaskController->fetchTaskDistribution()
Wed, 21 May 2025 07:54:21 +0000 [2601:300:4b80:1b0:e019:6a8e:d6d5:2777] [/home/u991737198/domains/tas2023.online/public_html/lib/base.php:1871] Base->call()
Wed, 21 May 2025 07:54:21 +0000 [2601:300:4b80:1b0:e019:6a8e:d6d5:2777] [/home/u991737198/domains/tas2023.online/public_html/index.php:19] Base->run()
Wed, 21 May 2025 07:54:30 +0000 [2601:300:4b80:1b0:e019:6a8e:d6d5:2777] 500: Undefined variable $entity_num trace: [tmp/3hn69l4qoa804.1zo7dt0fljr4w.php:200]
Wed, 21 May 2025 07:54:30 +0000 [2601:300:4b80:1b0:e019:6a8e:d6d5:2777] [tmp/3hn69l4qoa804.1zo7dt0fljr4w.php:200] Base->{closure}()
Wed, 21 May 2025 07:54:30 +0000 [2601:300:4b80:1b0:e019:6a8e:d6d5:2777] [lib/base.php:3036] require('/home/u991737198/domains/tas2023.online/public_html/tmp/3hn69l4qoa804.1zo7dt0fljr4w.php')
Wed, 21 May 2025 07:54:30 +0000 [2601:300:4b80:1b0:e019:6a8e:d6d5:2777] [lib/base.php:3281] View->sandbox()
Wed, 21 May 2025 07:54:30 +0000 [2601:300:4b80:1b0:e019:6a8e:d6d5:2777] [tmp/3hn69l4qoa804.3h31n1yj254w8.php:7] Preview->render()
Wed, 21 May 2025 07:54:30 +0000 [2601:300:4b80:1b0:e019:6a8e:d6d5:2777] [lib/base.php:3036] require('/home/u991737198/domains/tas2023.online/public_html/tmp/3hn69l4qoa804.3h31n1yj254w8.php')
Wed, 21 May 2025 07:54:30 +0000 [2601:300:4b80:1b0:e019:6a8e:d6d5:2777] [lib/base.php:3281] View->sandbox()
Wed, 21 May 2025 07:54:30 +0000 [2601:300:4b80:1b0:e019:6a8e:d6d5:2777] [app/controllers/Controller.php:87] Preview->render()
Wed, 21 May 2025 07:54:30 +0000 [2601:300:4b80:1b0:e019:6a8e:d6d5:2777] [lib/base.php:2078] Controller->afterroute()
Wed, 21 May 2025 07:54:30 +0000 [2601:300:4b80:1b0:e019:6a8e:d6d5:2777] [lib/base.php:1871] Base->call()
Wed, 21 May 2025 07:54:30 +0000 [2601:300:4b80:1b0:e019:6a8e:d6d5:2777] [index.php:19] Base->run()
Wed, 21 May 2025 07:54:39 +0000 [2601:300:4b80:1b0:e019:6a8e:d6d5:2777] 500: Undefined variable $entity_num trace: [tmp/3hn69l4qoa804.1zo7dt0fljr4w.php:200]
Wed, 21 May 2025 07:54:39 +0000 [2601:300:4b80:1b0:e019:6a8e:d6d5:2777] [tmp/3hn69l4qoa804.1zo7dt0fljr4w.php:200] Base->{closure}()
Wed, 21 May 2025 07:54:39 +0000 [2601:300:4b80:1b0:e019:6a8e:d6d5:2777] [lib/base.php:3036] require('/home/u991737198/domains/tas2023.online/public_html/tmp/3hn69l4qoa804.1zo7dt0fljr4w.php')
Wed, 21 May 2025 07:54:39 +0000 [2601:300:4b80:1b0:e019:6a8e:d6d5:2777] [lib/base.php:3281] View->sandbox()
Wed, 21 May 2025 07:54:39 +0000 [2601:300:4b80:1b0:e019:6a8e:d6d5:2777] [tmp/3hn69l4qoa804.3h31n1yj254w8.php:7] Preview->render()
Wed, 21 May 2025 07:54:39 +0000 [2601:300:4b80:1b0:e019:6a8e:d6d5:2777] [lib/base.php:3036] require('/home/u991737198/domains/tas2023.online/public_html/tmp/3hn69l4qoa804.3h31n1yj254w8.php')
Wed, 21 May 2025 07:54:39 +0000 [2601:300:4b80:1b0:e019:6a8e:d6d5:2777] [lib/base.php:3281] View->sandbox()
Wed, 21 May 2025 07:54:39 +0000 [2601:300:4b80:1b0:e019:6a8e:d6d5:2777] [app/controllers/Controller.php:87] Preview->render()
Wed, 21 May 2025 07:54:39 +0000 [2601:300:4b80:1b0:e019:6a8e:d6d5:2777] [lib/base.php:2078] Controller->afterroute()
Wed, 21 May 2025 07:54:39 +0000 [2601:300:4b80:1b0:e019:6a8e:d6d5:2777] [lib/base.php:1871] Base->call()
Wed, 21 May 2025 07:54:39 +0000 [2601:300:4b80:1b0:e019:6a8e:d6d5:2777] [index.php:19] Base->run()
Wed, 21 May 2025 07:54:59 +0000 [2601:300:4b80:1b0:e019:6a8e:d6d5:2777] 500: Undefined variable $selected_note trace: [/home/u991737198/domains/tas2023.online/public_html/tmp/3hn69l4qoa804.3g8shy2588w00.php:385]
Wed, 21 May 2025 07:54:59 +0000 [2601:300:4b80:1b0:e019:6a8e:d6d5:2777] [/home/u991737198/domains/tas2023.online/public_html/tmp/3hn69l4qoa804.3g8shy2588w00.php:385] Base->{closure}()
Wed, 21 May 2025 07:54:59 +0000 [2601:300:4b80:1b0:e019:6a8e:d6d5:2777] [/home/u991737198/domains/tas2023.online/public_html/lib/base.php:3036] require('/home/u991737198/domains/tas2023.online/public_html/tmp/3hn69l4qoa804.3g8shy2588w00.php')
Wed, 21 May 2025 07:54:59 +0000 [2601:300:4b80:1b0:e019:6a8e:d6d5:2777] [/home/u991737198/domains/tas2023.online/public_html/lib/base.php:3281] View->sandbox()
Wed, 21 May 2025 07:54:59 +0000 [2601:300:4b80:1b0:e019:6a8e:d6d5:2777] [/home/u991737198/domains/tas2023.online/public_html/tmp/3hn69l4qoa804.3h31n1yj254w8.php:7] Preview->render()
Wed, 21 May 2025 07:54:59 +0000 [2601:300:4b80:1b0:e019:6a8e:d6d5:2777] [/home/u991737198/domains/tas2023.online/public_html/lib/base.php:3036] require('/home/u991737198/domains/tas2023.online/public_html/tmp/3hn69l4qoa804.3h31n1yj254w8.php')
Wed, 21 May 2025 07:54:59 +0000 [2601:300:4b80:1b0:e019:6a8e:d6d5:2777] [/home/u991737198/domains/tas2023.online/public_html/lib/base.php:3281] View->sandbox()
Wed, 21 May 2025 07:54:59 +0000 [2601:300:4b80:1b0:e019:6a8e:d6d5:2777] [/home/u991737198/domains/tas2023.online/public_html/app/controllers/Controller.php:87] Preview->render()
Wed, 21 May 2025 07:54:59 +0000 [2601:300:4b80:1b0:e019:6a8e:d6d5:2777] [/home/u991737198/domains/tas2023.online/public_html/lib/base.php:2078] Controller->afterroute()
Wed, 21 May 2025 07:54:59 +0000 [2601:300:4b80:1b0:e019:6a8e:d6d5:2777] [/home/u991737198/domains/tas2023.online/public_html/lib/base.php:1871] Base->call()
Wed, 21 May 2025 07:54:59 +0000 [2601:300:4b80:1b0:e019:6a8e:d6d5:2777] [/home/u991737198/domains/tas2023.online/public_html/index.php:19] Base->run()
Wed, 21 May 2025 08:02:24 +0000 [23.228.130.68] 500: strcmp(): Passing null to parameter #1 ($string1) of type string is deprecated trace: [app/controllers/UserController.php:73]
Wed, 21 May 2025 08:02:24 +0000 [23.228.130.68] [app/controllers/UserController.php:73] strcmp()
Wed, 21 May 2025 08:02:24 +0000 [23.228.130.68] [lib/base.php:2072] UserController->confirm_registration()
Wed, 21 May 2025 08:02:24 +0000 [23.228.130.68] [lib/base.php:1871] Base->call()
Wed, 21 May 2025 08:02:24 +0000 [23.228.130.68] [index.php:19] Base->run()
Wed, 21 May 2025 08:02:25 +0000 [23.228.130.68] 401: HTTP 401 (GET /task/taskData) trace: [/home/u991737198/domains/tas2023.online/public_html/lib/access.php:112] Base->error()
Wed, 21 May 2025 08:02:25 +0000 [23.228.130.68] [/home/u991737198/domains/tas2023.online/public_html/app/controllers/Controller.php:78] Access->authorize()
Wed, 21 May 2025 08:02:25 +0000 [23.228.130.68] [/home/u991737198/domains/tas2023.online/public_html/lib/base.php:2069] Controller->beforeroute()
Wed, 21 May 2025 08:02:25 +0000 [23.228.130.68] [/home/u991737198/domains/tas2023.online/public_html/lib/base.php:1871] Base->call()
Wed, 21 May 2025 08:02:25 +0000 [23.228.130.68] [/home/u991737198/domains/tas2023.online/public_html/index.php:19] Base->run()
Wed, 21 May 2025 08:02:25 +0000 [23.228.130.68] 401: HTTP 401 (GET /task/taskDistribution) trace: [/home/u991737198/domains/tas2023.online/public_html/lib/access.php:112] Base->error()
Wed, 21 May 2025 08:02:25 +0000 [23.228.130.68] [/home/u991737198/domains/tas2023.online/public_html/app/controllers/Controller.php:78] Access->authorize()
Wed, 21 May 2025 08:02:25 +0000 [23.228.130.68] [/home/u991737198/domains/tas2023.online/public_html/lib/base.php:2069] Controller->beforeroute()
Wed, 21 May 2025 08:02:25 +0000 [23.228.130.68] [/home/u991737198/domains/tas2023.online/public_html/lib/base.php:1871] Base->call()
Wed, 21 May 2025 08:02:25 +0000 [23.228.130.68] [/home/u991737198/domains/tas2023.online/public_html/index.php:19] Base->run()
Wed, 21 May 2025 08:02:25 +0000 [23.228.130.68] 401: HTTP 401 (GET /task/userNotesCount) trace: [/home/u991737198/domains/tas2023.online/public_html/lib/access.php:112] Base->error()
Wed, 21 May 2025 08:02:25 +0000 [23.228.130.68] [/home/u991737198/domains/tas2023.online/public_html/app/controllers/Controller.php:78] Access->authorize()
Wed, 21 May 2025 08:02:25 +0000 [23.228.130.68] [/home/u991737198/domains/tas2023.online/public_html/lib/base.php:2069] Controller->beforeroute()
Wed, 21 May 2025 08:02:25 +0000 [23.228.130.68] [/home/u991737198/domains/tas2023.online/public_html/lib/base.php:1871] Base->call()
Wed, 21 May 2025 08:02:25 +0000 [23.228.130.68] [/home/u991737198/domains/tas2023.online/public_html/index.php:19] Base->run()
Wed, 21 May 2025 08:02:25 +0000 [23.228.130.68] 401: HTTP 401 (GET /task/teamProductivity) trace: [/home/u991737198/domains/tas2023.online/public_html/lib/access.php:112] Base->error()
Wed, 21 May 2025 08:02:25 +0000 [23.228.130.68] [/home/u991737198/domains/tas2023.online/public_html/app/controllers/Controller.php:78] Access->authorize()
Wed, 21 May 2025 08:02:25 +0000 [23.228.130.68] [/home/u991737198/domains/tas2023.online/public_html/lib/base.php:2069] Controller->beforeroute()
Wed, 21 May 2025 08:02:25 +0000 [23.228.130.68] [/home/u991737198/domains/tas2023.online/public_html/lib/base.php:1871] Base->call()
Wed, 21 May 2025 08:02:25 +0000 [23.228.130.68] [/home/u991737198/domains/tas2023.online/public_html/index.php:19] Base->run()
Wed, 21 May 2025 09:40:17 +0000 [2600:100a:b022:4d8b:9df0:ca9d:6075:5407] 401: HTTP 401 (GET /task/taskData) trace: [/home/u991737198/domains/tas2023.online/public_html/lib/access.php:112] Base->error()
Wed, 21 May 2025 09:40:17 +0000 [2600:100a:b022:4d8b:9df0:ca9d:6075:5407] 401: HTTP 401 (GET /task/teamProductivity) trace: [/home/u991737198/domains/tas2023.online/public_html/lib/access.php:112] Base->error()
Wed, 21 May 2025 09:40:17 +0000 [2600:100a:b022:4d8b:9df0:ca9d:6075:5407] 401: HTTP 401 (GET /task/userNotesCount) trace: [/home/u991737198/domains/tas2023.online/public_html/lib/access.php:112] Base->error()
Wed, 21 May 2025 09:40:17 +0000 [2600:100a:b022:4d8b:9df0:ca9d:6075:5407] [/home/u991737198/domains/tas2023.online/public_html/app/controllers/Controller.php:78] Access->authorize()
Wed, 21 May 2025 09:40:17 +0000 [2600:100a:b022:4d8b:9df0:ca9d:6075:5407] 401: HTTP 401 (GET /task/taskDistribution) trace: [/home/u991737198/domains/tas2023.online/public_html/lib/access.php:112] Base->error()
Wed, 21 May 2025 09:40:17 +0000 [2600:100a:b022:4d8b:9df0:ca9d:6075:5407] [/home/u991737198/domains/tas2023.online/public_html/app/controllers/Controller.php:78] Access->authorize()
Wed, 21 May 2025 09:40:17 +0000 [2600:100a:b022:4d8b:9df0:ca9d:6075:5407] [/home/u991737198/domains/tas2023.online/public_html/app/controllers/Controller.php:78] Access->authorize()
Wed, 21 May 2025 09:40:17 +0000 [2600:100a:b022:4d8b:9df0:ca9d:6075:5407] [/home/u991737198/domains/tas2023.online/public_html/lib/base.php:2069] Controller->beforeroute()
Wed, 21 May 2025 09:40:17 +0000 [2600:100a:b022:4d8b:9df0:ca9d:6075:5407] [/home/u991737198/domains/tas2023.online/public_html/app/controllers/Controller.php:78] Access->authorize()
Wed, 21 May 2025 09:40:17 +0000 [2600:100a:b022:4d8b:9df0:ca9d:6075:5407] [/home/u991737198/domains/tas2023.online/public_html/lib/base.php:1871] Base->call()
Wed, 21 May 2025 09:40:17 +0000 [2600:100a:b022:4d8b:9df0:ca9d:6075:5407] [/home/u991737198/domains/tas2023.online/public_html/lib/base.php:2069] Controller->beforeroute()
Wed, 21 May 2025 09:40:17 +0000 [2600:100a:b022:4d8b:9df0:ca9d:6075:5407] [/home/u991737198/domains/tas2023.online/public_html/lib/base.php:2069] Controller->beforeroute()
Wed, 21 May 2025 09:40:17 +0000 [2600:100a:b022:4d8b:9df0:ca9d:6075:5407] [/home/u991737198/domains/tas2023.online/public_html/lib/base.php:2069] Controller->beforeroute()
Wed, 21 May 2025 09:40:17 +0000 [2600:100a:b022:4d8b:9df0:ca9d:6075:5407] [/home/u991737198/domains/tas2023.online/public_html/index.php:19] Base->run()
Wed, 21 May 2025 09:40:17 +0000 [2600:100a:b022:4d8b:9df0:ca9d:6075:5407] [/home/u991737198/domains/tas2023.online/public_html/lib/base.php:1871] Base->call()
Wed, 21 May 2025 09:40:17 +0000 [2600:100a:b022:4d8b:9df0:ca9d:6075:5407] [/home/u991737198/domains/tas2023.online/public_html/lib/base.php:1871] Base->call()
Wed, 21 May 2025 09:40:17 +0000 [2600:100a:b022:4d8b:9df0:ca9d:6075:5407] [/home/u991737198/domains/tas2023.online/public_html/lib/base.php:1871] Base->call()
Wed, 21 May 2025 09:40:17 +0000 [2600:100a:b022:4d8b:9df0:ca9d:6075:5407] [/home/u991737198/domains/tas2023.online/public_html/index.php:19] Base->run()
Wed, 21 May 2025 09:40:17 +0000 [2600:100a:b022:4d8b:9df0:ca9d:6075:5407] [/home/u991737198/domains/tas2023.online/public_html/index.php:19] Base->run()
Wed, 21 May 2025 09:40:17 +0000 [2600:100a:b022:4d8b:9df0:ca9d:6075:5407] [/home/u991737198/domains/tas2023.online/public_html/index.php:19] Base->run()
Wed, 21 May 2025 09:40:44 +0000 [2600:100a:b022:4d8b:9df0:ca9d:6075:5407] 500: Undefined variable $selected_note trace: [/home/u991737198/domains/tas2023.online/public_html/tmp/3hn69l4qoa804.3g8shy2588w00.php:385]
Wed, 21 May 2025 09:40:44 +0000 [2600:100a:b022:4d8b:9df0:ca9d:6075:5407] [/home/u991737198/domains/tas2023.online/public_html/tmp/3hn69l4qoa804.3g8shy2588w00.php:385] Base->{closure}()
Wed, 21 May 2025 09:40:44 +0000 [2600:100a:b022:4d8b:9df0:ca9d:6075:5407] [/home/u991737198/domains/tas2023.online/public_html/lib/base.php:3036] require('/home/u991737198/domains/tas2023.online/public_html/tmp/3hn69l4qoa804.3g8shy2588w00.php')
Wed, 21 May 2025 09:40:44 +0000 [2600:100a:b022:4d8b:9df0:ca9d:6075:5407] [/home/u991737198/domains/tas2023.online/public_html/lib/base.php:3281] View->sandbox()
Wed, 21 May 2025 09:40:44 +0000 [2600:100a:b022:4d8b:9df0:ca9d:6075:5407] [/home/u991737198/domains/tas2023.online/public_html/tmp/3hn69l4qoa804.3h31n1yj254w8.php:7] Preview->render()
Wed, 21 May 2025 09:40:44 +0000 [2600:100a:b022:4d8b:9df0:ca9d:6075:5407] [/home/u991737198/domains/tas2023.online/public_html/lib/base.php:3036] require('/home/u991737198/domains/tas2023.online/public_html/tmp/3hn69l4qoa804.3h31n1yj254w8.php')
Wed, 21 May 2025 09:40:44 +0000 [2600:100a:b022:4d8b:9df0:ca9d:6075:5407] [/home/u991737198/domains/tas2023.online/public_html/lib/base.php:3281] View->sandbox()
Wed, 21 May 2025 09:40:44 +0000 [2600:100a:b022:4d8b:9df0:ca9d:6075:5407] [/home/u991737198/domains/tas2023.online/public_html/app/controllers/Controller.php:87] Preview->render()
Wed, 21 May 2025 09:40:44 +0000 [2600:100a:b022:4d8b:9df0:ca9d:6075:5407] [/home/u991737198/domains/tas2023.online/public_html/lib/base.php:2078] Controller->afterroute()
Wed, 21 May 2025 09:40:44 +0000 [2600:100a:b022:4d8b:9df0:ca9d:6075:5407] [/home/u991737198/domains/tas2023.online/public_html/lib/base.php:1871] Base->call()
Wed, 21 May 2025 09:40:44 +0000 [2600:100a:b022:4d8b:9df0:ca9d:6075:5407] [/home/u991737198/domains/tas2023.online/public_html/index.php:19] Base->run()
Wed, 21 May 2025 09:42:13 +0000 [2600:100a:b022:4d8b:9df0:ca9d:6075:5407] 500: Undefined variable $selected_note trace: [/home/u991737198/domains/tas2023.online/public_html/tmp/3hn69l4qoa804.3g8shy2588w00.php:385]
Wed, 21 May 2025 09:42:13 +0000 [2600:100a:b022:4d8b:9df0:ca9d:6075:5407] [/home/u991737198/domains/tas2023.online/public_html/tmp/3hn69l4qoa804.3g8shy2588w00.php:385] Base->{closure}()
Wed, 21 May 2025 09:42:13 +0000 [2600:100a:b022:4d8b:9df0:ca9d:6075:5407] [/home/u991737198/domains/tas2023.online/public_html/lib/base.php:3036] require('/home/u991737198/domains/tas2023.online/public_html/tmp/3hn69l4qoa804.3g8shy2588w00.php')
Wed, 21 May 2025 09:42:13 +0000 [2600:100a:b022:4d8b:9df0:ca9d:6075:5407] [/home/u991737198/domains/tas2023.online/public_html/lib/base.php:3281] View->sandbox()
Wed, 21 May 2025 09:42:13 +0000 [2600:100a:b022:4d8b:9df0:ca9d:6075:5407] [/home/u991737198/domains/tas2023.online/public_html/tmp/3hn69l4qoa804.3h31n1yj254w8.php:7] Preview->render()
Wed, 21 May 2025 09:42:13 +0000 [2600:100a:b022:4d8b:9df0:ca9d:6075:5407] [/home/u991737198/domains/tas2023.online/public_html/lib/base.php:3036] require('/home/u991737198/domains/tas2023.online/public_html/tmp/3hn69l4qoa804.3h31n1yj254w8.php')
Wed, 21 May 2025 09:42:13 +0000 [2600:100a:b022:4d8b:9df0:ca9d:6075:5407] [/home/u991737198/domains/tas2023.online/public_html/lib/base.php:3281] View->sandbox()
Wed, 21 May 2025 09:42:13 +0000 [2600:100a:b022:4d8b:9df0:ca9d:6075:5407] [/home/u991737198/domains/tas2023.online/public_html/app/controllers/Controller.php:87] Preview->render()
Wed, 21 May 2025 09:42:13 +0000 [2600:100a:b022:4d8b:9df0:ca9d:6075:5407] [/home/u991737198/domains/tas2023.online/public_html/lib/base.php:2078] Controller->afterroute()
Wed, 21 May 2025 09:42:13 +0000 [2600:100a:b022:4d8b:9df0:ca9d:6075:5407] [/home/u991737198/domains/tas2023.online/public_html/lib/base.php:1871] Base->call()
Wed, 21 May 2025 09:42:13 +0000 [2600:100a:b022:4d8b:9df0:ca9d:6075:5407] [/home/u991737198/domains/tas2023.online/public_html/index.php:19] Base->run()
Wed, 21 May 2025 09:43:48 +0000 [2600:100a:b022:4d8b:9df0:ca9d:6075:5407] 500: Undefined variable $selected_note trace: [/home/u991737198/domains/tas2023.online/public_html/tmp/3hn69l4qoa804.3g8shy2588w00.php:385]
Wed, 21 May 2025 09:43:48 +0000 [2600:100a:b022:4d8b:9df0:ca9d:6075:5407] [/home/u991737198/domains/tas2023.online/public_html/tmp/3hn69l4qoa804.3g8shy2588w00.php:385] Base->{closure}()
Wed, 21 May 2025 09:43:48 +0000 [2600:100a:b022:4d8b:9df0:ca9d:6075:5407] [/home/u991737198/domains/tas2023.online/public_html/lib/base.php:3036] require('/home/u991737198/domains/tas2023.online/public_html/tmp/3hn69l4qoa804.3g8shy2588w00.php')
Wed, 21 May 2025 09:43:48 +0000 [2600:100a:b022:4d8b:9df0:ca9d:6075:5407] [/home/u991737198/domains/tas2023.online/public_html/lib/base.php:3281] View->sandbox()
Wed, 21 May 2025 09:43:48 +0000 [2600:100a:b022:4d8b:9df0:ca9d:6075:5407] [/home/u991737198/domains/tas2023.online/public_html/tmp/3hn69l4qoa804.3h31n1yj254w8.php:7] Preview->render()
Wed, 21 May 2025 09:43:48 +0000 [2600:100a:b022:4d8b:9df0:ca9d:6075:5407] [/home/u991737198/domains/tas2023.online/public_html/lib/base.php:3036] require('/home/u991737198/domains/tas2023.online/public_html/tmp/3hn69l4qoa804.3h31n1yj254w8.php')
Wed, 21 May 2025 09:43:48 +0000 [2600:100a:b022:4d8b:9df0:ca9d:6075:5407] [/home/u991737198/domains/tas2023.online/public_html/lib/base.php:3281] View->sandbox()
Wed, 21 May 2025 09:43:48 +0000 [2600:100a:b022:4d8b:9df0:ca9d:6075:5407] [/home/u991737198/domains/tas2023.online/public_html/app/controllers/Controller.php:87] Preview->render()
Wed, 21 May 2025 09:43:48 +0000 [2600:100a:b022:4d8b:9df0:ca9d:6075:5407] [/home/u991737198/domains/tas2023.online/public_html/lib/base.php:2078] Controller->afterroute()
Wed, 21 May 2025 09:43:48 +0000 [2600:100a:b022:4d8b:9df0:ca9d:6075:5407] [/home/u991737198/domains/tas2023.online/public_html/lib/base.php:1871] Base->call()
Wed, 21 May 2025 09:43:48 +0000 [2600:100a:b022:4d8b:9df0:ca9d:6075:5407] [/home/u991737198/domains/tas2023.online/public_html/index.php:19] Base->run()
Wed, 21 May 2025 09:45:08 +0000 [2600:100a:b022:4d8b:9df0:ca9d:6075:5407] 500: Undefined variable $selected_note trace: [/home/u991737198/domains/tas2023.online/public_html/tmp/3hn69l4qoa804.3g8shy2588w00.php:385]
Wed, 21 May 2025 09:45:08 +0000 [2600:100a:b022:4d8b:9df0:ca9d:6075:5407] [/home/u991737198/domains/tas2023.online/public_html/tmp/3hn69l4qoa804.3g8shy2588w00.php:385] Base->{closure}()
Wed, 21 May 2025 09:45:08 +0000 [2600:100a:b022:4d8b:9df0:ca9d:6075:5407] [/home/u991737198/domains/tas2023.online/public_html/lib/base.php:3036] require('/home/u991737198/domains/tas2023.online/public_html/tmp/3hn69l4qoa804.3g8shy2588w00.php')
Wed, 21 May 2025 09:45:08 +0000 [2600:100a:b022:4d8b:9df0:ca9d:6075:5407] [/home/u991737198/domains/tas2023.online/public_html/lib/base.php:3281] View->sandbox()
Wed, 21 May 2025 09:45:08 +0000 [2600:100a:b022:4d8b:9df0:ca9d:6075:5407] [/home/u991737198/domains/tas2023.online/public_html/tmp/3hn69l4qoa804.3h31n1yj254w8.php:7] Preview->render()
Wed, 21 May 2025 09:45:08 +0000 [2600:100a:b022:4d8b:9df0:ca9d:6075:5407] [/home/u991737198/domains/tas2023.online/public_html/lib/base.php:3036] require('/home/u991737198/domains/tas2023.online/public_html/tmp/3hn69l4qoa804.3h31n1yj254w8.php')
Wed, 21 May 2025 09:45:08 +0000 [2600:100a:b022:4d8b:9df0:ca9d:6075:5407] [/home/u991737198/domains/tas2023.online/public_html/lib/base.php:3281] View->sandbox()
Wed, 21 May 2025 09:45:08 +0000 [2600:100a:b022:4d8b:9df0:ca9d:6075:5407] [/home/u991737198/domains/tas2023.online/public_html/app/controllers/Controller.php:87] Preview->render()
Wed, 21 May 2025 09:45:08 +0000 [2600:100a:b022:4d8b:9df0:ca9d:6075:5407] [/home/u991737198/domains/tas2023.online/public_html/lib/base.php:2078] Controller->afterroute()
Wed, 21 May 2025 09:45:08 +0000 [2600:100a:b022:4d8b:9df0:ca9d:6075:5407] [/home/u991737198/domains/tas2023.online/public_html/lib/base.php:1871] Base->call()
Wed, 21 May 2025 09:45:08 +0000 [2600:100a:b022:4d8b:9df0:ca9d:6075:5407] [/home/u991737198/domains/tas2023.online/public_html/index.php:19] Base->run()
Wed, 21 May 2025 09:48:03 +0000 [174.210.161.171] 401: HTTP 401 (POST /note/create) trace: [/home/u991737198/domains/tas2023.online/public_html/lib/access.php:112] Base->error()
Wed, 21 May 2025 09:48:03 +0000 [174.210.161.171] [/home/u991737198/domains/tas2023.online/public_html/app/controllers/Controller.php:78] Access->authorize()
Wed, 21 May 2025 09:48:03 +0000 [174.210.161.171] [/home/u991737198/domains/tas2023.online/public_html/lib/base.php:2069] Controller->beforeroute()
Wed, 21 May 2025 09:48:03 +0000 [174.210.161.171] [/home/u991737198/domains/tas2023.online/public_html/lib/base.php:1871] Base->call()
Wed, 21 May 2025 09:48:03 +0000 [174.210.161.171] [/home/u991737198/domains/tas2023.online/public_html/index.php:19] Base->run()
Wed, 21 May 2025 09:48:57 +0000 [2600:100a:b022:4d8b:9df0:ca9d:6075:5407] 401: HTTP 401 (POST /note/create) trace: [/home/u991737198/domains/tas2023.online/public_html/lib/access.php:112] Base->error()
Wed, 21 May 2025 09:48:57 +0000 [2600:100a:b022:4d8b:9df0:ca9d:6075:5407] [/home/u991737198/domains/tas2023.online/public_html/app/controllers/Controller.php:78] Access->authorize()
Wed, 21 May 2025 09:48:57 +0000 [2600:100a:b022:4d8b:9df0:ca9d:6075:5407] [/home/u991737198/domains/tas2023.online/public_html/lib/base.php:2069] Controller->beforeroute()
Wed, 21 May 2025 09:48:57 +0000 [2600:100a:b022:4d8b:9df0:ca9d:6075:5407] [/home/u991737198/domains/tas2023.online/public_html/lib/base.php:1871] Base->call()
Wed, 21 May 2025 09:48:57 +0000 [2600:100a:b022:4d8b:9df0:ca9d:6075:5407] [/home/u991737198/domains/tas2023.online/public_html/index.php:19] Base->run()
Wed, 21 May 2025 09:49:11 +0000 [2600:100a:b022:4d8b:9df0:ca9d:6075:5407] 401: HTTP 401 (POST /note/create) trace: [/home/u991737198/domains/tas2023.online/public_html/lib/access.php:112] Base->error()
Wed, 21 May 2025 09:49:11 +0000 [2600:100a:b022:4d8b:9df0:ca9d:6075:5407] [/home/u991737198/domains/tas2023.online/public_html/app/controllers/Controller.php:78] Access->authorize()
Wed, 21 May 2025 09:49:11 +0000 [2600:100a:b022:4d8b:9df0:ca9d:6075:5407] [/home/u991737198/domains/tas2023.online/public_html/lib/base.php:2069] Controller->beforeroute()
Wed, 21 May 2025 09:49:11 +0000 [2600:100a:b022:4d8b:9df0:ca9d:6075:5407] [/home/u991737198/domains/tas2023.online/public_html/lib/base.php:1871] Base->call()
Wed, 21 May 2025 09:49:11 +0000 [2600:100a:b022:4d8b:9df0:ca9d:6075:5407] [/home/u991737198/domains/tas2023.online/public_html/index.php:19] Base->run()
Wed, 21 May 2025 09:49:20 +0000 [2600:100a:b022:4d8b:9df0:ca9d:6075:5407] 401: HTTP 401 (POST /note/create) trace: [/home/u991737198/domains/tas2023.online/public_html/lib/access.php:112] Base->error()
Wed, 21 May 2025 09:49:20 +0000 [2600:100a:b022:4d8b:9df0:ca9d:6075:5407] [/home/u991737198/domains/tas2023.online/public_html/app/controllers/Controller.php:78] Access->authorize()
Wed, 21 May 2025 09:49:20 +0000 [2600:100a:b022:4d8b:9df0:ca9d:6075:5407] [/home/u991737198/domains/tas2023.online/public_html/lib/base.php:2069] Controller->beforeroute()
Wed, 21 May 2025 09:49:20 +0000 [2600:100a:b022:4d8b:9df0:ca9d:6075:5407] [/home/u991737198/domains/tas2023.online/public_html/lib/base.php:1871] Base->call()
Wed, 21 May 2025 09:49:20 +0000 [2600:100a:b022:4d8b:9df0:ca9d:6075:5407] [/home/u991737198/domains/tas2023.online/public_html/index.php:19] Base->run()
Wed, 21 May 2025 09:49:24 +0000 [2600:100a:b022:4d8b:9df0:ca9d:6075:5407] 401: HTTP 401 (GET /task/listtasks) trace: [/home/u991737198/domains/tas2023.online/public_html/lib/access.php:112] Base->error()
Wed, 21 May 2025 09:49:24 +0000 [2600:100a:b022:4d8b:9df0:ca9d:6075:5407] [/home/u991737198/domains/tas2023.online/public_html/app/controllers/Controller.php:78] Access->authorize()
Wed, 21 May 2025 09:49:24 +0000 [2600:100a:b022:4d8b:9df0:ca9d:6075:5407] [/home/u991737198/domains/tas2023.online/public_html/lib/base.php:2069] Controller->beforeroute()
Wed, 21 May 2025 09:49:24 +0000 [2600:100a:b022:4d8b:9df0:ca9d:6075:5407] [/home/u991737198/domains/tas2023.online/public_html/lib/base.php:1871] Base->call()
Wed, 21 May 2025 09:49:24 +0000 [2600:100a:b022:4d8b:9df0:ca9d:6075:5407] [/home/u991737198/domains/tas2023.online/public_html/index.php:19] Base->run()
Wed, 21 May 2025 09:50:01 +0000 [2600:100a:b022:4d8b:9df0:ca9d:6075:5407] 500: Undefined variable $selected_note trace: [/home/u991737198/domains/tas2023.online/public_html/tmp/3hn69l4qoa804.3g8shy2588w00.php:385]
Wed, 21 May 2025 09:50:01 +0000 [2600:100a:b022:4d8b:9df0:ca9d:6075:5407] [/home/u991737198/domains/tas2023.online/public_html/tmp/3hn69l4qoa804.3g8shy2588w00.php:385] Base->{closure}()
Wed, 21 May 2025 09:50:01 +0000 [2600:100a:b022:4d8b:9df0:ca9d:6075:5407] [/home/u991737198/domains/tas2023.online/public_html/lib/base.php:3036] require('/home/u991737198/domains/tas2023.online/public_html/tmp/3hn69l4qoa804.3g8shy2588w00.php')
Wed, 21 May 2025 09:50:01 +0000 [2600:100a:b022:4d8b:9df0:ca9d:6075:5407] [/home/u991737198/domains/tas2023.online/public_html/lib/base.php:3281] View->sandbox()
Wed, 21 May 2025 09:50:01 +0000 [2600:100a:b022:4d8b:9df0:ca9d:6075:5407] [/home/u991737198/domains/tas2023.online/public_html/tmp/3hn69l4qoa804.3h31n1yj254w8.php:7] Preview->render()
Wed, 21 May 2025 09:50:01 +0000 [2600:100a:b022:4d8b:9df0:ca9d:6075:5407] [/home/u991737198/domains/tas2023.online/public_html/lib/base.php:3036] require('/home/u991737198/domains/tas2023.online/public_html/tmp/3hn69l4qoa804.3h31n1yj254w8.php')
Wed, 21 May 2025 09:50:01 +0000 [2600:100a:b022:4d8b:9df0:ca9d:6075:5407] [/home/u991737198/domains/tas2023.online/public_html/lib/base.php:3281] View->sandbox()
Wed, 21 May 2025 09:50:01 +0000 [2600:100a:b022:4d8b:9df0:ca9d:6075:5407] [/home/u991737198/domains/tas2023.online/public_html/app/controllers/Controller.php:87] Preview->render()
Wed, 21 May 2025 09:50:01 +0000 [2600:100a:b022:4d8b:9df0:ca9d:6075:5407] [/home/u991737198/domains/tas2023.online/public_html/lib/base.php:2078] Controller->afterroute()
Wed, 21 May 2025 09:50:01 +0000 [2600:100a:b022:4d8b:9df0:ca9d:6075:5407] [/home/u991737198/domains/tas2023.online/public_html/lib/base.php:1871] Base->call()
Wed, 21 May 2025 09:50:01 +0000 [2600:100a:b022:4d8b:9df0:ca9d:6075:5407] [/home/u991737198/domains/tas2023.online/public_html/index.php:19] Base->run()
Wed, 21 May 2025 09:50:29 +0000 [2600:100a:b022:4d8b:9df0:ca9d:6075:5407] 500: Undefined variable $selected_note trace: [/home/u991737198/domains/tas2023.online/public_html/tmp/3hn69l4qoa804.3g8shy2588w00.php:385]
Wed, 21 May 2025 09:50:29 +0000 [2600:100a:b022:4d8b:9df0:ca9d:6075:5407] [/home/u991737198/domains/tas2023.online/public_html/tmp/3hn69l4qoa804.3g8shy2588w00.php:385] Base->{closure}()
Wed, 21 May 2025 09:50:29 +0000 [2600:100a:b022:4d8b:9df0:ca9d:6075:5407] [/home/u991737198/domains/tas2023.online/public_html/lib/base.php:3036] require('/home/u991737198/domains/tas2023.online/public_html/tmp/3hn69l4qoa804.3g8shy2588w00.php')
Wed, 21 May 2025 09:50:29 +0000 [2600:100a:b022:4d8b:9df0:ca9d:6075:5407] [/home/u991737198/domains/tas2023.online/public_html/lib/base.php:3281] View->sandbox()
Wed, 21 May 2025 09:50:29 +0000 [2600:100a:b022:4d8b:9df0:ca9d:6075:5407] [/home/u991737198/domains/tas2023.online/public_html/tmp/3hn69l4qoa804.3h31n1yj254w8.php:7] Preview->render()
Wed, 21 May 2025 09:50:29 +0000 [2600:100a:b022:4d8b:9df0:ca9d:6075:5407] [/home/u991737198/domains/tas2023.online/public_html/lib/base.php:3036] require('/home/u991737198/domains/tas2023.online/public_html/tmp/3hn69l4qoa804.3h31n1yj254w8.php')
Wed, 21 May 2025 09:50:29 +0000 [2600:100a:b022:4d8b:9df0:ca9d:6075:5407] [/home/u991737198/domains/tas2023.online/public_html/lib/base.php:3281] View->sandbox()
Wed, 21 May 2025 09:50:29 +0000 [2600:100a:b022:4d8b:9df0:ca9d:6075:5407] [/home/u991737198/domains/tas2023.online/public_html/app/controllers/Controller.php:87] Preview->render()
Wed, 21 May 2025 09:50:29 +0000 [2600:100a:b022:4d8b:9df0:ca9d:6075:5407] [/home/u991737198/domains/tas2023.online/public_html/lib/base.php:2078] Controller->afterroute()
Wed, 21 May 2025 09:50:29 +0000 [2600:100a:b022:4d8b:9df0:ca9d:6075:5407] [/home/u991737198/domains/tas2023.online/public_html/lib/base.php:1871] Base->call()
Wed, 21 May 2025 09:50:29 +0000 [2600:100a:b022:4d8b:9df0:ca9d:6075:5407] [/home/u991737198/domains/tas2023.online/public_html/index.php:19] Base->run()
