Mon, 27 Jan 2025 10:18:30 -0500 [2603:9000:f801:55e2:2991:3af1:b55a:fd4f] 500: Undefined variable $i18n_select_task_type trace: [/home/u991737198/domains/tas2023.online/public_html/tmp/3hn69l4qoa804.9b9764piwerh.php:214]
Mon, 27 Jan 2025 10:18:30 -0500 [2603:9000:f801:55e2:2991:3af1:b55a:fd4f] [/home/u991737198/domains/tas2023.online/public_html/tmp/3hn69l4qoa804.9b9764piwerh.php:214] Base->{closure}()
Mon, 27 Jan 2025 10:18:30 -0500 [2603:9000:f801:55e2:2991:3af1:b55a:fd4f] [/home/u991737198/domains/tas2023.online/public_html/lib/base.php:3036] require('/home/u991737198/domains/tas2023.online/public_html/tmp/3hn69l4qoa804.9b9764piwerh.php')
Mon, 27 Jan 2025 10:18:30 -0500 [2603:9000:f801:55e2:2991:3af1:b55a:fd4f] [/home/u991737198/domains/tas2023.online/public_html/lib/base.php:3281] View->sandbox()
Mon, 27 Jan 2025 10:18:30 -0500 [2603:9000:f801:55e2:2991:3af1:b55a:fd4f] [/home/u991737198/domains/tas2023.online/public_html/tmp/3hn69l4qoa804.3h31n1yj254w8.php:7] Preview->render()
Mon, 27 Jan 2025 10:18:30 -0500 [2603:9000:f801:55e2:2991:3af1:b55a:fd4f] [/home/u991737198/domains/tas2023.online/public_html/lib/base.php:3036] require('/home/u991737198/domains/tas2023.online/public_html/tmp/3hn69l4qoa804.3h31n1yj254w8.php')
Mon, 27 Jan 2025 10:18:30 -0500 [2603:9000:f801:55e2:2991:3af1:b55a:fd4f] [/home/u991737198/domains/tas2023.online/public_html/lib/base.php:3281] View->sandbox()
Mon, 27 Jan 2025 10:18:30 -0500 [2603:9000:f801:55e2:2991:3af1:b55a:fd4f] [/home/u991737198/domains/tas2023.online/public_html/app/controllers/Controller.php:87] Preview->render()
Mon, 27 Jan 2025 10:18:30 -0500 [2603:9000:f801:55e2:2991:3af1:b55a:fd4f] [/home/u991737198/domains/tas2023.online/public_html/lib/base.php:2078] Controller->afterroute()
Mon, 27 Jan 2025 10:18:30 -0500 [2603:9000:f801:55e2:2991:3af1:b55a:fd4f] [/home/u991737198/domains/tas2023.online/public_html/lib/base.php:1871] Base->call()
Mon, 27 Jan 2025 10:18:30 -0500 [2603:9000:f801:55e2:2991:3af1:b55a:fd4f] [/home/u991737198/domains/tas2023.online/public_html/index.php:19] Base->run()
Mon, 27 Jan 2025 10:18:32 -0500 [2603:9000:f801:55e2:2991:3af1:b55a:fd4f] 500: Undefined variable $entity_num trace: [tmp/3hn69l4qoa804.1zo7dt0fljr4w.php:200]
Mon, 27 Jan 2025 10:18:32 -0500 [2603:9000:f801:55e2:2991:3af1:b55a:fd4f] [tmp/3hn69l4qoa804.1zo7dt0fljr4w.php:200] Base->{closure}()
Mon, 27 Jan 2025 10:18:32 -0500 [2603:9000:f801:55e2:2991:3af1:b55a:fd4f] [lib/base.php:3036] require('/home/u991737198/domains/tas2023.online/public_html/tmp/3hn69l4qoa804.1zo7dt0fljr4w.php')
Mon, 27 Jan 2025 10:18:32 -0500 [2603:9000:f801:55e2:2991:3af1:b55a:fd4f] [lib/base.php:3281] View->sandbox()
Mon, 27 Jan 2025 10:18:32 -0500 [2603:9000:f801:55e2:2991:3af1:b55a:fd4f] [tmp/3hn69l4qoa804.3h31n1yj254w8.php:7] Preview->render()
Mon, 27 Jan 2025 10:18:32 -0500 [2603:9000:f801:55e2:2991:3af1:b55a:fd4f] [lib/base.php:3036] require('/home/u991737198/domains/tas2023.online/public_html/tmp/3hn69l4qoa804.3h31n1yj254w8.php')
Mon, 27 Jan 2025 10:18:32 -0500 [2603:9000:f801:55e2:2991:3af1:b55a:fd4f] [lib/base.php:3281] View->sandbox()
Mon, 27 Jan 2025 10:18:32 -0500 [2603:9000:f801:55e2:2991:3af1:b55a:fd4f] [app/controllers/Controller.php:87] Preview->render()
Mon, 27 Jan 2025 10:18:32 -0500 [2603:9000:f801:55e2:2991:3af1:b55a:fd4f] [lib/base.php:2078] Controller->afterroute()
Mon, 27 Jan 2025 10:18:32 -0500 [2603:9000:f801:55e2:2991:3af1:b55a:fd4f] [lib/base.php:1871] Base->call()
Mon, 27 Jan 2025 10:18:32 -0500 [2603:9000:f801:55e2:2991:3af1:b55a:fd4f] [index.php:19] Base->run()
Mon, 27 Jan 2025 10:18:35 -0500 [2603:9000:f801:55e2:2991:3af1:b55a:fd4f] 500: Undefined variable $token trace: [tmp/3hn69l4qoa804.2r4f9cgm96ecs.php:226]
Mon, 27 Jan 2025 10:18:35 -0500 [2603:9000:f801:55e2:2991:3af1:b55a:fd4f] [tmp/3hn69l4qoa804.2r4f9cgm96ecs.php:226] Base->{closure}()
Mon, 27 Jan 2025 10:18:35 -0500 [2603:9000:f801:55e2:2991:3af1:b55a:fd4f] [lib/base.php:3036] require('/home/u991737198/domains/tas2023.online/public_html/tmp/3hn69l4qoa804.2r4f9cgm96ecs.php')
Mon, 27 Jan 2025 10:18:35 -0500 [2603:9000:f801:55e2:2991:3af1:b55a:fd4f] [lib/base.php:3281] View->sandbox()
Mon, 27 Jan 2025 10:18:35 -0500 [2603:9000:f801:55e2:2991:3af1:b55a:fd4f] [tmp/3hn69l4qoa804.3h31n1yj254w8.php:7] Preview->render()
Mon, 27 Jan 2025 10:18:35 -0500 [2603:9000:f801:55e2:2991:3af1:b55a:fd4f] [lib/base.php:3036] require('/home/u991737198/domains/tas2023.online/public_html/tmp/3hn69l4qoa804.3h31n1yj254w8.php')
Mon, 27 Jan 2025 10:18:35 -0500 [2603:9000:f801:55e2:2991:3af1:b55a:fd4f] [lib/base.php:3281] View->sandbox()
Mon, 27 Jan 2025 10:18:35 -0500 [2603:9000:f801:55e2:2991:3af1:b55a:fd4f] [app/controllers/Controller.php:87] Preview->render()
Mon, 27 Jan 2025 10:18:35 -0500 [2603:9000:f801:55e2:2991:3af1:b55a:fd4f] [lib/base.php:2078] Controller->afterroute()
Mon, 27 Jan 2025 10:18:35 -0500 [2603:9000:f801:55e2:2991:3af1:b55a:fd4f] [lib/base.php:1871] Base->call()
Mon, 27 Jan 2025 10:18:35 -0500 [2603:9000:f801:55e2:2991:3af1:b55a:fd4f] [index.php:19] Base->run()
Mon, 27 Jan 2025 10:18:39 -0500 [2603:9000:f801:55e2:2991:3af1:b55a:fd4f] 500: Undefined variable $token trace: [tmp/3hn69l4qoa804.2r4f9cgm96ecs.php:226]
Mon, 27 Jan 2025 10:18:39 -0500 [2603:9000:f801:55e2:2991:3af1:b55a:fd4f] [tmp/3hn69l4qoa804.2r4f9cgm96ecs.php:226] Base->{closure}()
Mon, 27 Jan 2025 10:18:39 -0500 [2603:9000:f801:55e2:2991:3af1:b55a:fd4f] [lib/base.php:3036] require('/home/u991737198/domains/tas2023.online/public_html/tmp/3hn69l4qoa804.2r4f9cgm96ecs.php')
Mon, 27 Jan 2025 10:18:39 -0500 [2603:9000:f801:55e2:2991:3af1:b55a:fd4f] [lib/base.php:3281] View->sandbox()
Mon, 27 Jan 2025 10:18:39 -0500 [2603:9000:f801:55e2:2991:3af1:b55a:fd4f] [tmp/3hn69l4qoa804.3h31n1yj254w8.php:7] Preview->render()
Mon, 27 Jan 2025 10:18:39 -0500 [2603:9000:f801:55e2:2991:3af1:b55a:fd4f] [lib/base.php:3036] require('/home/u991737198/domains/tas2023.online/public_html/tmp/3hn69l4qoa804.3h31n1yj254w8.php')
Mon, 27 Jan 2025 10:18:39 -0500 [2603:9000:f801:55e2:2991:3af1:b55a:fd4f] [lib/base.php:3281] View->sandbox()
Mon, 27 Jan 2025 10:18:39 -0500 [2603:9000:f801:55e2:2991:3af1:b55a:fd4f] [app/controllers/Controller.php:87] Preview->render()
Mon, 27 Jan 2025 10:18:39 -0500 [2603:9000:f801:55e2:2991:3af1:b55a:fd4f] [lib/base.php:2078] Controller->afterroute()
Mon, 27 Jan 2025 10:18:39 -0500 [2603:9000:f801:55e2:2991:3af1:b55a:fd4f] [lib/base.php:1871] Base->call()
Mon, 27 Jan 2025 10:18:39 -0500 [2603:9000:f801:55e2:2991:3af1:b55a:fd4f] [index.php:19] Base->run()
Mon, 27 Jan 2025 10:18:41 -0500 [2603:9000:f801:55e2:2991:3af1:b55a:fd4f] 500: Undefined variable $modal trace: [tmp/3hn69l4qoa804.s6y49d7myqde.php:84]
Mon, 27 Jan 2025 10:18:41 -0500 [2603:9000:f801:55e2:2991:3af1:b55a:fd4f] [tmp/3hn69l4qoa804.s6y49d7myqde.php:84] Base->{closure}()
Mon, 27 Jan 2025 10:18:41 -0500 [2603:9000:f801:55e2:2991:3af1:b55a:fd4f] [lib/base.php:3036] require('/home/u991737198/domains/tas2023.online/public_html/tmp/3hn69l4qoa804.s6y49d7myqde.php')
Mon, 27 Jan 2025 10:18:41 -0500 [2603:9000:f801:55e2:2991:3af1:b55a:fd4f] [lib/base.php:3281] View->sandbox()
Mon, 27 Jan 2025 10:18:41 -0500 [2603:9000:f801:55e2:2991:3af1:b55a:fd4f] [tmp/3hn69l4qoa804.3h31n1yj254w8.php:7] Preview->render()
Mon, 27 Jan 2025 10:18:41 -0500 [2603:9000:f801:55e2:2991:3af1:b55a:fd4f] [lib/base.php:3036] require('/home/u991737198/domains/tas2023.online/public_html/tmp/3hn69l4qoa804.3h31n1yj254w8.php')
Mon, 27 Jan 2025 10:18:41 -0500 [2603:9000:f801:55e2:2991:3af1:b55a:fd4f] [lib/base.php:3281] View->sandbox()
Mon, 27 Jan 2025 10:18:41 -0500 [2603:9000:f801:55e2:2991:3af1:b55a:fd4f] [app/controllers/Controller.php:87] Preview->render()
Mon, 27 Jan 2025 10:18:41 -0500 [2603:9000:f801:55e2:2991:3af1:b55a:fd4f] [lib/base.php:2078] Controller->afterroute()
Mon, 27 Jan 2025 10:18:41 -0500 [2603:9000:f801:55e2:2991:3af1:b55a:fd4f] [lib/base.php:1871] Base->call()
Mon, 27 Jan 2025 10:18:41 -0500 [2603:9000:f801:55e2:2991:3af1:b55a:fd4f] [index.php:19] Base->run()
Mon, 27 Jan 2025 10:18:51 -0500 [2603:9000:f801:55e2:2991:3af1:b55a:fd4f] 500: Undefined variable $token trace: [tmp/3hn69l4qoa804.2r4f9cgm96ecs.php:226]
Mon, 27 Jan 2025 10:18:51 -0500 [2603:9000:f801:55e2:2991:3af1:b55a:fd4f] [tmp/3hn69l4qoa804.2r4f9cgm96ecs.php:226] Base->{closure}()
Mon, 27 Jan 2025 10:18:51 -0500 [2603:9000:f801:55e2:2991:3af1:b55a:fd4f] [lib/base.php:3036] require('/home/u991737198/domains/tas2023.online/public_html/tmp/3hn69l4qoa804.2r4f9cgm96ecs.php')
Mon, 27 Jan 2025 10:18:51 -0500 [2603:9000:f801:55e2:2991:3af1:b55a:fd4f] [lib/base.php:3281] View->sandbox()
Mon, 27 Jan 2025 10:18:51 -0500 [2603:9000:f801:55e2:2991:3af1:b55a:fd4f] [tmp/3hn69l4qoa804.3h31n1yj254w8.php:7] Preview->render()
Mon, 27 Jan 2025 10:18:51 -0500 [2603:9000:f801:55e2:2991:3af1:b55a:fd4f] [lib/base.php:3036] require('/home/u991737198/domains/tas2023.online/public_html/tmp/3hn69l4qoa804.3h31n1yj254w8.php')
Mon, 27 Jan 2025 10:18:51 -0500 [2603:9000:f801:55e2:2991:3af1:b55a:fd4f] [lib/base.php:3281] View->sandbox()
Mon, 27 Jan 2025 10:18:51 -0500 [2603:9000:f801:55e2:2991:3af1:b55a:fd4f] [app/controllers/Controller.php:87] Preview->render()
Mon, 27 Jan 2025 10:18:51 -0500 [2603:9000:f801:55e2:2991:3af1:b55a:fd4f] [lib/base.php:2078] Controller->afterroute()
Mon, 27 Jan 2025 10:18:51 -0500 [2603:9000:f801:55e2:2991:3af1:b55a:fd4f] [lib/base.php:1871] Base->call()
Mon, 27 Jan 2025 10:18:51 -0500 [2603:9000:f801:55e2:2991:3af1:b55a:fd4f] [index.php:19] Base->run()
Mon, 27 Jan 2025 10:19:34 -0500 [2603:9000:f801:55e2:2991:3af1:b55a:fd4f] 500: Undefined variable $i18n_select_task_type trace: [/home/u991737198/domains/tas2023.online/public_html/tmp/3hn69l4qoa804.9b9764piwerh.php:214]
Mon, 27 Jan 2025 10:19:34 -0500 [2603:9000:f801:55e2:2991:3af1:b55a:fd4f] [/home/u991737198/domains/tas2023.online/public_html/tmp/3hn69l4qoa804.9b9764piwerh.php:214] Base->{closure}()
Mon, 27 Jan 2025 10:19:34 -0500 [2603:9000:f801:55e2:2991:3af1:b55a:fd4f] [/home/u991737198/domains/tas2023.online/public_html/lib/base.php:3036] require('/home/u991737198/domains/tas2023.online/public_html/tmp/3hn69l4qoa804.9b9764piwerh.php')
Mon, 27 Jan 2025 10:19:34 -0500 [2603:9000:f801:55e2:2991:3af1:b55a:fd4f] [/home/u991737198/domains/tas2023.online/public_html/lib/base.php:3281] View->sandbox()
Mon, 27 Jan 2025 10:19:34 -0500 [2603:9000:f801:55e2:2991:3af1:b55a:fd4f] [/home/u991737198/domains/tas2023.online/public_html/tmp/3hn69l4qoa804.3h31n1yj254w8.php:7] Preview->render()
Mon, 27 Jan 2025 10:19:34 -0500 [2603:9000:f801:55e2:2991:3af1:b55a:fd4f] [/home/u991737198/domains/tas2023.online/public_html/lib/base.php:3036] require('/home/u991737198/domains/tas2023.online/public_html/tmp/3hn69l4qoa804.3h31n1yj254w8.php')
Mon, 27 Jan 2025 10:19:34 -0500 [2603:9000:f801:55e2:2991:3af1:b55a:fd4f] [/home/u991737198/domains/tas2023.online/public_html/lib/base.php:3281] View->sandbox()
Mon, 27 Jan 2025 10:19:34 -0500 [2603:9000:f801:55e2:2991:3af1:b55a:fd4f] [/home/u991737198/domains/tas2023.online/public_html/app/controllers/Controller.php:87] Preview->render()
Mon, 27 Jan 2025 10:19:34 -0500 [2603:9000:f801:55e2:2991:3af1:b55a:fd4f] [/home/u991737198/domains/tas2023.online/public_html/lib/base.php:2078] Controller->afterroute()
Mon, 27 Jan 2025 10:19:34 -0500 [2603:9000:f801:55e2:2991:3af1:b55a:fd4f] [/home/u991737198/domains/tas2023.online/public_html/lib/base.php:1871] Base->call()
Mon, 27 Jan 2025 10:19:34 -0500 [2603:9000:f801:55e2:2991:3af1:b55a:fd4f] [/home/u991737198/domains/tas2023.online/public_html/index.php:19] Base->run()
Mon, 27 Jan 2025 10:19:43 -0500 [2603:9000:f801:55e2:2991:3af1:b55a:fd4f] 500: Undefined variable $entity_num trace: [tmp/3hn69l4qoa804.1zo7dt0fljr4w.php:200]
Mon, 27 Jan 2025 10:19:43 -0500 [2603:9000:f801:55e2:2991:3af1:b55a:fd4f] [tmp/3hn69l4qoa804.1zo7dt0fljr4w.php:200] Base->{closure}()
Mon, 27 Jan 2025 10:19:43 -0500 [2603:9000:f801:55e2:2991:3af1:b55a:fd4f] [lib/base.php:3036] require('/home/u991737198/domains/tas2023.online/public_html/tmp/3hn69l4qoa804.1zo7dt0fljr4w.php')
Mon, 27 Jan 2025 10:19:43 -0500 [2603:9000:f801:55e2:2991:3af1:b55a:fd4f] [lib/base.php:3281] View->sandbox()
Mon, 27 Jan 2025 10:19:43 -0500 [2603:9000:f801:55e2:2991:3af1:b55a:fd4f] [tmp/3hn69l4qoa804.3h31n1yj254w8.php:7] Preview->render()
Mon, 27 Jan 2025 10:19:43 -0500 [2603:9000:f801:55e2:2991:3af1:b55a:fd4f] [lib/base.php:3036] require('/home/u991737198/domains/tas2023.online/public_html/tmp/3hn69l4qoa804.3h31n1yj254w8.php')
Mon, 27 Jan 2025 10:19:43 -0500 [2603:9000:f801:55e2:2991:3af1:b55a:fd4f] [lib/base.php:3281] View->sandbox()
Mon, 27 Jan 2025 10:19:43 -0500 [2603:9000:f801:55e2:2991:3af1:b55a:fd4f] [app/controllers/Controller.php:87] Preview->render()
Mon, 27 Jan 2025 10:19:43 -0500 [2603:9000:f801:55e2:2991:3af1:b55a:fd4f] [lib/base.php:2078] Controller->afterroute()
Mon, 27 Jan 2025 10:19:43 -0500 [2603:9000:f801:55e2:2991:3af1:b55a:fd4f] [lib/base.php:1871] Base->call()
Mon, 27 Jan 2025 10:19:43 -0500 [2603:9000:f801:55e2:2991:3af1:b55a:fd4f] [index.php:19] Base->run()
Mon, 27 Jan 2025 10:19:46 -0500 [2603:9000:f801:55e2:2991:3af1:b55a:fd4f] 500: Undefined variable $token trace: [tmp/3hn69l4qoa804.2r4f9cgm96ecs.php:226]
Mon, 27 Jan 2025 10:19:46 -0500 [2603:9000:f801:55e2:2991:3af1:b55a:fd4f] [tmp/3hn69l4qoa804.2r4f9cgm96ecs.php:226] Base->{closure}()
Mon, 27 Jan 2025 10:19:46 -0500 [2603:9000:f801:55e2:2991:3af1:b55a:fd4f] [lib/base.php:3036] require('/home/u991737198/domains/tas2023.online/public_html/tmp/3hn69l4qoa804.2r4f9cgm96ecs.php')
Mon, 27 Jan 2025 10:19:46 -0500 [2603:9000:f801:55e2:2991:3af1:b55a:fd4f] [lib/base.php:3281] View->sandbox()
Mon, 27 Jan 2025 10:19:46 -0500 [2603:9000:f801:55e2:2991:3af1:b55a:fd4f] [tmp/3hn69l4qoa804.3h31n1yj254w8.php:7] Preview->render()
Mon, 27 Jan 2025 10:19:46 -0500 [2603:9000:f801:55e2:2991:3af1:b55a:fd4f] [lib/base.php:3036] require('/home/u991737198/domains/tas2023.online/public_html/tmp/3hn69l4qoa804.3h31n1yj254w8.php')
Mon, 27 Jan 2025 10:19:46 -0500 [2603:9000:f801:55e2:2991:3af1:b55a:fd4f] [lib/base.php:3281] View->sandbox()
Mon, 27 Jan 2025 10:19:46 -0500 [2603:9000:f801:55e2:2991:3af1:b55a:fd4f] [app/controllers/Controller.php:87] Preview->render()
Mon, 27 Jan 2025 10:19:46 -0500 [2603:9000:f801:55e2:2991:3af1:b55a:fd4f] [lib/base.php:2078] Controller->afterroute()
Mon, 27 Jan 2025 10:19:46 -0500 [2603:9000:f801:55e2:2991:3af1:b55a:fd4f] [lib/base.php:1871] Base->call()
Mon, 27 Jan 2025 10:19:46 -0500 [2603:9000:f801:55e2:2991:3af1:b55a:fd4f] [index.php:19] Base->run()
Mon, 27 Jan 2025 10:19:51 -0500 [2603:9000:f801:55e2:2991:3af1:b55a:fd4f] 500: Undefined variable $token trace: [tmp/3hn69l4qoa804.2r4f9cgm96ecs.php:226]
Mon, 27 Jan 2025 10:19:51 -0500 [2603:9000:f801:55e2:2991:3af1:b55a:fd4f] [tmp/3hn69l4qoa804.2r4f9cgm96ecs.php:226] Base->{closure}()
Mon, 27 Jan 2025 10:19:51 -0500 [2603:9000:f801:55e2:2991:3af1:b55a:fd4f] [lib/base.php:3036] require('/home/u991737198/domains/tas2023.online/public_html/tmp/3hn69l4qoa804.2r4f9cgm96ecs.php')
Mon, 27 Jan 2025 10:19:51 -0500 [2603:9000:f801:55e2:2991:3af1:b55a:fd4f] [lib/base.php:3281] View->sandbox()
Mon, 27 Jan 2025 10:19:51 -0500 [2603:9000:f801:55e2:2991:3af1:b55a:fd4f] [tmp/3hn69l4qoa804.3h31n1yj254w8.php:7] Preview->render()
Mon, 27 Jan 2025 10:19:51 -0500 [2603:9000:f801:55e2:2991:3af1:b55a:fd4f] [lib/base.php:3036] require('/home/u991737198/domains/tas2023.online/public_html/tmp/3hn69l4qoa804.3h31n1yj254w8.php')
Mon, 27 Jan 2025 10:19:51 -0500 [2603:9000:f801:55e2:2991:3af1:b55a:fd4f] [lib/base.php:3281] View->sandbox()
Mon, 27 Jan 2025 10:19:51 -0500 [2603:9000:f801:55e2:2991:3af1:b55a:fd4f] [app/controllers/Controller.php:87] Preview->render()
Mon, 27 Jan 2025 10:19:51 -0500 [2603:9000:f801:55e2:2991:3af1:b55a:fd4f] [lib/base.php:2078] Controller->afterroute()
Mon, 27 Jan 2025 10:19:51 -0500 [2603:9000:f801:55e2:2991:3af1:b55a:fd4f] [lib/base.php:1871] Base->call()
Mon, 27 Jan 2025 10:19:51 -0500 [2603:9000:f801:55e2:2991:3af1:b55a:fd4f] [index.php:19] Base->run()
Mon, 27 Jan 2025 10:19:53 -0500 [2603:9000:f801:55e2:2991:3af1:b55a:fd4f] 500: Undefined variable $modal trace: [tmp/3hn69l4qoa804.s6y49d7myqde.php:84]
Mon, 27 Jan 2025 10:19:53 -0500 [2603:9000:f801:55e2:2991:3af1:b55a:fd4f] [tmp/3hn69l4qoa804.s6y49d7myqde.php:84] Base->{closure}()
Mon, 27 Jan 2025 10:19:53 -0500 [2603:9000:f801:55e2:2991:3af1:b55a:fd4f] [lib/base.php:3036] require('/home/u991737198/domains/tas2023.online/public_html/tmp/3hn69l4qoa804.s6y49d7myqde.php')
Mon, 27 Jan 2025 10:19:53 -0500 [2603:9000:f801:55e2:2991:3af1:b55a:fd4f] [lib/base.php:3281] View->sandbox()
Mon, 27 Jan 2025 10:19:53 -0500 [2603:9000:f801:55e2:2991:3af1:b55a:fd4f] [tmp/3hn69l4qoa804.3h31n1yj254w8.php:7] Preview->render()
Mon, 27 Jan 2025 10:19:53 -0500 [2603:9000:f801:55e2:2991:3af1:b55a:fd4f] [lib/base.php:3036] require('/home/u991737198/domains/tas2023.online/public_html/tmp/3hn69l4qoa804.3h31n1yj254w8.php')
Mon, 27 Jan 2025 10:19:53 -0500 [2603:9000:f801:55e2:2991:3af1:b55a:fd4f] [lib/base.php:3281] View->sandbox()
Mon, 27 Jan 2025 10:19:53 -0500 [2603:9000:f801:55e2:2991:3af1:b55a:fd4f] [app/controllers/Controller.php:87] Preview->render()
Mon, 27 Jan 2025 10:19:53 -0500 [2603:9000:f801:55e2:2991:3af1:b55a:fd4f] [lib/base.php:2078] Controller->afterroute()
Mon, 27 Jan 2025 10:19:53 -0500 [2603:9000:f801:55e2:2991:3af1:b55a:fd4f] [lib/base.php:1871] Base->call()
Mon, 27 Jan 2025 10:19:53 -0500 [2603:9000:f801:55e2:2991:3af1:b55a:fd4f] [index.php:19] Base->run()
Mon, 27 Jan 2025 10:20:05 -0500 [2603:9000:f801:55e2:2991:3af1:b55a:fd4f] 500: Undefined variable $token trace: [tmp/3hn69l4qoa804.2r4f9cgm96ecs.php:226]
Mon, 27 Jan 2025 10:20:05 -0500 [2603:9000:f801:55e2:2991:3af1:b55a:fd4f] [tmp/3hn69l4qoa804.2r4f9cgm96ecs.php:226] Base->{closure}()
Mon, 27 Jan 2025 10:20:05 -0500 [2603:9000:f801:55e2:2991:3af1:b55a:fd4f] [lib/base.php:3036] require('/home/u991737198/domains/tas2023.online/public_html/tmp/3hn69l4qoa804.2r4f9cgm96ecs.php')
Mon, 27 Jan 2025 10:20:05 -0500 [2603:9000:f801:55e2:2991:3af1:b55a:fd4f] [lib/base.php:3281] View->sandbox()
Mon, 27 Jan 2025 10:20:05 -0500 [2603:9000:f801:55e2:2991:3af1:b55a:fd4f] [tmp/3hn69l4qoa804.3h31n1yj254w8.php:7] Preview->render()
Mon, 27 Jan 2025 10:20:05 -0500 [2603:9000:f801:55e2:2991:3af1:b55a:fd4f] [lib/base.php:3036] require('/home/u991737198/domains/tas2023.online/public_html/tmp/3hn69l4qoa804.3h31n1yj254w8.php')
Mon, 27 Jan 2025 10:20:05 -0500 [2603:9000:f801:55e2:2991:3af1:b55a:fd4f] [lib/base.php:3281] View->sandbox()
Mon, 27 Jan 2025 10:20:05 -0500 [2603:9000:f801:55e2:2991:3af1:b55a:fd4f] [app/controllers/Controller.php:87] Preview->render()
Mon, 27 Jan 2025 10:20:05 -0500 [2603:9000:f801:55e2:2991:3af1:b55a:fd4f] [lib/base.php:2078] Controller->afterroute()
Mon, 27 Jan 2025 10:20:05 -0500 [2603:9000:f801:55e2:2991:3af1:b55a:fd4f] [lib/base.php:1871] Base->call()
Mon, 27 Jan 2025 10:20:05 -0500 [2603:9000:f801:55e2:2991:3af1:b55a:fd4f] [index.php:19] Base->run()
Mon, 27 Jan 2025 10:20:13 -0500 [2603:9000:f801:55e2:2991:3af1:b55a:fd4f] 500: Undefined variable $i18n_select_task_type trace: [/home/u991737198/domains/tas2023.online/public_html/tmp/3hn69l4qoa804.9b9764piwerh.php:214]
Mon, 27 Jan 2025 10:20:13 -0500 [2603:9000:f801:55e2:2991:3af1:b55a:fd4f] [/home/u991737198/domains/tas2023.online/public_html/tmp/3hn69l4qoa804.9b9764piwerh.php:214] Base->{closure}()
Mon, 27 Jan 2025 10:20:13 -0500 [2603:9000:f801:55e2:2991:3af1:b55a:fd4f] [/home/u991737198/domains/tas2023.online/public_html/lib/base.php:3036] require('/home/u991737198/domains/tas2023.online/public_html/tmp/3hn69l4qoa804.9b9764piwerh.php')
Mon, 27 Jan 2025 10:20:13 -0500 [2603:9000:f801:55e2:2991:3af1:b55a:fd4f] [/home/u991737198/domains/tas2023.online/public_html/lib/base.php:3281] View->sandbox()
Mon, 27 Jan 2025 10:20:13 -0500 [2603:9000:f801:55e2:2991:3af1:b55a:fd4f] [/home/u991737198/domains/tas2023.online/public_html/tmp/3hn69l4qoa804.3h31n1yj254w8.php:7] Preview->render()
Mon, 27 Jan 2025 10:20:13 -0500 [2603:9000:f801:55e2:2991:3af1:b55a:fd4f] [/home/u991737198/domains/tas2023.online/public_html/lib/base.php:3036] require('/home/u991737198/domains/tas2023.online/public_html/tmp/3hn69l4qoa804.3h31n1yj254w8.php')
Mon, 27 Jan 2025 10:20:13 -0500 [2603:9000:f801:55e2:2991:3af1:b55a:fd4f] [/home/u991737198/domains/tas2023.online/public_html/lib/base.php:3281] View->sandbox()
Mon, 27 Jan 2025 10:20:13 -0500 [2603:9000:f801:55e2:2991:3af1:b55a:fd4f] [/home/u991737198/domains/tas2023.online/public_html/app/controllers/Controller.php:87] Preview->render()
Mon, 27 Jan 2025 10:20:13 -0500 [2603:9000:f801:55e2:2991:3af1:b55a:fd4f] [/home/u991737198/domains/tas2023.online/public_html/lib/base.php:2078] Controller->afterroute()
Mon, 27 Jan 2025 10:20:13 -0500 [2603:9000:f801:55e2:2991:3af1:b55a:fd4f] [/home/u991737198/domains/tas2023.online/public_html/lib/base.php:1871] Base->call()
Mon, 27 Jan 2025 10:20:13 -0500 [2603:9000:f801:55e2:2991:3af1:b55a:fd4f] [/home/u991737198/domains/tas2023.online/public_html/index.php:19] Base->run()
Mon, 27 Jan 2025 10:26:35 -0500 [2603:9000:f801:55e2:2991:3af1:b55a:fd4f] 500: Undefined variable $entity_num trace: [tmp/3hn69l4qoa804.1zo7dt0fljr4w.php:200]
Mon, 27 Jan 2025 10:26:35 -0500 [2603:9000:f801:55e2:2991:3af1:b55a:fd4f] [tmp/3hn69l4qoa804.1zo7dt0fljr4w.php:200] Base->{closure}()
Mon, 27 Jan 2025 10:26:35 -0500 [2603:9000:f801:55e2:2991:3af1:b55a:fd4f] [lib/base.php:3036] require('/home/u991737198/domains/tas2023.online/public_html/tmp/3hn69l4qoa804.1zo7dt0fljr4w.php')
Mon, 27 Jan 2025 10:26:35 -0500 [2603:9000:f801:55e2:2991:3af1:b55a:fd4f] [lib/base.php:3281] View->sandbox()
Mon, 27 Jan 2025 10:26:35 -0500 [2603:9000:f801:55e2:2991:3af1:b55a:fd4f] [tmp/3hn69l4qoa804.3h31n1yj254w8.php:7] Preview->render()
Mon, 27 Jan 2025 10:26:35 -0500 [2603:9000:f801:55e2:2991:3af1:b55a:fd4f] [lib/base.php:3036] require('/home/u991737198/domains/tas2023.online/public_html/tmp/3hn69l4qoa804.3h31n1yj254w8.php')
Mon, 27 Jan 2025 10:26:35 -0500 [2603:9000:f801:55e2:2991:3af1:b55a:fd4f] [lib/base.php:3281] View->sandbox()
Mon, 27 Jan 2025 10:26:35 -0500 [2603:9000:f801:55e2:2991:3af1:b55a:fd4f] [app/controllers/Controller.php:87] Preview->render()
Mon, 27 Jan 2025 10:26:35 -0500 [2603:9000:f801:55e2:2991:3af1:b55a:fd4f] [lib/base.php:2078] Controller->afterroute()
Mon, 27 Jan 2025 10:26:35 -0500 [2603:9000:f801:55e2:2991:3af1:b55a:fd4f] [lib/base.php:1871] Base->call()
Mon, 27 Jan 2025 10:26:35 -0500 [2603:9000:f801:55e2:2991:3af1:b55a:fd4f] [index.php:19] Base->run()
Mon, 27 Jan 2025 10:26:35 -0500 [2603:9000:f801:55e2:2991:3af1:b55a:fd4f] 401: HTTP 401 (GET /task/taskData) trace: [/home/u991737198/domains/tas2023.online/public_html/lib/access.php:112] Base->error()
Mon, 27 Jan 2025 10:26:35 -0500 [2603:9000:f801:55e2:2991:3af1:b55a:fd4f] [/home/u991737198/domains/tas2023.online/public_html/app/controllers/Controller.php:78] Access->authorize()
Mon, 27 Jan 2025 10:26:35 -0500 [2603:9000:f801:55e2:2991:3af1:b55a:fd4f] [/home/u991737198/domains/tas2023.online/public_html/lib/base.php:2069] Controller->beforeroute()
Mon, 27 Jan 2025 10:26:35 -0500 [2603:9000:f801:55e2:2991:3af1:b55a:fd4f] [/home/u991737198/domains/tas2023.online/public_html/lib/base.php:1871] Base->call()
Mon, 27 Jan 2025 10:26:35 -0500 [2603:9000:f801:55e2:2991:3af1:b55a:fd4f] [/home/u991737198/domains/tas2023.online/public_html/index.php:19] Base->run()
Mon, 27 Jan 2025 10:26:45 -0500 [2603:9000:f801:55e2:2991:3af1:b55a:fd4f] 401: HTTP 401 (GET /task/listtasks) trace: [/home/u991737198/domains/tas2023.online/public_html/lib/access.php:112] Base->error()
Mon, 27 Jan 2025 10:26:45 -0500 [2603:9000:f801:55e2:2991:3af1:b55a:fd4f] [/home/u991737198/domains/tas2023.online/public_html/app/controllers/Controller.php:78] Access->authorize()
Mon, 27 Jan 2025 10:26:45 -0500 [2603:9000:f801:55e2:2991:3af1:b55a:fd4f] [/home/u991737198/domains/tas2023.online/public_html/lib/base.php:2069] Controller->beforeroute()
Mon, 27 Jan 2025 10:26:45 -0500 [2603:9000:f801:55e2:2991:3af1:b55a:fd4f] [/home/u991737198/domains/tas2023.online/public_html/lib/base.php:1871] Base->call()
Mon, 27 Jan 2025 10:26:45 -0500 [2603:9000:f801:55e2:2991:3af1:b55a:fd4f] [/home/u991737198/domains/tas2023.online/public_html/index.php:19] Base->run()
Mon, 27 Jan 2025 10:27:16 -0500 [2603:9000:f801:55e2:2991:3af1:b55a:fd4f] 500: Undefined variable $i18n_select_task_type trace: [/home/u991737198/domains/tas2023.online/public_html/tmp/3hn69l4qoa804.9b9764piwerh.php:214]
Mon, 27 Jan 2025 10:27:16 -0500 [2603:9000:f801:55e2:2991:3af1:b55a:fd4f] [/home/u991737198/domains/tas2023.online/public_html/tmp/3hn69l4qoa804.9b9764piwerh.php:214] Base->{closure}()
Mon, 27 Jan 2025 10:27:16 -0500 [2603:9000:f801:55e2:2991:3af1:b55a:fd4f] [/home/u991737198/domains/tas2023.online/public_html/lib/base.php:3036] require('/home/u991737198/domains/tas2023.online/public_html/tmp/3hn69l4qoa804.9b9764piwerh.php')
Mon, 27 Jan 2025 10:27:16 -0500 [2603:9000:f801:55e2:2991:3af1:b55a:fd4f] [/home/u991737198/domains/tas2023.online/public_html/lib/base.php:3281] View->sandbox()
Mon, 27 Jan 2025 10:27:16 -0500 [2603:9000:f801:55e2:2991:3af1:b55a:fd4f] [/home/u991737198/domains/tas2023.online/public_html/tmp/3hn69l4qoa804.3h31n1yj254w8.php:7] Preview->render()
Mon, 27 Jan 2025 10:27:16 -0500 [2603:9000:f801:55e2:2991:3af1:b55a:fd4f] [/home/u991737198/domains/tas2023.online/public_html/lib/base.php:3036] require('/home/u991737198/domains/tas2023.online/public_html/tmp/3hn69l4qoa804.3h31n1yj254w8.php')
Mon, 27 Jan 2025 10:27:16 -0500 [2603:9000:f801:55e2:2991:3af1:b55a:fd4f] [/home/u991737198/domains/tas2023.online/public_html/lib/base.php:3281] View->sandbox()
Mon, 27 Jan 2025 10:27:16 -0500 [2603:9000:f801:55e2:2991:3af1:b55a:fd4f] [/home/u991737198/domains/tas2023.online/public_html/app/controllers/Controller.php:87] Preview->render()
Mon, 27 Jan 2025 10:27:16 -0500 [2603:9000:f801:55e2:2991:3af1:b55a:fd4f] [/home/u991737198/domains/tas2023.online/public_html/lib/base.php:2078] Controller->afterroute()
Mon, 27 Jan 2025 10:27:16 -0500 [2603:9000:f801:55e2:2991:3af1:b55a:fd4f] [/home/u991737198/domains/tas2023.online/public_html/lib/base.php:1871] Base->call()
Mon, 27 Jan 2025 10:27:16 -0500 [2603:9000:f801:55e2:2991:3af1:b55a:fd4f] [/home/u991737198/domains/tas2023.online/public_html/index.php:19] Base->run()
Mon, 27 Jan 2025 10:50:05 -0500 [2603:9000:f801:55e2:2991:3af1:b55a:fd4f] 500: Undefined variable $fechapicker trace: [/home/u991737198/domains/tas2023.online/public_html/tmp/3hn69l4qoa804.22phmm30e0u84.php:333]
Mon, 27 Jan 2025 10:50:05 -0500 [2603:9000:f801:55e2:2991:3af1:b55a:fd4f] [/home/u991737198/domains/tas2023.online/public_html/tmp/3hn69l4qoa804.22phmm30e0u84.php:333] Base->{closure}()
Mon, 27 Jan 2025 10:50:05 -0500 [2603:9000:f801:55e2:2991:3af1:b55a:fd4f] [/home/u991737198/domains/tas2023.online/public_html/lib/base.php:3036] require('/home/u991737198/domains/tas2023.online/public_html/tmp/3hn69l4qoa804.22phmm30e0u84.php')
Mon, 27 Jan 2025 10:50:05 -0500 [2603:9000:f801:55e2:2991:3af1:b55a:fd4f] [/home/u991737198/domains/tas2023.online/public_html/lib/base.php:3281] View->sandbox()
Mon, 27 Jan 2025 10:50:05 -0500 [2603:9000:f801:55e2:2991:3af1:b55a:fd4f] [/home/u991737198/domains/tas2023.online/public_html/tmp/3hn69l4qoa804.3h31n1yj254w8.php:7] Preview->render()
Mon, 27 Jan 2025 10:50:05 -0500 [2603:9000:f801:55e2:2991:3af1:b55a:fd4f] [/home/u991737198/domains/tas2023.online/public_html/lib/base.php:3036] require('/home/u991737198/domains/tas2023.online/public_html/tmp/3hn69l4qoa804.3h31n1yj254w8.php')
Mon, 27 Jan 2025 10:50:05 -0500 [2603:9000:f801:55e2:2991:3af1:b55a:fd4f] [/home/u991737198/domains/tas2023.online/public_html/lib/base.php:3281] View->sandbox()
Mon, 27 Jan 2025 10:50:05 -0500 [2603:9000:f801:55e2:2991:3af1:b55a:fd4f] [/home/u991737198/domains/tas2023.online/public_html/app/controllers/Controller.php:87] Preview->render()
Mon, 27 Jan 2025 10:50:05 -0500 [2603:9000:f801:55e2:2991:3af1:b55a:fd4f] [/home/u991737198/domains/tas2023.online/public_html/lib/base.php:2078] Controller->afterroute()
Mon, 27 Jan 2025 10:50:05 -0500 [2603:9000:f801:55e2:2991:3af1:b55a:fd4f] [/home/u991737198/domains/tas2023.online/public_html/lib/base.php:1871] Base->call()
Mon, 27 Jan 2025 10:50:05 -0500 [2603:9000:f801:55e2:2991:3af1:b55a:fd4f] [/home/u991737198/domains/tas2023.online/public_html/index.php:19] Base->run()
Mon, 27 Jan 2025 10:52:02 -0500 [2603:9000:f801:55e2:2991:3af1:b55a:fd4f] 401: HTTP 401 (GET /task/listtasks) trace: [/home/u991737198/domains/tas2023.online/public_html/lib/access.php:112] Base->error()
Mon, 27 Jan 2025 10:52:02 -0500 [2603:9000:f801:55e2:2991:3af1:b55a:fd4f] [/home/u991737198/domains/tas2023.online/public_html/app/controllers/Controller.php:78] Access->authorize()
Mon, 27 Jan 2025 10:52:02 -0500 [2603:9000:f801:55e2:2991:3af1:b55a:fd4f] [/home/u991737198/domains/tas2023.online/public_html/lib/base.php:2069] Controller->beforeroute()
Mon, 27 Jan 2025 10:52:02 -0500 [2603:9000:f801:55e2:2991:3af1:b55a:fd4f] [/home/u991737198/domains/tas2023.online/public_html/lib/base.php:1871] Base->call()
Mon, 27 Jan 2025 10:52:02 -0500 [2603:9000:f801:55e2:2991:3af1:b55a:fd4f] [/home/u991737198/domains/tas2023.online/public_html/index.php:19] Base->run()
Mon, 27 Jan 2025 10:59:05 -0500 [2603:9000:f801:55e2:2991:3af1:b55a:fd4f] 401: HTTP 401 (GET /task/taskData) trace: [/home/u991737198/domains/tas2023.online/public_html/lib/access.php:112] Base->error()
Mon, 27 Jan 2025 10:59:05 -0500 [2603:9000:f801:55e2:2991:3af1:b55a:fd4f] [/home/u991737198/domains/tas2023.online/public_html/app/controllers/Controller.php:78] Access->authorize()
Mon, 27 Jan 2025 10:59:05 -0500 [2603:9000:f801:55e2:2991:3af1:b55a:fd4f] [/home/u991737198/domains/tas2023.online/public_html/lib/base.php:2069] Controller->beforeroute()
Mon, 27 Jan 2025 10:59:05 -0500 [2603:9000:f801:55e2:2991:3af1:b55a:fd4f] [/home/u991737198/domains/tas2023.online/public_html/lib/base.php:1871] Base->call()
Mon, 27 Jan 2025 10:59:05 -0500 [2603:9000:f801:55e2:2991:3af1:b55a:fd4f] [/home/u991737198/domains/tas2023.online/public_html/index.php:19] Base->run()
Mon, 27 Jan 2025 11:00:57 -0500 [2603:9000:f801:55e2:2991:3af1:b55a:fd4f] 401: HTTP 401 (GET /user/notifications) trace: [lib/access.php:112] Base->error()
Mon, 27 Jan 2025 11:00:57 -0500 [2603:9000:f801:55e2:2991:3af1:b55a:fd4f] [app/controllers/Controller.php:78] Access->authorize()
Mon, 27 Jan 2025 11:00:57 -0500 [2603:9000:f801:55e2:2991:3af1:b55a:fd4f] [lib/base.php:2069] Controller->beforeroute()
Mon, 27 Jan 2025 11:00:57 -0500 [2603:9000:f801:55e2:2991:3af1:b55a:fd4f] [lib/base.php:1871] Base->call()
Mon, 27 Jan 2025 11:00:57 -0500 [2603:9000:f801:55e2:2991:3af1:b55a:fd4f] [index.php:19] Base->run()
Mon, 27 Jan 2025 11:01:15 -0500 [2603:9000:f801:55e2:2991:3af1:b55a:fd4f] 401: HTTP 401 (GET /task/taskData) trace: [/home/u991737198/domains/tas2023.online/public_html/lib/access.php:112] Base->error()
Mon, 27 Jan 2025 11:01:15 -0500 [2603:9000:f801:55e2:2991:3af1:b55a:fd4f] [/home/u991737198/domains/tas2023.online/public_html/app/controllers/Controller.php:78] Access->authorize()
Mon, 27 Jan 2025 11:01:15 -0500 [2603:9000:f801:55e2:2991:3af1:b55a:fd4f] [/home/u991737198/domains/tas2023.online/public_html/lib/base.php:2069] Controller->beforeroute()
Mon, 27 Jan 2025 11:01:15 -0500 [2603:9000:f801:55e2:2991:3af1:b55a:fd4f] [/home/u991737198/domains/tas2023.online/public_html/lib/base.php:1871] Base->call()
Mon, 27 Jan 2025 11:01:15 -0500 [2603:9000:f801:55e2:2991:3af1:b55a:fd4f] [/home/u991737198/domains/tas2023.online/public_html/index.php:19] Base->run()
Mon, 27 Jan 2025 11:03:15 -0500 [2603:9000:f801:55e2:2991:3af1:b55a:fd4f] 401: HTTP 401 (GET /user/notifications) trace: [lib/access.php:112] Base->error()
Mon, 27 Jan 2025 11:03:15 -0500 [2603:9000:f801:55e2:2991:3af1:b55a:fd4f] [app/controllers/Controller.php:78] Access->authorize()
Mon, 27 Jan 2025 11:03:15 -0500 [2603:9000:f801:55e2:2991:3af1:b55a:fd4f] [lib/base.php:2069] Controller->beforeroute()
Mon, 27 Jan 2025 11:03:15 -0500 [2603:9000:f801:55e2:2991:3af1:b55a:fd4f] [lib/base.php:1871] Base->call()
Mon, 27 Jan 2025 11:03:15 -0500 [2603:9000:f801:55e2:2991:3af1:b55a:fd4f] [index.php:19] Base->run()
Mon, 27 Jan 2025 12:00:40 -0500 [2603:9000:f801:55e2:2991:3af1:b55a:fd4f] 500: Undefined variable $entity_num trace: [tmp/3hn69l4qoa804.man4oes5p0l2.php:176]
Mon, 27 Jan 2025 12:00:40 -0500 [2603:9000:f801:55e2:2991:3af1:b55a:fd4f] [tmp/3hn69l4qoa804.man4oes5p0l2.php:176] Base->{closure}()
Mon, 27 Jan 2025 12:00:40 -0500 [2603:9000:f801:55e2:2991:3af1:b55a:fd4f] [lib/base.php:3036] require('/home/u991737198/domains/tas2023.online/public_html/tmp/3hn69l4qoa804.man4oes5p0l2.php')
Mon, 27 Jan 2025 12:00:40 -0500 [2603:9000:f801:55e2:2991:3af1:b55a:fd4f] [lib/base.php:3281] View->sandbox()
Mon, 27 Jan 2025 12:00:40 -0500 [2603:9000:f801:55e2:2991:3af1:b55a:fd4f] [tmp/3hn69l4qoa804.3h31n1yj254w8.php:7] Preview->render()
Mon, 27 Jan 2025 12:00:40 -0500 [2603:9000:f801:55e2:2991:3af1:b55a:fd4f] [lib/base.php:3036] require('/home/u991737198/domains/tas2023.online/public_html/tmp/3hn69l4qoa804.3h31n1yj254w8.php')
Mon, 27 Jan 2025 12:00:40 -0500 [2603:9000:f801:55e2:2991:3af1:b55a:fd4f] [lib/base.php:3281] View->sandbox()
Mon, 27 Jan 2025 12:00:40 -0500 [2603:9000:f801:55e2:2991:3af1:b55a:fd4f] [app/controllers/Controller.php:87] Preview->render()
Mon, 27 Jan 2025 12:00:40 -0500 [2603:9000:f801:55e2:2991:3af1:b55a:fd4f] [lib/base.php:2078] Controller->afterroute()
Mon, 27 Jan 2025 12:00:40 -0500 [2603:9000:f801:55e2:2991:3af1:b55a:fd4f] [lib/base.php:1871] Base->call()
Mon, 27 Jan 2025 12:00:40 -0500 [2603:9000:f801:55e2:2991:3af1:b55a:fd4f] [index.php:19] Base->run()
Mon, 27 Jan 2025 12:02:07 -0500 [2603:9000:f801:55e2:2991:3af1:b55a:fd4f] 401: HTTP 401 (GET /task/listtasks) trace: [/home/u991737198/domains/tas2023.online/public_html/lib/access.php:112] Base->error()
Mon, 27 Jan 2025 12:02:07 -0500 [2603:9000:f801:55e2:2991:3af1:b55a:fd4f] [/home/u991737198/domains/tas2023.online/public_html/app/controllers/Controller.php:78] Access->authorize()
Mon, 27 Jan 2025 12:02:07 -0500 [2603:9000:f801:55e2:2991:3af1:b55a:fd4f] [/home/u991737198/domains/tas2023.online/public_html/lib/base.php:2069] Controller->beforeroute()
Mon, 27 Jan 2025 12:02:07 -0500 [2603:9000:f801:55e2:2991:3af1:b55a:fd4f] [/home/u991737198/domains/tas2023.online/public_html/lib/base.php:1871] Base->call()
Mon, 27 Jan 2025 12:02:07 -0500 [2603:9000:f801:55e2:2991:3af1:b55a:fd4f] [/home/u991737198/domains/tas2023.online/public_html/index.php:19] Base->run()
Mon, 27 Jan 2025 12:03:38 -0500 [2603:9000:f801:55e2:2991:3af1:b55a:fd4f] 500: Undefined variable $i18n_select_task_type trace: [/home/u991737198/domains/tas2023.online/public_html/tmp/3hn69l4qoa804.9b9764piwerh.php:214]
Mon, 27 Jan 2025 12:03:38 -0500 [2603:9000:f801:55e2:2991:3af1:b55a:fd4f] [/home/u991737198/domains/tas2023.online/public_html/tmp/3hn69l4qoa804.9b9764piwerh.php:214] Base->{closure}()
Mon, 27 Jan 2025 12:03:38 -0500 [2603:9000:f801:55e2:2991:3af1:b55a:fd4f] [/home/u991737198/domains/tas2023.online/public_html/lib/base.php:3036] require('/home/u991737198/domains/tas2023.online/public_html/tmp/3hn69l4qoa804.9b9764piwerh.php')
Mon, 27 Jan 2025 12:03:38 -0500 [2603:9000:f801:55e2:2991:3af1:b55a:fd4f] [/home/u991737198/domains/tas2023.online/public_html/lib/base.php:3281] View->sandbox()
Mon, 27 Jan 2025 12:03:38 -0500 [2603:9000:f801:55e2:2991:3af1:b55a:fd4f] [/home/u991737198/domains/tas2023.online/public_html/tmp/3hn69l4qoa804.3h31n1yj254w8.php:7] Preview->render()
Mon, 27 Jan 2025 12:03:38 -0500 [2603:9000:f801:55e2:2991:3af1:b55a:fd4f] [/home/u991737198/domains/tas2023.online/public_html/lib/base.php:3036] require('/home/u991737198/domains/tas2023.online/public_html/tmp/3hn69l4qoa804.3h31n1yj254w8.php')
Mon, 27 Jan 2025 12:03:38 -0500 [2603:9000:f801:55e2:2991:3af1:b55a:fd4f] [/home/u991737198/domains/tas2023.online/public_html/lib/base.php:3281] View->sandbox()
Mon, 27 Jan 2025 12:03:38 -0500 [2603:9000:f801:55e2:2991:3af1:b55a:fd4f] [/home/u991737198/domains/tas2023.online/public_html/app/controllers/Controller.php:87] Preview->render()
Mon, 27 Jan 2025 12:03:38 -0500 [2603:9000:f801:55e2:2991:3af1:b55a:fd4f] [/home/u991737198/domains/tas2023.online/public_html/lib/base.php:2078] Controller->afterroute()
Mon, 27 Jan 2025 12:03:38 -0500 [2603:9000:f801:55e2:2991:3af1:b55a:fd4f] [/home/u991737198/domains/tas2023.online/public_html/lib/base.php:1871] Base->call()
Mon, 27 Jan 2025 12:03:38 -0500 [2603:9000:f801:55e2:2991:3af1:b55a:fd4f] [/home/u991737198/domains/tas2023.online/public_html/index.php:19] Base->run()
Mon, 27 Jan 2025 12:04:38 -0500 [2603:9000:f801:55e2:2991:3af1:b55a:fd4f] 500: Undefined variable $entity_num trace: [tmp/3hn69l4qoa804.1zo7dt0fljr4w.php:200]
Mon, 27 Jan 2025 12:04:38 -0500 [2603:9000:f801:55e2:2991:3af1:b55a:fd4f] [tmp/3hn69l4qoa804.1zo7dt0fljr4w.php:200] Base->{closure}()
Mon, 27 Jan 2025 12:04:38 -0500 [2603:9000:f801:55e2:2991:3af1:b55a:fd4f] [lib/base.php:3036] require('/home/u991737198/domains/tas2023.online/public_html/tmp/3hn69l4qoa804.1zo7dt0fljr4w.php')
Mon, 27 Jan 2025 12:04:38 -0500 [2603:9000:f801:55e2:2991:3af1:b55a:fd4f] [lib/base.php:3281] View->sandbox()
Mon, 27 Jan 2025 12:04:38 -0500 [2603:9000:f801:55e2:2991:3af1:b55a:fd4f] [tmp/3hn69l4qoa804.3h31n1yj254w8.php:7] Preview->render()
Mon, 27 Jan 2025 12:04:38 -0500 [2603:9000:f801:55e2:2991:3af1:b55a:fd4f] [lib/base.php:3036] require('/home/u991737198/domains/tas2023.online/public_html/tmp/3hn69l4qoa804.3h31n1yj254w8.php')
Mon, 27 Jan 2025 12:04:38 -0500 [2603:9000:f801:55e2:2991:3af1:b55a:fd4f] [lib/base.php:3281] View->sandbox()
Mon, 27 Jan 2025 12:04:38 -0500 [2603:9000:f801:55e2:2991:3af1:b55a:fd4f] [app/controllers/Controller.php:87] Preview->render()
Mon, 27 Jan 2025 12:04:38 -0500 [2603:9000:f801:55e2:2991:3af1:b55a:fd4f] [lib/base.php:2078] Controller->afterroute()
Mon, 27 Jan 2025 12:04:38 -0500 [2603:9000:f801:55e2:2991:3af1:b55a:fd4f] [lib/base.php:1871] Base->call()
Mon, 27 Jan 2025 12:04:38 -0500 [2603:9000:f801:55e2:2991:3af1:b55a:fd4f] [index.php:19] Base->run()
Mon, 27 Jan 2025 12:05:06 -0500 [2603:9000:f801:55e2:2991:3af1:b55a:fd4f] 500: Undefined variable $q trace: [tmp/3hn69l4qoa804.1zo7dt0fljr4w.php:148]
Mon, 27 Jan 2025 12:05:06 -0500 [2603:9000:f801:55e2:2991:3af1:b55a:fd4f] [tmp/3hn69l4qoa804.1zo7dt0fljr4w.php:148] Base->{closure}()
Mon, 27 Jan 2025 12:05:06 -0500 [2603:9000:f801:55e2:2991:3af1:b55a:fd4f] [lib/base.php:3036] require('/home/u991737198/domains/tas2023.online/public_html/tmp/3hn69l4qoa804.1zo7dt0fljr4w.php')
Mon, 27 Jan 2025 12:05:06 -0500 [2603:9000:f801:55e2:2991:3af1:b55a:fd4f] [lib/base.php:3281] View->sandbox()
Mon, 27 Jan 2025 12:05:06 -0500 [2603:9000:f801:55e2:2991:3af1:b55a:fd4f] [tmp/3hn69l4qoa804.3cndbbhzhn8ko.php:19] Preview->render()
Mon, 27 Jan 2025 12:05:06 -0500 [2603:9000:f801:55e2:2991:3af1:b55a:fd4f] [lib/base.php:3036] require('/home/u991737198/domains/tas2023.online/public_html/tmp/3hn69l4qoa804.3cndbbhzhn8ko.php')
Mon, 27 Jan 2025 12:05:06 -0500 [2603:9000:f801:55e2:2991:3af1:b55a:fd4f] [lib/base.php:3281] View->sandbox()
Mon, 27 Jan 2025 12:05:06 -0500 [2603:9000:f801:55e2:2991:3af1:b55a:fd4f] [app/controllers/Controller.php:90] Preview->render()
Mon, 27 Jan 2025 12:05:06 -0500 [2603:9000:f801:55e2:2991:3af1:b55a:fd4f] [lib/base.php:2078] Controller->afterroute()
Mon, 27 Jan 2025 12:05:06 -0500 [2603:9000:f801:55e2:2991:3af1:b55a:fd4f] [lib/base.php:1871] Base->call()
Mon, 27 Jan 2025 12:05:06 -0500 [2603:9000:f801:55e2:2991:3af1:b55a:fd4f] [index.php:19] Base->run()
Mon, 27 Jan 2025 12:05:06 -0500 [2603:9000:f801:55e2:2991:3af1:b55a:fd4f] 401: HTTP 401 (GET /task/taskData) trace: [/home/u991737198/domains/tas2023.online/public_html/lib/access.php:112] Base->error()
Mon, 27 Jan 2025 12:05:06 -0500 [2603:9000:f801:55e2:2991:3af1:b55a:fd4f] [/home/u991737198/domains/tas2023.online/public_html/app/controllers/Controller.php:78] Access->authorize()
Mon, 27 Jan 2025 12:05:06 -0500 [2603:9000:f801:55e2:2991:3af1:b55a:fd4f] [/home/u991737198/domains/tas2023.online/public_html/lib/base.php:2069] Controller->beforeroute()
Mon, 27 Jan 2025 12:05:06 -0500 [2603:9000:f801:55e2:2991:3af1:b55a:fd4f] [/home/u991737198/domains/tas2023.online/public_html/lib/base.php:1871] Base->call()
Mon, 27 Jan 2025 12:05:06 -0500 [2603:9000:f801:55e2:2991:3af1:b55a:fd4f] [/home/u991737198/domains/tas2023.online/public_html/index.php:19] Base->run()
Mon, 27 Jan 2025 12:05:10 -0500 [2603:9000:f801:55e2:2991:3af1:b55a:fd4f] 500: Undefined variable $q trace: [tmp/3hn69l4qoa804.1zo7dt0fljr4w.php:148]
Mon, 27 Jan 2025 12:05:10 -0500 [2603:9000:f801:55e2:2991:3af1:b55a:fd4f] [tmp/3hn69l4qoa804.1zo7dt0fljr4w.php:148] Base->{closure}()
Mon, 27 Jan 2025 12:05:10 -0500 [2603:9000:f801:55e2:2991:3af1:b55a:fd4f] [lib/base.php:3036] require('/home/u991737198/domains/tas2023.online/public_html/tmp/3hn69l4qoa804.1zo7dt0fljr4w.php')
Mon, 27 Jan 2025 12:05:10 -0500 [2603:9000:f801:55e2:2991:3af1:b55a:fd4f] [lib/base.php:3281] View->sandbox()
Mon, 27 Jan 2025 12:05:10 -0500 [2603:9000:f801:55e2:2991:3af1:b55a:fd4f] [tmp/3hn69l4qoa804.3cndbbhzhn8ko.php:19] Preview->render()
Mon, 27 Jan 2025 12:05:10 -0500 [2603:9000:f801:55e2:2991:3af1:b55a:fd4f] [lib/base.php:3036] require('/home/u991737198/domains/tas2023.online/public_html/tmp/3hn69l4qoa804.3cndbbhzhn8ko.php')
Mon, 27 Jan 2025 12:05:10 -0500 [2603:9000:f801:55e2:2991:3af1:b55a:fd4f] [lib/base.php:3281] View->sandbox()
Mon, 27 Jan 2025 12:05:10 -0500 [2603:9000:f801:55e2:2991:3af1:b55a:fd4f] [app/controllers/Controller.php:90] Preview->render()
Mon, 27 Jan 2025 12:05:10 -0500 [2603:9000:f801:55e2:2991:3af1:b55a:fd4f] [lib/base.php:2078] Controller->afterroute()
Mon, 27 Jan 2025 12:05:10 -0500 [2603:9000:f801:55e2:2991:3af1:b55a:fd4f] [lib/base.php:1871] Base->call()
Mon, 27 Jan 2025 12:05:10 -0500 [2603:9000:f801:55e2:2991:3af1:b55a:fd4f] [index.php:19] Base->run()
Mon, 27 Jan 2025 12:05:11 -0500 [2603:9000:f801:55e2:2991:3af1:b55a:fd4f] 401: HTTP 401 (GET /task/taskData) trace: [/home/u991737198/domains/tas2023.online/public_html/lib/access.php:112] Base->error()
Mon, 27 Jan 2025 12:05:11 -0500 [2603:9000:f801:55e2:2991:3af1:b55a:fd4f] [/home/u991737198/domains/tas2023.online/public_html/app/controllers/Controller.php:78] Access->authorize()
Mon, 27 Jan 2025 12:05:11 -0500 [2603:9000:f801:55e2:2991:3af1:b55a:fd4f] [/home/u991737198/domains/tas2023.online/public_html/lib/base.php:2069] Controller->beforeroute()
Mon, 27 Jan 2025 12:05:11 -0500 [2603:9000:f801:55e2:2991:3af1:b55a:fd4f] [/home/u991737198/domains/tas2023.online/public_html/lib/base.php:1871] Base->call()
Mon, 27 Jan 2025 12:05:11 -0500 [2603:9000:f801:55e2:2991:3af1:b55a:fd4f] [/home/u991737198/domains/tas2023.online/public_html/index.php:19] Base->run()
Mon, 27 Jan 2025 12:05:14 -0500 [2603:9000:f801:55e2:2991:3af1:b55a:fd4f] 500: Undefined variable $q trace: [tmp/3hn69l4qoa804.1zo7dt0fljr4w.php:148]
Mon, 27 Jan 2025 12:05:14 -0500 [2603:9000:f801:55e2:2991:3af1:b55a:fd4f] [tmp/3hn69l4qoa804.1zo7dt0fljr4w.php:148] Base->{closure}()
Mon, 27 Jan 2025 12:05:14 -0500 [2603:9000:f801:55e2:2991:3af1:b55a:fd4f] [lib/base.php:3036] require('/home/u991737198/domains/tas2023.online/public_html/tmp/3hn69l4qoa804.1zo7dt0fljr4w.php')
Mon, 27 Jan 2025 12:05:14 -0500 [2603:9000:f801:55e2:2991:3af1:b55a:fd4f] [lib/base.php:3281] View->sandbox()
Mon, 27 Jan 2025 12:05:14 -0500 [2603:9000:f801:55e2:2991:3af1:b55a:fd4f] [tmp/3hn69l4qoa804.3cndbbhzhn8ko.php:19] Preview->render()
Mon, 27 Jan 2025 12:05:14 -0500 [2603:9000:f801:55e2:2991:3af1:b55a:fd4f] [lib/base.php:3036] require('/home/u991737198/domains/tas2023.online/public_html/tmp/3hn69l4qoa804.3cndbbhzhn8ko.php')
Mon, 27 Jan 2025 12:05:14 -0500 [2603:9000:f801:55e2:2991:3af1:b55a:fd4f] [lib/base.php:3281] View->sandbox()
Mon, 27 Jan 2025 12:05:14 -0500 [2603:9000:f801:55e2:2991:3af1:b55a:fd4f] [app/controllers/Controller.php:90] Preview->render()
Mon, 27 Jan 2025 12:05:14 -0500 [2603:9000:f801:55e2:2991:3af1:b55a:fd4f] [lib/base.php:2078] Controller->afterroute()
Mon, 27 Jan 2025 12:05:14 -0500 [2603:9000:f801:55e2:2991:3af1:b55a:fd4f] [lib/base.php:1871] Base->call()
Mon, 27 Jan 2025 12:05:14 -0500 [2603:9000:f801:55e2:2991:3af1:b55a:fd4f] [index.php:19] Base->run()
Mon, 27 Jan 2025 12:05:15 -0500 [2603:9000:f801:55e2:2991:3af1:b55a:fd4f] 401: HTTP 401 (GET /task/taskData) trace: [/home/u991737198/domains/tas2023.online/public_html/lib/access.php:112] Base->error()
Mon, 27 Jan 2025 12:05:15 -0500 [2603:9000:f801:55e2:2991:3af1:b55a:fd4f] [/home/u991737198/domains/tas2023.online/public_html/app/controllers/Controller.php:78] Access->authorize()
Mon, 27 Jan 2025 12:05:15 -0500 [2603:9000:f801:55e2:2991:3af1:b55a:fd4f] [/home/u991737198/domains/tas2023.online/public_html/lib/base.php:2069] Controller->beforeroute()
Mon, 27 Jan 2025 12:05:15 -0500 [2603:9000:f801:55e2:2991:3af1:b55a:fd4f] [/home/u991737198/domains/tas2023.online/public_html/lib/base.php:1871] Base->call()
Mon, 27 Jan 2025 12:05:15 -0500 [2603:9000:f801:55e2:2991:3af1:b55a:fd4f] [/home/u991737198/domains/tas2023.online/public_html/index.php:19] Base->run()
Mon, 27 Jan 2025 12:07:02 -0500 [2603:9000:f801:55e2:2991:3af1:b55a:fd4f] 401: HTTP 401 (GET /user/notifications) trace: [lib/access.php:112] Base->error()
Mon, 27 Jan 2025 12:07:02 -0500 [2603:9000:f801:55e2:2991:3af1:b55a:fd4f] [app/controllers/Controller.php:78] Access->authorize()
Mon, 27 Jan 2025 12:07:02 -0500 [2603:9000:f801:55e2:2991:3af1:b55a:fd4f] [lib/base.php:2069] Controller->beforeroute()
Mon, 27 Jan 2025 12:07:02 -0500 [2603:9000:f801:55e2:2991:3af1:b55a:fd4f] [lib/base.php:1871] Base->call()
Mon, 27 Jan 2025 12:07:02 -0500 [2603:9000:f801:55e2:2991:3af1:b55a:fd4f] [index.php:19] Base->run()
Mon, 27 Jan 2025 12:08:09 -0500 [2603:9000:f801:55e2:2991:3af1:b55a:fd4f] 500: Undefined variable $i18n_select_task_type trace: [/home/u991737198/domains/tas2023.online/public_html/tmp/3hn69l4qoa804.9b9764piwerh.php:214]
Mon, 27 Jan 2025 12:08:09 -0500 [2603:9000:f801:55e2:2991:3af1:b55a:fd4f] [/home/u991737198/domains/tas2023.online/public_html/tmp/3hn69l4qoa804.9b9764piwerh.php:214] Base->{closure}()
Mon, 27 Jan 2025 12:08:09 -0500 [2603:9000:f801:55e2:2991:3af1:b55a:fd4f] [/home/u991737198/domains/tas2023.online/public_html/lib/base.php:3036] require('/home/u991737198/domains/tas2023.online/public_html/tmp/3hn69l4qoa804.9b9764piwerh.php')
Mon, 27 Jan 2025 12:08:09 -0500 [2603:9000:f801:55e2:2991:3af1:b55a:fd4f] [/home/u991737198/domains/tas2023.online/public_html/lib/base.php:3281] View->sandbox()
Mon, 27 Jan 2025 12:08:09 -0500 [2603:9000:f801:55e2:2991:3af1:b55a:fd4f] [/home/u991737198/domains/tas2023.online/public_html/tmp/3hn69l4qoa804.3h31n1yj254w8.php:7] Preview->render()
Mon, 27 Jan 2025 12:08:09 -0500 [2603:9000:f801:55e2:2991:3af1:b55a:fd4f] [/home/u991737198/domains/tas2023.online/public_html/lib/base.php:3036] require('/home/u991737198/domains/tas2023.online/public_html/tmp/3hn69l4qoa804.3h31n1yj254w8.php')
Mon, 27 Jan 2025 12:08:09 -0500 [2603:9000:f801:55e2:2991:3af1:b55a:fd4f] [/home/u991737198/domains/tas2023.online/public_html/lib/base.php:3281] View->sandbox()
Mon, 27 Jan 2025 12:08:09 -0500 [2603:9000:f801:55e2:2991:3af1:b55a:fd4f] [/home/u991737198/domains/tas2023.online/public_html/app/controllers/Controller.php:87] Preview->render()
Mon, 27 Jan 2025 12:08:09 -0500 [2603:9000:f801:55e2:2991:3af1:b55a:fd4f] [/home/u991737198/domains/tas2023.online/public_html/lib/base.php:2078] Controller->afterroute()
Mon, 27 Jan 2025 12:08:09 -0500 [2603:9000:f801:55e2:2991:3af1:b55a:fd4f] [/home/u991737198/domains/tas2023.online/public_html/lib/base.php:1871] Base->call()
Mon, 27 Jan 2025 12:08:09 -0500 [2603:9000:f801:55e2:2991:3af1:b55a:fd4f] [/home/u991737198/domains/tas2023.online/public_html/index.php:19] Base->run()
Mon, 27 Jan 2025 12:52:50 -0500 [71.44.157.83] 401: HTTP 401 (GET /task/taskData) trace: [/home/u991737198/domains/tas2023.online/public_html/lib/access.php:112] Base->error()
Mon, 27 Jan 2025 12:52:50 -0500 [71.44.157.83] [/home/u991737198/domains/tas2023.online/public_html/app/controllers/Controller.php:78] Access->authorize()
Mon, 27 Jan 2025 12:52:50 -0500 [71.44.157.83] [/home/u991737198/domains/tas2023.online/public_html/lib/base.php:2069] Controller->beforeroute()
Mon, 27 Jan 2025 12:52:50 -0500 [71.44.157.83] [/home/u991737198/domains/tas2023.online/public_html/lib/base.php:1871] Base->call()
Mon, 27 Jan 2025 12:52:50 -0500 [71.44.157.83] [/home/u991737198/domains/tas2023.online/public_html/index.php:19] Base->run()
Mon, 27 Jan 2025 14:15:52 -0500 [2600:1006:b059:20d6:308f:655b:5a87:655e] 401: HTTP 401 (GET /task/summary) trace: [/home/u991737198/domains/tas2023.online/public_html/lib/access.php:112] Base->error()
Mon, 27 Jan 2025 14:15:52 -0500 [2600:1006:b059:20d6:308f:655b:5a87:655e] [/home/u991737198/domains/tas2023.online/public_html/app/controllers/Controller.php:78] Access->authorize()
Mon, 27 Jan 2025 14:15:52 -0500 [2600:1006:b059:20d6:308f:655b:5a87:655e] [/home/u991737198/domains/tas2023.online/public_html/lib/base.php:2069] Controller->beforeroute()
Mon, 27 Jan 2025 14:15:52 -0500 [2600:1006:b059:20d6:308f:655b:5a87:655e] [/home/u991737198/domains/tas2023.online/public_html/lib/base.php:1871] Base->call()
Mon, 27 Jan 2025 14:15:52 -0500 [2600:1006:b059:20d6:308f:655b:5a87:655e] [/home/u991737198/domains/tas2023.online/public_html/index.php:19] Base->run()
Mon, 27 Jan 2025 16:30:46 -0500 [2603:9000:f801:55e2:add3:3c4e:50db:fa50] 500: Undefined variable $entity_num trace: [tmp/3hn69l4qoa804.1zo7dt0fljr4w.php:200]
Mon, 27 Jan 2025 16:30:46 -0500 [2603:9000:f801:55e2:add3:3c4e:50db:fa50] [tmp/3hn69l4qoa804.1zo7dt0fljr4w.php:200] Base->{closure}()
Mon, 27 Jan 2025 16:30:46 -0500 [2603:9000:f801:55e2:add3:3c4e:50db:fa50] [lib/base.php:3036] require('/home/u991737198/domains/tas2023.online/public_html/tmp/3hn69l4qoa804.1zo7dt0fljr4w.php')
Mon, 27 Jan 2025 16:30:46 -0500 [2603:9000:f801:55e2:add3:3c4e:50db:fa50] [lib/base.php:3281] View->sandbox()
Mon, 27 Jan 2025 16:30:46 -0500 [2603:9000:f801:55e2:add3:3c4e:50db:fa50] [tmp/3hn69l4qoa804.3h31n1yj254w8.php:7] Preview->render()
Mon, 27 Jan 2025 16:30:46 -0500 [2603:9000:f801:55e2:add3:3c4e:50db:fa50] [lib/base.php:3036] require('/home/u991737198/domains/tas2023.online/public_html/tmp/3hn69l4qoa804.3h31n1yj254w8.php')
Mon, 27 Jan 2025 16:30:46 -0500 [2603:9000:f801:55e2:add3:3c4e:50db:fa50] [lib/base.php:3281] View->sandbox()
Mon, 27 Jan 2025 16:30:46 -0500 [2603:9000:f801:55e2:add3:3c4e:50db:fa50] [app/controllers/Controller.php:87] Preview->render()
Mon, 27 Jan 2025 16:30:46 -0500 [2603:9000:f801:55e2:add3:3c4e:50db:fa50] [lib/base.php:2078] Controller->afterroute()
Mon, 27 Jan 2025 16:30:46 -0500 [2603:9000:f801:55e2:add3:3c4e:50db:fa50] [lib/base.php:1871] Base->call()
Mon, 27 Jan 2025 16:30:46 -0500 [2603:9000:f801:55e2:add3:3c4e:50db:fa50] [index.php:19] Base->run()
Mon, 27 Jan 2025 16:30:48 -0500 [2603:9000:f801:55e2:add3:3c4e:50db:fa50] 500: Undefined variable $token trace: [tmp/3hn69l4qoa804.2r4f9cgm96ecs.php:226]
Mon, 27 Jan 2025 16:30:48 -0500 [2603:9000:f801:55e2:add3:3c4e:50db:fa50] [tmp/3hn69l4qoa804.2r4f9cgm96ecs.php:226] Base->{closure}()
Mon, 27 Jan 2025 16:30:48 -0500 [2603:9000:f801:55e2:add3:3c4e:50db:fa50] [lib/base.php:3036] require('/home/u991737198/domains/tas2023.online/public_html/tmp/3hn69l4qoa804.2r4f9cgm96ecs.php')
Mon, 27 Jan 2025 16:30:48 -0500 [2603:9000:f801:55e2:add3:3c4e:50db:fa50] [lib/base.php:3281] View->sandbox()
Mon, 27 Jan 2025 16:30:48 -0500 [2603:9000:f801:55e2:add3:3c4e:50db:fa50] [tmp/3hn69l4qoa804.3h31n1yj254w8.php:7] Preview->render()
Mon, 27 Jan 2025 16:30:48 -0500 [2603:9000:f801:55e2:add3:3c4e:50db:fa50] [lib/base.php:3036] require('/home/u991737198/domains/tas2023.online/public_html/tmp/3hn69l4qoa804.3h31n1yj254w8.php')
Mon, 27 Jan 2025 16:30:48 -0500 [2603:9000:f801:55e2:add3:3c4e:50db:fa50] [lib/base.php:3281] View->sandbox()
Mon, 27 Jan 2025 16:30:48 -0500 [2603:9000:f801:55e2:add3:3c4e:50db:fa50] [app/controllers/Controller.php:87] Preview->render()
Mon, 27 Jan 2025 16:30:48 -0500 [2603:9000:f801:55e2:add3:3c4e:50db:fa50] [lib/base.php:2078] Controller->afterroute()
Mon, 27 Jan 2025 16:30:48 -0500 [2603:9000:f801:55e2:add3:3c4e:50db:fa50] [lib/base.php:1871] Base->call()
Mon, 27 Jan 2025 16:30:48 -0500 [2603:9000:f801:55e2:add3:3c4e:50db:fa50] [index.php:19] Base->run()
Mon, 27 Jan 2025 16:30:52 -0500 [2603:9000:f801:55e2:add3:3c4e:50db:fa50] 500: Undefined variable $token trace: [tmp/3hn69l4qoa804.2r4f9cgm96ecs.php:226]
Mon, 27 Jan 2025 16:30:52 -0500 [2603:9000:f801:55e2:add3:3c4e:50db:fa50] [tmp/3hn69l4qoa804.2r4f9cgm96ecs.php:226] Base->{closure}()
Mon, 27 Jan 2025 16:30:52 -0500 [2603:9000:f801:55e2:add3:3c4e:50db:fa50] [lib/base.php:3036] require('/home/u991737198/domains/tas2023.online/public_html/tmp/3hn69l4qoa804.2r4f9cgm96ecs.php')
Mon, 27 Jan 2025 16:30:52 -0500 [2603:9000:f801:55e2:add3:3c4e:50db:fa50] [lib/base.php:3281] View->sandbox()
Mon, 27 Jan 2025 16:30:52 -0500 [2603:9000:f801:55e2:add3:3c4e:50db:fa50] [tmp/3hn69l4qoa804.3h31n1yj254w8.php:7] Preview->render()
Mon, 27 Jan 2025 16:30:52 -0500 [2603:9000:f801:55e2:add3:3c4e:50db:fa50] [lib/base.php:3036] require('/home/u991737198/domains/tas2023.online/public_html/tmp/3hn69l4qoa804.3h31n1yj254w8.php')
Mon, 27 Jan 2025 16:30:52 -0500 [2603:9000:f801:55e2:add3:3c4e:50db:fa50] [lib/base.php:3281] View->sandbox()
Mon, 27 Jan 2025 16:30:52 -0500 [2603:9000:f801:55e2:add3:3c4e:50db:fa50] [app/controllers/Controller.php:87] Preview->render()
Mon, 27 Jan 2025 16:30:52 -0500 [2603:9000:f801:55e2:add3:3c4e:50db:fa50] [lib/base.php:2078] Controller->afterroute()
Mon, 27 Jan 2025 16:30:52 -0500 [2603:9000:f801:55e2:add3:3c4e:50db:fa50] [lib/base.php:1871] Base->call()
Mon, 27 Jan 2025 16:30:52 -0500 [2603:9000:f801:55e2:add3:3c4e:50db:fa50] [index.php:19] Base->run()
Mon, 27 Jan 2025 16:30:54 -0500 [2603:9000:f801:55e2:add3:3c4e:50db:fa50] 500: Undefined variable $modal trace: [tmp/3hn69l4qoa804.s6y49d7myqde.php:84]
Mon, 27 Jan 2025 16:30:54 -0500 [2603:9000:f801:55e2:add3:3c4e:50db:fa50] [tmp/3hn69l4qoa804.s6y49d7myqde.php:84] Base->{closure}()
Mon, 27 Jan 2025 16:30:54 -0500 [2603:9000:f801:55e2:add3:3c4e:50db:fa50] [lib/base.php:3036] require('/home/u991737198/domains/tas2023.online/public_html/tmp/3hn69l4qoa804.s6y49d7myqde.php')
Mon, 27 Jan 2025 16:30:54 -0500 [2603:9000:f801:55e2:add3:3c4e:50db:fa50] [lib/base.php:3281] View->sandbox()
Mon, 27 Jan 2025 16:30:54 -0500 [2603:9000:f801:55e2:add3:3c4e:50db:fa50] [tmp/3hn69l4qoa804.3h31n1yj254w8.php:7] Preview->render()
Mon, 27 Jan 2025 16:30:54 -0500 [2603:9000:f801:55e2:add3:3c4e:50db:fa50] [lib/base.php:3036] require('/home/u991737198/domains/tas2023.online/public_html/tmp/3hn69l4qoa804.3h31n1yj254w8.php')
Mon, 27 Jan 2025 16:30:54 -0500 [2603:9000:f801:55e2:add3:3c4e:50db:fa50] [lib/base.php:3281] View->sandbox()
Mon, 27 Jan 2025 16:30:54 -0500 [2603:9000:f801:55e2:add3:3c4e:50db:fa50] [app/controllers/Controller.php:87] Preview->render()
Mon, 27 Jan 2025 16:30:54 -0500 [2603:9000:f801:55e2:add3:3c4e:50db:fa50] [lib/base.php:2078] Controller->afterroute()
Mon, 27 Jan 2025 16:30:54 -0500 [2603:9000:f801:55e2:add3:3c4e:50db:fa50] [lib/base.php:1871] Base->call()
Mon, 27 Jan 2025 16:30:54 -0500 [2603:9000:f801:55e2:add3:3c4e:50db:fa50] [index.php:19] Base->run()
Mon, 27 Jan 2025 16:31:05 -0500 [2603:9000:f801:55e2:add3:3c4e:50db:fa50] 500: Undefined variable $token trace: [tmp/3hn69l4qoa804.2r4f9cgm96ecs.php:226]
Mon, 27 Jan 2025 16:31:05 -0500 [2603:9000:f801:55e2:add3:3c4e:50db:fa50] [tmp/3hn69l4qoa804.2r4f9cgm96ecs.php:226] Base->{closure}()
Mon, 27 Jan 2025 16:31:05 -0500 [2603:9000:f801:55e2:add3:3c4e:50db:fa50] [lib/base.php:3036] require('/home/u991737198/domains/tas2023.online/public_html/tmp/3hn69l4qoa804.2r4f9cgm96ecs.php')
Mon, 27 Jan 2025 16:31:05 -0500 [2603:9000:f801:55e2:add3:3c4e:50db:fa50] [lib/base.php:3281] View->sandbox()
Mon, 27 Jan 2025 16:31:05 -0500 [2603:9000:f801:55e2:add3:3c4e:50db:fa50] [tmp/3hn69l4qoa804.3h31n1yj254w8.php:7] Preview->render()
Mon, 27 Jan 2025 16:31:05 -0500 [2603:9000:f801:55e2:add3:3c4e:50db:fa50] [lib/base.php:3036] require('/home/u991737198/domains/tas2023.online/public_html/tmp/3hn69l4qoa804.3h31n1yj254w8.php')
Mon, 27 Jan 2025 16:31:05 -0500 [2603:9000:f801:55e2:add3:3c4e:50db:fa50] [lib/base.php:3281] View->sandbox()
Mon, 27 Jan 2025 16:31:05 -0500 [2603:9000:f801:55e2:add3:3c4e:50db:fa50] [app/controllers/Controller.php:87] Preview->render()
Mon, 27 Jan 2025 16:31:05 -0500 [2603:9000:f801:55e2:add3:3c4e:50db:fa50] [lib/base.php:2078] Controller->afterroute()
Mon, 27 Jan 2025 16:31:05 -0500 [2603:9000:f801:55e2:add3:3c4e:50db:fa50] [lib/base.php:1871] Base->call()
Mon, 27 Jan 2025 16:31:05 -0500 [2603:9000:f801:55e2:add3:3c4e:50db:fa50] [index.php:19] Base->run()
Mon, 27 Jan 2025 16:35:57 -0500 [2603:9000:f801:55e2:add3:3c4e:50db:fa50] 500: Undefined variable $entity_num trace: [tmp/3hn69l4qoa804.1zo7dt0fljr4w.php:200]
Mon, 27 Jan 2025 16:35:57 -0500 [2603:9000:f801:55e2:add3:3c4e:50db:fa50] [tmp/3hn69l4qoa804.1zo7dt0fljr4w.php:200] Base->{closure}()
Mon, 27 Jan 2025 16:35:57 -0500 [2603:9000:f801:55e2:add3:3c4e:50db:fa50] [lib/base.php:3036] require('/home/u991737198/domains/tas2023.online/public_html/tmp/3hn69l4qoa804.1zo7dt0fljr4w.php')
Mon, 27 Jan 2025 16:35:57 -0500 [2603:9000:f801:55e2:add3:3c4e:50db:fa50] [lib/base.php:3281] View->sandbox()
Mon, 27 Jan 2025 16:35:57 -0500 [2603:9000:f801:55e2:add3:3c4e:50db:fa50] [tmp/3hn69l4qoa804.3h31n1yj254w8.php:7] Preview->render()
Mon, 27 Jan 2025 16:35:57 -0500 [2603:9000:f801:55e2:add3:3c4e:50db:fa50] [lib/base.php:3036] require('/home/u991737198/domains/tas2023.online/public_html/tmp/3hn69l4qoa804.3h31n1yj254w8.php')
Mon, 27 Jan 2025 16:35:57 -0500 [2603:9000:f801:55e2:add3:3c4e:50db:fa50] [lib/base.php:3281] View->sandbox()
Mon, 27 Jan 2025 16:35:57 -0500 [2603:9000:f801:55e2:add3:3c4e:50db:fa50] [app/controllers/Controller.php:87] Preview->render()
Mon, 27 Jan 2025 16:35:57 -0500 [2603:9000:f801:55e2:add3:3c4e:50db:fa50] [lib/base.php:2078] Controller->afterroute()
Mon, 27 Jan 2025 16:35:57 -0500 [2603:9000:f801:55e2:add3:3c4e:50db:fa50] [lib/base.php:1871] Base->call()
Mon, 27 Jan 2025 16:35:57 -0500 [2603:9000:f801:55e2:add3:3c4e:50db:fa50] [index.php:19] Base->run()
Mon, 27 Jan 2025 16:57:27 -0500 [2603:9000:f801:55e2:add3:3c4e:50db:fa50] 500: Undefined variable $i18n_select_task_type trace: [/home/u991737198/domains/tas2023.online/public_html/tmp/3hn69l4qoa804.9b9764piwerh.php:214]
Mon, 27 Jan 2025 16:57:27 -0500 [2603:9000:f801:55e2:add3:3c4e:50db:fa50] [/home/u991737198/domains/tas2023.online/public_html/tmp/3hn69l4qoa804.9b9764piwerh.php:214] Base->{closure}()
Mon, 27 Jan 2025 16:57:27 -0500 [2603:9000:f801:55e2:add3:3c4e:50db:fa50] [/home/u991737198/domains/tas2023.online/public_html/lib/base.php:3036] require('/home/u991737198/domains/tas2023.online/public_html/tmp/3hn69l4qoa804.9b9764piwerh.php')
Mon, 27 Jan 2025 16:57:27 -0500 [2603:9000:f801:55e2:add3:3c4e:50db:fa50] [/home/u991737198/domains/tas2023.online/public_html/lib/base.php:3281] View->sandbox()
Mon, 27 Jan 2025 16:57:27 -0500 [2603:9000:f801:55e2:add3:3c4e:50db:fa50] [/home/u991737198/domains/tas2023.online/public_html/tmp/3hn69l4qoa804.3h31n1yj254w8.php:7] Preview->render()
Mon, 27 Jan 2025 16:57:27 -0500 [2603:9000:f801:55e2:add3:3c4e:50db:fa50] [/home/u991737198/domains/tas2023.online/public_html/lib/base.php:3036] require('/home/u991737198/domains/tas2023.online/public_html/tmp/3hn69l4qoa804.3h31n1yj254w8.php')
Mon, 27 Jan 2025 16:57:27 -0500 [2603:9000:f801:55e2:add3:3c4e:50db:fa50] [/home/u991737198/domains/tas2023.online/public_html/lib/base.php:3281] View->sandbox()
Mon, 27 Jan 2025 16:57:27 -0500 [2603:9000:f801:55e2:add3:3c4e:50db:fa50] [/home/u991737198/domains/tas2023.online/public_html/app/controllers/Controller.php:87] Preview->render()
Mon, 27 Jan 2025 16:57:27 -0500 [2603:9000:f801:55e2:add3:3c4e:50db:fa50] [/home/u991737198/domains/tas2023.online/public_html/lib/base.php:2078] Controller->afterroute()
Mon, 27 Jan 2025 16:57:27 -0500 [2603:9000:f801:55e2:add3:3c4e:50db:fa50] [/home/u991737198/domains/tas2023.online/public_html/lib/base.php:1871] Base->call()
Mon, 27 Jan 2025 16:57:27 -0500 [2603:9000:f801:55e2:add3:3c4e:50db:fa50] [/home/u991737198/domains/tas2023.online/public_html/index.php:19] Base->run()
Mon, 27 Jan 2025 17:19:54 -0500 [2603:9000:f801:55e2:add3:3c4e:50db:fa50] 500: Undefined variable $i18n_select_task_type trace: [/home/u991737198/domains/tas2023.online/public_html/tmp/3hn69l4qoa804.9b9764piwerh.php:214]
Mon, 27 Jan 2025 17:19:54 -0500 [2603:9000:f801:55e2:add3:3c4e:50db:fa50] [/home/u991737198/domains/tas2023.online/public_html/tmp/3hn69l4qoa804.9b9764piwerh.php:214] Base->{closure}()
Mon, 27 Jan 2025 17:19:54 -0500 [2603:9000:f801:55e2:add3:3c4e:50db:fa50] [/home/u991737198/domains/tas2023.online/public_html/lib/base.php:3036] require('/home/u991737198/domains/tas2023.online/public_html/tmp/3hn69l4qoa804.9b9764piwerh.php')
Mon, 27 Jan 2025 17:19:54 -0500 [2603:9000:f801:55e2:add3:3c4e:50db:fa50] [/home/u991737198/domains/tas2023.online/public_html/lib/base.php:3281] View->sandbox()
Mon, 27 Jan 2025 17:19:54 -0500 [2603:9000:f801:55e2:add3:3c4e:50db:fa50] [/home/u991737198/domains/tas2023.online/public_html/tmp/3hn69l4qoa804.3h31n1yj254w8.php:7] Preview->render()
Mon, 27 Jan 2025 17:19:54 -0500 [2603:9000:f801:55e2:add3:3c4e:50db:fa50] [/home/u991737198/domains/tas2023.online/public_html/lib/base.php:3036] require('/home/u991737198/domains/tas2023.online/public_html/tmp/3hn69l4qoa804.3h31n1yj254w8.php')
Mon, 27 Jan 2025 17:19:54 -0500 [2603:9000:f801:55e2:add3:3c4e:50db:fa50] [/home/u991737198/domains/tas2023.online/public_html/lib/base.php:3281] View->sandbox()
Mon, 27 Jan 2025 17:19:54 -0500 [2603:9000:f801:55e2:add3:3c4e:50db:fa50] [/home/u991737198/domains/tas2023.online/public_html/app/controllers/Controller.php:87] Preview->render()
Mon, 27 Jan 2025 17:19:54 -0500 [2603:9000:f801:55e2:add3:3c4e:50db:fa50] [/home/u991737198/domains/tas2023.online/public_html/lib/base.php:2078] Controller->afterroute()
Mon, 27 Jan 2025 17:19:54 -0500 [2603:9000:f801:55e2:add3:3c4e:50db:fa50] [/home/u991737198/domains/tas2023.online/public_html/lib/base.php:1871] Base->call()
Mon, 27 Jan 2025 17:19:54 -0500 [2603:9000:f801:55e2:add3:3c4e:50db:fa50] [/home/u991737198/domains/tas2023.online/public_html/index.php:19] Base->run()
Mon, 27 Jan 2025 17:23:17 -0500 [2603:9000:f801:55e2:add3:3c4e:50db:fa50] 500: Undefined variable $i18n_select_task_type trace: [/home/u991737198/domains/tas2023.online/public_html/tmp/3hn69l4qoa804.9b9764piwerh.php:214]
Mon, 27 Jan 2025 17:23:17 -0500 [2603:9000:f801:55e2:add3:3c4e:50db:fa50] [/home/u991737198/domains/tas2023.online/public_html/tmp/3hn69l4qoa804.9b9764piwerh.php:214] Base->{closure}()
Mon, 27 Jan 2025 17:23:17 -0500 [2603:9000:f801:55e2:add3:3c4e:50db:fa50] [/home/u991737198/domains/tas2023.online/public_html/lib/base.php:3036] require('/home/u991737198/domains/tas2023.online/public_html/tmp/3hn69l4qoa804.9b9764piwerh.php')
Mon, 27 Jan 2025 17:23:17 -0500 [2603:9000:f801:55e2:add3:3c4e:50db:fa50] [/home/u991737198/domains/tas2023.online/public_html/lib/base.php:3281] View->sandbox()
Mon, 27 Jan 2025 17:23:17 -0500 [2603:9000:f801:55e2:add3:3c4e:50db:fa50] [/home/u991737198/domains/tas2023.online/public_html/tmp/3hn69l4qoa804.3h31n1yj254w8.php:7] Preview->render()
Mon, 27 Jan 2025 17:23:17 -0500 [2603:9000:f801:55e2:add3:3c4e:50db:fa50] [/home/u991737198/domains/tas2023.online/public_html/lib/base.php:3036] require('/home/u991737198/domains/tas2023.online/public_html/tmp/3hn69l4qoa804.3h31n1yj254w8.php')
Mon, 27 Jan 2025 17:23:17 -0500 [2603:9000:f801:55e2:add3:3c4e:50db:fa50] [/home/u991737198/domains/tas2023.online/public_html/lib/base.php:3281] View->sandbox()
Mon, 27 Jan 2025 17:23:17 -0500 [2603:9000:f801:55e2:add3:3c4e:50db:fa50] [/home/u991737198/domains/tas2023.online/public_html/app/controllers/Controller.php:87] Preview->render()
Mon, 27 Jan 2025 17:23:17 -0500 [2603:9000:f801:55e2:add3:3c4e:50db:fa50] [/home/u991737198/domains/tas2023.online/public_html/lib/base.php:2078] Controller->afterroute()
Mon, 27 Jan 2025 17:23:17 -0500 [2603:9000:f801:55e2:add3:3c4e:50db:fa50] [/home/u991737198/domains/tas2023.online/public_html/lib/base.php:1871] Base->call()
Mon, 27 Jan 2025 17:23:17 -0500 [2603:9000:f801:55e2:add3:3c4e:50db:fa50] [/home/u991737198/domains/tas2023.online/public_html/index.php:19] Base->run()
Mon, 27 Jan 2025 18:43:52 -0500 [24.173.132.66] 401: HTTP 401 (GET /task/taskData) trace: [/home/u991737198/domains/tas2023.online/public_html/lib/access.php:112] Base->error()
Mon, 27 Jan 2025 18:43:52 -0500 [24.173.132.66] [/home/u991737198/domains/tas2023.online/public_html/app/controllers/Controller.php:78] Access->authorize()
Mon, 27 Jan 2025 18:43:52 -0500 [24.173.132.66] [/home/u991737198/domains/tas2023.online/public_html/lib/base.php:2069] Controller->beforeroute()
Mon, 27 Jan 2025 18:43:52 -0500 [24.173.132.66] [/home/u991737198/domains/tas2023.online/public_html/lib/base.php:1871] Base->call()
Mon, 27 Jan 2025 18:43:52 -0500 [24.173.132.66] [/home/u991737198/domains/tas2023.online/public_html/index.php:19] Base->run()
Mon, 27 Jan 2025 18:43:55 -0500 [24.173.132.66] 401: HTTP 401 (GET /task/summary) trace: [/home/u991737198/domains/tas2023.online/public_html/lib/access.php:112] Base->error()
Mon, 27 Jan 2025 18:43:55 -0500 [24.173.132.66] [/home/u991737198/domains/tas2023.online/public_html/app/controllers/Controller.php:78] Access->authorize()
Mon, 27 Jan 2025 18:43:55 -0500 [24.173.132.66] [/home/u991737198/domains/tas2023.online/public_html/lib/base.php:2069] Controller->beforeroute()
Mon, 27 Jan 2025 18:43:55 -0500 [24.173.132.66] [/home/u991737198/domains/tas2023.online/public_html/lib/base.php:1871] Base->call()
Mon, 27 Jan 2025 18:43:55 -0500 [24.173.132.66] [/home/u991737198/domains/tas2023.online/public_html/index.php:19] Base->run()
Mon, 27 Jan 2025 18:49:21 -0500 [24.173.132.66] 500: Undefined variable $unread_notifications trace: [tmp/3hn69l4qoa804.27nwk2u4a57oo.php:22]
Mon, 27 Jan 2025 18:49:21 -0500 [24.173.132.66] [tmp/3hn69l4qoa804.27nwk2u4a57oo.php:22] Base->{closure}()
Mon, 27 Jan 2025 18:49:21 -0500 [24.173.132.66] [lib/base.php:3036] require('/home/u991737198/domains/tas2023.online/public_html/tmp/3hn69l4qoa804.27nwk2u4a57oo.php')
Mon, 27 Jan 2025 18:49:21 -0500 [24.173.132.66] [lib/base.php:3281] View->sandbox()
Mon, 27 Jan 2025 18:49:21 -0500 [24.173.132.66] [tmp/3hn69l4qoa804.3h31n1yj254w8.php:7] Preview->render()
Mon, 27 Jan 2025 18:49:21 -0500 [24.173.132.66] [lib/base.php:3036] require('/home/u991737198/domains/tas2023.online/public_html/tmp/3hn69l4qoa804.3h31n1yj254w8.php')
Mon, 27 Jan 2025 18:49:21 -0500 [24.173.132.66] [lib/base.php:3281] View->sandbox()
Mon, 27 Jan 2025 18:49:21 -0500 [24.173.132.66] [app/controllers/Controller.php:87] Preview->render()
Mon, 27 Jan 2025 18:49:21 -0500 [24.173.132.66] [lib/base.php:2078] Controller->afterroute()
Mon, 27 Jan 2025 18:49:21 -0500 [24.173.132.66] [lib/base.php:1871] Base->call()
Mon, 27 Jan 2025 18:49:21 -0500 [24.173.132.66] [index.php:19] Base->run()
Mon, 27 Jan 2025 19:22:45 -0500 [24.173.132.66] 500: Undefined variable $i18n_select_task_type trace: [/home/u991737198/domains/tas2023.online/public_html/tmp/3hn69l4qoa804.9b9764piwerh.php:214]
Mon, 27 Jan 2025 19:22:45 -0500 [24.173.132.66] [/home/u991737198/domains/tas2023.online/public_html/tmp/3hn69l4qoa804.9b9764piwerh.php:214] Base->{closure}()
Mon, 27 Jan 2025 19:22:45 -0500 [24.173.132.66] [/home/u991737198/domains/tas2023.online/public_html/lib/base.php:3036] require('/home/u991737198/domains/tas2023.online/public_html/tmp/3hn69l4qoa804.9b9764piwerh.php')
Mon, 27 Jan 2025 19:22:45 -0500 [24.173.132.66] [/home/u991737198/domains/tas2023.online/public_html/lib/base.php:3281] View->sandbox()
Mon, 27 Jan 2025 19:22:45 -0500 [24.173.132.66] [/home/u991737198/domains/tas2023.online/public_html/tmp/3hn69l4qoa804.3h31n1yj254w8.php:7] Preview->render()
Mon, 27 Jan 2025 19:22:45 -0500 [24.173.132.66] [/home/u991737198/domains/tas2023.online/public_html/lib/base.php:3036] require('/home/u991737198/domains/tas2023.online/public_html/tmp/3hn69l4qoa804.3h31n1yj254w8.php')
Mon, 27 Jan 2025 19:22:45 -0500 [24.173.132.66] [/home/u991737198/domains/tas2023.online/public_html/lib/base.php:3281] View->sandbox()
Mon, 27 Jan 2025 19:22:45 -0500 [24.173.132.66] [/home/u991737198/domains/tas2023.online/public_html/app/controllers/Controller.php:87] Preview->render()
Mon, 27 Jan 2025 19:22:45 -0500 [24.173.132.66] [/home/u991737198/domains/tas2023.online/public_html/lib/base.php:2078] Controller->afterroute()
Mon, 27 Jan 2025 19:22:45 -0500 [24.173.132.66] [/home/u991737198/domains/tas2023.online/public_html/lib/base.php:1871] Base->call()
Mon, 27 Jan 2025 19:22:45 -0500 [24.173.132.66] [/home/u991737198/domains/tas2023.online/public_html/index.php:19] Base->run()
Mon, 27 Jan 2025 19:29:23 -0500 [24.173.132.66] 500: Undefined variable $i18n_select_task_type trace: [/home/u991737198/domains/tas2023.online/public_html/tmp/3hn69l4qoa804.9b9764piwerh.php:214]
Mon, 27 Jan 2025 19:29:23 -0500 [24.173.132.66] [/home/u991737198/domains/tas2023.online/public_html/tmp/3hn69l4qoa804.9b9764piwerh.php:214] Base->{closure}()
Mon, 27 Jan 2025 19:29:23 -0500 [24.173.132.66] [/home/u991737198/domains/tas2023.online/public_html/lib/base.php:3036] require('/home/u991737198/domains/tas2023.online/public_html/tmp/3hn69l4qoa804.9b9764piwerh.php')
Mon, 27 Jan 2025 19:29:23 -0500 [24.173.132.66] [/home/u991737198/domains/tas2023.online/public_html/lib/base.php:3281] View->sandbox()
Mon, 27 Jan 2025 19:29:23 -0500 [24.173.132.66] [/home/u991737198/domains/tas2023.online/public_html/tmp/3hn69l4qoa804.3h31n1yj254w8.php:7] Preview->render()
Mon, 27 Jan 2025 19:29:23 -0500 [24.173.132.66] [/home/u991737198/domains/tas2023.online/public_html/lib/base.php:3036] require('/home/u991737198/domains/tas2023.online/public_html/tmp/3hn69l4qoa804.3h31n1yj254w8.php')
Mon, 27 Jan 2025 19:29:23 -0500 [24.173.132.66] [/home/u991737198/domains/tas2023.online/public_html/lib/base.php:3281] View->sandbox()
Mon, 27 Jan 2025 19:29:23 -0500 [24.173.132.66] [/home/u991737198/domains/tas2023.online/public_html/app/controllers/Controller.php:87] Preview->render()
Mon, 27 Jan 2025 19:29:23 -0500 [24.173.132.66] [/home/u991737198/domains/tas2023.online/public_html/lib/base.php:2078] Controller->afterroute()
Mon, 27 Jan 2025 19:29:23 -0500 [24.173.132.66] [/home/u991737198/domains/tas2023.online/public_html/lib/base.php:1871] Base->call()
Mon, 27 Jan 2025 19:29:23 -0500 [24.173.132.66] [/home/u991737198/domains/tas2023.online/public_html/index.php:19] Base->run()
Mon, 27 Jan 2025 19:35:17 -0500 [24.173.132.66] 500: Undefined variable $i18n_select_task_type trace: [/home/u991737198/domains/tas2023.online/public_html/tmp/3hn69l4qoa804.9b9764piwerh.php:214]
Mon, 27 Jan 2025 19:35:17 -0500 [24.173.132.66] [/home/u991737198/domains/tas2023.online/public_html/tmp/3hn69l4qoa804.9b9764piwerh.php:214] Base->{closure}()
Mon, 27 Jan 2025 19:35:17 -0500 [24.173.132.66] [/home/u991737198/domains/tas2023.online/public_html/lib/base.php:3036] require('/home/u991737198/domains/tas2023.online/public_html/tmp/3hn69l4qoa804.9b9764piwerh.php')
Mon, 27 Jan 2025 19:35:17 -0500 [24.173.132.66] [/home/u991737198/domains/tas2023.online/public_html/lib/base.php:3281] View->sandbox()
Mon, 27 Jan 2025 19:35:17 -0500 [24.173.132.66] [/home/u991737198/domains/tas2023.online/public_html/tmp/3hn69l4qoa804.3h31n1yj254w8.php:7] Preview->render()
Mon, 27 Jan 2025 19:35:17 -0500 [24.173.132.66] [/home/u991737198/domains/tas2023.online/public_html/lib/base.php:3036] require('/home/u991737198/domains/tas2023.online/public_html/tmp/3hn69l4qoa804.3h31n1yj254w8.php')
Mon, 27 Jan 2025 19:35:17 -0500 [24.173.132.66] [/home/u991737198/domains/tas2023.online/public_html/lib/base.php:3281] View->sandbox()
Mon, 27 Jan 2025 19:35:17 -0500 [24.173.132.66] [/home/u991737198/domains/tas2023.online/public_html/app/controllers/Controller.php:87] Preview->render()
Mon, 27 Jan 2025 19:35:17 -0500 [24.173.132.66] [/home/u991737198/domains/tas2023.online/public_html/lib/base.php:2078] Controller->afterroute()
Mon, 27 Jan 2025 19:35:17 -0500 [24.173.132.66] [/home/u991737198/domains/tas2023.online/public_html/lib/base.php:1871] Base->call()
Mon, 27 Jan 2025 19:35:17 -0500 [24.173.132.66] [/home/u991737198/domains/tas2023.online/public_html/index.php:19] Base->run()
Mon, 27 Jan 2025 21:15:32 -0500 [2603:9000:f801:55e2:bc8b:99e1:f01:d0af] 401: HTTP 401 (GET /task/taskData) trace: [/home/u991737198/domains/tas2023.online/public_html/lib/access.php:112] Base->error()
Mon, 27 Jan 2025 21:15:32 -0500 [2603:9000:f801:55e2:bc8b:99e1:f01:d0af] [/home/u991737198/domains/tas2023.online/public_html/app/controllers/Controller.php:78] Access->authorize()
Mon, 27 Jan 2025 21:15:32 -0500 [2603:9000:f801:55e2:bc8b:99e1:f01:d0af] [/home/u991737198/domains/tas2023.online/public_html/lib/base.php:2069] Controller->beforeroute()
Mon, 27 Jan 2025 21:15:32 -0500 [2603:9000:f801:55e2:bc8b:99e1:f01:d0af] [/home/u991737198/domains/tas2023.online/public_html/lib/base.php:1871] Base->call()
Mon, 27 Jan 2025 21:15:32 -0500 [2603:9000:f801:55e2:bc8b:99e1:f01:d0af] [/home/u991737198/domains/tas2023.online/public_html/index.php:19] Base->run()
Mon, 27 Jan 2025 21:20:29 -0500 [2603:9000:f801:55e2:bc8b:99e1:f01:d0af] 401: HTTP 401 (GET /task/listtasks) trace: [/home/u991737198/domains/tas2023.online/public_html/lib/access.php:112] Base->error()
Mon, 27 Jan 2025 21:20:29 -0500 [2603:9000:f801:55e2:bc8b:99e1:f01:d0af] [/home/u991737198/domains/tas2023.online/public_html/app/controllers/Controller.php:78] Access->authorize()
Mon, 27 Jan 2025 21:20:29 -0500 [2603:9000:f801:55e2:bc8b:99e1:f01:d0af] [/home/u991737198/domains/tas2023.online/public_html/lib/base.php:2069] Controller->beforeroute()
Mon, 27 Jan 2025 21:20:29 -0500 [2603:9000:f801:55e2:bc8b:99e1:f01:d0af] [/home/u991737198/domains/tas2023.online/public_html/lib/base.php:1871] Base->call()
Mon, 27 Jan 2025 21:20:29 -0500 [2603:9000:f801:55e2:bc8b:99e1:f01:d0af] [/home/u991737198/domains/tas2023.online/public_html/index.php:19] Base->run()
Mon, 27 Jan 2025 21:35:39 -0500 [2603:9000:f801:55e2:bc8b:99e1:f01:d0af] 401: HTTP 401 (GET /user/notifications) trace: [lib/access.php:112] Base->error()
Mon, 27 Jan 2025 21:35:39 -0500 [2603:9000:f801:55e2:bc8b:99e1:f01:d0af] [app/controllers/Controller.php:78] Access->authorize()
Mon, 27 Jan 2025 21:35:39 -0500 [2603:9000:f801:55e2:bc8b:99e1:f01:d0af] [lib/base.php:2069] Controller->beforeroute()
Mon, 27 Jan 2025 21:35:39 -0500 [2603:9000:f801:55e2:bc8b:99e1:f01:d0af] [lib/base.php:1871] Base->call()
Mon, 27 Jan 2025 21:35:39 -0500 [2603:9000:f801:55e2:bc8b:99e1:f01:d0af] [index.php:19] Base->run()
Mon, 27 Jan 2025 23:41:04 -0500 [2603:9000:f801:55e2:bc8b:99e1:f01:d0af] 500: Undefined variable $entity_num trace: [tmp/3hn69l4qoa804.1zo7dt0fljr4w.php:200]
Mon, 27 Jan 2025 23:41:04 -0500 [2603:9000:f801:55e2:bc8b:99e1:f01:d0af] [tmp/3hn69l4qoa804.1zo7dt0fljr4w.php:200] Base->{closure}()
Mon, 27 Jan 2025 23:41:04 -0500 [2603:9000:f801:55e2:bc8b:99e1:f01:d0af] [lib/base.php:3036] require('/home/u991737198/domains/tas2023.online/public_html/tmp/3hn69l4qoa804.1zo7dt0fljr4w.php')
Mon, 27 Jan 2025 23:41:04 -0500 [2603:9000:f801:55e2:bc8b:99e1:f01:d0af] [lib/base.php:3281] View->sandbox()
Mon, 27 Jan 2025 23:41:04 -0500 [2603:9000:f801:55e2:bc8b:99e1:f01:d0af] [tmp/3hn69l4qoa804.3h31n1yj254w8.php:7] Preview->render()
Mon, 27 Jan 2025 23:41:04 -0500 [2603:9000:f801:55e2:bc8b:99e1:f01:d0af] [lib/base.php:3036] require('/home/u991737198/domains/tas2023.online/public_html/tmp/3hn69l4qoa804.3h31n1yj254w8.php')
Mon, 27 Jan 2025 23:41:04 -0500 [2603:9000:f801:55e2:bc8b:99e1:f01:d0af] [lib/base.php:3281] View->sandbox()
Mon, 27 Jan 2025 23:41:04 -0500 [2603:9000:f801:55e2:bc8b:99e1:f01:d0af] [app/controllers/Controller.php:87] Preview->render()
Mon, 27 Jan 2025 23:41:04 -0500 [2603:9000:f801:55e2:bc8b:99e1:f01:d0af] [lib/base.php:2078] Controller->afterroute()
Mon, 27 Jan 2025 23:41:04 -0500 [2603:9000:f801:55e2:bc8b:99e1:f01:d0af] [lib/base.php:1871] Base->call()
Mon, 27 Jan 2025 23:41:04 -0500 [2603:9000:f801:55e2:bc8b:99e1:f01:d0af] [index.php:19] Base->run()
