Wed, 09 Apr 2025 12:24:46 +0000 [2600:1006:b019:6495:e1c7:7c78:9585:50ac] 401: HTTP 401 (GET /task/teamProductivity) trace: [/home/u991737198/domains/tas2023.online/public_html/lib/access.php:112] Base->error()
Wed, 09 Apr 2025 12:24:46 +0000 [2600:1006:b019:6495:e1c7:7c78:9585:50ac] 401: HTTP 401 (GET /task/taskDistribution) trace: [/home/u991737198/domains/tas2023.online/public_html/lib/access.php:112] Base->error()
Wed, 09 Apr 2025 12:24:46 +0000 [2600:1006:b019:6495:e1c7:7c78:9585:50ac] [/home/u991737198/domains/tas2023.online/public_html/app/controllers/Controller.php:78] Access->authorize()
Wed, 09 Apr 2025 12:24:46 +0000 [2600:1006:b019:6495:e1c7:7c78:9585:50ac] 401: HTTP 401 (GET /task/taskData) trace: [/home/u991737198/domains/tas2023.online/public_html/lib/access.php:112] Base->error()
Wed, 09 Apr 2025 12:24:46 +0000 [2600:1006:b019:6495:e1c7:7c78:9585:50ac] [/home/u991737198/domains/tas2023.online/public_html/app/controllers/Controller.php:78] Access->authorize()
Wed, 09 Apr 2025 12:24:46 +0000 [2600:1006:b019:6495:e1c7:7c78:9585:50ac] [/home/u991737198/domains/tas2023.online/public_html/lib/base.php:2069] Controller->beforeroute()
Wed, 09 Apr 2025 12:24:46 +0000 [2600:1006:b019:6495:e1c7:7c78:9585:50ac] [/home/u991737198/domains/tas2023.online/public_html/lib/base.php:2069] Controller->beforeroute()
Wed, 09 Apr 2025 12:24:46 +0000 [2600:1006:b019:6495:e1c7:7c78:9585:50ac] [/home/u991737198/domains/tas2023.online/public_html/app/controllers/Controller.php:78] Access->authorize()
Wed, 09 Apr 2025 12:24:46 +0000 [2600:1006:b019:6495:e1c7:7c78:9585:50ac] [/home/u991737198/domains/tas2023.online/public_html/lib/base.php:1871] Base->call()
Wed, 09 Apr 2025 12:24:46 +0000 [2600:1006:b019:6495:e1c7:7c78:9585:50ac] 401: HTTP 401 (GET /task/userNotesCount) trace: [/home/u991737198/domains/tas2023.online/public_html/lib/access.php:112] Base->error()
Wed, 09 Apr 2025 12:24:46 +0000 [2600:1006:b019:6495:e1c7:7c78:9585:50ac] [/home/u991737198/domains/tas2023.online/public_html/lib/base.php:1871] Base->call()
Wed, 09 Apr 2025 12:24:46 +0000 [2600:1006:b019:6495:e1c7:7c78:9585:50ac] [/home/u991737198/domains/tas2023.online/public_html/lib/base.php:2069] Controller->beforeroute()
Wed, 09 Apr 2025 12:24:46 +0000 [2600:1006:b019:6495:e1c7:7c78:9585:50ac] [/home/u991737198/domains/tas2023.online/public_html/index.php:19] Base->run()
Wed, 09 Apr 2025 12:24:46 +0000 [2600:1006:b019:6495:e1c7:7c78:9585:50ac] [/home/u991737198/domains/tas2023.online/public_html/index.php:19] Base->run()
Wed, 09 Apr 2025 12:24:46 +0000 [2600:1006:b019:6495:e1c7:7c78:9585:50ac] [/home/u991737198/domains/tas2023.online/public_html/app/controllers/Controller.php:78] Access->authorize()
Wed, 09 Apr 2025 12:24:46 +0000 [2600:1006:b019:6495:e1c7:7c78:9585:50ac] [/home/u991737198/domains/tas2023.online/public_html/lib/base.php:1871] Base->call()
Wed, 09 Apr 2025 12:24:46 +0000 [2600:1006:b019:6495:e1c7:7c78:9585:50ac] [/home/u991737198/domains/tas2023.online/public_html/lib/base.php:2069] Controller->beforeroute()
Wed, 09 Apr 2025 12:24:46 +0000 [2600:1006:b019:6495:e1c7:7c78:9585:50ac] [/home/u991737198/domains/tas2023.online/public_html/index.php:19] Base->run()
Wed, 09 Apr 2025 12:24:46 +0000 [2600:1006:b019:6495:e1c7:7c78:9585:50ac] [/home/u991737198/domains/tas2023.online/public_html/lib/base.php:1871] Base->call()
Wed, 09 Apr 2025 12:24:46 +0000 [2600:1006:b019:6495:e1c7:7c78:9585:50ac] [/home/u991737198/domains/tas2023.online/public_html/index.php:19] Base->run()
Wed, 09 Apr 2025 12:25:14 +0000 [2600:1006:b019:6495:e1c7:7c78:9585:50ac] 500: Undefined variable $entity_num trace: [tmp/3hn69l4qoa804.1zo7dt0fljr4w.php:200]
Wed, 09 Apr 2025 12:25:14 +0000 [2600:1006:b019:6495:e1c7:7c78:9585:50ac] [tmp/3hn69l4qoa804.1zo7dt0fljr4w.php:200] Base->{closure}()
Wed, 09 Apr 2025 12:25:14 +0000 [2600:1006:b019:6495:e1c7:7c78:9585:50ac] [lib/base.php:3036] require('/home/u991737198/domains/tas2023.online/public_html/tmp/3hn69l4qoa804.1zo7dt0fljr4w.php')
Wed, 09 Apr 2025 12:25:14 +0000 [2600:1006:b019:6495:e1c7:7c78:9585:50ac] [lib/base.php:3281] View->sandbox()
Wed, 09 Apr 2025 12:25:14 +0000 [2600:1006:b019:6495:e1c7:7c78:9585:50ac] [tmp/3hn69l4qoa804.3h31n1yj254w8.php:7] Preview->render()
Wed, 09 Apr 2025 12:25:14 +0000 [2600:1006:b019:6495:e1c7:7c78:9585:50ac] [lib/base.php:3036] require('/home/u991737198/domains/tas2023.online/public_html/tmp/3hn69l4qoa804.3h31n1yj254w8.php')
Wed, 09 Apr 2025 12:25:14 +0000 [2600:1006:b019:6495:e1c7:7c78:9585:50ac] [lib/base.php:3281] View->sandbox()
Wed, 09 Apr 2025 12:25:14 +0000 [2600:1006:b019:6495:e1c7:7c78:9585:50ac] [app/controllers/Controller.php:87] Preview->render()
Wed, 09 Apr 2025 12:25:14 +0000 [2600:1006:b019:6495:e1c7:7c78:9585:50ac] [lib/base.php:2078] Controller->afterroute()
Wed, 09 Apr 2025 12:25:14 +0000 [2600:1006:b019:6495:e1c7:7c78:9585:50ac] [lib/base.php:1871] Base->call()
Wed, 09 Apr 2025 12:25:14 +0000 [2600:1006:b019:6495:e1c7:7c78:9585:50ac] [index.php:19] Base->run()
Wed, 09 Apr 2025 12:25:18 +0000 [2600:1006:b019:6495:e1c7:7c78:9585:50ac] 500: Undefined variable $entity_num trace: [tmp/3hn69l4qoa804.1zo7dt0fljr4w.php:200]
Wed, 09 Apr 2025 12:25:18 +0000 [2600:1006:b019:6495:e1c7:7c78:9585:50ac] [tmp/3hn69l4qoa804.1zo7dt0fljr4w.php:200] Base->{closure}()
Wed, 09 Apr 2025 12:25:18 +0000 [2600:1006:b019:6495:e1c7:7c78:9585:50ac] [lib/base.php:3036] require('/home/u991737198/domains/tas2023.online/public_html/tmp/3hn69l4qoa804.1zo7dt0fljr4w.php')
Wed, 09 Apr 2025 12:25:18 +0000 [2600:1006:b019:6495:e1c7:7c78:9585:50ac] [lib/base.php:3281] View->sandbox()
Wed, 09 Apr 2025 12:25:18 +0000 [2600:1006:b019:6495:e1c7:7c78:9585:50ac] [tmp/3hn69l4qoa804.3h31n1yj254w8.php:7] Preview->render()
Wed, 09 Apr 2025 12:25:18 +0000 [2600:1006:b019:6495:e1c7:7c78:9585:50ac] [lib/base.php:3036] require('/home/u991737198/domains/tas2023.online/public_html/tmp/3hn69l4qoa804.3h31n1yj254w8.php')
Wed, 09 Apr 2025 12:25:18 +0000 [2600:1006:b019:6495:e1c7:7c78:9585:50ac] [lib/base.php:3281] View->sandbox()
Wed, 09 Apr 2025 12:25:18 +0000 [2600:1006:b019:6495:e1c7:7c78:9585:50ac] [app/controllers/Controller.php:87] Preview->render()
Wed, 09 Apr 2025 12:25:18 +0000 [2600:1006:b019:6495:e1c7:7c78:9585:50ac] [lib/base.php:2078] Controller->afterroute()
Wed, 09 Apr 2025 12:25:18 +0000 [2600:1006:b019:6495:e1c7:7c78:9585:50ac] [lib/base.php:1871] Base->call()
Wed, 09 Apr 2025 12:25:18 +0000 [2600:1006:b019:6495:e1c7:7c78:9585:50ac] [index.php:19] Base->run()
Wed, 09 Apr 2025 12:25:30 +0000 [2600:1006:b019:6495:e1c7:7c78:9585:50ac] 500: Undefined variable $selected_note trace: [/home/u991737198/domains/tas2023.online/public_html/tmp/3hn69l4qoa804.3g8shy2588w00.php:385]
Wed, 09 Apr 2025 12:25:30 +0000 [2600:1006:b019:6495:e1c7:7c78:9585:50ac] [/home/u991737198/domains/tas2023.online/public_html/tmp/3hn69l4qoa804.3g8shy2588w00.php:385] Base->{closure}()
Wed, 09 Apr 2025 12:25:30 +0000 [2600:1006:b019:6495:e1c7:7c78:9585:50ac] [/home/u991737198/domains/tas2023.online/public_html/lib/base.php:3036] require('/home/u991737198/domains/tas2023.online/public_html/tmp/3hn69l4qoa804.3g8shy2588w00.php')
Wed, 09 Apr 2025 12:25:30 +0000 [2600:1006:b019:6495:e1c7:7c78:9585:50ac] [/home/u991737198/domains/tas2023.online/public_html/lib/base.php:3281] View->sandbox()
Wed, 09 Apr 2025 12:25:30 +0000 [2600:1006:b019:6495:e1c7:7c78:9585:50ac] [/home/u991737198/domains/tas2023.online/public_html/tmp/3hn69l4qoa804.3h31n1yj254w8.php:7] Preview->render()
Wed, 09 Apr 2025 12:25:30 +0000 [2600:1006:b019:6495:e1c7:7c78:9585:50ac] [/home/u991737198/domains/tas2023.online/public_html/lib/base.php:3036] require('/home/u991737198/domains/tas2023.online/public_html/tmp/3hn69l4qoa804.3h31n1yj254w8.php')
Wed, 09 Apr 2025 12:25:30 +0000 [2600:1006:b019:6495:e1c7:7c78:9585:50ac] [/home/u991737198/domains/tas2023.online/public_html/lib/base.php:3281] View->sandbox()
Wed, 09 Apr 2025 12:25:30 +0000 [2600:1006:b019:6495:e1c7:7c78:9585:50ac] [/home/u991737198/domains/tas2023.online/public_html/app/controllers/Controller.php:87] Preview->render()
Wed, 09 Apr 2025 12:25:30 +0000 [2600:1006:b019:6495:e1c7:7c78:9585:50ac] [/home/u991737198/domains/tas2023.online/public_html/lib/base.php:2078] Controller->afterroute()
Wed, 09 Apr 2025 12:25:30 +0000 [2600:1006:b019:6495:e1c7:7c78:9585:50ac] [/home/u991737198/domains/tas2023.online/public_html/lib/base.php:1871] Base->call()
Wed, 09 Apr 2025 12:25:30 +0000 [2600:1006:b019:6495:e1c7:7c78:9585:50ac] [/home/u991737198/domains/tas2023.online/public_html/index.php:19] Base->run()
Wed, 09 Apr 2025 16:56:59 +0000 [2600:1006:b019:6495:e1c7:7c78:9585:50ac] 401: HTTP 401 (GET /task/taskData) trace: [/home/u991737198/domains/tas2023.online/public_html/lib/access.php:112] Base->error()
Wed, 09 Apr 2025 16:56:59 +0000 [2600:1006:b019:6495:e1c7:7c78:9585:50ac] 401: HTTP 401 (GET /task/taskDistribution) trace: [/home/u991737198/domains/tas2023.online/public_html/lib/access.php:112] Base->error()
Wed, 09 Apr 2025 16:56:59 +0000 [2600:1006:b019:6495:e1c7:7c78:9585:50ac] 401: HTTP 401 (GET /task/userNotesCount) trace: [/home/u991737198/domains/tas2023.online/public_html/lib/access.php:112] Base->error()
Wed, 09 Apr 2025 16:56:59 +0000 [2600:1006:b019:6495:e1c7:7c78:9585:50ac] [/home/u991737198/domains/tas2023.online/public_html/app/controllers/Controller.php:78] Access->authorize()
Wed, 09 Apr 2025 16:56:59 +0000 [2600:1006:b019:6495:e1c7:7c78:9585:50ac] [/home/u991737198/domains/tas2023.online/public_html/app/controllers/Controller.php:78] Access->authorize()
Wed, 09 Apr 2025 16:56:59 +0000 [2600:1006:b019:6495:e1c7:7c78:9585:50ac] 401: HTTP 401 (GET /task/teamProductivity) trace: [/home/u991737198/domains/tas2023.online/public_html/lib/access.php:112] Base->error()
Wed, 09 Apr 2025 16:56:59 +0000 [2600:1006:b019:6495:e1c7:7c78:9585:50ac] [/home/u991737198/domains/tas2023.online/public_html/app/controllers/Controller.php:78] Access->authorize()
Wed, 09 Apr 2025 16:56:59 +0000 [2600:1006:b019:6495:e1c7:7c78:9585:50ac] [/home/u991737198/domains/tas2023.online/public_html/lib/base.php:2069] Controller->beforeroute()
Wed, 09 Apr 2025 16:56:59 +0000 [2600:1006:b019:6495:e1c7:7c78:9585:50ac] [/home/u991737198/domains/tas2023.online/public_html/lib/base.php:2069] Controller->beforeroute()
Wed, 09 Apr 2025 16:56:59 +0000 [2600:1006:b019:6495:e1c7:7c78:9585:50ac] [/home/u991737198/domains/tas2023.online/public_html/lib/base.php:2069] Controller->beforeroute()
Wed, 09 Apr 2025 16:56:59 +0000 [2600:1006:b019:6495:e1c7:7c78:9585:50ac] [/home/u991737198/domains/tas2023.online/public_html/app/controllers/Controller.php:78] Access->authorize()
Wed, 09 Apr 2025 16:56:59 +0000 [2600:1006:b019:6495:e1c7:7c78:9585:50ac] [/home/u991737198/domains/tas2023.online/public_html/lib/base.php:1871] Base->call()
Wed, 09 Apr 2025 16:56:59 +0000 [2600:1006:b019:6495:e1c7:7c78:9585:50ac] [/home/u991737198/domains/tas2023.online/public_html/lib/base.php:1871] Base->call()
Wed, 09 Apr 2025 16:56:59 +0000 [2600:1006:b019:6495:e1c7:7c78:9585:50ac] [/home/u991737198/domains/tas2023.online/public_html/lib/base.php:1871] Base->call()
Wed, 09 Apr 2025 16:56:59 +0000 [2600:1006:b019:6495:e1c7:7c78:9585:50ac] [/home/u991737198/domains/tas2023.online/public_html/lib/base.php:2069] Controller->beforeroute()
Wed, 09 Apr 2025 16:56:59 +0000 [2600:1006:b019:6495:e1c7:7c78:9585:50ac] [/home/u991737198/domains/tas2023.online/public_html/index.php:19] Base->run()
Wed, 09 Apr 2025 16:56:59 +0000 [2600:1006:b019:6495:e1c7:7c78:9585:50ac] [/home/u991737198/domains/tas2023.online/public_html/index.php:19] Base->run()
Wed, 09 Apr 2025 16:56:59 +0000 [2600:1006:b019:6495:e1c7:7c78:9585:50ac] [/home/u991737198/domains/tas2023.online/public_html/index.php:19] Base->run()
Wed, 09 Apr 2025 16:56:59 +0000 [2600:1006:b019:6495:e1c7:7c78:9585:50ac] [/home/u991737198/domains/tas2023.online/public_html/lib/base.php:1871] Base->call()
Wed, 09 Apr 2025 16:56:59 +0000 [2600:1006:b019:6495:e1c7:7c78:9585:50ac] [/home/u991737198/domains/tas2023.online/public_html/index.php:19] Base->run()
Wed, 09 Apr 2025 17:24:28 +0000 [2600:1006:b019:6495:e1c7:7c78:9585:50ac] 401: HTTP 401 (GET /task/listtasks) trace: [/home/u991737198/domains/tas2023.online/public_html/lib/access.php:112] Base->error()
Wed, 09 Apr 2025 17:24:28 +0000 [2600:1006:b019:6495:e1c7:7c78:9585:50ac] [/home/u991737198/domains/tas2023.online/public_html/app/controllers/Controller.php:78] Access->authorize()
Wed, 09 Apr 2025 17:24:28 +0000 [2600:1006:b019:6495:e1c7:7c78:9585:50ac] [/home/u991737198/domains/tas2023.online/public_html/lib/base.php:2069] Controller->beforeroute()
Wed, 09 Apr 2025 17:24:28 +0000 [2600:1006:b019:6495:e1c7:7c78:9585:50ac] [/home/u991737198/domains/tas2023.online/public_html/lib/base.php:1871] Base->call()
Wed, 09 Apr 2025 17:24:28 +0000 [2600:1006:b019:6495:e1c7:7c78:9585:50ac] [/home/u991737198/domains/tas2023.online/public_html/index.php:19] Base->run()
Wed, 09 Apr 2025 17:24:51 +0000 [2600:1006:b019:6495:e1c7:7c78:9585:50ac] 500: Undefined variable $entity_num trace: [tmp/3hn69l4qoa804.1zo7dt0fljr4w.php:200]
Wed, 09 Apr 2025 17:24:51 +0000 [2600:1006:b019:6495:e1c7:7c78:9585:50ac] [tmp/3hn69l4qoa804.1zo7dt0fljr4w.php:200] Base->{closure}()
Wed, 09 Apr 2025 17:24:51 +0000 [2600:1006:b019:6495:e1c7:7c78:9585:50ac] [lib/base.php:3036] require('/home/u991737198/domains/tas2023.online/public_html/tmp/3hn69l4qoa804.1zo7dt0fljr4w.php')
Wed, 09 Apr 2025 17:24:51 +0000 [2600:1006:b019:6495:e1c7:7c78:9585:50ac] [lib/base.php:3281] View->sandbox()
Wed, 09 Apr 2025 17:24:51 +0000 [2600:1006:b019:6495:e1c7:7c78:9585:50ac] [tmp/3hn69l4qoa804.3h31n1yj254w8.php:7] Preview->render()
Wed, 09 Apr 2025 17:24:51 +0000 [2600:1006:b019:6495:e1c7:7c78:9585:50ac] [lib/base.php:3036] require('/home/u991737198/domains/tas2023.online/public_html/tmp/3hn69l4qoa804.3h31n1yj254w8.php')
Wed, 09 Apr 2025 17:24:51 +0000 [2600:1006:b019:6495:e1c7:7c78:9585:50ac] [lib/base.php:3281] View->sandbox()
Wed, 09 Apr 2025 17:24:51 +0000 [2600:1006:b019:6495:e1c7:7c78:9585:50ac] [app/controllers/Controller.php:87] Preview->render()
Wed, 09 Apr 2025 17:24:51 +0000 [2600:1006:b019:6495:e1c7:7c78:9585:50ac] [lib/base.php:2078] Controller->afterroute()
Wed, 09 Apr 2025 17:24:51 +0000 [2600:1006:b019:6495:e1c7:7c78:9585:50ac] [lib/base.php:1871] Base->call()
Wed, 09 Apr 2025 17:24:51 +0000 [2600:1006:b019:6495:e1c7:7c78:9585:50ac] [index.php:19] Base->run()
Wed, 09 Apr 2025 17:24:55 +0000 [2600:1006:b019:6495:e1c7:7c78:9585:50ac] 500: Undefined variable $entity_num trace: [tmp/3hn69l4qoa804.1zo7dt0fljr4w.php:200]
Wed, 09 Apr 2025 17:24:55 +0000 [2600:1006:b019:6495:e1c7:7c78:9585:50ac] [tmp/3hn69l4qoa804.1zo7dt0fljr4w.php:200] Base->{closure}()
Wed, 09 Apr 2025 17:24:55 +0000 [2600:1006:b019:6495:e1c7:7c78:9585:50ac] [lib/base.php:3036] require('/home/u991737198/domains/tas2023.online/public_html/tmp/3hn69l4qoa804.1zo7dt0fljr4w.php')
Wed, 09 Apr 2025 17:24:55 +0000 [2600:1006:b019:6495:e1c7:7c78:9585:50ac] [lib/base.php:3281] View->sandbox()
Wed, 09 Apr 2025 17:24:55 +0000 [2600:1006:b019:6495:e1c7:7c78:9585:50ac] [tmp/3hn69l4qoa804.3h31n1yj254w8.php:7] Preview->render()
Wed, 09 Apr 2025 17:24:55 +0000 [2600:1006:b019:6495:e1c7:7c78:9585:50ac] [lib/base.php:3036] require('/home/u991737198/domains/tas2023.online/public_html/tmp/3hn69l4qoa804.3h31n1yj254w8.php')
Wed, 09 Apr 2025 17:24:55 +0000 [2600:1006:b019:6495:e1c7:7c78:9585:50ac] [lib/base.php:3281] View->sandbox()
Wed, 09 Apr 2025 17:24:55 +0000 [2600:1006:b019:6495:e1c7:7c78:9585:50ac] [app/controllers/Controller.php:87] Preview->render()
Wed, 09 Apr 2025 17:24:55 +0000 [2600:1006:b019:6495:e1c7:7c78:9585:50ac] [lib/base.php:2078] Controller->afterroute()
Wed, 09 Apr 2025 17:24:55 +0000 [2600:1006:b019:6495:e1c7:7c78:9585:50ac] [lib/base.php:1871] Base->call()
Wed, 09 Apr 2025 17:24:55 +0000 [2600:1006:b019:6495:e1c7:7c78:9585:50ac] [index.php:19] Base->run()
Wed, 09 Apr 2025 19:10:56 +0000 [2600:1006:b019:6495:e1c7:7c78:9585:50ac] 500: Undefined variable $entity_num trace: [tmp/3hn69l4qoa804.1zo7dt0fljr4w.php:200]
Wed, 09 Apr 2025 19:10:56 +0000 [2600:1006:b019:6495:e1c7:7c78:9585:50ac] [tmp/3hn69l4qoa804.1zo7dt0fljr4w.php:200] Base->{closure}()
Wed, 09 Apr 2025 19:10:56 +0000 [2600:1006:b019:6495:e1c7:7c78:9585:50ac] [lib/base.php:3036] require('/home/u991737198/domains/tas2023.online/public_html/tmp/3hn69l4qoa804.1zo7dt0fljr4w.php')
Wed, 09 Apr 2025 19:10:56 +0000 [2600:1006:b019:6495:e1c7:7c78:9585:50ac] [lib/base.php:3281] View->sandbox()
Wed, 09 Apr 2025 19:10:56 +0000 [2600:1006:b019:6495:e1c7:7c78:9585:50ac] [tmp/3hn69l4qoa804.3h31n1yj254w8.php:7] Preview->render()
Wed, 09 Apr 2025 19:10:56 +0000 [2600:1006:b019:6495:e1c7:7c78:9585:50ac] [lib/base.php:3036] require('/home/u991737198/domains/tas2023.online/public_html/tmp/3hn69l4qoa804.3h31n1yj254w8.php')
Wed, 09 Apr 2025 19:10:56 +0000 [2600:1006:b019:6495:e1c7:7c78:9585:50ac] [lib/base.php:3281] View->sandbox()
Wed, 09 Apr 2025 19:10:56 +0000 [2600:1006:b019:6495:e1c7:7c78:9585:50ac] [app/controllers/Controller.php:87] Preview->render()
Wed, 09 Apr 2025 19:10:56 +0000 [2600:1006:b019:6495:e1c7:7c78:9585:50ac] [lib/base.php:2078] Controller->afterroute()
Wed, 09 Apr 2025 19:10:56 +0000 [2600:1006:b019:6495:e1c7:7c78:9585:50ac] [lib/base.php:1871] Base->call()
Wed, 09 Apr 2025 19:10:56 +0000 [2600:1006:b019:6495:e1c7:7c78:9585:50ac] [index.php:19] Base->run()
Wed, 09 Apr 2025 19:11:10 +0000 [2600:1006:b019:6495:e1c7:7c78:9585:50ac] 500: Undefined variable $entity_num trace: [tmp/3hn69l4qoa804.1zo7dt0fljr4w.php:200]
Wed, 09 Apr 2025 19:11:10 +0000 [2600:1006:b019:6495:e1c7:7c78:9585:50ac] [tmp/3hn69l4qoa804.1zo7dt0fljr4w.php:200] Base->{closure}()
Wed, 09 Apr 2025 19:11:10 +0000 [2600:1006:b019:6495:e1c7:7c78:9585:50ac] [lib/base.php:3036] require('/home/u991737198/domains/tas2023.online/public_html/tmp/3hn69l4qoa804.1zo7dt0fljr4w.php')
Wed, 09 Apr 2025 19:11:10 +0000 [2600:1006:b019:6495:e1c7:7c78:9585:50ac] [lib/base.php:3281] View->sandbox()
Wed, 09 Apr 2025 19:11:10 +0000 [2600:1006:b019:6495:e1c7:7c78:9585:50ac] [tmp/3hn69l4qoa804.3h31n1yj254w8.php:7] Preview->render()
Wed, 09 Apr 2025 19:11:10 +0000 [2600:1006:b019:6495:e1c7:7c78:9585:50ac] [lib/base.php:3036] require('/home/u991737198/domains/tas2023.online/public_html/tmp/3hn69l4qoa804.3h31n1yj254w8.php')
Wed, 09 Apr 2025 19:11:10 +0000 [2600:1006:b019:6495:e1c7:7c78:9585:50ac] [lib/base.php:3281] View->sandbox()
Wed, 09 Apr 2025 19:11:10 +0000 [2600:1006:b019:6495:e1c7:7c78:9585:50ac] [app/controllers/Controller.php:87] Preview->render()
Wed, 09 Apr 2025 19:11:10 +0000 [2600:1006:b019:6495:e1c7:7c78:9585:50ac] [lib/base.php:2078] Controller->afterroute()
Wed, 09 Apr 2025 19:11:10 +0000 [2600:1006:b019:6495:e1c7:7c78:9585:50ac] [lib/base.php:1871] Base->call()
Wed, 09 Apr 2025 19:11:10 +0000 [2600:1006:b019:6495:e1c7:7c78:9585:50ac] [index.php:19] Base->run()
Wed, 09 Apr 2025 19:11:16 +0000 [2600:1006:b019:6495:e1c7:7c78:9585:50ac] 500: Undefined variable $entity_num trace: [tmp/3hn69l4qoa804.man4oes5p0l2.php:177]
Wed, 09 Apr 2025 19:11:16 +0000 [2600:1006:b019:6495:e1c7:7c78:9585:50ac] [tmp/3hn69l4qoa804.man4oes5p0l2.php:177] Base->{closure}()
Wed, 09 Apr 2025 19:11:16 +0000 [2600:1006:b019:6495:e1c7:7c78:9585:50ac] [lib/base.php:3036] require('/home/u991737198/domains/tas2023.online/public_html/tmp/3hn69l4qoa804.man4oes5p0l2.php')
Wed, 09 Apr 2025 19:11:16 +0000 [2600:1006:b019:6495:e1c7:7c78:9585:50ac] [lib/base.php:3281] View->sandbox()
Wed, 09 Apr 2025 19:11:16 +0000 [2600:1006:b019:6495:e1c7:7c78:9585:50ac] [tmp/3hn69l4qoa804.3h31n1yj254w8.php:7] Preview->render()
Wed, 09 Apr 2025 19:11:16 +0000 [2600:1006:b019:6495:e1c7:7c78:9585:50ac] [lib/base.php:3036] require('/home/u991737198/domains/tas2023.online/public_html/tmp/3hn69l4qoa804.3h31n1yj254w8.php')
Wed, 09 Apr 2025 19:11:16 +0000 [2600:1006:b019:6495:e1c7:7c78:9585:50ac] [lib/base.php:3281] View->sandbox()
Wed, 09 Apr 2025 19:11:16 +0000 [2600:1006:b019:6495:e1c7:7c78:9585:50ac] [app/controllers/Controller.php:87] Preview->render()
Wed, 09 Apr 2025 19:11:16 +0000 [2600:1006:b019:6495:e1c7:7c78:9585:50ac] [lib/base.php:2078] Controller->afterroute()
Wed, 09 Apr 2025 19:11:16 +0000 [2600:1006:b019:6495:e1c7:7c78:9585:50ac] [lib/base.php:1871] Base->call()
Wed, 09 Apr 2025 19:11:16 +0000 [2600:1006:b019:6495:e1c7:7c78:9585:50ac] [index.php:19] Base->run()
Wed, 09 Apr 2025 19:11:19 +0000 [2600:1006:b019:6495:e1c7:7c78:9585:50ac] 500: Undefined array key 1 trace: [app/controllers/PersonController.php:247]
Wed, 09 Apr 2025 19:11:19 +0000 [2600:1006:b019:6495:e1c7:7c78:9585:50ac] [app/controllers/PersonController.php:247] Base->{closure}()
Wed, 09 Apr 2025 19:11:19 +0000 [2600:1006:b019:6495:e1c7:7c78:9585:50ac] [app/controllers/PersonController.php:238] PersonController->calculate_age()
Wed, 09 Apr 2025 19:11:19 +0000 [2600:1006:b019:6495:e1c7:7c78:9585:50ac] [lib/base.php:2072] PersonController->update()
Wed, 09 Apr 2025 19:11:19 +0000 [2600:1006:b019:6495:e1c7:7c78:9585:50ac] [lib/base.php:1871] Base->call()
Wed, 09 Apr 2025 19:11:19 +0000 [2600:1006:b019:6495:e1c7:7c78:9585:50ac] [index.php:19] Base->run()
Wed, 09 Apr 2025 19:11:27 +0000 [2600:1006:b019:6495:e1c7:7c78:9585:50ac] 500: Undefined array key 1 trace: [app/controllers/PersonController.php:247]
Wed, 09 Apr 2025 19:11:27 +0000 [2600:1006:b019:6495:e1c7:7c78:9585:50ac] [app/controllers/PersonController.php:247] Base->{closure}()
Wed, 09 Apr 2025 19:11:27 +0000 [2600:1006:b019:6495:e1c7:7c78:9585:50ac] [app/controllers/PersonController.php:238] PersonController->calculate_age()
Wed, 09 Apr 2025 19:11:27 +0000 [2600:1006:b019:6495:e1c7:7c78:9585:50ac] [lib/base.php:2072] PersonController->update()
Wed, 09 Apr 2025 19:11:27 +0000 [2600:1006:b019:6495:e1c7:7c78:9585:50ac] [lib/base.php:1871] Base->call()
Wed, 09 Apr 2025 19:11:27 +0000 [2600:1006:b019:6495:e1c7:7c78:9585:50ac] [index.php:19] Base->run()
Wed, 09 Apr 2025 19:11:31 +0000 [2600:1006:b019:6495:e1c7:7c78:9585:50ac] 500: Undefined array key 1 trace: [app/controllers/PersonController.php:247]
Wed, 09 Apr 2025 19:11:31 +0000 [2600:1006:b019:6495:e1c7:7c78:9585:50ac] [app/controllers/PersonController.php:247] Base->{closure}()
Wed, 09 Apr 2025 19:11:31 +0000 [2600:1006:b019:6495:e1c7:7c78:9585:50ac] [app/controllers/PersonController.php:238] PersonController->calculate_age()
Wed, 09 Apr 2025 19:11:31 +0000 [2600:1006:b019:6495:e1c7:7c78:9585:50ac] [lib/base.php:2072] PersonController->update()
Wed, 09 Apr 2025 19:11:31 +0000 [2600:1006:b019:6495:e1c7:7c78:9585:50ac] [lib/base.php:1871] Base->call()
Wed, 09 Apr 2025 19:11:31 +0000 [2600:1006:b019:6495:e1c7:7c78:9585:50ac] [index.php:19] Base->run()
Wed, 09 Apr 2025 19:11:33 +0000 [2600:1006:b019:6495:e1c7:7c78:9585:50ac] 401: HTTP 401 (GET /task/teamProductivity) trace: [/home/u991737198/domains/tas2023.online/public_html/lib/access.php:112] Base->error()
Wed, 09 Apr 2025 19:11:33 +0000 [2600:1006:b019:6495:e1c7:7c78:9585:50ac] [/home/u991737198/domains/tas2023.online/public_html/app/controllers/Controller.php:78] Access->authorize()
Wed, 09 Apr 2025 19:11:33 +0000 [2600:1006:b019:6495:e1c7:7c78:9585:50ac] [/home/u991737198/domains/tas2023.online/public_html/lib/base.php:2069] Controller->beforeroute()
Wed, 09 Apr 2025 19:11:33 +0000 [2600:1006:b019:6495:e1c7:7c78:9585:50ac] [/home/u991737198/domains/tas2023.online/public_html/lib/base.php:1871] Base->call()
Wed, 09 Apr 2025 19:11:33 +0000 [2600:1006:b019:6495:e1c7:7c78:9585:50ac] [/home/u991737198/domains/tas2023.online/public_html/index.php:19] Base->run()
Wed, 09 Apr 2025 19:11:38 +0000 [2600:1006:b019:6495:e1c7:7c78:9585:50ac] 401: HTTP 401 (GET /person/update/8133685193) trace: [lib/access.php:112] Base->error()
Wed, 09 Apr 2025 19:11:38 +0000 [2600:1006:b019:6495:e1c7:7c78:9585:50ac] [app/controllers/Controller.php:78] Access->authorize()
Wed, 09 Apr 2025 19:11:38 +0000 [2600:1006:b019:6495:e1c7:7c78:9585:50ac] [lib/base.php:2069] Controller->beforeroute()
Wed, 09 Apr 2025 19:11:38 +0000 [2600:1006:b019:6495:e1c7:7c78:9585:50ac] [lib/base.php:1871] Base->call()
Wed, 09 Apr 2025 19:11:38 +0000 [2600:1006:b019:6495:e1c7:7c78:9585:50ac] [index.php:19] Base->run()
Wed, 09 Apr 2025 19:12:27 +0000 [2600:1006:b019:6495:e1c7:7c78:9585:50ac] 500: Undefined variable $entity_num trace: [tmp/3hn69l4qoa804.man4oes5p0l2.php:177]
Wed, 09 Apr 2025 19:12:27 +0000 [2600:1006:b019:6495:e1c7:7c78:9585:50ac] [tmp/3hn69l4qoa804.man4oes5p0l2.php:177] Base->{closure}()
Wed, 09 Apr 2025 19:12:27 +0000 [2600:1006:b019:6495:e1c7:7c78:9585:50ac] [lib/base.php:3036] require('/home/u991737198/domains/tas2023.online/public_html/tmp/3hn69l4qoa804.man4oes5p0l2.php')
Wed, 09 Apr 2025 19:12:27 +0000 [2600:1006:b019:6495:e1c7:7c78:9585:50ac] [lib/base.php:3281] View->sandbox()
Wed, 09 Apr 2025 19:12:27 +0000 [2600:1006:b019:6495:e1c7:7c78:9585:50ac] [tmp/3hn69l4qoa804.3h31n1yj254w8.php:7] Preview->render()
Wed, 09 Apr 2025 19:12:27 +0000 [2600:1006:b019:6495:e1c7:7c78:9585:50ac] [lib/base.php:3036] require('/home/u991737198/domains/tas2023.online/public_html/tmp/3hn69l4qoa804.3h31n1yj254w8.php')
Wed, 09 Apr 2025 19:12:27 +0000 [2600:1006:b019:6495:e1c7:7c78:9585:50ac] [lib/base.php:3281] View->sandbox()
Wed, 09 Apr 2025 19:12:27 +0000 [2600:1006:b019:6495:e1c7:7c78:9585:50ac] [app/controllers/Controller.php:87] Preview->render()
Wed, 09 Apr 2025 19:12:27 +0000 [2600:1006:b019:6495:e1c7:7c78:9585:50ac] [lib/base.php:2078] Controller->afterroute()
Wed, 09 Apr 2025 19:12:27 +0000 [2600:1006:b019:6495:e1c7:7c78:9585:50ac] [lib/base.php:1871] Base->call()
Wed, 09 Apr 2025 19:12:27 +0000 [2600:1006:b019:6495:e1c7:7c78:9585:50ac] [index.php:19] Base->run()
Wed, 09 Apr 2025 19:12:30 +0000 [2600:1006:b019:6495:e1c7:7c78:9585:50ac] 500: Undefined array key 1 trace: [app/controllers/PersonController.php:247]
Wed, 09 Apr 2025 19:12:30 +0000 [2600:1006:b019:6495:e1c7:7c78:9585:50ac] [app/controllers/PersonController.php:247] Base->{closure}()
Wed, 09 Apr 2025 19:12:30 +0000 [2600:1006:b019:6495:e1c7:7c78:9585:50ac] [app/controllers/PersonController.php:238] PersonController->calculate_age()
Wed, 09 Apr 2025 19:12:30 +0000 [2600:1006:b019:6495:e1c7:7c78:9585:50ac] [lib/base.php:2072] PersonController->update()
Wed, 09 Apr 2025 19:12:30 +0000 [2600:1006:b019:6495:e1c7:7c78:9585:50ac] [lib/base.php:1871] Base->call()
Wed, 09 Apr 2025 19:12:30 +0000 [2600:1006:b019:6495:e1c7:7c78:9585:50ac] [index.php:19] Base->run()
