Mon, 24 Feb 2025 11:48:51 +0000 [2600:1006:b06b:8b51:6c07:2983:acb9:8a53] 401: HTTP 401 (GET /task/taskDistribution) trace: [/home/u991737198/domains/tas2023.online/public_html/lib/access.php:112] Base->error()
Mon, 24 Feb 2025 11:48:51 +0000 [2600:1006:b06b:8b51:6c07:2983:acb9:8a53] 401: HTTP 401 (GET /task/teamProductivity) trace: [/home/u991737198/domains/tas2023.online/public_html/lib/access.php:112] Base->error()
Mon, 24 Feb 2025 11:48:51 +0000 [2600:1006:b06b:8b51:6c07:2983:acb9:8a53] 401: HTTP 401 (GET /task/userNotesCount) trace: [/home/u991737198/domains/tas2023.online/public_html/lib/access.php:112] Base->error()
Mon, 24 Feb 2025 11:48:51 +0000 [2600:1006:b06b:8b51:6c07:2983:acb9:8a53] [/home/u991737198/domains/tas2023.online/public_html/app/controllers/Controller.php:78] Access->authorize()
Mon, 24 Feb 2025 11:48:51 +0000 [2600:1006:b06b:8b51:6c07:2983:acb9:8a53] [/home/u991737198/domains/tas2023.online/public_html/app/controllers/Controller.php:78] Access->authorize()
Mon, 24 Feb 2025 11:48:51 +0000 [2600:1006:b06b:8b51:6c07:2983:acb9:8a53] [/home/u991737198/domains/tas2023.online/public_html/lib/base.php:2069] Controller->beforeroute()
Mon, 24 Feb 2025 11:48:51 +0000 [2600:1006:b06b:8b51:6c07:2983:acb9:8a53] [/home/u991737198/domains/tas2023.online/public_html/app/controllers/Controller.php:78] Access->authorize()
Mon, 24 Feb 2025 11:48:51 +0000 [2600:1006:b06b:8b51:6c07:2983:acb9:8a53] [/home/u991737198/domains/tas2023.online/public_html/lib/base.php:2069] Controller->beforeroute()
Mon, 24 Feb 2025 11:48:51 +0000 [2600:1006:b06b:8b51:6c07:2983:acb9:8a53] [/home/u991737198/domains/tas2023.online/public_html/lib/base.php:1871] Base->call()
Mon, 24 Feb 2025 11:48:51 +0000 [2600:1006:b06b:8b51:6c07:2983:acb9:8a53] [/home/u991737198/domains/tas2023.online/public_html/index.php:19] Base->run()
Mon, 24 Feb 2025 11:48:51 +0000 [2600:1006:b06b:8b51:6c07:2983:acb9:8a53] [/home/u991737198/domains/tas2023.online/public_html/lib/base.php:1871] Base->call()
Mon, 24 Feb 2025 11:48:51 +0000 [2600:1006:b06b:8b51:6c07:2983:acb9:8a53] [/home/u991737198/domains/tas2023.online/public_html/lib/base.php:2069] Controller->beforeroute()
Mon, 24 Feb 2025 11:48:51 +0000 [2600:1006:b06b:8b51:6c07:2983:acb9:8a53] 401: HTTP 401 (GET /task/taskData) trace: [/home/u991737198/domains/tas2023.online/public_html/lib/access.php:112] Base->error()
Mon, 24 Feb 2025 11:48:51 +0000 [2600:1006:b06b:8b51:6c07:2983:acb9:8a53] [/home/u991737198/domains/tas2023.online/public_html/index.php:19] Base->run()
Mon, 24 Feb 2025 11:48:51 +0000 [2600:1006:b06b:8b51:6c07:2983:acb9:8a53] [/home/u991737198/domains/tas2023.online/public_html/lib/base.php:1871] Base->call()
Mon, 24 Feb 2025 11:48:51 +0000 [2600:1006:b06b:8b51:6c07:2983:acb9:8a53] [/home/u991737198/domains/tas2023.online/public_html/app/controllers/Controller.php:78] Access->authorize()
Mon, 24 Feb 2025 11:48:51 +0000 [2600:1006:b06b:8b51:6c07:2983:acb9:8a53] [/home/u991737198/domains/tas2023.online/public_html/index.php:19] Base->run()
Mon, 24 Feb 2025 11:48:51 +0000 [2600:1006:b06b:8b51:6c07:2983:acb9:8a53] [/home/u991737198/domains/tas2023.online/public_html/lib/base.php:2069] Controller->beforeroute()
Mon, 24 Feb 2025 11:48:51 +0000 [2600:1006:b06b:8b51:6c07:2983:acb9:8a53] [/home/u991737198/domains/tas2023.online/public_html/lib/base.php:1871] Base->call()
Mon, 24 Feb 2025 11:48:51 +0000 [2600:1006:b06b:8b51:6c07:2983:acb9:8a53] [/home/u991737198/domains/tas2023.online/public_html/index.php:19] Base->run()
Mon, 24 Feb 2025 21:38:12 +0000 [2600:1006:b06b:8b51:6c07:2983:acb9:8a53] 500: Undefined variable $entity_num trace: [tmp/3hn69l4qoa804.1zo7dt0fljr4w.php:200]
Mon, 24 Feb 2025 21:38:12 +0000 [2600:1006:b06b:8b51:6c07:2983:acb9:8a53] [tmp/3hn69l4qoa804.1zo7dt0fljr4w.php:200] Base->{closure}()
Mon, 24 Feb 2025 21:38:12 +0000 [2600:1006:b06b:8b51:6c07:2983:acb9:8a53] [lib/base.php:3036] require('/home/u991737198/domains/tas2023.online/public_html/tmp/3hn69l4qoa804.1zo7dt0fljr4w.php')
Mon, 24 Feb 2025 21:38:12 +0000 [2600:1006:b06b:8b51:6c07:2983:acb9:8a53] [lib/base.php:3281] View->sandbox()
Mon, 24 Feb 2025 21:38:12 +0000 [2600:1006:b06b:8b51:6c07:2983:acb9:8a53] [tmp/3hn69l4qoa804.3h31n1yj254w8.php:7] Preview->render()
Mon, 24 Feb 2025 21:38:12 +0000 [2600:1006:b06b:8b51:6c07:2983:acb9:8a53] [lib/base.php:3036] require('/home/u991737198/domains/tas2023.online/public_html/tmp/3hn69l4qoa804.3h31n1yj254w8.php')
Mon, 24 Feb 2025 21:38:12 +0000 [2600:1006:b06b:8b51:6c07:2983:acb9:8a53] [lib/base.php:3281] View->sandbox()
Mon, 24 Feb 2025 21:38:12 +0000 [2600:1006:b06b:8b51:6c07:2983:acb9:8a53] [app/controllers/Controller.php:87] Preview->render()
Mon, 24 Feb 2025 21:38:12 +0000 [2600:1006:b06b:8b51:6c07:2983:acb9:8a53] [lib/base.php:2078] Controller->afterroute()
Mon, 24 Feb 2025 21:38:12 +0000 [2600:1006:b06b:8b51:6c07:2983:acb9:8a53] [lib/base.php:1871] Base->call()
Mon, 24 Feb 2025 21:38:12 +0000 [2600:1006:b06b:8b51:6c07:2983:acb9:8a53] [index.php:19] Base->run()
Mon, 24 Feb 2025 21:38:20 +0000 [2600:1006:b06b:8b51:6c07:2983:acb9:8a53] 500: Undefined variable $entity_num trace: [tmp/3hn69l4qoa804.1zo7dt0fljr4w.php:200]
Mon, 24 Feb 2025 21:38:20 +0000 [2600:1006:b06b:8b51:6c07:2983:acb9:8a53] [tmp/3hn69l4qoa804.1zo7dt0fljr4w.php:200] Base->{closure}()
Mon, 24 Feb 2025 21:38:20 +0000 [2600:1006:b06b:8b51:6c07:2983:acb9:8a53] [lib/base.php:3036] require('/home/u991737198/domains/tas2023.online/public_html/tmp/3hn69l4qoa804.1zo7dt0fljr4w.php')
Mon, 24 Feb 2025 21:38:20 +0000 [2600:1006:b06b:8b51:6c07:2983:acb9:8a53] [lib/base.php:3281] View->sandbox()
Mon, 24 Feb 2025 21:38:20 +0000 [2600:1006:b06b:8b51:6c07:2983:acb9:8a53] [tmp/3hn69l4qoa804.3h31n1yj254w8.php:7] Preview->render()
Mon, 24 Feb 2025 21:38:20 +0000 [2600:1006:b06b:8b51:6c07:2983:acb9:8a53] [lib/base.php:3036] require('/home/u991737198/domains/tas2023.online/public_html/tmp/3hn69l4qoa804.3h31n1yj254w8.php')
Mon, 24 Feb 2025 21:38:20 +0000 [2600:1006:b06b:8b51:6c07:2983:acb9:8a53] [lib/base.php:3281] View->sandbox()
Mon, 24 Feb 2025 21:38:20 +0000 [2600:1006:b06b:8b51:6c07:2983:acb9:8a53] [app/controllers/Controller.php:87] Preview->render()
Mon, 24 Feb 2025 21:38:20 +0000 [2600:1006:b06b:8b51:6c07:2983:acb9:8a53] [lib/base.php:2078] Controller->afterroute()
Mon, 24 Feb 2025 21:38:20 +0000 [2600:1006:b06b:8b51:6c07:2983:acb9:8a53] [lib/base.php:1871] Base->call()
Mon, 24 Feb 2025 21:38:20 +0000 [2600:1006:b06b:8b51:6c07:2983:acb9:8a53] [index.php:19] Base->run()
Mon, 24 Feb 2025 21:38:25 +0000 [2600:1006:b06b:8b51:6c07:2983:acb9:8a53] 500: Undefined variable $entity_num trace: [tmp/3hn69l4qoa804.man4oes5p0l2.php:177]
Mon, 24 Feb 2025 21:38:25 +0000 [2600:1006:b06b:8b51:6c07:2983:acb9:8a53] [tmp/3hn69l4qoa804.man4oes5p0l2.php:177] Base->{closure}()
Mon, 24 Feb 2025 21:38:25 +0000 [2600:1006:b06b:8b51:6c07:2983:acb9:8a53] [lib/base.php:3036] require('/home/u991737198/domains/tas2023.online/public_html/tmp/3hn69l4qoa804.man4oes5p0l2.php')
Mon, 24 Feb 2025 21:38:25 +0000 [2600:1006:b06b:8b51:6c07:2983:acb9:8a53] [lib/base.php:3281] View->sandbox()
Mon, 24 Feb 2025 21:38:25 +0000 [2600:1006:b06b:8b51:6c07:2983:acb9:8a53] [tmp/3hn69l4qoa804.3h31n1yj254w8.php:7] Preview->render()
Mon, 24 Feb 2025 21:38:25 +0000 [2600:1006:b06b:8b51:6c07:2983:acb9:8a53] [lib/base.php:3036] require('/home/u991737198/domains/tas2023.online/public_html/tmp/3hn69l4qoa804.3h31n1yj254w8.php')
Mon, 24 Feb 2025 21:38:25 +0000 [2600:1006:b06b:8b51:6c07:2983:acb9:8a53] [lib/base.php:3281] View->sandbox()
Mon, 24 Feb 2025 21:38:25 +0000 [2600:1006:b06b:8b51:6c07:2983:acb9:8a53] [app/controllers/Controller.php:87] Preview->render()
Mon, 24 Feb 2025 21:38:25 +0000 [2600:1006:b06b:8b51:6c07:2983:acb9:8a53] [lib/base.php:2078] Controller->afterroute()
Mon, 24 Feb 2025 21:38:25 +0000 [2600:1006:b06b:8b51:6c07:2983:acb9:8a53] [lib/base.php:1871] Base->call()
Mon, 24 Feb 2025 21:38:25 +0000 [2600:1006:b06b:8b51:6c07:2983:acb9:8a53] [index.php:19] Base->run()
Mon, 24 Feb 2025 21:38:29 +0000 [2600:1006:b06b:8b51:6c07:2983:acb9:8a53] 500: Undefined variable $selected_note trace: [/home/u991737198/domains/tas2023.online/public_html/tmp/3hn69l4qoa804.3g8shy2588w00.php:385]
Mon, 24 Feb 2025 21:38:29 +0000 [2600:1006:b06b:8b51:6c07:2983:acb9:8a53] [/home/u991737198/domains/tas2023.online/public_html/tmp/3hn69l4qoa804.3g8shy2588w00.php:385] Base->{closure}()
Mon, 24 Feb 2025 21:38:29 +0000 [2600:1006:b06b:8b51:6c07:2983:acb9:8a53] [/home/u991737198/domains/tas2023.online/public_html/lib/base.php:3036] require('/home/u991737198/domains/tas2023.online/public_html/tmp/3hn69l4qoa804.3g8shy2588w00.php')
Mon, 24 Feb 2025 21:38:29 +0000 [2600:1006:b06b:8b51:6c07:2983:acb9:8a53] [/home/u991737198/domains/tas2023.online/public_html/lib/base.php:3281] View->sandbox()
Mon, 24 Feb 2025 21:38:29 +0000 [2600:1006:b06b:8b51:6c07:2983:acb9:8a53] [/home/u991737198/domains/tas2023.online/public_html/tmp/3hn69l4qoa804.3h31n1yj254w8.php:7] Preview->render()
Mon, 24 Feb 2025 21:38:29 +0000 [2600:1006:b06b:8b51:6c07:2983:acb9:8a53] [/home/u991737198/domains/tas2023.online/public_html/lib/base.php:3036] require('/home/u991737198/domains/tas2023.online/public_html/tmp/3hn69l4qoa804.3h31n1yj254w8.php')
Mon, 24 Feb 2025 21:38:29 +0000 [2600:1006:b06b:8b51:6c07:2983:acb9:8a53] [/home/u991737198/domains/tas2023.online/public_html/lib/base.php:3281] View->sandbox()
Mon, 24 Feb 2025 21:38:29 +0000 [2600:1006:b06b:8b51:6c07:2983:acb9:8a53] [/home/u991737198/domains/tas2023.online/public_html/app/controllers/Controller.php:87] Preview->render()
Mon, 24 Feb 2025 21:38:29 +0000 [2600:1006:b06b:8b51:6c07:2983:acb9:8a53] [/home/u991737198/domains/tas2023.online/public_html/lib/base.php:2078] Controller->afterroute()
Mon, 24 Feb 2025 21:38:29 +0000 [2600:1006:b06b:8b51:6c07:2983:acb9:8a53] [/home/u991737198/domains/tas2023.online/public_html/lib/base.php:1871] Base->call()
Mon, 24 Feb 2025 21:38:29 +0000 [2600:1006:b06b:8b51:6c07:2983:acb9:8a53] [/home/u991737198/domains/tas2023.online/public_html/index.php:19] Base->run()
