Sun, 30 Mar 2025 12:41:23 +0000 [178.255.127.189] 500: Undefined field activado trace: [lib/db/sql/mapper.php:132]
Sun, 30 Mar 2025 12:41:23 +0000 [178.255.127.189] [lib/db/sql/mapper.php:132] user_error()
Sun, 30 Mar 2025 12:41:23 +0000 [178.255.127.189] [lib/magic.php:89] DB\SQL\Mapper->get()
Sun, 30 Mar 2025 12:41:23 +0000 [178.255.127.189] [lib/magic.php:131] Magic->offsetget()
Sun, 30 Mar 2025 12:41:23 +0000 [178.255.127.189] [app/controllers/UserController.php:453] Magic->__get()
Sun, 30 Mar 2025 12:41:23 +0000 [178.255.127.189] [lib/base.php:2072] UserController->create()
Sun, 30 Mar 2025 12:41:23 +0000 [178.255.127.189] [lib/base.php:1871] Base->call()
Sun, 30 Mar 2025 12:41:23 +0000 [178.255.127.189] [index.php:19] Base->run()
Sun, 30 Mar 2025 13:52:43 +0000 [2600:1006:b057:ca46:34e3:3c56:b0f:4e16] 500: Undefined variable $entity_num trace: [tmp/3hn69l4qoa804.1zo7dt0fljr4w.php:200]
Sun, 30 Mar 2025 13:52:43 +0000 [2600:1006:b057:ca46:34e3:3c56:b0f:4e16] [tmp/3hn69l4qoa804.1zo7dt0fljr4w.php:200] Base->{closure}()
Sun, 30 Mar 2025 13:52:43 +0000 [2600:1006:b057:ca46:34e3:3c56:b0f:4e16] [lib/base.php:3036] require('/home/u991737198/domains/tas2023.online/public_html/tmp/3hn69l4qoa804.1zo7dt0fljr4w.php')
Sun, 30 Mar 2025 13:52:43 +0000 [2600:1006:b057:ca46:34e3:3c56:b0f:4e16] [lib/base.php:3281] View->sandbox()
Sun, 30 Mar 2025 13:52:43 +0000 [2600:1006:b057:ca46:34e3:3c56:b0f:4e16] [tmp/3hn69l4qoa804.3h31n1yj254w8.php:7] Preview->render()
Sun, 30 Mar 2025 13:52:43 +0000 [2600:1006:b057:ca46:34e3:3c56:b0f:4e16] [lib/base.php:3036] require('/home/u991737198/domains/tas2023.online/public_html/tmp/3hn69l4qoa804.3h31n1yj254w8.php')
Sun, 30 Mar 2025 13:52:43 +0000 [2600:1006:b057:ca46:34e3:3c56:b0f:4e16] [lib/base.php:3281] View->sandbox()
Sun, 30 Mar 2025 13:52:43 +0000 [2600:1006:b057:ca46:34e3:3c56:b0f:4e16] [app/controllers/Controller.php:87] Preview->render()
Sun, 30 Mar 2025 13:52:43 +0000 [2600:1006:b057:ca46:34e3:3c56:b0f:4e16] [lib/base.php:2078] Controller->afterroute()
Sun, 30 Mar 2025 13:52:43 +0000 [2600:1006:b057:ca46:34e3:3c56:b0f:4e16] [lib/base.php:1871] Base->call()
Sun, 30 Mar 2025 13:52:43 +0000 [2600:1006:b057:ca46:34e3:3c56:b0f:4e16] [index.php:19] Base->run()
Sun, 30 Mar 2025 13:53:00 +0000 [2600:1006:b057:ca46:34e3:3c56:b0f:4e16] 500: Undefined variable $entity_num trace: [tmp/3hn69l4qoa804.1zo7dt0fljr4w.php:200]
Sun, 30 Mar 2025 13:53:00 +0000 [2600:1006:b057:ca46:34e3:3c56:b0f:4e16] [tmp/3hn69l4qoa804.1zo7dt0fljr4w.php:200] Base->{closure}()
Sun, 30 Mar 2025 13:53:00 +0000 [2600:1006:b057:ca46:34e3:3c56:b0f:4e16] [lib/base.php:3036] require('/home/u991737198/domains/tas2023.online/public_html/tmp/3hn69l4qoa804.1zo7dt0fljr4w.php')
Sun, 30 Mar 2025 13:53:00 +0000 [2600:1006:b057:ca46:34e3:3c56:b0f:4e16] [lib/base.php:3281] View->sandbox()
Sun, 30 Mar 2025 13:53:00 +0000 [2600:1006:b057:ca46:34e3:3c56:b0f:4e16] [tmp/3hn69l4qoa804.3h31n1yj254w8.php:7] Preview->render()
Sun, 30 Mar 2025 13:53:00 +0000 [2600:1006:b057:ca46:34e3:3c56:b0f:4e16] [lib/base.php:3036] require('/home/u991737198/domains/tas2023.online/public_html/tmp/3hn69l4qoa804.3h31n1yj254w8.php')
Sun, 30 Mar 2025 13:53:00 +0000 [2600:1006:b057:ca46:34e3:3c56:b0f:4e16] [lib/base.php:3281] View->sandbox()
Sun, 30 Mar 2025 13:53:00 +0000 [2600:1006:b057:ca46:34e3:3c56:b0f:4e16] [app/controllers/Controller.php:87] Preview->render()
Sun, 30 Mar 2025 13:53:00 +0000 [2600:1006:b057:ca46:34e3:3c56:b0f:4e16] [lib/base.php:2078] Controller->afterroute()
Sun, 30 Mar 2025 13:53:00 +0000 [2600:1006:b057:ca46:34e3:3c56:b0f:4e16] [lib/base.php:1871] Base->call()
Sun, 30 Mar 2025 13:53:00 +0000 [2600:1006:b057:ca46:34e3:3c56:b0f:4e16] [index.php:19] Base->run()
Sun, 30 Mar 2025 13:53:35 +0000 [2600:1006:b057:ca46:34e3:3c56:b0f:4e16] 500: Undefined variable $entity_num trace: [tmp/3hn69l4qoa804.1zo7dt0fljr4w.php:200]
Sun, 30 Mar 2025 13:53:35 +0000 [2600:1006:b057:ca46:34e3:3c56:b0f:4e16] [tmp/3hn69l4qoa804.1zo7dt0fljr4w.php:200] Base->{closure}()
Sun, 30 Mar 2025 13:53:35 +0000 [2600:1006:b057:ca46:34e3:3c56:b0f:4e16] [lib/base.php:3036] require('/home/u991737198/domains/tas2023.online/public_html/tmp/3hn69l4qoa804.1zo7dt0fljr4w.php')
Sun, 30 Mar 2025 13:53:35 +0000 [2600:1006:b057:ca46:34e3:3c56:b0f:4e16] [lib/base.php:3281] View->sandbox()
Sun, 30 Mar 2025 13:53:35 +0000 [2600:1006:b057:ca46:34e3:3c56:b0f:4e16] [tmp/3hn69l4qoa804.3h31n1yj254w8.php:7] Preview->render()
Sun, 30 Mar 2025 13:53:35 +0000 [2600:1006:b057:ca46:34e3:3c56:b0f:4e16] [lib/base.php:3036] require('/home/u991737198/domains/tas2023.online/public_html/tmp/3hn69l4qoa804.3h31n1yj254w8.php')
Sun, 30 Mar 2025 13:53:35 +0000 [2600:1006:b057:ca46:34e3:3c56:b0f:4e16] [lib/base.php:3281] View->sandbox()
Sun, 30 Mar 2025 13:53:35 +0000 [2600:1006:b057:ca46:34e3:3c56:b0f:4e16] [app/controllers/Controller.php:87] Preview->render()
Sun, 30 Mar 2025 13:53:35 +0000 [2600:1006:b057:ca46:34e3:3c56:b0f:4e16] [lib/base.php:2078] Controller->afterroute()
Sun, 30 Mar 2025 13:53:35 +0000 [2600:1006:b057:ca46:34e3:3c56:b0f:4e16] [lib/base.php:1871] Base->call()
Sun, 30 Mar 2025 13:53:35 +0000 [2600:1006:b057:ca46:34e3:3c56:b0f:4e16] [index.php:19] Base->run()
Sun, 30 Mar 2025 13:55:14 +0000 [2600:1006:b057:ca46:34e3:3c56:b0f:4e16] 500: Undefined variable $selected_note trace: [/home/u991737198/domains/tas2023.online/public_html/tmp/3hn69l4qoa804.3g8shy2588w00.php:385]
Sun, 30 Mar 2025 13:55:14 +0000 [2600:1006:b057:ca46:34e3:3c56:b0f:4e16] [/home/u991737198/domains/tas2023.online/public_html/tmp/3hn69l4qoa804.3g8shy2588w00.php:385] Base->{closure}()
Sun, 30 Mar 2025 13:55:14 +0000 [2600:1006:b057:ca46:34e3:3c56:b0f:4e16] [/home/u991737198/domains/tas2023.online/public_html/lib/base.php:3036] require('/home/u991737198/domains/tas2023.online/public_html/tmp/3hn69l4qoa804.3g8shy2588w00.php')
Sun, 30 Mar 2025 13:55:14 +0000 [2600:1006:b057:ca46:34e3:3c56:b0f:4e16] [/home/u991737198/domains/tas2023.online/public_html/lib/base.php:3281] View->sandbox()
Sun, 30 Mar 2025 13:55:14 +0000 [2600:1006:b057:ca46:34e3:3c56:b0f:4e16] [/home/u991737198/domains/tas2023.online/public_html/tmp/3hn69l4qoa804.3h31n1yj254w8.php:7] Preview->render()
Sun, 30 Mar 2025 13:55:14 +0000 [2600:1006:b057:ca46:34e3:3c56:b0f:4e16] [/home/u991737198/domains/tas2023.online/public_html/lib/base.php:3036] require('/home/u991737198/domains/tas2023.online/public_html/tmp/3hn69l4qoa804.3h31n1yj254w8.php')
Sun, 30 Mar 2025 13:55:14 +0000 [2600:1006:b057:ca46:34e3:3c56:b0f:4e16] [/home/u991737198/domains/tas2023.online/public_html/lib/base.php:3281] View->sandbox()
Sun, 30 Mar 2025 13:55:14 +0000 [2600:1006:b057:ca46:34e3:3c56:b0f:4e16] [/home/u991737198/domains/tas2023.online/public_html/app/controllers/Controller.php:87] Preview->render()
Sun, 30 Mar 2025 13:55:14 +0000 [2600:1006:b057:ca46:34e3:3c56:b0f:4e16] [/home/u991737198/domains/tas2023.online/public_html/lib/base.php:2078] Controller->afterroute()
Sun, 30 Mar 2025 13:55:14 +0000 [2600:1006:b057:ca46:34e3:3c56:b0f:4e16] [/home/u991737198/domains/tas2023.online/public_html/lib/base.php:1871] Base->call()
Sun, 30 Mar 2025 13:55:14 +0000 [2600:1006:b057:ca46:34e3:3c56:b0f:4e16] [/home/u991737198/domains/tas2023.online/public_html/index.php:19] Base->run()
Sun, 30 Mar 2025 13:56:32 +0000 [2600:1006:b057:ca46:34e3:3c56:b0f:4e16] 500: Undefined variable $selected_note trace: [/home/u991737198/domains/tas2023.online/public_html/tmp/3hn69l4qoa804.3g8shy2588w00.php:385]
Sun, 30 Mar 2025 13:56:32 +0000 [2600:1006:b057:ca46:34e3:3c56:b0f:4e16] [/home/u991737198/domains/tas2023.online/public_html/tmp/3hn69l4qoa804.3g8shy2588w00.php:385] Base->{closure}()
Sun, 30 Mar 2025 13:56:32 +0000 [2600:1006:b057:ca46:34e3:3c56:b0f:4e16] [/home/u991737198/domains/tas2023.online/public_html/lib/base.php:3036] require('/home/u991737198/domains/tas2023.online/public_html/tmp/3hn69l4qoa804.3g8shy2588w00.php')
Sun, 30 Mar 2025 13:56:32 +0000 [2600:1006:b057:ca46:34e3:3c56:b0f:4e16] [/home/u991737198/domains/tas2023.online/public_html/lib/base.php:3281] View->sandbox()
Sun, 30 Mar 2025 13:56:32 +0000 [2600:1006:b057:ca46:34e3:3c56:b0f:4e16] [/home/u991737198/domains/tas2023.online/public_html/tmp/3hn69l4qoa804.3h31n1yj254w8.php:7] Preview->render()
Sun, 30 Mar 2025 13:56:32 +0000 [2600:1006:b057:ca46:34e3:3c56:b0f:4e16] [/home/u991737198/domains/tas2023.online/public_html/lib/base.php:3036] require('/home/u991737198/domains/tas2023.online/public_html/tmp/3hn69l4qoa804.3h31n1yj254w8.php')
Sun, 30 Mar 2025 13:56:32 +0000 [2600:1006:b057:ca46:34e3:3c56:b0f:4e16] [/home/u991737198/domains/tas2023.online/public_html/lib/base.php:3281] View->sandbox()
Sun, 30 Mar 2025 13:56:32 +0000 [2600:1006:b057:ca46:34e3:3c56:b0f:4e16] [/home/u991737198/domains/tas2023.online/public_html/app/controllers/Controller.php:87] Preview->render()
Sun, 30 Mar 2025 13:56:32 +0000 [2600:1006:b057:ca46:34e3:3c56:b0f:4e16] [/home/u991737198/domains/tas2023.online/public_html/lib/base.php:2078] Controller->afterroute()
Sun, 30 Mar 2025 13:56:32 +0000 [2600:1006:b057:ca46:34e3:3c56:b0f:4e16] [/home/u991737198/domains/tas2023.online/public_html/lib/base.php:1871] Base->call()
Sun, 30 Mar 2025 13:56:32 +0000 [2600:1006:b057:ca46:34e3:3c56:b0f:4e16] [/home/u991737198/domains/tas2023.online/public_html/index.php:19] Base->run()
Sun, 30 Mar 2025 13:57:52 +0000 [2600:1006:b057:ca46:34e3:3c56:b0f:4e16] 500: Undefined variable $selected_note trace: [/home/u991737198/domains/tas2023.online/public_html/tmp/3hn69l4qoa804.3g8shy2588w00.php:385]
Sun, 30 Mar 2025 13:57:52 +0000 [2600:1006:b057:ca46:34e3:3c56:b0f:4e16] [/home/u991737198/domains/tas2023.online/public_html/tmp/3hn69l4qoa804.3g8shy2588w00.php:385] Base->{closure}()
Sun, 30 Mar 2025 13:57:52 +0000 [2600:1006:b057:ca46:34e3:3c56:b0f:4e16] [/home/u991737198/domains/tas2023.online/public_html/lib/base.php:3036] require('/home/u991737198/domains/tas2023.online/public_html/tmp/3hn69l4qoa804.3g8shy2588w00.php')
Sun, 30 Mar 2025 13:57:52 +0000 [2600:1006:b057:ca46:34e3:3c56:b0f:4e16] [/home/u991737198/domains/tas2023.online/public_html/lib/base.php:3281] View->sandbox()
Sun, 30 Mar 2025 13:57:52 +0000 [2600:1006:b057:ca46:34e3:3c56:b0f:4e16] [/home/u991737198/domains/tas2023.online/public_html/tmp/3hn69l4qoa804.3h31n1yj254w8.php:7] Preview->render()
Sun, 30 Mar 2025 13:57:52 +0000 [2600:1006:b057:ca46:34e3:3c56:b0f:4e16] [/home/u991737198/domains/tas2023.online/public_html/lib/base.php:3036] require('/home/u991737198/domains/tas2023.online/public_html/tmp/3hn69l4qoa804.3h31n1yj254w8.php')
Sun, 30 Mar 2025 13:57:52 +0000 [2600:1006:b057:ca46:34e3:3c56:b0f:4e16] [/home/u991737198/domains/tas2023.online/public_html/lib/base.php:3281] View->sandbox()
Sun, 30 Mar 2025 13:57:52 +0000 [2600:1006:b057:ca46:34e3:3c56:b0f:4e16] [/home/u991737198/domains/tas2023.online/public_html/app/controllers/Controller.php:87] Preview->render()
Sun, 30 Mar 2025 13:57:52 +0000 [2600:1006:b057:ca46:34e3:3c56:b0f:4e16] [/home/u991737198/domains/tas2023.online/public_html/lib/base.php:2078] Controller->afterroute()
Sun, 30 Mar 2025 13:57:52 +0000 [2600:1006:b057:ca46:34e3:3c56:b0f:4e16] [/home/u991737198/domains/tas2023.online/public_html/lib/base.php:1871] Base->call()
Sun, 30 Mar 2025 13:57:52 +0000 [2600:1006:b057:ca46:34e3:3c56:b0f:4e16] [/home/u991737198/domains/tas2023.online/public_html/index.php:19] Base->run()
Sun, 30 Mar 2025 14:19:02 +0000 [2600:1006:b06c:1819:300b:85ff:fefc:ad35] 500: Undefined variable $entity_num trace: [tmp/3hn69l4qoa804.1zo7dt0fljr4w.php:200]
Sun, 30 Mar 2025 14:19:02 +0000 [2600:1006:b06c:1819:300b:85ff:fefc:ad35] [tmp/3hn69l4qoa804.1zo7dt0fljr4w.php:200] Base->{closure}()
Sun, 30 Mar 2025 14:19:02 +0000 [2600:1006:b06c:1819:300b:85ff:fefc:ad35] [lib/base.php:3036] require('/home/u991737198/domains/tas2023.online/public_html/tmp/3hn69l4qoa804.1zo7dt0fljr4w.php')
Sun, 30 Mar 2025 14:19:02 +0000 [2600:1006:b06c:1819:300b:85ff:fefc:ad35] [lib/base.php:3281] View->sandbox()
Sun, 30 Mar 2025 14:19:02 +0000 [2600:1006:b06c:1819:300b:85ff:fefc:ad35] [tmp/3hn69l4qoa804.3h31n1yj254w8.php:7] Preview->render()
Sun, 30 Mar 2025 14:19:02 +0000 [2600:1006:b06c:1819:300b:85ff:fefc:ad35] [lib/base.php:3036] require('/home/u991737198/domains/tas2023.online/public_html/tmp/3hn69l4qoa804.3h31n1yj254w8.php')
Sun, 30 Mar 2025 14:19:02 +0000 [2600:1006:b06c:1819:300b:85ff:fefc:ad35] [lib/base.php:3281] View->sandbox()
Sun, 30 Mar 2025 14:19:02 +0000 [2600:1006:b06c:1819:300b:85ff:fefc:ad35] [app/controllers/Controller.php:87] Preview->render()
Sun, 30 Mar 2025 14:19:02 +0000 [2600:1006:b06c:1819:300b:85ff:fefc:ad35] [lib/base.php:2078] Controller->afterroute()
Sun, 30 Mar 2025 14:19:02 +0000 [2600:1006:b06c:1819:300b:85ff:fefc:ad35] [lib/base.php:1871] Base->call()
Sun, 30 Mar 2025 14:19:02 +0000 [2600:1006:b06c:1819:300b:85ff:fefc:ad35] [index.php:19] Base->run()
Sun, 30 Mar 2025 14:19:09 +0000 [2600:1006:b06c:1819:300b:85ff:fefc:ad35] 500: Undefined variable $entity_num trace: [tmp/3hn69l4qoa804.1zo7dt0fljr4w.php:200]
Sun, 30 Mar 2025 14:19:09 +0000 [2600:1006:b06c:1819:300b:85ff:fefc:ad35] [tmp/3hn69l4qoa804.1zo7dt0fljr4w.php:200] Base->{closure}()
Sun, 30 Mar 2025 14:19:09 +0000 [2600:1006:b06c:1819:300b:85ff:fefc:ad35] [lib/base.php:3036] require('/home/u991737198/domains/tas2023.online/public_html/tmp/3hn69l4qoa804.1zo7dt0fljr4w.php')
Sun, 30 Mar 2025 14:19:09 +0000 [2600:1006:b06c:1819:300b:85ff:fefc:ad35] [lib/base.php:3281] View->sandbox()
Sun, 30 Mar 2025 14:19:09 +0000 [2600:1006:b06c:1819:300b:85ff:fefc:ad35] [tmp/3hn69l4qoa804.3h31n1yj254w8.php:7] Preview->render()
Sun, 30 Mar 2025 14:19:09 +0000 [2600:1006:b06c:1819:300b:85ff:fefc:ad35] [lib/base.php:3036] require('/home/u991737198/domains/tas2023.online/public_html/tmp/3hn69l4qoa804.3h31n1yj254w8.php')
Sun, 30 Mar 2025 14:19:09 +0000 [2600:1006:b06c:1819:300b:85ff:fefc:ad35] [lib/base.php:3281] View->sandbox()
Sun, 30 Mar 2025 14:19:09 +0000 [2600:1006:b06c:1819:300b:85ff:fefc:ad35] [app/controllers/Controller.php:87] Preview->render()
Sun, 30 Mar 2025 14:19:09 +0000 [2600:1006:b06c:1819:300b:85ff:fefc:ad35] [lib/base.php:2078] Controller->afterroute()
Sun, 30 Mar 2025 14:19:09 +0000 [2600:1006:b06c:1819:300b:85ff:fefc:ad35] [lib/base.php:1871] Base->call()
Sun, 30 Mar 2025 14:19:09 +0000 [2600:1006:b06c:1819:300b:85ff:fefc:ad35] [index.php:19] Base->run()
Sun, 30 Mar 2025 14:19:22 +0000 [2600:1006:b06c:1819:300b:85ff:fefc:ad35] 500: Undefined variable $entity_num trace: [tmp/3hn69l4qoa804.1zo7dt0fljr4w.php:200]
Sun, 30 Mar 2025 14:19:22 +0000 [2600:1006:b06c:1819:300b:85ff:fefc:ad35] [tmp/3hn69l4qoa804.1zo7dt0fljr4w.php:200] Base->{closure}()
Sun, 30 Mar 2025 14:19:22 +0000 [2600:1006:b06c:1819:300b:85ff:fefc:ad35] [lib/base.php:3036] require('/home/u991737198/domains/tas2023.online/public_html/tmp/3hn69l4qoa804.1zo7dt0fljr4w.php')
Sun, 30 Mar 2025 14:19:22 +0000 [2600:1006:b06c:1819:300b:85ff:fefc:ad35] [lib/base.php:3281] View->sandbox()
Sun, 30 Mar 2025 14:19:22 +0000 [2600:1006:b06c:1819:300b:85ff:fefc:ad35] [tmp/3hn69l4qoa804.3h31n1yj254w8.php:7] Preview->render()
Sun, 30 Mar 2025 14:19:22 +0000 [2600:1006:b06c:1819:300b:85ff:fefc:ad35] [lib/base.php:3036] require('/home/u991737198/domains/tas2023.online/public_html/tmp/3hn69l4qoa804.3h31n1yj254w8.php')
Sun, 30 Mar 2025 14:19:22 +0000 [2600:1006:b06c:1819:300b:85ff:fefc:ad35] [lib/base.php:3281] View->sandbox()
Sun, 30 Mar 2025 14:19:22 +0000 [2600:1006:b06c:1819:300b:85ff:fefc:ad35] [app/controllers/Controller.php:87] Preview->render()
Sun, 30 Mar 2025 14:19:22 +0000 [2600:1006:b06c:1819:300b:85ff:fefc:ad35] [lib/base.php:2078] Controller->afterroute()
Sun, 30 Mar 2025 14:19:22 +0000 [2600:1006:b06c:1819:300b:85ff:fefc:ad35] [lib/base.php:1871] Base->call()
Sun, 30 Mar 2025 14:19:22 +0000 [2600:1006:b06c:1819:300b:85ff:fefc:ad35] [index.php:19] Base->run()
Sun, 30 Mar 2025 14:19:42 +0000 [2600:1006:b06c:1819:300b:85ff:fefc:ad35] 500: Undefined variable $selected_note trace: [/home/u991737198/domains/tas2023.online/public_html/tmp/3hn69l4qoa804.3g8shy2588w00.php:385]
Sun, 30 Mar 2025 14:19:42 +0000 [2600:1006:b06c:1819:300b:85ff:fefc:ad35] [/home/u991737198/domains/tas2023.online/public_html/tmp/3hn69l4qoa804.3g8shy2588w00.php:385] Base->{closure}()
Sun, 30 Mar 2025 14:19:42 +0000 [2600:1006:b06c:1819:300b:85ff:fefc:ad35] [/home/u991737198/domains/tas2023.online/public_html/lib/base.php:3036] require('/home/u991737198/domains/tas2023.online/public_html/tmp/3hn69l4qoa804.3g8shy2588w00.php')
Sun, 30 Mar 2025 14:19:42 +0000 [2600:1006:b06c:1819:300b:85ff:fefc:ad35] [/home/u991737198/domains/tas2023.online/public_html/lib/base.php:3281] View->sandbox()
Sun, 30 Mar 2025 14:19:42 +0000 [2600:1006:b06c:1819:300b:85ff:fefc:ad35] [/home/u991737198/domains/tas2023.online/public_html/tmp/3hn69l4qoa804.3h31n1yj254w8.php:7] Preview->render()
Sun, 30 Mar 2025 14:19:42 +0000 [2600:1006:b06c:1819:300b:85ff:fefc:ad35] [/home/u991737198/domains/tas2023.online/public_html/lib/base.php:3036] require('/home/u991737198/domains/tas2023.online/public_html/tmp/3hn69l4qoa804.3h31n1yj254w8.php')
Sun, 30 Mar 2025 14:19:42 +0000 [2600:1006:b06c:1819:300b:85ff:fefc:ad35] [/home/u991737198/domains/tas2023.online/public_html/lib/base.php:3281] View->sandbox()
Sun, 30 Mar 2025 14:19:42 +0000 [2600:1006:b06c:1819:300b:85ff:fefc:ad35] [/home/u991737198/domains/tas2023.online/public_html/app/controllers/Controller.php:87] Preview->render()
Sun, 30 Mar 2025 14:19:42 +0000 [2600:1006:b06c:1819:300b:85ff:fefc:ad35] [/home/u991737198/domains/tas2023.online/public_html/lib/base.php:2078] Controller->afterroute()
Sun, 30 Mar 2025 14:19:42 +0000 [2600:1006:b06c:1819:300b:85ff:fefc:ad35] [/home/u991737198/domains/tas2023.online/public_html/lib/base.php:1871] Base->call()
Sun, 30 Mar 2025 14:19:42 +0000 [2600:1006:b06c:1819:300b:85ff:fefc:ad35] [/home/u991737198/domains/tas2023.online/public_html/index.php:19] Base->run()
Sun, 30 Mar 2025 14:20:52 +0000 [2600:1006:b06c:1819:300b:85ff:fefc:ad35] 500: trim(): Passing null to parameter #1 ($string) of type string is deprecated trace: [/home/u991737198/domains/tas2023.online/public_html/tmp/3hn69l4qoa804.3g8shy2588w00.php:356]
Sun, 30 Mar 2025 14:20:52 +0000 [2600:1006:b06c:1819:300b:85ff:fefc:ad35] [/home/u991737198/domains/tas2023.online/public_html/tmp/3hn69l4qoa804.3g8shy2588w00.php:356] trim()
Sun, 30 Mar 2025 14:20:52 +0000 [2600:1006:b06c:1819:300b:85ff:fefc:ad35] [/home/u991737198/domains/tas2023.online/public_html/lib/base.php:3036] require('/home/u991737198/domains/tas2023.online/public_html/tmp/3hn69l4qoa804.3g8shy2588w00.php')
Sun, 30 Mar 2025 14:20:52 +0000 [2600:1006:b06c:1819:300b:85ff:fefc:ad35] [/home/u991737198/domains/tas2023.online/public_html/lib/base.php:3281] View->sandbox()
Sun, 30 Mar 2025 14:20:52 +0000 [2600:1006:b06c:1819:300b:85ff:fefc:ad35] [/home/u991737198/domains/tas2023.online/public_html/tmp/3hn69l4qoa804.3h31n1yj254w8.php:7] Preview->render()
Sun, 30 Mar 2025 14:20:52 +0000 [2600:1006:b06c:1819:300b:85ff:fefc:ad35] [/home/u991737198/domains/tas2023.online/public_html/lib/base.php:3036] require('/home/u991737198/domains/tas2023.online/public_html/tmp/3hn69l4qoa804.3h31n1yj254w8.php')
Sun, 30 Mar 2025 14:20:52 +0000 [2600:1006:b06c:1819:300b:85ff:fefc:ad35] [/home/u991737198/domains/tas2023.online/public_html/lib/base.php:3281] View->sandbox()
Sun, 30 Mar 2025 14:20:52 +0000 [2600:1006:b06c:1819:300b:85ff:fefc:ad35] [/home/u991737198/domains/tas2023.online/public_html/app/controllers/Controller.php:87] Preview->render()
Sun, 30 Mar 2025 14:20:52 +0000 [2600:1006:b06c:1819:300b:85ff:fefc:ad35] [/home/u991737198/domains/tas2023.online/public_html/lib/base.php:2078] Controller->afterroute()
Sun, 30 Mar 2025 14:20:52 +0000 [2600:1006:b06c:1819:300b:85ff:fefc:ad35] [/home/u991737198/domains/tas2023.online/public_html/lib/base.php:1871] Base->call()
Sun, 30 Mar 2025 14:20:52 +0000 [2600:1006:b06c:1819:300b:85ff:fefc:ad35] [/home/u991737198/domains/tas2023.online/public_html/index.php:19] Base->run()
Sun, 30 Mar 2025 14:20:59 +0000 [2600:1006:b06c:1819:300b:85ff:fefc:ad35] 500: trim(): Passing null to parameter #1 ($string) of type string is deprecated trace: [/home/u991737198/domains/tas2023.online/public_html/tmp/3hn69l4qoa804.3g8shy2588w00.php:356]
Sun, 30 Mar 2025 14:20:59 +0000 [2600:1006:b06c:1819:300b:85ff:fefc:ad35] [/home/u991737198/domains/tas2023.online/public_html/tmp/3hn69l4qoa804.3g8shy2588w00.php:356] trim()
Sun, 30 Mar 2025 14:20:59 +0000 [2600:1006:b06c:1819:300b:85ff:fefc:ad35] [/home/u991737198/domains/tas2023.online/public_html/lib/base.php:3036] require('/home/u991737198/domains/tas2023.online/public_html/tmp/3hn69l4qoa804.3g8shy2588w00.php')
Sun, 30 Mar 2025 14:20:59 +0000 [2600:1006:b06c:1819:300b:85ff:fefc:ad35] [/home/u991737198/domains/tas2023.online/public_html/lib/base.php:3281] View->sandbox()
Sun, 30 Mar 2025 14:20:59 +0000 [2600:1006:b06c:1819:300b:85ff:fefc:ad35] [/home/u991737198/domains/tas2023.online/public_html/tmp/3hn69l4qoa804.3h31n1yj254w8.php:7] Preview->render()
Sun, 30 Mar 2025 14:20:59 +0000 [2600:1006:b06c:1819:300b:85ff:fefc:ad35] [/home/u991737198/domains/tas2023.online/public_html/lib/base.php:3036] require('/home/u991737198/domains/tas2023.online/public_html/tmp/3hn69l4qoa804.3h31n1yj254w8.php')
Sun, 30 Mar 2025 14:20:59 +0000 [2600:1006:b06c:1819:300b:85ff:fefc:ad35] [/home/u991737198/domains/tas2023.online/public_html/lib/base.php:3281] View->sandbox()
Sun, 30 Mar 2025 14:20:59 +0000 [2600:1006:b06c:1819:300b:85ff:fefc:ad35] [/home/u991737198/domains/tas2023.online/public_html/app/controllers/Controller.php:87] Preview->render()
Sun, 30 Mar 2025 14:20:59 +0000 [2600:1006:b06c:1819:300b:85ff:fefc:ad35] [/home/u991737198/domains/tas2023.online/public_html/lib/base.php:2078] Controller->afterroute()
Sun, 30 Mar 2025 14:20:59 +0000 [2600:1006:b06c:1819:300b:85ff:fefc:ad35] [/home/u991737198/domains/tas2023.online/public_html/lib/base.php:1871] Base->call()
Sun, 30 Mar 2025 14:20:59 +0000 [2600:1006:b06c:1819:300b:85ff:fefc:ad35] [/home/u991737198/domains/tas2023.online/public_html/index.php:19] Base->run()
Sun, 30 Mar 2025 14:21:06 +0000 [2600:1006:b06c:1819:300b:85ff:fefc:ad35] 500: Undefined variable $entity_num trace: [tmp/3hn69l4qoa804.1zo7dt0fljr4w.php:200]
Sun, 30 Mar 2025 14:21:06 +0000 [2600:1006:b06c:1819:300b:85ff:fefc:ad35] [tmp/3hn69l4qoa804.1zo7dt0fljr4w.php:200] Base->{closure}()
Sun, 30 Mar 2025 14:21:06 +0000 [2600:1006:b06c:1819:300b:85ff:fefc:ad35] [lib/base.php:3036] require('/home/u991737198/domains/tas2023.online/public_html/tmp/3hn69l4qoa804.1zo7dt0fljr4w.php')
Sun, 30 Mar 2025 14:21:06 +0000 [2600:1006:b06c:1819:300b:85ff:fefc:ad35] [lib/base.php:3281] View->sandbox()
Sun, 30 Mar 2025 14:21:06 +0000 [2600:1006:b06c:1819:300b:85ff:fefc:ad35] [tmp/3hn69l4qoa804.3h31n1yj254w8.php:7] Preview->render()
Sun, 30 Mar 2025 14:21:06 +0000 [2600:1006:b06c:1819:300b:85ff:fefc:ad35] [lib/base.php:3036] require('/home/u991737198/domains/tas2023.online/public_html/tmp/3hn69l4qoa804.3h31n1yj254w8.php')
Sun, 30 Mar 2025 14:21:06 +0000 [2600:1006:b06c:1819:300b:85ff:fefc:ad35] [lib/base.php:3281] View->sandbox()
Sun, 30 Mar 2025 14:21:06 +0000 [2600:1006:b06c:1819:300b:85ff:fefc:ad35] [app/controllers/Controller.php:87] Preview->render()
Sun, 30 Mar 2025 14:21:06 +0000 [2600:1006:b06c:1819:300b:85ff:fefc:ad35] [lib/base.php:2078] Controller->afterroute()
Sun, 30 Mar 2025 14:21:06 +0000 [2600:1006:b06c:1819:300b:85ff:fefc:ad35] [lib/base.php:1871] Base->call()
Sun, 30 Mar 2025 14:21:06 +0000 [2600:1006:b06c:1819:300b:85ff:fefc:ad35] [index.php:19] Base->run()
Sun, 30 Mar 2025 14:21:12 +0000 [2600:1006:b06c:1819:300b:85ff:fefc:ad35] 500: Undefined variable $token trace: [tmp/3hn69l4qoa804.2r4f9cgm96ecs.php:226]
Sun, 30 Mar 2025 14:21:12 +0000 [2600:1006:b06c:1819:300b:85ff:fefc:ad35] [tmp/3hn69l4qoa804.2r4f9cgm96ecs.php:226] Base->{closure}()
Sun, 30 Mar 2025 14:21:12 +0000 [2600:1006:b06c:1819:300b:85ff:fefc:ad35] [lib/base.php:3036] require('/home/u991737198/domains/tas2023.online/public_html/tmp/3hn69l4qoa804.2r4f9cgm96ecs.php')
Sun, 30 Mar 2025 14:21:12 +0000 [2600:1006:b06c:1819:300b:85ff:fefc:ad35] [lib/base.php:3281] View->sandbox()
Sun, 30 Mar 2025 14:21:12 +0000 [2600:1006:b06c:1819:300b:85ff:fefc:ad35] [tmp/3hn69l4qoa804.3h31n1yj254w8.php:7] Preview->render()
Sun, 30 Mar 2025 14:21:12 +0000 [2600:1006:b06c:1819:300b:85ff:fefc:ad35] [lib/base.php:3036] require('/home/u991737198/domains/tas2023.online/public_html/tmp/3hn69l4qoa804.3h31n1yj254w8.php')
Sun, 30 Mar 2025 14:21:12 +0000 [2600:1006:b06c:1819:300b:85ff:fefc:ad35] [lib/base.php:3281] View->sandbox()
Sun, 30 Mar 2025 14:21:12 +0000 [2600:1006:b06c:1819:300b:85ff:fefc:ad35] [app/controllers/Controller.php:87] Preview->render()
Sun, 30 Mar 2025 14:21:12 +0000 [2600:1006:b06c:1819:300b:85ff:fefc:ad35] [lib/base.php:2078] Controller->afterroute()
Sun, 30 Mar 2025 14:21:12 +0000 [2600:1006:b06c:1819:300b:85ff:fefc:ad35] [lib/base.php:1871] Base->call()
Sun, 30 Mar 2025 14:21:12 +0000 [2600:1006:b06c:1819:300b:85ff:fefc:ad35] [index.php:19] Base->run()
Sun, 30 Mar 2025 14:21:20 +0000 [2600:1006:b06c:1819:300b:85ff:fefc:ad35] 500: Undefined variable $token trace: [tmp/3hn69l4qoa804.2r4f9cgm96ecs.php:226]
Sun, 30 Mar 2025 14:21:20 +0000 [2600:1006:b06c:1819:300b:85ff:fefc:ad35] [tmp/3hn69l4qoa804.2r4f9cgm96ecs.php:226] Base->{closure}()
Sun, 30 Mar 2025 14:21:20 +0000 [2600:1006:b06c:1819:300b:85ff:fefc:ad35] [lib/base.php:3036] require('/home/u991737198/domains/tas2023.online/public_html/tmp/3hn69l4qoa804.2r4f9cgm96ecs.php')
Sun, 30 Mar 2025 14:21:20 +0000 [2600:1006:b06c:1819:300b:85ff:fefc:ad35] [lib/base.php:3281] View->sandbox()
Sun, 30 Mar 2025 14:21:20 +0000 [2600:1006:b06c:1819:300b:85ff:fefc:ad35] [tmp/3hn69l4qoa804.3h31n1yj254w8.php:7] Preview->render()
Sun, 30 Mar 2025 14:21:20 +0000 [2600:1006:b06c:1819:300b:85ff:fefc:ad35] [lib/base.php:3036] require('/home/u991737198/domains/tas2023.online/public_html/tmp/3hn69l4qoa804.3h31n1yj254w8.php')
Sun, 30 Mar 2025 14:21:20 +0000 [2600:1006:b06c:1819:300b:85ff:fefc:ad35] [lib/base.php:3281] View->sandbox()
Sun, 30 Mar 2025 14:21:20 +0000 [2600:1006:b06c:1819:300b:85ff:fefc:ad35] [app/controllers/Controller.php:87] Preview->render()
Sun, 30 Mar 2025 14:21:20 +0000 [2600:1006:b06c:1819:300b:85ff:fefc:ad35] [lib/base.php:2078] Controller->afterroute()
Sun, 30 Mar 2025 14:21:20 +0000 [2600:1006:b06c:1819:300b:85ff:fefc:ad35] [lib/base.php:1871] Base->call()
Sun, 30 Mar 2025 14:21:20 +0000 [2600:1006:b06c:1819:300b:85ff:fefc:ad35] [index.php:19] Base->run()
Sun, 30 Mar 2025 15:56:10 +0000 [2600:1006:b06c:1819:300b:85ff:fefc:ad35] 401: HTTP 401 (GET /task/listtasks) trace: [/home/u991737198/domains/tas2023.online/public_html/lib/access.php:112] Base->error()
Sun, 30 Mar 2025 15:56:10 +0000 [2600:1006:b06c:1819:300b:85ff:fefc:ad35] [/home/u991737198/domains/tas2023.online/public_html/app/controllers/Controller.php:78] Access->authorize()
Sun, 30 Mar 2025 15:56:10 +0000 [2600:1006:b06c:1819:300b:85ff:fefc:ad35] [/home/u991737198/domains/tas2023.online/public_html/lib/base.php:2069] Controller->beforeroute()
Sun, 30 Mar 2025 15:56:10 +0000 [2600:1006:b06c:1819:300b:85ff:fefc:ad35] [/home/u991737198/domains/tas2023.online/public_html/lib/base.php:1871] Base->call()
Sun, 30 Mar 2025 15:56:10 +0000 [2600:1006:b06c:1819:300b:85ff:fefc:ad35] [/home/u991737198/domains/tas2023.online/public_html/index.php:19] Base->run()
Sun, 30 Mar 2025 16:02:48 +0000 [178.255.127.164] MAIL ERROR: SMTP Error: The following recipients failed: JASONJ.PARK@LGCNS.COM: An email sent to this address has been rejected with the reason 'Mailbox does not exist' within the last 30 days. Check for typos in the email, or ensure that this subscriber is not a part of your mailing list. To send an email to this address, contact the support team once you are sure the mailbox has been created
Sun, 30 Mar 2025 19:18:58 +0000 [94.198.54.170] 500: Undefined field activado trace: [lib/db/sql/mapper.php:132]
Sun, 30 Mar 2025 19:18:58 +0000 [94.198.54.170] [lib/db/sql/mapper.php:132] user_error()
Sun, 30 Mar 2025 19:18:58 +0000 [94.198.54.170] [lib/magic.php:89] DB\SQL\Mapper->get()
Sun, 30 Mar 2025 19:18:58 +0000 [94.198.54.170] [lib/magic.php:131] Magic->offsetget()
Sun, 30 Mar 2025 19:18:58 +0000 [94.198.54.170] [app/controllers/UserController.php:453] Magic->__get()
Sun, 30 Mar 2025 19:18:58 +0000 [94.198.54.170] [lib/base.php:2072] UserController->create()
Sun, 30 Mar 2025 19:18:58 +0000 [94.198.54.170] [lib/base.php:1871] Base->call()
Sun, 30 Mar 2025 19:18:58 +0000 [94.198.54.170] [index.php:19] Base->run()
Sun, 30 Mar 2025 21:42:47 +0000 [185.244.215.236] 500: strcmp(): Passing null to parameter #1 ($string1) of type string is deprecated trace: [app/controllers/UserController.php:73]
Sun, 30 Mar 2025 21:42:47 +0000 [185.244.215.236] [app/controllers/UserController.php:73] strcmp()
Sun, 30 Mar 2025 21:42:47 +0000 [185.244.215.236] [lib/base.php:2072] UserController->confirm_registration()
Sun, 30 Mar 2025 21:42:47 +0000 [185.244.215.236] [lib/base.php:1871] Base->call()
Sun, 30 Mar 2025 21:42:47 +0000 [185.244.215.236] [index.php:19] Base->run()
Sun, 30 Mar 2025 21:42:49 +0000 [185.244.215.236] 401: HTTP 401 (GET /task/userNotesCount) trace: [/home/u991737198/domains/tas2023.online/public_html/lib/access.php:112] Base->error()
Sun, 30 Mar 2025 21:42:49 +0000 [185.244.215.236] 401: HTTP 401 (GET /task/taskData) trace: [/home/u991737198/domains/tas2023.online/public_html/lib/access.php:112] Base->error()
Sun, 30 Mar 2025 21:42:49 +0000 [185.244.215.236] [/home/u991737198/domains/tas2023.online/public_html/app/controllers/Controller.php:78] Access->authorize()
Sun, 30 Mar 2025 21:42:49 +0000 [185.244.215.236] [/home/u991737198/domains/tas2023.online/public_html/app/controllers/Controller.php:78] Access->authorize()
Sun, 30 Mar 2025 21:42:49 +0000 [185.244.215.236] [/home/u991737198/domains/tas2023.online/public_html/lib/base.php:2069] Controller->beforeroute()
Sun, 30 Mar 2025 21:42:49 +0000 [185.244.215.236] [/home/u991737198/domains/tas2023.online/public_html/lib/base.php:2069] Controller->beforeroute()
Sun, 30 Mar 2025 21:42:49 +0000 [185.244.215.236] [/home/u991737198/domains/tas2023.online/public_html/lib/base.php:1871] Base->call()
Sun, 30 Mar 2025 21:42:49 +0000 [185.244.215.236] [/home/u991737198/domains/tas2023.online/public_html/index.php:19] Base->run()
Sun, 30 Mar 2025 21:42:49 +0000 [185.244.215.236] [/home/u991737198/domains/tas2023.online/public_html/lib/base.php:1871] Base->call()
Sun, 30 Mar 2025 21:42:49 +0000 [185.244.215.236] [/home/u991737198/domains/tas2023.online/public_html/index.php:19] Base->run()
Sun, 30 Mar 2025 21:42:49 +0000 [185.244.215.236] 401: HTTP 401 (GET /task/taskDistribution) trace: [/home/u991737198/domains/tas2023.online/public_html/lib/access.php:112] Base->error()
Sun, 30 Mar 2025 21:42:49 +0000 [185.244.215.236] [/home/u991737198/domains/tas2023.online/public_html/app/controllers/Controller.php:78] Access->authorize()
Sun, 30 Mar 2025 21:42:49 +0000 [185.244.215.236] [/home/u991737198/domains/tas2023.online/public_html/lib/base.php:2069] Controller->beforeroute()
Sun, 30 Mar 2025 21:42:49 +0000 [185.244.215.236] [/home/u991737198/domains/tas2023.online/public_html/lib/base.php:1871] Base->call()
Sun, 30 Mar 2025 21:42:49 +0000 [185.244.215.236] [/home/u991737198/domains/tas2023.online/public_html/index.php:19] Base->run()
Sun, 30 Mar 2025 21:42:49 +0000 [185.244.215.236] 401: HTTP 401 (GET /task/teamProductivity) trace: [/home/u991737198/domains/tas2023.online/public_html/lib/access.php:112] Base->error()
Sun, 30 Mar 2025 21:42:49 +0000 [185.244.215.236] [/home/u991737198/domains/tas2023.online/public_html/app/controllers/Controller.php:78] Access->authorize()
Sun, 30 Mar 2025 21:42:49 +0000 [185.244.215.236] [/home/u991737198/domains/tas2023.online/public_html/lib/base.php:2069] Controller->beforeroute()
Sun, 30 Mar 2025 21:42:49 +0000 [185.244.215.236] [/home/u991737198/domains/tas2023.online/public_html/lib/base.php:1871] Base->call()
Sun, 30 Mar 2025 21:42:49 +0000 [185.244.215.236] [/home/u991737198/domains/tas2023.online/public_html/index.php:19] Base->run()
