Wed, 12 Feb 2025 10:57:05 -0500 [2603:9000:f801:55e2:b1e2:49b:4e00:9b06] 500: Undefined variable $entity_num trace: [tmp/3hn69l4qoa804.man4oes5p0l2.php:176]
Wed, 12 Feb 2025 10:57:05 -0500 [2603:9000:f801:55e2:b1e2:49b:4e00:9b06] [tmp/3hn69l4qoa804.man4oes5p0l2.php:176] Base->{closure}()
Wed, 12 Feb 2025 10:57:05 -0500 [2603:9000:f801:55e2:b1e2:49b:4e00:9b06] [lib/base.php:3036] require('/home/u991737198/domains/tas2023.online/public_html/tmp/3hn69l4qoa804.man4oes5p0l2.php')
Wed, 12 Feb 2025 10:57:05 -0500 [2603:9000:f801:55e2:b1e2:49b:4e00:9b06] [lib/base.php:3281] View->sandbox()
Wed, 12 Feb 2025 10:57:05 -0500 [2603:9000:f801:55e2:b1e2:49b:4e00:9b06] [tmp/3hn69l4qoa804.3h31n1yj254w8.php:7] Preview->render()
Wed, 12 Feb 2025 10:57:05 -0500 [2603:9000:f801:55e2:b1e2:49b:4e00:9b06] [lib/base.php:3036] require('/home/u991737198/domains/tas2023.online/public_html/tmp/3hn69l4qoa804.3h31n1yj254w8.php')
Wed, 12 Feb 2025 10:57:05 -0500 [2603:9000:f801:55e2:b1e2:49b:4e00:9b06] [lib/base.php:3281] View->sandbox()
Wed, 12 Feb 2025 10:57:05 -0500 [2603:9000:f801:55e2:b1e2:49b:4e00:9b06] [app/controllers/Controller.php:87] Preview->render()
Wed, 12 Feb 2025 10:57:05 -0500 [2603:9000:f801:55e2:b1e2:49b:4e00:9b06] [lib/base.php:2078] Controller->afterroute()
Wed, 12 Feb 2025 10:57:05 -0500 [2603:9000:f801:55e2:b1e2:49b:4e00:9b06] [lib/base.php:1871] Base->call()
Wed, 12 Feb 2025 10:57:05 -0500 [2603:9000:f801:55e2:b1e2:49b:4e00:9b06] [index.php:19] Base->run()
Wed, 12 Feb 2025 10:57:15 -0500 [2603:9000:f801:55e2:b1e2:49b:4e00:9b06] 500: Undefined field getByProjectpersonNum trace: [/home/u991737198/domains/tas2023.online/public_html/lib/db/sql/mapper.php:132]
Wed, 12 Feb 2025 10:57:15 -0500 [2603:9000:f801:55e2:b1e2:49b:4e00:9b06] [/home/u991737198/domains/tas2023.online/public_html/lib/db/sql/mapper.php:132] user_error()
Wed, 12 Feb 2025 10:57:15 -0500 [2603:9000:f801:55e2:b1e2:49b:4e00:9b06] [/home/u991737198/domains/tas2023.online/public_html/lib/magic.php:89] DB\SQL\Mapper->get()
Wed, 12 Feb 2025 10:57:15 -0500 [2603:9000:f801:55e2:b1e2:49b:4e00:9b06] [/home/u991737198/domains/tas2023.online/public_html/lib/magic.php:131] Magic->offsetget()
Wed, 12 Feb 2025 10:57:15 -0500 [2603:9000:f801:55e2:b1e2:49b:4e00:9b06] [/home/u991737198/domains/tas2023.online/public_html/lib/db/sql/mapper.php:155] Magic->__get()
Wed, 12 Feb 2025 10:57:15 -0500 [2603:9000:f801:55e2:b1e2:49b:4e00:9b06] [/home/u991737198/domains/tas2023.online/public_html/app/controllers/TaskController.php:720] DB\SQL\Mapper->__call()
Wed, 12 Feb 2025 10:57:15 -0500 [2603:9000:f801:55e2:b1e2:49b:4e00:9b06] [/home/u991737198/domains/tas2023.online/public_html/lib/base.php:2072] TaskController->viewtask()
Wed, 12 Feb 2025 10:57:15 -0500 [2603:9000:f801:55e2:b1e2:49b:4e00:9b06] [/home/u991737198/domains/tas2023.online/public_html/lib/base.php:1871] Base->call()
Wed, 12 Feb 2025 10:57:15 -0500 [2603:9000:f801:55e2:b1e2:49b:4e00:9b06] [/home/u991737198/domains/tas2023.online/public_html/index.php:19] Base->run()
Wed, 12 Feb 2025 10:57:25 -0500 [2603:9000:f801:55e2:b1e2:49b:4e00:9b06] 500: Undefined variable $selected_note trace: [/home/u991737198/domains/tas2023.online/public_html/tmp/3hn69l4qoa804.3g8shy2588w00.php:363]
Wed, 12 Feb 2025 10:57:25 -0500 [2603:9000:f801:55e2:b1e2:49b:4e00:9b06] [/home/u991737198/domains/tas2023.online/public_html/tmp/3hn69l4qoa804.3g8shy2588w00.php:363] Base->{closure}()
Wed, 12 Feb 2025 10:57:25 -0500 [2603:9000:f801:55e2:b1e2:49b:4e00:9b06] [/home/u991737198/domains/tas2023.online/public_html/lib/base.php:3036] require('/home/u991737198/domains/tas2023.online/public_html/tmp/3hn69l4qoa804.3g8shy2588w00.php')
Wed, 12 Feb 2025 10:57:25 -0500 [2603:9000:f801:55e2:b1e2:49b:4e00:9b06] [/home/u991737198/domains/tas2023.online/public_html/lib/base.php:3281] View->sandbox()
Wed, 12 Feb 2025 10:57:25 -0500 [2603:9000:f801:55e2:b1e2:49b:4e00:9b06] [/home/u991737198/domains/tas2023.online/public_html/tmp/3hn69l4qoa804.3h31n1yj254w8.php:7] Preview->render()
Wed, 12 Feb 2025 10:57:25 -0500 [2603:9000:f801:55e2:b1e2:49b:4e00:9b06] [/home/u991737198/domains/tas2023.online/public_html/lib/base.php:3036] require('/home/u991737198/domains/tas2023.online/public_html/tmp/3hn69l4qoa804.3h31n1yj254w8.php')
Wed, 12 Feb 2025 10:57:25 -0500 [2603:9000:f801:55e2:b1e2:49b:4e00:9b06] [/home/u991737198/domains/tas2023.online/public_html/lib/base.php:3281] View->sandbox()
Wed, 12 Feb 2025 10:57:25 -0500 [2603:9000:f801:55e2:b1e2:49b:4e00:9b06] [/home/u991737198/domains/tas2023.online/public_html/app/controllers/Controller.php:87] Preview->render()
Wed, 12 Feb 2025 10:57:25 -0500 [2603:9000:f801:55e2:b1e2:49b:4e00:9b06] [/home/u991737198/domains/tas2023.online/public_html/lib/base.php:2078] Controller->afterroute()
Wed, 12 Feb 2025 10:57:25 -0500 [2603:9000:f801:55e2:b1e2:49b:4e00:9b06] [/home/u991737198/domains/tas2023.online/public_html/lib/base.php:1871] Base->call()
Wed, 12 Feb 2025 10:57:25 -0500 [2603:9000:f801:55e2:b1e2:49b:4e00:9b06] [/home/u991737198/domains/tas2023.online/public_html/index.php:19] Base->run()
Wed, 12 Feb 2025 11:49:24 -0500 [2603:9000:f801:55e2:b1e2:49b:4e00:9b06] 500: Undefined variable $selected_note trace: [/home/u991737198/domains/tas2023.online/public_html/tmp/3hn69l4qoa804.3g8shy2588w00.php:363]
Wed, 12 Feb 2025 11:49:24 -0500 [2603:9000:f801:55e2:b1e2:49b:4e00:9b06] [/home/u991737198/domains/tas2023.online/public_html/tmp/3hn69l4qoa804.3g8shy2588w00.php:363] Base->{closure}()
Wed, 12 Feb 2025 11:49:24 -0500 [2603:9000:f801:55e2:b1e2:49b:4e00:9b06] [/home/u991737198/domains/tas2023.online/public_html/lib/base.php:3036] require('/home/u991737198/domains/tas2023.online/public_html/tmp/3hn69l4qoa804.3g8shy2588w00.php')
Wed, 12 Feb 2025 11:49:24 -0500 [2603:9000:f801:55e2:b1e2:49b:4e00:9b06] [/home/u991737198/domains/tas2023.online/public_html/lib/base.php:3281] View->sandbox()
Wed, 12 Feb 2025 11:49:24 -0500 [2603:9000:f801:55e2:b1e2:49b:4e00:9b06] [/home/u991737198/domains/tas2023.online/public_html/tmp/3hn69l4qoa804.3h31n1yj254w8.php:7] Preview->render()
Wed, 12 Feb 2025 11:49:24 -0500 [2603:9000:f801:55e2:b1e2:49b:4e00:9b06] [/home/u991737198/domains/tas2023.online/public_html/lib/base.php:3036] require('/home/u991737198/domains/tas2023.online/public_html/tmp/3hn69l4qoa804.3h31n1yj254w8.php')
Wed, 12 Feb 2025 11:49:24 -0500 [2603:9000:f801:55e2:b1e2:49b:4e00:9b06] [/home/u991737198/domains/tas2023.online/public_html/lib/base.php:3281] View->sandbox()
Wed, 12 Feb 2025 11:49:24 -0500 [2603:9000:f801:55e2:b1e2:49b:4e00:9b06] [/home/u991737198/domains/tas2023.online/public_html/app/controllers/Controller.php:87] Preview->render()
Wed, 12 Feb 2025 11:49:24 -0500 [2603:9000:f801:55e2:b1e2:49b:4e00:9b06] [/home/u991737198/domains/tas2023.online/public_html/lib/base.php:2078] Controller->afterroute()
Wed, 12 Feb 2025 11:49:24 -0500 [2603:9000:f801:55e2:b1e2:49b:4e00:9b06] [/home/u991737198/domains/tas2023.online/public_html/lib/base.php:1871] Base->call()
Wed, 12 Feb 2025 11:49:24 -0500 [2603:9000:f801:55e2:b1e2:49b:4e00:9b06] [/home/u991737198/domains/tas2023.online/public_html/index.php:19] Base->run()
Wed, 12 Feb 2025 11:49:43 -0500 [2603:9000:f801:55e2:b1e2:49b:4e00:9b06] 500: Undefined variable $selected_note trace: [/home/u991737198/domains/tas2023.online/public_html/tmp/3hn69l4qoa804.3g8shy2588w00.php:363]
Wed, 12 Feb 2025 11:49:43 -0500 [2603:9000:f801:55e2:b1e2:49b:4e00:9b06] [/home/u991737198/domains/tas2023.online/public_html/tmp/3hn69l4qoa804.3g8shy2588w00.php:363] Base->{closure}()
Wed, 12 Feb 2025 11:49:43 -0500 [2603:9000:f801:55e2:b1e2:49b:4e00:9b06] [/home/u991737198/domains/tas2023.online/public_html/lib/base.php:3036] require('/home/u991737198/domains/tas2023.online/public_html/tmp/3hn69l4qoa804.3g8shy2588w00.php')
Wed, 12 Feb 2025 11:49:43 -0500 [2603:9000:f801:55e2:b1e2:49b:4e00:9b06] [/home/u991737198/domains/tas2023.online/public_html/lib/base.php:3281] View->sandbox()
Wed, 12 Feb 2025 11:49:43 -0500 [2603:9000:f801:55e2:b1e2:49b:4e00:9b06] [/home/u991737198/domains/tas2023.online/public_html/tmp/3hn69l4qoa804.3h31n1yj254w8.php:7] Preview->render()
Wed, 12 Feb 2025 11:49:43 -0500 [2603:9000:f801:55e2:b1e2:49b:4e00:9b06] [/home/u991737198/domains/tas2023.online/public_html/lib/base.php:3036] require('/home/u991737198/domains/tas2023.online/public_html/tmp/3hn69l4qoa804.3h31n1yj254w8.php')
Wed, 12 Feb 2025 11:49:43 -0500 [2603:9000:f801:55e2:b1e2:49b:4e00:9b06] [/home/u991737198/domains/tas2023.online/public_html/lib/base.php:3281] View->sandbox()
Wed, 12 Feb 2025 11:49:43 -0500 [2603:9000:f801:55e2:b1e2:49b:4e00:9b06] [/home/u991737198/domains/tas2023.online/public_html/app/controllers/Controller.php:87] Preview->render()
Wed, 12 Feb 2025 11:49:43 -0500 [2603:9000:f801:55e2:b1e2:49b:4e00:9b06] [/home/u991737198/domains/tas2023.online/public_html/lib/base.php:2078] Controller->afterroute()
Wed, 12 Feb 2025 11:49:43 -0500 [2603:9000:f801:55e2:b1e2:49b:4e00:9b06] [/home/u991737198/domains/tas2023.online/public_html/lib/base.php:1871] Base->call()
Wed, 12 Feb 2025 11:49:43 -0500 [2603:9000:f801:55e2:b1e2:49b:4e00:9b06] [/home/u991737198/domains/tas2023.online/public_html/index.php:19] Base->run()
Wed, 12 Feb 2025 11:57:33 -0500 [2603:9000:f801:55e2:b1e2:49b:4e00:9b06] 500: Undefined variable $selected_note trace: [/home/u991737198/domains/tas2023.online/public_html/tmp/3hn69l4qoa804.3g8shy2588w00.php:363]
Wed, 12 Feb 2025 11:57:33 -0500 [2603:9000:f801:55e2:b1e2:49b:4e00:9b06] [/home/u991737198/domains/tas2023.online/public_html/tmp/3hn69l4qoa804.3g8shy2588w00.php:363] Base->{closure}()
Wed, 12 Feb 2025 11:57:33 -0500 [2603:9000:f801:55e2:b1e2:49b:4e00:9b06] [/home/u991737198/domains/tas2023.online/public_html/lib/base.php:3036] require('/home/u991737198/domains/tas2023.online/public_html/tmp/3hn69l4qoa804.3g8shy2588w00.php')
Wed, 12 Feb 2025 11:57:33 -0500 [2603:9000:f801:55e2:b1e2:49b:4e00:9b06] [/home/u991737198/domains/tas2023.online/public_html/lib/base.php:3281] View->sandbox()
Wed, 12 Feb 2025 11:57:33 -0500 [2603:9000:f801:55e2:b1e2:49b:4e00:9b06] [/home/u991737198/domains/tas2023.online/public_html/tmp/3hn69l4qoa804.3h31n1yj254w8.php:7] Preview->render()
Wed, 12 Feb 2025 11:57:33 -0500 [2603:9000:f801:55e2:b1e2:49b:4e00:9b06] [/home/u991737198/domains/tas2023.online/public_html/lib/base.php:3036] require('/home/u991737198/domains/tas2023.online/public_html/tmp/3hn69l4qoa804.3h31n1yj254w8.php')
Wed, 12 Feb 2025 11:57:33 -0500 [2603:9000:f801:55e2:b1e2:49b:4e00:9b06] [/home/u991737198/domains/tas2023.online/public_html/lib/base.php:3281] View->sandbox()
Wed, 12 Feb 2025 11:57:33 -0500 [2603:9000:f801:55e2:b1e2:49b:4e00:9b06] [/home/u991737198/domains/tas2023.online/public_html/app/controllers/Controller.php:87] Preview->render()
Wed, 12 Feb 2025 11:57:33 -0500 [2603:9000:f801:55e2:b1e2:49b:4e00:9b06] [/home/u991737198/domains/tas2023.online/public_html/lib/base.php:2078] Controller->afterroute()
Wed, 12 Feb 2025 11:57:33 -0500 [2603:9000:f801:55e2:b1e2:49b:4e00:9b06] [/home/u991737198/domains/tas2023.online/public_html/lib/base.php:1871] Base->call()
Wed, 12 Feb 2025 11:57:33 -0500 [2603:9000:f801:55e2:b1e2:49b:4e00:9b06] [/home/u991737198/domains/tas2023.online/public_html/index.php:19] Base->run()
Wed, 12 Feb 2025 11:58:31 -0500 [2603:9000:f801:55e2:b1e2:49b:4e00:9b06] 500: move_uploaded_file(ui/task_pictures/82): Failed to open stream: No such file or directory trace: [/home/u991737198/domains/tas2023.online/public_html/app/controllers/TaskController.php:985]
Wed, 12 Feb 2025 11:58:31 -0500 [2603:9000:f801:55e2:b1e2:49b:4e00:9b06] [/home/u991737198/domains/tas2023.online/public_html/app/controllers/TaskController.php:985] move_uploaded_file()
Wed, 12 Feb 2025 11:58:31 -0500 [2603:9000:f801:55e2:b1e2:49b:4e00:9b06] [/home/u991737198/domains/tas2023.online/public_html/lib/base.php:2072] TaskController->loadimage()
Wed, 12 Feb 2025 11:58:31 -0500 [2603:9000:f801:55e2:b1e2:49b:4e00:9b06] [/home/u991737198/domains/tas2023.online/public_html/lib/base.php:1871] Base->call()
Wed, 12 Feb 2025 11:58:31 -0500 [2603:9000:f801:55e2:b1e2:49b:4e00:9b06] [/home/u991737198/domains/tas2023.online/public_html/index.php:19] Base->run()
Wed, 12 Feb 2025 11:58:48 -0500 [2603:9000:f801:55e2:b1e2:49b:4e00:9b06] 500: move_uploaded_file(ui/task_pictures/82): Failed to open stream: No such file or directory trace: [/home/u991737198/domains/tas2023.online/public_html/app/controllers/TaskController.php:985]
Wed, 12 Feb 2025 11:58:48 -0500 [2603:9000:f801:55e2:b1e2:49b:4e00:9b06] [/home/u991737198/domains/tas2023.online/public_html/app/controllers/TaskController.php:985] move_uploaded_file()
Wed, 12 Feb 2025 11:58:48 -0500 [2603:9000:f801:55e2:b1e2:49b:4e00:9b06] [/home/u991737198/domains/tas2023.online/public_html/lib/base.php:2072] TaskController->loadimage()
Wed, 12 Feb 2025 11:58:48 -0500 [2603:9000:f801:55e2:b1e2:49b:4e00:9b06] [/home/u991737198/domains/tas2023.online/public_html/lib/base.php:1871] Base->call()
Wed, 12 Feb 2025 11:58:48 -0500 [2603:9000:f801:55e2:b1e2:49b:4e00:9b06] [/home/u991737198/domains/tas2023.online/public_html/index.php:19] Base->run()
Wed, 12 Feb 2025 12:01:07 -0500 [2603:9000:f801:55e2:b1e2:49b:4e00:9b06] 500: Undefined variable $selected_note trace: [/home/u991737198/domains/tas2023.online/public_html/tmp/3hn69l4qoa804.3g8shy2588w00.php:363]
Wed, 12 Feb 2025 12:01:07 -0500 [2603:9000:f801:55e2:b1e2:49b:4e00:9b06] [/home/u991737198/domains/tas2023.online/public_html/tmp/3hn69l4qoa804.3g8shy2588w00.php:363] Base->{closure}()
Wed, 12 Feb 2025 12:01:07 -0500 [2603:9000:f801:55e2:b1e2:49b:4e00:9b06] [/home/u991737198/domains/tas2023.online/public_html/lib/base.php:3036] require('/home/u991737198/domains/tas2023.online/public_html/tmp/3hn69l4qoa804.3g8shy2588w00.php')
Wed, 12 Feb 2025 12:01:07 -0500 [2603:9000:f801:55e2:b1e2:49b:4e00:9b06] [/home/u991737198/domains/tas2023.online/public_html/lib/base.php:3281] View->sandbox()
Wed, 12 Feb 2025 12:01:07 -0500 [2603:9000:f801:55e2:b1e2:49b:4e00:9b06] [/home/u991737198/domains/tas2023.online/public_html/tmp/3hn69l4qoa804.3h31n1yj254w8.php:7] Preview->render()
Wed, 12 Feb 2025 12:01:07 -0500 [2603:9000:f801:55e2:b1e2:49b:4e00:9b06] [/home/u991737198/domains/tas2023.online/public_html/lib/base.php:3036] require('/home/u991737198/domains/tas2023.online/public_html/tmp/3hn69l4qoa804.3h31n1yj254w8.php')
Wed, 12 Feb 2025 12:01:07 -0500 [2603:9000:f801:55e2:b1e2:49b:4e00:9b06] [/home/u991737198/domains/tas2023.online/public_html/lib/base.php:3281] View->sandbox()
Wed, 12 Feb 2025 12:01:07 -0500 [2603:9000:f801:55e2:b1e2:49b:4e00:9b06] [/home/u991737198/domains/tas2023.online/public_html/app/controllers/Controller.php:87] Preview->render()
Wed, 12 Feb 2025 12:01:07 -0500 [2603:9000:f801:55e2:b1e2:49b:4e00:9b06] [/home/u991737198/domains/tas2023.online/public_html/lib/base.php:2078] Controller->afterroute()
Wed, 12 Feb 2025 12:01:07 -0500 [2603:9000:f801:55e2:b1e2:49b:4e00:9b06] [/home/u991737198/domains/tas2023.online/public_html/lib/base.php:1871] Base->call()
Wed, 12 Feb 2025 12:01:07 -0500 [2603:9000:f801:55e2:b1e2:49b:4e00:9b06] [/home/u991737198/domains/tas2023.online/public_html/index.php:19] Base->run()
Wed, 12 Feb 2025 12:11:02 -0500 [2603:9000:f801:55e2:b1e2:49b:4e00:9b06] 500: Undefined variable $selected_note trace: [/home/u991737198/domains/tas2023.online/public_html/tmp/3hn69l4qoa804.3g8shy2588w00.php:363]
Wed, 12 Feb 2025 12:11:02 -0500 [2603:9000:f801:55e2:b1e2:49b:4e00:9b06] [/home/u991737198/domains/tas2023.online/public_html/tmp/3hn69l4qoa804.3g8shy2588w00.php:363] Base->{closure}()
Wed, 12 Feb 2025 12:11:02 -0500 [2603:9000:f801:55e2:b1e2:49b:4e00:9b06] [/home/u991737198/domains/tas2023.online/public_html/lib/base.php:3036] require('/home/u991737198/domains/tas2023.online/public_html/tmp/3hn69l4qoa804.3g8shy2588w00.php')
Wed, 12 Feb 2025 12:11:02 -0500 [2603:9000:f801:55e2:b1e2:49b:4e00:9b06] [/home/u991737198/domains/tas2023.online/public_html/lib/base.php:3281] View->sandbox()
Wed, 12 Feb 2025 12:11:02 -0500 [2603:9000:f801:55e2:b1e2:49b:4e00:9b06] [/home/u991737198/domains/tas2023.online/public_html/tmp/3hn69l4qoa804.3h31n1yj254w8.php:7] Preview->render()
Wed, 12 Feb 2025 12:11:02 -0500 [2603:9000:f801:55e2:b1e2:49b:4e00:9b06] [/home/u991737198/domains/tas2023.online/public_html/lib/base.php:3036] require('/home/u991737198/domains/tas2023.online/public_html/tmp/3hn69l4qoa804.3h31n1yj254w8.php')
Wed, 12 Feb 2025 12:11:02 -0500 [2603:9000:f801:55e2:b1e2:49b:4e00:9b06] [/home/u991737198/domains/tas2023.online/public_html/lib/base.php:3281] View->sandbox()
Wed, 12 Feb 2025 12:11:02 -0500 [2603:9000:f801:55e2:b1e2:49b:4e00:9b06] [/home/u991737198/domains/tas2023.online/public_html/app/controllers/Controller.php:87] Preview->render()
Wed, 12 Feb 2025 12:11:02 -0500 [2603:9000:f801:55e2:b1e2:49b:4e00:9b06] [/home/u991737198/domains/tas2023.online/public_html/lib/base.php:2078] Controller->afterroute()
Wed, 12 Feb 2025 12:11:02 -0500 [2603:9000:f801:55e2:b1e2:49b:4e00:9b06] [/home/u991737198/domains/tas2023.online/public_html/lib/base.php:1871] Base->call()
Wed, 12 Feb 2025 12:11:02 -0500 [2603:9000:f801:55e2:b1e2:49b:4e00:9b06] [/home/u991737198/domains/tas2023.online/public_html/index.php:19] Base->run()
Wed, 12 Feb 2025 12:11:17 -0500 [2603:9000:f801:55e2:b1e2:49b:4e00:9b06] 500: Undefined variable $selected_note trace: [/home/u991737198/domains/tas2023.online/public_html/tmp/3hn69l4qoa804.3g8shy2588w00.php:363]
Wed, 12 Feb 2025 12:11:17 -0500 [2603:9000:f801:55e2:b1e2:49b:4e00:9b06] [/home/u991737198/domains/tas2023.online/public_html/tmp/3hn69l4qoa804.3g8shy2588w00.php:363] Base->{closure}()
Wed, 12 Feb 2025 12:11:17 -0500 [2603:9000:f801:55e2:b1e2:49b:4e00:9b06] [/home/u991737198/domains/tas2023.online/public_html/lib/base.php:3036] require('/home/u991737198/domains/tas2023.online/public_html/tmp/3hn69l4qoa804.3g8shy2588w00.php')
Wed, 12 Feb 2025 12:11:17 -0500 [2603:9000:f801:55e2:b1e2:49b:4e00:9b06] [/home/u991737198/domains/tas2023.online/public_html/lib/base.php:3281] View->sandbox()
Wed, 12 Feb 2025 12:11:17 -0500 [2603:9000:f801:55e2:b1e2:49b:4e00:9b06] [/home/u991737198/domains/tas2023.online/public_html/tmp/3hn69l4qoa804.3h31n1yj254w8.php:7] Preview->render()
Wed, 12 Feb 2025 12:11:17 -0500 [2603:9000:f801:55e2:b1e2:49b:4e00:9b06] [/home/u991737198/domains/tas2023.online/public_html/lib/base.php:3036] require('/home/u991737198/domains/tas2023.online/public_html/tmp/3hn69l4qoa804.3h31n1yj254w8.php')
Wed, 12 Feb 2025 12:11:17 -0500 [2603:9000:f801:55e2:b1e2:49b:4e00:9b06] [/home/u991737198/domains/tas2023.online/public_html/lib/base.php:3281] View->sandbox()
Wed, 12 Feb 2025 12:11:17 -0500 [2603:9000:f801:55e2:b1e2:49b:4e00:9b06] [/home/u991737198/domains/tas2023.online/public_html/app/controllers/Controller.php:87] Preview->render()
Wed, 12 Feb 2025 12:11:17 -0500 [2603:9000:f801:55e2:b1e2:49b:4e00:9b06] [/home/u991737198/domains/tas2023.online/public_html/lib/base.php:2078] Controller->afterroute()
Wed, 12 Feb 2025 12:11:17 -0500 [2603:9000:f801:55e2:b1e2:49b:4e00:9b06] [/home/u991737198/domains/tas2023.online/public_html/lib/base.php:1871] Base->call()
Wed, 12 Feb 2025 12:11:17 -0500 [2603:9000:f801:55e2:b1e2:49b:4e00:9b06] [/home/u991737198/domains/tas2023.online/public_html/index.php:19] Base->run()
Wed, 12 Feb 2025 12:21:53 -0500 [2603:9000:f801:55e2:b1e2:49b:4e00:9b06] 500: Undefined variable $selected_note trace: [/home/u991737198/domains/tas2023.online/public_html/tmp/3hn69l4qoa804.3g8shy2588w00.php:363]
Wed, 12 Feb 2025 12:21:53 -0500 [2603:9000:f801:55e2:b1e2:49b:4e00:9b06] [/home/u991737198/domains/tas2023.online/public_html/tmp/3hn69l4qoa804.3g8shy2588w00.php:363] Base->{closure}()
Wed, 12 Feb 2025 12:21:53 -0500 [2603:9000:f801:55e2:b1e2:49b:4e00:9b06] [/home/u991737198/domains/tas2023.online/public_html/lib/base.php:3036] require('/home/u991737198/domains/tas2023.online/public_html/tmp/3hn69l4qoa804.3g8shy2588w00.php')
Wed, 12 Feb 2025 12:21:53 -0500 [2603:9000:f801:55e2:b1e2:49b:4e00:9b06] [/home/u991737198/domains/tas2023.online/public_html/lib/base.php:3281] View->sandbox()
Wed, 12 Feb 2025 12:21:53 -0500 [2603:9000:f801:55e2:b1e2:49b:4e00:9b06] [/home/u991737198/domains/tas2023.online/public_html/tmp/3hn69l4qoa804.3h31n1yj254w8.php:7] Preview->render()
Wed, 12 Feb 2025 12:21:53 -0500 [2603:9000:f801:55e2:b1e2:49b:4e00:9b06] [/home/u991737198/domains/tas2023.online/public_html/lib/base.php:3036] require('/home/u991737198/domains/tas2023.online/public_html/tmp/3hn69l4qoa804.3h31n1yj254w8.php')
Wed, 12 Feb 2025 12:21:53 -0500 [2603:9000:f801:55e2:b1e2:49b:4e00:9b06] [/home/u991737198/domains/tas2023.online/public_html/lib/base.php:3281] View->sandbox()
Wed, 12 Feb 2025 12:21:53 -0500 [2603:9000:f801:55e2:b1e2:49b:4e00:9b06] [/home/u991737198/domains/tas2023.online/public_html/app/controllers/Controller.php:87] Preview->render()
Wed, 12 Feb 2025 12:21:53 -0500 [2603:9000:f801:55e2:b1e2:49b:4e00:9b06] [/home/u991737198/domains/tas2023.online/public_html/lib/base.php:2078] Controller->afterroute()
Wed, 12 Feb 2025 12:21:53 -0500 [2603:9000:f801:55e2:b1e2:49b:4e00:9b06] [/home/u991737198/domains/tas2023.online/public_html/lib/base.php:1871] Base->call()
Wed, 12 Feb 2025 12:21:53 -0500 [2603:9000:f801:55e2:b1e2:49b:4e00:9b06] [/home/u991737198/domains/tas2023.online/public_html/index.php:19] Base->run()
Wed, 12 Feb 2025 12:22:11 -0500 [2603:9000:f801:55e2:b1e2:49b:4e00:9b06] 500: Undefined variable $selected_note trace: [/home/u991737198/domains/tas2023.online/public_html/tmp/3hn69l4qoa804.3g8shy2588w00.php:363]
Wed, 12 Feb 2025 12:22:11 -0500 [2603:9000:f801:55e2:b1e2:49b:4e00:9b06] [/home/u991737198/domains/tas2023.online/public_html/tmp/3hn69l4qoa804.3g8shy2588w00.php:363] Base->{closure}()
Wed, 12 Feb 2025 12:22:11 -0500 [2603:9000:f801:55e2:b1e2:49b:4e00:9b06] [/home/u991737198/domains/tas2023.online/public_html/lib/base.php:3036] require('/home/u991737198/domains/tas2023.online/public_html/tmp/3hn69l4qoa804.3g8shy2588w00.php')
Wed, 12 Feb 2025 12:22:11 -0500 [2603:9000:f801:55e2:b1e2:49b:4e00:9b06] [/home/u991737198/domains/tas2023.online/public_html/lib/base.php:3281] View->sandbox()
Wed, 12 Feb 2025 12:22:11 -0500 [2603:9000:f801:55e2:b1e2:49b:4e00:9b06] [/home/u991737198/domains/tas2023.online/public_html/tmp/3hn69l4qoa804.3h31n1yj254w8.php:7] Preview->render()
Wed, 12 Feb 2025 12:22:11 -0500 [2603:9000:f801:55e2:b1e2:49b:4e00:9b06] [/home/u991737198/domains/tas2023.online/public_html/lib/base.php:3036] require('/home/u991737198/domains/tas2023.online/public_html/tmp/3hn69l4qoa804.3h31n1yj254w8.php')
Wed, 12 Feb 2025 12:22:11 -0500 [2603:9000:f801:55e2:b1e2:49b:4e00:9b06] [/home/u991737198/domains/tas2023.online/public_html/lib/base.php:3281] View->sandbox()
Wed, 12 Feb 2025 12:22:11 -0500 [2603:9000:f801:55e2:b1e2:49b:4e00:9b06] [/home/u991737198/domains/tas2023.online/public_html/app/controllers/Controller.php:87] Preview->render()
Wed, 12 Feb 2025 12:22:11 -0500 [2603:9000:f801:55e2:b1e2:49b:4e00:9b06] [/home/u991737198/domains/tas2023.online/public_html/lib/base.php:2078] Controller->afterroute()
Wed, 12 Feb 2025 12:22:11 -0500 [2603:9000:f801:55e2:b1e2:49b:4e00:9b06] [/home/u991737198/domains/tas2023.online/public_html/lib/base.php:1871] Base->call()
Wed, 12 Feb 2025 12:22:11 -0500 [2603:9000:f801:55e2:b1e2:49b:4e00:9b06] [/home/u991737198/domains/tas2023.online/public_html/index.php:19] Base->run()
Wed, 12 Feb 2025 13:03:11 -0500 [2603:9000:f801:55e2:b1e2:49b:4e00:9b06] 500: Undefined variable $selected_note trace: [/home/u991737198/domains/tas2023.online/public_html/tmp/3hn69l4qoa804.3g8shy2588w00.php:363]
Wed, 12 Feb 2025 13:03:11 -0500 [2603:9000:f801:55e2:b1e2:49b:4e00:9b06] [/home/u991737198/domains/tas2023.online/public_html/tmp/3hn69l4qoa804.3g8shy2588w00.php:363] Base->{closure}()
Wed, 12 Feb 2025 13:03:11 -0500 [2603:9000:f801:55e2:b1e2:49b:4e00:9b06] [/home/u991737198/domains/tas2023.online/public_html/lib/base.php:3036] require('/home/u991737198/domains/tas2023.online/public_html/tmp/3hn69l4qoa804.3g8shy2588w00.php')
Wed, 12 Feb 2025 13:03:11 -0500 [2603:9000:f801:55e2:b1e2:49b:4e00:9b06] [/home/u991737198/domains/tas2023.online/public_html/lib/base.php:3281] View->sandbox()
Wed, 12 Feb 2025 13:03:11 -0500 [2603:9000:f801:55e2:b1e2:49b:4e00:9b06] [/home/u991737198/domains/tas2023.online/public_html/tmp/3hn69l4qoa804.3h31n1yj254w8.php:7] Preview->render()
Wed, 12 Feb 2025 13:03:11 -0500 [2603:9000:f801:55e2:b1e2:49b:4e00:9b06] [/home/u991737198/domains/tas2023.online/public_html/lib/base.php:3036] require('/home/u991737198/domains/tas2023.online/public_html/tmp/3hn69l4qoa804.3h31n1yj254w8.php')
Wed, 12 Feb 2025 13:03:11 -0500 [2603:9000:f801:55e2:b1e2:49b:4e00:9b06] [/home/u991737198/domains/tas2023.online/public_html/lib/base.php:3281] View->sandbox()
Wed, 12 Feb 2025 13:03:11 -0500 [2603:9000:f801:55e2:b1e2:49b:4e00:9b06] [/home/u991737198/domains/tas2023.online/public_html/app/controllers/Controller.php:87] Preview->render()
Wed, 12 Feb 2025 13:03:11 -0500 [2603:9000:f801:55e2:b1e2:49b:4e00:9b06] [/home/u991737198/domains/tas2023.online/public_html/lib/base.php:2078] Controller->afterroute()
Wed, 12 Feb 2025 13:03:11 -0500 [2603:9000:f801:55e2:b1e2:49b:4e00:9b06] [/home/u991737198/domains/tas2023.online/public_html/lib/base.php:1871] Base->call()
Wed, 12 Feb 2025 13:03:11 -0500 [2603:9000:f801:55e2:b1e2:49b:4e00:9b06] [/home/u991737198/domains/tas2023.online/public_html/index.php:19] Base->run()
Wed, 12 Feb 2025 13:03:12 -0500 [2603:9000:f801:55e2:b1e2:49b:4e00:9b06] 401: HTTP 401 (GET /task/teamProductivity) trace: [/home/u991737198/domains/tas2023.online/public_html/lib/access.php:112] Base->error()
Wed, 12 Feb 2025 13:03:12 -0500 [2603:9000:f801:55e2:b1e2:49b:4e00:9b06] [/home/u991737198/domains/tas2023.online/public_html/app/controllers/Controller.php:78] Access->authorize()
Wed, 12 Feb 2025 13:03:12 -0500 [2603:9000:f801:55e2:b1e2:49b:4e00:9b06] [/home/u991737198/domains/tas2023.online/public_html/lib/base.php:2069] Controller->beforeroute()
Wed, 12 Feb 2025 13:03:12 -0500 [2603:9000:f801:55e2:b1e2:49b:4e00:9b06] [/home/u991737198/domains/tas2023.online/public_html/lib/base.php:1871] Base->call()
Wed, 12 Feb 2025 13:03:12 -0500 [2603:9000:f801:55e2:b1e2:49b:4e00:9b06] [/home/u991737198/domains/tas2023.online/public_html/index.php:19] Base->run()
Wed, 12 Feb 2025 13:03:18 -0500 [2603:9000:f801:55e2:b1e2:49b:4e00:9b06] 401: HTTP 401 (GET /task/listtasks) trace: [/home/u991737198/domains/tas2023.online/public_html/lib/access.php:112] Base->error()
Wed, 12 Feb 2025 13:03:18 -0500 [2603:9000:f801:55e2:b1e2:49b:4e00:9b06] [/home/u991737198/domains/tas2023.online/public_html/app/controllers/Controller.php:78] Access->authorize()
Wed, 12 Feb 2025 13:03:18 -0500 [2603:9000:f801:55e2:b1e2:49b:4e00:9b06] [/home/u991737198/domains/tas2023.online/public_html/lib/base.php:2069] Controller->beforeroute()
Wed, 12 Feb 2025 13:03:18 -0500 [2603:9000:f801:55e2:b1e2:49b:4e00:9b06] [/home/u991737198/domains/tas2023.online/public_html/lib/base.php:1871] Base->call()
Wed, 12 Feb 2025 13:03:18 -0500 [2603:9000:f801:55e2:b1e2:49b:4e00:9b06] [/home/u991737198/domains/tas2023.online/public_html/index.php:19] Base->run()
Wed, 12 Feb 2025 13:03:31 -0500 [2603:9000:f801:55e2:b1e2:49b:4e00:9b06] 500: Undefined variable $selected_note trace: [/home/u991737198/domains/tas2023.online/public_html/tmp/3hn69l4qoa804.3g8shy2588w00.php:363]
Wed, 12 Feb 2025 13:03:31 -0500 [2603:9000:f801:55e2:b1e2:49b:4e00:9b06] [/home/u991737198/domains/tas2023.online/public_html/tmp/3hn69l4qoa804.3g8shy2588w00.php:363] Base->{closure}()
Wed, 12 Feb 2025 13:03:31 -0500 [2603:9000:f801:55e2:b1e2:49b:4e00:9b06] [/home/u991737198/domains/tas2023.online/public_html/lib/base.php:3036] require('/home/u991737198/domains/tas2023.online/public_html/tmp/3hn69l4qoa804.3g8shy2588w00.php')
Wed, 12 Feb 2025 13:03:31 -0500 [2603:9000:f801:55e2:b1e2:49b:4e00:9b06] [/home/u991737198/domains/tas2023.online/public_html/lib/base.php:3281] View->sandbox()
Wed, 12 Feb 2025 13:03:31 -0500 [2603:9000:f801:55e2:b1e2:49b:4e00:9b06] [/home/u991737198/domains/tas2023.online/public_html/tmp/3hn69l4qoa804.3h31n1yj254w8.php:7] Preview->render()
Wed, 12 Feb 2025 13:03:31 -0500 [2603:9000:f801:55e2:b1e2:49b:4e00:9b06] [/home/u991737198/domains/tas2023.online/public_html/lib/base.php:3036] require('/home/u991737198/domains/tas2023.online/public_html/tmp/3hn69l4qoa804.3h31n1yj254w8.php')
Wed, 12 Feb 2025 13:03:31 -0500 [2603:9000:f801:55e2:b1e2:49b:4e00:9b06] [/home/u991737198/domains/tas2023.online/public_html/lib/base.php:3281] View->sandbox()
Wed, 12 Feb 2025 13:03:31 -0500 [2603:9000:f801:55e2:b1e2:49b:4e00:9b06] [/home/u991737198/domains/tas2023.online/public_html/app/controllers/Controller.php:87] Preview->render()
Wed, 12 Feb 2025 13:03:31 -0500 [2603:9000:f801:55e2:b1e2:49b:4e00:9b06] [/home/u991737198/domains/tas2023.online/public_html/lib/base.php:2078] Controller->afterroute()
Wed, 12 Feb 2025 13:03:31 -0500 [2603:9000:f801:55e2:b1e2:49b:4e00:9b06] [/home/u991737198/domains/tas2023.online/public_html/lib/base.php:1871] Base->call()
Wed, 12 Feb 2025 13:03:31 -0500 [2603:9000:f801:55e2:b1e2:49b:4e00:9b06] [/home/u991737198/domains/tas2023.online/public_html/index.php:19] Base->run()
Wed, 12 Feb 2025 13:05:48 -0500 [2603:9000:f801:55e2:b1e2:49b:4e00:9b06] 500: Undefined variable $selected_note trace: [/home/u991737198/domains/tas2023.online/public_html/tmp/3hn69l4qoa804.3g8shy2588w00.php:363]
Wed, 12 Feb 2025 13:05:48 -0500 [2603:9000:f801:55e2:b1e2:49b:4e00:9b06] [/home/u991737198/domains/tas2023.online/public_html/tmp/3hn69l4qoa804.3g8shy2588w00.php:363] Base->{closure}()
Wed, 12 Feb 2025 13:05:48 -0500 [2603:9000:f801:55e2:b1e2:49b:4e00:9b06] [/home/u991737198/domains/tas2023.online/public_html/lib/base.php:3036] require('/home/u991737198/domains/tas2023.online/public_html/tmp/3hn69l4qoa804.3g8shy2588w00.php')
Wed, 12 Feb 2025 13:05:48 -0500 [2603:9000:f801:55e2:b1e2:49b:4e00:9b06] [/home/u991737198/domains/tas2023.online/public_html/lib/base.php:3281] View->sandbox()
Wed, 12 Feb 2025 13:05:48 -0500 [2603:9000:f801:55e2:b1e2:49b:4e00:9b06] [/home/u991737198/domains/tas2023.online/public_html/tmp/3hn69l4qoa804.3h31n1yj254w8.php:7] Preview->render()
Wed, 12 Feb 2025 13:05:48 -0500 [2603:9000:f801:55e2:b1e2:49b:4e00:9b06] [/home/u991737198/domains/tas2023.online/public_html/lib/base.php:3036] require('/home/u991737198/domains/tas2023.online/public_html/tmp/3hn69l4qoa804.3h31n1yj254w8.php')
Wed, 12 Feb 2025 13:05:48 -0500 [2603:9000:f801:55e2:b1e2:49b:4e00:9b06] [/home/u991737198/domains/tas2023.online/public_html/lib/base.php:3281] View->sandbox()
Wed, 12 Feb 2025 13:05:48 -0500 [2603:9000:f801:55e2:b1e2:49b:4e00:9b06] [/home/u991737198/domains/tas2023.online/public_html/app/controllers/Controller.php:87] Preview->render()
Wed, 12 Feb 2025 13:05:48 -0500 [2603:9000:f801:55e2:b1e2:49b:4e00:9b06] [/home/u991737198/domains/tas2023.online/public_html/lib/base.php:2078] Controller->afterroute()
Wed, 12 Feb 2025 13:05:48 -0500 [2603:9000:f801:55e2:b1e2:49b:4e00:9b06] [/home/u991737198/domains/tas2023.online/public_html/lib/base.php:1871] Base->call()
Wed, 12 Feb 2025 13:05:48 -0500 [2603:9000:f801:55e2:b1e2:49b:4e00:9b06] [/home/u991737198/domains/tas2023.online/public_html/index.php:19] Base->run()
Wed, 12 Feb 2025 13:16:58 -0500 [2603:9000:f801:55e2:b1e2:49b:4e00:9b06] 500: Undefined variable $selected_note trace: [/home/u991737198/domains/tas2023.online/public_html/tmp/3hn69l4qoa804.3g8shy2588w00.php:387]
Wed, 12 Feb 2025 13:16:58 -0500 [2603:9000:f801:55e2:b1e2:49b:4e00:9b06] [/home/u991737198/domains/tas2023.online/public_html/tmp/3hn69l4qoa804.3g8shy2588w00.php:387] Base->{closure}()
Wed, 12 Feb 2025 13:16:58 -0500 [2603:9000:f801:55e2:b1e2:49b:4e00:9b06] [/home/u991737198/domains/tas2023.online/public_html/lib/base.php:3036] require('/home/u991737198/domains/tas2023.online/public_html/tmp/3hn69l4qoa804.3g8shy2588w00.php')
Wed, 12 Feb 2025 13:16:58 -0500 [2603:9000:f801:55e2:b1e2:49b:4e00:9b06] [/home/u991737198/domains/tas2023.online/public_html/lib/base.php:3281] View->sandbox()
Wed, 12 Feb 2025 13:16:58 -0500 [2603:9000:f801:55e2:b1e2:49b:4e00:9b06] [/home/u991737198/domains/tas2023.online/public_html/tmp/3hn69l4qoa804.3h31n1yj254w8.php:7] Preview->render()
Wed, 12 Feb 2025 13:16:58 -0500 [2603:9000:f801:55e2:b1e2:49b:4e00:9b06] [/home/u991737198/domains/tas2023.online/public_html/lib/base.php:3036] require('/home/u991737198/domains/tas2023.online/public_html/tmp/3hn69l4qoa804.3h31n1yj254w8.php')
Wed, 12 Feb 2025 13:16:58 -0500 [2603:9000:f801:55e2:b1e2:49b:4e00:9b06] [/home/u991737198/domains/tas2023.online/public_html/lib/base.php:3281] View->sandbox()
Wed, 12 Feb 2025 13:16:58 -0500 [2603:9000:f801:55e2:b1e2:49b:4e00:9b06] [/home/u991737198/domains/tas2023.online/public_html/app/controllers/Controller.php:87] Preview->render()
Wed, 12 Feb 2025 13:16:58 -0500 [2603:9000:f801:55e2:b1e2:49b:4e00:9b06] [/home/u991737198/domains/tas2023.online/public_html/lib/base.php:2078] Controller->afterroute()
Wed, 12 Feb 2025 13:16:58 -0500 [2603:9000:f801:55e2:b1e2:49b:4e00:9b06] [/home/u991737198/domains/tas2023.online/public_html/lib/base.php:1871] Base->call()
Wed, 12 Feb 2025 13:16:58 -0500 [2603:9000:f801:55e2:b1e2:49b:4e00:9b06] [/home/u991737198/domains/tas2023.online/public_html/index.php:19] Base->run()
Wed, 12 Feb 2025 13:18:04 -0500 [2603:9000:f801:55e2:b1e2:49b:4e00:9b06] 500: Undefined variable $selected_note trace: [/home/u991737198/domains/tas2023.online/public_html/tmp/3hn69l4qoa804.3g8shy2588w00.php:385]
Wed, 12 Feb 2025 13:18:04 -0500 [2603:9000:f801:55e2:b1e2:49b:4e00:9b06] [/home/u991737198/domains/tas2023.online/public_html/tmp/3hn69l4qoa804.3g8shy2588w00.php:385] Base->{closure}()
Wed, 12 Feb 2025 13:18:04 -0500 [2603:9000:f801:55e2:b1e2:49b:4e00:9b06] [/home/u991737198/domains/tas2023.online/public_html/lib/base.php:3036] require('/home/u991737198/domains/tas2023.online/public_html/tmp/3hn69l4qoa804.3g8shy2588w00.php')
Wed, 12 Feb 2025 13:18:04 -0500 [2603:9000:f801:55e2:b1e2:49b:4e00:9b06] [/home/u991737198/domains/tas2023.online/public_html/lib/base.php:3281] View->sandbox()
Wed, 12 Feb 2025 13:18:04 -0500 [2603:9000:f801:55e2:b1e2:49b:4e00:9b06] [/home/u991737198/domains/tas2023.online/public_html/tmp/3hn69l4qoa804.3h31n1yj254w8.php:7] Preview->render()
Wed, 12 Feb 2025 13:18:04 -0500 [2603:9000:f801:55e2:b1e2:49b:4e00:9b06] [/home/u991737198/domains/tas2023.online/public_html/lib/base.php:3036] require('/home/u991737198/domains/tas2023.online/public_html/tmp/3hn69l4qoa804.3h31n1yj254w8.php')
Wed, 12 Feb 2025 13:18:04 -0500 [2603:9000:f801:55e2:b1e2:49b:4e00:9b06] [/home/u991737198/domains/tas2023.online/public_html/lib/base.php:3281] View->sandbox()
Wed, 12 Feb 2025 13:18:04 -0500 [2603:9000:f801:55e2:b1e2:49b:4e00:9b06] [/home/u991737198/domains/tas2023.online/public_html/app/controllers/Controller.php:87] Preview->render()
Wed, 12 Feb 2025 13:18:04 -0500 [2603:9000:f801:55e2:b1e2:49b:4e00:9b06] [/home/u991737198/domains/tas2023.online/public_html/lib/base.php:2078] Controller->afterroute()
Wed, 12 Feb 2025 13:18:04 -0500 [2603:9000:f801:55e2:b1e2:49b:4e00:9b06] [/home/u991737198/domains/tas2023.online/public_html/lib/base.php:1871] Base->call()
Wed, 12 Feb 2025 13:18:04 -0500 [2603:9000:f801:55e2:b1e2:49b:4e00:9b06] [/home/u991737198/domains/tas2023.online/public_html/index.php:19] Base->run()
Wed, 12 Feb 2025 13:22:33 -0500 [2603:9000:f801:55e2:b1e2:49b:4e00:9b06] 500: Undefined variable $selected_note trace: [/home/u991737198/domains/tas2023.online/public_html/tmp/3hn69l4qoa804.3g8shy2588w00.php:400]
Wed, 12 Feb 2025 13:22:33 -0500 [2603:9000:f801:55e2:b1e2:49b:4e00:9b06] [/home/u991737198/domains/tas2023.online/public_html/tmp/3hn69l4qoa804.3g8shy2588w00.php:400] Base->{closure}()
Wed, 12 Feb 2025 13:22:33 -0500 [2603:9000:f801:55e2:b1e2:49b:4e00:9b06] [/home/u991737198/domains/tas2023.online/public_html/lib/base.php:3036] require('/home/u991737198/domains/tas2023.online/public_html/tmp/3hn69l4qoa804.3g8shy2588w00.php')
Wed, 12 Feb 2025 13:22:33 -0500 [2603:9000:f801:55e2:b1e2:49b:4e00:9b06] [/home/u991737198/domains/tas2023.online/public_html/lib/base.php:3281] View->sandbox()
Wed, 12 Feb 2025 13:22:33 -0500 [2603:9000:f801:55e2:b1e2:49b:4e00:9b06] [/home/u991737198/domains/tas2023.online/public_html/tmp/3hn69l4qoa804.3h31n1yj254w8.php:7] Preview->render()
Wed, 12 Feb 2025 13:22:33 -0500 [2603:9000:f801:55e2:b1e2:49b:4e00:9b06] [/home/u991737198/domains/tas2023.online/public_html/lib/base.php:3036] require('/home/u991737198/domains/tas2023.online/public_html/tmp/3hn69l4qoa804.3h31n1yj254w8.php')
Wed, 12 Feb 2025 13:22:33 -0500 [2603:9000:f801:55e2:b1e2:49b:4e00:9b06] [/home/u991737198/domains/tas2023.online/public_html/lib/base.php:3281] View->sandbox()
Wed, 12 Feb 2025 13:22:33 -0500 [2603:9000:f801:55e2:b1e2:49b:4e00:9b06] [/home/u991737198/domains/tas2023.online/public_html/app/controllers/Controller.php:87] Preview->render()
Wed, 12 Feb 2025 13:22:33 -0500 [2603:9000:f801:55e2:b1e2:49b:4e00:9b06] [/home/u991737198/domains/tas2023.online/public_html/lib/base.php:2078] Controller->afterroute()
Wed, 12 Feb 2025 13:22:33 -0500 [2603:9000:f801:55e2:b1e2:49b:4e00:9b06] [/home/u991737198/domains/tas2023.online/public_html/lib/base.php:1871] Base->call()
Wed, 12 Feb 2025 13:22:33 -0500 [2603:9000:f801:55e2:b1e2:49b:4e00:9b06] [/home/u991737198/domains/tas2023.online/public_html/index.php:19] Base->run()
Wed, 12 Feb 2025 16:35:36 -0500 [2600:1006:b007:5981:b05d:7ad9:dcbf:5599] 500: Undefined variable $entity_num trace: [tmp/3hn69l4qoa804.man4oes5p0l2.php:176]
Wed, 12 Feb 2025 16:35:36 -0500 [2600:1006:b007:5981:b05d:7ad9:dcbf:5599] [tmp/3hn69l4qoa804.man4oes5p0l2.php:176] Base->{closure}()
Wed, 12 Feb 2025 16:35:36 -0500 [2600:1006:b007:5981:b05d:7ad9:dcbf:5599] [lib/base.php:3036] require('/home/u991737198/domains/tas2023.online/public_html/tmp/3hn69l4qoa804.man4oes5p0l2.php')
Wed, 12 Feb 2025 16:35:36 -0500 [2600:1006:b007:5981:b05d:7ad9:dcbf:5599] [lib/base.php:3281] View->sandbox()
Wed, 12 Feb 2025 16:35:36 -0500 [2600:1006:b007:5981:b05d:7ad9:dcbf:5599] [tmp/3hn69l4qoa804.3h31n1yj254w8.php:7] Preview->render()
Wed, 12 Feb 2025 16:35:36 -0500 [2600:1006:b007:5981:b05d:7ad9:dcbf:5599] [lib/base.php:3036] require('/home/u991737198/domains/tas2023.online/public_html/tmp/3hn69l4qoa804.3h31n1yj254w8.php')
Wed, 12 Feb 2025 16:35:36 -0500 [2600:1006:b007:5981:b05d:7ad9:dcbf:5599] [lib/base.php:3281] View->sandbox()
Wed, 12 Feb 2025 16:35:36 -0500 [2600:1006:b007:5981:b05d:7ad9:dcbf:5599] [app/controllers/Controller.php:87] Preview->render()
Wed, 12 Feb 2025 16:35:36 -0500 [2600:1006:b007:5981:b05d:7ad9:dcbf:5599] [lib/base.php:2078] Controller->afterroute()
Wed, 12 Feb 2025 16:35:36 -0500 [2600:1006:b007:5981:b05d:7ad9:dcbf:5599] [lib/base.php:1871] Base->call()
Wed, 12 Feb 2025 16:35:36 -0500 [2600:1006:b007:5981:b05d:7ad9:dcbf:5599] [index.php:19] Base->run()
Wed, 12 Feb 2025 16:37:35 -0500 [2600:1006:b007:5981:b05d:7ad9:dcbf:5599] 500: Undefined variable $fechapicker trace: [/home/u991737198/domains/tas2023.online/public_html/tmp/3hn69l4qoa804.22phmm30e0u84.php:334]
Wed, 12 Feb 2025 16:37:35 -0500 [2600:1006:b007:5981:b05d:7ad9:dcbf:5599] [/home/u991737198/domains/tas2023.online/public_html/tmp/3hn69l4qoa804.22phmm30e0u84.php:334] Base->{closure}()
Wed, 12 Feb 2025 16:37:35 -0500 [2600:1006:b007:5981:b05d:7ad9:dcbf:5599] [/home/u991737198/domains/tas2023.online/public_html/lib/base.php:3036] require('/home/u991737198/domains/tas2023.online/public_html/tmp/3hn69l4qoa804.22phmm30e0u84.php')
Wed, 12 Feb 2025 16:37:35 -0500 [2600:1006:b007:5981:b05d:7ad9:dcbf:5599] [/home/u991737198/domains/tas2023.online/public_html/lib/base.php:3281] View->sandbox()
Wed, 12 Feb 2025 16:37:35 -0500 [2600:1006:b007:5981:b05d:7ad9:dcbf:5599] [/home/u991737198/domains/tas2023.online/public_html/tmp/3hn69l4qoa804.3h31n1yj254w8.php:7] Preview->render()
Wed, 12 Feb 2025 16:37:35 -0500 [2600:1006:b007:5981:b05d:7ad9:dcbf:5599] [/home/u991737198/domains/tas2023.online/public_html/lib/base.php:3036] require('/home/u991737198/domains/tas2023.online/public_html/tmp/3hn69l4qoa804.3h31n1yj254w8.php')
Wed, 12 Feb 2025 16:37:35 -0500 [2600:1006:b007:5981:b05d:7ad9:dcbf:5599] [/home/u991737198/domains/tas2023.online/public_html/lib/base.php:3281] View->sandbox()
Wed, 12 Feb 2025 16:37:35 -0500 [2600:1006:b007:5981:b05d:7ad9:dcbf:5599] [/home/u991737198/domains/tas2023.online/public_html/app/controllers/Controller.php:87] Preview->render()
Wed, 12 Feb 2025 16:37:35 -0500 [2600:1006:b007:5981:b05d:7ad9:dcbf:5599] [/home/u991737198/domains/tas2023.online/public_html/lib/base.php:2078] Controller->afterroute()
Wed, 12 Feb 2025 16:37:35 -0500 [2600:1006:b007:5981:b05d:7ad9:dcbf:5599] [/home/u991737198/domains/tas2023.online/public_html/lib/base.php:1871] Base->call()
Wed, 12 Feb 2025 16:37:35 -0500 [2600:1006:b007:5981:b05d:7ad9:dcbf:5599] [/home/u991737198/domains/tas2023.online/public_html/index.php:19] Base->run()
Wed, 12 Feb 2025 16:37:39 -0500 [2600:1006:b007:5981:b05d:7ad9:dcbf:5599] 500: Undefined variable $fechapicker trace: [/home/u991737198/domains/tas2023.online/public_html/tmp/3hn69l4qoa804.22phmm30e0u84.php:334]
Wed, 12 Feb 2025 16:37:39 -0500 [2600:1006:b007:5981:b05d:7ad9:dcbf:5599] [/home/u991737198/domains/tas2023.online/public_html/tmp/3hn69l4qoa804.22phmm30e0u84.php:334] Base->{closure}()
Wed, 12 Feb 2025 16:37:39 -0500 [2600:1006:b007:5981:b05d:7ad9:dcbf:5599] [/home/u991737198/domains/tas2023.online/public_html/lib/base.php:3036] require('/home/u991737198/domains/tas2023.online/public_html/tmp/3hn69l4qoa804.22phmm30e0u84.php')
Wed, 12 Feb 2025 16:37:39 -0500 [2600:1006:b007:5981:b05d:7ad9:dcbf:5599] [/home/u991737198/domains/tas2023.online/public_html/lib/base.php:3281] View->sandbox()
Wed, 12 Feb 2025 16:37:39 -0500 [2600:1006:b007:5981:b05d:7ad9:dcbf:5599] [/home/u991737198/domains/tas2023.online/public_html/tmp/3hn69l4qoa804.3h31n1yj254w8.php:7] Preview->render()
Wed, 12 Feb 2025 16:37:39 -0500 [2600:1006:b007:5981:b05d:7ad9:dcbf:5599] [/home/u991737198/domains/tas2023.online/public_html/lib/base.php:3036] require('/home/u991737198/domains/tas2023.online/public_html/tmp/3hn69l4qoa804.3h31n1yj254w8.php')
Wed, 12 Feb 2025 16:37:39 -0500 [2600:1006:b007:5981:b05d:7ad9:dcbf:5599] [/home/u991737198/domains/tas2023.online/public_html/lib/base.php:3281] View->sandbox()
Wed, 12 Feb 2025 16:37:39 -0500 [2600:1006:b007:5981:b05d:7ad9:dcbf:5599] [/home/u991737198/domains/tas2023.online/public_html/app/controllers/Controller.php:87] Preview->render()
Wed, 12 Feb 2025 16:37:39 -0500 [2600:1006:b007:5981:b05d:7ad9:dcbf:5599] [/home/u991737198/domains/tas2023.online/public_html/lib/base.php:2078] Controller->afterroute()
Wed, 12 Feb 2025 16:37:39 -0500 [2600:1006:b007:5981:b05d:7ad9:dcbf:5599] [/home/u991737198/domains/tas2023.online/public_html/lib/base.php:1871] Base->call()
Wed, 12 Feb 2025 16:37:39 -0500 [2600:1006:b007:5981:b05d:7ad9:dcbf:5599] [/home/u991737198/domains/tas2023.online/public_html/index.php:19] Base->run()
Wed, 12 Feb 2025 16:37:43 -0500 [2600:1006:b007:5981:b05d:7ad9:dcbf:5599] 500: Undefined variable $selected_note trace: [/home/u991737198/domains/tas2023.online/public_html/tmp/3hn69l4qoa804.3g8shy2588w00.php:400]
Wed, 12 Feb 2025 16:37:43 -0500 [2600:1006:b007:5981:b05d:7ad9:dcbf:5599] [/home/u991737198/domains/tas2023.online/public_html/tmp/3hn69l4qoa804.3g8shy2588w00.php:400] Base->{closure}()
Wed, 12 Feb 2025 16:37:43 -0500 [2600:1006:b007:5981:b05d:7ad9:dcbf:5599] [/home/u991737198/domains/tas2023.online/public_html/lib/base.php:3036] require('/home/u991737198/domains/tas2023.online/public_html/tmp/3hn69l4qoa804.3g8shy2588w00.php')
Wed, 12 Feb 2025 16:37:43 -0500 [2600:1006:b007:5981:b05d:7ad9:dcbf:5599] [/home/u991737198/domains/tas2023.online/public_html/lib/base.php:3281] View->sandbox()
Wed, 12 Feb 2025 16:37:43 -0500 [2600:1006:b007:5981:b05d:7ad9:dcbf:5599] [/home/u991737198/domains/tas2023.online/public_html/tmp/3hn69l4qoa804.3h31n1yj254w8.php:7] Preview->render()
Wed, 12 Feb 2025 16:37:43 -0500 [2600:1006:b007:5981:b05d:7ad9:dcbf:5599] [/home/u991737198/domains/tas2023.online/public_html/lib/base.php:3036] require('/home/u991737198/domains/tas2023.online/public_html/tmp/3hn69l4qoa804.3h31n1yj254w8.php')
Wed, 12 Feb 2025 16:37:43 -0500 [2600:1006:b007:5981:b05d:7ad9:dcbf:5599] [/home/u991737198/domains/tas2023.online/public_html/lib/base.php:3281] View->sandbox()
Wed, 12 Feb 2025 16:37:43 -0500 [2600:1006:b007:5981:b05d:7ad9:dcbf:5599] [/home/u991737198/domains/tas2023.online/public_html/app/controllers/Controller.php:87] Preview->render()
Wed, 12 Feb 2025 16:37:43 -0500 [2600:1006:b007:5981:b05d:7ad9:dcbf:5599] [/home/u991737198/domains/tas2023.online/public_html/lib/base.php:2078] Controller->afterroute()
Wed, 12 Feb 2025 16:37:43 -0500 [2600:1006:b007:5981:b05d:7ad9:dcbf:5599] [/home/u991737198/domains/tas2023.online/public_html/lib/base.php:1871] Base->call()
Wed, 12 Feb 2025 16:37:43 -0500 [2600:1006:b007:5981:b05d:7ad9:dcbf:5599] [/home/u991737198/domains/tas2023.online/public_html/index.php:19] Base->run()
Wed, 12 Feb 2025 16:45:34 -0500 [2600:1006:b007:5981:b05d:7ad9:dcbf:5599] 500: Undefined variable $entity_num trace: [tmp/3hn69l4qoa804.man4oes5p0l2.php:176]
Wed, 12 Feb 2025 16:45:34 -0500 [2600:1006:b007:5981:b05d:7ad9:dcbf:5599] [tmp/3hn69l4qoa804.man4oes5p0l2.php:176] Base->{closure}()
Wed, 12 Feb 2025 16:45:34 -0500 [2600:1006:b007:5981:b05d:7ad9:dcbf:5599] [lib/base.php:3036] require('/home/u991737198/domains/tas2023.online/public_html/tmp/3hn69l4qoa804.man4oes5p0l2.php')
Wed, 12 Feb 2025 16:45:34 -0500 [2600:1006:b007:5981:b05d:7ad9:dcbf:5599] [lib/base.php:3281] View->sandbox()
Wed, 12 Feb 2025 16:45:34 -0500 [2600:1006:b007:5981:b05d:7ad9:dcbf:5599] [tmp/3hn69l4qoa804.3h31n1yj254w8.php:7] Preview->render()
Wed, 12 Feb 2025 16:45:34 -0500 [2600:1006:b007:5981:b05d:7ad9:dcbf:5599] [lib/base.php:3036] require('/home/u991737198/domains/tas2023.online/public_html/tmp/3hn69l4qoa804.3h31n1yj254w8.php')
Wed, 12 Feb 2025 16:45:34 -0500 [2600:1006:b007:5981:b05d:7ad9:dcbf:5599] [lib/base.php:3281] View->sandbox()
Wed, 12 Feb 2025 16:45:34 -0500 [2600:1006:b007:5981:b05d:7ad9:dcbf:5599] [app/controllers/Controller.php:87] Preview->render()
Wed, 12 Feb 2025 16:45:34 -0500 [2600:1006:b007:5981:b05d:7ad9:dcbf:5599] [lib/base.php:2078] Controller->afterroute()
Wed, 12 Feb 2025 16:45:34 -0500 [2600:1006:b007:5981:b05d:7ad9:dcbf:5599] [lib/base.php:1871] Base->call()
Wed, 12 Feb 2025 16:45:34 -0500 [2600:1006:b007:5981:b05d:7ad9:dcbf:5599] [index.php:19] Base->run()
Wed, 12 Feb 2025 16:46:32 -0500 [2600:1006:b007:5981:b05d:7ad9:dcbf:5599] 500: Undefined variable $entity_num trace: [tmp/3hn69l4qoa804.man4oes5p0l2.php:177]
Wed, 12 Feb 2025 16:46:32 -0500 [2600:1006:b007:5981:b05d:7ad9:dcbf:5599] [tmp/3hn69l4qoa804.man4oes5p0l2.php:177] Base->{closure}()
Wed, 12 Feb 2025 16:46:32 -0500 [2600:1006:b007:5981:b05d:7ad9:dcbf:5599] [lib/base.php:3036] require('/home/u991737198/domains/tas2023.online/public_html/tmp/3hn69l4qoa804.man4oes5p0l2.php')
Wed, 12 Feb 2025 16:46:32 -0500 [2600:1006:b007:5981:b05d:7ad9:dcbf:5599] [lib/base.php:3281] View->sandbox()
Wed, 12 Feb 2025 16:46:32 -0500 [2600:1006:b007:5981:b05d:7ad9:dcbf:5599] [tmp/3hn69l4qoa804.3h31n1yj254w8.php:7] Preview->render()
Wed, 12 Feb 2025 16:46:32 -0500 [2600:1006:b007:5981:b05d:7ad9:dcbf:5599] [lib/base.php:3036] require('/home/u991737198/domains/tas2023.online/public_html/tmp/3hn69l4qoa804.3h31n1yj254w8.php')
Wed, 12 Feb 2025 16:46:32 -0500 [2600:1006:b007:5981:b05d:7ad9:dcbf:5599] [lib/base.php:3281] View->sandbox()
Wed, 12 Feb 2025 16:46:32 -0500 [2600:1006:b007:5981:b05d:7ad9:dcbf:5599] [app/controllers/Controller.php:87] Preview->render()
Wed, 12 Feb 2025 16:46:32 -0500 [2600:1006:b007:5981:b05d:7ad9:dcbf:5599] [lib/base.php:2078] Controller->afterroute()
Wed, 12 Feb 2025 16:46:32 -0500 [2600:1006:b007:5981:b05d:7ad9:dcbf:5599] [lib/base.php:1871] Base->call()
Wed, 12 Feb 2025 16:46:32 -0500 [2600:1006:b007:5981:b05d:7ad9:dcbf:5599] [index.php:19] Base->run()
Wed, 12 Feb 2025 16:47:56 -0500 [2600:1006:b007:5981:b05d:7ad9:dcbf:5599] 500: Undefined variable $entity_num trace: [tmp/3hn69l4qoa804.man4oes5p0l2.php:177]
Wed, 12 Feb 2025 16:47:56 -0500 [2600:1006:b007:5981:b05d:7ad9:dcbf:5599] [tmp/3hn69l4qoa804.man4oes5p0l2.php:177] Base->{closure}()
Wed, 12 Feb 2025 16:47:56 -0500 [2600:1006:b007:5981:b05d:7ad9:dcbf:5599] [lib/base.php:3036] require('/home/u991737198/domains/tas2023.online/public_html/tmp/3hn69l4qoa804.man4oes5p0l2.php')
Wed, 12 Feb 2025 16:47:56 -0500 [2600:1006:b007:5981:b05d:7ad9:dcbf:5599] [lib/base.php:3281] View->sandbox()
Wed, 12 Feb 2025 16:47:56 -0500 [2600:1006:b007:5981:b05d:7ad9:dcbf:5599] [tmp/3hn69l4qoa804.3h31n1yj254w8.php:7] Preview->render()
Wed, 12 Feb 2025 16:47:56 -0500 [2600:1006:b007:5981:b05d:7ad9:dcbf:5599] [lib/base.php:3036] require('/home/u991737198/domains/tas2023.online/public_html/tmp/3hn69l4qoa804.3h31n1yj254w8.php')
Wed, 12 Feb 2025 16:47:56 -0500 [2600:1006:b007:5981:b05d:7ad9:dcbf:5599] [lib/base.php:3281] View->sandbox()
Wed, 12 Feb 2025 16:47:56 -0500 [2600:1006:b007:5981:b05d:7ad9:dcbf:5599] [app/controllers/Controller.php:87] Preview->render()
Wed, 12 Feb 2025 16:47:56 -0500 [2600:1006:b007:5981:b05d:7ad9:dcbf:5599] [lib/base.php:2078] Controller->afterroute()
Wed, 12 Feb 2025 16:47:56 -0500 [2600:1006:b007:5981:b05d:7ad9:dcbf:5599] [lib/base.php:1871] Base->call()
Wed, 12 Feb 2025 16:47:56 -0500 [2600:1006:b007:5981:b05d:7ad9:dcbf:5599] [index.php:19] Base->run()
Wed, 12 Feb 2025 16:48:04 -0500 [2600:1006:b007:5981:b05d:7ad9:dcbf:5599] 500: Undefined variable $fechapicker trace: [/home/u991737198/domains/tas2023.online/public_html/tmp/3hn69l4qoa804.22phmm30e0u84.php:334]
Wed, 12 Feb 2025 16:48:04 -0500 [2600:1006:b007:5981:b05d:7ad9:dcbf:5599] [/home/u991737198/domains/tas2023.online/public_html/tmp/3hn69l4qoa804.22phmm30e0u84.php:334] Base->{closure}()
Wed, 12 Feb 2025 16:48:04 -0500 [2600:1006:b007:5981:b05d:7ad9:dcbf:5599] [/home/u991737198/domains/tas2023.online/public_html/lib/base.php:3036] require('/home/u991737198/domains/tas2023.online/public_html/tmp/3hn69l4qoa804.22phmm30e0u84.php')
Wed, 12 Feb 2025 16:48:04 -0500 [2600:1006:b007:5981:b05d:7ad9:dcbf:5599] [/home/u991737198/domains/tas2023.online/public_html/lib/base.php:3281] View->sandbox()
Wed, 12 Feb 2025 16:48:04 -0500 [2600:1006:b007:5981:b05d:7ad9:dcbf:5599] [/home/u991737198/domains/tas2023.online/public_html/tmp/3hn69l4qoa804.3h31n1yj254w8.php:7] Preview->render()
Wed, 12 Feb 2025 16:48:04 -0500 [2600:1006:b007:5981:b05d:7ad9:dcbf:5599] [/home/u991737198/domains/tas2023.online/public_html/lib/base.php:3036] require('/home/u991737198/domains/tas2023.online/public_html/tmp/3hn69l4qoa804.3h31n1yj254w8.php')
Wed, 12 Feb 2025 16:48:04 -0500 [2600:1006:b007:5981:b05d:7ad9:dcbf:5599] [/home/u991737198/domains/tas2023.online/public_html/lib/base.php:3281] View->sandbox()
Wed, 12 Feb 2025 16:48:04 -0500 [2600:1006:b007:5981:b05d:7ad9:dcbf:5599] [/home/u991737198/domains/tas2023.online/public_html/app/controllers/Controller.php:87] Preview->render()
Wed, 12 Feb 2025 16:48:04 -0500 [2600:1006:b007:5981:b05d:7ad9:dcbf:5599] [/home/u991737198/domains/tas2023.online/public_html/lib/base.php:2078] Controller->afterroute()
Wed, 12 Feb 2025 16:48:04 -0500 [2600:1006:b007:5981:b05d:7ad9:dcbf:5599] [/home/u991737198/domains/tas2023.online/public_html/lib/base.php:1871] Base->call()
Wed, 12 Feb 2025 16:48:04 -0500 [2600:1006:b007:5981:b05d:7ad9:dcbf:5599] [/home/u991737198/domains/tas2023.online/public_html/index.php:19] Base->run()
Wed, 12 Feb 2025 16:49:11 -0500 [2600:1006:b007:5981:b05d:7ad9:dcbf:5599] 500: Undefined variable $fechapicker trace: [/home/u991737198/domains/tas2023.online/public_html/tmp/3hn69l4qoa804.22phmm30e0u84.php:334]
Wed, 12 Feb 2025 16:49:11 -0500 [2600:1006:b007:5981:b05d:7ad9:dcbf:5599] [/home/u991737198/domains/tas2023.online/public_html/tmp/3hn69l4qoa804.22phmm30e0u84.php:334] Base->{closure}()
Wed, 12 Feb 2025 16:49:11 -0500 [2600:1006:b007:5981:b05d:7ad9:dcbf:5599] [/home/u991737198/domains/tas2023.online/public_html/lib/base.php:3036] require('/home/u991737198/domains/tas2023.online/public_html/tmp/3hn69l4qoa804.22phmm30e0u84.php')
Wed, 12 Feb 2025 16:49:11 -0500 [2600:1006:b007:5981:b05d:7ad9:dcbf:5599] [/home/u991737198/domains/tas2023.online/public_html/lib/base.php:3281] View->sandbox()
Wed, 12 Feb 2025 16:49:11 -0500 [2600:1006:b007:5981:b05d:7ad9:dcbf:5599] [/home/u991737198/domains/tas2023.online/public_html/tmp/3hn69l4qoa804.3h31n1yj254w8.php:7] Preview->render()
Wed, 12 Feb 2025 16:49:11 -0500 [2600:1006:b007:5981:b05d:7ad9:dcbf:5599] [/home/u991737198/domains/tas2023.online/public_html/lib/base.php:3036] require('/home/u991737198/domains/tas2023.online/public_html/tmp/3hn69l4qoa804.3h31n1yj254w8.php')
Wed, 12 Feb 2025 16:49:11 -0500 [2600:1006:b007:5981:b05d:7ad9:dcbf:5599] [/home/u991737198/domains/tas2023.online/public_html/lib/base.php:3281] View->sandbox()
Wed, 12 Feb 2025 16:49:11 -0500 [2600:1006:b007:5981:b05d:7ad9:dcbf:5599] [/home/u991737198/domains/tas2023.online/public_html/app/controllers/Controller.php:87] Preview->render()
Wed, 12 Feb 2025 16:49:11 -0500 [2600:1006:b007:5981:b05d:7ad9:dcbf:5599] [/home/u991737198/domains/tas2023.online/public_html/lib/base.php:2078] Controller->afterroute()
Wed, 12 Feb 2025 16:49:11 -0500 [2600:1006:b007:5981:b05d:7ad9:dcbf:5599] [/home/u991737198/domains/tas2023.online/public_html/lib/base.php:1871] Base->call()
Wed, 12 Feb 2025 16:49:11 -0500 [2600:1006:b007:5981:b05d:7ad9:dcbf:5599] [/home/u991737198/domains/tas2023.online/public_html/index.php:19] Base->run()
Wed, 12 Feb 2025 16:49:29 -0500 [2600:1006:b007:5981:b05d:7ad9:dcbf:5599] 500: Undefined variable $fechapicker trace: [/home/u991737198/domains/tas2023.online/public_html/tmp/3hn69l4qoa804.22phmm30e0u84.php:334]
Wed, 12 Feb 2025 16:49:29 -0500 [2600:1006:b007:5981:b05d:7ad9:dcbf:5599] [/home/u991737198/domains/tas2023.online/public_html/tmp/3hn69l4qoa804.22phmm30e0u84.php:334] Base->{closure}()
Wed, 12 Feb 2025 16:49:29 -0500 [2600:1006:b007:5981:b05d:7ad9:dcbf:5599] [/home/u991737198/domains/tas2023.online/public_html/lib/base.php:3036] require('/home/u991737198/domains/tas2023.online/public_html/tmp/3hn69l4qoa804.22phmm30e0u84.php')
Wed, 12 Feb 2025 16:49:29 -0500 [2600:1006:b007:5981:b05d:7ad9:dcbf:5599] [/home/u991737198/domains/tas2023.online/public_html/lib/base.php:3281] View->sandbox()
Wed, 12 Feb 2025 16:49:29 -0500 [2600:1006:b007:5981:b05d:7ad9:dcbf:5599] [/home/u991737198/domains/tas2023.online/public_html/tmp/3hn69l4qoa804.3h31n1yj254w8.php:7] Preview->render()
Wed, 12 Feb 2025 16:49:29 -0500 [2600:1006:b007:5981:b05d:7ad9:dcbf:5599] [/home/u991737198/domains/tas2023.online/public_html/lib/base.php:3036] require('/home/u991737198/domains/tas2023.online/public_html/tmp/3hn69l4qoa804.3h31n1yj254w8.php')
Wed, 12 Feb 2025 16:49:29 -0500 [2600:1006:b007:5981:b05d:7ad9:dcbf:5599] [/home/u991737198/domains/tas2023.online/public_html/lib/base.php:3281] View->sandbox()
Wed, 12 Feb 2025 16:49:29 -0500 [2600:1006:b007:5981:b05d:7ad9:dcbf:5599] [/home/u991737198/domains/tas2023.online/public_html/app/controllers/Controller.php:87] Preview->render()
Wed, 12 Feb 2025 16:49:29 -0500 [2600:1006:b007:5981:b05d:7ad9:dcbf:5599] [/home/u991737198/domains/tas2023.online/public_html/lib/base.php:2078] Controller->afterroute()
Wed, 12 Feb 2025 16:49:29 -0500 [2600:1006:b007:5981:b05d:7ad9:dcbf:5599] [/home/u991737198/domains/tas2023.online/public_html/lib/base.php:1871] Base->call()
Wed, 12 Feb 2025 16:49:29 -0500 [2600:1006:b007:5981:b05d:7ad9:dcbf:5599] [/home/u991737198/domains/tas2023.online/public_html/index.php:19] Base->run()
Wed, 12 Feb 2025 16:50:34 -0500 [2600:1006:b007:5981:b05d:7ad9:dcbf:5599] 500: Undefined variable $fechapicker trace: [/home/u991737198/domains/tas2023.online/public_html/tmp/3hn69l4qoa804.22phmm30e0u84.php:334]
Wed, 12 Feb 2025 16:50:34 -0500 [2600:1006:b007:5981:b05d:7ad9:dcbf:5599] [/home/u991737198/domains/tas2023.online/public_html/tmp/3hn69l4qoa804.22phmm30e0u84.php:334] Base->{closure}()
Wed, 12 Feb 2025 16:50:34 -0500 [2600:1006:b007:5981:b05d:7ad9:dcbf:5599] [/home/u991737198/domains/tas2023.online/public_html/lib/base.php:3036] require('/home/u991737198/domains/tas2023.online/public_html/tmp/3hn69l4qoa804.22phmm30e0u84.php')
Wed, 12 Feb 2025 16:50:34 -0500 [2600:1006:b007:5981:b05d:7ad9:dcbf:5599] [/home/u991737198/domains/tas2023.online/public_html/lib/base.php:3281] View->sandbox()
Wed, 12 Feb 2025 16:50:34 -0500 [2600:1006:b007:5981:b05d:7ad9:dcbf:5599] [/home/u991737198/domains/tas2023.online/public_html/tmp/3hn69l4qoa804.3h31n1yj254w8.php:7] Preview->render()
Wed, 12 Feb 2025 16:50:34 -0500 [2600:1006:b007:5981:b05d:7ad9:dcbf:5599] [/home/u991737198/domains/tas2023.online/public_html/lib/base.php:3036] require('/home/u991737198/domains/tas2023.online/public_html/tmp/3hn69l4qoa804.3h31n1yj254w8.php')
Wed, 12 Feb 2025 16:50:34 -0500 [2600:1006:b007:5981:b05d:7ad9:dcbf:5599] [/home/u991737198/domains/tas2023.online/public_html/lib/base.php:3281] View->sandbox()
Wed, 12 Feb 2025 16:50:34 -0500 [2600:1006:b007:5981:b05d:7ad9:dcbf:5599] [/home/u991737198/domains/tas2023.online/public_html/app/controllers/Controller.php:87] Preview->render()
Wed, 12 Feb 2025 16:50:34 -0500 [2600:1006:b007:5981:b05d:7ad9:dcbf:5599] [/home/u991737198/domains/tas2023.online/public_html/lib/base.php:2078] Controller->afterroute()
Wed, 12 Feb 2025 16:50:34 -0500 [2600:1006:b007:5981:b05d:7ad9:dcbf:5599] [/home/u991737198/domains/tas2023.online/public_html/lib/base.php:1871] Base->call()
Wed, 12 Feb 2025 16:50:34 -0500 [2600:1006:b007:5981:b05d:7ad9:dcbf:5599] [/home/u991737198/domains/tas2023.online/public_html/index.php:19] Base->run()
Wed, 12 Feb 2025 17:48:33 -0500 [2600:1006:b007:5981:b05d:7ad9:dcbf:5599] 500: Undefined variable $entity_num trace: [tmp/3hn69l4qoa804.1zo7dt0fljr4w.php:200]
Wed, 12 Feb 2025 17:48:33 -0500 [2600:1006:b007:5981:b05d:7ad9:dcbf:5599] [tmp/3hn69l4qoa804.1zo7dt0fljr4w.php:200] Base->{closure}()
Wed, 12 Feb 2025 17:48:33 -0500 [2600:1006:b007:5981:b05d:7ad9:dcbf:5599] [lib/base.php:3036] require('/home/u991737198/domains/tas2023.online/public_html/tmp/3hn69l4qoa804.1zo7dt0fljr4w.php')
Wed, 12 Feb 2025 17:48:33 -0500 [2600:1006:b007:5981:b05d:7ad9:dcbf:5599] [lib/base.php:3281] View->sandbox()
Wed, 12 Feb 2025 17:48:33 -0500 [2600:1006:b007:5981:b05d:7ad9:dcbf:5599] [tmp/3hn69l4qoa804.3h31n1yj254w8.php:7] Preview->render()
Wed, 12 Feb 2025 17:48:33 -0500 [2600:1006:b007:5981:b05d:7ad9:dcbf:5599] [lib/base.php:3036] require('/home/u991737198/domains/tas2023.online/public_html/tmp/3hn69l4qoa804.3h31n1yj254w8.php')
Wed, 12 Feb 2025 17:48:33 -0500 [2600:1006:b007:5981:b05d:7ad9:dcbf:5599] [lib/base.php:3281] View->sandbox()
Wed, 12 Feb 2025 17:48:33 -0500 [2600:1006:b007:5981:b05d:7ad9:dcbf:5599] [app/controllers/Controller.php:87] Preview->render()
Wed, 12 Feb 2025 17:48:33 -0500 [2600:1006:b007:5981:b05d:7ad9:dcbf:5599] [lib/base.php:2078] Controller->afterroute()
Wed, 12 Feb 2025 17:48:33 -0500 [2600:1006:b007:5981:b05d:7ad9:dcbf:5599] [lib/base.php:1871] Base->call()
Wed, 12 Feb 2025 17:48:33 -0500 [2600:1006:b007:5981:b05d:7ad9:dcbf:5599] [index.php:19] Base->run()
Wed, 12 Feb 2025 17:48:39 -0500 [2600:1006:b007:5981:b05d:7ad9:dcbf:5599] 500: Undefined variable $entity_num trace: [tmp/3hn69l4qoa804.1zo7dt0fljr4w.php:200]
Wed, 12 Feb 2025 17:48:39 -0500 [2600:1006:b007:5981:b05d:7ad9:dcbf:5599] [tmp/3hn69l4qoa804.1zo7dt0fljr4w.php:200] Base->{closure}()
Wed, 12 Feb 2025 17:48:39 -0500 [2600:1006:b007:5981:b05d:7ad9:dcbf:5599] [lib/base.php:3036] require('/home/u991737198/domains/tas2023.online/public_html/tmp/3hn69l4qoa804.1zo7dt0fljr4w.php')
Wed, 12 Feb 2025 17:48:39 -0500 [2600:1006:b007:5981:b05d:7ad9:dcbf:5599] [lib/base.php:3281] View->sandbox()
Wed, 12 Feb 2025 17:48:39 -0500 [2600:1006:b007:5981:b05d:7ad9:dcbf:5599] [tmp/3hn69l4qoa804.3h31n1yj254w8.php:7] Preview->render()
Wed, 12 Feb 2025 17:48:39 -0500 [2600:1006:b007:5981:b05d:7ad9:dcbf:5599] [lib/base.php:3036] require('/home/u991737198/domains/tas2023.online/public_html/tmp/3hn69l4qoa804.3h31n1yj254w8.php')
Wed, 12 Feb 2025 17:48:39 -0500 [2600:1006:b007:5981:b05d:7ad9:dcbf:5599] [lib/base.php:3281] View->sandbox()
Wed, 12 Feb 2025 17:48:39 -0500 [2600:1006:b007:5981:b05d:7ad9:dcbf:5599] [app/controllers/Controller.php:87] Preview->render()
Wed, 12 Feb 2025 17:48:39 -0500 [2600:1006:b007:5981:b05d:7ad9:dcbf:5599] [lib/base.php:2078] Controller->afterroute()
Wed, 12 Feb 2025 17:48:39 -0500 [2600:1006:b007:5981:b05d:7ad9:dcbf:5599] [lib/base.php:1871] Base->call()
Wed, 12 Feb 2025 17:48:39 -0500 [2600:1006:b007:5981:b05d:7ad9:dcbf:5599] [index.php:19] Base->run()
Wed, 12 Feb 2025 17:49:12 -0500 [2600:1006:b007:5981:b05d:7ad9:dcbf:5599] 500: Undefined variable $entity_num trace: [tmp/3hn69l4qoa804.1zo7dt0fljr4w.php:200]
Wed, 12 Feb 2025 17:49:12 -0500 [2600:1006:b007:5981:b05d:7ad9:dcbf:5599] [tmp/3hn69l4qoa804.1zo7dt0fljr4w.php:200] Base->{closure}()
Wed, 12 Feb 2025 17:49:12 -0500 [2600:1006:b007:5981:b05d:7ad9:dcbf:5599] [lib/base.php:3036] require('/home/u991737198/domains/tas2023.online/public_html/tmp/3hn69l4qoa804.1zo7dt0fljr4w.php')
Wed, 12 Feb 2025 17:49:12 -0500 [2600:1006:b007:5981:b05d:7ad9:dcbf:5599] [lib/base.php:3281] View->sandbox()
Wed, 12 Feb 2025 17:49:12 -0500 [2600:1006:b007:5981:b05d:7ad9:dcbf:5599] [tmp/3hn69l4qoa804.3h31n1yj254w8.php:7] Preview->render()
Wed, 12 Feb 2025 17:49:12 -0500 [2600:1006:b007:5981:b05d:7ad9:dcbf:5599] [lib/base.php:3036] require('/home/u991737198/domains/tas2023.online/public_html/tmp/3hn69l4qoa804.3h31n1yj254w8.php')
Wed, 12 Feb 2025 17:49:12 -0500 [2600:1006:b007:5981:b05d:7ad9:dcbf:5599] [lib/base.php:3281] View->sandbox()
Wed, 12 Feb 2025 17:49:12 -0500 [2600:1006:b007:5981:b05d:7ad9:dcbf:5599] [app/controllers/Controller.php:87] Preview->render()
Wed, 12 Feb 2025 17:49:12 -0500 [2600:1006:b007:5981:b05d:7ad9:dcbf:5599] [lib/base.php:2078] Controller->afterroute()
Wed, 12 Feb 2025 17:49:12 -0500 [2600:1006:b007:5981:b05d:7ad9:dcbf:5599] [lib/base.php:1871] Base->call()
Wed, 12 Feb 2025 17:49:12 -0500 [2600:1006:b007:5981:b05d:7ad9:dcbf:5599] [index.php:19] Base->run()
Wed, 12 Feb 2025 17:49:22 -0500 [2600:1006:b007:5981:b05d:7ad9:dcbf:5599] 500: Undefined variable $entity_num trace: [tmp/3hn69l4qoa804.1zo7dt0fljr4w.php:200]
Wed, 12 Feb 2025 17:49:22 -0500 [2600:1006:b007:5981:b05d:7ad9:dcbf:5599] [tmp/3hn69l4qoa804.1zo7dt0fljr4w.php:200] Base->{closure}()
Wed, 12 Feb 2025 17:49:22 -0500 [2600:1006:b007:5981:b05d:7ad9:dcbf:5599] [lib/base.php:3036] require('/home/u991737198/domains/tas2023.online/public_html/tmp/3hn69l4qoa804.1zo7dt0fljr4w.php')
Wed, 12 Feb 2025 17:49:22 -0500 [2600:1006:b007:5981:b05d:7ad9:dcbf:5599] [lib/base.php:3281] View->sandbox()
Wed, 12 Feb 2025 17:49:22 -0500 [2600:1006:b007:5981:b05d:7ad9:dcbf:5599] [tmp/3hn69l4qoa804.3h31n1yj254w8.php:7] Preview->render()
Wed, 12 Feb 2025 17:49:22 -0500 [2600:1006:b007:5981:b05d:7ad9:dcbf:5599] [lib/base.php:3036] require('/home/u991737198/domains/tas2023.online/public_html/tmp/3hn69l4qoa804.3h31n1yj254w8.php')
Wed, 12 Feb 2025 17:49:22 -0500 [2600:1006:b007:5981:b05d:7ad9:dcbf:5599] [lib/base.php:3281] View->sandbox()
Wed, 12 Feb 2025 17:49:22 -0500 [2600:1006:b007:5981:b05d:7ad9:dcbf:5599] [app/controllers/Controller.php:87] Preview->render()
Wed, 12 Feb 2025 17:49:22 -0500 [2600:1006:b007:5981:b05d:7ad9:dcbf:5599] [lib/base.php:2078] Controller->afterroute()
Wed, 12 Feb 2025 17:49:22 -0500 [2600:1006:b007:5981:b05d:7ad9:dcbf:5599] [lib/base.php:1871] Base->call()
Wed, 12 Feb 2025 17:49:22 -0500 [2600:1006:b007:5981:b05d:7ad9:dcbf:5599] [index.php:19] Base->run()
Wed, 12 Feb 2025 17:49:26 -0500 [2600:1006:b007:5981:b05d:7ad9:dcbf:5599] 500: Undefined variable $entity_num trace: [tmp/3hn69l4qoa804.man4oes5p0l2.php:177]
Wed, 12 Feb 2025 17:49:26 -0500 [2600:1006:b007:5981:b05d:7ad9:dcbf:5599] [tmp/3hn69l4qoa804.man4oes5p0l2.php:177] Base->{closure}()
Wed, 12 Feb 2025 17:49:26 -0500 [2600:1006:b007:5981:b05d:7ad9:dcbf:5599] [lib/base.php:3036] require('/home/u991737198/domains/tas2023.online/public_html/tmp/3hn69l4qoa804.man4oes5p0l2.php')
Wed, 12 Feb 2025 17:49:26 -0500 [2600:1006:b007:5981:b05d:7ad9:dcbf:5599] [lib/base.php:3281] View->sandbox()
Wed, 12 Feb 2025 17:49:26 -0500 [2600:1006:b007:5981:b05d:7ad9:dcbf:5599] [tmp/3hn69l4qoa804.3h31n1yj254w8.php:7] Preview->render()
Wed, 12 Feb 2025 17:49:26 -0500 [2600:1006:b007:5981:b05d:7ad9:dcbf:5599] [lib/base.php:3036] require('/home/u991737198/domains/tas2023.online/public_html/tmp/3hn69l4qoa804.3h31n1yj254w8.php')
Wed, 12 Feb 2025 17:49:26 -0500 [2600:1006:b007:5981:b05d:7ad9:dcbf:5599] [lib/base.php:3281] View->sandbox()
Wed, 12 Feb 2025 17:49:26 -0500 [2600:1006:b007:5981:b05d:7ad9:dcbf:5599] [app/controllers/Controller.php:87] Preview->render()
Wed, 12 Feb 2025 17:49:26 -0500 [2600:1006:b007:5981:b05d:7ad9:dcbf:5599] [lib/base.php:2078] Controller->afterroute()
Wed, 12 Feb 2025 17:49:26 -0500 [2600:1006:b007:5981:b05d:7ad9:dcbf:5599] [lib/base.php:1871] Base->call()
Wed, 12 Feb 2025 17:49:26 -0500 [2600:1006:b007:5981:b05d:7ad9:dcbf:5599] [index.php:19] Base->run()
Wed, 12 Feb 2025 17:49:34 -0500 [2600:1006:b007:5981:b05d:7ad9:dcbf:5599] 500: Undefined variable $selected_note trace: [/home/u991737198/domains/tas2023.online/public_html/tmp/3hn69l4qoa804.3g8shy2588w00.php:400]
Wed, 12 Feb 2025 17:49:34 -0500 [2600:1006:b007:5981:b05d:7ad9:dcbf:5599] [/home/u991737198/domains/tas2023.online/public_html/tmp/3hn69l4qoa804.3g8shy2588w00.php:400] Base->{closure}()
Wed, 12 Feb 2025 17:49:34 -0500 [2600:1006:b007:5981:b05d:7ad9:dcbf:5599] [/home/u991737198/domains/tas2023.online/public_html/lib/base.php:3036] require('/home/u991737198/domains/tas2023.online/public_html/tmp/3hn69l4qoa804.3g8shy2588w00.php')
Wed, 12 Feb 2025 17:49:34 -0500 [2600:1006:b007:5981:b05d:7ad9:dcbf:5599] [/home/u991737198/domains/tas2023.online/public_html/lib/base.php:3281] View->sandbox()
Wed, 12 Feb 2025 17:49:34 -0500 [2600:1006:b007:5981:b05d:7ad9:dcbf:5599] [/home/u991737198/domains/tas2023.online/public_html/tmp/3hn69l4qoa804.3h31n1yj254w8.php:7] Preview->render()
Wed, 12 Feb 2025 17:49:34 -0500 [2600:1006:b007:5981:b05d:7ad9:dcbf:5599] [/home/u991737198/domains/tas2023.online/public_html/lib/base.php:3036] require('/home/u991737198/domains/tas2023.online/public_html/tmp/3hn69l4qoa804.3h31n1yj254w8.php')
Wed, 12 Feb 2025 17:49:34 -0500 [2600:1006:b007:5981:b05d:7ad9:dcbf:5599] [/home/u991737198/domains/tas2023.online/public_html/lib/base.php:3281] View->sandbox()
Wed, 12 Feb 2025 17:49:34 -0500 [2600:1006:b007:5981:b05d:7ad9:dcbf:5599] [/home/u991737198/domains/tas2023.online/public_html/app/controllers/Controller.php:87] Preview->render()
Wed, 12 Feb 2025 17:49:34 -0500 [2600:1006:b007:5981:b05d:7ad9:dcbf:5599] [/home/u991737198/domains/tas2023.online/public_html/lib/base.php:2078] Controller->afterroute()
Wed, 12 Feb 2025 17:49:34 -0500 [2600:1006:b007:5981:b05d:7ad9:dcbf:5599] [/home/u991737198/domains/tas2023.online/public_html/lib/base.php:1871] Base->call()
Wed, 12 Feb 2025 17:49:34 -0500 [2600:1006:b007:5981:b05d:7ad9:dcbf:5599] [/home/u991737198/domains/tas2023.online/public_html/index.php:19] Base->run()
Wed, 12 Feb 2025 17:50:20 -0500 [2600:1006:b007:5981:b05d:7ad9:dcbf:5599] 500: Undefined variable $fechapicker trace: [/home/u991737198/domains/tas2023.online/public_html/tmp/3hn69l4qoa804.22phmm30e0u84.php:334]
Wed, 12 Feb 2025 17:50:20 -0500 [2600:1006:b007:5981:b05d:7ad9:dcbf:5599] [/home/u991737198/domains/tas2023.online/public_html/tmp/3hn69l4qoa804.22phmm30e0u84.php:334] Base->{closure}()
Wed, 12 Feb 2025 17:50:20 -0500 [2600:1006:b007:5981:b05d:7ad9:dcbf:5599] [/home/u991737198/domains/tas2023.online/public_html/lib/base.php:3036] require('/home/u991737198/domains/tas2023.online/public_html/tmp/3hn69l4qoa804.22phmm30e0u84.php')
Wed, 12 Feb 2025 17:50:20 -0500 [2600:1006:b007:5981:b05d:7ad9:dcbf:5599] [/home/u991737198/domains/tas2023.online/public_html/lib/base.php:3281] View->sandbox()
Wed, 12 Feb 2025 17:50:20 -0500 [2600:1006:b007:5981:b05d:7ad9:dcbf:5599] [/home/u991737198/domains/tas2023.online/public_html/tmp/3hn69l4qoa804.3h31n1yj254w8.php:7] Preview->render()
Wed, 12 Feb 2025 17:50:20 -0500 [2600:1006:b007:5981:b05d:7ad9:dcbf:5599] [/home/u991737198/domains/tas2023.online/public_html/lib/base.php:3036] require('/home/u991737198/domains/tas2023.online/public_html/tmp/3hn69l4qoa804.3h31n1yj254w8.php')
Wed, 12 Feb 2025 17:50:20 -0500 [2600:1006:b007:5981:b05d:7ad9:dcbf:5599] [/home/u991737198/domains/tas2023.online/public_html/lib/base.php:3281] View->sandbox()
Wed, 12 Feb 2025 17:50:20 -0500 [2600:1006:b007:5981:b05d:7ad9:dcbf:5599] [/home/u991737198/domains/tas2023.online/public_html/app/controllers/Controller.php:87] Preview->render()
Wed, 12 Feb 2025 17:50:20 -0500 [2600:1006:b007:5981:b05d:7ad9:dcbf:5599] [/home/u991737198/domains/tas2023.online/public_html/lib/base.php:2078] Controller->afterroute()
Wed, 12 Feb 2025 17:50:20 -0500 [2600:1006:b007:5981:b05d:7ad9:dcbf:5599] [/home/u991737198/domains/tas2023.online/public_html/lib/base.php:1871] Base->call()
Wed, 12 Feb 2025 17:50:20 -0500 [2600:1006:b007:5981:b05d:7ad9:dcbf:5599] [/home/u991737198/domains/tas2023.online/public_html/index.php:19] Base->run()
Wed, 12 Feb 2025 17:50:23 -0500 [2600:1006:b007:5981:b05d:7ad9:dcbf:5599] 500: Undefined variable $fechapicker trace: [/home/u991737198/domains/tas2023.online/public_html/tmp/3hn69l4qoa804.22phmm30e0u84.php:334]
Wed, 12 Feb 2025 17:50:23 -0500 [2600:1006:b007:5981:b05d:7ad9:dcbf:5599] [/home/u991737198/domains/tas2023.online/public_html/tmp/3hn69l4qoa804.22phmm30e0u84.php:334] Base->{closure}()
Wed, 12 Feb 2025 17:50:23 -0500 [2600:1006:b007:5981:b05d:7ad9:dcbf:5599] [/home/u991737198/domains/tas2023.online/public_html/lib/base.php:3036] require('/home/u991737198/domains/tas2023.online/public_html/tmp/3hn69l4qoa804.22phmm30e0u84.php')
Wed, 12 Feb 2025 17:50:23 -0500 [2600:1006:b007:5981:b05d:7ad9:dcbf:5599] [/home/u991737198/domains/tas2023.online/public_html/lib/base.php:3281] View->sandbox()
Wed, 12 Feb 2025 17:50:23 -0500 [2600:1006:b007:5981:b05d:7ad9:dcbf:5599] [/home/u991737198/domains/tas2023.online/public_html/tmp/3hn69l4qoa804.3h31n1yj254w8.php:7] Preview->render()
Wed, 12 Feb 2025 17:50:23 -0500 [2600:1006:b007:5981:b05d:7ad9:dcbf:5599] [/home/u991737198/domains/tas2023.online/public_html/lib/base.php:3036] require('/home/u991737198/domains/tas2023.online/public_html/tmp/3hn69l4qoa804.3h31n1yj254w8.php')
Wed, 12 Feb 2025 17:50:23 -0500 [2600:1006:b007:5981:b05d:7ad9:dcbf:5599] [/home/u991737198/domains/tas2023.online/public_html/lib/base.php:3281] View->sandbox()
Wed, 12 Feb 2025 17:50:23 -0500 [2600:1006:b007:5981:b05d:7ad9:dcbf:5599] [/home/u991737198/domains/tas2023.online/public_html/app/controllers/Controller.php:87] Preview->render()
Wed, 12 Feb 2025 17:50:23 -0500 [2600:1006:b007:5981:b05d:7ad9:dcbf:5599] [/home/u991737198/domains/tas2023.online/public_html/lib/base.php:2078] Controller->afterroute()
Wed, 12 Feb 2025 17:50:23 -0500 [2600:1006:b007:5981:b05d:7ad9:dcbf:5599] [/home/u991737198/domains/tas2023.online/public_html/lib/base.php:1871] Base->call()
Wed, 12 Feb 2025 17:50:23 -0500 [2600:1006:b007:5981:b05d:7ad9:dcbf:5599] [/home/u991737198/domains/tas2023.online/public_html/index.php:19] Base->run()
Wed, 12 Feb 2025 17:52:48 -0500 [2600:1006:b007:5981:b05d:7ad9:dcbf:5599] 401: HTTP 401 (GET /task/teamProductivity) trace: [/home/u991737198/domains/tas2023.online/public_html/lib/access.php:112] Base->error()
Wed, 12 Feb 2025 17:52:48 -0500 [2600:1006:b007:5981:b05d:7ad9:dcbf:5599] [/home/u991737198/domains/tas2023.online/public_html/app/controllers/Controller.php:78] Access->authorize()
Wed, 12 Feb 2025 17:52:48 -0500 [2600:1006:b007:5981:b05d:7ad9:dcbf:5599] [/home/u991737198/domains/tas2023.online/public_html/lib/base.php:2069] Controller->beforeroute()
Wed, 12 Feb 2025 17:52:48 -0500 [2600:1006:b007:5981:b05d:7ad9:dcbf:5599] [/home/u991737198/domains/tas2023.online/public_html/lib/base.php:1871] Base->call()
Wed, 12 Feb 2025 17:52:48 -0500 [2600:1006:b007:5981:b05d:7ad9:dcbf:5599] [/home/u991737198/domains/tas2023.online/public_html/index.php:19] Base->run()
Wed, 12 Feb 2025 17:55:21 -0500 [2600:1006:b007:5981:b05d:7ad9:dcbf:5599] 401: HTTP 401 (GET /admin/analyze) trace: [lib/access.php:112] Base->error()
Wed, 12 Feb 2025 17:55:21 -0500 [2600:1006:b007:5981:b05d:7ad9:dcbf:5599] [app/controllers/Controller.php:78] Access->authorize()
Wed, 12 Feb 2025 17:55:21 -0500 [2600:1006:b007:5981:b05d:7ad9:dcbf:5599] [lib/base.php:2069] Controller->beforeroute()
Wed, 12 Feb 2025 17:55:21 -0500 [2600:1006:b007:5981:b05d:7ad9:dcbf:5599] [lib/base.php:1871] Base->call()
Wed, 12 Feb 2025 17:55:21 -0500 [2600:1006:b007:5981:b05d:7ad9:dcbf:5599] [index.php:19] Base->run()
