Wed, 05 Feb 2025 00:05:20 -0500 [2603:9000:f801:55e2:d87a:3129:9e75:6f65] 500: Undefined variable $selected_note trace: [/home/u991737198/domains/tas2023.online/public_html/tmp/3hn69l4qoa804.3g8shy2588w00.php:363]
Wed, 05 Feb 2025 00:05:20 -0500 [2603:9000:f801:55e2:d87a:3129:9e75:6f65] [/home/u991737198/domains/tas2023.online/public_html/tmp/3hn69l4qoa804.3g8shy2588w00.php:363] Base->{closure}()
Wed, 05 Feb 2025 00:05:20 -0500 [2603:9000:f801:55e2:d87a:3129:9e75:6f65] [/home/u991737198/domains/tas2023.online/public_html/lib/base.php:3036] require('/home/u991737198/domains/tas2023.online/public_html/tmp/3hn69l4qoa804.3g8shy2588w00.php')
Wed, 05 Feb 2025 00:05:20 -0500 [2603:9000:f801:55e2:d87a:3129:9e75:6f65] [/home/u991737198/domains/tas2023.online/public_html/lib/base.php:3281] View->sandbox()
Wed, 05 Feb 2025 00:05:20 -0500 [2603:9000:f801:55e2:d87a:3129:9e75:6f65] [/home/u991737198/domains/tas2023.online/public_html/tmp/3hn69l4qoa804.3h31n1yj254w8.php:7] Preview->render()
Wed, 05 Feb 2025 00:05:20 -0500 [2603:9000:f801:55e2:d87a:3129:9e75:6f65] [/home/u991737198/domains/tas2023.online/public_html/lib/base.php:3036] require('/home/u991737198/domains/tas2023.online/public_html/tmp/3hn69l4qoa804.3h31n1yj254w8.php')
Wed, 05 Feb 2025 00:05:20 -0500 [2603:9000:f801:55e2:d87a:3129:9e75:6f65] [/home/u991737198/domains/tas2023.online/public_html/lib/base.php:3281] View->sandbox()
Wed, 05 Feb 2025 00:05:20 -0500 [2603:9000:f801:55e2:d87a:3129:9e75:6f65] [/home/u991737198/domains/tas2023.online/public_html/app/controllers/Controller.php:87] Preview->render()
Wed, 05 Feb 2025 00:05:20 -0500 [2603:9000:f801:55e2:d87a:3129:9e75:6f65] [/home/u991737198/domains/tas2023.online/public_html/lib/base.php:2078] Controller->afterroute()
Wed, 05 Feb 2025 00:05:20 -0500 [2603:9000:f801:55e2:d87a:3129:9e75:6f65] [/home/u991737198/domains/tas2023.online/public_html/lib/base.php:1871] Base->call()
Wed, 05 Feb 2025 00:05:20 -0500 [2603:9000:f801:55e2:d87a:3129:9e75:6f65] [/home/u991737198/domains/tas2023.online/public_html/index.php:19] Base->run()
Wed, 05 Feb 2025 09:26:30 -0500 [2603:9000:f801:55e2:ec97:4d6f:831f:752f] 401: HTTP 401 (GET /task/taskDistribution) trace: [/home/u991737198/domains/tas2023.online/public_html/lib/access.php:112] Base->error()
Wed, 05 Feb 2025 09:26:30 -0500 [2603:9000:f801:55e2:ec97:4d6f:831f:752f] 401: HTTP 401 (GET /task/taskData) trace: [/home/u991737198/domains/tas2023.online/public_html/lib/access.php:112] Base->error()
Wed, 05 Feb 2025 09:26:30 -0500 [2603:9000:f801:55e2:ec97:4d6f:831f:752f] [/home/u991737198/domains/tas2023.online/public_html/app/controllers/Controller.php:78] Access->authorize()
Wed, 05 Feb 2025 09:26:30 -0500 [2603:9000:f801:55e2:ec97:4d6f:831f:752f] [/home/u991737198/domains/tas2023.online/public_html/lib/base.php:2069] Controller->beforeroute()
Wed, 05 Feb 2025 09:26:30 -0500 [2603:9000:f801:55e2:ec97:4d6f:831f:752f] [/home/u991737198/domains/tas2023.online/public_html/app/controllers/Controller.php:78] Access->authorize()
Wed, 05 Feb 2025 09:26:30 -0500 [2603:9000:f801:55e2:ec97:4d6f:831f:752f] [/home/u991737198/domains/tas2023.online/public_html/lib/base.php:1871] Base->call()
Wed, 05 Feb 2025 09:26:30 -0500 [2603:9000:f801:55e2:ec97:4d6f:831f:752f] [/home/u991737198/domains/tas2023.online/public_html/lib/base.php:2069] Controller->beforeroute()
Wed, 05 Feb 2025 09:26:30 -0500 [2603:9000:f801:55e2:ec97:4d6f:831f:752f] [/home/u991737198/domains/tas2023.online/public_html/index.php:19] Base->run()
Wed, 05 Feb 2025 09:26:30 -0500 [2603:9000:f801:55e2:ec97:4d6f:831f:752f] [/home/u991737198/domains/tas2023.online/public_html/lib/base.php:1871] Base->call()
Wed, 05 Feb 2025 09:26:30 -0500 [2603:9000:f801:55e2:ec97:4d6f:831f:752f] [/home/u991737198/domains/tas2023.online/public_html/index.php:19] Base->run()
Wed, 05 Feb 2025 09:26:30 -0500 [2603:9000:f801:55e2:ec97:4d6f:831f:752f] 401: HTTP 401 (GET /task/teamProductivity) trace: [/home/u991737198/domains/tas2023.online/public_html/lib/access.php:112] Base->error()
Wed, 05 Feb 2025 09:26:30 -0500 [2603:9000:f801:55e2:ec97:4d6f:831f:752f] [/home/u991737198/domains/tas2023.online/public_html/app/controllers/Controller.php:78] Access->authorize()
Wed, 05 Feb 2025 09:26:30 -0500 [2603:9000:f801:55e2:ec97:4d6f:831f:752f] [/home/u991737198/domains/tas2023.online/public_html/lib/base.php:2069] Controller->beforeroute()
Wed, 05 Feb 2025 09:26:30 -0500 [2603:9000:f801:55e2:ec97:4d6f:831f:752f] [/home/u991737198/domains/tas2023.online/public_html/lib/base.php:1871] Base->call()
Wed, 05 Feb 2025 09:26:30 -0500 [2603:9000:f801:55e2:ec97:4d6f:831f:752f] [/home/u991737198/domains/tas2023.online/public_html/index.php:19] Base->run()
Wed, 05 Feb 2025 09:27:39 -0500 [2603:9000:f801:55e2:ec97:4d6f:831f:752f] 500: Undefined variable $task trace: [/home/u991737198/domains/tas2023.online/public_html/tmp/3hn69l4qoa804.9b9764piwerh.php:216]
Wed, 05 Feb 2025 09:27:39 -0500 [2603:9000:f801:55e2:ec97:4d6f:831f:752f] [/home/u991737198/domains/tas2023.online/public_html/tmp/3hn69l4qoa804.9b9764piwerh.php:216] Base->{closure}()
Wed, 05 Feb 2025 09:27:39 -0500 [2603:9000:f801:55e2:ec97:4d6f:831f:752f] [/home/u991737198/domains/tas2023.online/public_html/lib/base.php:3036] require('/home/u991737198/domains/tas2023.online/public_html/tmp/3hn69l4qoa804.9b9764piwerh.php')
Wed, 05 Feb 2025 09:27:39 -0500 [2603:9000:f801:55e2:ec97:4d6f:831f:752f] [/home/u991737198/domains/tas2023.online/public_html/lib/base.php:3281] View->sandbox()
Wed, 05 Feb 2025 09:27:39 -0500 [2603:9000:f801:55e2:ec97:4d6f:831f:752f] [/home/u991737198/domains/tas2023.online/public_html/tmp/3hn69l4qoa804.3h31n1yj254w8.php:7] Preview->render()
Wed, 05 Feb 2025 09:27:39 -0500 [2603:9000:f801:55e2:ec97:4d6f:831f:752f] [/home/u991737198/domains/tas2023.online/public_html/lib/base.php:3036] require('/home/u991737198/domains/tas2023.online/public_html/tmp/3hn69l4qoa804.3h31n1yj254w8.php')
Wed, 05 Feb 2025 09:27:39 -0500 [2603:9000:f801:55e2:ec97:4d6f:831f:752f] [/home/u991737198/domains/tas2023.online/public_html/lib/base.php:3281] View->sandbox()
Wed, 05 Feb 2025 09:27:39 -0500 [2603:9000:f801:55e2:ec97:4d6f:831f:752f] [/home/u991737198/domains/tas2023.online/public_html/app/controllers/Controller.php:87] Preview->render()
Wed, 05 Feb 2025 09:27:39 -0500 [2603:9000:f801:55e2:ec97:4d6f:831f:752f] [/home/u991737198/domains/tas2023.online/public_html/lib/base.php:2078] Controller->afterroute()
Wed, 05 Feb 2025 09:27:39 -0500 [2603:9000:f801:55e2:ec97:4d6f:831f:752f] [/home/u991737198/domains/tas2023.online/public_html/lib/base.php:1871] Base->call()
Wed, 05 Feb 2025 09:27:39 -0500 [2603:9000:f801:55e2:ec97:4d6f:831f:752f] [/home/u991737198/domains/tas2023.online/public_html/index.php:19] Base->run()
Wed, 05 Feb 2025 11:17:36 -0500 [2603:9000:f801:55e2:ec97:4d6f:831f:752f] 500: Undefined variable $entity_num trace: [tmp/3hn69l4qoa804.1zo7dt0fljr4w.php:200]
Wed, 05 Feb 2025 11:17:36 -0500 [2603:9000:f801:55e2:ec97:4d6f:831f:752f] [tmp/3hn69l4qoa804.1zo7dt0fljr4w.php:200] Base->{closure}()
Wed, 05 Feb 2025 11:17:36 -0500 [2603:9000:f801:55e2:ec97:4d6f:831f:752f] [lib/base.php:3036] require('/home/u991737198/domains/tas2023.online/public_html/tmp/3hn69l4qoa804.1zo7dt0fljr4w.php')
Wed, 05 Feb 2025 11:17:36 -0500 [2603:9000:f801:55e2:ec97:4d6f:831f:752f] [lib/base.php:3281] View->sandbox()
Wed, 05 Feb 2025 11:17:36 -0500 [2603:9000:f801:55e2:ec97:4d6f:831f:752f] [tmp/3hn69l4qoa804.3h31n1yj254w8.php:7] Preview->render()
Wed, 05 Feb 2025 11:17:36 -0500 [2603:9000:f801:55e2:ec97:4d6f:831f:752f] [lib/base.php:3036] require('/home/u991737198/domains/tas2023.online/public_html/tmp/3hn69l4qoa804.3h31n1yj254w8.php')
Wed, 05 Feb 2025 11:17:36 -0500 [2603:9000:f801:55e2:ec97:4d6f:831f:752f] [lib/base.php:3281] View->sandbox()
Wed, 05 Feb 2025 11:17:36 -0500 [2603:9000:f801:55e2:ec97:4d6f:831f:752f] [app/controllers/Controller.php:87] Preview->render()
Wed, 05 Feb 2025 11:17:36 -0500 [2603:9000:f801:55e2:ec97:4d6f:831f:752f] [lib/base.php:2078] Controller->afterroute()
Wed, 05 Feb 2025 11:17:36 -0500 [2603:9000:f801:55e2:ec97:4d6f:831f:752f] [lib/base.php:1871] Base->call()
Wed, 05 Feb 2025 11:17:36 -0500 [2603:9000:f801:55e2:ec97:4d6f:831f:752f] [index.php:19] Base->run()
Wed, 05 Feb 2025 11:18:04 -0500 [2603:9000:f801:55e2:ec97:4d6f:831f:752f] 500: Undefined variable $entity_num trace: [tmp/3hn69l4qoa804.1zo7dt0fljr4w.php:200]
Wed, 05 Feb 2025 11:18:04 -0500 [2603:9000:f801:55e2:ec97:4d6f:831f:752f] [tmp/3hn69l4qoa804.1zo7dt0fljr4w.php:200] Base->{closure}()
Wed, 05 Feb 2025 11:18:04 -0500 [2603:9000:f801:55e2:ec97:4d6f:831f:752f] [lib/base.php:3036] require('/home/u991737198/domains/tas2023.online/public_html/tmp/3hn69l4qoa804.1zo7dt0fljr4w.php')
Wed, 05 Feb 2025 11:18:04 -0500 [2603:9000:f801:55e2:ec97:4d6f:831f:752f] [lib/base.php:3281] View->sandbox()
Wed, 05 Feb 2025 11:18:04 -0500 [2603:9000:f801:55e2:ec97:4d6f:831f:752f] [tmp/3hn69l4qoa804.3h31n1yj254w8.php:7] Preview->render()
Wed, 05 Feb 2025 11:18:04 -0500 [2603:9000:f801:55e2:ec97:4d6f:831f:752f] [lib/base.php:3036] require('/home/u991737198/domains/tas2023.online/public_html/tmp/3hn69l4qoa804.3h31n1yj254w8.php')
Wed, 05 Feb 2025 11:18:04 -0500 [2603:9000:f801:55e2:ec97:4d6f:831f:752f] [lib/base.php:3281] View->sandbox()
Wed, 05 Feb 2025 11:18:04 -0500 [2603:9000:f801:55e2:ec97:4d6f:831f:752f] [app/controllers/Controller.php:87] Preview->render()
Wed, 05 Feb 2025 11:18:04 -0500 [2603:9000:f801:55e2:ec97:4d6f:831f:752f] [lib/base.php:2078] Controller->afterroute()
Wed, 05 Feb 2025 11:18:04 -0500 [2603:9000:f801:55e2:ec97:4d6f:831f:752f] [lib/base.php:1871] Base->call()
Wed, 05 Feb 2025 11:18:04 -0500 [2603:9000:f801:55e2:ec97:4d6f:831f:752f] [index.php:19] Base->run()
Wed, 05 Feb 2025 11:44:10 -0500 [2603:9000:f801:55e2:ec97:4d6f:831f:752f] 500: Undefined variable $entity_num trace: [tmp/3hn69l4qoa804.1zo7dt0fljr4w.php:200]
Wed, 05 Feb 2025 11:44:10 -0500 [2603:9000:f801:55e2:ec97:4d6f:831f:752f] [tmp/3hn69l4qoa804.1zo7dt0fljr4w.php:200] Base->{closure}()
Wed, 05 Feb 2025 11:44:10 -0500 [2603:9000:f801:55e2:ec97:4d6f:831f:752f] [lib/base.php:3036] require('/home/u991737198/domains/tas2023.online/public_html/tmp/3hn69l4qoa804.1zo7dt0fljr4w.php')
Wed, 05 Feb 2025 11:44:10 -0500 [2603:9000:f801:55e2:ec97:4d6f:831f:752f] [lib/base.php:3281] View->sandbox()
Wed, 05 Feb 2025 11:44:10 -0500 [2603:9000:f801:55e2:ec97:4d6f:831f:752f] [tmp/3hn69l4qoa804.3h31n1yj254w8.php:7] Preview->render()
Wed, 05 Feb 2025 11:44:10 -0500 [2603:9000:f801:55e2:ec97:4d6f:831f:752f] [lib/base.php:3036] require('/home/u991737198/domains/tas2023.online/public_html/tmp/3hn69l4qoa804.3h31n1yj254w8.php')
Wed, 05 Feb 2025 11:44:10 -0500 [2603:9000:f801:55e2:ec97:4d6f:831f:752f] [lib/base.php:3281] View->sandbox()
Wed, 05 Feb 2025 11:44:10 -0500 [2603:9000:f801:55e2:ec97:4d6f:831f:752f] [app/controllers/Controller.php:87] Preview->render()
Wed, 05 Feb 2025 11:44:10 -0500 [2603:9000:f801:55e2:ec97:4d6f:831f:752f] [lib/base.php:2078] Controller->afterroute()
Wed, 05 Feb 2025 11:44:10 -0500 [2603:9000:f801:55e2:ec97:4d6f:831f:752f] [lib/base.php:1871] Base->call()
Wed, 05 Feb 2025 11:44:10 -0500 [2603:9000:f801:55e2:ec97:4d6f:831f:752f] [index.php:19] Base->run()
Wed, 05 Feb 2025 11:44:12 -0500 [2603:9000:f801:55e2:ec97:4d6f:831f:752f] 500: Undefined variable $token trace: [tmp/3hn69l4qoa804.2r4f9cgm96ecs.php:226]
Wed, 05 Feb 2025 11:44:12 -0500 [2603:9000:f801:55e2:ec97:4d6f:831f:752f] [tmp/3hn69l4qoa804.2r4f9cgm96ecs.php:226] Base->{closure}()
Wed, 05 Feb 2025 11:44:12 -0500 [2603:9000:f801:55e2:ec97:4d6f:831f:752f] [lib/base.php:3036] require('/home/u991737198/domains/tas2023.online/public_html/tmp/3hn69l4qoa804.2r4f9cgm96ecs.php')
Wed, 05 Feb 2025 11:44:12 -0500 [2603:9000:f801:55e2:ec97:4d6f:831f:752f] [lib/base.php:3281] View->sandbox()
Wed, 05 Feb 2025 11:44:12 -0500 [2603:9000:f801:55e2:ec97:4d6f:831f:752f] [tmp/3hn69l4qoa804.3h31n1yj254w8.php:7] Preview->render()
Wed, 05 Feb 2025 11:44:12 -0500 [2603:9000:f801:55e2:ec97:4d6f:831f:752f] [lib/base.php:3036] require('/home/u991737198/domains/tas2023.online/public_html/tmp/3hn69l4qoa804.3h31n1yj254w8.php')
Wed, 05 Feb 2025 11:44:12 -0500 [2603:9000:f801:55e2:ec97:4d6f:831f:752f] [lib/base.php:3281] View->sandbox()
Wed, 05 Feb 2025 11:44:12 -0500 [2603:9000:f801:55e2:ec97:4d6f:831f:752f] [app/controllers/Controller.php:87] Preview->render()
Wed, 05 Feb 2025 11:44:12 -0500 [2603:9000:f801:55e2:ec97:4d6f:831f:752f] [lib/base.php:2078] Controller->afterroute()
Wed, 05 Feb 2025 11:44:12 -0500 [2603:9000:f801:55e2:ec97:4d6f:831f:752f] [lib/base.php:1871] Base->call()
Wed, 05 Feb 2025 11:44:12 -0500 [2603:9000:f801:55e2:ec97:4d6f:831f:752f] [index.php:19] Base->run()
Wed, 05 Feb 2025 12:02:14 -0500 [2603:9000:f801:55e2:ec97:4d6f:831f:752f] 500: Undefined variable $entity_num trace: [tmp/3hn69l4qoa804.1zo7dt0fljr4w.php:200]
Wed, 05 Feb 2025 12:02:14 -0500 [2603:9000:f801:55e2:ec97:4d6f:831f:752f] [tmp/3hn69l4qoa804.1zo7dt0fljr4w.php:200] Base->{closure}()
Wed, 05 Feb 2025 12:02:14 -0500 [2603:9000:f801:55e2:ec97:4d6f:831f:752f] [lib/base.php:3036] require('/home/u991737198/domains/tas2023.online/public_html/tmp/3hn69l4qoa804.1zo7dt0fljr4w.php')
Wed, 05 Feb 2025 12:02:14 -0500 [2603:9000:f801:55e2:ec97:4d6f:831f:752f] [lib/base.php:3281] View->sandbox()
Wed, 05 Feb 2025 12:02:14 -0500 [2603:9000:f801:55e2:ec97:4d6f:831f:752f] [tmp/3hn69l4qoa804.3h31n1yj254w8.php:7] Preview->render()
Wed, 05 Feb 2025 12:02:14 -0500 [2603:9000:f801:55e2:ec97:4d6f:831f:752f] [lib/base.php:3036] require('/home/u991737198/domains/tas2023.online/public_html/tmp/3hn69l4qoa804.3h31n1yj254w8.php')
Wed, 05 Feb 2025 12:02:14 -0500 [2603:9000:f801:55e2:ec97:4d6f:831f:752f] [lib/base.php:3281] View->sandbox()
Wed, 05 Feb 2025 12:02:14 -0500 [2603:9000:f801:55e2:ec97:4d6f:831f:752f] [app/controllers/Controller.php:87] Preview->render()
Wed, 05 Feb 2025 12:02:14 -0500 [2603:9000:f801:55e2:ec97:4d6f:831f:752f] [lib/base.php:2078] Controller->afterroute()
Wed, 05 Feb 2025 12:02:14 -0500 [2603:9000:f801:55e2:ec97:4d6f:831f:752f] [lib/base.php:1871] Base->call()
Wed, 05 Feb 2025 12:02:14 -0500 [2603:9000:f801:55e2:ec97:4d6f:831f:752f] [index.php:19] Base->run()
Wed, 05 Feb 2025 12:02:19 -0500 [2603:9000:f801:55e2:ec97:4d6f:831f:752f] 500: Undefined variable $entity_num trace: [tmp/3hn69l4qoa804.1zo7dt0fljr4w.php:200]
Wed, 05 Feb 2025 12:02:19 -0500 [2603:9000:f801:55e2:ec97:4d6f:831f:752f] [tmp/3hn69l4qoa804.1zo7dt0fljr4w.php:200] Base->{closure}()
Wed, 05 Feb 2025 12:02:19 -0500 [2603:9000:f801:55e2:ec97:4d6f:831f:752f] [lib/base.php:3036] require('/home/u991737198/domains/tas2023.online/public_html/tmp/3hn69l4qoa804.1zo7dt0fljr4w.php')
Wed, 05 Feb 2025 12:02:19 -0500 [2603:9000:f801:55e2:ec97:4d6f:831f:752f] [lib/base.php:3281] View->sandbox()
Wed, 05 Feb 2025 12:02:19 -0500 [2603:9000:f801:55e2:ec97:4d6f:831f:752f] [tmp/3hn69l4qoa804.3h31n1yj254w8.php:7] Preview->render()
Wed, 05 Feb 2025 12:02:19 -0500 [2603:9000:f801:55e2:ec97:4d6f:831f:752f] [lib/base.php:3036] require('/home/u991737198/domains/tas2023.online/public_html/tmp/3hn69l4qoa804.3h31n1yj254w8.php')
Wed, 05 Feb 2025 12:02:19 -0500 [2603:9000:f801:55e2:ec97:4d6f:831f:752f] [lib/base.php:3281] View->sandbox()
Wed, 05 Feb 2025 12:02:19 -0500 [2603:9000:f801:55e2:ec97:4d6f:831f:752f] [app/controllers/Controller.php:87] Preview->render()
Wed, 05 Feb 2025 12:02:19 -0500 [2603:9000:f801:55e2:ec97:4d6f:831f:752f] [lib/base.php:2078] Controller->afterroute()
Wed, 05 Feb 2025 12:02:19 -0500 [2603:9000:f801:55e2:ec97:4d6f:831f:752f] [lib/base.php:1871] Base->call()
Wed, 05 Feb 2025 12:02:19 -0500 [2603:9000:f801:55e2:ec97:4d6f:831f:752f] [index.php:19] Base->run()
Wed, 05 Feb 2025 12:04:03 -0500 [2603:9000:f801:55e2:ec97:4d6f:831f:752f] 500: Undefined variable $entity_num trace: [tmp/3hn69l4qoa804.1zo7dt0fljr4w.php:200]
Wed, 05 Feb 2025 12:04:03 -0500 [2603:9000:f801:55e2:ec97:4d6f:831f:752f] [tmp/3hn69l4qoa804.1zo7dt0fljr4w.php:200] Base->{closure}()
Wed, 05 Feb 2025 12:04:03 -0500 [2603:9000:f801:55e2:ec97:4d6f:831f:752f] [lib/base.php:3036] require('/home/u991737198/domains/tas2023.online/public_html/tmp/3hn69l4qoa804.1zo7dt0fljr4w.php')
Wed, 05 Feb 2025 12:04:03 -0500 [2603:9000:f801:55e2:ec97:4d6f:831f:752f] [lib/base.php:3281] View->sandbox()
Wed, 05 Feb 2025 12:04:03 -0500 [2603:9000:f801:55e2:ec97:4d6f:831f:752f] [tmp/3hn69l4qoa804.3h31n1yj254w8.php:7] Preview->render()
Wed, 05 Feb 2025 12:04:03 -0500 [2603:9000:f801:55e2:ec97:4d6f:831f:752f] [lib/base.php:3036] require('/home/u991737198/domains/tas2023.online/public_html/tmp/3hn69l4qoa804.3h31n1yj254w8.php')
Wed, 05 Feb 2025 12:04:03 -0500 [2603:9000:f801:55e2:ec97:4d6f:831f:752f] [lib/base.php:3281] View->sandbox()
Wed, 05 Feb 2025 12:04:03 -0500 [2603:9000:f801:55e2:ec97:4d6f:831f:752f] [app/controllers/Controller.php:87] Preview->render()
Wed, 05 Feb 2025 12:04:03 -0500 [2603:9000:f801:55e2:ec97:4d6f:831f:752f] [lib/base.php:2078] Controller->afterroute()
Wed, 05 Feb 2025 12:04:03 -0500 [2603:9000:f801:55e2:ec97:4d6f:831f:752f] [lib/base.php:1871] Base->call()
Wed, 05 Feb 2025 12:04:03 -0500 [2603:9000:f801:55e2:ec97:4d6f:831f:752f] [index.php:19] Base->run()
Wed, 05 Feb 2025 12:04:08 -0500 [2603:9000:f801:55e2:ec97:4d6f:831f:752f] 500: Undefined variable $entity_num trace: [tmp/3hn69l4qoa804.1zo7dt0fljr4w.php:200]
Wed, 05 Feb 2025 12:04:08 -0500 [2603:9000:f801:55e2:ec97:4d6f:831f:752f] [tmp/3hn69l4qoa804.1zo7dt0fljr4w.php:200] Base->{closure}()
Wed, 05 Feb 2025 12:04:08 -0500 [2603:9000:f801:55e2:ec97:4d6f:831f:752f] [lib/base.php:3036] require('/home/u991737198/domains/tas2023.online/public_html/tmp/3hn69l4qoa804.1zo7dt0fljr4w.php')
Wed, 05 Feb 2025 12:04:08 -0500 [2603:9000:f801:55e2:ec97:4d6f:831f:752f] [lib/base.php:3281] View->sandbox()
Wed, 05 Feb 2025 12:04:08 -0500 [2603:9000:f801:55e2:ec97:4d6f:831f:752f] [tmp/3hn69l4qoa804.3h31n1yj254w8.php:7] Preview->render()
Wed, 05 Feb 2025 12:04:08 -0500 [2603:9000:f801:55e2:ec97:4d6f:831f:752f] [lib/base.php:3036] require('/home/u991737198/domains/tas2023.online/public_html/tmp/3hn69l4qoa804.3h31n1yj254w8.php')
Wed, 05 Feb 2025 12:04:08 -0500 [2603:9000:f801:55e2:ec97:4d6f:831f:752f] [lib/base.php:3281] View->sandbox()
Wed, 05 Feb 2025 12:04:08 -0500 [2603:9000:f801:55e2:ec97:4d6f:831f:752f] [app/controllers/Controller.php:87] Preview->render()
Wed, 05 Feb 2025 12:04:08 -0500 [2603:9000:f801:55e2:ec97:4d6f:831f:752f] [lib/base.php:2078] Controller->afterroute()
Wed, 05 Feb 2025 12:04:08 -0500 [2603:9000:f801:55e2:ec97:4d6f:831f:752f] [lib/base.php:1871] Base->call()
Wed, 05 Feb 2025 12:04:08 -0500 [2603:9000:f801:55e2:ec97:4d6f:831f:752f] [index.php:19] Base->run()
Wed, 05 Feb 2025 12:15:44 -0500 [2603:9000:f801:55e2:ec97:4d6f:831f:752f] 500: Undefined variable $entity_num trace: [tmp/3hn69l4qoa804.1zo7dt0fljr4w.php:200]
Wed, 05 Feb 2025 12:15:44 -0500 [2603:9000:f801:55e2:ec97:4d6f:831f:752f] [tmp/3hn69l4qoa804.1zo7dt0fljr4w.php:200] Base->{closure}()
Wed, 05 Feb 2025 12:15:44 -0500 [2603:9000:f801:55e2:ec97:4d6f:831f:752f] [lib/base.php:3036] require('/home/u991737198/domains/tas2023.online/public_html/tmp/3hn69l4qoa804.1zo7dt0fljr4w.php')
Wed, 05 Feb 2025 12:15:44 -0500 [2603:9000:f801:55e2:ec97:4d6f:831f:752f] [lib/base.php:3281] View->sandbox()
Wed, 05 Feb 2025 12:15:44 -0500 [2603:9000:f801:55e2:ec97:4d6f:831f:752f] [tmp/3hn69l4qoa804.3h31n1yj254w8.php:7] Preview->render()
Wed, 05 Feb 2025 12:15:44 -0500 [2603:9000:f801:55e2:ec97:4d6f:831f:752f] [lib/base.php:3036] require('/home/u991737198/domains/tas2023.online/public_html/tmp/3hn69l4qoa804.3h31n1yj254w8.php')
Wed, 05 Feb 2025 12:15:44 -0500 [2603:9000:f801:55e2:ec97:4d6f:831f:752f] [lib/base.php:3281] View->sandbox()
Wed, 05 Feb 2025 12:15:44 -0500 [2603:9000:f801:55e2:ec97:4d6f:831f:752f] [app/controllers/Controller.php:87] Preview->render()
Wed, 05 Feb 2025 12:15:44 -0500 [2603:9000:f801:55e2:ec97:4d6f:831f:752f] [lib/base.php:2078] Controller->afterroute()
Wed, 05 Feb 2025 12:15:44 -0500 [2603:9000:f801:55e2:ec97:4d6f:831f:752f] [lib/base.php:1871] Base->call()
Wed, 05 Feb 2025 12:15:44 -0500 [2603:9000:f801:55e2:ec97:4d6f:831f:752f] [index.php:19] Base->run()
Wed, 05 Feb 2025 12:15:49 -0500 [2603:9000:f801:55e2:ec97:4d6f:831f:752f] 500: Undefined variable $entity_num trace: [tmp/3hn69l4qoa804.1zo7dt0fljr4w.php:200]
Wed, 05 Feb 2025 12:15:49 -0500 [2603:9000:f801:55e2:ec97:4d6f:831f:752f] [tmp/3hn69l4qoa804.1zo7dt0fljr4w.php:200] Base->{closure}()
Wed, 05 Feb 2025 12:15:49 -0500 [2603:9000:f801:55e2:ec97:4d6f:831f:752f] [lib/base.php:3036] require('/home/u991737198/domains/tas2023.online/public_html/tmp/3hn69l4qoa804.1zo7dt0fljr4w.php')
Wed, 05 Feb 2025 12:15:49 -0500 [2603:9000:f801:55e2:ec97:4d6f:831f:752f] [lib/base.php:3281] View->sandbox()
Wed, 05 Feb 2025 12:15:49 -0500 [2603:9000:f801:55e2:ec97:4d6f:831f:752f] [tmp/3hn69l4qoa804.3h31n1yj254w8.php:7] Preview->render()
Wed, 05 Feb 2025 12:15:49 -0500 [2603:9000:f801:55e2:ec97:4d6f:831f:752f] [lib/base.php:3036] require('/home/u991737198/domains/tas2023.online/public_html/tmp/3hn69l4qoa804.3h31n1yj254w8.php')
Wed, 05 Feb 2025 12:15:49 -0500 [2603:9000:f801:55e2:ec97:4d6f:831f:752f] [lib/base.php:3281] View->sandbox()
Wed, 05 Feb 2025 12:15:49 -0500 [2603:9000:f801:55e2:ec97:4d6f:831f:752f] [app/controllers/Controller.php:87] Preview->render()
Wed, 05 Feb 2025 12:15:49 -0500 [2603:9000:f801:55e2:ec97:4d6f:831f:752f] [lib/base.php:2078] Controller->afterroute()
Wed, 05 Feb 2025 12:15:49 -0500 [2603:9000:f801:55e2:ec97:4d6f:831f:752f] [lib/base.php:1871] Base->call()
Wed, 05 Feb 2025 12:15:49 -0500 [2603:9000:f801:55e2:ec97:4d6f:831f:752f] [index.php:19] Base->run()
Wed, 05 Feb 2025 12:16:05 -0500 [2603:9000:f801:55e2:ec97:4d6f:831f:752f] 500: Undefined variable $entity_num trace: [tmp/3hn69l4qoa804.1zo7dt0fljr4w.php:200]
Wed, 05 Feb 2025 12:16:05 -0500 [2603:9000:f801:55e2:ec97:4d6f:831f:752f] [tmp/3hn69l4qoa804.1zo7dt0fljr4w.php:200] Base->{closure}()
Wed, 05 Feb 2025 12:16:05 -0500 [2603:9000:f801:55e2:ec97:4d6f:831f:752f] [lib/base.php:3036] require('/home/u991737198/domains/tas2023.online/public_html/tmp/3hn69l4qoa804.1zo7dt0fljr4w.php')
Wed, 05 Feb 2025 12:16:05 -0500 [2603:9000:f801:55e2:ec97:4d6f:831f:752f] [lib/base.php:3281] View->sandbox()
Wed, 05 Feb 2025 12:16:05 -0500 [2603:9000:f801:55e2:ec97:4d6f:831f:752f] [tmp/3hn69l4qoa804.3h31n1yj254w8.php:7] Preview->render()
Wed, 05 Feb 2025 12:16:05 -0500 [2603:9000:f801:55e2:ec97:4d6f:831f:752f] [lib/base.php:3036] require('/home/u991737198/domains/tas2023.online/public_html/tmp/3hn69l4qoa804.3h31n1yj254w8.php')
Wed, 05 Feb 2025 12:16:05 -0500 [2603:9000:f801:55e2:ec97:4d6f:831f:752f] [lib/base.php:3281] View->sandbox()
Wed, 05 Feb 2025 12:16:05 -0500 [2603:9000:f801:55e2:ec97:4d6f:831f:752f] [app/controllers/Controller.php:87] Preview->render()
Wed, 05 Feb 2025 12:16:05 -0500 [2603:9000:f801:55e2:ec97:4d6f:831f:752f] [lib/base.php:2078] Controller->afterroute()
Wed, 05 Feb 2025 12:16:05 -0500 [2603:9000:f801:55e2:ec97:4d6f:831f:752f] [lib/base.php:1871] Base->call()
Wed, 05 Feb 2025 12:16:05 -0500 [2603:9000:f801:55e2:ec97:4d6f:831f:752f] [index.php:19] Base->run()
Wed, 05 Feb 2025 12:16:09 -0500 [2603:9000:f801:55e2:ec97:4d6f:831f:752f] 500: Undefined variable $entity_num trace: [tmp/3hn69l4qoa804.1zo7dt0fljr4w.php:200]
Wed, 05 Feb 2025 12:16:09 -0500 [2603:9000:f801:55e2:ec97:4d6f:831f:752f] [tmp/3hn69l4qoa804.1zo7dt0fljr4w.php:200] Base->{closure}()
Wed, 05 Feb 2025 12:16:09 -0500 [2603:9000:f801:55e2:ec97:4d6f:831f:752f] [lib/base.php:3036] require('/home/u991737198/domains/tas2023.online/public_html/tmp/3hn69l4qoa804.1zo7dt0fljr4w.php')
Wed, 05 Feb 2025 12:16:09 -0500 [2603:9000:f801:55e2:ec97:4d6f:831f:752f] [lib/base.php:3281] View->sandbox()
Wed, 05 Feb 2025 12:16:09 -0500 [2603:9000:f801:55e2:ec97:4d6f:831f:752f] [tmp/3hn69l4qoa804.3h31n1yj254w8.php:7] Preview->render()
Wed, 05 Feb 2025 12:16:09 -0500 [2603:9000:f801:55e2:ec97:4d6f:831f:752f] [lib/base.php:3036] require('/home/u991737198/domains/tas2023.online/public_html/tmp/3hn69l4qoa804.3h31n1yj254w8.php')
Wed, 05 Feb 2025 12:16:09 -0500 [2603:9000:f801:55e2:ec97:4d6f:831f:752f] [lib/base.php:3281] View->sandbox()
Wed, 05 Feb 2025 12:16:09 -0500 [2603:9000:f801:55e2:ec97:4d6f:831f:752f] [app/controllers/Controller.php:87] Preview->render()
Wed, 05 Feb 2025 12:16:09 -0500 [2603:9000:f801:55e2:ec97:4d6f:831f:752f] [lib/base.php:2078] Controller->afterroute()
Wed, 05 Feb 2025 12:16:09 -0500 [2603:9000:f801:55e2:ec97:4d6f:831f:752f] [lib/base.php:1871] Base->call()
Wed, 05 Feb 2025 12:16:09 -0500 [2603:9000:f801:55e2:ec97:4d6f:831f:752f] [index.php:19] Base->run()
Wed, 05 Feb 2025 12:16:31 -0500 [2603:9000:f801:55e2:ec97:4d6f:831f:752f] 500: Undefined variable $selected_note trace: [/home/u991737198/domains/tas2023.online/public_html/tmp/3hn69l4qoa804.3g8shy2588w00.php:363]
Wed, 05 Feb 2025 12:16:31 -0500 [2603:9000:f801:55e2:ec97:4d6f:831f:752f] [/home/u991737198/domains/tas2023.online/public_html/tmp/3hn69l4qoa804.3g8shy2588w00.php:363] Base->{closure}()
Wed, 05 Feb 2025 12:16:31 -0500 [2603:9000:f801:55e2:ec97:4d6f:831f:752f] [/home/u991737198/domains/tas2023.online/public_html/lib/base.php:3036] require('/home/u991737198/domains/tas2023.online/public_html/tmp/3hn69l4qoa804.3g8shy2588w00.php')
Wed, 05 Feb 2025 12:16:31 -0500 [2603:9000:f801:55e2:ec97:4d6f:831f:752f] [/home/u991737198/domains/tas2023.online/public_html/lib/base.php:3281] View->sandbox()
Wed, 05 Feb 2025 12:16:31 -0500 [2603:9000:f801:55e2:ec97:4d6f:831f:752f] [/home/u991737198/domains/tas2023.online/public_html/tmp/3hn69l4qoa804.3h31n1yj254w8.php:7] Preview->render()
Wed, 05 Feb 2025 12:16:31 -0500 [2603:9000:f801:55e2:ec97:4d6f:831f:752f] [/home/u991737198/domains/tas2023.online/public_html/lib/base.php:3036] require('/home/u991737198/domains/tas2023.online/public_html/tmp/3hn69l4qoa804.3h31n1yj254w8.php')
Wed, 05 Feb 2025 12:16:31 -0500 [2603:9000:f801:55e2:ec97:4d6f:831f:752f] [/home/u991737198/domains/tas2023.online/public_html/lib/base.php:3281] View->sandbox()
Wed, 05 Feb 2025 12:16:31 -0500 [2603:9000:f801:55e2:ec97:4d6f:831f:752f] [/home/u991737198/domains/tas2023.online/public_html/app/controllers/Controller.php:87] Preview->render()
Wed, 05 Feb 2025 12:16:31 -0500 [2603:9000:f801:55e2:ec97:4d6f:831f:752f] [/home/u991737198/domains/tas2023.online/public_html/lib/base.php:2078] Controller->afterroute()
Wed, 05 Feb 2025 12:16:31 -0500 [2603:9000:f801:55e2:ec97:4d6f:831f:752f] [/home/u991737198/domains/tas2023.online/public_html/lib/base.php:1871] Base->call()
Wed, 05 Feb 2025 12:16:31 -0500 [2603:9000:f801:55e2:ec97:4d6f:831f:752f] [/home/u991737198/domains/tas2023.online/public_html/index.php:19] Base->run()
Wed, 05 Feb 2025 12:16:56 -0500 [2603:9000:f801:55e2:ec97:4d6f:831f:752f] 500: trim(): Passing null to parameter #1 ($string) of type string is deprecated trace: [/home/u991737198/domains/tas2023.online/public_html/tmp/3hn69l4qoa804.3g8shy2588w00.php:334]
Wed, 05 Feb 2025 12:16:56 -0500 [2603:9000:f801:55e2:ec97:4d6f:831f:752f] [/home/u991737198/domains/tas2023.online/public_html/tmp/3hn69l4qoa804.3g8shy2588w00.php:334] trim()
Wed, 05 Feb 2025 12:16:56 -0500 [2603:9000:f801:55e2:ec97:4d6f:831f:752f] [/home/u991737198/domains/tas2023.online/public_html/lib/base.php:3036] require('/home/u991737198/domains/tas2023.online/public_html/tmp/3hn69l4qoa804.3g8shy2588w00.php')
Wed, 05 Feb 2025 12:16:56 -0500 [2603:9000:f801:55e2:ec97:4d6f:831f:752f] [/home/u991737198/domains/tas2023.online/public_html/lib/base.php:3281] View->sandbox()
Wed, 05 Feb 2025 12:16:56 -0500 [2603:9000:f801:55e2:ec97:4d6f:831f:752f] [/home/u991737198/domains/tas2023.online/public_html/tmp/3hn69l4qoa804.3h31n1yj254w8.php:7] Preview->render()
Wed, 05 Feb 2025 12:16:56 -0500 [2603:9000:f801:55e2:ec97:4d6f:831f:752f] [/home/u991737198/domains/tas2023.online/public_html/lib/base.php:3036] require('/home/u991737198/domains/tas2023.online/public_html/tmp/3hn69l4qoa804.3h31n1yj254w8.php')
Wed, 05 Feb 2025 12:16:56 -0500 [2603:9000:f801:55e2:ec97:4d6f:831f:752f] [/home/u991737198/domains/tas2023.online/public_html/lib/base.php:3281] View->sandbox()
Wed, 05 Feb 2025 12:16:56 -0500 [2603:9000:f801:55e2:ec97:4d6f:831f:752f] [/home/u991737198/domains/tas2023.online/public_html/app/controllers/Controller.php:87] Preview->render()
Wed, 05 Feb 2025 12:16:56 -0500 [2603:9000:f801:55e2:ec97:4d6f:831f:752f] [/home/u991737198/domains/tas2023.online/public_html/lib/base.php:2078] Controller->afterroute()
Wed, 05 Feb 2025 12:16:56 -0500 [2603:9000:f801:55e2:ec97:4d6f:831f:752f] [/home/u991737198/domains/tas2023.online/public_html/lib/base.php:1871] Base->call()
Wed, 05 Feb 2025 12:16:56 -0500 [2603:9000:f801:55e2:ec97:4d6f:831f:752f] [/home/u991737198/domains/tas2023.online/public_html/index.php:19] Base->run()
Wed, 05 Feb 2025 12:20:06 -0500 [2603:9000:f801:55e2:ec97:4d6f:831f:752f] 500: Undefined variable $entity_num trace: [tmp/3hn69l4qoa804.1zo7dt0fljr4w.php:200]
Wed, 05 Feb 2025 12:20:06 -0500 [2603:9000:f801:55e2:ec97:4d6f:831f:752f] [tmp/3hn69l4qoa804.1zo7dt0fljr4w.php:200] Base->{closure}()
Wed, 05 Feb 2025 12:20:06 -0500 [2603:9000:f801:55e2:ec97:4d6f:831f:752f] [lib/base.php:3036] require('/home/u991737198/domains/tas2023.online/public_html/tmp/3hn69l4qoa804.1zo7dt0fljr4w.php')
Wed, 05 Feb 2025 12:20:06 -0500 [2603:9000:f801:55e2:ec97:4d6f:831f:752f] [lib/base.php:3281] View->sandbox()
Wed, 05 Feb 2025 12:20:06 -0500 [2603:9000:f801:55e2:ec97:4d6f:831f:752f] [tmp/3hn69l4qoa804.3h31n1yj254w8.php:7] Preview->render()
Wed, 05 Feb 2025 12:20:06 -0500 [2603:9000:f801:55e2:ec97:4d6f:831f:752f] [lib/base.php:3036] require('/home/u991737198/domains/tas2023.online/public_html/tmp/3hn69l4qoa804.3h31n1yj254w8.php')
Wed, 05 Feb 2025 12:20:06 -0500 [2603:9000:f801:55e2:ec97:4d6f:831f:752f] [lib/base.php:3281] View->sandbox()
Wed, 05 Feb 2025 12:20:06 -0500 [2603:9000:f801:55e2:ec97:4d6f:831f:752f] [app/controllers/Controller.php:87] Preview->render()
Wed, 05 Feb 2025 12:20:06 -0500 [2603:9000:f801:55e2:ec97:4d6f:831f:752f] [lib/base.php:2078] Controller->afterroute()
Wed, 05 Feb 2025 12:20:06 -0500 [2603:9000:f801:55e2:ec97:4d6f:831f:752f] [lib/base.php:1871] Base->call()
Wed, 05 Feb 2025 12:20:06 -0500 [2603:9000:f801:55e2:ec97:4d6f:831f:752f] [index.php:19] Base->run()
Wed, 05 Feb 2025 12:20:12 -0500 [2603:9000:f801:55e2:ec97:4d6f:831f:752f] 500: Undefined variable $entity_num trace: [tmp/3hn69l4qoa804.1zo7dt0fljr4w.php:200]
Wed, 05 Feb 2025 12:20:12 -0500 [2603:9000:f801:55e2:ec97:4d6f:831f:752f] [tmp/3hn69l4qoa804.1zo7dt0fljr4w.php:200] Base->{closure}()
Wed, 05 Feb 2025 12:20:12 -0500 [2603:9000:f801:55e2:ec97:4d6f:831f:752f] [lib/base.php:3036] require('/home/u991737198/domains/tas2023.online/public_html/tmp/3hn69l4qoa804.1zo7dt0fljr4w.php')
Wed, 05 Feb 2025 12:20:12 -0500 [2603:9000:f801:55e2:ec97:4d6f:831f:752f] [lib/base.php:3281] View->sandbox()
Wed, 05 Feb 2025 12:20:12 -0500 [2603:9000:f801:55e2:ec97:4d6f:831f:752f] [tmp/3hn69l4qoa804.3h31n1yj254w8.php:7] Preview->render()
Wed, 05 Feb 2025 12:20:12 -0500 [2603:9000:f801:55e2:ec97:4d6f:831f:752f] [lib/base.php:3036] require('/home/u991737198/domains/tas2023.online/public_html/tmp/3hn69l4qoa804.3h31n1yj254w8.php')
Wed, 05 Feb 2025 12:20:12 -0500 [2603:9000:f801:55e2:ec97:4d6f:831f:752f] [lib/base.php:3281] View->sandbox()
Wed, 05 Feb 2025 12:20:12 -0500 [2603:9000:f801:55e2:ec97:4d6f:831f:752f] [app/controllers/Controller.php:87] Preview->render()
Wed, 05 Feb 2025 12:20:12 -0500 [2603:9000:f801:55e2:ec97:4d6f:831f:752f] [lib/base.php:2078] Controller->afterroute()
Wed, 05 Feb 2025 12:20:12 -0500 [2603:9000:f801:55e2:ec97:4d6f:831f:752f] [lib/base.php:1871] Base->call()
Wed, 05 Feb 2025 12:20:12 -0500 [2603:9000:f801:55e2:ec97:4d6f:831f:752f] [index.php:19] Base->run()
Wed, 05 Feb 2025 12:20:57 -0500 [2603:9000:f801:55e2:ec97:4d6f:831f:752f] 500: Undefined variable $entity_num trace: [tmp/3hn69l4qoa804.1zo7dt0fljr4w.php:200]
Wed, 05 Feb 2025 12:20:57 -0500 [2603:9000:f801:55e2:ec97:4d6f:831f:752f] [tmp/3hn69l4qoa804.1zo7dt0fljr4w.php:200] Base->{closure}()
Wed, 05 Feb 2025 12:20:57 -0500 [2603:9000:f801:55e2:ec97:4d6f:831f:752f] [lib/base.php:3036] require('/home/u991737198/domains/tas2023.online/public_html/tmp/3hn69l4qoa804.1zo7dt0fljr4w.php')
Wed, 05 Feb 2025 12:20:57 -0500 [2603:9000:f801:55e2:ec97:4d6f:831f:752f] [lib/base.php:3281] View->sandbox()
Wed, 05 Feb 2025 12:20:57 -0500 [2603:9000:f801:55e2:ec97:4d6f:831f:752f] [tmp/3hn69l4qoa804.3h31n1yj254w8.php:7] Preview->render()
Wed, 05 Feb 2025 12:20:57 -0500 [2603:9000:f801:55e2:ec97:4d6f:831f:752f] [lib/base.php:3036] require('/home/u991737198/domains/tas2023.online/public_html/tmp/3hn69l4qoa804.3h31n1yj254w8.php')
Wed, 05 Feb 2025 12:20:57 -0500 [2603:9000:f801:55e2:ec97:4d6f:831f:752f] [lib/base.php:3281] View->sandbox()
Wed, 05 Feb 2025 12:20:57 -0500 [2603:9000:f801:55e2:ec97:4d6f:831f:752f] [app/controllers/Controller.php:87] Preview->render()
Wed, 05 Feb 2025 12:20:57 -0500 [2603:9000:f801:55e2:ec97:4d6f:831f:752f] [lib/base.php:2078] Controller->afterroute()
Wed, 05 Feb 2025 12:20:57 -0500 [2603:9000:f801:55e2:ec97:4d6f:831f:752f] [lib/base.php:1871] Base->call()
Wed, 05 Feb 2025 12:20:57 -0500 [2603:9000:f801:55e2:ec97:4d6f:831f:752f] [index.php:19] Base->run()
Wed, 05 Feb 2025 12:21:03 -0500 [2603:9000:f801:55e2:ec97:4d6f:831f:752f] 500: Undefined variable $entity_num trace: [tmp/3hn69l4qoa804.1zo7dt0fljr4w.php:200]
Wed, 05 Feb 2025 12:21:03 -0500 [2603:9000:f801:55e2:ec97:4d6f:831f:752f] [tmp/3hn69l4qoa804.1zo7dt0fljr4w.php:200] Base->{closure}()
Wed, 05 Feb 2025 12:21:03 -0500 [2603:9000:f801:55e2:ec97:4d6f:831f:752f] [lib/base.php:3036] require('/home/u991737198/domains/tas2023.online/public_html/tmp/3hn69l4qoa804.1zo7dt0fljr4w.php')
Wed, 05 Feb 2025 12:21:03 -0500 [2603:9000:f801:55e2:ec97:4d6f:831f:752f] [lib/base.php:3281] View->sandbox()
Wed, 05 Feb 2025 12:21:03 -0500 [2603:9000:f801:55e2:ec97:4d6f:831f:752f] [tmp/3hn69l4qoa804.3h31n1yj254w8.php:7] Preview->render()
Wed, 05 Feb 2025 12:21:03 -0500 [2603:9000:f801:55e2:ec97:4d6f:831f:752f] [lib/base.php:3036] require('/home/u991737198/domains/tas2023.online/public_html/tmp/3hn69l4qoa804.3h31n1yj254w8.php')
Wed, 05 Feb 2025 12:21:03 -0500 [2603:9000:f801:55e2:ec97:4d6f:831f:752f] [lib/base.php:3281] View->sandbox()
Wed, 05 Feb 2025 12:21:03 -0500 [2603:9000:f801:55e2:ec97:4d6f:831f:752f] [app/controllers/Controller.php:87] Preview->render()
Wed, 05 Feb 2025 12:21:03 -0500 [2603:9000:f801:55e2:ec97:4d6f:831f:752f] [lib/base.php:2078] Controller->afterroute()
Wed, 05 Feb 2025 12:21:03 -0500 [2603:9000:f801:55e2:ec97:4d6f:831f:752f] [lib/base.php:1871] Base->call()
Wed, 05 Feb 2025 12:21:03 -0500 [2603:9000:f801:55e2:ec97:4d6f:831f:752f] [index.php:19] Base->run()
Wed, 05 Feb 2025 12:21:24 -0500 [2603:9000:f801:55e2:ec97:4d6f:831f:752f] 500: Undefined variable $selected_note trace: [/home/u991737198/domains/tas2023.online/public_html/tmp/3hn69l4qoa804.3g8shy2588w00.php:363]
Wed, 05 Feb 2025 12:21:24 -0500 [2603:9000:f801:55e2:ec97:4d6f:831f:752f] [/home/u991737198/domains/tas2023.online/public_html/tmp/3hn69l4qoa804.3g8shy2588w00.php:363] Base->{closure}()
Wed, 05 Feb 2025 12:21:24 -0500 [2603:9000:f801:55e2:ec97:4d6f:831f:752f] [/home/u991737198/domains/tas2023.online/public_html/lib/base.php:3036] require('/home/u991737198/domains/tas2023.online/public_html/tmp/3hn69l4qoa804.3g8shy2588w00.php')
Wed, 05 Feb 2025 12:21:24 -0500 [2603:9000:f801:55e2:ec97:4d6f:831f:752f] [/home/u991737198/domains/tas2023.online/public_html/lib/base.php:3281] View->sandbox()
Wed, 05 Feb 2025 12:21:24 -0500 [2603:9000:f801:55e2:ec97:4d6f:831f:752f] [/home/u991737198/domains/tas2023.online/public_html/tmp/3hn69l4qoa804.3h31n1yj254w8.php:7] Preview->render()
Wed, 05 Feb 2025 12:21:24 -0500 [2603:9000:f801:55e2:ec97:4d6f:831f:752f] [/home/u991737198/domains/tas2023.online/public_html/lib/base.php:3036] require('/home/u991737198/domains/tas2023.online/public_html/tmp/3hn69l4qoa804.3h31n1yj254w8.php')
Wed, 05 Feb 2025 12:21:24 -0500 [2603:9000:f801:55e2:ec97:4d6f:831f:752f] [/home/u991737198/domains/tas2023.online/public_html/lib/base.php:3281] View->sandbox()
Wed, 05 Feb 2025 12:21:24 -0500 [2603:9000:f801:55e2:ec97:4d6f:831f:752f] [/home/u991737198/domains/tas2023.online/public_html/app/controllers/Controller.php:87] Preview->render()
Wed, 05 Feb 2025 12:21:24 -0500 [2603:9000:f801:55e2:ec97:4d6f:831f:752f] [/home/u991737198/domains/tas2023.online/public_html/lib/base.php:2078] Controller->afterroute()
Wed, 05 Feb 2025 12:21:24 -0500 [2603:9000:f801:55e2:ec97:4d6f:831f:752f] [/home/u991737198/domains/tas2023.online/public_html/lib/base.php:1871] Base->call()
Wed, 05 Feb 2025 12:21:24 -0500 [2603:9000:f801:55e2:ec97:4d6f:831f:752f] [/home/u991737198/domains/tas2023.online/public_html/index.php:19] Base->run()
Wed, 05 Feb 2025 12:38:22 -0500 [2603:9000:f801:55e2:ec97:4d6f:831f:752f] 500: Undefined variable $entity_num trace: [tmp/3hn69l4qoa804.1zo7dt0fljr4w.php:200]
Wed, 05 Feb 2025 12:38:22 -0500 [2603:9000:f801:55e2:ec97:4d6f:831f:752f] [tmp/3hn69l4qoa804.1zo7dt0fljr4w.php:200] Base->{closure}()
Wed, 05 Feb 2025 12:38:22 -0500 [2603:9000:f801:55e2:ec97:4d6f:831f:752f] [lib/base.php:3036] require('/home/u991737198/domains/tas2023.online/public_html/tmp/3hn69l4qoa804.1zo7dt0fljr4w.php')
Wed, 05 Feb 2025 12:38:22 -0500 [2603:9000:f801:55e2:ec97:4d6f:831f:752f] [lib/base.php:3281] View->sandbox()
Wed, 05 Feb 2025 12:38:22 -0500 [2603:9000:f801:55e2:ec97:4d6f:831f:752f] [tmp/3hn69l4qoa804.3h31n1yj254w8.php:7] Preview->render()
Wed, 05 Feb 2025 12:38:22 -0500 [2603:9000:f801:55e2:ec97:4d6f:831f:752f] [lib/base.php:3036] require('/home/u991737198/domains/tas2023.online/public_html/tmp/3hn69l4qoa804.3h31n1yj254w8.php')
Wed, 05 Feb 2025 12:38:22 -0500 [2603:9000:f801:55e2:ec97:4d6f:831f:752f] [lib/base.php:3281] View->sandbox()
Wed, 05 Feb 2025 12:38:22 -0500 [2603:9000:f801:55e2:ec97:4d6f:831f:752f] [app/controllers/Controller.php:87] Preview->render()
Wed, 05 Feb 2025 12:38:22 -0500 [2603:9000:f801:55e2:ec97:4d6f:831f:752f] [lib/base.php:2078] Controller->afterroute()
Wed, 05 Feb 2025 12:38:22 -0500 [2603:9000:f801:55e2:ec97:4d6f:831f:752f] [lib/base.php:1871] Base->call()
Wed, 05 Feb 2025 12:38:22 -0500 [2603:9000:f801:55e2:ec97:4d6f:831f:752f] [index.php:19] Base->run()
Wed, 05 Feb 2025 12:38:32 -0500 [2603:9000:f801:55e2:ec97:4d6f:831f:752f] 500: Undefined variable $entity_num trace: [tmp/3hn69l4qoa804.1zo7dt0fljr4w.php:200]
Wed, 05 Feb 2025 12:38:32 -0500 [2603:9000:f801:55e2:ec97:4d6f:831f:752f] [tmp/3hn69l4qoa804.1zo7dt0fljr4w.php:200] Base->{closure}()
Wed, 05 Feb 2025 12:38:32 -0500 [2603:9000:f801:55e2:ec97:4d6f:831f:752f] [lib/base.php:3036] require('/home/u991737198/domains/tas2023.online/public_html/tmp/3hn69l4qoa804.1zo7dt0fljr4w.php')
Wed, 05 Feb 2025 12:38:32 -0500 [2603:9000:f801:55e2:ec97:4d6f:831f:752f] [lib/base.php:3281] View->sandbox()
Wed, 05 Feb 2025 12:38:32 -0500 [2603:9000:f801:55e2:ec97:4d6f:831f:752f] [tmp/3hn69l4qoa804.3h31n1yj254w8.php:7] Preview->render()
Wed, 05 Feb 2025 12:38:32 -0500 [2603:9000:f801:55e2:ec97:4d6f:831f:752f] [lib/base.php:3036] require('/home/u991737198/domains/tas2023.online/public_html/tmp/3hn69l4qoa804.3h31n1yj254w8.php')
Wed, 05 Feb 2025 12:38:32 -0500 [2603:9000:f801:55e2:ec97:4d6f:831f:752f] [lib/base.php:3281] View->sandbox()
Wed, 05 Feb 2025 12:38:32 -0500 [2603:9000:f801:55e2:ec97:4d6f:831f:752f] [app/controllers/Controller.php:87] Preview->render()
Wed, 05 Feb 2025 12:38:32 -0500 [2603:9000:f801:55e2:ec97:4d6f:831f:752f] [lib/base.php:2078] Controller->afterroute()
Wed, 05 Feb 2025 12:38:32 -0500 [2603:9000:f801:55e2:ec97:4d6f:831f:752f] [lib/base.php:1871] Base->call()
Wed, 05 Feb 2025 12:38:32 -0500 [2603:9000:f801:55e2:ec97:4d6f:831f:752f] [index.php:19] Base->run()
Wed, 05 Feb 2025 19:14:56 -0500 [2600:1006:b028:d61e:597e:f508:1050:9744] 401: HTTP 401 (GET /task/taskData) trace: [/home/u991737198/domains/tas2023.online/public_html/lib/access.php:112] Base->error()
Wed, 05 Feb 2025 19:14:56 -0500 [2600:1006:b028:d61e:597e:f508:1050:9744] [/home/u991737198/domains/tas2023.online/public_html/app/controllers/Controller.php:78] Access->authorize()
Wed, 05 Feb 2025 19:14:56 -0500 [2600:1006:b028:d61e:597e:f508:1050:9744] 401: HTTP 401 (GET /task/teamProductivity) trace: [/home/u991737198/domains/tas2023.online/public_html/lib/access.php:112] Base->error()
Wed, 05 Feb 2025 19:14:56 -0500 [2600:1006:b028:d61e:597e:f508:1050:9744] [/home/u991737198/domains/tas2023.online/public_html/lib/base.php:2069] Controller->beforeroute()
Wed, 05 Feb 2025 19:14:56 -0500 [2600:1006:b028:d61e:597e:f508:1050:9744] [/home/u991737198/domains/tas2023.online/public_html/lib/base.php:1871] Base->call()
Wed, 05 Feb 2025 19:14:56 -0500 [2600:1006:b028:d61e:597e:f508:1050:9744] [/home/u991737198/domains/tas2023.online/public_html/app/controllers/Controller.php:78] Access->authorize()
Wed, 05 Feb 2025 19:14:56 -0500 [2600:1006:b028:d61e:597e:f508:1050:9744] 401: HTTP 401 (GET /task/taskDistribution) trace: [/home/u991737198/domains/tas2023.online/public_html/lib/access.php:112] Base->error()
Wed, 05 Feb 2025 19:14:56 -0500 [2600:1006:b028:d61e:597e:f508:1050:9744] [/home/u991737198/domains/tas2023.online/public_html/index.php:19] Base->run()
Wed, 05 Feb 2025 19:14:56 -0500 [2600:1006:b028:d61e:597e:f508:1050:9744] [/home/u991737198/domains/tas2023.online/public_html/lib/base.php:2069] Controller->beforeroute()
Wed, 05 Feb 2025 19:14:56 -0500 [2600:1006:b028:d61e:597e:f508:1050:9744] [/home/u991737198/domains/tas2023.online/public_html/lib/base.php:1871] Base->call()
Wed, 05 Feb 2025 19:14:56 -0500 [2600:1006:b028:d61e:597e:f508:1050:9744] [/home/u991737198/domains/tas2023.online/public_html/app/controllers/Controller.php:78] Access->authorize()
Wed, 05 Feb 2025 19:14:56 -0500 [2600:1006:b028:d61e:597e:f508:1050:9744] [/home/u991737198/domains/tas2023.online/public_html/index.php:19] Base->run()
Wed, 05 Feb 2025 19:14:56 -0500 [2600:1006:b028:d61e:597e:f508:1050:9744] [/home/u991737198/domains/tas2023.online/public_html/lib/base.php:2069] Controller->beforeroute()
Wed, 05 Feb 2025 19:14:56 -0500 [2600:1006:b028:d61e:597e:f508:1050:9744] [/home/u991737198/domains/tas2023.online/public_html/lib/base.php:1871] Base->call()
Wed, 05 Feb 2025 19:14:56 -0500 [2600:1006:b028:d61e:597e:f508:1050:9744] [/home/u991737198/domains/tas2023.online/public_html/index.php:19] Base->run()
Wed, 05 Feb 2025 19:37:12 -0500 [2600:1006:b028:d61e:597e:f508:1050:9744] 500: Undefined variable $entity_num trace: [tmp/3hn69l4qoa804.1zo7dt0fljr4w.php:200]
Wed, 05 Feb 2025 19:37:12 -0500 [2600:1006:b028:d61e:597e:f508:1050:9744] [tmp/3hn69l4qoa804.1zo7dt0fljr4w.php:200] Base->{closure}()
Wed, 05 Feb 2025 19:37:12 -0500 [2600:1006:b028:d61e:597e:f508:1050:9744] [lib/base.php:3036] require('/home/u991737198/domains/tas2023.online/public_html/tmp/3hn69l4qoa804.1zo7dt0fljr4w.php')
Wed, 05 Feb 2025 19:37:12 -0500 [2600:1006:b028:d61e:597e:f508:1050:9744] [lib/base.php:3281] View->sandbox()
Wed, 05 Feb 2025 19:37:12 -0500 [2600:1006:b028:d61e:597e:f508:1050:9744] [tmp/3hn69l4qoa804.3h31n1yj254w8.php:7] Preview->render()
Wed, 05 Feb 2025 19:37:12 -0500 [2600:1006:b028:d61e:597e:f508:1050:9744] [lib/base.php:3036] require('/home/u991737198/domains/tas2023.online/public_html/tmp/3hn69l4qoa804.3h31n1yj254w8.php')
Wed, 05 Feb 2025 19:37:12 -0500 [2600:1006:b028:d61e:597e:f508:1050:9744] [lib/base.php:3281] View->sandbox()
Wed, 05 Feb 2025 19:37:12 -0500 [2600:1006:b028:d61e:597e:f508:1050:9744] [app/controllers/Controller.php:87] Preview->render()
Wed, 05 Feb 2025 19:37:12 -0500 [2600:1006:b028:d61e:597e:f508:1050:9744] [lib/base.php:2078] Controller->afterroute()
Wed, 05 Feb 2025 19:37:12 -0500 [2600:1006:b028:d61e:597e:f508:1050:9744] [lib/base.php:1871] Base->call()
Wed, 05 Feb 2025 19:37:12 -0500 [2600:1006:b028:d61e:597e:f508:1050:9744] [index.php:19] Base->run()
Wed, 05 Feb 2025 19:37:56 -0500 [2600:1006:b028:d61e:597e:f508:1050:9744] 500: Undefined variable $entity_num trace: [tmp/3hn69l4qoa804.1zo7dt0fljr4w.php:200]
Wed, 05 Feb 2025 19:37:56 -0500 [2600:1006:b028:d61e:597e:f508:1050:9744] [tmp/3hn69l4qoa804.1zo7dt0fljr4w.php:200] Base->{closure}()
Wed, 05 Feb 2025 19:37:56 -0500 [2600:1006:b028:d61e:597e:f508:1050:9744] [lib/base.php:3036] require('/home/u991737198/domains/tas2023.online/public_html/tmp/3hn69l4qoa804.1zo7dt0fljr4w.php')
Wed, 05 Feb 2025 19:37:56 -0500 [2600:1006:b028:d61e:597e:f508:1050:9744] [lib/base.php:3281] View->sandbox()
Wed, 05 Feb 2025 19:37:56 -0500 [2600:1006:b028:d61e:597e:f508:1050:9744] [tmp/3hn69l4qoa804.3h31n1yj254w8.php:7] Preview->render()
Wed, 05 Feb 2025 19:37:56 -0500 [2600:1006:b028:d61e:597e:f508:1050:9744] [lib/base.php:3036] require('/home/u991737198/domains/tas2023.online/public_html/tmp/3hn69l4qoa804.3h31n1yj254w8.php')
Wed, 05 Feb 2025 19:37:56 -0500 [2600:1006:b028:d61e:597e:f508:1050:9744] [lib/base.php:3281] View->sandbox()
Wed, 05 Feb 2025 19:37:56 -0500 [2600:1006:b028:d61e:597e:f508:1050:9744] [app/controllers/Controller.php:87] Preview->render()
Wed, 05 Feb 2025 19:37:56 -0500 [2600:1006:b028:d61e:597e:f508:1050:9744] [lib/base.php:2078] Controller->afterroute()
Wed, 05 Feb 2025 19:37:56 -0500 [2600:1006:b028:d61e:597e:f508:1050:9744] [lib/base.php:1871] Base->call()
Wed, 05 Feb 2025 19:37:56 -0500 [2600:1006:b028:d61e:597e:f508:1050:9744] [index.php:19] Base->run()
Wed, 05 Feb 2025 19:38:22 -0500 [2600:1006:b028:d61e:597e:f508:1050:9744] 500: Undefined variable $selected_note trace: [/home/u991737198/domains/tas2023.online/public_html/tmp/3hn69l4qoa804.3g8shy2588w00.php:363]
Wed, 05 Feb 2025 19:38:22 -0500 [2600:1006:b028:d61e:597e:f508:1050:9744] [/home/u991737198/domains/tas2023.online/public_html/tmp/3hn69l4qoa804.3g8shy2588w00.php:363] Base->{closure}()
Wed, 05 Feb 2025 19:38:22 -0500 [2600:1006:b028:d61e:597e:f508:1050:9744] [/home/u991737198/domains/tas2023.online/public_html/lib/base.php:3036] require('/home/u991737198/domains/tas2023.online/public_html/tmp/3hn69l4qoa804.3g8shy2588w00.php')
Wed, 05 Feb 2025 19:38:22 -0500 [2600:1006:b028:d61e:597e:f508:1050:9744] [/home/u991737198/domains/tas2023.online/public_html/lib/base.php:3281] View->sandbox()
Wed, 05 Feb 2025 19:38:22 -0500 [2600:1006:b028:d61e:597e:f508:1050:9744] [/home/u991737198/domains/tas2023.online/public_html/tmp/3hn69l4qoa804.3h31n1yj254w8.php:7] Preview->render()
Wed, 05 Feb 2025 19:38:22 -0500 [2600:1006:b028:d61e:597e:f508:1050:9744] [/home/u991737198/domains/tas2023.online/public_html/lib/base.php:3036] require('/home/u991737198/domains/tas2023.online/public_html/tmp/3hn69l4qoa804.3h31n1yj254w8.php')
Wed, 05 Feb 2025 19:38:22 -0500 [2600:1006:b028:d61e:597e:f508:1050:9744] [/home/u991737198/domains/tas2023.online/public_html/lib/base.php:3281] View->sandbox()
Wed, 05 Feb 2025 19:38:22 -0500 [2600:1006:b028:d61e:597e:f508:1050:9744] [/home/u991737198/domains/tas2023.online/public_html/app/controllers/Controller.php:87] Preview->render()
Wed, 05 Feb 2025 19:38:22 -0500 [2600:1006:b028:d61e:597e:f508:1050:9744] [/home/u991737198/domains/tas2023.online/public_html/lib/base.php:2078] Controller->afterroute()
Wed, 05 Feb 2025 19:38:22 -0500 [2600:1006:b028:d61e:597e:f508:1050:9744] [/home/u991737198/domains/tas2023.online/public_html/lib/base.php:1871] Base->call()
Wed, 05 Feb 2025 19:38:22 -0500 [2600:1006:b028:d61e:597e:f508:1050:9744] [/home/u991737198/domains/tas2023.online/public_html/index.php:19] Base->run()
Wed, 05 Feb 2025 19:39:08 -0500 [2600:1006:b028:d61e:597e:f508:1050:9744] 500: Undefined variable $selected_note trace: [/home/u991737198/domains/tas2023.online/public_html/tmp/3hn69l4qoa804.3g8shy2588w00.php:363]
Wed, 05 Feb 2025 19:39:08 -0500 [2600:1006:b028:d61e:597e:f508:1050:9744] [/home/u991737198/domains/tas2023.online/public_html/tmp/3hn69l4qoa804.3g8shy2588w00.php:363] Base->{closure}()
Wed, 05 Feb 2025 19:39:08 -0500 [2600:1006:b028:d61e:597e:f508:1050:9744] [/home/u991737198/domains/tas2023.online/public_html/lib/base.php:3036] require('/home/u991737198/domains/tas2023.online/public_html/tmp/3hn69l4qoa804.3g8shy2588w00.php')
Wed, 05 Feb 2025 19:39:08 -0500 [2600:1006:b028:d61e:597e:f508:1050:9744] [/home/u991737198/domains/tas2023.online/public_html/lib/base.php:3281] View->sandbox()
Wed, 05 Feb 2025 19:39:08 -0500 [2600:1006:b028:d61e:597e:f508:1050:9744] [/home/u991737198/domains/tas2023.online/public_html/tmp/3hn69l4qoa804.3h31n1yj254w8.php:7] Preview->render()
Wed, 05 Feb 2025 19:39:08 -0500 [2600:1006:b028:d61e:597e:f508:1050:9744] [/home/u991737198/domains/tas2023.online/public_html/lib/base.php:3036] require('/home/u991737198/domains/tas2023.online/public_html/tmp/3hn69l4qoa804.3h31n1yj254w8.php')
Wed, 05 Feb 2025 19:39:08 -0500 [2600:1006:b028:d61e:597e:f508:1050:9744] [/home/u991737198/domains/tas2023.online/public_html/lib/base.php:3281] View->sandbox()
Wed, 05 Feb 2025 19:39:08 -0500 [2600:1006:b028:d61e:597e:f508:1050:9744] [/home/u991737198/domains/tas2023.online/public_html/app/controllers/Controller.php:87] Preview->render()
Wed, 05 Feb 2025 19:39:08 -0500 [2600:1006:b028:d61e:597e:f508:1050:9744] [/home/u991737198/domains/tas2023.online/public_html/lib/base.php:2078] Controller->afterroute()
Wed, 05 Feb 2025 19:39:08 -0500 [2600:1006:b028:d61e:597e:f508:1050:9744] [/home/u991737198/domains/tas2023.online/public_html/lib/base.php:1871] Base->call()
Wed, 05 Feb 2025 19:39:08 -0500 [2600:1006:b028:d61e:597e:f508:1050:9744] [/home/u991737198/domains/tas2023.online/public_html/index.php:19] Base->run()
Wed, 05 Feb 2025 19:39:42 -0500 [2600:1006:b028:d61e:597e:f508:1050:9744] 500: Undefined variable $entity_num trace: [tmp/3hn69l4qoa804.1zo7dt0fljr4w.php:200]
Wed, 05 Feb 2025 19:39:42 -0500 [2600:1006:b028:d61e:597e:f508:1050:9744] [tmp/3hn69l4qoa804.1zo7dt0fljr4w.php:200] Base->{closure}()
Wed, 05 Feb 2025 19:39:42 -0500 [2600:1006:b028:d61e:597e:f508:1050:9744] [lib/base.php:3036] require('/home/u991737198/domains/tas2023.online/public_html/tmp/3hn69l4qoa804.1zo7dt0fljr4w.php')
Wed, 05 Feb 2025 19:39:42 -0500 [2600:1006:b028:d61e:597e:f508:1050:9744] [lib/base.php:3281] View->sandbox()
Wed, 05 Feb 2025 19:39:42 -0500 [2600:1006:b028:d61e:597e:f508:1050:9744] [tmp/3hn69l4qoa804.3h31n1yj254w8.php:7] Preview->render()
Wed, 05 Feb 2025 19:39:42 -0500 [2600:1006:b028:d61e:597e:f508:1050:9744] [lib/base.php:3036] require('/home/u991737198/domains/tas2023.online/public_html/tmp/3hn69l4qoa804.3h31n1yj254w8.php')
Wed, 05 Feb 2025 19:39:42 -0500 [2600:1006:b028:d61e:597e:f508:1050:9744] [lib/base.php:3281] View->sandbox()
Wed, 05 Feb 2025 19:39:42 -0500 [2600:1006:b028:d61e:597e:f508:1050:9744] [app/controllers/Controller.php:87] Preview->render()
Wed, 05 Feb 2025 19:39:42 -0500 [2600:1006:b028:d61e:597e:f508:1050:9744] [lib/base.php:2078] Controller->afterroute()
Wed, 05 Feb 2025 19:39:42 -0500 [2600:1006:b028:d61e:597e:f508:1050:9744] [lib/base.php:1871] Base->call()
Wed, 05 Feb 2025 19:39:42 -0500 [2600:1006:b028:d61e:597e:f508:1050:9744] [index.php:19] Base->run()
Wed, 05 Feb 2025 19:39:48 -0500 [2600:1006:b028:d61e:597e:f508:1050:9744] 500: Undefined variable $entity_num trace: [tmp/3hn69l4qoa804.1zo7dt0fljr4w.php:200]
Wed, 05 Feb 2025 19:39:48 -0500 [2600:1006:b028:d61e:597e:f508:1050:9744] [tmp/3hn69l4qoa804.1zo7dt0fljr4w.php:200] Base->{closure}()
Wed, 05 Feb 2025 19:39:48 -0500 [2600:1006:b028:d61e:597e:f508:1050:9744] [lib/base.php:3036] require('/home/u991737198/domains/tas2023.online/public_html/tmp/3hn69l4qoa804.1zo7dt0fljr4w.php')
Wed, 05 Feb 2025 19:39:48 -0500 [2600:1006:b028:d61e:597e:f508:1050:9744] [lib/base.php:3281] View->sandbox()
Wed, 05 Feb 2025 19:39:48 -0500 [2600:1006:b028:d61e:597e:f508:1050:9744] [tmp/3hn69l4qoa804.3h31n1yj254w8.php:7] Preview->render()
Wed, 05 Feb 2025 19:39:48 -0500 [2600:1006:b028:d61e:597e:f508:1050:9744] [lib/base.php:3036] require('/home/u991737198/domains/tas2023.online/public_html/tmp/3hn69l4qoa804.3h31n1yj254w8.php')
Wed, 05 Feb 2025 19:39:48 -0500 [2600:1006:b028:d61e:597e:f508:1050:9744] [lib/base.php:3281] View->sandbox()
Wed, 05 Feb 2025 19:39:48 -0500 [2600:1006:b028:d61e:597e:f508:1050:9744] [app/controllers/Controller.php:87] Preview->render()
Wed, 05 Feb 2025 19:39:48 -0500 [2600:1006:b028:d61e:597e:f508:1050:9744] [lib/base.php:2078] Controller->afterroute()
Wed, 05 Feb 2025 19:39:48 -0500 [2600:1006:b028:d61e:597e:f508:1050:9744] [lib/base.php:1871] Base->call()
Wed, 05 Feb 2025 19:39:48 -0500 [2600:1006:b028:d61e:597e:f508:1050:9744] [index.php:19] Base->run()
Wed, 05 Feb 2025 19:39:59 -0500 [2600:1006:b028:d61e:597e:f508:1050:9744] 500: Undefined variable $selected_note trace: [/home/u991737198/domains/tas2023.online/public_html/tmp/3hn69l4qoa804.3g8shy2588w00.php:363]
Wed, 05 Feb 2025 19:39:59 -0500 [2600:1006:b028:d61e:597e:f508:1050:9744] [/home/u991737198/domains/tas2023.online/public_html/tmp/3hn69l4qoa804.3g8shy2588w00.php:363] Base->{closure}()
Wed, 05 Feb 2025 19:39:59 -0500 [2600:1006:b028:d61e:597e:f508:1050:9744] [/home/u991737198/domains/tas2023.online/public_html/lib/base.php:3036] require('/home/u991737198/domains/tas2023.online/public_html/tmp/3hn69l4qoa804.3g8shy2588w00.php')
Wed, 05 Feb 2025 19:39:59 -0500 [2600:1006:b028:d61e:597e:f508:1050:9744] [/home/u991737198/domains/tas2023.online/public_html/lib/base.php:3281] View->sandbox()
Wed, 05 Feb 2025 19:39:59 -0500 [2600:1006:b028:d61e:597e:f508:1050:9744] [/home/u991737198/domains/tas2023.online/public_html/tmp/3hn69l4qoa804.3h31n1yj254w8.php:7] Preview->render()
Wed, 05 Feb 2025 19:39:59 -0500 [2600:1006:b028:d61e:597e:f508:1050:9744] [/home/u991737198/domains/tas2023.online/public_html/lib/base.php:3036] require('/home/u991737198/domains/tas2023.online/public_html/tmp/3hn69l4qoa804.3h31n1yj254w8.php')
Wed, 05 Feb 2025 19:39:59 -0500 [2600:1006:b028:d61e:597e:f508:1050:9744] [/home/u991737198/domains/tas2023.online/public_html/lib/base.php:3281] View->sandbox()
Wed, 05 Feb 2025 19:39:59 -0500 [2600:1006:b028:d61e:597e:f508:1050:9744] [/home/u991737198/domains/tas2023.online/public_html/app/controllers/Controller.php:87] Preview->render()
Wed, 05 Feb 2025 19:39:59 -0500 [2600:1006:b028:d61e:597e:f508:1050:9744] [/home/u991737198/domains/tas2023.online/public_html/lib/base.php:2078] Controller->afterroute()
Wed, 05 Feb 2025 19:39:59 -0500 [2600:1006:b028:d61e:597e:f508:1050:9744] [/home/u991737198/domains/tas2023.online/public_html/lib/base.php:1871] Base->call()
Wed, 05 Feb 2025 19:39:59 -0500 [2600:1006:b028:d61e:597e:f508:1050:9744] [/home/u991737198/domains/tas2023.online/public_html/index.php:19] Base->run()
Wed, 05 Feb 2025 19:40:04 -0500 [2600:1006:b028:d61e:597e:f508:1050:9744] 500: Undefined variable $selected_note trace: [/home/u991737198/domains/tas2023.online/public_html/tmp/3hn69l4qoa804.3g8shy2588w00.php:363]
Wed, 05 Feb 2025 19:40:04 -0500 [2600:1006:b028:d61e:597e:f508:1050:9744] [/home/u991737198/domains/tas2023.online/public_html/tmp/3hn69l4qoa804.3g8shy2588w00.php:363] Base->{closure}()
Wed, 05 Feb 2025 19:40:04 -0500 [2600:1006:b028:d61e:597e:f508:1050:9744] [/home/u991737198/domains/tas2023.online/public_html/lib/base.php:3036] require('/home/u991737198/domains/tas2023.online/public_html/tmp/3hn69l4qoa804.3g8shy2588w00.php')
Wed, 05 Feb 2025 19:40:04 -0500 [2600:1006:b028:d61e:597e:f508:1050:9744] [/home/u991737198/domains/tas2023.online/public_html/lib/base.php:3281] View->sandbox()
Wed, 05 Feb 2025 19:40:04 -0500 [2600:1006:b028:d61e:597e:f508:1050:9744] [/home/u991737198/domains/tas2023.online/public_html/tmp/3hn69l4qoa804.3h31n1yj254w8.php:7] Preview->render()
Wed, 05 Feb 2025 19:40:04 -0500 [2600:1006:b028:d61e:597e:f508:1050:9744] [/home/u991737198/domains/tas2023.online/public_html/lib/base.php:3036] require('/home/u991737198/domains/tas2023.online/public_html/tmp/3hn69l4qoa804.3h31n1yj254w8.php')
Wed, 05 Feb 2025 19:40:04 -0500 [2600:1006:b028:d61e:597e:f508:1050:9744] [/home/u991737198/domains/tas2023.online/public_html/lib/base.php:3281] View->sandbox()
Wed, 05 Feb 2025 19:40:04 -0500 [2600:1006:b028:d61e:597e:f508:1050:9744] [/home/u991737198/domains/tas2023.online/public_html/app/controllers/Controller.php:87] Preview->render()
Wed, 05 Feb 2025 19:40:04 -0500 [2600:1006:b028:d61e:597e:f508:1050:9744] [/home/u991737198/domains/tas2023.online/public_html/lib/base.php:2078] Controller->afterroute()
Wed, 05 Feb 2025 19:40:04 -0500 [2600:1006:b028:d61e:597e:f508:1050:9744] [/home/u991737198/domains/tas2023.online/public_html/lib/base.php:1871] Base->call()
Wed, 05 Feb 2025 19:40:04 -0500 [2600:1006:b028:d61e:597e:f508:1050:9744] [/home/u991737198/domains/tas2023.online/public_html/index.php:19] Base->run()
Wed, 05 Feb 2025 19:40:11 -0500 [2600:1006:b028:d61e:597e:f508:1050:9744] 500: Undefined variable $selected_note trace: [/home/u991737198/domains/tas2023.online/public_html/tmp/3hn69l4qoa804.3g8shy2588w00.php:363]
Wed, 05 Feb 2025 19:40:11 -0500 [2600:1006:b028:d61e:597e:f508:1050:9744] [/home/u991737198/domains/tas2023.online/public_html/tmp/3hn69l4qoa804.3g8shy2588w00.php:363] Base->{closure}()
Wed, 05 Feb 2025 19:40:11 -0500 [2600:1006:b028:d61e:597e:f508:1050:9744] [/home/u991737198/domains/tas2023.online/public_html/lib/base.php:3036] require('/home/u991737198/domains/tas2023.online/public_html/tmp/3hn69l4qoa804.3g8shy2588w00.php')
Wed, 05 Feb 2025 19:40:11 -0500 [2600:1006:b028:d61e:597e:f508:1050:9744] [/home/u991737198/domains/tas2023.online/public_html/lib/base.php:3281] View->sandbox()
Wed, 05 Feb 2025 19:40:11 -0500 [2600:1006:b028:d61e:597e:f508:1050:9744] [/home/u991737198/domains/tas2023.online/public_html/tmp/3hn69l4qoa804.3h31n1yj254w8.php:7] Preview->render()
Wed, 05 Feb 2025 19:40:11 -0500 [2600:1006:b028:d61e:597e:f508:1050:9744] [/home/u991737198/domains/tas2023.online/public_html/lib/base.php:3036] require('/home/u991737198/domains/tas2023.online/public_html/tmp/3hn69l4qoa804.3h31n1yj254w8.php')
Wed, 05 Feb 2025 19:40:11 -0500 [2600:1006:b028:d61e:597e:f508:1050:9744] [/home/u991737198/domains/tas2023.online/public_html/lib/base.php:3281] View->sandbox()
Wed, 05 Feb 2025 19:40:11 -0500 [2600:1006:b028:d61e:597e:f508:1050:9744] [/home/u991737198/domains/tas2023.online/public_html/app/controllers/Controller.php:87] Preview->render()
Wed, 05 Feb 2025 19:40:11 -0500 [2600:1006:b028:d61e:597e:f508:1050:9744] [/home/u991737198/domains/tas2023.online/public_html/lib/base.php:2078] Controller->afterroute()
Wed, 05 Feb 2025 19:40:11 -0500 [2600:1006:b028:d61e:597e:f508:1050:9744] [/home/u991737198/domains/tas2023.online/public_html/lib/base.php:1871] Base->call()
Wed, 05 Feb 2025 19:40:11 -0500 [2600:1006:b028:d61e:597e:f508:1050:9744] [/home/u991737198/domains/tas2023.online/public_html/index.php:19] Base->run()
Wed, 05 Feb 2025 19:40:18 -0500 [2600:1006:b028:d61e:597e:f508:1050:9744] 500: trim(): Passing null to parameter #1 ($string) of type string is deprecated trace: [/home/u991737198/domains/tas2023.online/public_html/tmp/3hn69l4qoa804.3g8shy2588w00.php:334]
Wed, 05 Feb 2025 19:40:18 -0500 [2600:1006:b028:d61e:597e:f508:1050:9744] [/home/u991737198/domains/tas2023.online/public_html/tmp/3hn69l4qoa804.3g8shy2588w00.php:334] trim()
Wed, 05 Feb 2025 19:40:18 -0500 [2600:1006:b028:d61e:597e:f508:1050:9744] [/home/u991737198/domains/tas2023.online/public_html/lib/base.php:3036] require('/home/u991737198/domains/tas2023.online/public_html/tmp/3hn69l4qoa804.3g8shy2588w00.php')
Wed, 05 Feb 2025 19:40:18 -0500 [2600:1006:b028:d61e:597e:f508:1050:9744] [/home/u991737198/domains/tas2023.online/public_html/lib/base.php:3281] View->sandbox()
Wed, 05 Feb 2025 19:40:18 -0500 [2600:1006:b028:d61e:597e:f508:1050:9744] [/home/u991737198/domains/tas2023.online/public_html/tmp/3hn69l4qoa804.3h31n1yj254w8.php:7] Preview->render()
Wed, 05 Feb 2025 19:40:18 -0500 [2600:1006:b028:d61e:597e:f508:1050:9744] [/home/u991737198/domains/tas2023.online/public_html/lib/base.php:3036] require('/home/u991737198/domains/tas2023.online/public_html/tmp/3hn69l4qoa804.3h31n1yj254w8.php')
Wed, 05 Feb 2025 19:40:18 -0500 [2600:1006:b028:d61e:597e:f508:1050:9744] [/home/u991737198/domains/tas2023.online/public_html/lib/base.php:3281] View->sandbox()
Wed, 05 Feb 2025 19:40:18 -0500 [2600:1006:b028:d61e:597e:f508:1050:9744] [/home/u991737198/domains/tas2023.online/public_html/app/controllers/Controller.php:87] Preview->render()
Wed, 05 Feb 2025 19:40:18 -0500 [2600:1006:b028:d61e:597e:f508:1050:9744] [/home/u991737198/domains/tas2023.online/public_html/lib/base.php:2078] Controller->afterroute()
Wed, 05 Feb 2025 19:40:18 -0500 [2600:1006:b028:d61e:597e:f508:1050:9744] [/home/u991737198/domains/tas2023.online/public_html/lib/base.php:1871] Base->call()
Wed, 05 Feb 2025 19:40:18 -0500 [2600:1006:b028:d61e:597e:f508:1050:9744] [/home/u991737198/domains/tas2023.online/public_html/index.php:19] Base->run()
Wed, 05 Feb 2025 19:40:25 -0500 [2600:1006:b028:d61e:597e:f508:1050:9744] 500: trim(): Passing null to parameter #1 ($string) of type string is deprecated trace: [/home/u991737198/domains/tas2023.online/public_html/tmp/3hn69l4qoa804.3g8shy2588w00.php:334]
Wed, 05 Feb 2025 19:40:25 -0500 [2600:1006:b028:d61e:597e:f508:1050:9744] [/home/u991737198/domains/tas2023.online/public_html/tmp/3hn69l4qoa804.3g8shy2588w00.php:334] trim()
Wed, 05 Feb 2025 19:40:25 -0500 [2600:1006:b028:d61e:597e:f508:1050:9744] [/home/u991737198/domains/tas2023.online/public_html/lib/base.php:3036] require('/home/u991737198/domains/tas2023.online/public_html/tmp/3hn69l4qoa804.3g8shy2588w00.php')
Wed, 05 Feb 2025 19:40:25 -0500 [2600:1006:b028:d61e:597e:f508:1050:9744] [/home/u991737198/domains/tas2023.online/public_html/lib/base.php:3281] View->sandbox()
Wed, 05 Feb 2025 19:40:25 -0500 [2600:1006:b028:d61e:597e:f508:1050:9744] [/home/u991737198/domains/tas2023.online/public_html/tmp/3hn69l4qoa804.3h31n1yj254w8.php:7] Preview->render()
Wed, 05 Feb 2025 19:40:25 -0500 [2600:1006:b028:d61e:597e:f508:1050:9744] [/home/u991737198/domains/tas2023.online/public_html/lib/base.php:3036] require('/home/u991737198/domains/tas2023.online/public_html/tmp/3hn69l4qoa804.3h31n1yj254w8.php')
Wed, 05 Feb 2025 19:40:25 -0500 [2600:1006:b028:d61e:597e:f508:1050:9744] [/home/u991737198/domains/tas2023.online/public_html/lib/base.php:3281] View->sandbox()
Wed, 05 Feb 2025 19:40:25 -0500 [2600:1006:b028:d61e:597e:f508:1050:9744] [/home/u991737198/domains/tas2023.online/public_html/app/controllers/Controller.php:87] Preview->render()
Wed, 05 Feb 2025 19:40:25 -0500 [2600:1006:b028:d61e:597e:f508:1050:9744] [/home/u991737198/domains/tas2023.online/public_html/lib/base.php:2078] Controller->afterroute()
Wed, 05 Feb 2025 19:40:25 -0500 [2600:1006:b028:d61e:597e:f508:1050:9744] [/home/u991737198/domains/tas2023.online/public_html/lib/base.php:1871] Base->call()
Wed, 05 Feb 2025 19:40:25 -0500 [2600:1006:b028:d61e:597e:f508:1050:9744] [/home/u991737198/domains/tas2023.online/public_html/index.php:19] Base->run()
Wed, 05 Feb 2025 19:40:48 -0500 [2600:1006:b028:d61e:597e:f508:1050:9744] 500: Undefined variable $entity_num trace: [tmp/3hn69l4qoa804.1zo7dt0fljr4w.php:200]
Wed, 05 Feb 2025 19:40:48 -0500 [2600:1006:b028:d61e:597e:f508:1050:9744] [tmp/3hn69l4qoa804.1zo7dt0fljr4w.php:200] Base->{closure}()
Wed, 05 Feb 2025 19:40:48 -0500 [2600:1006:b028:d61e:597e:f508:1050:9744] [lib/base.php:3036] require('/home/u991737198/domains/tas2023.online/public_html/tmp/3hn69l4qoa804.1zo7dt0fljr4w.php')
Wed, 05 Feb 2025 19:40:48 -0500 [2600:1006:b028:d61e:597e:f508:1050:9744] [lib/base.php:3281] View->sandbox()
Wed, 05 Feb 2025 19:40:48 -0500 [2600:1006:b028:d61e:597e:f508:1050:9744] [tmp/3hn69l4qoa804.3h31n1yj254w8.php:7] Preview->render()
Wed, 05 Feb 2025 19:40:48 -0500 [2600:1006:b028:d61e:597e:f508:1050:9744] [lib/base.php:3036] require('/home/u991737198/domains/tas2023.online/public_html/tmp/3hn69l4qoa804.3h31n1yj254w8.php')
Wed, 05 Feb 2025 19:40:48 -0500 [2600:1006:b028:d61e:597e:f508:1050:9744] [lib/base.php:3281] View->sandbox()
Wed, 05 Feb 2025 19:40:48 -0500 [2600:1006:b028:d61e:597e:f508:1050:9744] [app/controllers/Controller.php:87] Preview->render()
Wed, 05 Feb 2025 19:40:48 -0500 [2600:1006:b028:d61e:597e:f508:1050:9744] [lib/base.php:2078] Controller->afterroute()
Wed, 05 Feb 2025 19:40:48 -0500 [2600:1006:b028:d61e:597e:f508:1050:9744] [lib/base.php:1871] Base->call()
Wed, 05 Feb 2025 19:40:48 -0500 [2600:1006:b028:d61e:597e:f508:1050:9744] [index.php:19] Base->run()
Wed, 05 Feb 2025 19:40:54 -0500 [2600:1006:b028:d61e:597e:f508:1050:9744] 500: Undefined variable $token trace: [tmp/3hn69l4qoa804.2r4f9cgm96ecs.php:226]
Wed, 05 Feb 2025 19:40:54 -0500 [2600:1006:b028:d61e:597e:f508:1050:9744] [tmp/3hn69l4qoa804.2r4f9cgm96ecs.php:226] Base->{closure}()
Wed, 05 Feb 2025 19:40:54 -0500 [2600:1006:b028:d61e:597e:f508:1050:9744] [lib/base.php:3036] require('/home/u991737198/domains/tas2023.online/public_html/tmp/3hn69l4qoa804.2r4f9cgm96ecs.php')
Wed, 05 Feb 2025 19:40:54 -0500 [2600:1006:b028:d61e:597e:f508:1050:9744] [lib/base.php:3281] View->sandbox()
Wed, 05 Feb 2025 19:40:54 -0500 [2600:1006:b028:d61e:597e:f508:1050:9744] [tmp/3hn69l4qoa804.3h31n1yj254w8.php:7] Preview->render()
Wed, 05 Feb 2025 19:40:54 -0500 [2600:1006:b028:d61e:597e:f508:1050:9744] [lib/base.php:3036] require('/home/u991737198/domains/tas2023.online/public_html/tmp/3hn69l4qoa804.3h31n1yj254w8.php')
Wed, 05 Feb 2025 19:40:54 -0500 [2600:1006:b028:d61e:597e:f508:1050:9744] [lib/base.php:3281] View->sandbox()
Wed, 05 Feb 2025 19:40:54 -0500 [2600:1006:b028:d61e:597e:f508:1050:9744] [app/controllers/Controller.php:87] Preview->render()
Wed, 05 Feb 2025 19:40:54 -0500 [2600:1006:b028:d61e:597e:f508:1050:9744] [lib/base.php:2078] Controller->afterroute()
Wed, 05 Feb 2025 19:40:54 -0500 [2600:1006:b028:d61e:597e:f508:1050:9744] [lib/base.php:1871] Base->call()
Wed, 05 Feb 2025 19:40:54 -0500 [2600:1006:b028:d61e:597e:f508:1050:9744] [index.php:19] Base->run()
Wed, 05 Feb 2025 19:41:00 -0500 [2600:1006:b028:d61e:597e:f508:1050:9744] 500: Undefined variable $entity_num trace: [tmp/3hn69l4qoa804.1zo7dt0fljr4w.php:200]
Wed, 05 Feb 2025 19:41:00 -0500 [2600:1006:b028:d61e:597e:f508:1050:9744] [tmp/3hn69l4qoa804.1zo7dt0fljr4w.php:200] Base->{closure}()
Wed, 05 Feb 2025 19:41:00 -0500 [2600:1006:b028:d61e:597e:f508:1050:9744] [lib/base.php:3036] require('/home/u991737198/domains/tas2023.online/public_html/tmp/3hn69l4qoa804.1zo7dt0fljr4w.php')
Wed, 05 Feb 2025 19:41:00 -0500 [2600:1006:b028:d61e:597e:f508:1050:9744] [lib/base.php:3281] View->sandbox()
Wed, 05 Feb 2025 19:41:00 -0500 [2600:1006:b028:d61e:597e:f508:1050:9744] [tmp/3hn69l4qoa804.3h31n1yj254w8.php:7] Preview->render()
Wed, 05 Feb 2025 19:41:00 -0500 [2600:1006:b028:d61e:597e:f508:1050:9744] [lib/base.php:3036] require('/home/u991737198/domains/tas2023.online/public_html/tmp/3hn69l4qoa804.3h31n1yj254w8.php')
Wed, 05 Feb 2025 19:41:00 -0500 [2600:1006:b028:d61e:597e:f508:1050:9744] [lib/base.php:3281] View->sandbox()
Wed, 05 Feb 2025 19:41:00 -0500 [2600:1006:b028:d61e:597e:f508:1050:9744] [app/controllers/Controller.php:87] Preview->render()
Wed, 05 Feb 2025 19:41:00 -0500 [2600:1006:b028:d61e:597e:f508:1050:9744] [lib/base.php:2078] Controller->afterroute()
Wed, 05 Feb 2025 19:41:00 -0500 [2600:1006:b028:d61e:597e:f508:1050:9744] [lib/base.php:1871] Base->call()
Wed, 05 Feb 2025 19:41:00 -0500 [2600:1006:b028:d61e:597e:f508:1050:9744] [index.php:19] Base->run()
Wed, 05 Feb 2025 19:41:13 -0500 [2600:1006:b028:d61e:597e:f508:1050:9744] 500: Undefined variable $entity_num trace: [tmp/3hn69l4qoa804.1zo7dt0fljr4w.php:200]
Wed, 05 Feb 2025 19:41:13 -0500 [2600:1006:b028:d61e:597e:f508:1050:9744] [tmp/3hn69l4qoa804.1zo7dt0fljr4w.php:200] Base->{closure}()
Wed, 05 Feb 2025 19:41:13 -0500 [2600:1006:b028:d61e:597e:f508:1050:9744] [lib/base.php:3036] require('/home/u991737198/domains/tas2023.online/public_html/tmp/3hn69l4qoa804.1zo7dt0fljr4w.php')
Wed, 05 Feb 2025 19:41:13 -0500 [2600:1006:b028:d61e:597e:f508:1050:9744] [lib/base.php:3281] View->sandbox()
Wed, 05 Feb 2025 19:41:13 -0500 [2600:1006:b028:d61e:597e:f508:1050:9744] [tmp/3hn69l4qoa804.3h31n1yj254w8.php:7] Preview->render()
Wed, 05 Feb 2025 19:41:13 -0500 [2600:1006:b028:d61e:597e:f508:1050:9744] [lib/base.php:3036] require('/home/u991737198/domains/tas2023.online/public_html/tmp/3hn69l4qoa804.3h31n1yj254w8.php')
Wed, 05 Feb 2025 19:41:13 -0500 [2600:1006:b028:d61e:597e:f508:1050:9744] [lib/base.php:3281] View->sandbox()
Wed, 05 Feb 2025 19:41:13 -0500 [2600:1006:b028:d61e:597e:f508:1050:9744] [app/controllers/Controller.php:87] Preview->render()
Wed, 05 Feb 2025 19:41:13 -0500 [2600:1006:b028:d61e:597e:f508:1050:9744] [lib/base.php:2078] Controller->afterroute()
Wed, 05 Feb 2025 19:41:13 -0500 [2600:1006:b028:d61e:597e:f508:1050:9744] [lib/base.php:1871] Base->call()
Wed, 05 Feb 2025 19:41:13 -0500 [2600:1006:b028:d61e:597e:f508:1050:9744] [index.php:19] Base->run()
Wed, 05 Feb 2025 19:41:18 -0500 [2600:1006:b028:d61e:597e:f508:1050:9744] 500: Undefined variable $selected_note trace: [/home/u991737198/domains/tas2023.online/public_html/tmp/3hn69l4qoa804.3g8shy2588w00.php:363]
Wed, 05 Feb 2025 19:41:18 -0500 [2600:1006:b028:d61e:597e:f508:1050:9744] [/home/u991737198/domains/tas2023.online/public_html/tmp/3hn69l4qoa804.3g8shy2588w00.php:363] Base->{closure}()
Wed, 05 Feb 2025 19:41:18 -0500 [2600:1006:b028:d61e:597e:f508:1050:9744] [/home/u991737198/domains/tas2023.online/public_html/lib/base.php:3036] require('/home/u991737198/domains/tas2023.online/public_html/tmp/3hn69l4qoa804.3g8shy2588w00.php')
Wed, 05 Feb 2025 19:41:18 -0500 [2600:1006:b028:d61e:597e:f508:1050:9744] [/home/u991737198/domains/tas2023.online/public_html/lib/base.php:3281] View->sandbox()
Wed, 05 Feb 2025 19:41:18 -0500 [2600:1006:b028:d61e:597e:f508:1050:9744] [/home/u991737198/domains/tas2023.online/public_html/tmp/3hn69l4qoa804.3h31n1yj254w8.php:7] Preview->render()
Wed, 05 Feb 2025 19:41:18 -0500 [2600:1006:b028:d61e:597e:f508:1050:9744] [/home/u991737198/domains/tas2023.online/public_html/lib/base.php:3036] require('/home/u991737198/domains/tas2023.online/public_html/tmp/3hn69l4qoa804.3h31n1yj254w8.php')
Wed, 05 Feb 2025 19:41:18 -0500 [2600:1006:b028:d61e:597e:f508:1050:9744] [/home/u991737198/domains/tas2023.online/public_html/lib/base.php:3281] View->sandbox()
Wed, 05 Feb 2025 19:41:18 -0500 [2600:1006:b028:d61e:597e:f508:1050:9744] [/home/u991737198/domains/tas2023.online/public_html/app/controllers/Controller.php:87] Preview->render()
Wed, 05 Feb 2025 19:41:18 -0500 [2600:1006:b028:d61e:597e:f508:1050:9744] [/home/u991737198/domains/tas2023.online/public_html/lib/base.php:2078] Controller->afterroute()
Wed, 05 Feb 2025 19:41:18 -0500 [2600:1006:b028:d61e:597e:f508:1050:9744] [/home/u991737198/domains/tas2023.online/public_html/lib/base.php:1871] Base->call()
Wed, 05 Feb 2025 19:41:18 -0500 [2600:1006:b028:d61e:597e:f508:1050:9744] [/home/u991737198/domains/tas2023.online/public_html/index.php:19] Base->run()
Wed, 05 Feb 2025 19:41:35 -0500 [2600:1006:b028:d61e:597e:f508:1050:9744] 500: Undefined variable $entity_num trace: [tmp/3hn69l4qoa804.1zo7dt0fljr4w.php:200]
Wed, 05 Feb 2025 19:41:35 -0500 [2600:1006:b028:d61e:597e:f508:1050:9744] [tmp/3hn69l4qoa804.1zo7dt0fljr4w.php:200] Base->{closure}()
Wed, 05 Feb 2025 19:41:35 -0500 [2600:1006:b028:d61e:597e:f508:1050:9744] [lib/base.php:3036] require('/home/u991737198/domains/tas2023.online/public_html/tmp/3hn69l4qoa804.1zo7dt0fljr4w.php')
Wed, 05 Feb 2025 19:41:35 -0500 [2600:1006:b028:d61e:597e:f508:1050:9744] [lib/base.php:3281] View->sandbox()
Wed, 05 Feb 2025 19:41:35 -0500 [2600:1006:b028:d61e:597e:f508:1050:9744] [tmp/3hn69l4qoa804.3h31n1yj254w8.php:7] Preview->render()
Wed, 05 Feb 2025 19:41:35 -0500 [2600:1006:b028:d61e:597e:f508:1050:9744] [lib/base.php:3036] require('/home/u991737198/domains/tas2023.online/public_html/tmp/3hn69l4qoa804.3h31n1yj254w8.php')
Wed, 05 Feb 2025 19:41:35 -0500 [2600:1006:b028:d61e:597e:f508:1050:9744] [lib/base.php:3281] View->sandbox()
Wed, 05 Feb 2025 19:41:35 -0500 [2600:1006:b028:d61e:597e:f508:1050:9744] [app/controllers/Controller.php:87] Preview->render()
Wed, 05 Feb 2025 19:41:35 -0500 [2600:1006:b028:d61e:597e:f508:1050:9744] [lib/base.php:2078] Controller->afterroute()
Wed, 05 Feb 2025 19:41:35 -0500 [2600:1006:b028:d61e:597e:f508:1050:9744] [lib/base.php:1871] Base->call()
Wed, 05 Feb 2025 19:41:35 -0500 [2600:1006:b028:d61e:597e:f508:1050:9744] [index.php:19] Base->run()
