Sun, 09 Feb 2025 19:11:56 -0500 [2603:9000:f801:55e2:6c8d:2f36:32be:cb41] 401: HTTP 401 (GET /task/taskDistribution) trace: [/home/u991737198/domains/tas2023.online/public_html/lib/access.php:112] Base->error()
Sun, 09 Feb 2025 19:11:56 -0500 [2603:9000:f801:55e2:6c8d:2f36:32be:cb41] [/home/u991737198/domains/tas2023.online/public_html/app/controllers/Controller.php:78] Access->authorize()
Sun, 09 Feb 2025 19:11:56 -0500 [2603:9000:f801:55e2:6c8d:2f36:32be:cb41] 401: HTTP 401 (GET /task/taskData) trace: [/home/u991737198/domains/tas2023.online/public_html/lib/access.php:112] Base->error()
Sun, 09 Feb 2025 19:11:56 -0500 [2603:9000:f801:55e2:6c8d:2f36:32be:cb41] [/home/u991737198/domains/tas2023.online/public_html/lib/base.php:2069] Controller->beforeroute()
Sun, 09 Feb 2025 19:11:56 -0500 [2603:9000:f801:55e2:6c8d:2f36:32be:cb41] [/home/u991737198/domains/tas2023.online/public_html/app/controllers/Controller.php:78] Access->authorize()
Sun, 09 Feb 2025 19:11:56 -0500 [2603:9000:f801:55e2:6c8d:2f36:32be:cb41] [/home/u991737198/domains/tas2023.online/public_html/lib/base.php:1871] Base->call()
Sun, 09 Feb 2025 19:11:56 -0500 [2603:9000:f801:55e2:6c8d:2f36:32be:cb41] 401: HTTP 401 (GET /task/teamProductivity) trace: [/home/u991737198/domains/tas2023.online/public_html/lib/access.php:112] Base->error()
Sun, 09 Feb 2025 19:11:56 -0500 [2603:9000:f801:55e2:6c8d:2f36:32be:cb41] [/home/u991737198/domains/tas2023.online/public_html/lib/base.php:2069] Controller->beforeroute()
Sun, 09 Feb 2025 19:11:56 -0500 [2603:9000:f801:55e2:6c8d:2f36:32be:cb41] [/home/u991737198/domains/tas2023.online/public_html/index.php:19] Base->run()
Sun, 09 Feb 2025 19:11:56 -0500 [2603:9000:f801:55e2:6c8d:2f36:32be:cb41] [/home/u991737198/domains/tas2023.online/public_html/app/controllers/Controller.php:78] Access->authorize()
Sun, 09 Feb 2025 19:11:56 -0500 [2603:9000:f801:55e2:6c8d:2f36:32be:cb41] [/home/u991737198/domains/tas2023.online/public_html/lib/base.php:1871] Base->call()
Sun, 09 Feb 2025 19:11:56 -0500 [2603:9000:f801:55e2:6c8d:2f36:32be:cb41] [/home/u991737198/domains/tas2023.online/public_html/lib/base.php:2069] Controller->beforeroute()
Sun, 09 Feb 2025 19:11:56 -0500 [2603:9000:f801:55e2:6c8d:2f36:32be:cb41] [/home/u991737198/domains/tas2023.online/public_html/index.php:19] Base->run()
Sun, 09 Feb 2025 19:11:56 -0500 [2603:9000:f801:55e2:6c8d:2f36:32be:cb41] [/home/u991737198/domains/tas2023.online/public_html/lib/base.php:1871] Base->call()
Sun, 09 Feb 2025 19:11:56 -0500 [2603:9000:f801:55e2:6c8d:2f36:32be:cb41] [/home/u991737198/domains/tas2023.online/public_html/index.php:19] Base->run()
Sun, 09 Feb 2025 19:18:54 -0500 [2603:9000:f801:55e2:6c8d:2f36:32be:cb41] 500: Undefined variable $entity_num trace: [tmp/3hn69l4qoa804.1zo7dt0fljr4w.php:200]
Sun, 09 Feb 2025 19:18:54 -0500 [2603:9000:f801:55e2:6c8d:2f36:32be:cb41] [tmp/3hn69l4qoa804.1zo7dt0fljr4w.php:200] Base->{closure}()
Sun, 09 Feb 2025 19:18:54 -0500 [2603:9000:f801:55e2:6c8d:2f36:32be:cb41] [lib/base.php:3036] require('/home/u991737198/domains/tas2023.online/public_html/tmp/3hn69l4qoa804.1zo7dt0fljr4w.php')
Sun, 09 Feb 2025 19:18:54 -0500 [2603:9000:f801:55e2:6c8d:2f36:32be:cb41] [lib/base.php:3281] View->sandbox()
Sun, 09 Feb 2025 19:18:54 -0500 [2603:9000:f801:55e2:6c8d:2f36:32be:cb41] [tmp/3hn69l4qoa804.3h31n1yj254w8.php:7] Preview->render()
Sun, 09 Feb 2025 19:18:54 -0500 [2603:9000:f801:55e2:6c8d:2f36:32be:cb41] [lib/base.php:3036] require('/home/u991737198/domains/tas2023.online/public_html/tmp/3hn69l4qoa804.3h31n1yj254w8.php')
Sun, 09 Feb 2025 19:18:54 -0500 [2603:9000:f801:55e2:6c8d:2f36:32be:cb41] [lib/base.php:3281] View->sandbox()
Sun, 09 Feb 2025 19:18:54 -0500 [2603:9000:f801:55e2:6c8d:2f36:32be:cb41] [app/controllers/Controller.php:87] Preview->render()
Sun, 09 Feb 2025 19:18:54 -0500 [2603:9000:f801:55e2:6c8d:2f36:32be:cb41] [lib/base.php:2078] Controller->afterroute()
Sun, 09 Feb 2025 19:18:54 -0500 [2603:9000:f801:55e2:6c8d:2f36:32be:cb41] [lib/base.php:1871] Base->call()
Sun, 09 Feb 2025 19:18:54 -0500 [2603:9000:f801:55e2:6c8d:2f36:32be:cb41] [index.php:19] Base->run()
Sun, 09 Feb 2025 19:19:03 -0500 [2603:9000:f801:55e2:6c8d:2f36:32be:cb41] 500: Undefined variable $entity_num trace: [tmp/3hn69l4qoa804.1zo7dt0fljr4w.php:200]
Sun, 09 Feb 2025 19:19:03 -0500 [2603:9000:f801:55e2:6c8d:2f36:32be:cb41] [tmp/3hn69l4qoa804.1zo7dt0fljr4w.php:200] Base->{closure}()
Sun, 09 Feb 2025 19:19:03 -0500 [2603:9000:f801:55e2:6c8d:2f36:32be:cb41] [lib/base.php:3036] require('/home/u991737198/domains/tas2023.online/public_html/tmp/3hn69l4qoa804.1zo7dt0fljr4w.php')
Sun, 09 Feb 2025 19:19:03 -0500 [2603:9000:f801:55e2:6c8d:2f36:32be:cb41] [lib/base.php:3281] View->sandbox()
Sun, 09 Feb 2025 19:19:03 -0500 [2603:9000:f801:55e2:6c8d:2f36:32be:cb41] [tmp/3hn69l4qoa804.3h31n1yj254w8.php:7] Preview->render()
Sun, 09 Feb 2025 19:19:03 -0500 [2603:9000:f801:55e2:6c8d:2f36:32be:cb41] [lib/base.php:3036] require('/home/u991737198/domains/tas2023.online/public_html/tmp/3hn69l4qoa804.3h31n1yj254w8.php')
Sun, 09 Feb 2025 19:19:03 -0500 [2603:9000:f801:55e2:6c8d:2f36:32be:cb41] [lib/base.php:3281] View->sandbox()
Sun, 09 Feb 2025 19:19:03 -0500 [2603:9000:f801:55e2:6c8d:2f36:32be:cb41] [app/controllers/Controller.php:87] Preview->render()
Sun, 09 Feb 2025 19:19:03 -0500 [2603:9000:f801:55e2:6c8d:2f36:32be:cb41] [lib/base.php:2078] Controller->afterroute()
Sun, 09 Feb 2025 19:19:03 -0500 [2603:9000:f801:55e2:6c8d:2f36:32be:cb41] [lib/base.php:1871] Base->call()
Sun, 09 Feb 2025 19:19:03 -0500 [2603:9000:f801:55e2:6c8d:2f36:32be:cb41] [index.php:19] Base->run()
Sun, 09 Feb 2025 19:20:09 -0500 [2603:9000:f801:55e2:6c8d:2f36:32be:cb41] 500: Undefined variable $entity_num trace: [tmp/3hn69l4qoa804.1zo7dt0fljr4w.php:200]
Sun, 09 Feb 2025 19:20:09 -0500 [2603:9000:f801:55e2:6c8d:2f36:32be:cb41] [tmp/3hn69l4qoa804.1zo7dt0fljr4w.php:200] Base->{closure}()
Sun, 09 Feb 2025 19:20:09 -0500 [2603:9000:f801:55e2:6c8d:2f36:32be:cb41] [lib/base.php:3036] require('/home/u991737198/domains/tas2023.online/public_html/tmp/3hn69l4qoa804.1zo7dt0fljr4w.php')
Sun, 09 Feb 2025 19:20:09 -0500 [2603:9000:f801:55e2:6c8d:2f36:32be:cb41] [lib/base.php:3281] View->sandbox()
Sun, 09 Feb 2025 19:20:09 -0500 [2603:9000:f801:55e2:6c8d:2f36:32be:cb41] [tmp/3hn69l4qoa804.3h31n1yj254w8.php:7] Preview->render()
Sun, 09 Feb 2025 19:20:09 -0500 [2603:9000:f801:55e2:6c8d:2f36:32be:cb41] [lib/base.php:3036] require('/home/u991737198/domains/tas2023.online/public_html/tmp/3hn69l4qoa804.3h31n1yj254w8.php')
Sun, 09 Feb 2025 19:20:09 -0500 [2603:9000:f801:55e2:6c8d:2f36:32be:cb41] [lib/base.php:3281] View->sandbox()
Sun, 09 Feb 2025 19:20:09 -0500 [2603:9000:f801:55e2:6c8d:2f36:32be:cb41] [app/controllers/Controller.php:87] Preview->render()
Sun, 09 Feb 2025 19:20:09 -0500 [2603:9000:f801:55e2:6c8d:2f36:32be:cb41] [lib/base.php:2078] Controller->afterroute()
Sun, 09 Feb 2025 19:20:09 -0500 [2603:9000:f801:55e2:6c8d:2f36:32be:cb41] [lib/base.php:1871] Base->call()
Sun, 09 Feb 2025 19:20:09 -0500 [2603:9000:f801:55e2:6c8d:2f36:32be:cb41] [index.php:19] Base->run()
Sun, 09 Feb 2025 19:20:21 -0500 [2603:9000:f801:55e2:6c8d:2f36:32be:cb41] 500: Undefined variable $fechapicker trace: [/home/u991737198/domains/tas2023.online/public_html/tmp/3hn69l4qoa804.22phmm30e0u84.php:334]
Sun, 09 Feb 2025 19:20:21 -0500 [2603:9000:f801:55e2:6c8d:2f36:32be:cb41] [/home/u991737198/domains/tas2023.online/public_html/tmp/3hn69l4qoa804.22phmm30e0u84.php:334] Base->{closure}()
Sun, 09 Feb 2025 19:20:21 -0500 [2603:9000:f801:55e2:6c8d:2f36:32be:cb41] [/home/u991737198/domains/tas2023.online/public_html/lib/base.php:3036] require('/home/u991737198/domains/tas2023.online/public_html/tmp/3hn69l4qoa804.22phmm30e0u84.php')
Sun, 09 Feb 2025 19:20:21 -0500 [2603:9000:f801:55e2:6c8d:2f36:32be:cb41] [/home/u991737198/domains/tas2023.online/public_html/lib/base.php:3281] View->sandbox()
Sun, 09 Feb 2025 19:20:21 -0500 [2603:9000:f801:55e2:6c8d:2f36:32be:cb41] [/home/u991737198/domains/tas2023.online/public_html/tmp/3hn69l4qoa804.3h31n1yj254w8.php:7] Preview->render()
Sun, 09 Feb 2025 19:20:21 -0500 [2603:9000:f801:55e2:6c8d:2f36:32be:cb41] [/home/u991737198/domains/tas2023.online/public_html/lib/base.php:3036] require('/home/u991737198/domains/tas2023.online/public_html/tmp/3hn69l4qoa804.3h31n1yj254w8.php')
Sun, 09 Feb 2025 19:20:21 -0500 [2603:9000:f801:55e2:6c8d:2f36:32be:cb41] [/home/u991737198/domains/tas2023.online/public_html/lib/base.php:3281] View->sandbox()
Sun, 09 Feb 2025 19:20:21 -0500 [2603:9000:f801:55e2:6c8d:2f36:32be:cb41] [/home/u991737198/domains/tas2023.online/public_html/app/controllers/Controller.php:87] Preview->render()
Sun, 09 Feb 2025 19:20:21 -0500 [2603:9000:f801:55e2:6c8d:2f36:32be:cb41] [/home/u991737198/domains/tas2023.online/public_html/lib/base.php:2078] Controller->afterroute()
Sun, 09 Feb 2025 19:20:21 -0500 [2603:9000:f801:55e2:6c8d:2f36:32be:cb41] [/home/u991737198/domains/tas2023.online/public_html/lib/base.php:1871] Base->call()
Sun, 09 Feb 2025 19:20:21 -0500 [2603:9000:f801:55e2:6c8d:2f36:32be:cb41] [/home/u991737198/domains/tas2023.online/public_html/index.php:19] Base->run()
Sun, 09 Feb 2025 19:20:23 -0500 [2603:9000:f801:55e2:6c8d:2f36:32be:cb41] 500: Undefined variable $fechapicker trace: [/home/u991737198/domains/tas2023.online/public_html/tmp/3hn69l4qoa804.22phmm30e0u84.php:334]
Sun, 09 Feb 2025 19:20:23 -0500 [2603:9000:f801:55e2:6c8d:2f36:32be:cb41] [/home/u991737198/domains/tas2023.online/public_html/tmp/3hn69l4qoa804.22phmm30e0u84.php:334] Base->{closure}()
Sun, 09 Feb 2025 19:20:23 -0500 [2603:9000:f801:55e2:6c8d:2f36:32be:cb41] [/home/u991737198/domains/tas2023.online/public_html/lib/base.php:3036] require('/home/u991737198/domains/tas2023.online/public_html/tmp/3hn69l4qoa804.22phmm30e0u84.php')
Sun, 09 Feb 2025 19:20:23 -0500 [2603:9000:f801:55e2:6c8d:2f36:32be:cb41] [/home/u991737198/domains/tas2023.online/public_html/lib/base.php:3281] View->sandbox()
Sun, 09 Feb 2025 19:20:23 -0500 [2603:9000:f801:55e2:6c8d:2f36:32be:cb41] [/home/u991737198/domains/tas2023.online/public_html/tmp/3hn69l4qoa804.3h31n1yj254w8.php:7] Preview->render()
Sun, 09 Feb 2025 19:20:23 -0500 [2603:9000:f801:55e2:6c8d:2f36:32be:cb41] [/home/u991737198/domains/tas2023.online/public_html/lib/base.php:3036] require('/home/u991737198/domains/tas2023.online/public_html/tmp/3hn69l4qoa804.3h31n1yj254w8.php')
Sun, 09 Feb 2025 19:20:23 -0500 [2603:9000:f801:55e2:6c8d:2f36:32be:cb41] [/home/u991737198/domains/tas2023.online/public_html/lib/base.php:3281] View->sandbox()
Sun, 09 Feb 2025 19:20:23 -0500 [2603:9000:f801:55e2:6c8d:2f36:32be:cb41] [/home/u991737198/domains/tas2023.online/public_html/app/controllers/Controller.php:87] Preview->render()
Sun, 09 Feb 2025 19:20:23 -0500 [2603:9000:f801:55e2:6c8d:2f36:32be:cb41] [/home/u991737198/domains/tas2023.online/public_html/lib/base.php:2078] Controller->afterroute()
Sun, 09 Feb 2025 19:20:23 -0500 [2603:9000:f801:55e2:6c8d:2f36:32be:cb41] [/home/u991737198/domains/tas2023.online/public_html/lib/base.php:1871] Base->call()
Sun, 09 Feb 2025 19:20:23 -0500 [2603:9000:f801:55e2:6c8d:2f36:32be:cb41] [/home/u991737198/domains/tas2023.online/public_html/index.php:19] Base->run()
Sun, 09 Feb 2025 19:20:37 -0500 [2603:9000:f801:55e2:6c8d:2f36:32be:cb41] 500: Undefined variable $selected_note trace: [/home/u991737198/domains/tas2023.online/public_html/tmp/3hn69l4qoa804.3g8shy2588w00.php:363]
Sun, 09 Feb 2025 19:20:37 -0500 [2603:9000:f801:55e2:6c8d:2f36:32be:cb41] [/home/u991737198/domains/tas2023.online/public_html/tmp/3hn69l4qoa804.3g8shy2588w00.php:363] Base->{closure}()
Sun, 09 Feb 2025 19:20:37 -0500 [2603:9000:f801:55e2:6c8d:2f36:32be:cb41] [/home/u991737198/domains/tas2023.online/public_html/lib/base.php:3036] require('/home/u991737198/domains/tas2023.online/public_html/tmp/3hn69l4qoa804.3g8shy2588w00.php')
Sun, 09 Feb 2025 19:20:37 -0500 [2603:9000:f801:55e2:6c8d:2f36:32be:cb41] [/home/u991737198/domains/tas2023.online/public_html/lib/base.php:3281] View->sandbox()
Sun, 09 Feb 2025 19:20:37 -0500 [2603:9000:f801:55e2:6c8d:2f36:32be:cb41] [/home/u991737198/domains/tas2023.online/public_html/tmp/3hn69l4qoa804.3h31n1yj254w8.php:7] Preview->render()
Sun, 09 Feb 2025 19:20:37 -0500 [2603:9000:f801:55e2:6c8d:2f36:32be:cb41] [/home/u991737198/domains/tas2023.online/public_html/lib/base.php:3036] require('/home/u991737198/domains/tas2023.online/public_html/tmp/3hn69l4qoa804.3h31n1yj254w8.php')
Sun, 09 Feb 2025 19:20:37 -0500 [2603:9000:f801:55e2:6c8d:2f36:32be:cb41] [/home/u991737198/domains/tas2023.online/public_html/lib/base.php:3281] View->sandbox()
Sun, 09 Feb 2025 19:20:37 -0500 [2603:9000:f801:55e2:6c8d:2f36:32be:cb41] [/home/u991737198/domains/tas2023.online/public_html/app/controllers/Controller.php:87] Preview->render()
Sun, 09 Feb 2025 19:20:37 -0500 [2603:9000:f801:55e2:6c8d:2f36:32be:cb41] [/home/u991737198/domains/tas2023.online/public_html/lib/base.php:2078] Controller->afterroute()
Sun, 09 Feb 2025 19:20:37 -0500 [2603:9000:f801:55e2:6c8d:2f36:32be:cb41] [/home/u991737198/domains/tas2023.online/public_html/lib/base.php:1871] Base->call()
Sun, 09 Feb 2025 19:20:37 -0500 [2603:9000:f801:55e2:6c8d:2f36:32be:cb41] [/home/u991737198/domains/tas2023.online/public_html/index.php:19] Base->run()
Sun, 09 Feb 2025 19:20:56 -0500 [2603:9000:f801:55e2:6c8d:2f36:32be:cb41] 500: Undefined variable $entity_num trace: [tmp/3hn69l4qoa804.man4oes5p0l2.php:176]
Sun, 09 Feb 2025 19:20:56 -0500 [2603:9000:f801:55e2:6c8d:2f36:32be:cb41] [tmp/3hn69l4qoa804.man4oes5p0l2.php:176] Base->{closure}()
Sun, 09 Feb 2025 19:20:56 -0500 [2603:9000:f801:55e2:6c8d:2f36:32be:cb41] [lib/base.php:3036] require('/home/u991737198/domains/tas2023.online/public_html/tmp/3hn69l4qoa804.man4oes5p0l2.php')
Sun, 09 Feb 2025 19:20:56 -0500 [2603:9000:f801:55e2:6c8d:2f36:32be:cb41] [lib/base.php:3281] View->sandbox()
Sun, 09 Feb 2025 19:20:56 -0500 [2603:9000:f801:55e2:6c8d:2f36:32be:cb41] [tmp/3hn69l4qoa804.3h31n1yj254w8.php:7] Preview->render()
Sun, 09 Feb 2025 19:20:56 -0500 [2603:9000:f801:55e2:6c8d:2f36:32be:cb41] [lib/base.php:3036] require('/home/u991737198/domains/tas2023.online/public_html/tmp/3hn69l4qoa804.3h31n1yj254w8.php')
Sun, 09 Feb 2025 19:20:56 -0500 [2603:9000:f801:55e2:6c8d:2f36:32be:cb41] [lib/base.php:3281] View->sandbox()
Sun, 09 Feb 2025 19:20:56 -0500 [2603:9000:f801:55e2:6c8d:2f36:32be:cb41] [app/controllers/Controller.php:87] Preview->render()
Sun, 09 Feb 2025 19:20:56 -0500 [2603:9000:f801:55e2:6c8d:2f36:32be:cb41] [lib/base.php:2078] Controller->afterroute()
Sun, 09 Feb 2025 19:20:56 -0500 [2603:9000:f801:55e2:6c8d:2f36:32be:cb41] [lib/base.php:1871] Base->call()
Sun, 09 Feb 2025 19:20:56 -0500 [2603:9000:f801:55e2:6c8d:2f36:32be:cb41] [index.php:19] Base->run()
Sun, 09 Feb 2025 19:21:02 -0500 [2603:9000:f801:55e2:6c8d:2f36:32be:cb41] 500: Undefined variable $selected_note trace: [/home/u991737198/domains/tas2023.online/public_html/tmp/3hn69l4qoa804.3g8shy2588w00.php:363]
Sun, 09 Feb 2025 19:21:02 -0500 [2603:9000:f801:55e2:6c8d:2f36:32be:cb41] [/home/u991737198/domains/tas2023.online/public_html/tmp/3hn69l4qoa804.3g8shy2588w00.php:363] Base->{closure}()
Sun, 09 Feb 2025 19:21:02 -0500 [2603:9000:f801:55e2:6c8d:2f36:32be:cb41] [/home/u991737198/domains/tas2023.online/public_html/lib/base.php:3036] require('/home/u991737198/domains/tas2023.online/public_html/tmp/3hn69l4qoa804.3g8shy2588w00.php')
Sun, 09 Feb 2025 19:21:02 -0500 [2603:9000:f801:55e2:6c8d:2f36:32be:cb41] [/home/u991737198/domains/tas2023.online/public_html/lib/base.php:3281] View->sandbox()
Sun, 09 Feb 2025 19:21:02 -0500 [2603:9000:f801:55e2:6c8d:2f36:32be:cb41] [/home/u991737198/domains/tas2023.online/public_html/tmp/3hn69l4qoa804.3h31n1yj254w8.php:7] Preview->render()
Sun, 09 Feb 2025 19:21:02 -0500 [2603:9000:f801:55e2:6c8d:2f36:32be:cb41] [/home/u991737198/domains/tas2023.online/public_html/lib/base.php:3036] require('/home/u991737198/domains/tas2023.online/public_html/tmp/3hn69l4qoa804.3h31n1yj254w8.php')
Sun, 09 Feb 2025 19:21:02 -0500 [2603:9000:f801:55e2:6c8d:2f36:32be:cb41] [/home/u991737198/domains/tas2023.online/public_html/lib/base.php:3281] View->sandbox()
Sun, 09 Feb 2025 19:21:02 -0500 [2603:9000:f801:55e2:6c8d:2f36:32be:cb41] [/home/u991737198/domains/tas2023.online/public_html/app/controllers/Controller.php:87] Preview->render()
Sun, 09 Feb 2025 19:21:02 -0500 [2603:9000:f801:55e2:6c8d:2f36:32be:cb41] [/home/u991737198/domains/tas2023.online/public_html/lib/base.php:2078] Controller->afterroute()
Sun, 09 Feb 2025 19:21:02 -0500 [2603:9000:f801:55e2:6c8d:2f36:32be:cb41] [/home/u991737198/domains/tas2023.online/public_html/lib/base.php:1871] Base->call()
Sun, 09 Feb 2025 19:21:02 -0500 [2603:9000:f801:55e2:6c8d:2f36:32be:cb41] [/home/u991737198/domains/tas2023.online/public_html/index.php:19] Base->run()
