Tue, 11 Nov 2025 11:02:35 +0000 [192.3.255.181] 500: Undefined field activado trace: [lib/db/sql/mapper.php:132]
Tue, 11 Nov 2025 11:02:35 +0000 [192.3.255.181] [lib/db/sql/mapper.php:132] user_error()
Tue, 11 Nov 2025 11:02:35 +0000 [192.3.255.181] [lib/magic.php:89] DB\SQL\Mapper->get()
Tue, 11 Nov 2025 11:02:35 +0000 [192.3.255.181] [lib/magic.php:131] Magic->offsetget()
Tue, 11 Nov 2025 11:02:35 +0000 [192.3.255.181] [app/controllers/UserController.php:453] Magic->__get()
Tue, 11 Nov 2025 11:02:35 +0000 [192.3.255.181] [lib/base.php:2072] UserController->create()
Tue, 11 Nov 2025 11:02:35 +0000 [192.3.255.181] [lib/base.php:1871] Base->call()
Tue, 11 Nov 2025 11:02:35 +0000 [192.3.255.181] [index.php:19] Base->run()
Tue, 11 Nov 2025 12:58:12 +0000 [196.251.114.153] MAIL ERROR: SMTP Error: The following recipients failed: yogesh_waikar@yahoo.com: An email sent to this address has been rejected with the reason 'Mailbox does not exist' within the last 30 days. Check for typos in the email, or ensure that this subscriber is not a part of your mailing list. To send an email to this address, contact the support team once you are sure the mailbox has been created
Tue, 11 Nov 2025 17:21:29 +0000 [2607:fb91:8c81:995:b558:a8b3:16c2:ec35] 401: HTTP 401 (GET /task/teamProductivity) trace: [/home/u991737198/domains/tas2023.online/public_html/lib/access.php:112] Base->error()
Tue, 11 Nov 2025 17:21:29 +0000 [2607:fb91:8c81:995:b558:a8b3:16c2:ec35] 401: HTTP 401 (GET /task/userNotesCount) trace: [/home/u991737198/domains/tas2023.online/public_html/lib/access.php:112] Base->error()
Tue, 11 Nov 2025 17:21:29 +0000 [2607:fb91:8c81:995:b558:a8b3:16c2:ec35] [/home/u991737198/domains/tas2023.online/public_html/app/controllers/Controller.php:78] Access->authorize()
Tue, 11 Nov 2025 17:21:29 +0000 [2607:fb91:8c81:995:b558:a8b3:16c2:ec35] [/home/u991737198/domains/tas2023.online/public_html/lib/base.php:2069] Controller->beforeroute()
Tue, 11 Nov 2025 17:21:29 +0000 [2607:fb91:8c81:995:b558:a8b3:16c2:ec35] [/home/u991737198/domains/tas2023.online/public_html/lib/base.php:1871] Base->call()
Tue, 11 Nov 2025 17:21:29 +0000 [2607:fb91:8c81:995:b558:a8b3:16c2:ec35] [/home/u991737198/domains/tas2023.online/public_html/app/controllers/Controller.php:78] Access->authorize()
Tue, 11 Nov 2025 17:21:29 +0000 [2607:fb91:8c81:995:b558:a8b3:16c2:ec35] [/home/u991737198/domains/tas2023.online/public_html/index.php:19] Base->run()
Tue, 11 Nov 2025 17:21:29 +0000 [2607:fb91:8c81:995:b558:a8b3:16c2:ec35] [/home/u991737198/domains/tas2023.online/public_html/lib/base.php:2069] Controller->beforeroute()
Tue, 11 Nov 2025 17:21:29 +0000 [2607:fb91:8c81:995:b558:a8b3:16c2:ec35] [/home/u991737198/domains/tas2023.online/public_html/lib/base.php:1871] Base->call()
Tue, 11 Nov 2025 17:21:29 +0000 [2607:fb91:8c81:995:b558:a8b3:16c2:ec35] [/home/u991737198/domains/tas2023.online/public_html/index.php:19] Base->run()
Tue, 11 Nov 2025 17:21:29 +0000 [2607:fb91:8c81:995:b558:a8b3:16c2:ec35] 401: HTTP 401 (GET /task/taskData) trace: [/home/u991737198/domains/tas2023.online/public_html/lib/access.php:112] Base->error()
Tue, 11 Nov 2025 17:21:29 +0000 [2607:fb91:8c81:995:b558:a8b3:16c2:ec35] 401: HTTP 401 (GET /task/taskDistribution) trace: [/home/u991737198/domains/tas2023.online/public_html/lib/access.php:112] Base->error()
Tue, 11 Nov 2025 17:21:29 +0000 [2607:fb91:8c81:995:b558:a8b3:16c2:ec35] [/home/u991737198/domains/tas2023.online/public_html/app/controllers/Controller.php:78] Access->authorize()
Tue, 11 Nov 2025 17:21:29 +0000 [2607:fb91:8c81:995:b558:a8b3:16c2:ec35] [/home/u991737198/domains/tas2023.online/public_html/lib/base.php:2069] Controller->beforeroute()
Tue, 11 Nov 2025 17:21:29 +0000 [2607:fb91:8c81:995:b558:a8b3:16c2:ec35] [/home/u991737198/domains/tas2023.online/public_html/app/controllers/Controller.php:78] Access->authorize()
Tue, 11 Nov 2025 17:21:29 +0000 [2607:fb91:8c81:995:b558:a8b3:16c2:ec35] [/home/u991737198/domains/tas2023.online/public_html/lib/base.php:1871] Base->call()
Tue, 11 Nov 2025 17:21:29 +0000 [2607:fb91:8c81:995:b558:a8b3:16c2:ec35] [/home/u991737198/domains/tas2023.online/public_html/lib/base.php:2069] Controller->beforeroute()
Tue, 11 Nov 2025 17:21:29 +0000 [2607:fb91:8c81:995:b558:a8b3:16c2:ec35] [/home/u991737198/domains/tas2023.online/public_html/index.php:19] Base->run()
Tue, 11 Nov 2025 17:21:29 +0000 [2607:fb91:8c81:995:b558:a8b3:16c2:ec35] [/home/u991737198/domains/tas2023.online/public_html/lib/base.php:1871] Base->call()
Tue, 11 Nov 2025 17:21:29 +0000 [2607:fb91:8c81:995:b558:a8b3:16c2:ec35] [/home/u991737198/domains/tas2023.online/public_html/index.php:19] Base->run()
Tue, 11 Nov 2025 17:22:24 +0000 [2607:fb91:8c81:995:b558:a8b3:16c2:ec35] 500: Undefined variable $entity_num trace: [tmp/3hn69l4qoa804.man4oes5p0l2.php:177]
Tue, 11 Nov 2025 17:22:24 +0000 [2607:fb91:8c81:995:b558:a8b3:16c2:ec35] [tmp/3hn69l4qoa804.man4oes5p0l2.php:177] Base->{closure}()
Tue, 11 Nov 2025 17:22:24 +0000 [2607:fb91:8c81:995:b558:a8b3:16c2:ec35] [lib/base.php:3036] require('/home/u991737198/domains/tas2023.online/public_html/tmp/3hn69l4qoa804.man4oes5p0l2.php')
Tue, 11 Nov 2025 17:22:24 +0000 [2607:fb91:8c81:995:b558:a8b3:16c2:ec35] [lib/base.php:3281] View->sandbox()
Tue, 11 Nov 2025 17:22:24 +0000 [2607:fb91:8c81:995:b558:a8b3:16c2:ec35] [tmp/3hn69l4qoa804.3h31n1yj254w8.php:7] Preview->render()
Tue, 11 Nov 2025 17:22:24 +0000 [2607:fb91:8c81:995:b558:a8b3:16c2:ec35] [lib/base.php:3036] require('/home/u991737198/domains/tas2023.online/public_html/tmp/3hn69l4qoa804.3h31n1yj254w8.php')
Tue, 11 Nov 2025 17:22:24 +0000 [2607:fb91:8c81:995:b558:a8b3:16c2:ec35] [lib/base.php:3281] View->sandbox()
Tue, 11 Nov 2025 17:22:24 +0000 [2607:fb91:8c81:995:b558:a8b3:16c2:ec35] [app/controllers/Controller.php:87] Preview->render()
Tue, 11 Nov 2025 17:22:24 +0000 [2607:fb91:8c81:995:b558:a8b3:16c2:ec35] [lib/base.php:2078] Controller->afterroute()
Tue, 11 Nov 2025 17:22:24 +0000 [2607:fb91:8c81:995:b558:a8b3:16c2:ec35] [lib/base.php:1871] Base->call()
Tue, 11 Nov 2025 17:22:24 +0000 [2607:fb91:8c81:995:b558:a8b3:16c2:ec35] [index.php:19] Base->run()
Tue, 11 Nov 2025 17:22:29 +0000 [2607:fb91:8c81:995:b558:a8b3:16c2:ec35] 500: Undefined array key 1 trace: [app/controllers/PersonController.php:247]
Tue, 11 Nov 2025 17:22:29 +0000 [2607:fb91:8c81:995:b558:a8b3:16c2:ec35] [app/controllers/PersonController.php:247] Base->{closure}()
Tue, 11 Nov 2025 17:22:29 +0000 [2607:fb91:8c81:995:b558:a8b3:16c2:ec35] [app/controllers/PersonController.php:238] PersonController->calculate_age()
Tue, 11 Nov 2025 17:22:29 +0000 [2607:fb91:8c81:995:b558:a8b3:16c2:ec35] [lib/base.php:2072] PersonController->update()
Tue, 11 Nov 2025 17:22:29 +0000 [2607:fb91:8c81:995:b558:a8b3:16c2:ec35] [lib/base.php:1871] Base->call()
Tue, 11 Nov 2025 17:22:29 +0000 [2607:fb91:8c81:995:b558:a8b3:16c2:ec35] [index.php:19] Base->run()
Tue, 11 Nov 2025 17:22:51 +0000 [2607:fb91:8c81:995:b558:a8b3:16c2:ec35] 500: Undefined variable $selected_note trace: [/home/u991737198/domains/tas2023.online/public_html/tmp/3hn69l4qoa804.3g8shy2588w00.php:385]
Tue, 11 Nov 2025 17:22:51 +0000 [2607:fb91:8c81:995:b558:a8b3:16c2:ec35] [/home/u991737198/domains/tas2023.online/public_html/tmp/3hn69l4qoa804.3g8shy2588w00.php:385] Base->{closure}()
Tue, 11 Nov 2025 17:22:51 +0000 [2607:fb91:8c81:995:b558:a8b3:16c2:ec35] [/home/u991737198/domains/tas2023.online/public_html/lib/base.php:3036] require('/home/u991737198/domains/tas2023.online/public_html/tmp/3hn69l4qoa804.3g8shy2588w00.php')
Tue, 11 Nov 2025 17:22:51 +0000 [2607:fb91:8c81:995:b558:a8b3:16c2:ec35] [/home/u991737198/domains/tas2023.online/public_html/lib/base.php:3281] View->sandbox()
Tue, 11 Nov 2025 17:22:51 +0000 [2607:fb91:8c81:995:b558:a8b3:16c2:ec35] [/home/u991737198/domains/tas2023.online/public_html/tmp/3hn69l4qoa804.3h31n1yj254w8.php:7] Preview->render()
Tue, 11 Nov 2025 17:22:51 +0000 [2607:fb91:8c81:995:b558:a8b3:16c2:ec35] [/home/u991737198/domains/tas2023.online/public_html/lib/base.php:3036] require('/home/u991737198/domains/tas2023.online/public_html/tmp/3hn69l4qoa804.3h31n1yj254w8.php')
Tue, 11 Nov 2025 17:22:51 +0000 [2607:fb91:8c81:995:b558:a8b3:16c2:ec35] [/home/u991737198/domains/tas2023.online/public_html/lib/base.php:3281] View->sandbox()
Tue, 11 Nov 2025 17:22:51 +0000 [2607:fb91:8c81:995:b558:a8b3:16c2:ec35] [/home/u991737198/domains/tas2023.online/public_html/app/controllers/Controller.php:87] Preview->render()
Tue, 11 Nov 2025 17:22:51 +0000 [2607:fb91:8c81:995:b558:a8b3:16c2:ec35] [/home/u991737198/domains/tas2023.online/public_html/lib/base.php:2078] Controller->afterroute()
Tue, 11 Nov 2025 17:22:51 +0000 [2607:fb91:8c81:995:b558:a8b3:16c2:ec35] [/home/u991737198/domains/tas2023.online/public_html/lib/base.php:1871] Base->call()
Tue, 11 Nov 2025 17:22:51 +0000 [2607:fb91:8c81:995:b558:a8b3:16c2:ec35] [/home/u991737198/domains/tas2023.online/public_html/index.php:19] Base->run()
Tue, 11 Nov 2025 17:23:53 +0000 [2607:fb91:8c81:995:b558:a8b3:16c2:ec35] 500: Undefined variable $selected_note trace: [/home/u991737198/domains/tas2023.online/public_html/tmp/3hn69l4qoa804.3g8shy2588w00.php:385]
Tue, 11 Nov 2025 17:23:53 +0000 [2607:fb91:8c81:995:b558:a8b3:16c2:ec35] [/home/u991737198/domains/tas2023.online/public_html/tmp/3hn69l4qoa804.3g8shy2588w00.php:385] Base->{closure}()
Tue, 11 Nov 2025 17:23:53 +0000 [2607:fb91:8c81:995:b558:a8b3:16c2:ec35] [/home/u991737198/domains/tas2023.online/public_html/lib/base.php:3036] require('/home/u991737198/domains/tas2023.online/public_html/tmp/3hn69l4qoa804.3g8shy2588w00.php')
Tue, 11 Nov 2025 17:23:53 +0000 [2607:fb91:8c81:995:b558:a8b3:16c2:ec35] [/home/u991737198/domains/tas2023.online/public_html/lib/base.php:3281] View->sandbox()
Tue, 11 Nov 2025 17:23:53 +0000 [2607:fb91:8c81:995:b558:a8b3:16c2:ec35] [/home/u991737198/domains/tas2023.online/public_html/tmp/3hn69l4qoa804.3h31n1yj254w8.php:7] Preview->render()
Tue, 11 Nov 2025 17:23:53 +0000 [2607:fb91:8c81:995:b558:a8b3:16c2:ec35] [/home/u991737198/domains/tas2023.online/public_html/lib/base.php:3036] require('/home/u991737198/domains/tas2023.online/public_html/tmp/3hn69l4qoa804.3h31n1yj254w8.php')
Tue, 11 Nov 2025 17:23:53 +0000 [2607:fb91:8c81:995:b558:a8b3:16c2:ec35] [/home/u991737198/domains/tas2023.online/public_html/lib/base.php:3281] View->sandbox()
Tue, 11 Nov 2025 17:23:53 +0000 [2607:fb91:8c81:995:b558:a8b3:16c2:ec35] [/home/u991737198/domains/tas2023.online/public_html/app/controllers/Controller.php:87] Preview->render()
Tue, 11 Nov 2025 17:23:53 +0000 [2607:fb91:8c81:995:b558:a8b3:16c2:ec35] [/home/u991737198/domains/tas2023.online/public_html/lib/base.php:2078] Controller->afterroute()
Tue, 11 Nov 2025 17:23:53 +0000 [2607:fb91:8c81:995:b558:a8b3:16c2:ec35] [/home/u991737198/domains/tas2023.online/public_html/lib/base.php:1871] Base->call()
Tue, 11 Nov 2025 17:23:53 +0000 [2607:fb91:8c81:995:b558:a8b3:16c2:ec35] [/home/u991737198/domains/tas2023.online/public_html/index.php:19] Base->run()
Tue, 11 Nov 2025 17:24:29 +0000 [2607:fb91:8c81:995:b558:a8b3:16c2:ec35] 500: Undefined variable $selected_note trace: [/home/u991737198/domains/tas2023.online/public_html/tmp/3hn69l4qoa804.3g8shy2588w00.php:385]
Tue, 11 Nov 2025 17:24:29 +0000 [2607:fb91:8c81:995:b558:a8b3:16c2:ec35] [/home/u991737198/domains/tas2023.online/public_html/tmp/3hn69l4qoa804.3g8shy2588w00.php:385] Base->{closure}()
Tue, 11 Nov 2025 17:24:29 +0000 [2607:fb91:8c81:995:b558:a8b3:16c2:ec35] [/home/u991737198/domains/tas2023.online/public_html/lib/base.php:3036] require('/home/u991737198/domains/tas2023.online/public_html/tmp/3hn69l4qoa804.3g8shy2588w00.php')
Tue, 11 Nov 2025 17:24:29 +0000 [2607:fb91:8c81:995:b558:a8b3:16c2:ec35] [/home/u991737198/domains/tas2023.online/public_html/lib/base.php:3281] View->sandbox()
Tue, 11 Nov 2025 17:24:29 +0000 [2607:fb91:8c81:995:b558:a8b3:16c2:ec35] [/home/u991737198/domains/tas2023.online/public_html/tmp/3hn69l4qoa804.3h31n1yj254w8.php:7] Preview->render()
Tue, 11 Nov 2025 17:24:29 +0000 [2607:fb91:8c81:995:b558:a8b3:16c2:ec35] [/home/u991737198/domains/tas2023.online/public_html/lib/base.php:3036] require('/home/u991737198/domains/tas2023.online/public_html/tmp/3hn69l4qoa804.3h31n1yj254w8.php')
Tue, 11 Nov 2025 17:24:29 +0000 [2607:fb91:8c81:995:b558:a8b3:16c2:ec35] [/home/u991737198/domains/tas2023.online/public_html/lib/base.php:3281] View->sandbox()
Tue, 11 Nov 2025 17:24:29 +0000 [2607:fb91:8c81:995:b558:a8b3:16c2:ec35] [/home/u991737198/domains/tas2023.online/public_html/app/controllers/Controller.php:87] Preview->render()
Tue, 11 Nov 2025 17:24:29 +0000 [2607:fb91:8c81:995:b558:a8b3:16c2:ec35] [/home/u991737198/domains/tas2023.online/public_html/lib/base.php:2078] Controller->afterroute()
Tue, 11 Nov 2025 17:24:29 +0000 [2607:fb91:8c81:995:b558:a8b3:16c2:ec35] [/home/u991737198/domains/tas2023.online/public_html/lib/base.php:1871] Base->call()
Tue, 11 Nov 2025 17:24:29 +0000 [2607:fb91:8c81:995:b558:a8b3:16c2:ec35] [/home/u991737198/domains/tas2023.online/public_html/index.php:19] Base->run()
Tue, 11 Nov 2025 17:24:40 +0000 [2607:fb91:8c81:995:b558:a8b3:16c2:ec35] 500: Undefined variable $selected_note trace: [/home/u991737198/domains/tas2023.online/public_html/tmp/3hn69l4qoa804.3g8shy2588w00.php:385]
Tue, 11 Nov 2025 17:24:40 +0000 [2607:fb91:8c81:995:b558:a8b3:16c2:ec35] [/home/u991737198/domains/tas2023.online/public_html/tmp/3hn69l4qoa804.3g8shy2588w00.php:385] Base->{closure}()
Tue, 11 Nov 2025 17:24:40 +0000 [2607:fb91:8c81:995:b558:a8b3:16c2:ec35] [/home/u991737198/domains/tas2023.online/public_html/lib/base.php:3036] require('/home/u991737198/domains/tas2023.online/public_html/tmp/3hn69l4qoa804.3g8shy2588w00.php')
Tue, 11 Nov 2025 17:24:40 +0000 [2607:fb91:8c81:995:b558:a8b3:16c2:ec35] [/home/u991737198/domains/tas2023.online/public_html/lib/base.php:3281] View->sandbox()
Tue, 11 Nov 2025 17:24:40 +0000 [2607:fb91:8c81:995:b558:a8b3:16c2:ec35] [/home/u991737198/domains/tas2023.online/public_html/tmp/3hn69l4qoa804.3h31n1yj254w8.php:7] Preview->render()
Tue, 11 Nov 2025 17:24:40 +0000 [2607:fb91:8c81:995:b558:a8b3:16c2:ec35] [/home/u991737198/domains/tas2023.online/public_html/lib/base.php:3036] require('/home/u991737198/domains/tas2023.online/public_html/tmp/3hn69l4qoa804.3h31n1yj254w8.php')
Tue, 11 Nov 2025 17:24:40 +0000 [2607:fb91:8c81:995:b558:a8b3:16c2:ec35] [/home/u991737198/domains/tas2023.online/public_html/lib/base.php:3281] View->sandbox()
Tue, 11 Nov 2025 17:24:40 +0000 [2607:fb91:8c81:995:b558:a8b3:16c2:ec35] [/home/u991737198/domains/tas2023.online/public_html/app/controllers/Controller.php:87] Preview->render()
Tue, 11 Nov 2025 17:24:40 +0000 [2607:fb91:8c81:995:b558:a8b3:16c2:ec35] [/home/u991737198/domains/tas2023.online/public_html/lib/base.php:2078] Controller->afterroute()
Tue, 11 Nov 2025 17:24:40 +0000 [2607:fb91:8c81:995:b558:a8b3:16c2:ec35] [/home/u991737198/domains/tas2023.online/public_html/lib/base.php:1871] Base->call()
Tue, 11 Nov 2025 17:24:40 +0000 [2607:fb91:8c81:995:b558:a8b3:16c2:ec35] [/home/u991737198/domains/tas2023.online/public_html/index.php:19] Base->run()
Tue, 11 Nov 2025 17:25:08 +0000 [2607:fb91:8c81:995:b558:a8b3:16c2:ec35] 500: Undefined variable $selected_note trace: [/home/u991737198/domains/tas2023.online/public_html/tmp/3hn69l4qoa804.3g8shy2588w00.php:385]
Tue, 11 Nov 2025 17:25:08 +0000 [2607:fb91:8c81:995:b558:a8b3:16c2:ec35] [/home/u991737198/domains/tas2023.online/public_html/tmp/3hn69l4qoa804.3g8shy2588w00.php:385] Base->{closure}()
Tue, 11 Nov 2025 17:25:08 +0000 [2607:fb91:8c81:995:b558:a8b3:16c2:ec35] [/home/u991737198/domains/tas2023.online/public_html/lib/base.php:3036] require('/home/u991737198/domains/tas2023.online/public_html/tmp/3hn69l4qoa804.3g8shy2588w00.php')
Tue, 11 Nov 2025 17:25:08 +0000 [2607:fb91:8c81:995:b558:a8b3:16c2:ec35] [/home/u991737198/domains/tas2023.online/public_html/lib/base.php:3281] View->sandbox()
Tue, 11 Nov 2025 17:25:08 +0000 [2607:fb91:8c81:995:b558:a8b3:16c2:ec35] [/home/u991737198/domains/tas2023.online/public_html/tmp/3hn69l4qoa804.3h31n1yj254w8.php:7] Preview->render()
Tue, 11 Nov 2025 17:25:08 +0000 [2607:fb91:8c81:995:b558:a8b3:16c2:ec35] [/home/u991737198/domains/tas2023.online/public_html/lib/base.php:3036] require('/home/u991737198/domains/tas2023.online/public_html/tmp/3hn69l4qoa804.3h31n1yj254w8.php')
Tue, 11 Nov 2025 17:25:08 +0000 [2607:fb91:8c81:995:b558:a8b3:16c2:ec35] [/home/u991737198/domains/tas2023.online/public_html/lib/base.php:3281] View->sandbox()
Tue, 11 Nov 2025 17:25:08 +0000 [2607:fb91:8c81:995:b558:a8b3:16c2:ec35] [/home/u991737198/domains/tas2023.online/public_html/app/controllers/Controller.php:87] Preview->render()
Tue, 11 Nov 2025 17:25:08 +0000 [2607:fb91:8c81:995:b558:a8b3:16c2:ec35] [/home/u991737198/domains/tas2023.online/public_html/lib/base.php:2078] Controller->afterroute()
Tue, 11 Nov 2025 17:25:08 +0000 [2607:fb91:8c81:995:b558:a8b3:16c2:ec35] [/home/u991737198/domains/tas2023.online/public_html/lib/base.php:1871] Base->call()
Tue, 11 Nov 2025 17:25:08 +0000 [2607:fb91:8c81:995:b558:a8b3:16c2:ec35] [/home/u991737198/domains/tas2023.online/public_html/index.php:19] Base->run()
Tue, 11 Nov 2025 20:57:08 +0000 [2607:fb91:8c81:995:b558:a8b3:16c2:ec35] 500: Trying to access array offset on value of type null trace: [/home/u991737198/domains/tas2023.online/public_html/app/controllers/TaskController.php:470]
Tue, 11 Nov 2025 20:57:08 +0000 [2607:fb91:8c81:995:b558:a8b3:16c2:ec35] [/home/u991737198/domains/tas2023.online/public_html/app/controllers/TaskController.php:470] Base->{closure}()
Tue, 11 Nov 2025 20:57:08 +0000 [2607:fb91:8c81:995:b558:a8b3:16c2:ec35] [/home/u991737198/domains/tas2023.online/public_html/lib/base.php:2072] TaskController->edittask()
Tue, 11 Nov 2025 20:57:08 +0000 [2607:fb91:8c81:995:b558:a8b3:16c2:ec35] [/home/u991737198/domains/tas2023.online/public_html/lib/base.php:1871] Base->call()
Tue, 11 Nov 2025 20:57:08 +0000 [2607:fb91:8c81:995:b558:a8b3:16c2:ec35] [/home/u991737198/domains/tas2023.online/public_html/index.php:19] Base->run()
Tue, 11 Nov 2025 20:58:13 +0000 [2607:fb91:8c81:995:b558:a8b3:16c2:ec35] 500: Undefined variable $entity_num trace: [tmp/3hn69l4qoa804.man4oes5p0l2.php:177]
Tue, 11 Nov 2025 20:58:13 +0000 [2607:fb91:8c81:995:b558:a8b3:16c2:ec35] [tmp/3hn69l4qoa804.man4oes5p0l2.php:177] Base->{closure}()
Tue, 11 Nov 2025 20:58:13 +0000 [2607:fb91:8c81:995:b558:a8b3:16c2:ec35] [lib/base.php:3036] require('/home/u991737198/domains/tas2023.online/public_html/tmp/3hn69l4qoa804.man4oes5p0l2.php')
Tue, 11 Nov 2025 20:58:13 +0000 [2607:fb91:8c81:995:b558:a8b3:16c2:ec35] [lib/base.php:3281] View->sandbox()
Tue, 11 Nov 2025 20:58:13 +0000 [2607:fb91:8c81:995:b558:a8b3:16c2:ec35] [tmp/3hn69l4qoa804.3h31n1yj254w8.php:7] Preview->render()
Tue, 11 Nov 2025 20:58:13 +0000 [2607:fb91:8c81:995:b558:a8b3:16c2:ec35] [lib/base.php:3036] require('/home/u991737198/domains/tas2023.online/public_html/tmp/3hn69l4qoa804.3h31n1yj254w8.php')
Tue, 11 Nov 2025 20:58:13 +0000 [2607:fb91:8c81:995:b558:a8b3:16c2:ec35] [lib/base.php:3281] View->sandbox()
Tue, 11 Nov 2025 20:58:13 +0000 [2607:fb91:8c81:995:b558:a8b3:16c2:ec35] [app/controllers/Controller.php:87] Preview->render()
Tue, 11 Nov 2025 20:58:13 +0000 [2607:fb91:8c81:995:b558:a8b3:16c2:ec35] [lib/base.php:2078] Controller->afterroute()
Tue, 11 Nov 2025 20:58:13 +0000 [2607:fb91:8c81:995:b558:a8b3:16c2:ec35] [lib/base.php:1871] Base->call()
Tue, 11 Nov 2025 20:58:13 +0000 [2607:fb91:8c81:995:b558:a8b3:16c2:ec35] [index.php:19] Base->run()
Tue, 11 Nov 2025 20:58:21 +0000 [2607:fb91:8c81:995:b558:a8b3:16c2:ec35] 500: Undefined variable $selected_note trace: [/home/u991737198/domains/tas2023.online/public_html/tmp/3hn69l4qoa804.3g8shy2588w00.php:385]
Tue, 11 Nov 2025 20:58:21 +0000 [2607:fb91:8c81:995:b558:a8b3:16c2:ec35] [/home/u991737198/domains/tas2023.online/public_html/tmp/3hn69l4qoa804.3g8shy2588w00.php:385] Base->{closure}()
Tue, 11 Nov 2025 20:58:21 +0000 [2607:fb91:8c81:995:b558:a8b3:16c2:ec35] [/home/u991737198/domains/tas2023.online/public_html/lib/base.php:3036] require('/home/u991737198/domains/tas2023.online/public_html/tmp/3hn69l4qoa804.3g8shy2588w00.php')
Tue, 11 Nov 2025 20:58:21 +0000 [2607:fb91:8c81:995:b558:a8b3:16c2:ec35] [/home/u991737198/domains/tas2023.online/public_html/lib/base.php:3281] View->sandbox()
Tue, 11 Nov 2025 20:58:21 +0000 [2607:fb91:8c81:995:b558:a8b3:16c2:ec35] [/home/u991737198/domains/tas2023.online/public_html/tmp/3hn69l4qoa804.3h31n1yj254w8.php:7] Preview->render()
Tue, 11 Nov 2025 20:58:21 +0000 [2607:fb91:8c81:995:b558:a8b3:16c2:ec35] [/home/u991737198/domains/tas2023.online/public_html/lib/base.php:3036] require('/home/u991737198/domains/tas2023.online/public_html/tmp/3hn69l4qoa804.3h31n1yj254w8.php')
Tue, 11 Nov 2025 20:58:21 +0000 [2607:fb91:8c81:995:b558:a8b3:16c2:ec35] [/home/u991737198/domains/tas2023.online/public_html/lib/base.php:3281] View->sandbox()
Tue, 11 Nov 2025 20:58:21 +0000 [2607:fb91:8c81:995:b558:a8b3:16c2:ec35] [/home/u991737198/domains/tas2023.online/public_html/app/controllers/Controller.php:87] Preview->render()
Tue, 11 Nov 2025 20:58:21 +0000 [2607:fb91:8c81:995:b558:a8b3:16c2:ec35] [/home/u991737198/domains/tas2023.online/public_html/lib/base.php:2078] Controller->afterroute()
Tue, 11 Nov 2025 20:58:21 +0000 [2607:fb91:8c81:995:b558:a8b3:16c2:ec35] [/home/u991737198/domains/tas2023.online/public_html/lib/base.php:1871] Base->call()
Tue, 11 Nov 2025 20:58:21 +0000 [2607:fb91:8c81:995:b558:a8b3:16c2:ec35] [/home/u991737198/domains/tas2023.online/public_html/index.php:19] Base->run()
Tue, 11 Nov 2025 20:58:38 +0000 [2607:fb91:8c81:995:b558:a8b3:16c2:ec35] 500: Undefined variable $selected_note trace: [/home/u991737198/domains/tas2023.online/public_html/tmp/3hn69l4qoa804.3g8shy2588w00.php:385]
Tue, 11 Nov 2025 20:58:38 +0000 [2607:fb91:8c81:995:b558:a8b3:16c2:ec35] [/home/u991737198/domains/tas2023.online/public_html/tmp/3hn69l4qoa804.3g8shy2588w00.php:385] Base->{closure}()
Tue, 11 Nov 2025 20:58:38 +0000 [2607:fb91:8c81:995:b558:a8b3:16c2:ec35] [/home/u991737198/domains/tas2023.online/public_html/lib/base.php:3036] require('/home/u991737198/domains/tas2023.online/public_html/tmp/3hn69l4qoa804.3g8shy2588w00.php')
Tue, 11 Nov 2025 20:58:38 +0000 [2607:fb91:8c81:995:b558:a8b3:16c2:ec35] [/home/u991737198/domains/tas2023.online/public_html/lib/base.php:3281] View->sandbox()
Tue, 11 Nov 2025 20:58:38 +0000 [2607:fb91:8c81:995:b558:a8b3:16c2:ec35] [/home/u991737198/domains/tas2023.online/public_html/tmp/3hn69l4qoa804.3h31n1yj254w8.php:7] Preview->render()
Tue, 11 Nov 2025 20:58:38 +0000 [2607:fb91:8c81:995:b558:a8b3:16c2:ec35] [/home/u991737198/domains/tas2023.online/public_html/lib/base.php:3036] require('/home/u991737198/domains/tas2023.online/public_html/tmp/3hn69l4qoa804.3h31n1yj254w8.php')
Tue, 11 Nov 2025 20:58:38 +0000 [2607:fb91:8c81:995:b558:a8b3:16c2:ec35] [/home/u991737198/domains/tas2023.online/public_html/lib/base.php:3281] View->sandbox()
Tue, 11 Nov 2025 20:58:38 +0000 [2607:fb91:8c81:995:b558:a8b3:16c2:ec35] [/home/u991737198/domains/tas2023.online/public_html/app/controllers/Controller.php:87] Preview->render()
Tue, 11 Nov 2025 20:58:38 +0000 [2607:fb91:8c81:995:b558:a8b3:16c2:ec35] [/home/u991737198/domains/tas2023.online/public_html/lib/base.php:2078] Controller->afterroute()
Tue, 11 Nov 2025 20:58:38 +0000 [2607:fb91:8c81:995:b558:a8b3:16c2:ec35] [/home/u991737198/domains/tas2023.online/public_html/lib/base.php:1871] Base->call()
Tue, 11 Nov 2025 20:58:38 +0000 [2607:fb91:8c81:995:b558:a8b3:16c2:ec35] [/home/u991737198/domains/tas2023.online/public_html/index.php:19] Base->run()
Tue, 11 Nov 2025 20:58:55 +0000 [2607:fb91:8c81:995:b558:a8b3:16c2:ec35] 500: Undefined variable $selected_note trace: [/home/u991737198/domains/tas2023.online/public_html/tmp/3hn69l4qoa804.3g8shy2588w00.php:385]
Tue, 11 Nov 2025 20:58:55 +0000 [2607:fb91:8c81:995:b558:a8b3:16c2:ec35] [/home/u991737198/domains/tas2023.online/public_html/tmp/3hn69l4qoa804.3g8shy2588w00.php:385] Base->{closure}()
Tue, 11 Nov 2025 20:58:55 +0000 [2607:fb91:8c81:995:b558:a8b3:16c2:ec35] [/home/u991737198/domains/tas2023.online/public_html/lib/base.php:3036] require('/home/u991737198/domains/tas2023.online/public_html/tmp/3hn69l4qoa804.3g8shy2588w00.php')
Tue, 11 Nov 2025 20:58:55 +0000 [2607:fb91:8c81:995:b558:a8b3:16c2:ec35] [/home/u991737198/domains/tas2023.online/public_html/lib/base.php:3281] View->sandbox()
Tue, 11 Nov 2025 20:58:55 +0000 [2607:fb91:8c81:995:b558:a8b3:16c2:ec35] [/home/u991737198/domains/tas2023.online/public_html/tmp/3hn69l4qoa804.3h31n1yj254w8.php:7] Preview->render()
Tue, 11 Nov 2025 20:58:55 +0000 [2607:fb91:8c81:995:b558:a8b3:16c2:ec35] [/home/u991737198/domains/tas2023.online/public_html/lib/base.php:3036] require('/home/u991737198/domains/tas2023.online/public_html/tmp/3hn69l4qoa804.3h31n1yj254w8.php')
Tue, 11 Nov 2025 20:58:55 +0000 [2607:fb91:8c81:995:b558:a8b3:16c2:ec35] [/home/u991737198/domains/tas2023.online/public_html/lib/base.php:3281] View->sandbox()
Tue, 11 Nov 2025 20:58:55 +0000 [2607:fb91:8c81:995:b558:a8b3:16c2:ec35] [/home/u991737198/domains/tas2023.online/public_html/app/controllers/Controller.php:87] Preview->render()
Tue, 11 Nov 2025 20:58:55 +0000 [2607:fb91:8c81:995:b558:a8b3:16c2:ec35] [/home/u991737198/domains/tas2023.online/public_html/lib/base.php:2078] Controller->afterroute()
Tue, 11 Nov 2025 20:58:55 +0000 [2607:fb91:8c81:995:b558:a8b3:16c2:ec35] [/home/u991737198/domains/tas2023.online/public_html/lib/base.php:1871] Base->call()
Tue, 11 Nov 2025 20:58:55 +0000 [2607:fb91:8c81:995:b558:a8b3:16c2:ec35] [/home/u991737198/domains/tas2023.online/public_html/index.php:19] Base->run()
Tue, 11 Nov 2025 20:58:59 +0000 [2607:fb91:8c81:995:b558:a8b3:16c2:ec35] 500: Trying to access array offset on value of type null trace: [/home/u991737198/domains/tas2023.online/public_html/app/controllers/TaskController.php:470]
Tue, 11 Nov 2025 20:58:59 +0000 [2607:fb91:8c81:995:b558:a8b3:16c2:ec35] [/home/u991737198/domains/tas2023.online/public_html/app/controllers/TaskController.php:470] Base->{closure}()
Tue, 11 Nov 2025 20:58:59 +0000 [2607:fb91:8c81:995:b558:a8b3:16c2:ec35] [/home/u991737198/domains/tas2023.online/public_html/lib/base.php:2072] TaskController->edittask()
Tue, 11 Nov 2025 20:58:59 +0000 [2607:fb91:8c81:995:b558:a8b3:16c2:ec35] [/home/u991737198/domains/tas2023.online/public_html/lib/base.php:1871] Base->call()
Tue, 11 Nov 2025 20:58:59 +0000 [2607:fb91:8c81:995:b558:a8b3:16c2:ec35] [/home/u991737198/domains/tas2023.online/public_html/index.php:19] Base->run()
