Sun, 19 Jan 2025 09:34:34 -0500 [2600:1006:b050:61d6:e5e2:20b6:9078:f386] 401: HTTP 401 (GET /task/taskData) trace: [/home/u991737198/domains/tas2023.online/public_html/lib/access.php:112] Base->error()
Sun, 19 Jan 2025 09:34:34 -0500 [2600:1006:b050:61d6:e5e2:20b6:9078:f386] [/home/u991737198/domains/tas2023.online/public_html/app/controllers/Controller.php:78] Access->authorize()
Sun, 19 Jan 2025 09:34:34 -0500 [2600:1006:b050:61d6:e5e2:20b6:9078:f386] [/home/u991737198/domains/tas2023.online/public_html/lib/base.php:2069] Controller->beforeroute()
Sun, 19 Jan 2025 09:34:34 -0500 [2600:1006:b050:61d6:e5e2:20b6:9078:f386] [/home/u991737198/domains/tas2023.online/public_html/lib/base.php:1871] Base->call()
Sun, 19 Jan 2025 09:34:34 -0500 [2600:1006:b050:61d6:e5e2:20b6:9078:f386] [/home/u991737198/domains/tas2023.online/public_html/index.php:19] Base->run()
Sun, 19 Jan 2025 09:35:13 -0500 [2600:1006:b050:61d6:e5e2:20b6:9078:f386] 500: Undefined variable $selected_note trace: [/home/u991737198/domains/tas2023.online/public_html/tmp/3hn69l4qoa804.3g8shy2588w00.php:354]
Sun, 19 Jan 2025 09:35:13 -0500 [2600:1006:b050:61d6:e5e2:20b6:9078:f386] [/home/u991737198/domains/tas2023.online/public_html/tmp/3hn69l4qoa804.3g8shy2588w00.php:354] Base->{closure}()
Sun, 19 Jan 2025 09:35:13 -0500 [2600:1006:b050:61d6:e5e2:20b6:9078:f386] [/home/u991737198/domains/tas2023.online/public_html/lib/base.php:3036] require('/home/u991737198/domains/tas2023.online/public_html/tmp/3hn69l4qoa804.3g8shy2588w00.php')
Sun, 19 Jan 2025 09:35:13 -0500 [2600:1006:b050:61d6:e5e2:20b6:9078:f386] [/home/u991737198/domains/tas2023.online/public_html/lib/base.php:3281] View->sandbox()
Sun, 19 Jan 2025 09:35:13 -0500 [2600:1006:b050:61d6:e5e2:20b6:9078:f386] [/home/u991737198/domains/tas2023.online/public_html/tmp/3hn69l4qoa804.3h31n1yj254w8.php:7] Preview->render()
Sun, 19 Jan 2025 09:35:13 -0500 [2600:1006:b050:61d6:e5e2:20b6:9078:f386] [/home/u991737198/domains/tas2023.online/public_html/lib/base.php:3036] require('/home/u991737198/domains/tas2023.online/public_html/tmp/3hn69l4qoa804.3h31n1yj254w8.php')
Sun, 19 Jan 2025 09:35:13 -0500 [2600:1006:b050:61d6:e5e2:20b6:9078:f386] [/home/u991737198/domains/tas2023.online/public_html/lib/base.php:3281] View->sandbox()
Sun, 19 Jan 2025 09:35:13 -0500 [2600:1006:b050:61d6:e5e2:20b6:9078:f386] [/home/u991737198/domains/tas2023.online/public_html/app/controllers/Controller.php:87] Preview->render()
Sun, 19 Jan 2025 09:35:13 -0500 [2600:1006:b050:61d6:e5e2:20b6:9078:f386] [/home/u991737198/domains/tas2023.online/public_html/lib/base.php:2078] Controller->afterroute()
Sun, 19 Jan 2025 09:35:13 -0500 [2600:1006:b050:61d6:e5e2:20b6:9078:f386] [/home/u991737198/domains/tas2023.online/public_html/lib/base.php:1871] Base->call()
Sun, 19 Jan 2025 09:35:13 -0500 [2600:1006:b050:61d6:e5e2:20b6:9078:f386] [/home/u991737198/domains/tas2023.online/public_html/index.php:19] Base->run()
Sun, 19 Jan 2025 09:38:42 -0500 [2600:1006:b050:61d6:e5e2:20b6:9078:f386] 500: Undefined variable $selected_note trace: [/home/u991737198/domains/tas2023.online/public_html/tmp/3hn69l4qoa804.3g8shy2588w00.php:354]
Sun, 19 Jan 2025 09:38:42 -0500 [2600:1006:b050:61d6:e5e2:20b6:9078:f386] [/home/u991737198/domains/tas2023.online/public_html/tmp/3hn69l4qoa804.3g8shy2588w00.php:354] Base->{closure}()
Sun, 19 Jan 2025 09:38:42 -0500 [2600:1006:b050:61d6:e5e2:20b6:9078:f386] [/home/u991737198/domains/tas2023.online/public_html/lib/base.php:3036] require('/home/u991737198/domains/tas2023.online/public_html/tmp/3hn69l4qoa804.3g8shy2588w00.php')
Sun, 19 Jan 2025 09:38:42 -0500 [2600:1006:b050:61d6:e5e2:20b6:9078:f386] [/home/u991737198/domains/tas2023.online/public_html/lib/base.php:3281] View->sandbox()
Sun, 19 Jan 2025 09:38:42 -0500 [2600:1006:b050:61d6:e5e2:20b6:9078:f386] [/home/u991737198/domains/tas2023.online/public_html/tmp/3hn69l4qoa804.3h31n1yj254w8.php:7] Preview->render()
Sun, 19 Jan 2025 09:38:42 -0500 [2600:1006:b050:61d6:e5e2:20b6:9078:f386] [/home/u991737198/domains/tas2023.online/public_html/lib/base.php:3036] require('/home/u991737198/domains/tas2023.online/public_html/tmp/3hn69l4qoa804.3h31n1yj254w8.php')
Sun, 19 Jan 2025 09:38:42 -0500 [2600:1006:b050:61d6:e5e2:20b6:9078:f386] [/home/u991737198/domains/tas2023.online/public_html/lib/base.php:3281] View->sandbox()
Sun, 19 Jan 2025 09:38:42 -0500 [2600:1006:b050:61d6:e5e2:20b6:9078:f386] [/home/u991737198/domains/tas2023.online/public_html/app/controllers/Controller.php:87] Preview->render()
Sun, 19 Jan 2025 09:38:42 -0500 [2600:1006:b050:61d6:e5e2:20b6:9078:f386] [/home/u991737198/domains/tas2023.online/public_html/lib/base.php:2078] Controller->afterroute()
Sun, 19 Jan 2025 09:38:42 -0500 [2600:1006:b050:61d6:e5e2:20b6:9078:f386] [/home/u991737198/domains/tas2023.online/public_html/lib/base.php:1871] Base->call()
Sun, 19 Jan 2025 09:38:42 -0500 [2600:1006:b050:61d6:e5e2:20b6:9078:f386] [/home/u991737198/domains/tas2023.online/public_html/index.php:19] Base->run()
Sun, 19 Jan 2025 09:40:05 -0500 [2600:1006:b050:61d6:e5e2:20b6:9078:f386] 500: Undefined variable $entity_num trace: [tmp/3hn69l4qoa804.1zo7dt0fljr4w.php:196]
Sun, 19 Jan 2025 09:40:05 -0500 [2600:1006:b050:61d6:e5e2:20b6:9078:f386] [tmp/3hn69l4qoa804.1zo7dt0fljr4w.php:196] Base->{closure}()
Sun, 19 Jan 2025 09:40:05 -0500 [2600:1006:b050:61d6:e5e2:20b6:9078:f386] [lib/base.php:3036] require('/home/u991737198/domains/tas2023.online/public_html/tmp/3hn69l4qoa804.1zo7dt0fljr4w.php')
Sun, 19 Jan 2025 09:40:05 -0500 [2600:1006:b050:61d6:e5e2:20b6:9078:f386] [lib/base.php:3281] View->sandbox()
Sun, 19 Jan 2025 09:40:05 -0500 [2600:1006:b050:61d6:e5e2:20b6:9078:f386] [tmp/3hn69l4qoa804.3h31n1yj254w8.php:7] Preview->render()
Sun, 19 Jan 2025 09:40:05 -0500 [2600:1006:b050:61d6:e5e2:20b6:9078:f386] [lib/base.php:3036] require('/home/u991737198/domains/tas2023.online/public_html/tmp/3hn69l4qoa804.3h31n1yj254w8.php')
Sun, 19 Jan 2025 09:40:05 -0500 [2600:1006:b050:61d6:e5e2:20b6:9078:f386] [lib/base.php:3281] View->sandbox()
Sun, 19 Jan 2025 09:40:05 -0500 [2600:1006:b050:61d6:e5e2:20b6:9078:f386] [app/controllers/Controller.php:87] Preview->render()
Sun, 19 Jan 2025 09:40:05 -0500 [2600:1006:b050:61d6:e5e2:20b6:9078:f386] [lib/base.php:2078] Controller->afterroute()
Sun, 19 Jan 2025 09:40:05 -0500 [2600:1006:b050:61d6:e5e2:20b6:9078:f386] [lib/base.php:1871] Base->call()
Sun, 19 Jan 2025 09:40:05 -0500 [2600:1006:b050:61d6:e5e2:20b6:9078:f386] [index.php:19] Base->run()
Sun, 19 Jan 2025 09:42:40 -0500 [2600:1006:b020:193a:42:17ff:fe9d:dfd0] 500: Undefined variable $entity_num trace: [tmp/3hn69l4qoa804.1zo7dt0fljr4w.php:196]
Sun, 19 Jan 2025 09:42:40 -0500 [2600:1006:b020:193a:42:17ff:fe9d:dfd0] [tmp/3hn69l4qoa804.1zo7dt0fljr4w.php:196] Base->{closure}()
Sun, 19 Jan 2025 09:42:40 -0500 [2600:1006:b020:193a:42:17ff:fe9d:dfd0] [lib/base.php:3036] require('/home/u991737198/domains/tas2023.online/public_html/tmp/3hn69l4qoa804.1zo7dt0fljr4w.php')
Sun, 19 Jan 2025 09:42:40 -0500 [2600:1006:b020:193a:42:17ff:fe9d:dfd0] [lib/base.php:3281] View->sandbox()
Sun, 19 Jan 2025 09:42:40 -0500 [2600:1006:b020:193a:42:17ff:fe9d:dfd0] [tmp/3hn69l4qoa804.3h31n1yj254w8.php:7] Preview->render()
Sun, 19 Jan 2025 09:42:40 -0500 [2600:1006:b020:193a:42:17ff:fe9d:dfd0] [lib/base.php:3036] require('/home/u991737198/domains/tas2023.online/public_html/tmp/3hn69l4qoa804.3h31n1yj254w8.php')
Sun, 19 Jan 2025 09:42:40 -0500 [2600:1006:b020:193a:42:17ff:fe9d:dfd0] [lib/base.php:3281] View->sandbox()
Sun, 19 Jan 2025 09:42:40 -0500 [2600:1006:b020:193a:42:17ff:fe9d:dfd0] [app/controllers/Controller.php:87] Preview->render()
Sun, 19 Jan 2025 09:42:40 -0500 [2600:1006:b020:193a:42:17ff:fe9d:dfd0] [lib/base.php:2078] Controller->afterroute()
Sun, 19 Jan 2025 09:42:40 -0500 [2600:1006:b020:193a:42:17ff:fe9d:dfd0] [lib/base.php:1871] Base->call()
Sun, 19 Jan 2025 09:42:40 -0500 [2600:1006:b020:193a:42:17ff:fe9d:dfd0] [index.php:19] Base->run()
Sun, 19 Jan 2025 09:43:35 -0500 [2600:1006:b020:193a:42:17ff:fe9d:dfd0] 500: Undefined variable $entity_num trace: [tmp/3hn69l4qoa804.1zo7dt0fljr4w.php:196]
Sun, 19 Jan 2025 09:43:35 -0500 [2600:1006:b020:193a:42:17ff:fe9d:dfd0] [tmp/3hn69l4qoa804.1zo7dt0fljr4w.php:196] Base->{closure}()
Sun, 19 Jan 2025 09:43:35 -0500 [2600:1006:b020:193a:42:17ff:fe9d:dfd0] [lib/base.php:3036] require('/home/u991737198/domains/tas2023.online/public_html/tmp/3hn69l4qoa804.1zo7dt0fljr4w.php')
Sun, 19 Jan 2025 09:43:35 -0500 [2600:1006:b020:193a:42:17ff:fe9d:dfd0] [lib/base.php:3281] View->sandbox()
Sun, 19 Jan 2025 09:43:35 -0500 [2600:1006:b020:193a:42:17ff:fe9d:dfd0] [tmp/3hn69l4qoa804.3h31n1yj254w8.php:7] Preview->render()
Sun, 19 Jan 2025 09:43:35 -0500 [2600:1006:b020:193a:42:17ff:fe9d:dfd0] [lib/base.php:3036] require('/home/u991737198/domains/tas2023.online/public_html/tmp/3hn69l4qoa804.3h31n1yj254w8.php')
Sun, 19 Jan 2025 09:43:35 -0500 [2600:1006:b020:193a:42:17ff:fe9d:dfd0] [lib/base.php:3281] View->sandbox()
Sun, 19 Jan 2025 09:43:35 -0500 [2600:1006:b020:193a:42:17ff:fe9d:dfd0] [app/controllers/Controller.php:87] Preview->render()
Sun, 19 Jan 2025 09:43:35 -0500 [2600:1006:b020:193a:42:17ff:fe9d:dfd0] [lib/base.php:2078] Controller->afterroute()
Sun, 19 Jan 2025 09:43:35 -0500 [2600:1006:b020:193a:42:17ff:fe9d:dfd0] [lib/base.php:1871] Base->call()
Sun, 19 Jan 2025 09:43:35 -0500 [2600:1006:b020:193a:42:17ff:fe9d:dfd0] [index.php:19] Base->run()
Sun, 19 Jan 2025 09:44:09 -0500 [2600:1006:b020:193a:42:17ff:fe9d:dfd0] 500: Undefined variable $entity_num trace: [tmp/3hn69l4qoa804.1zo7dt0fljr4w.php:196]
Sun, 19 Jan 2025 09:44:09 -0500 [2600:1006:b020:193a:42:17ff:fe9d:dfd0] [tmp/3hn69l4qoa804.1zo7dt0fljr4w.php:196] Base->{closure}()
Sun, 19 Jan 2025 09:44:09 -0500 [2600:1006:b020:193a:42:17ff:fe9d:dfd0] [lib/base.php:3036] require('/home/u991737198/domains/tas2023.online/public_html/tmp/3hn69l4qoa804.1zo7dt0fljr4w.php')
Sun, 19 Jan 2025 09:44:09 -0500 [2600:1006:b020:193a:42:17ff:fe9d:dfd0] [lib/base.php:3281] View->sandbox()
Sun, 19 Jan 2025 09:44:09 -0500 [2600:1006:b020:193a:42:17ff:fe9d:dfd0] [tmp/3hn69l4qoa804.3h31n1yj254w8.php:7] Preview->render()
Sun, 19 Jan 2025 09:44:09 -0500 [2600:1006:b020:193a:42:17ff:fe9d:dfd0] [lib/base.php:3036] require('/home/u991737198/domains/tas2023.online/public_html/tmp/3hn69l4qoa804.3h31n1yj254w8.php')
Sun, 19 Jan 2025 09:44:09 -0500 [2600:1006:b020:193a:42:17ff:fe9d:dfd0] [lib/base.php:3281] View->sandbox()
Sun, 19 Jan 2025 09:44:09 -0500 [2600:1006:b020:193a:42:17ff:fe9d:dfd0] [app/controllers/Controller.php:87] Preview->render()
Sun, 19 Jan 2025 09:44:09 -0500 [2600:1006:b020:193a:42:17ff:fe9d:dfd0] [lib/base.php:2078] Controller->afterroute()
Sun, 19 Jan 2025 09:44:09 -0500 [2600:1006:b020:193a:42:17ff:fe9d:dfd0] [lib/base.php:1871] Base->call()
Sun, 19 Jan 2025 09:44:09 -0500 [2600:1006:b020:193a:42:17ff:fe9d:dfd0] [index.php:19] Base->run()
Sun, 19 Jan 2025 09:44:21 -0500 [2600:1006:b050:61d6:e5e2:20b6:9078:f386] 500: Undefined variable $entity_num trace: [tmp/3hn69l4qoa804.1zo7dt0fljr4w.php:196]
Sun, 19 Jan 2025 09:44:21 -0500 [2600:1006:b050:61d6:e5e2:20b6:9078:f386] [tmp/3hn69l4qoa804.1zo7dt0fljr4w.php:196] Base->{closure}()
Sun, 19 Jan 2025 09:44:21 -0500 [2600:1006:b050:61d6:e5e2:20b6:9078:f386] [lib/base.php:3036] require('/home/u991737198/domains/tas2023.online/public_html/tmp/3hn69l4qoa804.1zo7dt0fljr4w.php')
Sun, 19 Jan 2025 09:44:21 -0500 [2600:1006:b050:61d6:e5e2:20b6:9078:f386] [lib/base.php:3281] View->sandbox()
Sun, 19 Jan 2025 09:44:21 -0500 [2600:1006:b050:61d6:e5e2:20b6:9078:f386] [tmp/3hn69l4qoa804.3h31n1yj254w8.php:7] Preview->render()
Sun, 19 Jan 2025 09:44:21 -0500 [2600:1006:b050:61d6:e5e2:20b6:9078:f386] [lib/base.php:3036] require('/home/u991737198/domains/tas2023.online/public_html/tmp/3hn69l4qoa804.3h31n1yj254w8.php')
Sun, 19 Jan 2025 09:44:21 -0500 [2600:1006:b050:61d6:e5e2:20b6:9078:f386] [lib/base.php:3281] View->sandbox()
Sun, 19 Jan 2025 09:44:21 -0500 [2600:1006:b050:61d6:e5e2:20b6:9078:f386] [app/controllers/Controller.php:87] Preview->render()
Sun, 19 Jan 2025 09:44:21 -0500 [2600:1006:b050:61d6:e5e2:20b6:9078:f386] [lib/base.php:2078] Controller->afterroute()
Sun, 19 Jan 2025 09:44:21 -0500 [2600:1006:b050:61d6:e5e2:20b6:9078:f386] [lib/base.php:1871] Base->call()
Sun, 19 Jan 2025 09:44:21 -0500 [2600:1006:b050:61d6:e5e2:20b6:9078:f386] [index.php:19] Base->run()
Sun, 19 Jan 2025 09:45:09 -0500 [2600:1006:b020:193a:42:17ff:fe9d:dfd0] 500: Undefined variable $entity_num trace: [tmp/3hn69l4qoa804.1zo7dt0fljr4w.php:196]
Sun, 19 Jan 2025 09:45:09 -0500 [2600:1006:b020:193a:42:17ff:fe9d:dfd0] [tmp/3hn69l4qoa804.1zo7dt0fljr4w.php:196] Base->{closure}()
Sun, 19 Jan 2025 09:45:09 -0500 [2600:1006:b020:193a:42:17ff:fe9d:dfd0] [lib/base.php:3036] require('/home/u991737198/domains/tas2023.online/public_html/tmp/3hn69l4qoa804.1zo7dt0fljr4w.php')
Sun, 19 Jan 2025 09:45:09 -0500 [2600:1006:b020:193a:42:17ff:fe9d:dfd0] [lib/base.php:3281] View->sandbox()
Sun, 19 Jan 2025 09:45:09 -0500 [2600:1006:b020:193a:42:17ff:fe9d:dfd0] [tmp/3hn69l4qoa804.3h31n1yj254w8.php:7] Preview->render()
Sun, 19 Jan 2025 09:45:09 -0500 [2600:1006:b020:193a:42:17ff:fe9d:dfd0] [lib/base.php:3036] require('/home/u991737198/domains/tas2023.online/public_html/tmp/3hn69l4qoa804.3h31n1yj254w8.php')
Sun, 19 Jan 2025 09:45:09 -0500 [2600:1006:b020:193a:42:17ff:fe9d:dfd0] [lib/base.php:3281] View->sandbox()
Sun, 19 Jan 2025 09:45:09 -0500 [2600:1006:b020:193a:42:17ff:fe9d:dfd0] [app/controllers/Controller.php:87] Preview->render()
Sun, 19 Jan 2025 09:45:09 -0500 [2600:1006:b020:193a:42:17ff:fe9d:dfd0] [lib/base.php:2078] Controller->afterroute()
Sun, 19 Jan 2025 09:45:09 -0500 [2600:1006:b020:193a:42:17ff:fe9d:dfd0] [lib/base.php:1871] Base->call()
Sun, 19 Jan 2025 09:45:09 -0500 [2600:1006:b020:193a:42:17ff:fe9d:dfd0] [index.php:19] Base->run()
Sun, 19 Jan 2025 09:45:26 -0500 [2600:1006:b020:193a:42:17ff:fe9d:dfd0] 500: Undefined variable $token trace: [tmp/3hn69l4qoa804.2r4f9cgm96ecs.php:191]
Sun, 19 Jan 2025 09:45:26 -0500 [2600:1006:b020:193a:42:17ff:fe9d:dfd0] [tmp/3hn69l4qoa804.2r4f9cgm96ecs.php:191] Base->{closure}()
Sun, 19 Jan 2025 09:45:26 -0500 [2600:1006:b020:193a:42:17ff:fe9d:dfd0] [lib/base.php:3036] require('/home/u991737198/domains/tas2023.online/public_html/tmp/3hn69l4qoa804.2r4f9cgm96ecs.php')
Sun, 19 Jan 2025 09:45:26 -0500 [2600:1006:b020:193a:42:17ff:fe9d:dfd0] [lib/base.php:3281] View->sandbox()
Sun, 19 Jan 2025 09:45:26 -0500 [2600:1006:b020:193a:42:17ff:fe9d:dfd0] [tmp/3hn69l4qoa804.3h31n1yj254w8.php:7] Preview->render()
Sun, 19 Jan 2025 09:45:26 -0500 [2600:1006:b020:193a:42:17ff:fe9d:dfd0] [lib/base.php:3036] require('/home/u991737198/domains/tas2023.online/public_html/tmp/3hn69l4qoa804.3h31n1yj254w8.php')
Sun, 19 Jan 2025 09:45:26 -0500 [2600:1006:b020:193a:42:17ff:fe9d:dfd0] [lib/base.php:3281] View->sandbox()
Sun, 19 Jan 2025 09:45:26 -0500 [2600:1006:b020:193a:42:17ff:fe9d:dfd0] [app/controllers/Controller.php:87] Preview->render()
Sun, 19 Jan 2025 09:45:26 -0500 [2600:1006:b020:193a:42:17ff:fe9d:dfd0] [lib/base.php:2078] Controller->afterroute()
Sun, 19 Jan 2025 09:45:26 -0500 [2600:1006:b020:193a:42:17ff:fe9d:dfd0] [lib/base.php:1871] Base->call()
Sun, 19 Jan 2025 09:45:26 -0500 [2600:1006:b020:193a:42:17ff:fe9d:dfd0] [index.php:19] Base->run()
Sun, 19 Jan 2025 09:45:45 -0500 [2600:1006:b050:61d6:e5e2:20b6:9078:f386] 500: Undefined variable $entity_num trace: [tmp/3hn69l4qoa804.1zo7dt0fljr4w.php:196]
Sun, 19 Jan 2025 09:45:45 -0500 [2600:1006:b050:61d6:e5e2:20b6:9078:f386] [tmp/3hn69l4qoa804.1zo7dt0fljr4w.php:196] Base->{closure}()
Sun, 19 Jan 2025 09:45:45 -0500 [2600:1006:b050:61d6:e5e2:20b6:9078:f386] [lib/base.php:3036] require('/home/u991737198/domains/tas2023.online/public_html/tmp/3hn69l4qoa804.1zo7dt0fljr4w.php')
Sun, 19 Jan 2025 09:45:45 -0500 [2600:1006:b050:61d6:e5e2:20b6:9078:f386] [lib/base.php:3281] View->sandbox()
Sun, 19 Jan 2025 09:45:45 -0500 [2600:1006:b050:61d6:e5e2:20b6:9078:f386] [tmp/3hn69l4qoa804.3h31n1yj254w8.php:7] Preview->render()
Sun, 19 Jan 2025 09:45:45 -0500 [2600:1006:b050:61d6:e5e2:20b6:9078:f386] [lib/base.php:3036] require('/home/u991737198/domains/tas2023.online/public_html/tmp/3hn69l4qoa804.3h31n1yj254w8.php')
Sun, 19 Jan 2025 09:45:45 -0500 [2600:1006:b050:61d6:e5e2:20b6:9078:f386] [lib/base.php:3281] View->sandbox()
Sun, 19 Jan 2025 09:45:45 -0500 [2600:1006:b050:61d6:e5e2:20b6:9078:f386] [app/controllers/Controller.php:87] Preview->render()
Sun, 19 Jan 2025 09:45:45 -0500 [2600:1006:b050:61d6:e5e2:20b6:9078:f386] [lib/base.php:2078] Controller->afterroute()
Sun, 19 Jan 2025 09:45:45 -0500 [2600:1006:b050:61d6:e5e2:20b6:9078:f386] [lib/base.php:1871] Base->call()
Sun, 19 Jan 2025 09:45:45 -0500 [2600:1006:b050:61d6:e5e2:20b6:9078:f386] [index.php:19] Base->run()
Sun, 19 Jan 2025 09:45:52 -0500 [2600:1006:b050:61d6:e5e2:20b6:9078:f386] 500: Undefined variable $selected_note trace: [/home/u991737198/domains/tas2023.online/public_html/tmp/3hn69l4qoa804.3g8shy2588w00.php:354]
Sun, 19 Jan 2025 09:45:52 -0500 [2600:1006:b050:61d6:e5e2:20b6:9078:f386] [/home/u991737198/domains/tas2023.online/public_html/tmp/3hn69l4qoa804.3g8shy2588w00.php:354] Base->{closure}()
Sun, 19 Jan 2025 09:45:52 -0500 [2600:1006:b050:61d6:e5e2:20b6:9078:f386] [/home/u991737198/domains/tas2023.online/public_html/lib/base.php:3036] require('/home/u991737198/domains/tas2023.online/public_html/tmp/3hn69l4qoa804.3g8shy2588w00.php')
Sun, 19 Jan 2025 09:45:52 -0500 [2600:1006:b050:61d6:e5e2:20b6:9078:f386] [/home/u991737198/domains/tas2023.online/public_html/lib/base.php:3281] View->sandbox()
Sun, 19 Jan 2025 09:45:52 -0500 [2600:1006:b050:61d6:e5e2:20b6:9078:f386] [/home/u991737198/domains/tas2023.online/public_html/tmp/3hn69l4qoa804.3h31n1yj254w8.php:7] Preview->render()
Sun, 19 Jan 2025 09:45:52 -0500 [2600:1006:b050:61d6:e5e2:20b6:9078:f386] [/home/u991737198/domains/tas2023.online/public_html/lib/base.php:3036] require('/home/u991737198/domains/tas2023.online/public_html/tmp/3hn69l4qoa804.3h31n1yj254w8.php')
Sun, 19 Jan 2025 09:45:52 -0500 [2600:1006:b050:61d6:e5e2:20b6:9078:f386] [/home/u991737198/domains/tas2023.online/public_html/lib/base.php:3281] View->sandbox()
Sun, 19 Jan 2025 09:45:52 -0500 [2600:1006:b050:61d6:e5e2:20b6:9078:f386] [/home/u991737198/domains/tas2023.online/public_html/app/controllers/Controller.php:87] Preview->render()
Sun, 19 Jan 2025 09:45:52 -0500 [2600:1006:b050:61d6:e5e2:20b6:9078:f386] [/home/u991737198/domains/tas2023.online/public_html/lib/base.php:2078] Controller->afterroute()
Sun, 19 Jan 2025 09:45:52 -0500 [2600:1006:b050:61d6:e5e2:20b6:9078:f386] [/home/u991737198/domains/tas2023.online/public_html/lib/base.php:1871] Base->call()
Sun, 19 Jan 2025 09:45:52 -0500 [2600:1006:b050:61d6:e5e2:20b6:9078:f386] [/home/u991737198/domains/tas2023.online/public_html/index.php:19] Base->run()
Sun, 19 Jan 2025 09:46:03 -0500 [2600:1006:b050:61d6:e5e2:20b6:9078:f386] 500: strlen(): Passing null to parameter #1 ($string) of type string is deprecated trace: [/home/u991737198/domains/tas2023.online/public_html/lib/TCPDF/tcpdf.php:6383]
Sun, 19 Jan 2025 09:46:03 -0500 [2600:1006:b050:61d6:e5e2:20b6:9078:f386] [/home/u991737198/domains/tas2023.online/public_html/lib/TCPDF/tcpdf.php:6383] Base->{closure}()
Sun, 19 Jan 2025 09:46:03 -0500 [2600:1006:b050:61d6:e5e2:20b6:9078:f386] [/home/u991737198/domains/tas2023.online/public_html/lib/TCPDF/tcpdf.php:5985] TCPDF->Write()
Sun, 19 Jan 2025 09:46:03 -0500 [2600:1006:b050:61d6:e5e2:20b6:9078:f386] [/home/u991737198/domains/tas2023.online/public_html/app/controllers/TaskController.php:1016] TCPDF->MultiCell()
Sun, 19 Jan 2025 09:46:03 -0500 [2600:1006:b050:61d6:e5e2:20b6:9078:f386] [/home/u991737198/domains/tas2023.online/public_html/app/controllers/TaskController.php:978] TaskController->renderTaskDetails()
Sun, 19 Jan 2025 09:46:03 -0500 [2600:1006:b050:61d6:e5e2:20b6:9078:f386] [/home/u991737198/domains/tas2023.online/public_html/app/controllers/TaskController.php:360] TaskController->generar_pdf()
Sun, 19 Jan 2025 09:46:03 -0500 [2600:1006:b050:61d6:e5e2:20b6:9078:f386] [/home/u991737198/domains/tas2023.online/public_html/lib/base.php:2072] TaskController->edittask()
Sun, 19 Jan 2025 09:46:03 -0500 [2600:1006:b050:61d6:e5e2:20b6:9078:f386] [/home/u991737198/domains/tas2023.online/public_html/lib/base.php:1871] Base->call()
Sun, 19 Jan 2025 09:46:03 -0500 [2600:1006:b050:61d6:e5e2:20b6:9078:f386] [/home/u991737198/domains/tas2023.online/public_html/index.php:19] Base->run()
Sun, 19 Jan 2025 09:46:16 -0500 [2600:1006:b050:61d6:e5e2:20b6:9078:f386] 500: strlen(): Passing null to parameter #1 ($string) of type string is deprecated trace: [/home/u991737198/domains/tas2023.online/public_html/lib/TCPDF/tcpdf.php:6383]
Sun, 19 Jan 2025 09:46:16 -0500 [2600:1006:b050:61d6:e5e2:20b6:9078:f386] [/home/u991737198/domains/tas2023.online/public_html/lib/TCPDF/tcpdf.php:6383] Base->{closure}()
Sun, 19 Jan 2025 09:46:16 -0500 [2600:1006:b050:61d6:e5e2:20b6:9078:f386] [/home/u991737198/domains/tas2023.online/public_html/lib/TCPDF/tcpdf.php:5985] TCPDF->Write()
Sun, 19 Jan 2025 09:46:16 -0500 [2600:1006:b050:61d6:e5e2:20b6:9078:f386] [/home/u991737198/domains/tas2023.online/public_html/app/controllers/TaskController.php:1016] TCPDF->MultiCell()
Sun, 19 Jan 2025 09:46:16 -0500 [2600:1006:b050:61d6:e5e2:20b6:9078:f386] [/home/u991737198/domains/tas2023.online/public_html/app/controllers/TaskController.php:978] TaskController->renderTaskDetails()
Sun, 19 Jan 2025 09:46:16 -0500 [2600:1006:b050:61d6:e5e2:20b6:9078:f386] [/home/u991737198/domains/tas2023.online/public_html/app/controllers/TaskController.php:360] TaskController->generar_pdf()
Sun, 19 Jan 2025 09:46:16 -0500 [2600:1006:b050:61d6:e5e2:20b6:9078:f386] [/home/u991737198/domains/tas2023.online/public_html/lib/base.php:2072] TaskController->edittask()
Sun, 19 Jan 2025 09:46:16 -0500 [2600:1006:b050:61d6:e5e2:20b6:9078:f386] [/home/u991737198/domains/tas2023.online/public_html/lib/base.php:1871] Base->call()
Sun, 19 Jan 2025 09:46:16 -0500 [2600:1006:b050:61d6:e5e2:20b6:9078:f386] [/home/u991737198/domains/tas2023.online/public_html/index.php:19] Base->run()
Sun, 19 Jan 2025 09:46:18 -0500 [2600:1006:b020:193a:42:17ff:fe9d:dfd0] 500: Undefined variable $token trace: [tmp/3hn69l4qoa804.2r4f9cgm96ecs.php:191]
Sun, 19 Jan 2025 09:46:18 -0500 [2600:1006:b020:193a:42:17ff:fe9d:dfd0] [tmp/3hn69l4qoa804.2r4f9cgm96ecs.php:191] Base->{closure}()
Sun, 19 Jan 2025 09:46:18 -0500 [2600:1006:b020:193a:42:17ff:fe9d:dfd0] [lib/base.php:3036] require('/home/u991737198/domains/tas2023.online/public_html/tmp/3hn69l4qoa804.2r4f9cgm96ecs.php')
Sun, 19 Jan 2025 09:46:18 -0500 [2600:1006:b020:193a:42:17ff:fe9d:dfd0] [lib/base.php:3281] View->sandbox()
Sun, 19 Jan 2025 09:46:18 -0500 [2600:1006:b020:193a:42:17ff:fe9d:dfd0] [tmp/3hn69l4qoa804.3h31n1yj254w8.php:7] Preview->render()
Sun, 19 Jan 2025 09:46:18 -0500 [2600:1006:b020:193a:42:17ff:fe9d:dfd0] [lib/base.php:3036] require('/home/u991737198/domains/tas2023.online/public_html/tmp/3hn69l4qoa804.3h31n1yj254w8.php')
Sun, 19 Jan 2025 09:46:18 -0500 [2600:1006:b020:193a:42:17ff:fe9d:dfd0] [lib/base.php:3281] View->sandbox()
Sun, 19 Jan 2025 09:46:18 -0500 [2600:1006:b020:193a:42:17ff:fe9d:dfd0] [app/controllers/Controller.php:87] Preview->render()
Sun, 19 Jan 2025 09:46:18 -0500 [2600:1006:b020:193a:42:17ff:fe9d:dfd0] [lib/base.php:2078] Controller->afterroute()
Sun, 19 Jan 2025 09:46:18 -0500 [2600:1006:b020:193a:42:17ff:fe9d:dfd0] [lib/base.php:1871] Base->call()
Sun, 19 Jan 2025 09:46:18 -0500 [2600:1006:b020:193a:42:17ff:fe9d:dfd0] [index.php:19] Base->run()
Sun, 19 Jan 2025 09:46:30 -0500 [2600:1006:b050:61d6:e5e2:20b6:9078:f386] 500: strlen(): Passing null to parameter #1 ($string) of type string is deprecated trace: [/home/u991737198/domains/tas2023.online/public_html/lib/TCPDF/tcpdf.php:6383]
Sun, 19 Jan 2025 09:46:30 -0500 [2600:1006:b050:61d6:e5e2:20b6:9078:f386] [/home/u991737198/domains/tas2023.online/public_html/lib/TCPDF/tcpdf.php:6383] Base->{closure}()
Sun, 19 Jan 2025 09:46:30 -0500 [2600:1006:b050:61d6:e5e2:20b6:9078:f386] [/home/u991737198/domains/tas2023.online/public_html/lib/TCPDF/tcpdf.php:5985] TCPDF->Write()
Sun, 19 Jan 2025 09:46:30 -0500 [2600:1006:b050:61d6:e5e2:20b6:9078:f386] [/home/u991737198/domains/tas2023.online/public_html/app/controllers/TaskController.php:1016] TCPDF->MultiCell()
Sun, 19 Jan 2025 09:46:30 -0500 [2600:1006:b050:61d6:e5e2:20b6:9078:f386] [/home/u991737198/domains/tas2023.online/public_html/app/controllers/TaskController.php:978] TaskController->renderTaskDetails()
Sun, 19 Jan 2025 09:46:30 -0500 [2600:1006:b050:61d6:e5e2:20b6:9078:f386] [/home/u991737198/domains/tas2023.online/public_html/app/controllers/TaskController.php:360] TaskController->generar_pdf()
Sun, 19 Jan 2025 09:46:30 -0500 [2600:1006:b050:61d6:e5e2:20b6:9078:f386] [/home/u991737198/domains/tas2023.online/public_html/lib/base.php:2072] TaskController->edittask()
Sun, 19 Jan 2025 09:46:30 -0500 [2600:1006:b050:61d6:e5e2:20b6:9078:f386] [/home/u991737198/domains/tas2023.online/public_html/lib/base.php:1871] Base->call()
Sun, 19 Jan 2025 09:46:30 -0500 [2600:1006:b050:61d6:e5e2:20b6:9078:f386] [/home/u991737198/domains/tas2023.online/public_html/index.php:19] Base->run()
Sun, 19 Jan 2025 09:46:42 -0500 [2600:1006:b050:61d6:e5e2:20b6:9078:f386] 500: Undefined variable $entity_num trace: [tmp/3hn69l4qoa804.1zo7dt0fljr4w.php:196]
Sun, 19 Jan 2025 09:46:42 -0500 [2600:1006:b050:61d6:e5e2:20b6:9078:f386] [tmp/3hn69l4qoa804.1zo7dt0fljr4w.php:196] Base->{closure}()
Sun, 19 Jan 2025 09:46:42 -0500 [2600:1006:b050:61d6:e5e2:20b6:9078:f386] [lib/base.php:3036] require('/home/u991737198/domains/tas2023.online/public_html/tmp/3hn69l4qoa804.1zo7dt0fljr4w.php')
Sun, 19 Jan 2025 09:46:42 -0500 [2600:1006:b050:61d6:e5e2:20b6:9078:f386] [lib/base.php:3281] View->sandbox()
Sun, 19 Jan 2025 09:46:42 -0500 [2600:1006:b050:61d6:e5e2:20b6:9078:f386] [tmp/3hn69l4qoa804.3h31n1yj254w8.php:7] Preview->render()
Sun, 19 Jan 2025 09:46:42 -0500 [2600:1006:b050:61d6:e5e2:20b6:9078:f386] [lib/base.php:3036] require('/home/u991737198/domains/tas2023.online/public_html/tmp/3hn69l4qoa804.3h31n1yj254w8.php')
Sun, 19 Jan 2025 09:46:42 -0500 [2600:1006:b050:61d6:e5e2:20b6:9078:f386] [lib/base.php:3281] View->sandbox()
Sun, 19 Jan 2025 09:46:42 -0500 [2600:1006:b050:61d6:e5e2:20b6:9078:f386] [app/controllers/Controller.php:87] Preview->render()
Sun, 19 Jan 2025 09:46:42 -0500 [2600:1006:b050:61d6:e5e2:20b6:9078:f386] [lib/base.php:2078] Controller->afterroute()
Sun, 19 Jan 2025 09:46:42 -0500 [2600:1006:b050:61d6:e5e2:20b6:9078:f386] [lib/base.php:1871] Base->call()
Sun, 19 Jan 2025 09:46:42 -0500 [2600:1006:b050:61d6:e5e2:20b6:9078:f386] [index.php:19] Base->run()
Sun, 19 Jan 2025 09:49:10 -0500 [2600:1006:b050:61d6:e5e2:20b6:9078:f386] 500: Undefined variable $count trace: [tmp/3hn69l4qoa804.man4oes5p0l2.php:136]
Sun, 19 Jan 2025 09:49:10 -0500 [2600:1006:b050:61d6:e5e2:20b6:9078:f386] [tmp/3hn69l4qoa804.man4oes5p0l2.php:136] Base->{closure}()
Sun, 19 Jan 2025 09:49:10 -0500 [2600:1006:b050:61d6:e5e2:20b6:9078:f386] [lib/base.php:3036] require('/home/u991737198/domains/tas2023.online/public_html/tmp/3hn69l4qoa804.man4oes5p0l2.php')
Sun, 19 Jan 2025 09:49:10 -0500 [2600:1006:b050:61d6:e5e2:20b6:9078:f386] [lib/base.php:3281] View->sandbox()
Sun, 19 Jan 2025 09:49:10 -0500 [2600:1006:b050:61d6:e5e2:20b6:9078:f386] [tmp/3hn69l4qoa804.3h31n1yj254w8.php:7] Preview->render()
Sun, 19 Jan 2025 09:49:10 -0500 [2600:1006:b050:61d6:e5e2:20b6:9078:f386] [lib/base.php:3036] require('/home/u991737198/domains/tas2023.online/public_html/tmp/3hn69l4qoa804.3h31n1yj254w8.php')
Sun, 19 Jan 2025 09:49:10 -0500 [2600:1006:b050:61d6:e5e2:20b6:9078:f386] [lib/base.php:3281] View->sandbox()
Sun, 19 Jan 2025 09:49:10 -0500 [2600:1006:b050:61d6:e5e2:20b6:9078:f386] [app/controllers/Controller.php:87] Preview->render()
Sun, 19 Jan 2025 09:49:10 -0500 [2600:1006:b050:61d6:e5e2:20b6:9078:f386] [lib/base.php:2078] Controller->afterroute()
Sun, 19 Jan 2025 09:49:10 -0500 [2600:1006:b050:61d6:e5e2:20b6:9078:f386] [lib/base.php:1871] Base->call()
Sun, 19 Jan 2025 09:49:10 -0500 [2600:1006:b050:61d6:e5e2:20b6:9078:f386] [index.php:19] Base->run()
Sun, 19 Jan 2025 09:49:18 -0500 [2600:1006:b050:61d6:e5e2:20b6:9078:f386] 500: Undefined variable $fechapicker trace: [/home/u991737198/domains/tas2023.online/public_html/tmp/3hn69l4qoa804.22phmm30e0u84.php:333]
Sun, 19 Jan 2025 09:49:18 -0500 [2600:1006:b050:61d6:e5e2:20b6:9078:f386] [/home/u991737198/domains/tas2023.online/public_html/tmp/3hn69l4qoa804.22phmm30e0u84.php:333] Base->{closure}()
Sun, 19 Jan 2025 09:49:18 -0500 [2600:1006:b050:61d6:e5e2:20b6:9078:f386] [/home/u991737198/domains/tas2023.online/public_html/lib/base.php:3036] require('/home/u991737198/domains/tas2023.online/public_html/tmp/3hn69l4qoa804.22phmm30e0u84.php')
Sun, 19 Jan 2025 09:49:18 -0500 [2600:1006:b050:61d6:e5e2:20b6:9078:f386] [/home/u991737198/domains/tas2023.online/public_html/lib/base.php:3281] View->sandbox()
Sun, 19 Jan 2025 09:49:18 -0500 [2600:1006:b050:61d6:e5e2:20b6:9078:f386] [/home/u991737198/domains/tas2023.online/public_html/tmp/3hn69l4qoa804.3h31n1yj254w8.php:7] Preview->render()
Sun, 19 Jan 2025 09:49:18 -0500 [2600:1006:b050:61d6:e5e2:20b6:9078:f386] [/home/u991737198/domains/tas2023.online/public_html/lib/base.php:3036] require('/home/u991737198/domains/tas2023.online/public_html/tmp/3hn69l4qoa804.3h31n1yj254w8.php')
Sun, 19 Jan 2025 09:49:18 -0500 [2600:1006:b050:61d6:e5e2:20b6:9078:f386] [/home/u991737198/domains/tas2023.online/public_html/lib/base.php:3281] View->sandbox()
Sun, 19 Jan 2025 09:49:18 -0500 [2600:1006:b050:61d6:e5e2:20b6:9078:f386] [/home/u991737198/domains/tas2023.online/public_html/app/controllers/Controller.php:87] Preview->render()
Sun, 19 Jan 2025 09:49:18 -0500 [2600:1006:b050:61d6:e5e2:20b6:9078:f386] [/home/u991737198/domains/tas2023.online/public_html/lib/base.php:2078] Controller->afterroute()
Sun, 19 Jan 2025 09:49:18 -0500 [2600:1006:b050:61d6:e5e2:20b6:9078:f386] [/home/u991737198/domains/tas2023.online/public_html/lib/base.php:1871] Base->call()
Sun, 19 Jan 2025 09:49:18 -0500 [2600:1006:b050:61d6:e5e2:20b6:9078:f386] [/home/u991737198/domains/tas2023.online/public_html/index.php:19] Base->run()
Sun, 19 Jan 2025 09:49:28 -0500 [2600:1006:b050:61d6:e5e2:20b6:9078:f386] 500: Undefined variable $fechapicker trace: [/home/u991737198/domains/tas2023.online/public_html/tmp/3hn69l4qoa804.22phmm30e0u84.php:333]
Sun, 19 Jan 2025 09:49:28 -0500 [2600:1006:b050:61d6:e5e2:20b6:9078:f386] [/home/u991737198/domains/tas2023.online/public_html/tmp/3hn69l4qoa804.22phmm30e0u84.php:333] Base->{closure}()
Sun, 19 Jan 2025 09:49:28 -0500 [2600:1006:b050:61d6:e5e2:20b6:9078:f386] [/home/u991737198/domains/tas2023.online/public_html/lib/base.php:3036] require('/home/u991737198/domains/tas2023.online/public_html/tmp/3hn69l4qoa804.22phmm30e0u84.php')
Sun, 19 Jan 2025 09:49:28 -0500 [2600:1006:b050:61d6:e5e2:20b6:9078:f386] [/home/u991737198/domains/tas2023.online/public_html/lib/base.php:3281] View->sandbox()
Sun, 19 Jan 2025 09:49:28 -0500 [2600:1006:b050:61d6:e5e2:20b6:9078:f386] [/home/u991737198/domains/tas2023.online/public_html/tmp/3hn69l4qoa804.3h31n1yj254w8.php:7] Preview->render()
Sun, 19 Jan 2025 09:49:28 -0500 [2600:1006:b050:61d6:e5e2:20b6:9078:f386] [/home/u991737198/domains/tas2023.online/public_html/lib/base.php:3036] require('/home/u991737198/domains/tas2023.online/public_html/tmp/3hn69l4qoa804.3h31n1yj254w8.php')
Sun, 19 Jan 2025 09:49:28 -0500 [2600:1006:b050:61d6:e5e2:20b6:9078:f386] [/home/u991737198/domains/tas2023.online/public_html/lib/base.php:3281] View->sandbox()
Sun, 19 Jan 2025 09:49:28 -0500 [2600:1006:b050:61d6:e5e2:20b6:9078:f386] [/home/u991737198/domains/tas2023.online/public_html/app/controllers/Controller.php:87] Preview->render()
Sun, 19 Jan 2025 09:49:28 -0500 [2600:1006:b050:61d6:e5e2:20b6:9078:f386] [/home/u991737198/domains/tas2023.online/public_html/lib/base.php:2078] Controller->afterroute()
Sun, 19 Jan 2025 09:49:28 -0500 [2600:1006:b050:61d6:e5e2:20b6:9078:f386] [/home/u991737198/domains/tas2023.online/public_html/lib/base.php:1871] Base->call()
Sun, 19 Jan 2025 09:49:28 -0500 [2600:1006:b050:61d6:e5e2:20b6:9078:f386] [/home/u991737198/domains/tas2023.online/public_html/index.php:19] Base->run()
Sun, 19 Jan 2025 09:49:34 -0500 [2600:1006:b050:61d6:e5e2:20b6:9078:f386] 500: Undefined variable $fechapicker trace: [/home/u991737198/domains/tas2023.online/public_html/tmp/3hn69l4qoa804.22phmm30e0u84.php:333]
Sun, 19 Jan 2025 09:49:34 -0500 [2600:1006:b050:61d6:e5e2:20b6:9078:f386] [/home/u991737198/domains/tas2023.online/public_html/tmp/3hn69l4qoa804.22phmm30e0u84.php:333] Base->{closure}()
Sun, 19 Jan 2025 09:49:34 -0500 [2600:1006:b050:61d6:e5e2:20b6:9078:f386] [/home/u991737198/domains/tas2023.online/public_html/lib/base.php:3036] require('/home/u991737198/domains/tas2023.online/public_html/tmp/3hn69l4qoa804.22phmm30e0u84.php')
Sun, 19 Jan 2025 09:49:34 -0500 [2600:1006:b050:61d6:e5e2:20b6:9078:f386] [/home/u991737198/domains/tas2023.online/public_html/lib/base.php:3281] View->sandbox()
Sun, 19 Jan 2025 09:49:34 -0500 [2600:1006:b050:61d6:e5e2:20b6:9078:f386] [/home/u991737198/domains/tas2023.online/public_html/tmp/3hn69l4qoa804.3h31n1yj254w8.php:7] Preview->render()
Sun, 19 Jan 2025 09:49:34 -0500 [2600:1006:b050:61d6:e5e2:20b6:9078:f386] [/home/u991737198/domains/tas2023.online/public_html/lib/base.php:3036] require('/home/u991737198/domains/tas2023.online/public_html/tmp/3hn69l4qoa804.3h31n1yj254w8.php')
Sun, 19 Jan 2025 09:49:34 -0500 [2600:1006:b050:61d6:e5e2:20b6:9078:f386] [/home/u991737198/domains/tas2023.online/public_html/lib/base.php:3281] View->sandbox()
Sun, 19 Jan 2025 09:49:34 -0500 [2600:1006:b050:61d6:e5e2:20b6:9078:f386] [/home/u991737198/domains/tas2023.online/public_html/app/controllers/Controller.php:87] Preview->render()
Sun, 19 Jan 2025 09:49:34 -0500 [2600:1006:b050:61d6:e5e2:20b6:9078:f386] [/home/u991737198/domains/tas2023.online/public_html/lib/base.php:2078] Controller->afterroute()
Sun, 19 Jan 2025 09:49:34 -0500 [2600:1006:b050:61d6:e5e2:20b6:9078:f386] [/home/u991737198/domains/tas2023.online/public_html/lib/base.php:1871] Base->call()
Sun, 19 Jan 2025 09:49:34 -0500 [2600:1006:b050:61d6:e5e2:20b6:9078:f386] [/home/u991737198/domains/tas2023.online/public_html/index.php:19] Base->run()
Sun, 19 Jan 2025 09:49:37 -0500 [2600:1006:b050:61d6:e5e2:20b6:9078:f386] 500: Undefined variable $fechapicker trace: [/home/u991737198/domains/tas2023.online/public_html/tmp/3hn69l4qoa804.22phmm30e0u84.php:333]
Sun, 19 Jan 2025 09:49:37 -0500 [2600:1006:b050:61d6:e5e2:20b6:9078:f386] [/home/u991737198/domains/tas2023.online/public_html/tmp/3hn69l4qoa804.22phmm30e0u84.php:333] Base->{closure}()
Sun, 19 Jan 2025 09:49:37 -0500 [2600:1006:b050:61d6:e5e2:20b6:9078:f386] [/home/u991737198/domains/tas2023.online/public_html/lib/base.php:3036] require('/home/u991737198/domains/tas2023.online/public_html/tmp/3hn69l4qoa804.22phmm30e0u84.php')
Sun, 19 Jan 2025 09:49:37 -0500 [2600:1006:b050:61d6:e5e2:20b6:9078:f386] [/home/u991737198/domains/tas2023.online/public_html/lib/base.php:3281] View->sandbox()
Sun, 19 Jan 2025 09:49:37 -0500 [2600:1006:b050:61d6:e5e2:20b6:9078:f386] [/home/u991737198/domains/tas2023.online/public_html/tmp/3hn69l4qoa804.3h31n1yj254w8.php:7] Preview->render()
Sun, 19 Jan 2025 09:49:37 -0500 [2600:1006:b050:61d6:e5e2:20b6:9078:f386] [/home/u991737198/domains/tas2023.online/public_html/lib/base.php:3036] require('/home/u991737198/domains/tas2023.online/public_html/tmp/3hn69l4qoa804.3h31n1yj254w8.php')
Sun, 19 Jan 2025 09:49:37 -0500 [2600:1006:b050:61d6:e5e2:20b6:9078:f386] [/home/u991737198/domains/tas2023.online/public_html/lib/base.php:3281] View->sandbox()
Sun, 19 Jan 2025 09:49:37 -0500 [2600:1006:b050:61d6:e5e2:20b6:9078:f386] [/home/u991737198/domains/tas2023.online/public_html/app/controllers/Controller.php:87] Preview->render()
Sun, 19 Jan 2025 09:49:37 -0500 [2600:1006:b050:61d6:e5e2:20b6:9078:f386] [/home/u991737198/domains/tas2023.online/public_html/lib/base.php:2078] Controller->afterroute()
Sun, 19 Jan 2025 09:49:37 -0500 [2600:1006:b050:61d6:e5e2:20b6:9078:f386] [/home/u991737198/domains/tas2023.online/public_html/lib/base.php:1871] Base->call()
Sun, 19 Jan 2025 09:49:37 -0500 [2600:1006:b050:61d6:e5e2:20b6:9078:f386] [/home/u991737198/domains/tas2023.online/public_html/index.php:19] Base->run()
Sun, 19 Jan 2025 09:49:50 -0500 [2600:1006:b050:61d6:e5e2:20b6:9078:f386] 500: Undefined variable $fechapicker trace: [/home/u991737198/domains/tas2023.online/public_html/tmp/3hn69l4qoa804.22phmm30e0u84.php:333]
Sun, 19 Jan 2025 09:49:50 -0500 [2600:1006:b050:61d6:e5e2:20b6:9078:f386] [/home/u991737198/domains/tas2023.online/public_html/tmp/3hn69l4qoa804.22phmm30e0u84.php:333] Base->{closure}()
Sun, 19 Jan 2025 09:49:50 -0500 [2600:1006:b050:61d6:e5e2:20b6:9078:f386] [/home/u991737198/domains/tas2023.online/public_html/lib/base.php:3036] require('/home/u991737198/domains/tas2023.online/public_html/tmp/3hn69l4qoa804.22phmm30e0u84.php')
Sun, 19 Jan 2025 09:49:50 -0500 [2600:1006:b050:61d6:e5e2:20b6:9078:f386] [/home/u991737198/domains/tas2023.online/public_html/lib/base.php:3281] View->sandbox()
Sun, 19 Jan 2025 09:49:50 -0500 [2600:1006:b050:61d6:e5e2:20b6:9078:f386] [/home/u991737198/domains/tas2023.online/public_html/tmp/3hn69l4qoa804.3h31n1yj254w8.php:7] Preview->render()
Sun, 19 Jan 2025 09:49:50 -0500 [2600:1006:b050:61d6:e5e2:20b6:9078:f386] [/home/u991737198/domains/tas2023.online/public_html/lib/base.php:3036] require('/home/u991737198/domains/tas2023.online/public_html/tmp/3hn69l4qoa804.3h31n1yj254w8.php')
Sun, 19 Jan 2025 09:49:50 -0500 [2600:1006:b050:61d6:e5e2:20b6:9078:f386] [/home/u991737198/domains/tas2023.online/public_html/lib/base.php:3281] View->sandbox()
Sun, 19 Jan 2025 09:49:50 -0500 [2600:1006:b050:61d6:e5e2:20b6:9078:f386] [/home/u991737198/domains/tas2023.online/public_html/app/controllers/Controller.php:87] Preview->render()
Sun, 19 Jan 2025 09:49:50 -0500 [2600:1006:b050:61d6:e5e2:20b6:9078:f386] [/home/u991737198/domains/tas2023.online/public_html/lib/base.php:2078] Controller->afterroute()
Sun, 19 Jan 2025 09:49:50 -0500 [2600:1006:b050:61d6:e5e2:20b6:9078:f386] [/home/u991737198/domains/tas2023.online/public_html/lib/base.php:1871] Base->call()
Sun, 19 Jan 2025 09:49:50 -0500 [2600:1006:b050:61d6:e5e2:20b6:9078:f386] [/home/u991737198/domains/tas2023.online/public_html/index.php:19] Base->run()
Sun, 19 Jan 2025 09:49:54 -0500 [2600:1006:b050:61d6:e5e2:20b6:9078:f386] 500: Undefined variable $fechapicker trace: [/home/u991737198/domains/tas2023.online/public_html/tmp/3hn69l4qoa804.22phmm30e0u84.php:333]
Sun, 19 Jan 2025 09:49:54 -0500 [2600:1006:b050:61d6:e5e2:20b6:9078:f386] [/home/u991737198/domains/tas2023.online/public_html/tmp/3hn69l4qoa804.22phmm30e0u84.php:333] Base->{closure}()
Sun, 19 Jan 2025 09:49:54 -0500 [2600:1006:b050:61d6:e5e2:20b6:9078:f386] [/home/u991737198/domains/tas2023.online/public_html/lib/base.php:3036] require('/home/u991737198/domains/tas2023.online/public_html/tmp/3hn69l4qoa804.22phmm30e0u84.php')
Sun, 19 Jan 2025 09:49:54 -0500 [2600:1006:b050:61d6:e5e2:20b6:9078:f386] [/home/u991737198/domains/tas2023.online/public_html/lib/base.php:3281] View->sandbox()
Sun, 19 Jan 2025 09:49:54 -0500 [2600:1006:b050:61d6:e5e2:20b6:9078:f386] [/home/u991737198/domains/tas2023.online/public_html/tmp/3hn69l4qoa804.3h31n1yj254w8.php:7] Preview->render()
Sun, 19 Jan 2025 09:49:54 -0500 [2600:1006:b050:61d6:e5e2:20b6:9078:f386] [/home/u991737198/domains/tas2023.online/public_html/lib/base.php:3036] require('/home/u991737198/domains/tas2023.online/public_html/tmp/3hn69l4qoa804.3h31n1yj254w8.php')
Sun, 19 Jan 2025 09:49:54 -0500 [2600:1006:b050:61d6:e5e2:20b6:9078:f386] [/home/u991737198/domains/tas2023.online/public_html/lib/base.php:3281] View->sandbox()
Sun, 19 Jan 2025 09:49:54 -0500 [2600:1006:b050:61d6:e5e2:20b6:9078:f386] [/home/u991737198/domains/tas2023.online/public_html/app/controllers/Controller.php:87] Preview->render()
Sun, 19 Jan 2025 09:49:54 -0500 [2600:1006:b050:61d6:e5e2:20b6:9078:f386] [/home/u991737198/domains/tas2023.online/public_html/lib/base.php:2078] Controller->afterroute()
Sun, 19 Jan 2025 09:49:54 -0500 [2600:1006:b050:61d6:e5e2:20b6:9078:f386] [/home/u991737198/domains/tas2023.online/public_html/lib/base.php:1871] Base->call()
Sun, 19 Jan 2025 09:49:54 -0500 [2600:1006:b050:61d6:e5e2:20b6:9078:f386] [/home/u991737198/domains/tas2023.online/public_html/index.php:19] Base->run()
Sun, 19 Jan 2025 10:40:12 -0500 [2600:1006:b050:61d6:e5e2:20b6:9078:f386] 500: Undefined variable $entity_num trace: [tmp/3hn69l4qoa804.1zo7dt0fljr4w.php:196]
Sun, 19 Jan 2025 10:40:12 -0500 [2600:1006:b050:61d6:e5e2:20b6:9078:f386] [tmp/3hn69l4qoa804.1zo7dt0fljr4w.php:196] Base->{closure}()
Sun, 19 Jan 2025 10:40:12 -0500 [2600:1006:b050:61d6:e5e2:20b6:9078:f386] [lib/base.php:3036] require('/home/u991737198/domains/tas2023.online/public_html/tmp/3hn69l4qoa804.1zo7dt0fljr4w.php')
Sun, 19 Jan 2025 10:40:12 -0500 [2600:1006:b050:61d6:e5e2:20b6:9078:f386] [lib/base.php:3281] View->sandbox()
Sun, 19 Jan 2025 10:40:12 -0500 [2600:1006:b050:61d6:e5e2:20b6:9078:f386] [tmp/3hn69l4qoa804.3h31n1yj254w8.php:7] Preview->render()
Sun, 19 Jan 2025 10:40:12 -0500 [2600:1006:b050:61d6:e5e2:20b6:9078:f386] [lib/base.php:3036] require('/home/u991737198/domains/tas2023.online/public_html/tmp/3hn69l4qoa804.3h31n1yj254w8.php')
Sun, 19 Jan 2025 10:40:12 -0500 [2600:1006:b050:61d6:e5e2:20b6:9078:f386] [lib/base.php:3281] View->sandbox()
Sun, 19 Jan 2025 10:40:12 -0500 [2600:1006:b050:61d6:e5e2:20b6:9078:f386] [app/controllers/Controller.php:87] Preview->render()
Sun, 19 Jan 2025 10:40:12 -0500 [2600:1006:b050:61d6:e5e2:20b6:9078:f386] [lib/base.php:2078] Controller->afterroute()
Sun, 19 Jan 2025 10:40:12 -0500 [2600:1006:b050:61d6:e5e2:20b6:9078:f386] [lib/base.php:1871] Base->call()
Sun, 19 Jan 2025 10:40:12 -0500 [2600:1006:b050:61d6:e5e2:20b6:9078:f386] [index.php:19] Base->run()
Sun, 19 Jan 2025 10:40:22 -0500 [2600:1006:b050:61d6:e5e2:20b6:9078:f386] 500: Undefined variable $entity_num trace: [tmp/3hn69l4qoa804.1zo7dt0fljr4w.php:196]
Sun, 19 Jan 2025 10:40:22 -0500 [2600:1006:b050:61d6:e5e2:20b6:9078:f386] [tmp/3hn69l4qoa804.1zo7dt0fljr4w.php:196] Base->{closure}()
Sun, 19 Jan 2025 10:40:22 -0500 [2600:1006:b050:61d6:e5e2:20b6:9078:f386] [lib/base.php:3036] require('/home/u991737198/domains/tas2023.online/public_html/tmp/3hn69l4qoa804.1zo7dt0fljr4w.php')
Sun, 19 Jan 2025 10:40:22 -0500 [2600:1006:b050:61d6:e5e2:20b6:9078:f386] [lib/base.php:3281] View->sandbox()
Sun, 19 Jan 2025 10:40:22 -0500 [2600:1006:b050:61d6:e5e2:20b6:9078:f386] [tmp/3hn69l4qoa804.3h31n1yj254w8.php:7] Preview->render()
Sun, 19 Jan 2025 10:40:22 -0500 [2600:1006:b050:61d6:e5e2:20b6:9078:f386] [lib/base.php:3036] require('/home/u991737198/domains/tas2023.online/public_html/tmp/3hn69l4qoa804.3h31n1yj254w8.php')
Sun, 19 Jan 2025 10:40:22 -0500 [2600:1006:b050:61d6:e5e2:20b6:9078:f386] [lib/base.php:3281] View->sandbox()
Sun, 19 Jan 2025 10:40:22 -0500 [2600:1006:b050:61d6:e5e2:20b6:9078:f386] [app/controllers/Controller.php:87] Preview->render()
Sun, 19 Jan 2025 10:40:22 -0500 [2600:1006:b050:61d6:e5e2:20b6:9078:f386] [lib/base.php:2078] Controller->afterroute()
Sun, 19 Jan 2025 10:40:22 -0500 [2600:1006:b050:61d6:e5e2:20b6:9078:f386] [lib/base.php:1871] Base->call()
Sun, 19 Jan 2025 10:40:22 -0500 [2600:1006:b050:61d6:e5e2:20b6:9078:f386] [index.php:19] Base->run()
Sun, 19 Jan 2025 10:40:31 -0500 [2600:1006:b050:61d6:e5e2:20b6:9078:f386] 500: Undefined variable $selected_note trace: [/home/u991737198/domains/tas2023.online/public_html/tmp/3hn69l4qoa804.3g8shy2588w00.php:354]
Sun, 19 Jan 2025 10:40:31 -0500 [2600:1006:b050:61d6:e5e2:20b6:9078:f386] [/home/u991737198/domains/tas2023.online/public_html/tmp/3hn69l4qoa804.3g8shy2588w00.php:354] Base->{closure}()
Sun, 19 Jan 2025 10:40:31 -0500 [2600:1006:b050:61d6:e5e2:20b6:9078:f386] [/home/u991737198/domains/tas2023.online/public_html/lib/base.php:3036] require('/home/u991737198/domains/tas2023.online/public_html/tmp/3hn69l4qoa804.3g8shy2588w00.php')
Sun, 19 Jan 2025 10:40:31 -0500 [2600:1006:b050:61d6:e5e2:20b6:9078:f386] [/home/u991737198/domains/tas2023.online/public_html/lib/base.php:3281] View->sandbox()
Sun, 19 Jan 2025 10:40:31 -0500 [2600:1006:b050:61d6:e5e2:20b6:9078:f386] [/home/u991737198/domains/tas2023.online/public_html/tmp/3hn69l4qoa804.3h31n1yj254w8.php:7] Preview->render()
Sun, 19 Jan 2025 10:40:31 -0500 [2600:1006:b050:61d6:e5e2:20b6:9078:f386] [/home/u991737198/domains/tas2023.online/public_html/lib/base.php:3036] require('/home/u991737198/domains/tas2023.online/public_html/tmp/3hn69l4qoa804.3h31n1yj254w8.php')
Sun, 19 Jan 2025 10:40:31 -0500 [2600:1006:b050:61d6:e5e2:20b6:9078:f386] [/home/u991737198/domains/tas2023.online/public_html/lib/base.php:3281] View->sandbox()
Sun, 19 Jan 2025 10:40:31 -0500 [2600:1006:b050:61d6:e5e2:20b6:9078:f386] [/home/u991737198/domains/tas2023.online/public_html/app/controllers/Controller.php:87] Preview->render()
Sun, 19 Jan 2025 10:40:31 -0500 [2600:1006:b050:61d6:e5e2:20b6:9078:f386] [/home/u991737198/domains/tas2023.online/public_html/lib/base.php:2078] Controller->afterroute()
Sun, 19 Jan 2025 10:40:31 -0500 [2600:1006:b050:61d6:e5e2:20b6:9078:f386] [/home/u991737198/domains/tas2023.online/public_html/lib/base.php:1871] Base->call()
Sun, 19 Jan 2025 10:40:31 -0500 [2600:1006:b050:61d6:e5e2:20b6:9078:f386] [/home/u991737198/domains/tas2023.online/public_html/index.php:19] Base->run()
Sun, 19 Jan 2025 10:40:40 -0500 [2600:1006:b050:61d6:e5e2:20b6:9078:f386] 500: Undefined variable $selected_note trace: [/home/u991737198/domains/tas2023.online/public_html/tmp/3hn69l4qoa804.3g8shy2588w00.php:354]
Sun, 19 Jan 2025 10:40:40 -0500 [2600:1006:b050:61d6:e5e2:20b6:9078:f386] [/home/u991737198/domains/tas2023.online/public_html/tmp/3hn69l4qoa804.3g8shy2588w00.php:354] Base->{closure}()
Sun, 19 Jan 2025 10:40:40 -0500 [2600:1006:b050:61d6:e5e2:20b6:9078:f386] [/home/u991737198/domains/tas2023.online/public_html/lib/base.php:3036] require('/home/u991737198/domains/tas2023.online/public_html/tmp/3hn69l4qoa804.3g8shy2588w00.php')
Sun, 19 Jan 2025 10:40:40 -0500 [2600:1006:b050:61d6:e5e2:20b6:9078:f386] [/home/u991737198/domains/tas2023.online/public_html/lib/base.php:3281] View->sandbox()
Sun, 19 Jan 2025 10:40:40 -0500 [2600:1006:b050:61d6:e5e2:20b6:9078:f386] [/home/u991737198/domains/tas2023.online/public_html/tmp/3hn69l4qoa804.3h31n1yj254w8.php:7] Preview->render()
Sun, 19 Jan 2025 10:40:40 -0500 [2600:1006:b050:61d6:e5e2:20b6:9078:f386] [/home/u991737198/domains/tas2023.online/public_html/lib/base.php:3036] require('/home/u991737198/domains/tas2023.online/public_html/tmp/3hn69l4qoa804.3h31n1yj254w8.php')
Sun, 19 Jan 2025 10:40:40 -0500 [2600:1006:b050:61d6:e5e2:20b6:9078:f386] [/home/u991737198/domains/tas2023.online/public_html/lib/base.php:3281] View->sandbox()
Sun, 19 Jan 2025 10:40:40 -0500 [2600:1006:b050:61d6:e5e2:20b6:9078:f386] [/home/u991737198/domains/tas2023.online/public_html/app/controllers/Controller.php:87] Preview->render()
Sun, 19 Jan 2025 10:40:40 -0500 [2600:1006:b050:61d6:e5e2:20b6:9078:f386] [/home/u991737198/domains/tas2023.online/public_html/lib/base.php:2078] Controller->afterroute()
Sun, 19 Jan 2025 10:40:40 -0500 [2600:1006:b050:61d6:e5e2:20b6:9078:f386] [/home/u991737198/domains/tas2023.online/public_html/lib/base.php:1871] Base->call()
Sun, 19 Jan 2025 10:40:40 -0500 [2600:1006:b050:61d6:e5e2:20b6:9078:f386] [/home/u991737198/domains/tas2023.online/public_html/index.php:19] Base->run()
