Wed, 05 Mar 2025 12:08:37 +0000 [2600:1006:b013:458c:391d:f77:d528:a3f8] 401: HTTP 401 (GET /task/taskDistribution) trace: [/home/u991737198/domains/tas2023.online/public_html/lib/access.php:112] Base->error()
Wed, 05 Mar 2025 12:08:37 +0000 [2600:1006:b013:458c:391d:f77:d528:a3f8] 401: HTTP 401 (GET /task/taskData) trace: [/home/u991737198/domains/tas2023.online/public_html/lib/access.php:112] Base->error()
Wed, 05 Mar 2025 12:08:37 +0000 [2600:1006:b013:458c:391d:f77:d528:a3f8] 401: HTTP 401 (GET /task/userNotesCount) trace: [/home/u991737198/domains/tas2023.online/public_html/lib/access.php:112] Base->error()
Wed, 05 Mar 2025 12:08:37 +0000 [2600:1006:b013:458c:391d:f77:d528:a3f8] [/home/u991737198/domains/tas2023.online/public_html/app/controllers/Controller.php:78] Access->authorize()
Wed, 05 Mar 2025 12:08:37 +0000 [2600:1006:b013:458c:391d:f77:d528:a3f8] [/home/u991737198/domains/tas2023.online/public_html/app/controllers/Controller.php:78] Access->authorize()
Wed, 05 Mar 2025 12:08:37 +0000 [2600:1006:b013:458c:391d:f77:d528:a3f8] [/home/u991737198/domains/tas2023.online/public_html/app/controllers/Controller.php:78] Access->authorize()
Wed, 05 Mar 2025 12:08:37 +0000 [2600:1006:b013:458c:391d:f77:d528:a3f8] [/home/u991737198/domains/tas2023.online/public_html/lib/base.php:2069] Controller->beforeroute()
Wed, 05 Mar 2025 12:08:37 +0000 [2600:1006:b013:458c:391d:f77:d528:a3f8] [/home/u991737198/domains/tas2023.online/public_html/lib/base.php:2069] Controller->beforeroute()
Wed, 05 Mar 2025 12:08:37 +0000 [2600:1006:b013:458c:391d:f77:d528:a3f8] [/home/u991737198/domains/tas2023.online/public_html/lib/base.php:2069] Controller->beforeroute()
Wed, 05 Mar 2025 12:08:37 +0000 [2600:1006:b013:458c:391d:f77:d528:a3f8] [/home/u991737198/domains/tas2023.online/public_html/lib/base.php:1871] Base->call()
Wed, 05 Mar 2025 12:08:37 +0000 [2600:1006:b013:458c:391d:f77:d528:a3f8] [/home/u991737198/domains/tas2023.online/public_html/lib/base.php:1871] Base->call()
Wed, 05 Mar 2025 12:08:37 +0000 [2600:1006:b013:458c:391d:f77:d528:a3f8] [/home/u991737198/domains/tas2023.online/public_html/index.php:19] Base->run()
Wed, 05 Mar 2025 12:08:37 +0000 [2600:1006:b013:458c:391d:f77:d528:a3f8] [/home/u991737198/domains/tas2023.online/public_html/lib/base.php:1871] Base->call()
Wed, 05 Mar 2025 12:08:37 +0000 [2600:1006:b013:458c:391d:f77:d528:a3f8] [/home/u991737198/domains/tas2023.online/public_html/index.php:19] Base->run()
Wed, 05 Mar 2025 12:08:37 +0000 [2600:1006:b013:458c:391d:f77:d528:a3f8] [/home/u991737198/domains/tas2023.online/public_html/index.php:19] Base->run()
Wed, 05 Mar 2025 12:08:37 +0000 [2600:1006:b013:458c:391d:f77:d528:a3f8] 401: HTTP 401 (GET /task/teamProductivity) trace: [/home/u991737198/domains/tas2023.online/public_html/lib/access.php:112] Base->error()
Wed, 05 Mar 2025 12:08:37 +0000 [2600:1006:b013:458c:391d:f77:d528:a3f8] [/home/u991737198/domains/tas2023.online/public_html/app/controllers/Controller.php:78] Access->authorize()
Wed, 05 Mar 2025 12:08:37 +0000 [2600:1006:b013:458c:391d:f77:d528:a3f8] [/home/u991737198/domains/tas2023.online/public_html/lib/base.php:2069] Controller->beforeroute()
Wed, 05 Mar 2025 12:08:37 +0000 [2600:1006:b013:458c:391d:f77:d528:a3f8] [/home/u991737198/domains/tas2023.online/public_html/lib/base.php:1871] Base->call()
Wed, 05 Mar 2025 12:08:37 +0000 [2600:1006:b013:458c:391d:f77:d528:a3f8] [/home/u991737198/domains/tas2023.online/public_html/index.php:19] Base->run()
Wed, 05 Mar 2025 12:08:38 +0000 [2600:1006:b013:458c:391d:f77:d528:a3f8] 401: HTTP 401 (GET /task/taskData) trace: [/home/u991737198/domains/tas2023.online/public_html/lib/access.php:112] Base->error()
Wed, 05 Mar 2025 12:08:38 +0000 [2600:1006:b013:458c:391d:f77:d528:a3f8] [/home/u991737198/domains/tas2023.online/public_html/app/controllers/Controller.php:78] Access->authorize()
Wed, 05 Mar 2025 12:08:38 +0000 [2600:1006:b013:458c:391d:f77:d528:a3f8] [/home/u991737198/domains/tas2023.online/public_html/lib/base.php:2069] Controller->beforeroute()
Wed, 05 Mar 2025 12:08:38 +0000 [2600:1006:b013:458c:391d:f77:d528:a3f8] [/home/u991737198/domains/tas2023.online/public_html/lib/base.php:1871] Base->call()
Wed, 05 Mar 2025 12:08:38 +0000 [2600:1006:b013:458c:391d:f77:d528:a3f8] [/home/u991737198/domains/tas2023.online/public_html/index.php:19] Base->run()
Wed, 05 Mar 2025 12:08:38 +0000 [2600:1006:b013:458c:391d:f77:d528:a3f8] 401: HTTP 401 (GET /task/taskDistribution) trace: [/home/u991737198/domains/tas2023.online/public_html/lib/access.php:112] Base->error()
Wed, 05 Mar 2025 12:08:38 +0000 [2600:1006:b013:458c:391d:f77:d528:a3f8] [/home/u991737198/domains/tas2023.online/public_html/app/controllers/Controller.php:78] Access->authorize()
Wed, 05 Mar 2025 12:08:38 +0000 [2600:1006:b013:458c:391d:f77:d528:a3f8] [/home/u991737198/domains/tas2023.online/public_html/lib/base.php:2069] Controller->beforeroute()
Wed, 05 Mar 2025 12:08:38 +0000 [2600:1006:b013:458c:391d:f77:d528:a3f8] [/home/u991737198/domains/tas2023.online/public_html/lib/base.php:1871] Base->call()
Wed, 05 Mar 2025 12:08:38 +0000 [2600:1006:b013:458c:391d:f77:d528:a3f8] [/home/u991737198/domains/tas2023.online/public_html/index.php:19] Base->run()
Wed, 05 Mar 2025 12:08:38 +0000 [2600:1006:b013:458c:391d:f77:d528:a3f8] 401: HTTP 401 (GET /task/userNotesCount) trace: [/home/u991737198/domains/tas2023.online/public_html/lib/access.php:112] Base->error()
Wed, 05 Mar 2025 12:08:38 +0000 [2600:1006:b013:458c:391d:f77:d528:a3f8] [/home/u991737198/domains/tas2023.online/public_html/app/controllers/Controller.php:78] Access->authorize()
Wed, 05 Mar 2025 12:08:38 +0000 [2600:1006:b013:458c:391d:f77:d528:a3f8] [/home/u991737198/domains/tas2023.online/public_html/lib/base.php:2069] Controller->beforeroute()
Wed, 05 Mar 2025 12:08:38 +0000 [2600:1006:b013:458c:391d:f77:d528:a3f8] [/home/u991737198/domains/tas2023.online/public_html/lib/base.php:1871] Base->call()
Wed, 05 Mar 2025 12:08:38 +0000 [2600:1006:b013:458c:391d:f77:d528:a3f8] [/home/u991737198/domains/tas2023.online/public_html/index.php:19] Base->run()
Wed, 05 Mar 2025 12:08:38 +0000 [2600:1006:b013:458c:391d:f77:d528:a3f8] 401: HTTP 401 (GET /task/teamProductivity) trace: [/home/u991737198/domains/tas2023.online/public_html/lib/access.php:112] Base->error()
Wed, 05 Mar 2025 12:08:38 +0000 [2600:1006:b013:458c:391d:f77:d528:a3f8] [/home/u991737198/domains/tas2023.online/public_html/app/controllers/Controller.php:78] Access->authorize()
Wed, 05 Mar 2025 12:08:38 +0000 [2600:1006:b013:458c:391d:f77:d528:a3f8] [/home/u991737198/domains/tas2023.online/public_html/lib/base.php:2069] Controller->beforeroute()
Wed, 05 Mar 2025 12:08:38 +0000 [2600:1006:b013:458c:391d:f77:d528:a3f8] [/home/u991737198/domains/tas2023.online/public_html/lib/base.php:1871] Base->call()
Wed, 05 Mar 2025 12:08:38 +0000 [2600:1006:b013:458c:391d:f77:d528:a3f8] [/home/u991737198/domains/tas2023.online/public_html/index.php:19] Base->run()
Wed, 05 Mar 2025 12:09:00 +0000 [2600:1006:b013:458c:391d:f77:d528:a3f8] 500: Undefined variable $entity_num trace: [tmp/3hn69l4qoa804.1zo7dt0fljr4w.php:200]
Wed, 05 Mar 2025 12:09:00 +0000 [2600:1006:b013:458c:391d:f77:d528:a3f8] [tmp/3hn69l4qoa804.1zo7dt0fljr4w.php:200] Base->{closure}()
Wed, 05 Mar 2025 12:09:00 +0000 [2600:1006:b013:458c:391d:f77:d528:a3f8] [lib/base.php:3036] require('/home/u991737198/domains/tas2023.online/public_html/tmp/3hn69l4qoa804.1zo7dt0fljr4w.php')
Wed, 05 Mar 2025 12:09:00 +0000 [2600:1006:b013:458c:391d:f77:d528:a3f8] [lib/base.php:3281] View->sandbox()
Wed, 05 Mar 2025 12:09:00 +0000 [2600:1006:b013:458c:391d:f77:d528:a3f8] [tmp/3hn69l4qoa804.3h31n1yj254w8.php:7] Preview->render()
Wed, 05 Mar 2025 12:09:00 +0000 [2600:1006:b013:458c:391d:f77:d528:a3f8] [lib/base.php:3036] require('/home/u991737198/domains/tas2023.online/public_html/tmp/3hn69l4qoa804.3h31n1yj254w8.php')
Wed, 05 Mar 2025 12:09:00 +0000 [2600:1006:b013:458c:391d:f77:d528:a3f8] [lib/base.php:3281] View->sandbox()
Wed, 05 Mar 2025 12:09:00 +0000 [2600:1006:b013:458c:391d:f77:d528:a3f8] [app/controllers/Controller.php:87] Preview->render()
Wed, 05 Mar 2025 12:09:00 +0000 [2600:1006:b013:458c:391d:f77:d528:a3f8] [lib/base.php:2078] Controller->afterroute()
Wed, 05 Mar 2025 12:09:00 +0000 [2600:1006:b013:458c:391d:f77:d528:a3f8] [lib/base.php:1871] Base->call()
Wed, 05 Mar 2025 12:09:00 +0000 [2600:1006:b013:458c:391d:f77:d528:a3f8] [index.php:19] Base->run()
Wed, 05 Mar 2025 12:09:05 +0000 [2600:1006:b013:458c:391d:f77:d528:a3f8] 500: Undefined variable $entity_num trace: [tmp/3hn69l4qoa804.1zo7dt0fljr4w.php:200]
Wed, 05 Mar 2025 12:09:05 +0000 [2600:1006:b013:458c:391d:f77:d528:a3f8] [tmp/3hn69l4qoa804.1zo7dt0fljr4w.php:200] Base->{closure}()
Wed, 05 Mar 2025 12:09:05 +0000 [2600:1006:b013:458c:391d:f77:d528:a3f8] [lib/base.php:3036] require('/home/u991737198/domains/tas2023.online/public_html/tmp/3hn69l4qoa804.1zo7dt0fljr4w.php')
Wed, 05 Mar 2025 12:09:05 +0000 [2600:1006:b013:458c:391d:f77:d528:a3f8] [lib/base.php:3281] View->sandbox()
Wed, 05 Mar 2025 12:09:05 +0000 [2600:1006:b013:458c:391d:f77:d528:a3f8] [tmp/3hn69l4qoa804.3h31n1yj254w8.php:7] Preview->render()
Wed, 05 Mar 2025 12:09:05 +0000 [2600:1006:b013:458c:391d:f77:d528:a3f8] [lib/base.php:3036] require('/home/u991737198/domains/tas2023.online/public_html/tmp/3hn69l4qoa804.3h31n1yj254w8.php')
Wed, 05 Mar 2025 12:09:05 +0000 [2600:1006:b013:458c:391d:f77:d528:a3f8] [lib/base.php:3281] View->sandbox()
Wed, 05 Mar 2025 12:09:05 +0000 [2600:1006:b013:458c:391d:f77:d528:a3f8] [app/controllers/Controller.php:87] Preview->render()
Wed, 05 Mar 2025 12:09:05 +0000 [2600:1006:b013:458c:391d:f77:d528:a3f8] [lib/base.php:2078] Controller->afterroute()
Wed, 05 Mar 2025 12:09:05 +0000 [2600:1006:b013:458c:391d:f77:d528:a3f8] [lib/base.php:1871] Base->call()
Wed, 05 Mar 2025 12:09:05 +0000 [2600:1006:b013:458c:391d:f77:d528:a3f8] [index.php:19] Base->run()
Wed, 05 Mar 2025 12:09:10 +0000 [2600:1006:b013:458c:391d:f77:d528:a3f8] 500: Undefined variable $selected_note trace: [/home/u991737198/domains/tas2023.online/public_html/tmp/3hn69l4qoa804.3g8shy2588w00.php:385]
Wed, 05 Mar 2025 12:09:10 +0000 [2600:1006:b013:458c:391d:f77:d528:a3f8] [/home/u991737198/domains/tas2023.online/public_html/tmp/3hn69l4qoa804.3g8shy2588w00.php:385] Base->{closure}()
Wed, 05 Mar 2025 12:09:10 +0000 [2600:1006:b013:458c:391d:f77:d528:a3f8] [/home/u991737198/domains/tas2023.online/public_html/lib/base.php:3036] require('/home/u991737198/domains/tas2023.online/public_html/tmp/3hn69l4qoa804.3g8shy2588w00.php')
Wed, 05 Mar 2025 12:09:10 +0000 [2600:1006:b013:458c:391d:f77:d528:a3f8] [/home/u991737198/domains/tas2023.online/public_html/lib/base.php:3281] View->sandbox()
Wed, 05 Mar 2025 12:09:10 +0000 [2600:1006:b013:458c:391d:f77:d528:a3f8] [/home/u991737198/domains/tas2023.online/public_html/tmp/3hn69l4qoa804.3h31n1yj254w8.php:7] Preview->render()
Wed, 05 Mar 2025 12:09:10 +0000 [2600:1006:b013:458c:391d:f77:d528:a3f8] [/home/u991737198/domains/tas2023.online/public_html/lib/base.php:3036] require('/home/u991737198/domains/tas2023.online/public_html/tmp/3hn69l4qoa804.3h31n1yj254w8.php')
Wed, 05 Mar 2025 12:09:10 +0000 [2600:1006:b013:458c:391d:f77:d528:a3f8] [/home/u991737198/domains/tas2023.online/public_html/lib/base.php:3281] View->sandbox()
Wed, 05 Mar 2025 12:09:10 +0000 [2600:1006:b013:458c:391d:f77:d528:a3f8] [/home/u991737198/domains/tas2023.online/public_html/app/controllers/Controller.php:87] Preview->render()
Wed, 05 Mar 2025 12:09:10 +0000 [2600:1006:b013:458c:391d:f77:d528:a3f8] [/home/u991737198/domains/tas2023.online/public_html/lib/base.php:2078] Controller->afterroute()
Wed, 05 Mar 2025 12:09:10 +0000 [2600:1006:b013:458c:391d:f77:d528:a3f8] [/home/u991737198/domains/tas2023.online/public_html/lib/base.php:1871] Base->call()
Wed, 05 Mar 2025 12:09:10 +0000 [2600:1006:b013:458c:391d:f77:d528:a3f8] [/home/u991737198/domains/tas2023.online/public_html/index.php:19] Base->run()
Wed, 05 Mar 2025 12:11:00 +0000 [2600:1006:b013:458c:391d:f77:d528:a3f8] 500: Undefined variable $selected_note trace: [/home/u991737198/domains/tas2023.online/public_html/tmp/3hn69l4qoa804.3g8shy2588w00.php:385]
Wed, 05 Mar 2025 12:11:00 +0000 [2600:1006:b013:458c:391d:f77:d528:a3f8] [/home/u991737198/domains/tas2023.online/public_html/tmp/3hn69l4qoa804.3g8shy2588w00.php:385] Base->{closure}()
Wed, 05 Mar 2025 12:11:00 +0000 [2600:1006:b013:458c:391d:f77:d528:a3f8] [/home/u991737198/domains/tas2023.online/public_html/lib/base.php:3036] require('/home/u991737198/domains/tas2023.online/public_html/tmp/3hn69l4qoa804.3g8shy2588w00.php')
Wed, 05 Mar 2025 12:11:00 +0000 [2600:1006:b013:458c:391d:f77:d528:a3f8] [/home/u991737198/domains/tas2023.online/public_html/lib/base.php:3281] View->sandbox()
Wed, 05 Mar 2025 12:11:00 +0000 [2600:1006:b013:458c:391d:f77:d528:a3f8] [/home/u991737198/domains/tas2023.online/public_html/tmp/3hn69l4qoa804.3h31n1yj254w8.php:7] Preview->render()
Wed, 05 Mar 2025 12:11:00 +0000 [2600:1006:b013:458c:391d:f77:d528:a3f8] [/home/u991737198/domains/tas2023.online/public_html/lib/base.php:3036] require('/home/u991737198/domains/tas2023.online/public_html/tmp/3hn69l4qoa804.3h31n1yj254w8.php')
Wed, 05 Mar 2025 12:11:00 +0000 [2600:1006:b013:458c:391d:f77:d528:a3f8] [/home/u991737198/domains/tas2023.online/public_html/lib/base.php:3281] View->sandbox()
Wed, 05 Mar 2025 12:11:00 +0000 [2600:1006:b013:458c:391d:f77:d528:a3f8] [/home/u991737198/domains/tas2023.online/public_html/app/controllers/Controller.php:87] Preview->render()
Wed, 05 Mar 2025 12:11:00 +0000 [2600:1006:b013:458c:391d:f77:d528:a3f8] [/home/u991737198/domains/tas2023.online/public_html/lib/base.php:2078] Controller->afterroute()
Wed, 05 Mar 2025 12:11:00 +0000 [2600:1006:b013:458c:391d:f77:d528:a3f8] [/home/u991737198/domains/tas2023.online/public_html/lib/base.php:1871] Base->call()
Wed, 05 Mar 2025 12:11:00 +0000 [2600:1006:b013:458c:391d:f77:d528:a3f8] [/home/u991737198/domains/tas2023.online/public_html/index.php:19] Base->run()
Wed, 05 Mar 2025 12:26:19 +0000 [2600:1006:b013:458c:391d:f77:d528:a3f8] 500: Undefined variable $selected_note trace: [/home/u991737198/domains/tas2023.online/public_html/tmp/3hn69l4qoa804.3g8shy2588w00.php:385]
Wed, 05 Mar 2025 12:26:19 +0000 [2600:1006:b013:458c:391d:f77:d528:a3f8] [/home/u991737198/domains/tas2023.online/public_html/tmp/3hn69l4qoa804.3g8shy2588w00.php:385] Base->{closure}()
Wed, 05 Mar 2025 12:26:19 +0000 [2600:1006:b013:458c:391d:f77:d528:a3f8] [/home/u991737198/domains/tas2023.online/public_html/lib/base.php:3036] require('/home/u991737198/domains/tas2023.online/public_html/tmp/3hn69l4qoa804.3g8shy2588w00.php')
Wed, 05 Mar 2025 12:26:19 +0000 [2600:1006:b013:458c:391d:f77:d528:a3f8] [/home/u991737198/domains/tas2023.online/public_html/lib/base.php:3281] View->sandbox()
Wed, 05 Mar 2025 12:26:19 +0000 [2600:1006:b013:458c:391d:f77:d528:a3f8] [/home/u991737198/domains/tas2023.online/public_html/tmp/3hn69l4qoa804.3h31n1yj254w8.php:7] Preview->render()
Wed, 05 Mar 2025 12:26:19 +0000 [2600:1006:b013:458c:391d:f77:d528:a3f8] [/home/u991737198/domains/tas2023.online/public_html/lib/base.php:3036] require('/home/u991737198/domains/tas2023.online/public_html/tmp/3hn69l4qoa804.3h31n1yj254w8.php')
Wed, 05 Mar 2025 12:26:19 +0000 [2600:1006:b013:458c:391d:f77:d528:a3f8] [/home/u991737198/domains/tas2023.online/public_html/lib/base.php:3281] View->sandbox()
Wed, 05 Mar 2025 12:26:19 +0000 [2600:1006:b013:458c:391d:f77:d528:a3f8] [/home/u991737198/domains/tas2023.online/public_html/app/controllers/Controller.php:87] Preview->render()
Wed, 05 Mar 2025 12:26:19 +0000 [2600:1006:b013:458c:391d:f77:d528:a3f8] [/home/u991737198/domains/tas2023.online/public_html/lib/base.php:2078] Controller->afterroute()
Wed, 05 Mar 2025 12:26:19 +0000 [2600:1006:b013:458c:391d:f77:d528:a3f8] [/home/u991737198/domains/tas2023.online/public_html/lib/base.php:1871] Base->call()
Wed, 05 Mar 2025 12:26:19 +0000 [2600:1006:b013:458c:391d:f77:d528:a3f8] [/home/u991737198/domains/tas2023.online/public_html/index.php:19] Base->run()
Wed, 05 Mar 2025 13:17:38 +0000 [2600:1006:b013:458c:391d:f77:d528:a3f8] 500: Undefined variable $selected_note trace: [/home/u991737198/domains/tas2023.online/public_html/tmp/3hn69l4qoa804.3g8shy2588w00.php:385]
Wed, 05 Mar 2025 13:17:38 +0000 [2600:1006:b013:458c:391d:f77:d528:a3f8] [/home/u991737198/domains/tas2023.online/public_html/tmp/3hn69l4qoa804.3g8shy2588w00.php:385] Base->{closure}()
Wed, 05 Mar 2025 13:17:38 +0000 [2600:1006:b013:458c:391d:f77:d528:a3f8] [/home/u991737198/domains/tas2023.online/public_html/lib/base.php:3036] require('/home/u991737198/domains/tas2023.online/public_html/tmp/3hn69l4qoa804.3g8shy2588w00.php')
Wed, 05 Mar 2025 13:17:38 +0000 [2600:1006:b013:458c:391d:f77:d528:a3f8] [/home/u991737198/domains/tas2023.online/public_html/lib/base.php:3281] View->sandbox()
Wed, 05 Mar 2025 13:17:38 +0000 [2600:1006:b013:458c:391d:f77:d528:a3f8] [/home/u991737198/domains/tas2023.online/public_html/tmp/3hn69l4qoa804.3h31n1yj254w8.php:7] Preview->render()
Wed, 05 Mar 2025 13:17:38 +0000 [2600:1006:b013:458c:391d:f77:d528:a3f8] [/home/u991737198/domains/tas2023.online/public_html/lib/base.php:3036] require('/home/u991737198/domains/tas2023.online/public_html/tmp/3hn69l4qoa804.3h31n1yj254w8.php')
Wed, 05 Mar 2025 13:17:38 +0000 [2600:1006:b013:458c:391d:f77:d528:a3f8] [/home/u991737198/domains/tas2023.online/public_html/lib/base.php:3281] View->sandbox()
Wed, 05 Mar 2025 13:17:38 +0000 [2600:1006:b013:458c:391d:f77:d528:a3f8] [/home/u991737198/domains/tas2023.online/public_html/app/controllers/Controller.php:87] Preview->render()
Wed, 05 Mar 2025 13:17:38 +0000 [2600:1006:b013:458c:391d:f77:d528:a3f8] [/home/u991737198/domains/tas2023.online/public_html/lib/base.php:2078] Controller->afterroute()
Wed, 05 Mar 2025 13:17:38 +0000 [2600:1006:b013:458c:391d:f77:d528:a3f8] [/home/u991737198/domains/tas2023.online/public_html/lib/base.php:1871] Base->call()
Wed, 05 Mar 2025 13:17:38 +0000 [2600:1006:b013:458c:391d:f77:d528:a3f8] [/home/u991737198/domains/tas2023.online/public_html/index.php:19] Base->run()
Wed, 05 Mar 2025 13:17:38 +0000 [2600:1006:b013:458c:391d:f77:d528:a3f8] 401: HTTP 401 (GET /task/taskData) trace: [/home/u991737198/domains/tas2023.online/public_html/lib/access.php:112] Base->error()
Wed, 05 Mar 2025 13:17:38 +0000 [2600:1006:b013:458c:391d:f77:d528:a3f8] [/home/u991737198/domains/tas2023.online/public_html/app/controllers/Controller.php:78] Access->authorize()
Wed, 05 Mar 2025 13:17:38 +0000 [2600:1006:b013:458c:391d:f77:d528:a3f8] [/home/u991737198/domains/tas2023.online/public_html/lib/base.php:2069] Controller->beforeroute()
Wed, 05 Mar 2025 13:17:38 +0000 [2600:1006:b013:458c:391d:f77:d528:a3f8] [/home/u991737198/domains/tas2023.online/public_html/lib/base.php:1871] Base->call()
Wed, 05 Mar 2025 13:17:38 +0000 [2600:1006:b013:458c:391d:f77:d528:a3f8] [/home/u991737198/domains/tas2023.online/public_html/index.php:19] Base->run()
Wed, 05 Mar 2025 13:17:38 +0000 [2600:1006:b013:458c:391d:f77:d528:a3f8] 401: HTTP 401 (GET /task/userNotesCount) trace: [/home/u991737198/domains/tas2023.online/public_html/lib/access.php:112] Base->error()
Wed, 05 Mar 2025 13:17:38 +0000 [2600:1006:b013:458c:391d:f77:d528:a3f8] [/home/u991737198/domains/tas2023.online/public_html/app/controllers/Controller.php:78] Access->authorize()
Wed, 05 Mar 2025 13:17:38 +0000 [2600:1006:b013:458c:391d:f77:d528:a3f8] [/home/u991737198/domains/tas2023.online/public_html/lib/base.php:2069] Controller->beforeroute()
Wed, 05 Mar 2025 13:17:38 +0000 [2600:1006:b013:458c:391d:f77:d528:a3f8] 401: HTTP 401 (GET /task/teamProductivity) trace: [/home/u991737198/domains/tas2023.online/public_html/lib/access.php:112] Base->error()
Wed, 05 Mar 2025 13:17:38 +0000 [2600:1006:b013:458c:391d:f77:d528:a3f8] [/home/u991737198/domains/tas2023.online/public_html/lib/base.php:1871] Base->call()
Wed, 05 Mar 2025 13:17:38 +0000 [2600:1006:b013:458c:391d:f77:d528:a3f8] [/home/u991737198/domains/tas2023.online/public_html/index.php:19] Base->run()
Wed, 05 Mar 2025 13:17:38 +0000 [2600:1006:b013:458c:391d:f77:d528:a3f8] [/home/u991737198/domains/tas2023.online/public_html/app/controllers/Controller.php:78] Access->authorize()
Wed, 05 Mar 2025 13:17:38 +0000 [2600:1006:b013:458c:391d:f77:d528:a3f8] [/home/u991737198/domains/tas2023.online/public_html/lib/base.php:2069] Controller->beforeroute()
Wed, 05 Mar 2025 13:17:38 +0000 [2600:1006:b013:458c:391d:f77:d528:a3f8] [/home/u991737198/domains/tas2023.online/public_html/lib/base.php:1871] Base->call()
Wed, 05 Mar 2025 13:17:38 +0000 [2600:1006:b013:458c:391d:f77:d528:a3f8] [/home/u991737198/domains/tas2023.online/public_html/index.php:19] Base->run()
Wed, 05 Mar 2025 19:54:47 +0000 [2600:1006:b013:458c:391d:f77:d528:a3f8] 401: HTTP 401 (GET /task/listtasks) trace: [/home/u991737198/domains/tas2023.online/public_html/lib/access.php:112] Base->error()
Wed, 05 Mar 2025 19:54:47 +0000 [2600:1006:b013:458c:391d:f77:d528:a3f8] [/home/u991737198/domains/tas2023.online/public_html/app/controllers/Controller.php:78] Access->authorize()
Wed, 05 Mar 2025 19:54:47 +0000 [2600:1006:b013:458c:391d:f77:d528:a3f8] [/home/u991737198/domains/tas2023.online/public_html/lib/base.php:2069] Controller->beforeroute()
Wed, 05 Mar 2025 19:54:47 +0000 [2600:1006:b013:458c:391d:f77:d528:a3f8] [/home/u991737198/domains/tas2023.online/public_html/lib/base.php:1871] Base->call()
Wed, 05 Mar 2025 19:54:47 +0000 [2600:1006:b013:458c:391d:f77:d528:a3f8] [/home/u991737198/domains/tas2023.online/public_html/index.php:19] Base->run()
Wed, 05 Mar 2025 19:55:05 +0000 [2600:1006:b013:458c:391d:f77:d528:a3f8] 500: Undefined variable $entity_num trace: [tmp/3hn69l4qoa804.1zo7dt0fljr4w.php:200]
Wed, 05 Mar 2025 19:55:05 +0000 [2600:1006:b013:458c:391d:f77:d528:a3f8] [tmp/3hn69l4qoa804.1zo7dt0fljr4w.php:200] Base->{closure}()
Wed, 05 Mar 2025 19:55:05 +0000 [2600:1006:b013:458c:391d:f77:d528:a3f8] [lib/base.php:3036] require('/home/u991737198/domains/tas2023.online/public_html/tmp/3hn69l4qoa804.1zo7dt0fljr4w.php')
Wed, 05 Mar 2025 19:55:05 +0000 [2600:1006:b013:458c:391d:f77:d528:a3f8] [lib/base.php:3281] View->sandbox()
Wed, 05 Mar 2025 19:55:05 +0000 [2600:1006:b013:458c:391d:f77:d528:a3f8] [tmp/3hn69l4qoa804.3h31n1yj254w8.php:7] Preview->render()
Wed, 05 Mar 2025 19:55:05 +0000 [2600:1006:b013:458c:391d:f77:d528:a3f8] [lib/base.php:3036] require('/home/u991737198/domains/tas2023.online/public_html/tmp/3hn69l4qoa804.3h31n1yj254w8.php')
Wed, 05 Mar 2025 19:55:05 +0000 [2600:1006:b013:458c:391d:f77:d528:a3f8] [lib/base.php:3281] View->sandbox()
Wed, 05 Mar 2025 19:55:05 +0000 [2600:1006:b013:458c:391d:f77:d528:a3f8] [app/controllers/Controller.php:87] Preview->render()
Wed, 05 Mar 2025 19:55:05 +0000 [2600:1006:b013:458c:391d:f77:d528:a3f8] [lib/base.php:2078] Controller->afterroute()
Wed, 05 Mar 2025 19:55:05 +0000 [2600:1006:b013:458c:391d:f77:d528:a3f8] [lib/base.php:1871] Base->call()
Wed, 05 Mar 2025 19:55:05 +0000 [2600:1006:b013:458c:391d:f77:d528:a3f8] [index.php:19] Base->run()
Wed, 05 Mar 2025 19:55:08 +0000 [2600:1006:b013:458c:391d:f77:d528:a3f8] 500: Undefined variable $entity_num trace: [tmp/3hn69l4qoa804.1zo7dt0fljr4w.php:200]
Wed, 05 Mar 2025 19:55:08 +0000 [2600:1006:b013:458c:391d:f77:d528:a3f8] [tmp/3hn69l4qoa804.1zo7dt0fljr4w.php:200] Base->{closure}()
Wed, 05 Mar 2025 19:55:08 +0000 [2600:1006:b013:458c:391d:f77:d528:a3f8] [lib/base.php:3036] require('/home/u991737198/domains/tas2023.online/public_html/tmp/3hn69l4qoa804.1zo7dt0fljr4w.php')
Wed, 05 Mar 2025 19:55:08 +0000 [2600:1006:b013:458c:391d:f77:d528:a3f8] [lib/base.php:3281] View->sandbox()
Wed, 05 Mar 2025 19:55:08 +0000 [2600:1006:b013:458c:391d:f77:d528:a3f8] [tmp/3hn69l4qoa804.3h31n1yj254w8.php:7] Preview->render()
Wed, 05 Mar 2025 19:55:08 +0000 [2600:1006:b013:458c:391d:f77:d528:a3f8] [lib/base.php:3036] require('/home/u991737198/domains/tas2023.online/public_html/tmp/3hn69l4qoa804.3h31n1yj254w8.php')
Wed, 05 Mar 2025 19:55:08 +0000 [2600:1006:b013:458c:391d:f77:d528:a3f8] [lib/base.php:3281] View->sandbox()
Wed, 05 Mar 2025 19:55:08 +0000 [2600:1006:b013:458c:391d:f77:d528:a3f8] [app/controllers/Controller.php:87] Preview->render()
Wed, 05 Mar 2025 19:55:08 +0000 [2600:1006:b013:458c:391d:f77:d528:a3f8] [lib/base.php:2078] Controller->afterroute()
Wed, 05 Mar 2025 19:55:08 +0000 [2600:1006:b013:458c:391d:f77:d528:a3f8] [lib/base.php:1871] Base->call()
Wed, 05 Mar 2025 19:55:08 +0000 [2600:1006:b013:458c:391d:f77:d528:a3f8] [index.php:19] Base->run()
Wed, 05 Mar 2025 19:55:12 +0000 [2600:1006:b013:458c:391d:f77:d528:a3f8] 500: Undefined variable $selected_note trace: [/home/u991737198/domains/tas2023.online/public_html/tmp/3hn69l4qoa804.3g8shy2588w00.php:385]
Wed, 05 Mar 2025 19:55:12 +0000 [2600:1006:b013:458c:391d:f77:d528:a3f8] [/home/u991737198/domains/tas2023.online/public_html/tmp/3hn69l4qoa804.3g8shy2588w00.php:385] Base->{closure}()
Wed, 05 Mar 2025 19:55:12 +0000 [2600:1006:b013:458c:391d:f77:d528:a3f8] [/home/u991737198/domains/tas2023.online/public_html/lib/base.php:3036] require('/home/u991737198/domains/tas2023.online/public_html/tmp/3hn69l4qoa804.3g8shy2588w00.php')
Wed, 05 Mar 2025 19:55:12 +0000 [2600:1006:b013:458c:391d:f77:d528:a3f8] [/home/u991737198/domains/tas2023.online/public_html/lib/base.php:3281] View->sandbox()
Wed, 05 Mar 2025 19:55:12 +0000 [2600:1006:b013:458c:391d:f77:d528:a3f8] [/home/u991737198/domains/tas2023.online/public_html/tmp/3hn69l4qoa804.3h31n1yj254w8.php:7] Preview->render()
Wed, 05 Mar 2025 19:55:12 +0000 [2600:1006:b013:458c:391d:f77:d528:a3f8] [/home/u991737198/domains/tas2023.online/public_html/lib/base.php:3036] require('/home/u991737198/domains/tas2023.online/public_html/tmp/3hn69l4qoa804.3h31n1yj254w8.php')
Wed, 05 Mar 2025 19:55:12 +0000 [2600:1006:b013:458c:391d:f77:d528:a3f8] [/home/u991737198/domains/tas2023.online/public_html/lib/base.php:3281] View->sandbox()
Wed, 05 Mar 2025 19:55:12 +0000 [2600:1006:b013:458c:391d:f77:d528:a3f8] [/home/u991737198/domains/tas2023.online/public_html/app/controllers/Controller.php:87] Preview->render()
Wed, 05 Mar 2025 19:55:12 +0000 [2600:1006:b013:458c:391d:f77:d528:a3f8] [/home/u991737198/domains/tas2023.online/public_html/lib/base.php:2078] Controller->afterroute()
Wed, 05 Mar 2025 19:55:12 +0000 [2600:1006:b013:458c:391d:f77:d528:a3f8] [/home/u991737198/domains/tas2023.online/public_html/lib/base.php:1871] Base->call()
Wed, 05 Mar 2025 19:55:12 +0000 [2600:1006:b013:458c:391d:f77:d528:a3f8] [/home/u991737198/domains/tas2023.online/public_html/index.php:19] Base->run()
Wed, 05 Mar 2025 19:56:47 +0000 [2600:1006:b013:458c:391d:f77:d528:a3f8] 500: Undefined variable $selected_note trace: [/home/u991737198/domains/tas2023.online/public_html/tmp/3hn69l4qoa804.3g8shy2588w00.php:385]
Wed, 05 Mar 2025 19:56:47 +0000 [2600:1006:b013:458c:391d:f77:d528:a3f8] [/home/u991737198/domains/tas2023.online/public_html/tmp/3hn69l4qoa804.3g8shy2588w00.php:385] Base->{closure}()
Wed, 05 Mar 2025 19:56:47 +0000 [2600:1006:b013:458c:391d:f77:d528:a3f8] [/home/u991737198/domains/tas2023.online/public_html/lib/base.php:3036] require('/home/u991737198/domains/tas2023.online/public_html/tmp/3hn69l4qoa804.3g8shy2588w00.php')
Wed, 05 Mar 2025 19:56:47 +0000 [2600:1006:b013:458c:391d:f77:d528:a3f8] [/home/u991737198/domains/tas2023.online/public_html/lib/base.php:3281] View->sandbox()
Wed, 05 Mar 2025 19:56:47 +0000 [2600:1006:b013:458c:391d:f77:d528:a3f8] [/home/u991737198/domains/tas2023.online/public_html/tmp/3hn69l4qoa804.3h31n1yj254w8.php:7] Preview->render()
Wed, 05 Mar 2025 19:56:47 +0000 [2600:1006:b013:458c:391d:f77:d528:a3f8] [/home/u991737198/domains/tas2023.online/public_html/lib/base.php:3036] require('/home/u991737198/domains/tas2023.online/public_html/tmp/3hn69l4qoa804.3h31n1yj254w8.php')
Wed, 05 Mar 2025 19:56:47 +0000 [2600:1006:b013:458c:391d:f77:d528:a3f8] [/home/u991737198/domains/tas2023.online/public_html/lib/base.php:3281] View->sandbox()
Wed, 05 Mar 2025 19:56:47 +0000 [2600:1006:b013:458c:391d:f77:d528:a3f8] [/home/u991737198/domains/tas2023.online/public_html/app/controllers/Controller.php:87] Preview->render()
Wed, 05 Mar 2025 19:56:47 +0000 [2600:1006:b013:458c:391d:f77:d528:a3f8] [/home/u991737198/domains/tas2023.online/public_html/lib/base.php:2078] Controller->afterroute()
Wed, 05 Mar 2025 19:56:47 +0000 [2600:1006:b013:458c:391d:f77:d528:a3f8] [/home/u991737198/domains/tas2023.online/public_html/lib/base.php:1871] Base->call()
Wed, 05 Mar 2025 19:56:47 +0000 [2600:1006:b013:458c:391d:f77:d528:a3f8] [/home/u991737198/domains/tas2023.online/public_html/index.php:19] Base->run()
