Fri, 02 May 2025 11:02:49 +0000 [152.89.218.30] 500: Undefined field activado trace: [lib/db/sql/mapper.php:132]
Fri, 02 May 2025 11:02:49 +0000 [152.89.218.30] [lib/db/sql/mapper.php:132] user_error()
Fri, 02 May 2025 11:02:49 +0000 [152.89.218.30] [lib/magic.php:89] DB\SQL\Mapper->get()
Fri, 02 May 2025 11:02:49 +0000 [152.89.218.30] [lib/magic.php:131] Magic->offsetget()
Fri, 02 May 2025 11:02:49 +0000 [152.89.218.30] [app/controllers/UserController.php:453] Magic->__get()
Fri, 02 May 2025 11:02:49 +0000 [152.89.218.30] [lib/base.php:2072] UserController->create()
Fri, 02 May 2025 11:02:49 +0000 [152.89.218.30] [lib/base.php:1871] Base->call()
Fri, 02 May 2025 11:02:49 +0000 [152.89.218.30] [index.php:19] Base->run()
Fri, 02 May 2025 12:10:22 +0000 [185.130.251.190] 500: Undefined field activado trace: [lib/db/sql/mapper.php:132]
Fri, 02 May 2025 12:10:22 +0000 [185.130.251.190] [lib/db/sql/mapper.php:132] user_error()
Fri, 02 May 2025 12:10:22 +0000 [185.130.251.190] [lib/magic.php:89] DB\SQL\Mapper->get()
Fri, 02 May 2025 12:10:22 +0000 [185.130.251.190] [lib/magic.php:131] Magic->offsetget()
Fri, 02 May 2025 12:10:22 +0000 [185.130.251.190] [app/controllers/UserController.php:453] Magic->__get()
Fri, 02 May 2025 12:10:22 +0000 [185.130.251.190] [lib/base.php:2072] UserController->create()
Fri, 02 May 2025 12:10:22 +0000 [185.130.251.190] [lib/base.php:1871] Base->call()
Fri, 02 May 2025 12:10:22 +0000 [185.130.251.190] [index.php:19] Base->run()
Fri, 02 May 2025 14:00:40 +0000 [2600:100a:b006:2c6c:347d:3bda:9c65:8359] 401: HTTP 401 (GET /task/taskData) trace: [/home/u991737198/domains/tas2023.online/public_html/lib/access.php:112] Base->error()
Fri, 02 May 2025 14:00:40 +0000 [2600:100a:b006:2c6c:347d:3bda:9c65:8359] 401: HTTP 401 (GET /task/teamProductivity) trace: [/home/u991737198/domains/tas2023.online/public_html/lib/access.php:112] Base->error()
Fri, 02 May 2025 14:00:40 +0000 [2600:100a:b006:2c6c:347d:3bda:9c65:8359] [/home/u991737198/domains/tas2023.online/public_html/app/controllers/Controller.php:78] Access->authorize()
Fri, 02 May 2025 14:00:40 +0000 [2600:100a:b006:2c6c:347d:3bda:9c65:8359] [/home/u991737198/domains/tas2023.online/public_html/app/controllers/Controller.php:78] Access->authorize()
Fri, 02 May 2025 14:00:40 +0000 [2600:100a:b006:2c6c:347d:3bda:9c65:8359] [/home/u991737198/domains/tas2023.online/public_html/lib/base.php:2069] Controller->beforeroute()
Fri, 02 May 2025 14:00:40 +0000 [2600:100a:b006:2c6c:347d:3bda:9c65:8359] [/home/u991737198/domains/tas2023.online/public_html/lib/base.php:2069] Controller->beforeroute()
Fri, 02 May 2025 14:00:40 +0000 [2600:100a:b006:2c6c:347d:3bda:9c65:8359] 401: HTTP 401 (GET /task/taskDistribution) trace: [/home/u991737198/domains/tas2023.online/public_html/lib/access.php:112] Base->error()
Fri, 02 May 2025 14:00:40 +0000 [2600:100a:b006:2c6c:347d:3bda:9c65:8359] [/home/u991737198/domains/tas2023.online/public_html/lib/base.php:1871] Base->call()
Fri, 02 May 2025 14:00:40 +0000 [2600:100a:b006:2c6c:347d:3bda:9c65:8359] [/home/u991737198/domains/tas2023.online/public_html/lib/base.php:1871] Base->call()
Fri, 02 May 2025 14:00:40 +0000 [2600:100a:b006:2c6c:347d:3bda:9c65:8359] [/home/u991737198/domains/tas2023.online/public_html/index.php:19] Base->run()
Fri, 02 May 2025 14:00:40 +0000 [2600:100a:b006:2c6c:347d:3bda:9c65:8359] [/home/u991737198/domains/tas2023.online/public_html/app/controllers/Controller.php:78] Access->authorize()
Fri, 02 May 2025 14:00:40 +0000 [2600:100a:b006:2c6c:347d:3bda:9c65:8359] [/home/u991737198/domains/tas2023.online/public_html/index.php:19] Base->run()
Fri, 02 May 2025 14:00:40 +0000 [2600:100a:b006:2c6c:347d:3bda:9c65:8359] [/home/u991737198/domains/tas2023.online/public_html/lib/base.php:2069] Controller->beforeroute()
Fri, 02 May 2025 14:00:40 +0000 [2600:100a:b006:2c6c:347d:3bda:9c65:8359] 401: HTTP 401 (GET /task/userNotesCount) trace: [/home/u991737198/domains/tas2023.online/public_html/lib/access.php:112] Base->error()
Fri, 02 May 2025 14:00:40 +0000 [2600:100a:b006:2c6c:347d:3bda:9c65:8359] [/home/u991737198/domains/tas2023.online/public_html/lib/base.php:1871] Base->call()
Fri, 02 May 2025 14:00:40 +0000 [2600:100a:b006:2c6c:347d:3bda:9c65:8359] [/home/u991737198/domains/tas2023.online/public_html/app/controllers/Controller.php:78] Access->authorize()
Fri, 02 May 2025 14:00:40 +0000 [2600:100a:b006:2c6c:347d:3bda:9c65:8359] [/home/u991737198/domains/tas2023.online/public_html/index.php:19] Base->run()
Fri, 02 May 2025 14:00:40 +0000 [2600:100a:b006:2c6c:347d:3bda:9c65:8359] [/home/u991737198/domains/tas2023.online/public_html/lib/base.php:2069] Controller->beforeroute()
Fri, 02 May 2025 14:00:40 +0000 [2600:100a:b006:2c6c:347d:3bda:9c65:8359] [/home/u991737198/domains/tas2023.online/public_html/lib/base.php:1871] Base->call()
Fri, 02 May 2025 14:00:40 +0000 [2600:100a:b006:2c6c:347d:3bda:9c65:8359] [/home/u991737198/domains/tas2023.online/public_html/index.php:19] Base->run()
Fri, 02 May 2025 14:01:05 +0000 [2600:100a:b006:2c6c:347d:3bda:9c65:8359] 500: Undefined variable $selected_note trace: [/home/u991737198/domains/tas2023.online/public_html/tmp/3hn69l4qoa804.3g8shy2588w00.php:385]
Fri, 02 May 2025 14:01:05 +0000 [2600:100a:b006:2c6c:347d:3bda:9c65:8359] [/home/u991737198/domains/tas2023.online/public_html/tmp/3hn69l4qoa804.3g8shy2588w00.php:385] Base->{closure}()
Fri, 02 May 2025 14:01:05 +0000 [2600:100a:b006:2c6c:347d:3bda:9c65:8359] [/home/u991737198/domains/tas2023.online/public_html/lib/base.php:3036] require('/home/u991737198/domains/tas2023.online/public_html/tmp/3hn69l4qoa804.3g8shy2588w00.php')
Fri, 02 May 2025 14:01:05 +0000 [2600:100a:b006:2c6c:347d:3bda:9c65:8359] [/home/u991737198/domains/tas2023.online/public_html/lib/base.php:3281] View->sandbox()
Fri, 02 May 2025 14:01:05 +0000 [2600:100a:b006:2c6c:347d:3bda:9c65:8359] [/home/u991737198/domains/tas2023.online/public_html/tmp/3hn69l4qoa804.3h31n1yj254w8.php:7] Preview->render()
Fri, 02 May 2025 14:01:05 +0000 [2600:100a:b006:2c6c:347d:3bda:9c65:8359] [/home/u991737198/domains/tas2023.online/public_html/lib/base.php:3036] require('/home/u991737198/domains/tas2023.online/public_html/tmp/3hn69l4qoa804.3h31n1yj254w8.php')
Fri, 02 May 2025 14:01:05 +0000 [2600:100a:b006:2c6c:347d:3bda:9c65:8359] [/home/u991737198/domains/tas2023.online/public_html/lib/base.php:3281] View->sandbox()
Fri, 02 May 2025 14:01:05 +0000 [2600:100a:b006:2c6c:347d:3bda:9c65:8359] [/home/u991737198/domains/tas2023.online/public_html/app/controllers/Controller.php:87] Preview->render()
Fri, 02 May 2025 14:01:05 +0000 [2600:100a:b006:2c6c:347d:3bda:9c65:8359] [/home/u991737198/domains/tas2023.online/public_html/lib/base.php:2078] Controller->afterroute()
Fri, 02 May 2025 14:01:05 +0000 [2600:100a:b006:2c6c:347d:3bda:9c65:8359] [/home/u991737198/domains/tas2023.online/public_html/lib/base.php:1871] Base->call()
Fri, 02 May 2025 14:01:05 +0000 [2600:100a:b006:2c6c:347d:3bda:9c65:8359] [/home/u991737198/domains/tas2023.online/public_html/index.php:19] Base->run()
Fri, 02 May 2025 14:02:42 +0000 [2600:100a:b006:2c6c:347d:3bda:9c65:8359] 500: Undefined variable $selected_note trace: [/home/u991737198/domains/tas2023.online/public_html/tmp/3hn69l4qoa804.3g8shy2588w00.php:385]
Fri, 02 May 2025 14:02:42 +0000 [2600:100a:b006:2c6c:347d:3bda:9c65:8359] [/home/u991737198/domains/tas2023.online/public_html/tmp/3hn69l4qoa804.3g8shy2588w00.php:385] Base->{closure}()
Fri, 02 May 2025 14:02:42 +0000 [2600:100a:b006:2c6c:347d:3bda:9c65:8359] [/home/u991737198/domains/tas2023.online/public_html/lib/base.php:3036] require('/home/u991737198/domains/tas2023.online/public_html/tmp/3hn69l4qoa804.3g8shy2588w00.php')
Fri, 02 May 2025 14:02:42 +0000 [2600:100a:b006:2c6c:347d:3bda:9c65:8359] [/home/u991737198/domains/tas2023.online/public_html/lib/base.php:3281] View->sandbox()
Fri, 02 May 2025 14:02:42 +0000 [2600:100a:b006:2c6c:347d:3bda:9c65:8359] [/home/u991737198/domains/tas2023.online/public_html/tmp/3hn69l4qoa804.3h31n1yj254w8.php:7] Preview->render()
Fri, 02 May 2025 14:02:42 +0000 [2600:100a:b006:2c6c:347d:3bda:9c65:8359] [/home/u991737198/domains/tas2023.online/public_html/lib/base.php:3036] require('/home/u991737198/domains/tas2023.online/public_html/tmp/3hn69l4qoa804.3h31n1yj254w8.php')
Fri, 02 May 2025 14:02:42 +0000 [2600:100a:b006:2c6c:347d:3bda:9c65:8359] [/home/u991737198/domains/tas2023.online/public_html/lib/base.php:3281] View->sandbox()
Fri, 02 May 2025 14:02:42 +0000 [2600:100a:b006:2c6c:347d:3bda:9c65:8359] [/home/u991737198/domains/tas2023.online/public_html/app/controllers/Controller.php:87] Preview->render()
Fri, 02 May 2025 14:02:42 +0000 [2600:100a:b006:2c6c:347d:3bda:9c65:8359] [/home/u991737198/domains/tas2023.online/public_html/lib/base.php:2078] Controller->afterroute()
Fri, 02 May 2025 14:02:42 +0000 [2600:100a:b006:2c6c:347d:3bda:9c65:8359] [/home/u991737198/domains/tas2023.online/public_html/lib/base.php:1871] Base->call()
Fri, 02 May 2025 14:02:42 +0000 [2600:100a:b006:2c6c:347d:3bda:9c65:8359] [/home/u991737198/domains/tas2023.online/public_html/index.php:19] Base->run()
Fri, 02 May 2025 14:03:08 +0000 [2600:100a:b006:2c6c:347d:3bda:9c65:8359] 500: Undefined variable $selected_note trace: [/home/u991737198/domains/tas2023.online/public_html/tmp/3hn69l4qoa804.3g8shy2588w00.php:385]
Fri, 02 May 2025 14:03:08 +0000 [2600:100a:b006:2c6c:347d:3bda:9c65:8359] [/home/u991737198/domains/tas2023.online/public_html/tmp/3hn69l4qoa804.3g8shy2588w00.php:385] Base->{closure}()
Fri, 02 May 2025 14:03:08 +0000 [2600:100a:b006:2c6c:347d:3bda:9c65:8359] [/home/u991737198/domains/tas2023.online/public_html/lib/base.php:3036] require('/home/u991737198/domains/tas2023.online/public_html/tmp/3hn69l4qoa804.3g8shy2588w00.php')
Fri, 02 May 2025 14:03:08 +0000 [2600:100a:b006:2c6c:347d:3bda:9c65:8359] [/home/u991737198/domains/tas2023.online/public_html/lib/base.php:3281] View->sandbox()
Fri, 02 May 2025 14:03:08 +0000 [2600:100a:b006:2c6c:347d:3bda:9c65:8359] [/home/u991737198/domains/tas2023.online/public_html/tmp/3hn69l4qoa804.3h31n1yj254w8.php:7] Preview->render()
Fri, 02 May 2025 14:03:08 +0000 [2600:100a:b006:2c6c:347d:3bda:9c65:8359] [/home/u991737198/domains/tas2023.online/public_html/lib/base.php:3036] require('/home/u991737198/domains/tas2023.online/public_html/tmp/3hn69l4qoa804.3h31n1yj254w8.php')
Fri, 02 May 2025 14:03:08 +0000 [2600:100a:b006:2c6c:347d:3bda:9c65:8359] [/home/u991737198/domains/tas2023.online/public_html/lib/base.php:3281] View->sandbox()
Fri, 02 May 2025 14:03:08 +0000 [2600:100a:b006:2c6c:347d:3bda:9c65:8359] [/home/u991737198/domains/tas2023.online/public_html/app/controllers/Controller.php:87] Preview->render()
Fri, 02 May 2025 14:03:08 +0000 [2600:100a:b006:2c6c:347d:3bda:9c65:8359] [/home/u991737198/domains/tas2023.online/public_html/lib/base.php:2078] Controller->afterroute()
Fri, 02 May 2025 14:03:08 +0000 [2600:100a:b006:2c6c:347d:3bda:9c65:8359] [/home/u991737198/domains/tas2023.online/public_html/lib/base.php:1871] Base->call()
Fri, 02 May 2025 14:03:08 +0000 [2600:100a:b006:2c6c:347d:3bda:9c65:8359] [/home/u991737198/domains/tas2023.online/public_html/index.php:19] Base->run()
Fri, 02 May 2025 14:03:42 +0000 [2600:100a:b006:2c6c:347d:3bda:9c65:8359] 500: Undefined variable $selected_note trace: [/home/u991737198/domains/tas2023.online/public_html/tmp/3hn69l4qoa804.3g8shy2588w00.php:385]
Fri, 02 May 2025 14:03:42 +0000 [2600:100a:b006:2c6c:347d:3bda:9c65:8359] [/home/u991737198/domains/tas2023.online/public_html/tmp/3hn69l4qoa804.3g8shy2588w00.php:385] Base->{closure}()
Fri, 02 May 2025 14:03:42 +0000 [2600:100a:b006:2c6c:347d:3bda:9c65:8359] [/home/u991737198/domains/tas2023.online/public_html/lib/base.php:3036] require('/home/u991737198/domains/tas2023.online/public_html/tmp/3hn69l4qoa804.3g8shy2588w00.php')
Fri, 02 May 2025 14:03:42 +0000 [2600:100a:b006:2c6c:347d:3bda:9c65:8359] [/home/u991737198/domains/tas2023.online/public_html/lib/base.php:3281] View->sandbox()
Fri, 02 May 2025 14:03:42 +0000 [2600:100a:b006:2c6c:347d:3bda:9c65:8359] [/home/u991737198/domains/tas2023.online/public_html/tmp/3hn69l4qoa804.3h31n1yj254w8.php:7] Preview->render()
Fri, 02 May 2025 14:03:42 +0000 [2600:100a:b006:2c6c:347d:3bda:9c65:8359] [/home/u991737198/domains/tas2023.online/public_html/lib/base.php:3036] require('/home/u991737198/domains/tas2023.online/public_html/tmp/3hn69l4qoa804.3h31n1yj254w8.php')
Fri, 02 May 2025 14:03:42 +0000 [2600:100a:b006:2c6c:347d:3bda:9c65:8359] [/home/u991737198/domains/tas2023.online/public_html/lib/base.php:3281] View->sandbox()
Fri, 02 May 2025 14:03:42 +0000 [2600:100a:b006:2c6c:347d:3bda:9c65:8359] [/home/u991737198/domains/tas2023.online/public_html/app/controllers/Controller.php:87] Preview->render()
Fri, 02 May 2025 14:03:42 +0000 [2600:100a:b006:2c6c:347d:3bda:9c65:8359] [/home/u991737198/domains/tas2023.online/public_html/lib/base.php:2078] Controller->afterroute()
Fri, 02 May 2025 14:03:42 +0000 [2600:100a:b006:2c6c:347d:3bda:9c65:8359] [/home/u991737198/domains/tas2023.online/public_html/lib/base.php:1871] Base->call()
Fri, 02 May 2025 14:03:42 +0000 [2600:100a:b006:2c6c:347d:3bda:9c65:8359] [/home/u991737198/domains/tas2023.online/public_html/index.php:19] Base->run()
Fri, 02 May 2025 15:07:38 +0000 [2600:100a:b006:2c6c:347d:3bda:9c65:8359] 401: HTTP 401 (GET /note/find/266/445/103/project) trace: [/home/u991737198/domains/tas2023.online/public_html/lib/access.php:112] Base->error()
Fri, 02 May 2025 15:07:38 +0000 [2600:100a:b006:2c6c:347d:3bda:9c65:8359] [/home/u991737198/domains/tas2023.online/public_html/app/controllers/Controller.php:78] Access->authorize()
Fri, 02 May 2025 15:07:38 +0000 [2600:100a:b006:2c6c:347d:3bda:9c65:8359] [/home/u991737198/domains/tas2023.online/public_html/lib/base.php:2069] Controller->beforeroute()
Fri, 02 May 2025 15:07:38 +0000 [2600:100a:b006:2c6c:347d:3bda:9c65:8359] [/home/u991737198/domains/tas2023.online/public_html/lib/base.php:1871] Base->call()
Fri, 02 May 2025 15:07:38 +0000 [2600:100a:b006:2c6c:347d:3bda:9c65:8359] [/home/u991737198/domains/tas2023.online/public_html/index.php:19] Base->run()
Fri, 02 May 2025 15:07:59 +0000 [2600:100a:b006:2c6c:347d:3bda:9c65:8359] 500: Undefined variable $selected_note trace: [/home/u991737198/domains/tas2023.online/public_html/tmp/3hn69l4qoa804.3g8shy2588w00.php:385]
Fri, 02 May 2025 15:07:59 +0000 [2600:100a:b006:2c6c:347d:3bda:9c65:8359] [/home/u991737198/domains/tas2023.online/public_html/tmp/3hn69l4qoa804.3g8shy2588w00.php:385] Base->{closure}()
Fri, 02 May 2025 15:07:59 +0000 [2600:100a:b006:2c6c:347d:3bda:9c65:8359] [/home/u991737198/domains/tas2023.online/public_html/lib/base.php:3036] require('/home/u991737198/domains/tas2023.online/public_html/tmp/3hn69l4qoa804.3g8shy2588w00.php')
Fri, 02 May 2025 15:07:59 +0000 [2600:100a:b006:2c6c:347d:3bda:9c65:8359] [/home/u991737198/domains/tas2023.online/public_html/lib/base.php:3281] View->sandbox()
Fri, 02 May 2025 15:07:59 +0000 [2600:100a:b006:2c6c:347d:3bda:9c65:8359] [/home/u991737198/domains/tas2023.online/public_html/tmp/3hn69l4qoa804.3h31n1yj254w8.php:7] Preview->render()
Fri, 02 May 2025 15:07:59 +0000 [2600:100a:b006:2c6c:347d:3bda:9c65:8359] [/home/u991737198/domains/tas2023.online/public_html/lib/base.php:3036] require('/home/u991737198/domains/tas2023.online/public_html/tmp/3hn69l4qoa804.3h31n1yj254w8.php')
Fri, 02 May 2025 15:07:59 +0000 [2600:100a:b006:2c6c:347d:3bda:9c65:8359] [/home/u991737198/domains/tas2023.online/public_html/lib/base.php:3281] View->sandbox()
Fri, 02 May 2025 15:07:59 +0000 [2600:100a:b006:2c6c:347d:3bda:9c65:8359] [/home/u991737198/domains/tas2023.online/public_html/app/controllers/Controller.php:87] Preview->render()
Fri, 02 May 2025 15:07:59 +0000 [2600:100a:b006:2c6c:347d:3bda:9c65:8359] [/home/u991737198/domains/tas2023.online/public_html/lib/base.php:2078] Controller->afterroute()
Fri, 02 May 2025 15:07:59 +0000 [2600:100a:b006:2c6c:347d:3bda:9c65:8359] [/home/u991737198/domains/tas2023.online/public_html/lib/base.php:1871] Base->call()
Fri, 02 May 2025 15:07:59 +0000 [2600:100a:b006:2c6c:347d:3bda:9c65:8359] [/home/u991737198/domains/tas2023.online/public_html/index.php:19] Base->run()
Fri, 02 May 2025 15:09:44 +0000 [2600:100a:b006:2c6c:347d:3bda:9c65:8359] 500: Undefined variable $selected_note trace: [/home/u991737198/domains/tas2023.online/public_html/tmp/3hn69l4qoa804.3g8shy2588w00.php:385]
Fri, 02 May 2025 15:09:44 +0000 [2600:100a:b006:2c6c:347d:3bda:9c65:8359] [/home/u991737198/domains/tas2023.online/public_html/tmp/3hn69l4qoa804.3g8shy2588w00.php:385] Base->{closure}()
Fri, 02 May 2025 15:09:44 +0000 [2600:100a:b006:2c6c:347d:3bda:9c65:8359] [/home/u991737198/domains/tas2023.online/public_html/lib/base.php:3036] require('/home/u991737198/domains/tas2023.online/public_html/tmp/3hn69l4qoa804.3g8shy2588w00.php')
Fri, 02 May 2025 15:09:44 +0000 [2600:100a:b006:2c6c:347d:3bda:9c65:8359] [/home/u991737198/domains/tas2023.online/public_html/lib/base.php:3281] View->sandbox()
Fri, 02 May 2025 15:09:44 +0000 [2600:100a:b006:2c6c:347d:3bda:9c65:8359] [/home/u991737198/domains/tas2023.online/public_html/tmp/3hn69l4qoa804.3h31n1yj254w8.php:7] Preview->render()
Fri, 02 May 2025 15:09:44 +0000 [2600:100a:b006:2c6c:347d:3bda:9c65:8359] [/home/u991737198/domains/tas2023.online/public_html/lib/base.php:3036] require('/home/u991737198/domains/tas2023.online/public_html/tmp/3hn69l4qoa804.3h31n1yj254w8.php')
Fri, 02 May 2025 15:09:44 +0000 [2600:100a:b006:2c6c:347d:3bda:9c65:8359] [/home/u991737198/domains/tas2023.online/public_html/lib/base.php:3281] View->sandbox()
Fri, 02 May 2025 15:09:44 +0000 [2600:100a:b006:2c6c:347d:3bda:9c65:8359] [/home/u991737198/domains/tas2023.online/public_html/app/controllers/Controller.php:87] Preview->render()
Fri, 02 May 2025 15:09:44 +0000 [2600:100a:b006:2c6c:347d:3bda:9c65:8359] [/home/u991737198/domains/tas2023.online/public_html/lib/base.php:2078] Controller->afterroute()
Fri, 02 May 2025 15:09:44 +0000 [2600:100a:b006:2c6c:347d:3bda:9c65:8359] [/home/u991737198/domains/tas2023.online/public_html/lib/base.php:1871] Base->call()
Fri, 02 May 2025 15:09:44 +0000 [2600:100a:b006:2c6c:347d:3bda:9c65:8359] [/home/u991737198/domains/tas2023.online/public_html/index.php:19] Base->run()
