Thu, 28 Aug 2025 14:02:11 +0000 [188.127.245.19] 500: Undefined field activado trace: [lib/db/sql/mapper.php:132]
Thu, 28 Aug 2025 14:02:11 +0000 [188.127.245.19] [lib/db/sql/mapper.php:132] user_error()
Thu, 28 Aug 2025 14:02:11 +0000 [188.127.245.19] [lib/magic.php:89] DB\SQL\Mapper->get()
Thu, 28 Aug 2025 14:02:11 +0000 [188.127.245.19] [lib/magic.php:131] Magic->offsetget()
Thu, 28 Aug 2025 14:02:11 +0000 [188.127.245.19] [app/controllers/UserController.php:453] Magic->__get()
Thu, 28 Aug 2025 14:02:11 +0000 [188.127.245.19] [lib/base.php:2072] UserController->create()
Thu, 28 Aug 2025 14:02:11 +0000 [188.127.245.19] [lib/base.php:1871] Base->call()
Thu, 28 Aug 2025 14:02:11 +0000 [188.127.245.19] [index.php:19] Base->run()
Thu, 28 Aug 2025 14:49:06 +0000 [185.130.249.137] 500: Undefined field activado trace: [lib/db/sql/mapper.php:132]
Thu, 28 Aug 2025 14:49:06 +0000 [185.130.249.137] [lib/db/sql/mapper.php:132] user_error()
Thu, 28 Aug 2025 14:49:06 +0000 [185.130.249.137] [lib/magic.php:89] DB\SQL\Mapper->get()
Thu, 28 Aug 2025 14:49:06 +0000 [185.130.249.137] [lib/magic.php:131] Magic->offsetget()
Thu, 28 Aug 2025 14:49:06 +0000 [185.130.249.137] [app/controllers/UserController.php:453] Magic->__get()
Thu, 28 Aug 2025 14:49:06 +0000 [185.130.249.137] [lib/base.php:2072] UserController->create()
Thu, 28 Aug 2025 14:49:06 +0000 [185.130.249.137] [lib/base.php:1871] Base->call()
Thu, 28 Aug 2025 14:49:06 +0000 [185.130.249.137] [index.php:19] Base->run()
Thu, 28 Aug 2025 18:44:12 +0000 [2603:9000:f801:55e2:8805:2a2b:f240:183d] 500: Undefined variable $entity_num trace: [tmp/3hn69l4qoa804.1zo7dt0fljr4w.php:200]
Thu, 28 Aug 2025 18:44:12 +0000 [2603:9000:f801:55e2:8805:2a2b:f240:183d] [tmp/3hn69l4qoa804.1zo7dt0fljr4w.php:200] Base->{closure}()
Thu, 28 Aug 2025 18:44:12 +0000 [2603:9000:f801:55e2:8805:2a2b:f240:183d] [lib/base.php:3036] require('/home/u991737198/domains/tas2023.online/public_html/tmp/3hn69l4qoa804.1zo7dt0fljr4w.php')
Thu, 28 Aug 2025 18:44:12 +0000 [2603:9000:f801:55e2:8805:2a2b:f240:183d] [lib/base.php:3281] View->sandbox()
Thu, 28 Aug 2025 18:44:12 +0000 [2603:9000:f801:55e2:8805:2a2b:f240:183d] [tmp/3hn69l4qoa804.3h31n1yj254w8.php:7] Preview->render()
Thu, 28 Aug 2025 18:44:12 +0000 [2603:9000:f801:55e2:8805:2a2b:f240:183d] [lib/base.php:3036] require('/home/u991737198/domains/tas2023.online/public_html/tmp/3hn69l4qoa804.3h31n1yj254w8.php')
Thu, 28 Aug 2025 18:44:12 +0000 [2603:9000:f801:55e2:8805:2a2b:f240:183d] [lib/base.php:3281] View->sandbox()
Thu, 28 Aug 2025 18:44:12 +0000 [2603:9000:f801:55e2:8805:2a2b:f240:183d] [app/controllers/Controller.php:87] Preview->render()
Thu, 28 Aug 2025 18:44:12 +0000 [2603:9000:f801:55e2:8805:2a2b:f240:183d] [lib/base.php:2078] Controller->afterroute()
Thu, 28 Aug 2025 18:44:12 +0000 [2603:9000:f801:55e2:8805:2a2b:f240:183d] [lib/base.php:1871] Base->call()
Thu, 28 Aug 2025 18:44:12 +0000 [2603:9000:f801:55e2:8805:2a2b:f240:183d] [index.php:19] Base->run()
Thu, 28 Aug 2025 18:44:27 +0000 [2603:9000:f801:55e2:8805:2a2b:f240:183d] 500: Undefined variable $selected_note trace: [/home/u991737198/domains/tas2023.online/public_html/tmp/3hn69l4qoa804.3g8shy2588w00.php:385]
Thu, 28 Aug 2025 18:44:27 +0000 [2603:9000:f801:55e2:8805:2a2b:f240:183d] [/home/u991737198/domains/tas2023.online/public_html/tmp/3hn69l4qoa804.3g8shy2588w00.php:385] Base->{closure}()
Thu, 28 Aug 2025 18:44:27 +0000 [2603:9000:f801:55e2:8805:2a2b:f240:183d] [/home/u991737198/domains/tas2023.online/public_html/lib/base.php:3036] require('/home/u991737198/domains/tas2023.online/public_html/tmp/3hn69l4qoa804.3g8shy2588w00.php')
Thu, 28 Aug 2025 18:44:27 +0000 [2603:9000:f801:55e2:8805:2a2b:f240:183d] [/home/u991737198/domains/tas2023.online/public_html/lib/base.php:3281] View->sandbox()
Thu, 28 Aug 2025 18:44:27 +0000 [2603:9000:f801:55e2:8805:2a2b:f240:183d] [/home/u991737198/domains/tas2023.online/public_html/tmp/3hn69l4qoa804.3h31n1yj254w8.php:7] Preview->render()
Thu, 28 Aug 2025 18:44:27 +0000 [2603:9000:f801:55e2:8805:2a2b:f240:183d] [/home/u991737198/domains/tas2023.online/public_html/lib/base.php:3036] require('/home/u991737198/domains/tas2023.online/public_html/tmp/3hn69l4qoa804.3h31n1yj254w8.php')
Thu, 28 Aug 2025 18:44:27 +0000 [2603:9000:f801:55e2:8805:2a2b:f240:183d] [/home/u991737198/domains/tas2023.online/public_html/lib/base.php:3281] View->sandbox()
Thu, 28 Aug 2025 18:44:27 +0000 [2603:9000:f801:55e2:8805:2a2b:f240:183d] [/home/u991737198/domains/tas2023.online/public_html/app/controllers/Controller.php:87] Preview->render()
Thu, 28 Aug 2025 18:44:27 +0000 [2603:9000:f801:55e2:8805:2a2b:f240:183d] [/home/u991737198/domains/tas2023.online/public_html/lib/base.php:2078] Controller->afterroute()
Thu, 28 Aug 2025 18:44:27 +0000 [2603:9000:f801:55e2:8805:2a2b:f240:183d] [/home/u991737198/domains/tas2023.online/public_html/lib/base.php:1871] Base->call()
Thu, 28 Aug 2025 18:44:27 +0000 [2603:9000:f801:55e2:8805:2a2b:f240:183d] [/home/u991737198/domains/tas2023.online/public_html/index.php:19] Base->run()
Thu, 28 Aug 2025 18:44:35 +0000 [2603:9000:f801:55e2:8805:2a2b:f240:183d] 500: trim(): Passing null to parameter #1 ($string) of type string is deprecated trace: [/home/u991737198/domains/tas2023.online/public_html/tmp/3hn69l4qoa804.3g8shy2588w00.php:356]
Thu, 28 Aug 2025 18:44:35 +0000 [2603:9000:f801:55e2:8805:2a2b:f240:183d] [/home/u991737198/domains/tas2023.online/public_html/tmp/3hn69l4qoa804.3g8shy2588w00.php:356] trim()
Thu, 28 Aug 2025 18:44:35 +0000 [2603:9000:f801:55e2:8805:2a2b:f240:183d] [/home/u991737198/domains/tas2023.online/public_html/lib/base.php:3036] require('/home/u991737198/domains/tas2023.online/public_html/tmp/3hn69l4qoa804.3g8shy2588w00.php')
Thu, 28 Aug 2025 18:44:35 +0000 [2603:9000:f801:55e2:8805:2a2b:f240:183d] [/home/u991737198/domains/tas2023.online/public_html/lib/base.php:3281] View->sandbox()
Thu, 28 Aug 2025 18:44:35 +0000 [2603:9000:f801:55e2:8805:2a2b:f240:183d] [/home/u991737198/domains/tas2023.online/public_html/tmp/3hn69l4qoa804.3h31n1yj254w8.php:7] Preview->render()
Thu, 28 Aug 2025 18:44:35 +0000 [2603:9000:f801:55e2:8805:2a2b:f240:183d] [/home/u991737198/domains/tas2023.online/public_html/lib/base.php:3036] require('/home/u991737198/domains/tas2023.online/public_html/tmp/3hn69l4qoa804.3h31n1yj254w8.php')
Thu, 28 Aug 2025 18:44:35 +0000 [2603:9000:f801:55e2:8805:2a2b:f240:183d] [/home/u991737198/domains/tas2023.online/public_html/lib/base.php:3281] View->sandbox()
Thu, 28 Aug 2025 18:44:35 +0000 [2603:9000:f801:55e2:8805:2a2b:f240:183d] [/home/u991737198/domains/tas2023.online/public_html/app/controllers/Controller.php:87] Preview->render()
Thu, 28 Aug 2025 18:44:35 +0000 [2603:9000:f801:55e2:8805:2a2b:f240:183d] [/home/u991737198/domains/tas2023.online/public_html/lib/base.php:2078] Controller->afterroute()
Thu, 28 Aug 2025 18:44:35 +0000 [2603:9000:f801:55e2:8805:2a2b:f240:183d] [/home/u991737198/domains/tas2023.online/public_html/lib/base.php:1871] Base->call()
Thu, 28 Aug 2025 18:44:35 +0000 [2603:9000:f801:55e2:8805:2a2b:f240:183d] [/home/u991737198/domains/tas2023.online/public_html/index.php:19] Base->run()
Thu, 28 Aug 2025 18:48:13 +0000 [2603:9000:f801:55e2:8805:2a2b:f240:183d] 500: Undefined variable $count trace: [tmp/3hn69l4qoa804.man4oes5p0l2.php:137]
Thu, 28 Aug 2025 18:48:13 +0000 [2603:9000:f801:55e2:8805:2a2b:f240:183d] [tmp/3hn69l4qoa804.man4oes5p0l2.php:137] Base->{closure}()
Thu, 28 Aug 2025 18:48:13 +0000 [2603:9000:f801:55e2:8805:2a2b:f240:183d] [lib/base.php:3036] require('/home/u991737198/domains/tas2023.online/public_html/tmp/3hn69l4qoa804.man4oes5p0l2.php')
Thu, 28 Aug 2025 18:48:13 +0000 [2603:9000:f801:55e2:8805:2a2b:f240:183d] [lib/base.php:3281] View->sandbox()
Thu, 28 Aug 2025 18:48:13 +0000 [2603:9000:f801:55e2:8805:2a2b:f240:183d] [tmp/3hn69l4qoa804.3h31n1yj254w8.php:7] Preview->render()
Thu, 28 Aug 2025 18:48:13 +0000 [2603:9000:f801:55e2:8805:2a2b:f240:183d] [lib/base.php:3036] require('/home/u991737198/domains/tas2023.online/public_html/tmp/3hn69l4qoa804.3h31n1yj254w8.php')
Thu, 28 Aug 2025 18:48:13 +0000 [2603:9000:f801:55e2:8805:2a2b:f240:183d] [lib/base.php:3281] View->sandbox()
Thu, 28 Aug 2025 18:48:13 +0000 [2603:9000:f801:55e2:8805:2a2b:f240:183d] [app/controllers/Controller.php:87] Preview->render()
Thu, 28 Aug 2025 18:48:13 +0000 [2603:9000:f801:55e2:8805:2a2b:f240:183d] [lib/base.php:2078] Controller->afterroute()
Thu, 28 Aug 2025 18:48:13 +0000 [2603:9000:f801:55e2:8805:2a2b:f240:183d] [lib/base.php:1871] Base->call()
Thu, 28 Aug 2025 18:48:13 +0000 [2603:9000:f801:55e2:8805:2a2b:f240:183d] [index.php:19] Base->run()
Thu, 28 Aug 2025 18:48:25 +0000 [2603:9000:f801:55e2:8805:2a2b:f240:183d] 500: Undefined variable $fechapicker trace: [/home/u991737198/domains/tas2023.online/public_html/tmp/3hn69l4qoa804.22phmm30e0u84.php:334]
Thu, 28 Aug 2025 18:48:25 +0000 [2603:9000:f801:55e2:8805:2a2b:f240:183d] [/home/u991737198/domains/tas2023.online/public_html/tmp/3hn69l4qoa804.22phmm30e0u84.php:334] Base->{closure}()
Thu, 28 Aug 2025 18:48:25 +0000 [2603:9000:f801:55e2:8805:2a2b:f240:183d] [/home/u991737198/domains/tas2023.online/public_html/lib/base.php:3036] require('/home/u991737198/domains/tas2023.online/public_html/tmp/3hn69l4qoa804.22phmm30e0u84.php')
Thu, 28 Aug 2025 18:48:25 +0000 [2603:9000:f801:55e2:8805:2a2b:f240:183d] [/home/u991737198/domains/tas2023.online/public_html/lib/base.php:3281] View->sandbox()
Thu, 28 Aug 2025 18:48:25 +0000 [2603:9000:f801:55e2:8805:2a2b:f240:183d] [/home/u991737198/domains/tas2023.online/public_html/tmp/3hn69l4qoa804.3h31n1yj254w8.php:7] Preview->render()
Thu, 28 Aug 2025 18:48:25 +0000 [2603:9000:f801:55e2:8805:2a2b:f240:183d] [/home/u991737198/domains/tas2023.online/public_html/lib/base.php:3036] require('/home/u991737198/domains/tas2023.online/public_html/tmp/3hn69l4qoa804.3h31n1yj254w8.php')
Thu, 28 Aug 2025 18:48:25 +0000 [2603:9000:f801:55e2:8805:2a2b:f240:183d] [/home/u991737198/domains/tas2023.online/public_html/lib/base.php:3281] View->sandbox()
Thu, 28 Aug 2025 18:48:25 +0000 [2603:9000:f801:55e2:8805:2a2b:f240:183d] [/home/u991737198/domains/tas2023.online/public_html/app/controllers/Controller.php:87] Preview->render()
Thu, 28 Aug 2025 18:48:25 +0000 [2603:9000:f801:55e2:8805:2a2b:f240:183d] [/home/u991737198/domains/tas2023.online/public_html/lib/base.php:2078] Controller->afterroute()
Thu, 28 Aug 2025 18:48:25 +0000 [2603:9000:f801:55e2:8805:2a2b:f240:183d] [/home/u991737198/domains/tas2023.online/public_html/lib/base.php:1871] Base->call()
Thu, 28 Aug 2025 18:48:25 +0000 [2603:9000:f801:55e2:8805:2a2b:f240:183d] [/home/u991737198/domains/tas2023.online/public_html/index.php:19] Base->run()
Thu, 28 Aug 2025 18:56:53 +0000 [2603:9000:f801:55e2:8805:2a2b:f240:183d] 500: Undefined variable $entity_num trace: [tmp/3hn69l4qoa804.1zo7dt0fljr4w.php:200]
Thu, 28 Aug 2025 18:56:53 +0000 [2603:9000:f801:55e2:8805:2a2b:f240:183d] [tmp/3hn69l4qoa804.1zo7dt0fljr4w.php:200] Base->{closure}()
Thu, 28 Aug 2025 18:56:53 +0000 [2603:9000:f801:55e2:8805:2a2b:f240:183d] [lib/base.php:3036] require('/home/u991737198/domains/tas2023.online/public_html/tmp/3hn69l4qoa804.1zo7dt0fljr4w.php')
Thu, 28 Aug 2025 18:56:53 +0000 [2603:9000:f801:55e2:8805:2a2b:f240:183d] [lib/base.php:3281] View->sandbox()
Thu, 28 Aug 2025 18:56:53 +0000 [2603:9000:f801:55e2:8805:2a2b:f240:183d] [tmp/3hn69l4qoa804.3h31n1yj254w8.php:7] Preview->render()
Thu, 28 Aug 2025 18:56:53 +0000 [2603:9000:f801:55e2:8805:2a2b:f240:183d] [lib/base.php:3036] require('/home/u991737198/domains/tas2023.online/public_html/tmp/3hn69l4qoa804.3h31n1yj254w8.php')
Thu, 28 Aug 2025 18:56:53 +0000 [2603:9000:f801:55e2:8805:2a2b:f240:183d] [lib/base.php:3281] View->sandbox()
Thu, 28 Aug 2025 18:56:53 +0000 [2603:9000:f801:55e2:8805:2a2b:f240:183d] [app/controllers/Controller.php:87] Preview->render()
Thu, 28 Aug 2025 18:56:53 +0000 [2603:9000:f801:55e2:8805:2a2b:f240:183d] [lib/base.php:2078] Controller->afterroute()
Thu, 28 Aug 2025 18:56:53 +0000 [2603:9000:f801:55e2:8805:2a2b:f240:183d] [lib/base.php:1871] Base->call()
Thu, 28 Aug 2025 18:56:53 +0000 [2603:9000:f801:55e2:8805:2a2b:f240:183d] [index.php:19] Base->run()
