Thu, 10 Apr 2025 12:36:45 +0000 [2600:1006:b04f:708b:1575:e252:fd5:443] 500: Undefined variable $entity_num trace: [tmp/3hn69l4qoa804.1zo7dt0fljr4w.php:200]
Thu, 10 Apr 2025 12:36:45 +0000 [2600:1006:b04f:708b:1575:e252:fd5:443] [tmp/3hn69l4qoa804.1zo7dt0fljr4w.php:200] Base->{closure}()
Thu, 10 Apr 2025 12:36:45 +0000 [2600:1006:b04f:708b:1575:e252:fd5:443] [lib/base.php:3036] require('/home/u991737198/domains/tas2023.online/public_html/tmp/3hn69l4qoa804.1zo7dt0fljr4w.php')
Thu, 10 Apr 2025 12:36:45 +0000 [2600:1006:b04f:708b:1575:e252:fd5:443] [lib/base.php:3281] View->sandbox()
Thu, 10 Apr 2025 12:36:45 +0000 [2600:1006:b04f:708b:1575:e252:fd5:443] [tmp/3hn69l4qoa804.3h31n1yj254w8.php:7] Preview->render()
Thu, 10 Apr 2025 12:36:45 +0000 [2600:1006:b04f:708b:1575:e252:fd5:443] [lib/base.php:3036] require('/home/u991737198/domains/tas2023.online/public_html/tmp/3hn69l4qoa804.3h31n1yj254w8.php')
Thu, 10 Apr 2025 12:36:45 +0000 [2600:1006:b04f:708b:1575:e252:fd5:443] [lib/base.php:3281] View->sandbox()
Thu, 10 Apr 2025 12:36:45 +0000 [2600:1006:b04f:708b:1575:e252:fd5:443] [app/controllers/Controller.php:87] Preview->render()
Thu, 10 Apr 2025 12:36:45 +0000 [2600:1006:b04f:708b:1575:e252:fd5:443] [lib/base.php:2078] Controller->afterroute()
Thu, 10 Apr 2025 12:36:45 +0000 [2600:1006:b04f:708b:1575:e252:fd5:443] [lib/base.php:1871] Base->call()
Thu, 10 Apr 2025 12:36:45 +0000 [2600:1006:b04f:708b:1575:e252:fd5:443] [index.php:19] Base->run()
Thu, 10 Apr 2025 12:36:51 +0000 [2600:1006:b04f:708b:1575:e252:fd5:443] 500: Undefined variable $entity_num trace: [tmp/3hn69l4qoa804.1zo7dt0fljr4w.php:200]
Thu, 10 Apr 2025 12:36:51 +0000 [2600:1006:b04f:708b:1575:e252:fd5:443] [tmp/3hn69l4qoa804.1zo7dt0fljr4w.php:200] Base->{closure}()
Thu, 10 Apr 2025 12:36:51 +0000 [2600:1006:b04f:708b:1575:e252:fd5:443] [lib/base.php:3036] require('/home/u991737198/domains/tas2023.online/public_html/tmp/3hn69l4qoa804.1zo7dt0fljr4w.php')
Thu, 10 Apr 2025 12:36:51 +0000 [2600:1006:b04f:708b:1575:e252:fd5:443] [lib/base.php:3281] View->sandbox()
Thu, 10 Apr 2025 12:36:51 +0000 [2600:1006:b04f:708b:1575:e252:fd5:443] [tmp/3hn69l4qoa804.3h31n1yj254w8.php:7] Preview->render()
Thu, 10 Apr 2025 12:36:51 +0000 [2600:1006:b04f:708b:1575:e252:fd5:443] [lib/base.php:3036] require('/home/u991737198/domains/tas2023.online/public_html/tmp/3hn69l4qoa804.3h31n1yj254w8.php')
Thu, 10 Apr 2025 12:36:51 +0000 [2600:1006:b04f:708b:1575:e252:fd5:443] [lib/base.php:3281] View->sandbox()
Thu, 10 Apr 2025 12:36:51 +0000 [2600:1006:b04f:708b:1575:e252:fd5:443] [app/controllers/Controller.php:87] Preview->render()
Thu, 10 Apr 2025 12:36:51 +0000 [2600:1006:b04f:708b:1575:e252:fd5:443] [lib/base.php:2078] Controller->afterroute()
Thu, 10 Apr 2025 12:36:51 +0000 [2600:1006:b04f:708b:1575:e252:fd5:443] [lib/base.php:1871] Base->call()
Thu, 10 Apr 2025 12:36:51 +0000 [2600:1006:b04f:708b:1575:e252:fd5:443] [index.php:19] Base->run()
Thu, 10 Apr 2025 12:38:14 +0000 [2600:1006:b04f:708b:1575:e252:fd5:443] 500: Undefined variable $selected_note trace: [/home/u991737198/domains/tas2023.online/public_html/tmp/3hn69l4qoa804.3g8shy2588w00.php:385]
Thu, 10 Apr 2025 12:38:14 +0000 [2600:1006:b04f:708b:1575:e252:fd5:443] [/home/u991737198/domains/tas2023.online/public_html/tmp/3hn69l4qoa804.3g8shy2588w00.php:385] Base->{closure}()
Thu, 10 Apr 2025 12:38:14 +0000 [2600:1006:b04f:708b:1575:e252:fd5:443] [/home/u991737198/domains/tas2023.online/public_html/lib/base.php:3036] require('/home/u991737198/domains/tas2023.online/public_html/tmp/3hn69l4qoa804.3g8shy2588w00.php')
Thu, 10 Apr 2025 12:38:14 +0000 [2600:1006:b04f:708b:1575:e252:fd5:443] [/home/u991737198/domains/tas2023.online/public_html/lib/base.php:3281] View->sandbox()
Thu, 10 Apr 2025 12:38:14 +0000 [2600:1006:b04f:708b:1575:e252:fd5:443] [/home/u991737198/domains/tas2023.online/public_html/tmp/3hn69l4qoa804.3h31n1yj254w8.php:7] Preview->render()
Thu, 10 Apr 2025 12:38:14 +0000 [2600:1006:b04f:708b:1575:e252:fd5:443] [/home/u991737198/domains/tas2023.online/public_html/lib/base.php:3036] require('/home/u991737198/domains/tas2023.online/public_html/tmp/3hn69l4qoa804.3h31n1yj254w8.php')
Thu, 10 Apr 2025 12:38:14 +0000 [2600:1006:b04f:708b:1575:e252:fd5:443] [/home/u991737198/domains/tas2023.online/public_html/lib/base.php:3281] View->sandbox()
Thu, 10 Apr 2025 12:38:14 +0000 [2600:1006:b04f:708b:1575:e252:fd5:443] [/home/u991737198/domains/tas2023.online/public_html/app/controllers/Controller.php:87] Preview->render()
Thu, 10 Apr 2025 12:38:14 +0000 [2600:1006:b04f:708b:1575:e252:fd5:443] [/home/u991737198/domains/tas2023.online/public_html/lib/base.php:2078] Controller->afterroute()
Thu, 10 Apr 2025 12:38:14 +0000 [2600:1006:b04f:708b:1575:e252:fd5:443] [/home/u991737198/domains/tas2023.online/public_html/lib/base.php:1871] Base->call()
Thu, 10 Apr 2025 12:38:14 +0000 [2600:1006:b04f:708b:1575:e252:fd5:443] [/home/u991737198/domains/tas2023.online/public_html/index.php:19] Base->run()
Thu, 10 Apr 2025 12:39:48 +0000 [2600:1006:b04f:708b:1575:e252:fd5:443] 500: Undefined variable $selected_note trace: [/home/u991737198/domains/tas2023.online/public_html/tmp/3hn69l4qoa804.3g8shy2588w00.php:385]
Thu, 10 Apr 2025 12:39:48 +0000 [2600:1006:b04f:708b:1575:e252:fd5:443] [/home/u991737198/domains/tas2023.online/public_html/tmp/3hn69l4qoa804.3g8shy2588w00.php:385] Base->{closure}()
Thu, 10 Apr 2025 12:39:48 +0000 [2600:1006:b04f:708b:1575:e252:fd5:443] [/home/u991737198/domains/tas2023.online/public_html/lib/base.php:3036] require('/home/u991737198/domains/tas2023.online/public_html/tmp/3hn69l4qoa804.3g8shy2588w00.php')
Thu, 10 Apr 2025 12:39:48 +0000 [2600:1006:b04f:708b:1575:e252:fd5:443] [/home/u991737198/domains/tas2023.online/public_html/lib/base.php:3281] View->sandbox()
Thu, 10 Apr 2025 12:39:48 +0000 [2600:1006:b04f:708b:1575:e252:fd5:443] [/home/u991737198/domains/tas2023.online/public_html/tmp/3hn69l4qoa804.3h31n1yj254w8.php:7] Preview->render()
Thu, 10 Apr 2025 12:39:48 +0000 [2600:1006:b04f:708b:1575:e252:fd5:443] [/home/u991737198/domains/tas2023.online/public_html/lib/base.php:3036] require('/home/u991737198/domains/tas2023.online/public_html/tmp/3hn69l4qoa804.3h31n1yj254w8.php')
Thu, 10 Apr 2025 12:39:48 +0000 [2600:1006:b04f:708b:1575:e252:fd5:443] [/home/u991737198/domains/tas2023.online/public_html/lib/base.php:3281] View->sandbox()
Thu, 10 Apr 2025 12:39:48 +0000 [2600:1006:b04f:708b:1575:e252:fd5:443] [/home/u991737198/domains/tas2023.online/public_html/app/controllers/Controller.php:87] Preview->render()
Thu, 10 Apr 2025 12:39:48 +0000 [2600:1006:b04f:708b:1575:e252:fd5:443] [/home/u991737198/domains/tas2023.online/public_html/lib/base.php:2078] Controller->afterroute()
Thu, 10 Apr 2025 12:39:48 +0000 [2600:1006:b04f:708b:1575:e252:fd5:443] [/home/u991737198/domains/tas2023.online/public_html/lib/base.php:1871] Base->call()
Thu, 10 Apr 2025 12:39:48 +0000 [2600:1006:b04f:708b:1575:e252:fd5:443] [/home/u991737198/domains/tas2023.online/public_html/index.php:19] Base->run()
Thu, 10 Apr 2025 12:40:20 +0000 [2600:1006:b04f:708b:1575:e252:fd5:443] 500: Undefined variable $selected_note trace: [/home/u991737198/domains/tas2023.online/public_html/tmp/3hn69l4qoa804.3g8shy2588w00.php:385]
Thu, 10 Apr 2025 12:40:20 +0000 [2600:1006:b04f:708b:1575:e252:fd5:443] [/home/u991737198/domains/tas2023.online/public_html/tmp/3hn69l4qoa804.3g8shy2588w00.php:385] Base->{closure}()
Thu, 10 Apr 2025 12:40:20 +0000 [2600:1006:b04f:708b:1575:e252:fd5:443] [/home/u991737198/domains/tas2023.online/public_html/lib/base.php:3036] require('/home/u991737198/domains/tas2023.online/public_html/tmp/3hn69l4qoa804.3g8shy2588w00.php')
Thu, 10 Apr 2025 12:40:20 +0000 [2600:1006:b04f:708b:1575:e252:fd5:443] [/home/u991737198/domains/tas2023.online/public_html/lib/base.php:3281] View->sandbox()
Thu, 10 Apr 2025 12:40:20 +0000 [2600:1006:b04f:708b:1575:e252:fd5:443] [/home/u991737198/domains/tas2023.online/public_html/tmp/3hn69l4qoa804.3h31n1yj254w8.php:7] Preview->render()
Thu, 10 Apr 2025 12:40:20 +0000 [2600:1006:b04f:708b:1575:e252:fd5:443] [/home/u991737198/domains/tas2023.online/public_html/lib/base.php:3036] require('/home/u991737198/domains/tas2023.online/public_html/tmp/3hn69l4qoa804.3h31n1yj254w8.php')
Thu, 10 Apr 2025 12:40:20 +0000 [2600:1006:b04f:708b:1575:e252:fd5:443] [/home/u991737198/domains/tas2023.online/public_html/lib/base.php:3281] View->sandbox()
Thu, 10 Apr 2025 12:40:20 +0000 [2600:1006:b04f:708b:1575:e252:fd5:443] [/home/u991737198/domains/tas2023.online/public_html/app/controllers/Controller.php:87] Preview->render()
Thu, 10 Apr 2025 12:40:20 +0000 [2600:1006:b04f:708b:1575:e252:fd5:443] [/home/u991737198/domains/tas2023.online/public_html/lib/base.php:2078] Controller->afterroute()
Thu, 10 Apr 2025 12:40:20 +0000 [2600:1006:b04f:708b:1575:e252:fd5:443] [/home/u991737198/domains/tas2023.online/public_html/lib/base.php:1871] Base->call()
Thu, 10 Apr 2025 12:40:20 +0000 [2600:1006:b04f:708b:1575:e252:fd5:443] [/home/u991737198/domains/tas2023.online/public_html/index.php:19] Base->run()
Thu, 10 Apr 2025 12:40:55 +0000 [2600:1006:b04f:708b:1575:e252:fd5:443] 500: Undefined variable $selected_note trace: [/home/u991737198/domains/tas2023.online/public_html/tmp/3hn69l4qoa804.3g8shy2588w00.php:385]
Thu, 10 Apr 2025 12:40:55 +0000 [2600:1006:b04f:708b:1575:e252:fd5:443] [/home/u991737198/domains/tas2023.online/public_html/tmp/3hn69l4qoa804.3g8shy2588w00.php:385] Base->{closure}()
Thu, 10 Apr 2025 12:40:55 +0000 [2600:1006:b04f:708b:1575:e252:fd5:443] [/home/u991737198/domains/tas2023.online/public_html/lib/base.php:3036] require('/home/u991737198/domains/tas2023.online/public_html/tmp/3hn69l4qoa804.3g8shy2588w00.php')
Thu, 10 Apr 2025 12:40:55 +0000 [2600:1006:b04f:708b:1575:e252:fd5:443] [/home/u991737198/domains/tas2023.online/public_html/lib/base.php:3281] View->sandbox()
Thu, 10 Apr 2025 12:40:55 +0000 [2600:1006:b04f:708b:1575:e252:fd5:443] [/home/u991737198/domains/tas2023.online/public_html/tmp/3hn69l4qoa804.3h31n1yj254w8.php:7] Preview->render()
Thu, 10 Apr 2025 12:40:55 +0000 [2600:1006:b04f:708b:1575:e252:fd5:443] [/home/u991737198/domains/tas2023.online/public_html/lib/base.php:3036] require('/home/u991737198/domains/tas2023.online/public_html/tmp/3hn69l4qoa804.3h31n1yj254w8.php')
Thu, 10 Apr 2025 12:40:55 +0000 [2600:1006:b04f:708b:1575:e252:fd5:443] [/home/u991737198/domains/tas2023.online/public_html/lib/base.php:3281] View->sandbox()
Thu, 10 Apr 2025 12:40:55 +0000 [2600:1006:b04f:708b:1575:e252:fd5:443] [/home/u991737198/domains/tas2023.online/public_html/app/controllers/Controller.php:87] Preview->render()
Thu, 10 Apr 2025 12:40:55 +0000 [2600:1006:b04f:708b:1575:e252:fd5:443] [/home/u991737198/domains/tas2023.online/public_html/lib/base.php:2078] Controller->afterroute()
Thu, 10 Apr 2025 12:40:55 +0000 [2600:1006:b04f:708b:1575:e252:fd5:443] [/home/u991737198/domains/tas2023.online/public_html/lib/base.php:1871] Base->call()
Thu, 10 Apr 2025 12:40:55 +0000 [2600:1006:b04f:708b:1575:e252:fd5:443] [/home/u991737198/domains/tas2023.online/public_html/index.php:19] Base->run()
