Fri, 31 Jan 2025 00:00:10 -0500 [2603:9000:f801:55e2:68a0:f75f:5118:f11f] 500: Undefined variable $selected_note trace: [/home/u991737198/domains/tas2023.online/public_html/tmp/3hn69l4qoa804.3g8shy2588w00.php:373]
Fri, 31 Jan 2025 00:00:10 -0500 [2603:9000:f801:55e2:68a0:f75f:5118:f11f] [/home/u991737198/domains/tas2023.online/public_html/tmp/3hn69l4qoa804.3g8shy2588w00.php:373] Base->{closure}()
Fri, 31 Jan 2025 00:00:10 -0500 [2603:9000:f801:55e2:68a0:f75f:5118:f11f] [/home/u991737198/domains/tas2023.online/public_html/lib/base.php:3036] require('/home/u991737198/domains/tas2023.online/public_html/tmp/3hn69l4qoa804.3g8shy2588w00.php')
Fri, 31 Jan 2025 00:00:10 -0500 [2603:9000:f801:55e2:68a0:f75f:5118:f11f] [/home/u991737198/domains/tas2023.online/public_html/lib/base.php:3281] View->sandbox()
Fri, 31 Jan 2025 00:00:10 -0500 [2603:9000:f801:55e2:68a0:f75f:5118:f11f] [/home/u991737198/domains/tas2023.online/public_html/tmp/3hn69l4qoa804.3h31n1yj254w8.php:7] Preview->render()
Fri, 31 Jan 2025 00:00:10 -0500 [2603:9000:f801:55e2:68a0:f75f:5118:f11f] [/home/u991737198/domains/tas2023.online/public_html/lib/base.php:3036] require('/home/u991737198/domains/tas2023.online/public_html/tmp/3hn69l4qoa804.3h31n1yj254w8.php')
Fri, 31 Jan 2025 00:00:10 -0500 [2603:9000:f801:55e2:68a0:f75f:5118:f11f] [/home/u991737198/domains/tas2023.online/public_html/lib/base.php:3281] View->sandbox()
Fri, 31 Jan 2025 00:00:10 -0500 [2603:9000:f801:55e2:68a0:f75f:5118:f11f] [/home/u991737198/domains/tas2023.online/public_html/app/controllers/Controller.php:87] Preview->render()
Fri, 31 Jan 2025 00:00:10 -0500 [2603:9000:f801:55e2:68a0:f75f:5118:f11f] [/home/u991737198/domains/tas2023.online/public_html/lib/base.php:2078] Controller->afterroute()
Fri, 31 Jan 2025 00:00:10 -0500 [2603:9000:f801:55e2:68a0:f75f:5118:f11f] [/home/u991737198/domains/tas2023.online/public_html/lib/base.php:1871] Base->call()
Fri, 31 Jan 2025 00:00:10 -0500 [2603:9000:f801:55e2:68a0:f75f:5118:f11f] [/home/u991737198/domains/tas2023.online/public_html/index.php:19] Base->run()
Fri, 31 Jan 2025 00:00:36 -0500 [2603:9000:f801:55e2:68a0:f75f:5118:f11f] 500: Undefined variable $selected_note trace: [/home/u991737198/domains/tas2023.online/public_html/tmp/3hn69l4qoa804.3g8shy2588w00.php:373]
Fri, 31 Jan 2025 00:00:36 -0500 [2603:9000:f801:55e2:68a0:f75f:5118:f11f] [/home/u991737198/domains/tas2023.online/public_html/tmp/3hn69l4qoa804.3g8shy2588w00.php:373] Base->{closure}()
Fri, 31 Jan 2025 00:00:36 -0500 [2603:9000:f801:55e2:68a0:f75f:5118:f11f] [/home/u991737198/domains/tas2023.online/public_html/lib/base.php:3036] require('/home/u991737198/domains/tas2023.online/public_html/tmp/3hn69l4qoa804.3g8shy2588w00.php')
Fri, 31 Jan 2025 00:00:36 -0500 [2603:9000:f801:55e2:68a0:f75f:5118:f11f] [/home/u991737198/domains/tas2023.online/public_html/lib/base.php:3281] View->sandbox()
Fri, 31 Jan 2025 00:00:36 -0500 [2603:9000:f801:55e2:68a0:f75f:5118:f11f] [/home/u991737198/domains/tas2023.online/public_html/tmp/3hn69l4qoa804.3h31n1yj254w8.php:7] Preview->render()
Fri, 31 Jan 2025 00:00:36 -0500 [2603:9000:f801:55e2:68a0:f75f:5118:f11f] [/home/u991737198/domains/tas2023.online/public_html/lib/base.php:3036] require('/home/u991737198/domains/tas2023.online/public_html/tmp/3hn69l4qoa804.3h31n1yj254w8.php')
Fri, 31 Jan 2025 00:00:36 -0500 [2603:9000:f801:55e2:68a0:f75f:5118:f11f] [/home/u991737198/domains/tas2023.online/public_html/lib/base.php:3281] View->sandbox()
Fri, 31 Jan 2025 00:00:36 -0500 [2603:9000:f801:55e2:68a0:f75f:5118:f11f] [/home/u991737198/domains/tas2023.online/public_html/app/controllers/Controller.php:87] Preview->render()
Fri, 31 Jan 2025 00:00:36 -0500 [2603:9000:f801:55e2:68a0:f75f:5118:f11f] [/home/u991737198/domains/tas2023.online/public_html/lib/base.php:2078] Controller->afterroute()
Fri, 31 Jan 2025 00:00:36 -0500 [2603:9000:f801:55e2:68a0:f75f:5118:f11f] [/home/u991737198/domains/tas2023.online/public_html/lib/base.php:1871] Base->call()
Fri, 31 Jan 2025 00:00:36 -0500 [2603:9000:f801:55e2:68a0:f75f:5118:f11f] [/home/u991737198/domains/tas2023.online/public_html/index.php:19] Base->run()
Fri, 31 Jan 2025 00:00:50 -0500 [2603:9000:f801:55e2:68a0:f75f:5118:f11f] 500: Undefined variable $selected_note trace: [/home/u991737198/domains/tas2023.online/public_html/tmp/3hn69l4qoa804.3g8shy2588w00.php:373]
Fri, 31 Jan 2025 00:00:50 -0500 [2603:9000:f801:55e2:68a0:f75f:5118:f11f] [/home/u991737198/domains/tas2023.online/public_html/tmp/3hn69l4qoa804.3g8shy2588w00.php:373] Base->{closure}()
Fri, 31 Jan 2025 00:00:50 -0500 [2603:9000:f801:55e2:68a0:f75f:5118:f11f] [/home/u991737198/domains/tas2023.online/public_html/lib/base.php:3036] require('/home/u991737198/domains/tas2023.online/public_html/tmp/3hn69l4qoa804.3g8shy2588w00.php')
Fri, 31 Jan 2025 00:00:50 -0500 [2603:9000:f801:55e2:68a0:f75f:5118:f11f] [/home/u991737198/domains/tas2023.online/public_html/lib/base.php:3281] View->sandbox()
Fri, 31 Jan 2025 00:00:50 -0500 [2603:9000:f801:55e2:68a0:f75f:5118:f11f] [/home/u991737198/domains/tas2023.online/public_html/tmp/3hn69l4qoa804.3h31n1yj254w8.php:7] Preview->render()
Fri, 31 Jan 2025 00:00:50 -0500 [2603:9000:f801:55e2:68a0:f75f:5118:f11f] [/home/u991737198/domains/tas2023.online/public_html/lib/base.php:3036] require('/home/u991737198/domains/tas2023.online/public_html/tmp/3hn69l4qoa804.3h31n1yj254w8.php')
Fri, 31 Jan 2025 00:00:50 -0500 [2603:9000:f801:55e2:68a0:f75f:5118:f11f] [/home/u991737198/domains/tas2023.online/public_html/lib/base.php:3281] View->sandbox()
Fri, 31 Jan 2025 00:00:50 -0500 [2603:9000:f801:55e2:68a0:f75f:5118:f11f] [/home/u991737198/domains/tas2023.online/public_html/app/controllers/Controller.php:87] Preview->render()
Fri, 31 Jan 2025 00:00:50 -0500 [2603:9000:f801:55e2:68a0:f75f:5118:f11f] [/home/u991737198/domains/tas2023.online/public_html/lib/base.php:2078] Controller->afterroute()
Fri, 31 Jan 2025 00:00:50 -0500 [2603:9000:f801:55e2:68a0:f75f:5118:f11f] [/home/u991737198/domains/tas2023.online/public_html/lib/base.php:1871] Base->call()
Fri, 31 Jan 2025 00:00:50 -0500 [2603:9000:f801:55e2:68a0:f75f:5118:f11f] [/home/u991737198/domains/tas2023.online/public_html/index.php:19] Base->run()
Fri, 31 Jan 2025 00:01:07 -0500 [2603:9000:f801:55e2:68a0:f75f:5118:f11f] 500: Undefined variable $selected_note trace: [/home/u991737198/domains/tas2023.online/public_html/tmp/3hn69l4qoa804.3g8shy2588w00.php:373]
Fri, 31 Jan 2025 00:01:07 -0500 [2603:9000:f801:55e2:68a0:f75f:5118:f11f] [/home/u991737198/domains/tas2023.online/public_html/tmp/3hn69l4qoa804.3g8shy2588w00.php:373] Base->{closure}()
Fri, 31 Jan 2025 00:01:07 -0500 [2603:9000:f801:55e2:68a0:f75f:5118:f11f] [/home/u991737198/domains/tas2023.online/public_html/lib/base.php:3036] require('/home/u991737198/domains/tas2023.online/public_html/tmp/3hn69l4qoa804.3g8shy2588w00.php')
Fri, 31 Jan 2025 00:01:07 -0500 [2603:9000:f801:55e2:68a0:f75f:5118:f11f] [/home/u991737198/domains/tas2023.online/public_html/lib/base.php:3281] View->sandbox()
Fri, 31 Jan 2025 00:01:07 -0500 [2603:9000:f801:55e2:68a0:f75f:5118:f11f] [/home/u991737198/domains/tas2023.online/public_html/tmp/3hn69l4qoa804.3h31n1yj254w8.php:7] Preview->render()
Fri, 31 Jan 2025 00:01:07 -0500 [2603:9000:f801:55e2:68a0:f75f:5118:f11f] [/home/u991737198/domains/tas2023.online/public_html/lib/base.php:3036] require('/home/u991737198/domains/tas2023.online/public_html/tmp/3hn69l4qoa804.3h31n1yj254w8.php')
Fri, 31 Jan 2025 00:01:07 -0500 [2603:9000:f801:55e2:68a0:f75f:5118:f11f] [/home/u991737198/domains/tas2023.online/public_html/lib/base.php:3281] View->sandbox()
Fri, 31 Jan 2025 00:01:07 -0500 [2603:9000:f801:55e2:68a0:f75f:5118:f11f] [/home/u991737198/domains/tas2023.online/public_html/app/controllers/Controller.php:87] Preview->render()
Fri, 31 Jan 2025 00:01:07 -0500 [2603:9000:f801:55e2:68a0:f75f:5118:f11f] [/home/u991737198/domains/tas2023.online/public_html/lib/base.php:2078] Controller->afterroute()
Fri, 31 Jan 2025 00:01:07 -0500 [2603:9000:f801:55e2:68a0:f75f:5118:f11f] [/home/u991737198/domains/tas2023.online/public_html/lib/base.php:1871] Base->call()
Fri, 31 Jan 2025 00:01:07 -0500 [2603:9000:f801:55e2:68a0:f75f:5118:f11f] [/home/u991737198/domains/tas2023.online/public_html/index.php:19] Base->run()
Fri, 31 Jan 2025 00:16:31 -0500 [2603:9000:f801:55e2:68a0:f75f:5118:f11f] 500: Undefined variable $selected_note trace: [/home/u991737198/domains/tas2023.online/public_html/tmp/3hn69l4qoa804.3g8shy2588w00.php:373]
Fri, 31 Jan 2025 00:16:31 -0500 [2603:9000:f801:55e2:68a0:f75f:5118:f11f] [/home/u991737198/domains/tas2023.online/public_html/tmp/3hn69l4qoa804.3g8shy2588w00.php:373] Base->{closure}()
Fri, 31 Jan 2025 00:16:31 -0500 [2603:9000:f801:55e2:68a0:f75f:5118:f11f] [/home/u991737198/domains/tas2023.online/public_html/lib/base.php:3036] require('/home/u991737198/domains/tas2023.online/public_html/tmp/3hn69l4qoa804.3g8shy2588w00.php')
Fri, 31 Jan 2025 00:16:31 -0500 [2603:9000:f801:55e2:68a0:f75f:5118:f11f] [/home/u991737198/domains/tas2023.online/public_html/lib/base.php:3281] View->sandbox()
Fri, 31 Jan 2025 00:16:31 -0500 [2603:9000:f801:55e2:68a0:f75f:5118:f11f] [/home/u991737198/domains/tas2023.online/public_html/tmp/3hn69l4qoa804.3h31n1yj254w8.php:7] Preview->render()
Fri, 31 Jan 2025 00:16:31 -0500 [2603:9000:f801:55e2:68a0:f75f:5118:f11f] [/home/u991737198/domains/tas2023.online/public_html/lib/base.php:3036] require('/home/u991737198/domains/tas2023.online/public_html/tmp/3hn69l4qoa804.3h31n1yj254w8.php')
Fri, 31 Jan 2025 00:16:31 -0500 [2603:9000:f801:55e2:68a0:f75f:5118:f11f] [/home/u991737198/domains/tas2023.online/public_html/lib/base.php:3281] View->sandbox()
Fri, 31 Jan 2025 00:16:31 -0500 [2603:9000:f801:55e2:68a0:f75f:5118:f11f] [/home/u991737198/domains/tas2023.online/public_html/app/controllers/Controller.php:87] Preview->render()
Fri, 31 Jan 2025 00:16:31 -0500 [2603:9000:f801:55e2:68a0:f75f:5118:f11f] [/home/u991737198/domains/tas2023.online/public_html/lib/base.php:2078] Controller->afterroute()
Fri, 31 Jan 2025 00:16:31 -0500 [2603:9000:f801:55e2:68a0:f75f:5118:f11f] [/home/u991737198/domains/tas2023.online/public_html/lib/base.php:1871] Base->call()
Fri, 31 Jan 2025 00:16:31 -0500 [2603:9000:f801:55e2:68a0:f75f:5118:f11f] [/home/u991737198/domains/tas2023.online/public_html/index.php:19] Base->run()
Fri, 31 Jan 2025 00:25:04 -0500 [2603:9000:f801:55e2:68a0:f75f:5118:f11f] 500: Undefined variable $selected_note trace: [/home/u991737198/domains/tas2023.online/public_html/tmp/3hn69l4qoa804.3g8shy2588w00.php:373]
Fri, 31 Jan 2025 00:25:04 -0500 [2603:9000:f801:55e2:68a0:f75f:5118:f11f] [/home/u991737198/domains/tas2023.online/public_html/tmp/3hn69l4qoa804.3g8shy2588w00.php:373] Base->{closure}()
Fri, 31 Jan 2025 00:25:04 -0500 [2603:9000:f801:55e2:68a0:f75f:5118:f11f] [/home/u991737198/domains/tas2023.online/public_html/lib/base.php:3036] require('/home/u991737198/domains/tas2023.online/public_html/tmp/3hn69l4qoa804.3g8shy2588w00.php')
Fri, 31 Jan 2025 00:25:04 -0500 [2603:9000:f801:55e2:68a0:f75f:5118:f11f] [/home/u991737198/domains/tas2023.online/public_html/lib/base.php:3281] View->sandbox()
Fri, 31 Jan 2025 00:25:04 -0500 [2603:9000:f801:55e2:68a0:f75f:5118:f11f] [/home/u991737198/domains/tas2023.online/public_html/tmp/3hn69l4qoa804.3h31n1yj254w8.php:7] Preview->render()
Fri, 31 Jan 2025 00:25:04 -0500 [2603:9000:f801:55e2:68a0:f75f:5118:f11f] [/home/u991737198/domains/tas2023.online/public_html/lib/base.php:3036] require('/home/u991737198/domains/tas2023.online/public_html/tmp/3hn69l4qoa804.3h31n1yj254w8.php')
Fri, 31 Jan 2025 00:25:04 -0500 [2603:9000:f801:55e2:68a0:f75f:5118:f11f] [/home/u991737198/domains/tas2023.online/public_html/lib/base.php:3281] View->sandbox()
Fri, 31 Jan 2025 00:25:04 -0500 [2603:9000:f801:55e2:68a0:f75f:5118:f11f] [/home/u991737198/domains/tas2023.online/public_html/app/controllers/Controller.php:87] Preview->render()
Fri, 31 Jan 2025 00:25:04 -0500 [2603:9000:f801:55e2:68a0:f75f:5118:f11f] [/home/u991737198/domains/tas2023.online/public_html/lib/base.php:2078] Controller->afterroute()
Fri, 31 Jan 2025 00:25:04 -0500 [2603:9000:f801:55e2:68a0:f75f:5118:f11f] [/home/u991737198/domains/tas2023.online/public_html/lib/base.php:1871] Base->call()
Fri, 31 Jan 2025 00:25:04 -0500 [2603:9000:f801:55e2:68a0:f75f:5118:f11f] [/home/u991737198/domains/tas2023.online/public_html/index.php:19] Base->run()
Fri, 31 Jan 2025 00:25:47 -0500 [2603:9000:f801:55e2:68a0:f75f:5118:f11f] 500: Undefined variable $selected_note trace: [/home/u991737198/domains/tas2023.online/public_html/tmp/3hn69l4qoa804.3g8shy2588w00.php:373]
Fri, 31 Jan 2025 00:25:47 -0500 [2603:9000:f801:55e2:68a0:f75f:5118:f11f] [/home/u991737198/domains/tas2023.online/public_html/tmp/3hn69l4qoa804.3g8shy2588w00.php:373] Base->{closure}()
Fri, 31 Jan 2025 00:25:47 -0500 [2603:9000:f801:55e2:68a0:f75f:5118:f11f] [/home/u991737198/domains/tas2023.online/public_html/lib/base.php:3036] require('/home/u991737198/domains/tas2023.online/public_html/tmp/3hn69l4qoa804.3g8shy2588w00.php')
Fri, 31 Jan 2025 00:25:47 -0500 [2603:9000:f801:55e2:68a0:f75f:5118:f11f] [/home/u991737198/domains/tas2023.online/public_html/lib/base.php:3281] View->sandbox()
Fri, 31 Jan 2025 00:25:47 -0500 [2603:9000:f801:55e2:68a0:f75f:5118:f11f] [/home/u991737198/domains/tas2023.online/public_html/tmp/3hn69l4qoa804.3h31n1yj254w8.php:7] Preview->render()
Fri, 31 Jan 2025 00:25:47 -0500 [2603:9000:f801:55e2:68a0:f75f:5118:f11f] [/home/u991737198/domains/tas2023.online/public_html/lib/base.php:3036] require('/home/u991737198/domains/tas2023.online/public_html/tmp/3hn69l4qoa804.3h31n1yj254w8.php')
Fri, 31 Jan 2025 00:25:47 -0500 [2603:9000:f801:55e2:68a0:f75f:5118:f11f] [/home/u991737198/domains/tas2023.online/public_html/lib/base.php:3281] View->sandbox()
Fri, 31 Jan 2025 00:25:47 -0500 [2603:9000:f801:55e2:68a0:f75f:5118:f11f] [/home/u991737198/domains/tas2023.online/public_html/app/controllers/Controller.php:87] Preview->render()
Fri, 31 Jan 2025 00:25:47 -0500 [2603:9000:f801:55e2:68a0:f75f:5118:f11f] [/home/u991737198/domains/tas2023.online/public_html/lib/base.php:2078] Controller->afterroute()
Fri, 31 Jan 2025 00:25:47 -0500 [2603:9000:f801:55e2:68a0:f75f:5118:f11f] [/home/u991737198/domains/tas2023.online/public_html/lib/base.php:1871] Base->call()
Fri, 31 Jan 2025 00:25:47 -0500 [2603:9000:f801:55e2:68a0:f75f:5118:f11f] [/home/u991737198/domains/tas2023.online/public_html/index.php:19] Base->run()
Fri, 31 Jan 2025 00:26:22 -0500 [2603:9000:f801:55e2:68a0:f75f:5118:f11f] 500: Undefined variable $selected_note trace: [/home/u991737198/domains/tas2023.online/public_html/tmp/3hn69l4qoa804.3g8shy2588w00.php:373]
Fri, 31 Jan 2025 00:26:22 -0500 [2603:9000:f801:55e2:68a0:f75f:5118:f11f] [/home/u991737198/domains/tas2023.online/public_html/tmp/3hn69l4qoa804.3g8shy2588w00.php:373] Base->{closure}()
Fri, 31 Jan 2025 00:26:22 -0500 [2603:9000:f801:55e2:68a0:f75f:5118:f11f] [/home/u991737198/domains/tas2023.online/public_html/lib/base.php:3036] require('/home/u991737198/domains/tas2023.online/public_html/tmp/3hn69l4qoa804.3g8shy2588w00.php')
Fri, 31 Jan 2025 00:26:22 -0500 [2603:9000:f801:55e2:68a0:f75f:5118:f11f] [/home/u991737198/domains/tas2023.online/public_html/lib/base.php:3281] View->sandbox()
Fri, 31 Jan 2025 00:26:22 -0500 [2603:9000:f801:55e2:68a0:f75f:5118:f11f] [/home/u991737198/domains/tas2023.online/public_html/tmp/3hn69l4qoa804.3h31n1yj254w8.php:7] Preview->render()
Fri, 31 Jan 2025 00:26:22 -0500 [2603:9000:f801:55e2:68a0:f75f:5118:f11f] [/home/u991737198/domains/tas2023.online/public_html/lib/base.php:3036] require('/home/u991737198/domains/tas2023.online/public_html/tmp/3hn69l4qoa804.3h31n1yj254w8.php')
Fri, 31 Jan 2025 00:26:22 -0500 [2603:9000:f801:55e2:68a0:f75f:5118:f11f] [/home/u991737198/domains/tas2023.online/public_html/lib/base.php:3281] View->sandbox()
Fri, 31 Jan 2025 00:26:22 -0500 [2603:9000:f801:55e2:68a0:f75f:5118:f11f] [/home/u991737198/domains/tas2023.online/public_html/app/controllers/Controller.php:87] Preview->render()
Fri, 31 Jan 2025 00:26:22 -0500 [2603:9000:f801:55e2:68a0:f75f:5118:f11f] [/home/u991737198/domains/tas2023.online/public_html/lib/base.php:2078] Controller->afterroute()
Fri, 31 Jan 2025 00:26:22 -0500 [2603:9000:f801:55e2:68a0:f75f:5118:f11f] [/home/u991737198/domains/tas2023.online/public_html/lib/base.php:1871] Base->call()
Fri, 31 Jan 2025 00:26:22 -0500 [2603:9000:f801:55e2:68a0:f75f:5118:f11f] [/home/u991737198/domains/tas2023.online/public_html/index.php:19] Base->run()
Fri, 31 Jan 2025 00:27:42 -0500 [2603:9000:f801:55e2:68a0:f75f:5118:f11f] 500: Undefined variable $selected_note trace: [/home/u991737198/domains/tas2023.online/public_html/tmp/3hn69l4qoa804.3g8shy2588w00.php:373]
Fri, 31 Jan 2025 00:27:42 -0500 [2603:9000:f801:55e2:68a0:f75f:5118:f11f] [/home/u991737198/domains/tas2023.online/public_html/tmp/3hn69l4qoa804.3g8shy2588w00.php:373] Base->{closure}()
Fri, 31 Jan 2025 00:27:42 -0500 [2603:9000:f801:55e2:68a0:f75f:5118:f11f] [/home/u991737198/domains/tas2023.online/public_html/lib/base.php:3036] require('/home/u991737198/domains/tas2023.online/public_html/tmp/3hn69l4qoa804.3g8shy2588w00.php')
Fri, 31 Jan 2025 00:27:42 -0500 [2603:9000:f801:55e2:68a0:f75f:5118:f11f] [/home/u991737198/domains/tas2023.online/public_html/lib/base.php:3281] View->sandbox()
Fri, 31 Jan 2025 00:27:42 -0500 [2603:9000:f801:55e2:68a0:f75f:5118:f11f] [/home/u991737198/domains/tas2023.online/public_html/tmp/3hn69l4qoa804.3h31n1yj254w8.php:7] Preview->render()
Fri, 31 Jan 2025 00:27:42 -0500 [2603:9000:f801:55e2:68a0:f75f:5118:f11f] [/home/u991737198/domains/tas2023.online/public_html/lib/base.php:3036] require('/home/u991737198/domains/tas2023.online/public_html/tmp/3hn69l4qoa804.3h31n1yj254w8.php')
Fri, 31 Jan 2025 00:27:42 -0500 [2603:9000:f801:55e2:68a0:f75f:5118:f11f] [/home/u991737198/domains/tas2023.online/public_html/lib/base.php:3281] View->sandbox()
Fri, 31 Jan 2025 00:27:42 -0500 [2603:9000:f801:55e2:68a0:f75f:5118:f11f] [/home/u991737198/domains/tas2023.online/public_html/app/controllers/Controller.php:87] Preview->render()
Fri, 31 Jan 2025 00:27:42 -0500 [2603:9000:f801:55e2:68a0:f75f:5118:f11f] [/home/u991737198/domains/tas2023.online/public_html/lib/base.php:2078] Controller->afterroute()
Fri, 31 Jan 2025 00:27:42 -0500 [2603:9000:f801:55e2:68a0:f75f:5118:f11f] [/home/u991737198/domains/tas2023.online/public_html/lib/base.php:1871] Base->call()
Fri, 31 Jan 2025 00:27:42 -0500 [2603:9000:f801:55e2:68a0:f75f:5118:f11f] [/home/u991737198/domains/tas2023.online/public_html/index.php:19] Base->run()
Fri, 31 Jan 2025 00:30:48 -0500 [2603:9000:f801:55e2:68a0:f75f:5118:f11f] 500: Undefined variable $selected_note trace: [/home/u991737198/domains/tas2023.online/public_html/tmp/3hn69l4qoa804.3g8shy2588w00.php:373]
Fri, 31 Jan 2025 00:30:48 -0500 [2603:9000:f801:55e2:68a0:f75f:5118:f11f] [/home/u991737198/domains/tas2023.online/public_html/tmp/3hn69l4qoa804.3g8shy2588w00.php:373] Base->{closure}()
Fri, 31 Jan 2025 00:30:48 -0500 [2603:9000:f801:55e2:68a0:f75f:5118:f11f] [/home/u991737198/domains/tas2023.online/public_html/lib/base.php:3036] require('/home/u991737198/domains/tas2023.online/public_html/tmp/3hn69l4qoa804.3g8shy2588w00.php')
Fri, 31 Jan 2025 00:30:48 -0500 [2603:9000:f801:55e2:68a0:f75f:5118:f11f] [/home/u991737198/domains/tas2023.online/public_html/lib/base.php:3281] View->sandbox()
Fri, 31 Jan 2025 00:30:48 -0500 [2603:9000:f801:55e2:68a0:f75f:5118:f11f] [/home/u991737198/domains/tas2023.online/public_html/tmp/3hn69l4qoa804.3h31n1yj254w8.php:7] Preview->render()
Fri, 31 Jan 2025 00:30:48 -0500 [2603:9000:f801:55e2:68a0:f75f:5118:f11f] [/home/u991737198/domains/tas2023.online/public_html/lib/base.php:3036] require('/home/u991737198/domains/tas2023.online/public_html/tmp/3hn69l4qoa804.3h31n1yj254w8.php')
Fri, 31 Jan 2025 00:30:48 -0500 [2603:9000:f801:55e2:68a0:f75f:5118:f11f] [/home/u991737198/domains/tas2023.online/public_html/lib/base.php:3281] View->sandbox()
Fri, 31 Jan 2025 00:30:48 -0500 [2603:9000:f801:55e2:68a0:f75f:5118:f11f] [/home/u991737198/domains/tas2023.online/public_html/app/controllers/Controller.php:87] Preview->render()
Fri, 31 Jan 2025 00:30:48 -0500 [2603:9000:f801:55e2:68a0:f75f:5118:f11f] [/home/u991737198/domains/tas2023.online/public_html/lib/base.php:2078] Controller->afterroute()
Fri, 31 Jan 2025 00:30:48 -0500 [2603:9000:f801:55e2:68a0:f75f:5118:f11f] [/home/u991737198/domains/tas2023.online/public_html/lib/base.php:1871] Base->call()
Fri, 31 Jan 2025 00:30:48 -0500 [2603:9000:f801:55e2:68a0:f75f:5118:f11f] [/home/u991737198/domains/tas2023.online/public_html/index.php:19] Base->run()
Fri, 31 Jan 2025 00:31:13 -0500 [2603:9000:f801:55e2:68a0:f75f:5118:f11f] 500: Undefined variable $selected_note trace: [/home/u991737198/domains/tas2023.online/public_html/tmp/3hn69l4qoa804.3g8shy2588w00.php:373]
Fri, 31 Jan 2025 00:31:13 -0500 [2603:9000:f801:55e2:68a0:f75f:5118:f11f] [/home/u991737198/domains/tas2023.online/public_html/tmp/3hn69l4qoa804.3g8shy2588w00.php:373] Base->{closure}()
Fri, 31 Jan 2025 00:31:13 -0500 [2603:9000:f801:55e2:68a0:f75f:5118:f11f] [/home/u991737198/domains/tas2023.online/public_html/lib/base.php:3036] require('/home/u991737198/domains/tas2023.online/public_html/tmp/3hn69l4qoa804.3g8shy2588w00.php')
Fri, 31 Jan 2025 00:31:13 -0500 [2603:9000:f801:55e2:68a0:f75f:5118:f11f] [/home/u991737198/domains/tas2023.online/public_html/lib/base.php:3281] View->sandbox()
Fri, 31 Jan 2025 00:31:13 -0500 [2603:9000:f801:55e2:68a0:f75f:5118:f11f] [/home/u991737198/domains/tas2023.online/public_html/tmp/3hn69l4qoa804.3h31n1yj254w8.php:7] Preview->render()
Fri, 31 Jan 2025 00:31:13 -0500 [2603:9000:f801:55e2:68a0:f75f:5118:f11f] [/home/u991737198/domains/tas2023.online/public_html/lib/base.php:3036] require('/home/u991737198/domains/tas2023.online/public_html/tmp/3hn69l4qoa804.3h31n1yj254w8.php')
Fri, 31 Jan 2025 00:31:13 -0500 [2603:9000:f801:55e2:68a0:f75f:5118:f11f] [/home/u991737198/domains/tas2023.online/public_html/lib/base.php:3281] View->sandbox()
Fri, 31 Jan 2025 00:31:13 -0500 [2603:9000:f801:55e2:68a0:f75f:5118:f11f] [/home/u991737198/domains/tas2023.online/public_html/app/controllers/Controller.php:87] Preview->render()
Fri, 31 Jan 2025 00:31:13 -0500 [2603:9000:f801:55e2:68a0:f75f:5118:f11f] [/home/u991737198/domains/tas2023.online/public_html/lib/base.php:2078] Controller->afterroute()
Fri, 31 Jan 2025 00:31:13 -0500 [2603:9000:f801:55e2:68a0:f75f:5118:f11f] [/home/u991737198/domains/tas2023.online/public_html/lib/base.php:1871] Base->call()
Fri, 31 Jan 2025 00:31:13 -0500 [2603:9000:f801:55e2:68a0:f75f:5118:f11f] [/home/u991737198/domains/tas2023.online/public_html/index.php:19] Base->run()
Fri, 31 Jan 2025 00:31:51 -0500 [2603:9000:f801:55e2:68a0:f75f:5118:f11f] 500: Undefined variable $selected_note trace: [/home/u991737198/domains/tas2023.online/public_html/tmp/3hn69l4qoa804.3g8shy2588w00.php:373]
Fri, 31 Jan 2025 00:31:51 -0500 [2603:9000:f801:55e2:68a0:f75f:5118:f11f] [/home/u991737198/domains/tas2023.online/public_html/tmp/3hn69l4qoa804.3g8shy2588w00.php:373] Base->{closure}()
Fri, 31 Jan 2025 00:31:51 -0500 [2603:9000:f801:55e2:68a0:f75f:5118:f11f] [/home/u991737198/domains/tas2023.online/public_html/lib/base.php:3036] require('/home/u991737198/domains/tas2023.online/public_html/tmp/3hn69l4qoa804.3g8shy2588w00.php')
Fri, 31 Jan 2025 00:31:51 -0500 [2603:9000:f801:55e2:68a0:f75f:5118:f11f] [/home/u991737198/domains/tas2023.online/public_html/lib/base.php:3281] View->sandbox()
Fri, 31 Jan 2025 00:31:51 -0500 [2603:9000:f801:55e2:68a0:f75f:5118:f11f] [/home/u991737198/domains/tas2023.online/public_html/tmp/3hn69l4qoa804.3h31n1yj254w8.php:7] Preview->render()
Fri, 31 Jan 2025 00:31:51 -0500 [2603:9000:f801:55e2:68a0:f75f:5118:f11f] [/home/u991737198/domains/tas2023.online/public_html/lib/base.php:3036] require('/home/u991737198/domains/tas2023.online/public_html/tmp/3hn69l4qoa804.3h31n1yj254w8.php')
Fri, 31 Jan 2025 00:31:51 -0500 [2603:9000:f801:55e2:68a0:f75f:5118:f11f] [/home/u991737198/domains/tas2023.online/public_html/lib/base.php:3281] View->sandbox()
Fri, 31 Jan 2025 00:31:51 -0500 [2603:9000:f801:55e2:68a0:f75f:5118:f11f] [/home/u991737198/domains/tas2023.online/public_html/app/controllers/Controller.php:87] Preview->render()
Fri, 31 Jan 2025 00:31:51 -0500 [2603:9000:f801:55e2:68a0:f75f:5118:f11f] [/home/u991737198/domains/tas2023.online/public_html/lib/base.php:2078] Controller->afterroute()
Fri, 31 Jan 2025 00:31:51 -0500 [2603:9000:f801:55e2:68a0:f75f:5118:f11f] [/home/u991737198/domains/tas2023.online/public_html/lib/base.php:1871] Base->call()
Fri, 31 Jan 2025 00:31:51 -0500 [2603:9000:f801:55e2:68a0:f75f:5118:f11f] [/home/u991737198/domains/tas2023.online/public_html/index.php:19] Base->run()
Fri, 31 Jan 2025 00:32:53 -0500 [2603:9000:f801:55e2:68a0:f75f:5118:f11f] 500: Undefined variable $selected_note trace: [/home/u991737198/domains/tas2023.online/public_html/tmp/3hn69l4qoa804.3g8shy2588w00.php:373]
Fri, 31 Jan 2025 00:32:53 -0500 [2603:9000:f801:55e2:68a0:f75f:5118:f11f] [/home/u991737198/domains/tas2023.online/public_html/tmp/3hn69l4qoa804.3g8shy2588w00.php:373] Base->{closure}()
Fri, 31 Jan 2025 00:32:53 -0500 [2603:9000:f801:55e2:68a0:f75f:5118:f11f] [/home/u991737198/domains/tas2023.online/public_html/lib/base.php:3036] require('/home/u991737198/domains/tas2023.online/public_html/tmp/3hn69l4qoa804.3g8shy2588w00.php')
Fri, 31 Jan 2025 00:32:53 -0500 [2603:9000:f801:55e2:68a0:f75f:5118:f11f] [/home/u991737198/domains/tas2023.online/public_html/lib/base.php:3281] View->sandbox()
Fri, 31 Jan 2025 00:32:53 -0500 [2603:9000:f801:55e2:68a0:f75f:5118:f11f] [/home/u991737198/domains/tas2023.online/public_html/tmp/3hn69l4qoa804.3h31n1yj254w8.php:7] Preview->render()
Fri, 31 Jan 2025 00:32:53 -0500 [2603:9000:f801:55e2:68a0:f75f:5118:f11f] [/home/u991737198/domains/tas2023.online/public_html/lib/base.php:3036] require('/home/u991737198/domains/tas2023.online/public_html/tmp/3hn69l4qoa804.3h31n1yj254w8.php')
Fri, 31 Jan 2025 00:32:53 -0500 [2603:9000:f801:55e2:68a0:f75f:5118:f11f] [/home/u991737198/domains/tas2023.online/public_html/lib/base.php:3281] View->sandbox()
Fri, 31 Jan 2025 00:32:53 -0500 [2603:9000:f801:55e2:68a0:f75f:5118:f11f] [/home/u991737198/domains/tas2023.online/public_html/app/controllers/Controller.php:87] Preview->render()
Fri, 31 Jan 2025 00:32:53 -0500 [2603:9000:f801:55e2:68a0:f75f:5118:f11f] [/home/u991737198/domains/tas2023.online/public_html/lib/base.php:2078] Controller->afterroute()
Fri, 31 Jan 2025 00:32:53 -0500 [2603:9000:f801:55e2:68a0:f75f:5118:f11f] [/home/u991737198/domains/tas2023.online/public_html/lib/base.php:1871] Base->call()
Fri, 31 Jan 2025 00:32:53 -0500 [2603:9000:f801:55e2:68a0:f75f:5118:f11f] [/home/u991737198/domains/tas2023.online/public_html/index.php:19] Base->run()
Fri, 31 Jan 2025 00:34:13 -0500 [2603:9000:f801:55e2:68a0:f75f:5118:f11f] 500: Undefined variable $selected_note trace: [/home/u991737198/domains/tas2023.online/public_html/tmp/3hn69l4qoa804.3g8shy2588w00.php:373]
Fri, 31 Jan 2025 00:34:13 -0500 [2603:9000:f801:55e2:68a0:f75f:5118:f11f] [/home/u991737198/domains/tas2023.online/public_html/tmp/3hn69l4qoa804.3g8shy2588w00.php:373] Base->{closure}()
Fri, 31 Jan 2025 00:34:13 -0500 [2603:9000:f801:55e2:68a0:f75f:5118:f11f] [/home/u991737198/domains/tas2023.online/public_html/lib/base.php:3036] require('/home/u991737198/domains/tas2023.online/public_html/tmp/3hn69l4qoa804.3g8shy2588w00.php')
Fri, 31 Jan 2025 00:34:13 -0500 [2603:9000:f801:55e2:68a0:f75f:5118:f11f] [/home/u991737198/domains/tas2023.online/public_html/lib/base.php:3281] View->sandbox()
Fri, 31 Jan 2025 00:34:13 -0500 [2603:9000:f801:55e2:68a0:f75f:5118:f11f] [/home/u991737198/domains/tas2023.online/public_html/tmp/3hn69l4qoa804.3h31n1yj254w8.php:7] Preview->render()
Fri, 31 Jan 2025 00:34:13 -0500 [2603:9000:f801:55e2:68a0:f75f:5118:f11f] [/home/u991737198/domains/tas2023.online/public_html/lib/base.php:3036] require('/home/u991737198/domains/tas2023.online/public_html/tmp/3hn69l4qoa804.3h31n1yj254w8.php')
Fri, 31 Jan 2025 00:34:13 -0500 [2603:9000:f801:55e2:68a0:f75f:5118:f11f] [/home/u991737198/domains/tas2023.online/public_html/lib/base.php:3281] View->sandbox()
Fri, 31 Jan 2025 00:34:13 -0500 [2603:9000:f801:55e2:68a0:f75f:5118:f11f] [/home/u991737198/domains/tas2023.online/public_html/app/controllers/Controller.php:87] Preview->render()
Fri, 31 Jan 2025 00:34:13 -0500 [2603:9000:f801:55e2:68a0:f75f:5118:f11f] [/home/u991737198/domains/tas2023.online/public_html/lib/base.php:2078] Controller->afterroute()
Fri, 31 Jan 2025 00:34:13 -0500 [2603:9000:f801:55e2:68a0:f75f:5118:f11f] [/home/u991737198/domains/tas2023.online/public_html/lib/base.php:1871] Base->call()
Fri, 31 Jan 2025 00:34:13 -0500 [2603:9000:f801:55e2:68a0:f75f:5118:f11f] [/home/u991737198/domains/tas2023.online/public_html/index.php:19] Base->run()
Fri, 31 Jan 2025 00:37:26 -0500 [2603:9000:f801:55e2:68a0:f75f:5118:f11f] 500: Undefined variable $selected_note trace: [/home/u991737198/domains/tas2023.online/public_html/tmp/3hn69l4qoa804.3g8shy2588w00.php:366]
Fri, 31 Jan 2025 00:37:26 -0500 [2603:9000:f801:55e2:68a0:f75f:5118:f11f] [/home/u991737198/domains/tas2023.online/public_html/tmp/3hn69l4qoa804.3g8shy2588w00.php:366] Base->{closure}()
Fri, 31 Jan 2025 00:37:26 -0500 [2603:9000:f801:55e2:68a0:f75f:5118:f11f] [/home/u991737198/domains/tas2023.online/public_html/lib/base.php:3036] require('/home/u991737198/domains/tas2023.online/public_html/tmp/3hn69l4qoa804.3g8shy2588w00.php')
Fri, 31 Jan 2025 00:37:26 -0500 [2603:9000:f801:55e2:68a0:f75f:5118:f11f] [/home/u991737198/domains/tas2023.online/public_html/lib/base.php:3281] View->sandbox()
Fri, 31 Jan 2025 00:37:26 -0500 [2603:9000:f801:55e2:68a0:f75f:5118:f11f] [/home/u991737198/domains/tas2023.online/public_html/tmp/3hn69l4qoa804.3h31n1yj254w8.php:7] Preview->render()
Fri, 31 Jan 2025 00:37:26 -0500 [2603:9000:f801:55e2:68a0:f75f:5118:f11f] [/home/u991737198/domains/tas2023.online/public_html/lib/base.php:3036] require('/home/u991737198/domains/tas2023.online/public_html/tmp/3hn69l4qoa804.3h31n1yj254w8.php')
Fri, 31 Jan 2025 00:37:26 -0500 [2603:9000:f801:55e2:68a0:f75f:5118:f11f] [/home/u991737198/domains/tas2023.online/public_html/lib/base.php:3281] View->sandbox()
Fri, 31 Jan 2025 00:37:26 -0500 [2603:9000:f801:55e2:68a0:f75f:5118:f11f] [/home/u991737198/domains/tas2023.online/public_html/app/controllers/Controller.php:87] Preview->render()
Fri, 31 Jan 2025 00:37:26 -0500 [2603:9000:f801:55e2:68a0:f75f:5118:f11f] [/home/u991737198/domains/tas2023.online/public_html/lib/base.php:2078] Controller->afterroute()
Fri, 31 Jan 2025 00:37:26 -0500 [2603:9000:f801:55e2:68a0:f75f:5118:f11f] [/home/u991737198/domains/tas2023.online/public_html/lib/base.php:1871] Base->call()
Fri, 31 Jan 2025 00:37:26 -0500 [2603:9000:f801:55e2:68a0:f75f:5118:f11f] [/home/u991737198/domains/tas2023.online/public_html/index.php:19] Base->run()
Fri, 31 Jan 2025 00:39:59 -0500 [2603:9000:f801:55e2:68a0:f75f:5118:f11f] 500: Undefined variable $selected_note trace: [/home/u991737198/domains/tas2023.online/public_html/tmp/3hn69l4qoa804.3g8shy2588w00.php:366]
Fri, 31 Jan 2025 00:39:59 -0500 [2603:9000:f801:55e2:68a0:f75f:5118:f11f] [/home/u991737198/domains/tas2023.online/public_html/tmp/3hn69l4qoa804.3g8shy2588w00.php:366] Base->{closure}()
Fri, 31 Jan 2025 00:39:59 -0500 [2603:9000:f801:55e2:68a0:f75f:5118:f11f] [/home/u991737198/domains/tas2023.online/public_html/lib/base.php:3036] require('/home/u991737198/domains/tas2023.online/public_html/tmp/3hn69l4qoa804.3g8shy2588w00.php')
Fri, 31 Jan 2025 00:39:59 -0500 [2603:9000:f801:55e2:68a0:f75f:5118:f11f] [/home/u991737198/domains/tas2023.online/public_html/lib/base.php:3281] View->sandbox()
Fri, 31 Jan 2025 00:39:59 -0500 [2603:9000:f801:55e2:68a0:f75f:5118:f11f] [/home/u991737198/domains/tas2023.online/public_html/tmp/3hn69l4qoa804.3h31n1yj254w8.php:7] Preview->render()
Fri, 31 Jan 2025 00:39:59 -0500 [2603:9000:f801:55e2:68a0:f75f:5118:f11f] [/home/u991737198/domains/tas2023.online/public_html/lib/base.php:3036] require('/home/u991737198/domains/tas2023.online/public_html/tmp/3hn69l4qoa804.3h31n1yj254w8.php')
Fri, 31 Jan 2025 00:39:59 -0500 [2603:9000:f801:55e2:68a0:f75f:5118:f11f] [/home/u991737198/domains/tas2023.online/public_html/lib/base.php:3281] View->sandbox()
Fri, 31 Jan 2025 00:39:59 -0500 [2603:9000:f801:55e2:68a0:f75f:5118:f11f] [/home/u991737198/domains/tas2023.online/public_html/app/controllers/Controller.php:87] Preview->render()
Fri, 31 Jan 2025 00:39:59 -0500 [2603:9000:f801:55e2:68a0:f75f:5118:f11f] [/home/u991737198/domains/tas2023.online/public_html/lib/base.php:2078] Controller->afterroute()
Fri, 31 Jan 2025 00:39:59 -0500 [2603:9000:f801:55e2:68a0:f75f:5118:f11f] [/home/u991737198/domains/tas2023.online/public_html/lib/base.php:1871] Base->call()
Fri, 31 Jan 2025 00:39:59 -0500 [2603:9000:f801:55e2:68a0:f75f:5118:f11f] [/home/u991737198/domains/tas2023.online/public_html/index.php:19] Base->run()
Fri, 31 Jan 2025 00:41:30 -0500 [2603:9000:f801:55e2:68a0:f75f:5118:f11f] 500: Undefined variable $selected_note trace: [/home/u991737198/domains/tas2023.online/public_html/tmp/3hn69l4qoa804.3g8shy2588w00.php:366]
Fri, 31 Jan 2025 00:41:30 -0500 [2603:9000:f801:55e2:68a0:f75f:5118:f11f] [/home/u991737198/domains/tas2023.online/public_html/tmp/3hn69l4qoa804.3g8shy2588w00.php:366] Base->{closure}()
Fri, 31 Jan 2025 00:41:30 -0500 [2603:9000:f801:55e2:68a0:f75f:5118:f11f] [/home/u991737198/domains/tas2023.online/public_html/lib/base.php:3036] require('/home/u991737198/domains/tas2023.online/public_html/tmp/3hn69l4qoa804.3g8shy2588w00.php')
Fri, 31 Jan 2025 00:41:30 -0500 [2603:9000:f801:55e2:68a0:f75f:5118:f11f] [/home/u991737198/domains/tas2023.online/public_html/lib/base.php:3281] View->sandbox()
Fri, 31 Jan 2025 00:41:30 -0500 [2603:9000:f801:55e2:68a0:f75f:5118:f11f] [/home/u991737198/domains/tas2023.online/public_html/tmp/3hn69l4qoa804.3h31n1yj254w8.php:7] Preview->render()
Fri, 31 Jan 2025 00:41:30 -0500 [2603:9000:f801:55e2:68a0:f75f:5118:f11f] [/home/u991737198/domains/tas2023.online/public_html/lib/base.php:3036] require('/home/u991737198/domains/tas2023.online/public_html/tmp/3hn69l4qoa804.3h31n1yj254w8.php')
Fri, 31 Jan 2025 00:41:30 -0500 [2603:9000:f801:55e2:68a0:f75f:5118:f11f] [/home/u991737198/domains/tas2023.online/public_html/lib/base.php:3281] View->sandbox()
Fri, 31 Jan 2025 00:41:30 -0500 [2603:9000:f801:55e2:68a0:f75f:5118:f11f] [/home/u991737198/domains/tas2023.online/public_html/app/controllers/Controller.php:87] Preview->render()
Fri, 31 Jan 2025 00:41:30 -0500 [2603:9000:f801:55e2:68a0:f75f:5118:f11f] [/home/u991737198/domains/tas2023.online/public_html/lib/base.php:2078] Controller->afterroute()
Fri, 31 Jan 2025 00:41:30 -0500 [2603:9000:f801:55e2:68a0:f75f:5118:f11f] [/home/u991737198/domains/tas2023.online/public_html/lib/base.php:1871] Base->call()
Fri, 31 Jan 2025 00:41:30 -0500 [2603:9000:f801:55e2:68a0:f75f:5118:f11f] [/home/u991737198/domains/tas2023.online/public_html/index.php:19] Base->run()
Fri, 31 Jan 2025 00:42:05 -0500 [2603:9000:f801:55e2:68a0:f75f:5118:f11f] 500: Undefined variable $selected_note trace: [/home/u991737198/domains/tas2023.online/public_html/tmp/3hn69l4qoa804.3g8shy2588w00.php:366]
Fri, 31 Jan 2025 00:42:05 -0500 [2603:9000:f801:55e2:68a0:f75f:5118:f11f] [/home/u991737198/domains/tas2023.online/public_html/tmp/3hn69l4qoa804.3g8shy2588w00.php:366] Base->{closure}()
Fri, 31 Jan 2025 00:42:05 -0500 [2603:9000:f801:55e2:68a0:f75f:5118:f11f] [/home/u991737198/domains/tas2023.online/public_html/lib/base.php:3036] require('/home/u991737198/domains/tas2023.online/public_html/tmp/3hn69l4qoa804.3g8shy2588w00.php')
Fri, 31 Jan 2025 00:42:05 -0500 [2603:9000:f801:55e2:68a0:f75f:5118:f11f] [/home/u991737198/domains/tas2023.online/public_html/lib/base.php:3281] View->sandbox()
Fri, 31 Jan 2025 00:42:05 -0500 [2603:9000:f801:55e2:68a0:f75f:5118:f11f] [/home/u991737198/domains/tas2023.online/public_html/tmp/3hn69l4qoa804.3h31n1yj254w8.php:7] Preview->render()
Fri, 31 Jan 2025 00:42:05 -0500 [2603:9000:f801:55e2:68a0:f75f:5118:f11f] [/home/u991737198/domains/tas2023.online/public_html/lib/base.php:3036] require('/home/u991737198/domains/tas2023.online/public_html/tmp/3hn69l4qoa804.3h31n1yj254w8.php')
Fri, 31 Jan 2025 00:42:05 -0500 [2603:9000:f801:55e2:68a0:f75f:5118:f11f] [/home/u991737198/domains/tas2023.online/public_html/lib/base.php:3281] View->sandbox()
Fri, 31 Jan 2025 00:42:05 -0500 [2603:9000:f801:55e2:68a0:f75f:5118:f11f] [/home/u991737198/domains/tas2023.online/public_html/app/controllers/Controller.php:87] Preview->render()
Fri, 31 Jan 2025 00:42:05 -0500 [2603:9000:f801:55e2:68a0:f75f:5118:f11f] [/home/u991737198/domains/tas2023.online/public_html/lib/base.php:2078] Controller->afterroute()
Fri, 31 Jan 2025 00:42:05 -0500 [2603:9000:f801:55e2:68a0:f75f:5118:f11f] [/home/u991737198/domains/tas2023.online/public_html/lib/base.php:1871] Base->call()
Fri, 31 Jan 2025 00:42:05 -0500 [2603:9000:f801:55e2:68a0:f75f:5118:f11f] [/home/u991737198/domains/tas2023.online/public_html/index.php:19] Base->run()
Fri, 31 Jan 2025 00:49:12 -0500 [2603:9000:f801:55e2:68a0:f75f:5118:f11f] 500: Undefined variable $entity_num trace: [tmp/3hn69l4qoa804.1zo7dt0fljr4w.php:200]
Fri, 31 Jan 2025 00:49:12 -0500 [2603:9000:f801:55e2:68a0:f75f:5118:f11f] [tmp/3hn69l4qoa804.1zo7dt0fljr4w.php:200] Base->{closure}()
Fri, 31 Jan 2025 00:49:12 -0500 [2603:9000:f801:55e2:68a0:f75f:5118:f11f] [lib/base.php:3036] require('/home/u991737198/domains/tas2023.online/public_html/tmp/3hn69l4qoa804.1zo7dt0fljr4w.php')
Fri, 31 Jan 2025 00:49:12 -0500 [2603:9000:f801:55e2:68a0:f75f:5118:f11f] [lib/base.php:3281] View->sandbox()
Fri, 31 Jan 2025 00:49:12 -0500 [2603:9000:f801:55e2:68a0:f75f:5118:f11f] [tmp/3hn69l4qoa804.3h31n1yj254w8.php:7] Preview->render()
Fri, 31 Jan 2025 00:49:12 -0500 [2603:9000:f801:55e2:68a0:f75f:5118:f11f] [lib/base.php:3036] require('/home/u991737198/domains/tas2023.online/public_html/tmp/3hn69l4qoa804.3h31n1yj254w8.php')
Fri, 31 Jan 2025 00:49:12 -0500 [2603:9000:f801:55e2:68a0:f75f:5118:f11f] [lib/base.php:3281] View->sandbox()
Fri, 31 Jan 2025 00:49:12 -0500 [2603:9000:f801:55e2:68a0:f75f:5118:f11f] [app/controllers/Controller.php:87] Preview->render()
Fri, 31 Jan 2025 00:49:12 -0500 [2603:9000:f801:55e2:68a0:f75f:5118:f11f] [lib/base.php:2078] Controller->afterroute()
Fri, 31 Jan 2025 00:49:12 -0500 [2603:9000:f801:55e2:68a0:f75f:5118:f11f] [lib/base.php:1871] Base->call()
Fri, 31 Jan 2025 00:49:12 -0500 [2603:9000:f801:55e2:68a0:f75f:5118:f11f] [index.php:19] Base->run()
Fri, 31 Jan 2025 00:49:19 -0500 [2603:9000:f801:55e2:68a0:f75f:5118:f11f] 500: Undefined variable $entity_num trace: [tmp/3hn69l4qoa804.man4oes5p0l2.php:176]
Fri, 31 Jan 2025 00:49:19 -0500 [2603:9000:f801:55e2:68a0:f75f:5118:f11f] [tmp/3hn69l4qoa804.man4oes5p0l2.php:176] Base->{closure}()
Fri, 31 Jan 2025 00:49:19 -0500 [2603:9000:f801:55e2:68a0:f75f:5118:f11f] [lib/base.php:3036] require('/home/u991737198/domains/tas2023.online/public_html/tmp/3hn69l4qoa804.man4oes5p0l2.php')
Fri, 31 Jan 2025 00:49:19 -0500 [2603:9000:f801:55e2:68a0:f75f:5118:f11f] [lib/base.php:3281] View->sandbox()
Fri, 31 Jan 2025 00:49:19 -0500 [2603:9000:f801:55e2:68a0:f75f:5118:f11f] [tmp/3hn69l4qoa804.3h31n1yj254w8.php:7] Preview->render()
Fri, 31 Jan 2025 00:49:19 -0500 [2603:9000:f801:55e2:68a0:f75f:5118:f11f] [lib/base.php:3036] require('/home/u991737198/domains/tas2023.online/public_html/tmp/3hn69l4qoa804.3h31n1yj254w8.php')
Fri, 31 Jan 2025 00:49:19 -0500 [2603:9000:f801:55e2:68a0:f75f:5118:f11f] [lib/base.php:3281] View->sandbox()
Fri, 31 Jan 2025 00:49:19 -0500 [2603:9000:f801:55e2:68a0:f75f:5118:f11f] [app/controllers/Controller.php:87] Preview->render()
Fri, 31 Jan 2025 00:49:19 -0500 [2603:9000:f801:55e2:68a0:f75f:5118:f11f] [lib/base.php:2078] Controller->afterroute()
Fri, 31 Jan 2025 00:49:19 -0500 [2603:9000:f801:55e2:68a0:f75f:5118:f11f] [lib/base.php:1871] Base->call()
Fri, 31 Jan 2025 00:49:19 -0500 [2603:9000:f801:55e2:68a0:f75f:5118:f11f] [index.php:19] Base->run()
Fri, 31 Jan 2025 00:49:29 -0500 [2603:9000:f801:55e2:68a0:f75f:5118:f11f] 500: Undefined variable $selected_note trace: [/home/u991737198/domains/tas2023.online/public_html/tmp/3hn69l4qoa804.3g8shy2588w00.php:366]
Fri, 31 Jan 2025 00:49:29 -0500 [2603:9000:f801:55e2:68a0:f75f:5118:f11f] [/home/u991737198/domains/tas2023.online/public_html/tmp/3hn69l4qoa804.3g8shy2588w00.php:366] Base->{closure}()
Fri, 31 Jan 2025 00:49:29 -0500 [2603:9000:f801:55e2:68a0:f75f:5118:f11f] [/home/u991737198/domains/tas2023.online/public_html/lib/base.php:3036] require('/home/u991737198/domains/tas2023.online/public_html/tmp/3hn69l4qoa804.3g8shy2588w00.php')
Fri, 31 Jan 2025 00:49:29 -0500 [2603:9000:f801:55e2:68a0:f75f:5118:f11f] [/home/u991737198/domains/tas2023.online/public_html/lib/base.php:3281] View->sandbox()
Fri, 31 Jan 2025 00:49:29 -0500 [2603:9000:f801:55e2:68a0:f75f:5118:f11f] [/home/u991737198/domains/tas2023.online/public_html/tmp/3hn69l4qoa804.3h31n1yj254w8.php:7] Preview->render()
Fri, 31 Jan 2025 00:49:29 -0500 [2603:9000:f801:55e2:68a0:f75f:5118:f11f] [/home/u991737198/domains/tas2023.online/public_html/lib/base.php:3036] require('/home/u991737198/domains/tas2023.online/public_html/tmp/3hn69l4qoa804.3h31n1yj254w8.php')
Fri, 31 Jan 2025 00:49:29 -0500 [2603:9000:f801:55e2:68a0:f75f:5118:f11f] [/home/u991737198/domains/tas2023.online/public_html/lib/base.php:3281] View->sandbox()
Fri, 31 Jan 2025 00:49:29 -0500 [2603:9000:f801:55e2:68a0:f75f:5118:f11f] [/home/u991737198/domains/tas2023.online/public_html/app/controllers/Controller.php:87] Preview->render()
Fri, 31 Jan 2025 00:49:29 -0500 [2603:9000:f801:55e2:68a0:f75f:5118:f11f] [/home/u991737198/domains/tas2023.online/public_html/lib/base.php:2078] Controller->afterroute()
Fri, 31 Jan 2025 00:49:29 -0500 [2603:9000:f801:55e2:68a0:f75f:5118:f11f] [/home/u991737198/domains/tas2023.online/public_html/lib/base.php:1871] Base->call()
Fri, 31 Jan 2025 00:49:29 -0500 [2603:9000:f801:55e2:68a0:f75f:5118:f11f] [/home/u991737198/domains/tas2023.online/public_html/index.php:19] Base->run()
Fri, 31 Jan 2025 00:53:33 -0500 [2603:9000:f801:55e2:68a0:f75f:5118:f11f] 500: Undefined variable $selected_note trace: [/home/u991737198/domains/tas2023.online/public_html/tmp/3hn69l4qoa804.3g8shy2588w00.php:365]
Fri, 31 Jan 2025 00:53:33 -0500 [2603:9000:f801:55e2:68a0:f75f:5118:f11f] [/home/u991737198/domains/tas2023.online/public_html/tmp/3hn69l4qoa804.3g8shy2588w00.php:365] Base->{closure}()
Fri, 31 Jan 2025 00:53:33 -0500 [2603:9000:f801:55e2:68a0:f75f:5118:f11f] [/home/u991737198/domains/tas2023.online/public_html/lib/base.php:3036] require('/home/u991737198/domains/tas2023.online/public_html/tmp/3hn69l4qoa804.3g8shy2588w00.php')
Fri, 31 Jan 2025 00:53:33 -0500 [2603:9000:f801:55e2:68a0:f75f:5118:f11f] [/home/u991737198/domains/tas2023.online/public_html/lib/base.php:3281] View->sandbox()
Fri, 31 Jan 2025 00:53:33 -0500 [2603:9000:f801:55e2:68a0:f75f:5118:f11f] [/home/u991737198/domains/tas2023.online/public_html/tmp/3hn69l4qoa804.3h31n1yj254w8.php:7] Preview->render()
Fri, 31 Jan 2025 00:53:33 -0500 [2603:9000:f801:55e2:68a0:f75f:5118:f11f] [/home/u991737198/domains/tas2023.online/public_html/lib/base.php:3036] require('/home/u991737198/domains/tas2023.online/public_html/tmp/3hn69l4qoa804.3h31n1yj254w8.php')
Fri, 31 Jan 2025 00:53:33 -0500 [2603:9000:f801:55e2:68a0:f75f:5118:f11f] [/home/u991737198/domains/tas2023.online/public_html/lib/base.php:3281] View->sandbox()
Fri, 31 Jan 2025 00:53:33 -0500 [2603:9000:f801:55e2:68a0:f75f:5118:f11f] [/home/u991737198/domains/tas2023.online/public_html/app/controllers/Controller.php:87] Preview->render()
Fri, 31 Jan 2025 00:53:33 -0500 [2603:9000:f801:55e2:68a0:f75f:5118:f11f] [/home/u991737198/domains/tas2023.online/public_html/lib/base.php:2078] Controller->afterroute()
Fri, 31 Jan 2025 00:53:33 -0500 [2603:9000:f801:55e2:68a0:f75f:5118:f11f] [/home/u991737198/domains/tas2023.online/public_html/lib/base.php:1871] Base->call()
Fri, 31 Jan 2025 00:53:33 -0500 [2603:9000:f801:55e2:68a0:f75f:5118:f11f] [/home/u991737198/domains/tas2023.online/public_html/index.php:19] Base->run()
Fri, 31 Jan 2025 00:54:45 -0500 [2603:9000:f801:55e2:68a0:f75f:5118:f11f] 500: Undefined variable $selected_note trace: [/home/u991737198/domains/tas2023.online/public_html/tmp/3hn69l4qoa804.3g8shy2588w00.php:365]
Fri, 31 Jan 2025 00:54:45 -0500 [2603:9000:f801:55e2:68a0:f75f:5118:f11f] [/home/u991737198/domains/tas2023.online/public_html/tmp/3hn69l4qoa804.3g8shy2588w00.php:365] Base->{closure}()
Fri, 31 Jan 2025 00:54:45 -0500 [2603:9000:f801:55e2:68a0:f75f:5118:f11f] [/home/u991737198/domains/tas2023.online/public_html/lib/base.php:3036] require('/home/u991737198/domains/tas2023.online/public_html/tmp/3hn69l4qoa804.3g8shy2588w00.php')
Fri, 31 Jan 2025 00:54:45 -0500 [2603:9000:f801:55e2:68a0:f75f:5118:f11f] [/home/u991737198/domains/tas2023.online/public_html/lib/base.php:3281] View->sandbox()
Fri, 31 Jan 2025 00:54:45 -0500 [2603:9000:f801:55e2:68a0:f75f:5118:f11f] [/home/u991737198/domains/tas2023.online/public_html/tmp/3hn69l4qoa804.3h31n1yj254w8.php:7] Preview->render()
Fri, 31 Jan 2025 00:54:45 -0500 [2603:9000:f801:55e2:68a0:f75f:5118:f11f] [/home/u991737198/domains/tas2023.online/public_html/lib/base.php:3036] require('/home/u991737198/domains/tas2023.online/public_html/tmp/3hn69l4qoa804.3h31n1yj254w8.php')
Fri, 31 Jan 2025 00:54:45 -0500 [2603:9000:f801:55e2:68a0:f75f:5118:f11f] [/home/u991737198/domains/tas2023.online/public_html/lib/base.php:3281] View->sandbox()
Fri, 31 Jan 2025 00:54:45 -0500 [2603:9000:f801:55e2:68a0:f75f:5118:f11f] [/home/u991737198/domains/tas2023.online/public_html/app/controllers/Controller.php:87] Preview->render()
Fri, 31 Jan 2025 00:54:45 -0500 [2603:9000:f801:55e2:68a0:f75f:5118:f11f] [/home/u991737198/domains/tas2023.online/public_html/lib/base.php:2078] Controller->afterroute()
Fri, 31 Jan 2025 00:54:45 -0500 [2603:9000:f801:55e2:68a0:f75f:5118:f11f] [/home/u991737198/domains/tas2023.online/public_html/lib/base.php:1871] Base->call()
Fri, 31 Jan 2025 00:54:45 -0500 [2603:9000:f801:55e2:68a0:f75f:5118:f11f] [/home/u991737198/domains/tas2023.online/public_html/index.php:19] Base->run()
Fri, 31 Jan 2025 00:55:23 -0500 [2603:9000:f801:55e2:68a0:f75f:5118:f11f] 500: Undefined variable $selected_note trace: [/home/u991737198/domains/tas2023.online/public_html/tmp/3hn69l4qoa804.3g8shy2588w00.php:365]
Fri, 31 Jan 2025 00:55:23 -0500 [2603:9000:f801:55e2:68a0:f75f:5118:f11f] [/home/u991737198/domains/tas2023.online/public_html/tmp/3hn69l4qoa804.3g8shy2588w00.php:365] Base->{closure}()
Fri, 31 Jan 2025 00:55:23 -0500 [2603:9000:f801:55e2:68a0:f75f:5118:f11f] [/home/u991737198/domains/tas2023.online/public_html/lib/base.php:3036] require('/home/u991737198/domains/tas2023.online/public_html/tmp/3hn69l4qoa804.3g8shy2588w00.php')
Fri, 31 Jan 2025 00:55:23 -0500 [2603:9000:f801:55e2:68a0:f75f:5118:f11f] [/home/u991737198/domains/tas2023.online/public_html/lib/base.php:3281] View->sandbox()
Fri, 31 Jan 2025 00:55:23 -0500 [2603:9000:f801:55e2:68a0:f75f:5118:f11f] [/home/u991737198/domains/tas2023.online/public_html/tmp/3hn69l4qoa804.3h31n1yj254w8.php:7] Preview->render()
Fri, 31 Jan 2025 00:55:23 -0500 [2603:9000:f801:55e2:68a0:f75f:5118:f11f] [/home/u991737198/domains/tas2023.online/public_html/lib/base.php:3036] require('/home/u991737198/domains/tas2023.online/public_html/tmp/3hn69l4qoa804.3h31n1yj254w8.php')
Fri, 31 Jan 2025 00:55:23 -0500 [2603:9000:f801:55e2:68a0:f75f:5118:f11f] [/home/u991737198/domains/tas2023.online/public_html/lib/base.php:3281] View->sandbox()
Fri, 31 Jan 2025 00:55:23 -0500 [2603:9000:f801:55e2:68a0:f75f:5118:f11f] [/home/u991737198/domains/tas2023.online/public_html/app/controllers/Controller.php:87] Preview->render()
Fri, 31 Jan 2025 00:55:23 -0500 [2603:9000:f801:55e2:68a0:f75f:5118:f11f] [/home/u991737198/domains/tas2023.online/public_html/lib/base.php:2078] Controller->afterroute()
Fri, 31 Jan 2025 00:55:23 -0500 [2603:9000:f801:55e2:68a0:f75f:5118:f11f] [/home/u991737198/domains/tas2023.online/public_html/lib/base.php:1871] Base->call()
Fri, 31 Jan 2025 00:55:23 -0500 [2603:9000:f801:55e2:68a0:f75f:5118:f11f] [/home/u991737198/domains/tas2023.online/public_html/index.php:19] Base->run()
Fri, 31 Jan 2025 00:55:59 -0500 [2603:9000:f801:55e2:68a0:f75f:5118:f11f] 500: Undefined variable $selected_note trace: [/home/u991737198/domains/tas2023.online/public_html/tmp/3hn69l4qoa804.3g8shy2588w00.php:365]
Fri, 31 Jan 2025 00:55:59 -0500 [2603:9000:f801:55e2:68a0:f75f:5118:f11f] [/home/u991737198/domains/tas2023.online/public_html/tmp/3hn69l4qoa804.3g8shy2588w00.php:365] Base->{closure}()
Fri, 31 Jan 2025 00:55:59 -0500 [2603:9000:f801:55e2:68a0:f75f:5118:f11f] [/home/u991737198/domains/tas2023.online/public_html/lib/base.php:3036] require('/home/u991737198/domains/tas2023.online/public_html/tmp/3hn69l4qoa804.3g8shy2588w00.php')
Fri, 31 Jan 2025 00:55:59 -0500 [2603:9000:f801:55e2:68a0:f75f:5118:f11f] [/home/u991737198/domains/tas2023.online/public_html/lib/base.php:3281] View->sandbox()
Fri, 31 Jan 2025 00:55:59 -0500 [2603:9000:f801:55e2:68a0:f75f:5118:f11f] [/home/u991737198/domains/tas2023.online/public_html/tmp/3hn69l4qoa804.3h31n1yj254w8.php:7] Preview->render()
Fri, 31 Jan 2025 00:55:59 -0500 [2603:9000:f801:55e2:68a0:f75f:5118:f11f] [/home/u991737198/domains/tas2023.online/public_html/lib/base.php:3036] require('/home/u991737198/domains/tas2023.online/public_html/tmp/3hn69l4qoa804.3h31n1yj254w8.php')
Fri, 31 Jan 2025 00:55:59 -0500 [2603:9000:f801:55e2:68a0:f75f:5118:f11f] [/home/u991737198/domains/tas2023.online/public_html/lib/base.php:3281] View->sandbox()
Fri, 31 Jan 2025 00:55:59 -0500 [2603:9000:f801:55e2:68a0:f75f:5118:f11f] [/home/u991737198/domains/tas2023.online/public_html/app/controllers/Controller.php:87] Preview->render()
Fri, 31 Jan 2025 00:55:59 -0500 [2603:9000:f801:55e2:68a0:f75f:5118:f11f] [/home/u991737198/domains/tas2023.online/public_html/lib/base.php:2078] Controller->afterroute()
Fri, 31 Jan 2025 00:55:59 -0500 [2603:9000:f801:55e2:68a0:f75f:5118:f11f] [/home/u991737198/domains/tas2023.online/public_html/lib/base.php:1871] Base->call()
Fri, 31 Jan 2025 00:55:59 -0500 [2603:9000:f801:55e2:68a0:f75f:5118:f11f] [/home/u991737198/domains/tas2023.online/public_html/index.php:19] Base->run()
Fri, 31 Jan 2025 07:36:53 -0500 [2603:9000:f801:55e2:d88f:28d0:2a7f:dd7b] 401: HTTP 401 (GET /task/taskDistribution) trace: [/home/u991737198/domains/tas2023.online/public_html/lib/access.php:112] Base->error()
Fri, 31 Jan 2025 07:36:53 -0500 [2603:9000:f801:55e2:d88f:28d0:2a7f:dd7b] 401: HTTP 401 (GET /task/taskData) trace: [/home/u991737198/domains/tas2023.online/public_html/lib/access.php:112] Base->error()
Fri, 31 Jan 2025 07:36:53 -0500 [2603:9000:f801:55e2:d88f:28d0:2a7f:dd7b] [/home/u991737198/domains/tas2023.online/public_html/app/controllers/Controller.php:78] Access->authorize()
Fri, 31 Jan 2025 07:36:53 -0500 [2603:9000:f801:55e2:d88f:28d0:2a7f:dd7b] [/home/u991737198/domains/tas2023.online/public_html/app/controllers/Controller.php:78] Access->authorize()
Fri, 31 Jan 2025 07:36:53 -0500 [2603:9000:f801:55e2:d88f:28d0:2a7f:dd7b] [/home/u991737198/domains/tas2023.online/public_html/lib/base.php:2069] Controller->beforeroute()
Fri, 31 Jan 2025 07:36:53 -0500 [2603:9000:f801:55e2:d88f:28d0:2a7f:dd7b] [/home/u991737198/domains/tas2023.online/public_html/lib/base.php:2069] Controller->beforeroute()
Fri, 31 Jan 2025 07:36:53 -0500 [2603:9000:f801:55e2:d88f:28d0:2a7f:dd7b] [/home/u991737198/domains/tas2023.online/public_html/lib/base.php:1871] Base->call()
Fri, 31 Jan 2025 07:36:53 -0500 [2603:9000:f801:55e2:d88f:28d0:2a7f:dd7b] [/home/u991737198/domains/tas2023.online/public_html/lib/base.php:1871] Base->call()
Fri, 31 Jan 2025 07:36:53 -0500 [2603:9000:f801:55e2:d88f:28d0:2a7f:dd7b] [/home/u991737198/domains/tas2023.online/public_html/index.php:19] Base->run()
Fri, 31 Jan 2025 07:36:53 -0500 [2603:9000:f801:55e2:d88f:28d0:2a7f:dd7b] [/home/u991737198/domains/tas2023.online/public_html/index.php:19] Base->run()
Fri, 31 Jan 2025 08:03:15 -0500 [2603:9000:f801:55e2:b759:f6c5:6343:d163] 500: Undefined variable $entity_num trace: [tmp/3hn69l4qoa804.1zo7dt0fljr4w.php:200]
Fri, 31 Jan 2025 08:03:15 -0500 [2603:9000:f801:55e2:b759:f6c5:6343:d163] [tmp/3hn69l4qoa804.1zo7dt0fljr4w.php:200] Base->{closure}()
Fri, 31 Jan 2025 08:03:15 -0500 [2603:9000:f801:55e2:b759:f6c5:6343:d163] [lib/base.php:3036] require('/home/u991737198/domains/tas2023.online/public_html/tmp/3hn69l4qoa804.1zo7dt0fljr4w.php')
Fri, 31 Jan 2025 08:03:15 -0500 [2603:9000:f801:55e2:b759:f6c5:6343:d163] [lib/base.php:3281] View->sandbox()
Fri, 31 Jan 2025 08:03:15 -0500 [2603:9000:f801:55e2:b759:f6c5:6343:d163] [tmp/3hn69l4qoa804.3h31n1yj254w8.php:7] Preview->render()
Fri, 31 Jan 2025 08:03:15 -0500 [2603:9000:f801:55e2:b759:f6c5:6343:d163] [lib/base.php:3036] require('/home/u991737198/domains/tas2023.online/public_html/tmp/3hn69l4qoa804.3h31n1yj254w8.php')
Fri, 31 Jan 2025 08:03:15 -0500 [2603:9000:f801:55e2:b759:f6c5:6343:d163] [lib/base.php:3281] View->sandbox()
Fri, 31 Jan 2025 08:03:15 -0500 [2603:9000:f801:55e2:b759:f6c5:6343:d163] [app/controllers/Controller.php:87] Preview->render()
Fri, 31 Jan 2025 08:03:15 -0500 [2603:9000:f801:55e2:b759:f6c5:6343:d163] [lib/base.php:2078] Controller->afterroute()
Fri, 31 Jan 2025 08:03:15 -0500 [2603:9000:f801:55e2:b759:f6c5:6343:d163] [lib/base.php:1871] Base->call()
Fri, 31 Jan 2025 08:03:15 -0500 [2603:9000:f801:55e2:b759:f6c5:6343:d163] [index.php:19] Base->run()
Fri, 31 Jan 2025 08:03:47 -0500 [2603:9000:f801:55e2:b759:f6c5:6343:d163] 500: Undefined variable $selected_note trace: [/home/u991737198/domains/tas2023.online/public_html/tmp/3hn69l4qoa804.3g8shy2588w00.php:365]
Fri, 31 Jan 2025 08:03:47 -0500 [2603:9000:f801:55e2:b759:f6c5:6343:d163] [/home/u991737198/domains/tas2023.online/public_html/tmp/3hn69l4qoa804.3g8shy2588w00.php:365] Base->{closure}()
Fri, 31 Jan 2025 08:03:47 -0500 [2603:9000:f801:55e2:b759:f6c5:6343:d163] [/home/u991737198/domains/tas2023.online/public_html/lib/base.php:3036] require('/home/u991737198/domains/tas2023.online/public_html/tmp/3hn69l4qoa804.3g8shy2588w00.php')
Fri, 31 Jan 2025 08:03:47 -0500 [2603:9000:f801:55e2:b759:f6c5:6343:d163] [/home/u991737198/domains/tas2023.online/public_html/lib/base.php:3281] View->sandbox()
Fri, 31 Jan 2025 08:03:47 -0500 [2603:9000:f801:55e2:b759:f6c5:6343:d163] [/home/u991737198/domains/tas2023.online/public_html/tmp/3hn69l4qoa804.3h31n1yj254w8.php:7] Preview->render()
Fri, 31 Jan 2025 08:03:47 -0500 [2603:9000:f801:55e2:b759:f6c5:6343:d163] [/home/u991737198/domains/tas2023.online/public_html/lib/base.php:3036] require('/home/u991737198/domains/tas2023.online/public_html/tmp/3hn69l4qoa804.3h31n1yj254w8.php')
Fri, 31 Jan 2025 08:03:47 -0500 [2603:9000:f801:55e2:b759:f6c5:6343:d163] [/home/u991737198/domains/tas2023.online/public_html/lib/base.php:3281] View->sandbox()
Fri, 31 Jan 2025 08:03:47 -0500 [2603:9000:f801:55e2:b759:f6c5:6343:d163] [/home/u991737198/domains/tas2023.online/public_html/app/controllers/Controller.php:87] Preview->render()
Fri, 31 Jan 2025 08:03:47 -0500 [2603:9000:f801:55e2:b759:f6c5:6343:d163] [/home/u991737198/domains/tas2023.online/public_html/lib/base.php:2078] Controller->afterroute()
Fri, 31 Jan 2025 08:03:47 -0500 [2603:9000:f801:55e2:b759:f6c5:6343:d163] [/home/u991737198/domains/tas2023.online/public_html/lib/base.php:1871] Base->call()
Fri, 31 Jan 2025 08:03:47 -0500 [2603:9000:f801:55e2:b759:f6c5:6343:d163] [/home/u991737198/domains/tas2023.online/public_html/index.php:19] Base->run()
Fri, 31 Jan 2025 08:04:59 -0500 [2603:9000:f801:55e2:b759:f6c5:6343:d163] 500: Undefined variable $fechapicker trace: [/home/u991737198/domains/tas2023.online/public_html/tmp/3hn69l4qoa804.22phmm30e0u84.php:334]
Fri, 31 Jan 2025 08:04:59 -0500 [2603:9000:f801:55e2:b759:f6c5:6343:d163] [/home/u991737198/domains/tas2023.online/public_html/tmp/3hn69l4qoa804.22phmm30e0u84.php:334] Base->{closure}()
Fri, 31 Jan 2025 08:04:59 -0500 [2603:9000:f801:55e2:b759:f6c5:6343:d163] [/home/u991737198/domains/tas2023.online/public_html/lib/base.php:3036] require('/home/u991737198/domains/tas2023.online/public_html/tmp/3hn69l4qoa804.22phmm30e0u84.php')
Fri, 31 Jan 2025 08:04:59 -0500 [2603:9000:f801:55e2:b759:f6c5:6343:d163] [/home/u991737198/domains/tas2023.online/public_html/lib/base.php:3281] View->sandbox()
Fri, 31 Jan 2025 08:04:59 -0500 [2603:9000:f801:55e2:b759:f6c5:6343:d163] [/home/u991737198/domains/tas2023.online/public_html/tmp/3hn69l4qoa804.3h31n1yj254w8.php:7] Preview->render()
Fri, 31 Jan 2025 08:04:59 -0500 [2603:9000:f801:55e2:b759:f6c5:6343:d163] [/home/u991737198/domains/tas2023.online/public_html/lib/base.php:3036] require('/home/u991737198/domains/tas2023.online/public_html/tmp/3hn69l4qoa804.3h31n1yj254w8.php')
Fri, 31 Jan 2025 08:04:59 -0500 [2603:9000:f801:55e2:b759:f6c5:6343:d163] [/home/u991737198/domains/tas2023.online/public_html/lib/base.php:3281] View->sandbox()
Fri, 31 Jan 2025 08:04:59 -0500 [2603:9000:f801:55e2:b759:f6c5:6343:d163] [/home/u991737198/domains/tas2023.online/public_html/app/controllers/Controller.php:87] Preview->render()
Fri, 31 Jan 2025 08:04:59 -0500 [2603:9000:f801:55e2:b759:f6c5:6343:d163] [/home/u991737198/domains/tas2023.online/public_html/lib/base.php:2078] Controller->afterroute()
Fri, 31 Jan 2025 08:04:59 -0500 [2603:9000:f801:55e2:b759:f6c5:6343:d163] [/home/u991737198/domains/tas2023.online/public_html/lib/base.php:1871] Base->call()
Fri, 31 Jan 2025 08:04:59 -0500 [2603:9000:f801:55e2:b759:f6c5:6343:d163] [/home/u991737198/domains/tas2023.online/public_html/index.php:19] Base->run()
Fri, 31 Jan 2025 08:05:02 -0500 [2603:9000:f801:55e2:b759:f6c5:6343:d163] 500: Undefined variable $fechapicker trace: [/home/u991737198/domains/tas2023.online/public_html/tmp/3hn69l4qoa804.22phmm30e0u84.php:334]
Fri, 31 Jan 2025 08:05:02 -0500 [2603:9000:f801:55e2:b759:f6c5:6343:d163] [/home/u991737198/domains/tas2023.online/public_html/tmp/3hn69l4qoa804.22phmm30e0u84.php:334] Base->{closure}()
Fri, 31 Jan 2025 08:05:02 -0500 [2603:9000:f801:55e2:b759:f6c5:6343:d163] [/home/u991737198/domains/tas2023.online/public_html/lib/base.php:3036] require('/home/u991737198/domains/tas2023.online/public_html/tmp/3hn69l4qoa804.22phmm30e0u84.php')
Fri, 31 Jan 2025 08:05:02 -0500 [2603:9000:f801:55e2:b759:f6c5:6343:d163] [/home/u991737198/domains/tas2023.online/public_html/lib/base.php:3281] View->sandbox()
Fri, 31 Jan 2025 08:05:02 -0500 [2603:9000:f801:55e2:b759:f6c5:6343:d163] [/home/u991737198/domains/tas2023.online/public_html/tmp/3hn69l4qoa804.3h31n1yj254w8.php:7] Preview->render()
Fri, 31 Jan 2025 08:05:02 -0500 [2603:9000:f801:55e2:b759:f6c5:6343:d163] [/home/u991737198/domains/tas2023.online/public_html/lib/base.php:3036] require('/home/u991737198/domains/tas2023.online/public_html/tmp/3hn69l4qoa804.3h31n1yj254w8.php')
Fri, 31 Jan 2025 08:05:02 -0500 [2603:9000:f801:55e2:b759:f6c5:6343:d163] [/home/u991737198/domains/tas2023.online/public_html/lib/base.php:3281] View->sandbox()
Fri, 31 Jan 2025 08:05:02 -0500 [2603:9000:f801:55e2:b759:f6c5:6343:d163] [/home/u991737198/domains/tas2023.online/public_html/app/controllers/Controller.php:87] Preview->render()
Fri, 31 Jan 2025 08:05:02 -0500 [2603:9000:f801:55e2:b759:f6c5:6343:d163] [/home/u991737198/domains/tas2023.online/public_html/lib/base.php:2078] Controller->afterroute()
Fri, 31 Jan 2025 08:05:02 -0500 [2603:9000:f801:55e2:b759:f6c5:6343:d163] [/home/u991737198/domains/tas2023.online/public_html/lib/base.php:1871] Base->call()
Fri, 31 Jan 2025 08:05:02 -0500 [2603:9000:f801:55e2:b759:f6c5:6343:d163] [/home/u991737198/domains/tas2023.online/public_html/index.php:19] Base->run()
Fri, 31 Jan 2025 08:05:18 -0500 [2603:9000:f801:55e2:b759:f6c5:6343:d163] 500: Undefined variable $selected_note trace: [/home/u991737198/domains/tas2023.online/public_html/tmp/3hn69l4qoa804.3g8shy2588w00.php:365]
Fri, 31 Jan 2025 08:05:18 -0500 [2603:9000:f801:55e2:b759:f6c5:6343:d163] [/home/u991737198/domains/tas2023.online/public_html/tmp/3hn69l4qoa804.3g8shy2588w00.php:365] Base->{closure}()
Fri, 31 Jan 2025 08:05:18 -0500 [2603:9000:f801:55e2:b759:f6c5:6343:d163] [/home/u991737198/domains/tas2023.online/public_html/lib/base.php:3036] require('/home/u991737198/domains/tas2023.online/public_html/tmp/3hn69l4qoa804.3g8shy2588w00.php')
Fri, 31 Jan 2025 08:05:18 -0500 [2603:9000:f801:55e2:b759:f6c5:6343:d163] [/home/u991737198/domains/tas2023.online/public_html/lib/base.php:3281] View->sandbox()
Fri, 31 Jan 2025 08:05:18 -0500 [2603:9000:f801:55e2:b759:f6c5:6343:d163] [/home/u991737198/domains/tas2023.online/public_html/tmp/3hn69l4qoa804.3h31n1yj254w8.php:7] Preview->render()
Fri, 31 Jan 2025 08:05:18 -0500 [2603:9000:f801:55e2:b759:f6c5:6343:d163] [/home/u991737198/domains/tas2023.online/public_html/lib/base.php:3036] require('/home/u991737198/domains/tas2023.online/public_html/tmp/3hn69l4qoa804.3h31n1yj254w8.php')
Fri, 31 Jan 2025 08:05:18 -0500 [2603:9000:f801:55e2:b759:f6c5:6343:d163] [/home/u991737198/domains/tas2023.online/public_html/lib/base.php:3281] View->sandbox()
Fri, 31 Jan 2025 08:05:18 -0500 [2603:9000:f801:55e2:b759:f6c5:6343:d163] [/home/u991737198/domains/tas2023.online/public_html/app/controllers/Controller.php:87] Preview->render()
Fri, 31 Jan 2025 08:05:18 -0500 [2603:9000:f801:55e2:b759:f6c5:6343:d163] [/home/u991737198/domains/tas2023.online/public_html/lib/base.php:2078] Controller->afterroute()
Fri, 31 Jan 2025 08:05:18 -0500 [2603:9000:f801:55e2:b759:f6c5:6343:d163] [/home/u991737198/domains/tas2023.online/public_html/lib/base.php:1871] Base->call()
Fri, 31 Jan 2025 08:05:18 -0500 [2603:9000:f801:55e2:b759:f6c5:6343:d163] [/home/u991737198/domains/tas2023.online/public_html/index.php:19] Base->run()
Fri, 31 Jan 2025 08:06:44 -0500 [2603:9000:f801:55e2:b759:f6c5:6343:d163] 500: Undefined variable $entity_num trace: [tmp/3hn69l4qoa804.man4oes5p0l2.php:176]
Fri, 31 Jan 2025 08:06:44 -0500 [2603:9000:f801:55e2:b759:f6c5:6343:d163] [tmp/3hn69l4qoa804.man4oes5p0l2.php:176] Base->{closure}()
Fri, 31 Jan 2025 08:06:44 -0500 [2603:9000:f801:55e2:b759:f6c5:6343:d163] [lib/base.php:3036] require('/home/u991737198/domains/tas2023.online/public_html/tmp/3hn69l4qoa804.man4oes5p0l2.php')
Fri, 31 Jan 2025 08:06:44 -0500 [2603:9000:f801:55e2:b759:f6c5:6343:d163] [lib/base.php:3281] View->sandbox()
Fri, 31 Jan 2025 08:06:44 -0500 [2603:9000:f801:55e2:b759:f6c5:6343:d163] [tmp/3hn69l4qoa804.3h31n1yj254w8.php:7] Preview->render()
Fri, 31 Jan 2025 08:06:44 -0500 [2603:9000:f801:55e2:b759:f6c5:6343:d163] [lib/base.php:3036] require('/home/u991737198/domains/tas2023.online/public_html/tmp/3hn69l4qoa804.3h31n1yj254w8.php')
Fri, 31 Jan 2025 08:06:44 -0500 [2603:9000:f801:55e2:b759:f6c5:6343:d163] [lib/base.php:3281] View->sandbox()
Fri, 31 Jan 2025 08:06:44 -0500 [2603:9000:f801:55e2:b759:f6c5:6343:d163] [app/controllers/Controller.php:87] Preview->render()
Fri, 31 Jan 2025 08:06:44 -0500 [2603:9000:f801:55e2:b759:f6c5:6343:d163] [lib/base.php:2078] Controller->afterroute()
Fri, 31 Jan 2025 08:06:44 -0500 [2603:9000:f801:55e2:b759:f6c5:6343:d163] [lib/base.php:1871] Base->call()
Fri, 31 Jan 2025 08:06:44 -0500 [2603:9000:f801:55e2:b759:f6c5:6343:d163] [index.php:19] Base->run()
Fri, 31 Jan 2025 08:07:42 -0500 [2603:9000:f801:55e2:b759:f6c5:6343:d163] 500: Undefined variable $selected_note trace: [/home/u991737198/domains/tas2023.online/public_html/tmp/3hn69l4qoa804.3g8shy2588w00.php:365]
Fri, 31 Jan 2025 08:07:42 -0500 [2603:9000:f801:55e2:b759:f6c5:6343:d163] [/home/u991737198/domains/tas2023.online/public_html/tmp/3hn69l4qoa804.3g8shy2588w00.php:365] Base->{closure}()
Fri, 31 Jan 2025 08:07:42 -0500 [2603:9000:f801:55e2:b759:f6c5:6343:d163] [/home/u991737198/domains/tas2023.online/public_html/lib/base.php:3036] require('/home/u991737198/domains/tas2023.online/public_html/tmp/3hn69l4qoa804.3g8shy2588w00.php')
Fri, 31 Jan 2025 08:07:42 -0500 [2603:9000:f801:55e2:b759:f6c5:6343:d163] [/home/u991737198/domains/tas2023.online/public_html/lib/base.php:3281] View->sandbox()
Fri, 31 Jan 2025 08:07:42 -0500 [2603:9000:f801:55e2:b759:f6c5:6343:d163] [/home/u991737198/domains/tas2023.online/public_html/tmp/3hn69l4qoa804.3h31n1yj254w8.php:7] Preview->render()
Fri, 31 Jan 2025 08:07:42 -0500 [2603:9000:f801:55e2:b759:f6c5:6343:d163] [/home/u991737198/domains/tas2023.online/public_html/lib/base.php:3036] require('/home/u991737198/domains/tas2023.online/public_html/tmp/3hn69l4qoa804.3h31n1yj254w8.php')
Fri, 31 Jan 2025 08:07:42 -0500 [2603:9000:f801:55e2:b759:f6c5:6343:d163] [/home/u991737198/domains/tas2023.online/public_html/lib/base.php:3281] View->sandbox()
Fri, 31 Jan 2025 08:07:42 -0500 [2603:9000:f801:55e2:b759:f6c5:6343:d163] [/home/u991737198/domains/tas2023.online/public_html/app/controllers/Controller.php:87] Preview->render()
Fri, 31 Jan 2025 08:07:42 -0500 [2603:9000:f801:55e2:b759:f6c5:6343:d163] [/home/u991737198/domains/tas2023.online/public_html/lib/base.php:2078] Controller->afterroute()
Fri, 31 Jan 2025 08:07:42 -0500 [2603:9000:f801:55e2:b759:f6c5:6343:d163] [/home/u991737198/domains/tas2023.online/public_html/lib/base.php:1871] Base->call()
Fri, 31 Jan 2025 08:07:42 -0500 [2603:9000:f801:55e2:b759:f6c5:6343:d163] [/home/u991737198/domains/tas2023.online/public_html/index.php:19] Base->run()
