Sat, 26 Apr 2025 05:14:40 +0000 [185.239.48.234] 500: Undefined field activado trace: [lib/db/sql/mapper.php:132]
Sat, 26 Apr 2025 05:14:40 +0000 [185.239.48.234] [lib/db/sql/mapper.php:132] user_error()
Sat, 26 Apr 2025 05:14:40 +0000 [185.239.48.234] [lib/magic.php:89] DB\SQL\Mapper->get()
Sat, 26 Apr 2025 05:14:40 +0000 [185.239.48.234] [lib/magic.php:131] Magic->offsetget()
Sat, 26 Apr 2025 05:14:40 +0000 [185.239.48.234] [app/controllers/UserController.php:453] Magic->__get()
Sat, 26 Apr 2025 05:14:40 +0000 [185.239.48.234] [lib/base.php:2072] UserController->create()
Sat, 26 Apr 2025 05:14:40 +0000 [185.239.48.234] [lib/base.php:1871] Base->call()
Sat, 26 Apr 2025 05:14:40 +0000 [185.239.48.234] [index.php:19] Base->run()
Sat, 26 Apr 2025 07:53:38 +0000 [185.130.251.131] 500: Undefined field activado trace: [lib/db/sql/mapper.php:132]
Sat, 26 Apr 2025 07:53:38 +0000 [185.130.251.131] [lib/db/sql/mapper.php:132] user_error()
Sat, 26 Apr 2025 07:53:38 +0000 [185.130.251.131] [lib/magic.php:89] DB\SQL\Mapper->get()
Sat, 26 Apr 2025 07:53:38 +0000 [185.130.251.131] [lib/magic.php:131] Magic->offsetget()
Sat, 26 Apr 2025 07:53:38 +0000 [185.130.251.131] [app/controllers/UserController.php:453] Magic->__get()
Sat, 26 Apr 2025 07:53:38 +0000 [185.130.251.131] [lib/base.php:2072] UserController->create()
Sat, 26 Apr 2025 07:53:38 +0000 [185.130.251.131] [lib/base.php:1871] Base->call()
Sat, 26 Apr 2025 07:53:38 +0000 [185.130.251.131] [index.php:19] Base->run()
Sat, 26 Apr 2025 11:13:46 +0000 [2600:1006:b06c:5414:847e:4f8c:a2b1:41f4] 500: Undefined variable $entity_num trace: [tmp/3hn69l4qoa804.1zo7dt0fljr4w.php:200]
Sat, 26 Apr 2025 11:13:46 +0000 [2600:1006:b06c:5414:847e:4f8c:a2b1:41f4] [tmp/3hn69l4qoa804.1zo7dt0fljr4w.php:200] Base->{closure}()
Sat, 26 Apr 2025 11:13:46 +0000 [2600:1006:b06c:5414:847e:4f8c:a2b1:41f4] [lib/base.php:3036] require('/home/u991737198/domains/tas2023.online/public_html/tmp/3hn69l4qoa804.1zo7dt0fljr4w.php')
Sat, 26 Apr 2025 11:13:46 +0000 [2600:1006:b06c:5414:847e:4f8c:a2b1:41f4] [lib/base.php:3281] View->sandbox()
Sat, 26 Apr 2025 11:13:46 +0000 [2600:1006:b06c:5414:847e:4f8c:a2b1:41f4] [tmp/3hn69l4qoa804.3h31n1yj254w8.php:7] Preview->render()
Sat, 26 Apr 2025 11:13:46 +0000 [2600:1006:b06c:5414:847e:4f8c:a2b1:41f4] [lib/base.php:3036] require('/home/u991737198/domains/tas2023.online/public_html/tmp/3hn69l4qoa804.3h31n1yj254w8.php')
Sat, 26 Apr 2025 11:13:46 +0000 [2600:1006:b06c:5414:847e:4f8c:a2b1:41f4] [lib/base.php:3281] View->sandbox()
Sat, 26 Apr 2025 11:13:46 +0000 [2600:1006:b06c:5414:847e:4f8c:a2b1:41f4] [app/controllers/Controller.php:87] Preview->render()
Sat, 26 Apr 2025 11:13:46 +0000 [2600:1006:b06c:5414:847e:4f8c:a2b1:41f4] [lib/base.php:2078] Controller->afterroute()
Sat, 26 Apr 2025 11:13:46 +0000 [2600:1006:b06c:5414:847e:4f8c:a2b1:41f4] [lib/base.php:1871] Base->call()
Sat, 26 Apr 2025 11:13:46 +0000 [2600:1006:b06c:5414:847e:4f8c:a2b1:41f4] [index.php:19] Base->run()
Sat, 26 Apr 2025 11:15:05 +0000 [2600:1006:b06c:5414:847e:4f8c:a2b1:41f4] 500: Undefined variable $entity_num trace: [tmp/3hn69l4qoa804.1zo7dt0fljr4w.php:200]
Sat, 26 Apr 2025 11:15:05 +0000 [2600:1006:b06c:5414:847e:4f8c:a2b1:41f4] [tmp/3hn69l4qoa804.1zo7dt0fljr4w.php:200] Base->{closure}()
Sat, 26 Apr 2025 11:15:05 +0000 [2600:1006:b06c:5414:847e:4f8c:a2b1:41f4] [lib/base.php:3036] require('/home/u991737198/domains/tas2023.online/public_html/tmp/3hn69l4qoa804.1zo7dt0fljr4w.php')
Sat, 26 Apr 2025 11:15:05 +0000 [2600:1006:b06c:5414:847e:4f8c:a2b1:41f4] [lib/base.php:3281] View->sandbox()
Sat, 26 Apr 2025 11:15:05 +0000 [2600:1006:b06c:5414:847e:4f8c:a2b1:41f4] [tmp/3hn69l4qoa804.3h31n1yj254w8.php:7] Preview->render()
Sat, 26 Apr 2025 11:15:05 +0000 [2600:1006:b06c:5414:847e:4f8c:a2b1:41f4] [lib/base.php:3036] require('/home/u991737198/domains/tas2023.online/public_html/tmp/3hn69l4qoa804.3h31n1yj254w8.php')
Sat, 26 Apr 2025 11:15:05 +0000 [2600:1006:b06c:5414:847e:4f8c:a2b1:41f4] [lib/base.php:3281] View->sandbox()
Sat, 26 Apr 2025 11:15:05 +0000 [2600:1006:b06c:5414:847e:4f8c:a2b1:41f4] [app/controllers/Controller.php:87] Preview->render()
Sat, 26 Apr 2025 11:15:05 +0000 [2600:1006:b06c:5414:847e:4f8c:a2b1:41f4] [lib/base.php:2078] Controller->afterroute()
Sat, 26 Apr 2025 11:15:05 +0000 [2600:1006:b06c:5414:847e:4f8c:a2b1:41f4] [lib/base.php:1871] Base->call()
Sat, 26 Apr 2025 11:15:05 +0000 [2600:1006:b06c:5414:847e:4f8c:a2b1:41f4] [index.php:19] Base->run()
Sat, 26 Apr 2025 11:15:15 +0000 [2600:1006:b06c:5414:847e:4f8c:a2b1:41f4] 500: Undefined variable $entity_num trace: [tmp/3hn69l4qoa804.1zo7dt0fljr4w.php:200]
Sat, 26 Apr 2025 11:15:15 +0000 [2600:1006:b06c:5414:847e:4f8c:a2b1:41f4] [tmp/3hn69l4qoa804.1zo7dt0fljr4w.php:200] Base->{closure}()
Sat, 26 Apr 2025 11:15:15 +0000 [2600:1006:b06c:5414:847e:4f8c:a2b1:41f4] [lib/base.php:3036] require('/home/u991737198/domains/tas2023.online/public_html/tmp/3hn69l4qoa804.1zo7dt0fljr4w.php')
Sat, 26 Apr 2025 11:15:15 +0000 [2600:1006:b06c:5414:847e:4f8c:a2b1:41f4] [lib/base.php:3281] View->sandbox()
Sat, 26 Apr 2025 11:15:15 +0000 [2600:1006:b06c:5414:847e:4f8c:a2b1:41f4] [tmp/3hn69l4qoa804.3h31n1yj254w8.php:7] Preview->render()
Sat, 26 Apr 2025 11:15:15 +0000 [2600:1006:b06c:5414:847e:4f8c:a2b1:41f4] [lib/base.php:3036] require('/home/u991737198/domains/tas2023.online/public_html/tmp/3hn69l4qoa804.3h31n1yj254w8.php')
Sat, 26 Apr 2025 11:15:15 +0000 [2600:1006:b06c:5414:847e:4f8c:a2b1:41f4] [lib/base.php:3281] View->sandbox()
Sat, 26 Apr 2025 11:15:15 +0000 [2600:1006:b06c:5414:847e:4f8c:a2b1:41f4] [app/controllers/Controller.php:87] Preview->render()
Sat, 26 Apr 2025 11:15:15 +0000 [2600:1006:b06c:5414:847e:4f8c:a2b1:41f4] [lib/base.php:2078] Controller->afterroute()
Sat, 26 Apr 2025 11:15:15 +0000 [2600:1006:b06c:5414:847e:4f8c:a2b1:41f4] [lib/base.php:1871] Base->call()
Sat, 26 Apr 2025 11:15:15 +0000 [2600:1006:b06c:5414:847e:4f8c:a2b1:41f4] [index.php:19] Base->run()
Sat, 26 Apr 2025 12:16:10 +0000 [2600:1006:b06c:5414:847e:4f8c:a2b1:41f4] 500: Undefined variable $selected_note trace: [/home/u991737198/domains/tas2023.online/public_html/tmp/3hn69l4qoa804.3g8shy2588w00.php:385]
Sat, 26 Apr 2025 12:16:10 +0000 [2600:1006:b06c:5414:847e:4f8c:a2b1:41f4] [/home/u991737198/domains/tas2023.online/public_html/tmp/3hn69l4qoa804.3g8shy2588w00.php:385] Base->{closure}()
Sat, 26 Apr 2025 12:16:10 +0000 [2600:1006:b06c:5414:847e:4f8c:a2b1:41f4] [/home/u991737198/domains/tas2023.online/public_html/lib/base.php:3036] require('/home/u991737198/domains/tas2023.online/public_html/tmp/3hn69l4qoa804.3g8shy2588w00.php')
Sat, 26 Apr 2025 12:16:10 +0000 [2600:1006:b06c:5414:847e:4f8c:a2b1:41f4] [/home/u991737198/domains/tas2023.online/public_html/lib/base.php:3281] View->sandbox()
Sat, 26 Apr 2025 12:16:10 +0000 [2600:1006:b06c:5414:847e:4f8c:a2b1:41f4] [/home/u991737198/domains/tas2023.online/public_html/tmp/3hn69l4qoa804.3h31n1yj254w8.php:7] Preview->render()
Sat, 26 Apr 2025 12:16:10 +0000 [2600:1006:b06c:5414:847e:4f8c:a2b1:41f4] [/home/u991737198/domains/tas2023.online/public_html/lib/base.php:3036] require('/home/u991737198/domains/tas2023.online/public_html/tmp/3hn69l4qoa804.3h31n1yj254w8.php')
Sat, 26 Apr 2025 12:16:10 +0000 [2600:1006:b06c:5414:847e:4f8c:a2b1:41f4] [/home/u991737198/domains/tas2023.online/public_html/lib/base.php:3281] View->sandbox()
Sat, 26 Apr 2025 12:16:10 +0000 [2600:1006:b06c:5414:847e:4f8c:a2b1:41f4] [/home/u991737198/domains/tas2023.online/public_html/app/controllers/Controller.php:87] Preview->render()
Sat, 26 Apr 2025 12:16:10 +0000 [2600:1006:b06c:5414:847e:4f8c:a2b1:41f4] [/home/u991737198/domains/tas2023.online/public_html/lib/base.php:2078] Controller->afterroute()
Sat, 26 Apr 2025 12:16:10 +0000 [2600:1006:b06c:5414:847e:4f8c:a2b1:41f4] [/home/u991737198/domains/tas2023.online/public_html/lib/base.php:1871] Base->call()
Sat, 26 Apr 2025 12:16:10 +0000 [2600:1006:b06c:5414:847e:4f8c:a2b1:41f4] [/home/u991737198/domains/tas2023.online/public_html/index.php:19] Base->run()
Sat, 26 Apr 2025 12:18:33 +0000 [2600:1006:b06c:5414:847e:4f8c:a2b1:41f4] 500: Undefined variable $selected_note trace: [/home/u991737198/domains/tas2023.online/public_html/tmp/3hn69l4qoa804.3g8shy2588w00.php:385]
Sat, 26 Apr 2025 12:18:33 +0000 [2600:1006:b06c:5414:847e:4f8c:a2b1:41f4] [/home/u991737198/domains/tas2023.online/public_html/tmp/3hn69l4qoa804.3g8shy2588w00.php:385] Base->{closure}()
Sat, 26 Apr 2025 12:18:33 +0000 [2600:1006:b06c:5414:847e:4f8c:a2b1:41f4] [/home/u991737198/domains/tas2023.online/public_html/lib/base.php:3036] require('/home/u991737198/domains/tas2023.online/public_html/tmp/3hn69l4qoa804.3g8shy2588w00.php')
Sat, 26 Apr 2025 12:18:33 +0000 [2600:1006:b06c:5414:847e:4f8c:a2b1:41f4] [/home/u991737198/domains/tas2023.online/public_html/lib/base.php:3281] View->sandbox()
Sat, 26 Apr 2025 12:18:33 +0000 [2600:1006:b06c:5414:847e:4f8c:a2b1:41f4] [/home/u991737198/domains/tas2023.online/public_html/tmp/3hn69l4qoa804.3h31n1yj254w8.php:7] Preview->render()
Sat, 26 Apr 2025 12:18:33 +0000 [2600:1006:b06c:5414:847e:4f8c:a2b1:41f4] [/home/u991737198/domains/tas2023.online/public_html/lib/base.php:3036] require('/home/u991737198/domains/tas2023.online/public_html/tmp/3hn69l4qoa804.3h31n1yj254w8.php')
Sat, 26 Apr 2025 12:18:33 +0000 [2600:1006:b06c:5414:847e:4f8c:a2b1:41f4] [/home/u991737198/domains/tas2023.online/public_html/lib/base.php:3281] View->sandbox()
Sat, 26 Apr 2025 12:18:33 +0000 [2600:1006:b06c:5414:847e:4f8c:a2b1:41f4] [/home/u991737198/domains/tas2023.online/public_html/app/controllers/Controller.php:87] Preview->render()
Sat, 26 Apr 2025 12:18:33 +0000 [2600:1006:b06c:5414:847e:4f8c:a2b1:41f4] [/home/u991737198/domains/tas2023.online/public_html/lib/base.php:2078] Controller->afterroute()
Sat, 26 Apr 2025 12:18:33 +0000 [2600:1006:b06c:5414:847e:4f8c:a2b1:41f4] [/home/u991737198/domains/tas2023.online/public_html/lib/base.php:1871] Base->call()
Sat, 26 Apr 2025 12:18:33 +0000 [2600:1006:b06c:5414:847e:4f8c:a2b1:41f4] [/home/u991737198/domains/tas2023.online/public_html/index.php:19] Base->run()
Sat, 26 Apr 2025 12:19:26 +0000 [2600:1006:b06c:5414:847e:4f8c:a2b1:41f4] 500: Undefined variable $selected_note trace: [/home/u991737198/domains/tas2023.online/public_html/tmp/3hn69l4qoa804.3g8shy2588w00.php:385]
Sat, 26 Apr 2025 12:19:26 +0000 [2600:1006:b06c:5414:847e:4f8c:a2b1:41f4] [/home/u991737198/domains/tas2023.online/public_html/tmp/3hn69l4qoa804.3g8shy2588w00.php:385] Base->{closure}()
Sat, 26 Apr 2025 12:19:26 +0000 [2600:1006:b06c:5414:847e:4f8c:a2b1:41f4] [/home/u991737198/domains/tas2023.online/public_html/lib/base.php:3036] require('/home/u991737198/domains/tas2023.online/public_html/tmp/3hn69l4qoa804.3g8shy2588w00.php')
Sat, 26 Apr 2025 12:19:26 +0000 [2600:1006:b06c:5414:847e:4f8c:a2b1:41f4] [/home/u991737198/domains/tas2023.online/public_html/lib/base.php:3281] View->sandbox()
Sat, 26 Apr 2025 12:19:26 +0000 [2600:1006:b06c:5414:847e:4f8c:a2b1:41f4] [/home/u991737198/domains/tas2023.online/public_html/tmp/3hn69l4qoa804.3h31n1yj254w8.php:7] Preview->render()
Sat, 26 Apr 2025 12:19:26 +0000 [2600:1006:b06c:5414:847e:4f8c:a2b1:41f4] [/home/u991737198/domains/tas2023.online/public_html/lib/base.php:3036] require('/home/u991737198/domains/tas2023.online/public_html/tmp/3hn69l4qoa804.3h31n1yj254w8.php')
Sat, 26 Apr 2025 12:19:26 +0000 [2600:1006:b06c:5414:847e:4f8c:a2b1:41f4] [/home/u991737198/domains/tas2023.online/public_html/lib/base.php:3281] View->sandbox()
Sat, 26 Apr 2025 12:19:26 +0000 [2600:1006:b06c:5414:847e:4f8c:a2b1:41f4] [/home/u991737198/domains/tas2023.online/public_html/app/controllers/Controller.php:87] Preview->render()
Sat, 26 Apr 2025 12:19:26 +0000 [2600:1006:b06c:5414:847e:4f8c:a2b1:41f4] [/home/u991737198/domains/tas2023.online/public_html/lib/base.php:2078] Controller->afterroute()
Sat, 26 Apr 2025 12:19:26 +0000 [2600:1006:b06c:5414:847e:4f8c:a2b1:41f4] [/home/u991737198/domains/tas2023.online/public_html/lib/base.php:1871] Base->call()
Sat, 26 Apr 2025 12:19:26 +0000 [2600:1006:b06c:5414:847e:4f8c:a2b1:41f4] [/home/u991737198/domains/tas2023.online/public_html/index.php:19] Base->run()
Sat, 26 Apr 2025 13:56:57 +0000 [2600:1006:b06c:5414:847e:4f8c:a2b1:41f4] 500: Undefined variable $selected_note trace: [/home/u991737198/domains/tas2023.online/public_html/tmp/3hn69l4qoa804.3g8shy2588w00.php:385]
Sat, 26 Apr 2025 13:56:57 +0000 [2600:1006:b06c:5414:847e:4f8c:a2b1:41f4] [/home/u991737198/domains/tas2023.online/public_html/tmp/3hn69l4qoa804.3g8shy2588w00.php:385] Base->{closure}()
Sat, 26 Apr 2025 13:56:57 +0000 [2600:1006:b06c:5414:847e:4f8c:a2b1:41f4] [/home/u991737198/domains/tas2023.online/public_html/lib/base.php:3036] require('/home/u991737198/domains/tas2023.online/public_html/tmp/3hn69l4qoa804.3g8shy2588w00.php')
Sat, 26 Apr 2025 13:56:57 +0000 [2600:1006:b06c:5414:847e:4f8c:a2b1:41f4] [/home/u991737198/domains/tas2023.online/public_html/lib/base.php:3281] View->sandbox()
Sat, 26 Apr 2025 13:56:57 +0000 [2600:1006:b06c:5414:847e:4f8c:a2b1:41f4] [/home/u991737198/domains/tas2023.online/public_html/tmp/3hn69l4qoa804.3h31n1yj254w8.php:7] Preview->render()
Sat, 26 Apr 2025 13:56:57 +0000 [2600:1006:b06c:5414:847e:4f8c:a2b1:41f4] [/home/u991737198/domains/tas2023.online/public_html/lib/base.php:3036] require('/home/u991737198/domains/tas2023.online/public_html/tmp/3hn69l4qoa804.3h31n1yj254w8.php')
Sat, 26 Apr 2025 13:56:57 +0000 [2600:1006:b06c:5414:847e:4f8c:a2b1:41f4] [/home/u991737198/domains/tas2023.online/public_html/lib/base.php:3281] View->sandbox()
Sat, 26 Apr 2025 13:56:57 +0000 [2600:1006:b06c:5414:847e:4f8c:a2b1:41f4] [/home/u991737198/domains/tas2023.online/public_html/app/controllers/Controller.php:87] Preview->render()
Sat, 26 Apr 2025 13:56:57 +0000 [2600:1006:b06c:5414:847e:4f8c:a2b1:41f4] [/home/u991737198/domains/tas2023.online/public_html/lib/base.php:2078] Controller->afterroute()
Sat, 26 Apr 2025 13:56:57 +0000 [2600:1006:b06c:5414:847e:4f8c:a2b1:41f4] [/home/u991737198/domains/tas2023.online/public_html/lib/base.php:1871] Base->call()
Sat, 26 Apr 2025 13:56:57 +0000 [2600:1006:b06c:5414:847e:4f8c:a2b1:41f4] [/home/u991737198/domains/tas2023.online/public_html/index.php:19] Base->run()
Sat, 26 Apr 2025 13:57:20 +0000 [2600:1006:b06c:5414:847e:4f8c:a2b1:41f4] 500: Undefined variable $selected_note trace: [/home/u991737198/domains/tas2023.online/public_html/tmp/3hn69l4qoa804.3g8shy2588w00.php:385]
Sat, 26 Apr 2025 13:57:20 +0000 [2600:1006:b06c:5414:847e:4f8c:a2b1:41f4] [/home/u991737198/domains/tas2023.online/public_html/tmp/3hn69l4qoa804.3g8shy2588w00.php:385] Base->{closure}()
Sat, 26 Apr 2025 13:57:20 +0000 [2600:1006:b06c:5414:847e:4f8c:a2b1:41f4] [/home/u991737198/domains/tas2023.online/public_html/lib/base.php:3036] require('/home/u991737198/domains/tas2023.online/public_html/tmp/3hn69l4qoa804.3g8shy2588w00.php')
Sat, 26 Apr 2025 13:57:20 +0000 [2600:1006:b06c:5414:847e:4f8c:a2b1:41f4] [/home/u991737198/domains/tas2023.online/public_html/lib/base.php:3281] View->sandbox()
Sat, 26 Apr 2025 13:57:20 +0000 [2600:1006:b06c:5414:847e:4f8c:a2b1:41f4] [/home/u991737198/domains/tas2023.online/public_html/tmp/3hn69l4qoa804.3h31n1yj254w8.php:7] Preview->render()
Sat, 26 Apr 2025 13:57:20 +0000 [2600:1006:b06c:5414:847e:4f8c:a2b1:41f4] [/home/u991737198/domains/tas2023.online/public_html/lib/base.php:3036] require('/home/u991737198/domains/tas2023.online/public_html/tmp/3hn69l4qoa804.3h31n1yj254w8.php')
Sat, 26 Apr 2025 13:57:20 +0000 [2600:1006:b06c:5414:847e:4f8c:a2b1:41f4] [/home/u991737198/domains/tas2023.online/public_html/lib/base.php:3281] View->sandbox()
Sat, 26 Apr 2025 13:57:20 +0000 [2600:1006:b06c:5414:847e:4f8c:a2b1:41f4] [/home/u991737198/domains/tas2023.online/public_html/app/controllers/Controller.php:87] Preview->render()
Sat, 26 Apr 2025 13:57:20 +0000 [2600:1006:b06c:5414:847e:4f8c:a2b1:41f4] [/home/u991737198/domains/tas2023.online/public_html/lib/base.php:2078] Controller->afterroute()
Sat, 26 Apr 2025 13:57:20 +0000 [2600:1006:b06c:5414:847e:4f8c:a2b1:41f4] [/home/u991737198/domains/tas2023.online/public_html/lib/base.php:1871] Base->call()
Sat, 26 Apr 2025 13:57:20 +0000 [2600:1006:b06c:5414:847e:4f8c:a2b1:41f4] [/home/u991737198/domains/tas2023.online/public_html/index.php:19] Base->run()
Sat, 26 Apr 2025 14:51:03 +0000 [174.211.98.120] 401: HTTP 401 (GET /note/find/258/445/102/project) trace: [/home/u991737198/domains/tas2023.online/public_html/lib/access.php:112] Base->error()
Sat, 26 Apr 2025 14:51:03 +0000 [174.211.98.120] [/home/u991737198/domains/tas2023.online/public_html/app/controllers/Controller.php:78] Access->authorize()
Sat, 26 Apr 2025 14:51:03 +0000 [174.211.98.120] [/home/u991737198/domains/tas2023.online/public_html/lib/base.php:2069] Controller->beforeroute()
Sat, 26 Apr 2025 14:51:03 +0000 [174.211.98.120] [/home/u991737198/domains/tas2023.online/public_html/lib/base.php:1871] Base->call()
Sat, 26 Apr 2025 14:51:03 +0000 [174.211.98.120] [/home/u991737198/domains/tas2023.online/public_html/index.php:19] Base->run()
Sat, 26 Apr 2025 14:51:24 +0000 [174.211.98.120] 500: Undefined variable $selected_note trace: [/home/u991737198/domains/tas2023.online/public_html/tmp/3hn69l4qoa804.3g8shy2588w00.php:385]
Sat, 26 Apr 2025 14:51:24 +0000 [174.211.98.120] [/home/u991737198/domains/tas2023.online/public_html/tmp/3hn69l4qoa804.3g8shy2588w00.php:385] Base->{closure}()
Sat, 26 Apr 2025 14:51:24 +0000 [174.211.98.120] [/home/u991737198/domains/tas2023.online/public_html/lib/base.php:3036] require('/home/u991737198/domains/tas2023.online/public_html/tmp/3hn69l4qoa804.3g8shy2588w00.php')
Sat, 26 Apr 2025 14:51:24 +0000 [174.211.98.120] [/home/u991737198/domains/tas2023.online/public_html/lib/base.php:3281] View->sandbox()
Sat, 26 Apr 2025 14:51:24 +0000 [174.211.98.120] [/home/u991737198/domains/tas2023.online/public_html/tmp/3hn69l4qoa804.3h31n1yj254w8.php:7] Preview->render()
Sat, 26 Apr 2025 14:51:24 +0000 [174.211.98.120] [/home/u991737198/domains/tas2023.online/public_html/lib/base.php:3036] require('/home/u991737198/domains/tas2023.online/public_html/tmp/3hn69l4qoa804.3h31n1yj254w8.php')
Sat, 26 Apr 2025 14:51:24 +0000 [174.211.98.120] [/home/u991737198/domains/tas2023.online/public_html/lib/base.php:3281] View->sandbox()
Sat, 26 Apr 2025 14:51:24 +0000 [174.211.98.120] [/home/u991737198/domains/tas2023.online/public_html/app/controllers/Controller.php:87] Preview->render()
Sat, 26 Apr 2025 14:51:24 +0000 [174.211.98.120] [/home/u991737198/domains/tas2023.online/public_html/lib/base.php:2078] Controller->afterroute()
Sat, 26 Apr 2025 14:51:24 +0000 [174.211.98.120] [/home/u991737198/domains/tas2023.online/public_html/lib/base.php:1871] Base->call()
Sat, 26 Apr 2025 14:51:24 +0000 [174.211.98.120] [/home/u991737198/domains/tas2023.online/public_html/index.php:19] Base->run()
Sat, 26 Apr 2025 14:52:55 +0000 [2600:1006:b06c:5414:847e:4f8c:a2b1:41f4] 401: HTTP 401 (POST /note/edit) trace: [/home/u991737198/domains/tas2023.online/public_html/lib/access.php:112] Base->error()
Sat, 26 Apr 2025 14:52:55 +0000 [2600:1006:b06c:5414:847e:4f8c:a2b1:41f4] [/home/u991737198/domains/tas2023.online/public_html/app/controllers/Controller.php:78] Access->authorize()
Sat, 26 Apr 2025 14:52:55 +0000 [2600:1006:b06c:5414:847e:4f8c:a2b1:41f4] [/home/u991737198/domains/tas2023.online/public_html/lib/base.php:2069] Controller->beforeroute()
Sat, 26 Apr 2025 14:52:55 +0000 [2600:1006:b06c:5414:847e:4f8c:a2b1:41f4] [/home/u991737198/domains/tas2023.online/public_html/lib/base.php:1871] Base->call()
Sat, 26 Apr 2025 14:52:55 +0000 [2600:1006:b06c:5414:847e:4f8c:a2b1:41f4] [/home/u991737198/domains/tas2023.online/public_html/index.php:19] Base->run()
Sat, 26 Apr 2025 14:52:58 +0000 [2600:1006:b06c:5414:847e:4f8c:a2b1:41f4] 401: HTTP 401 (POST /note/edit) trace: [/home/u991737198/domains/tas2023.online/public_html/lib/access.php:112] Base->error()
Sat, 26 Apr 2025 14:52:58 +0000 [2600:1006:b06c:5414:847e:4f8c:a2b1:41f4] [/home/u991737198/domains/tas2023.online/public_html/app/controllers/Controller.php:78] Access->authorize()
Sat, 26 Apr 2025 14:52:58 +0000 [2600:1006:b06c:5414:847e:4f8c:a2b1:41f4] [/home/u991737198/domains/tas2023.online/public_html/lib/base.php:2069] Controller->beforeroute()
Sat, 26 Apr 2025 14:52:58 +0000 [2600:1006:b06c:5414:847e:4f8c:a2b1:41f4] [/home/u991737198/domains/tas2023.online/public_html/lib/base.php:1871] Base->call()
Sat, 26 Apr 2025 14:52:58 +0000 [2600:1006:b06c:5414:847e:4f8c:a2b1:41f4] [/home/u991737198/domains/tas2023.online/public_html/index.php:19] Base->run()
Sat, 26 Apr 2025 14:53:10 +0000 [2600:1006:b06c:5414:847e:4f8c:a2b1:41f4] 401: HTTP 401 (POST /note/edit) trace: [/home/u991737198/domains/tas2023.online/public_html/lib/access.php:112] Base->error()
Sat, 26 Apr 2025 14:53:10 +0000 [2600:1006:b06c:5414:847e:4f8c:a2b1:41f4] [/home/u991737198/domains/tas2023.online/public_html/app/controllers/Controller.php:78] Access->authorize()
Sat, 26 Apr 2025 14:53:10 +0000 [2600:1006:b06c:5414:847e:4f8c:a2b1:41f4] [/home/u991737198/domains/tas2023.online/public_html/lib/base.php:2069] Controller->beforeroute()
Sat, 26 Apr 2025 14:53:10 +0000 [2600:1006:b06c:5414:847e:4f8c:a2b1:41f4] [/home/u991737198/domains/tas2023.online/public_html/lib/base.php:1871] Base->call()
Sat, 26 Apr 2025 14:53:10 +0000 [2600:1006:b06c:5414:847e:4f8c:a2b1:41f4] [/home/u991737198/domains/tas2023.online/public_html/index.php:19] Base->run()
Sat, 26 Apr 2025 14:53:17 +0000 [2600:1006:b06c:5414:847e:4f8c:a2b1:41f4] 401: HTTP 401 (POST /note/edit) trace: [/home/u991737198/domains/tas2023.online/public_html/lib/access.php:112] Base->error()
Sat, 26 Apr 2025 14:53:17 +0000 [2600:1006:b06c:5414:847e:4f8c:a2b1:41f4] [/home/u991737198/domains/tas2023.online/public_html/app/controllers/Controller.php:78] Access->authorize()
Sat, 26 Apr 2025 14:53:17 +0000 [2600:1006:b06c:5414:847e:4f8c:a2b1:41f4] [/home/u991737198/domains/tas2023.online/public_html/lib/base.php:2069] Controller->beforeroute()
Sat, 26 Apr 2025 14:53:17 +0000 [2600:1006:b06c:5414:847e:4f8c:a2b1:41f4] [/home/u991737198/domains/tas2023.online/public_html/lib/base.php:1871] Base->call()
Sat, 26 Apr 2025 14:53:17 +0000 [2600:1006:b06c:5414:847e:4f8c:a2b1:41f4] [/home/u991737198/domains/tas2023.online/public_html/index.php:19] Base->run()
Sat, 26 Apr 2025 14:53:21 +0000 [2600:1006:b06c:5414:847e:4f8c:a2b1:41f4] 401: HTTP 401 (GET /note/find/258/445/102/project) trace: [/home/u991737198/domains/tas2023.online/public_html/lib/access.php:112] Base->error()
Sat, 26 Apr 2025 14:53:21 +0000 [2600:1006:b06c:5414:847e:4f8c:a2b1:41f4] [/home/u991737198/domains/tas2023.online/public_html/app/controllers/Controller.php:78] Access->authorize()
Sat, 26 Apr 2025 14:53:21 +0000 [2600:1006:b06c:5414:847e:4f8c:a2b1:41f4] [/home/u991737198/domains/tas2023.online/public_html/lib/base.php:2069] Controller->beforeroute()
Sat, 26 Apr 2025 14:53:21 +0000 [2600:1006:b06c:5414:847e:4f8c:a2b1:41f4] [/home/u991737198/domains/tas2023.online/public_html/lib/base.php:1871] Base->call()
Sat, 26 Apr 2025 14:53:21 +0000 [2600:1006:b06c:5414:847e:4f8c:a2b1:41f4] [/home/u991737198/domains/tas2023.online/public_html/index.php:19] Base->run()
Sat, 26 Apr 2025 14:53:40 +0000 [2600:1006:b06c:5414:847e:4f8c:a2b1:41f4] 500: Undefined variable $selected_note trace: [/home/u991737198/domains/tas2023.online/public_html/tmp/3hn69l4qoa804.3g8shy2588w00.php:385]
Sat, 26 Apr 2025 14:53:40 +0000 [2600:1006:b06c:5414:847e:4f8c:a2b1:41f4] [/home/u991737198/domains/tas2023.online/public_html/tmp/3hn69l4qoa804.3g8shy2588w00.php:385] Base->{closure}()
Sat, 26 Apr 2025 14:53:40 +0000 [2600:1006:b06c:5414:847e:4f8c:a2b1:41f4] [/home/u991737198/domains/tas2023.online/public_html/lib/base.php:3036] require('/home/u991737198/domains/tas2023.online/public_html/tmp/3hn69l4qoa804.3g8shy2588w00.php')
Sat, 26 Apr 2025 14:53:40 +0000 [2600:1006:b06c:5414:847e:4f8c:a2b1:41f4] [/home/u991737198/domains/tas2023.online/public_html/lib/base.php:3281] View->sandbox()
Sat, 26 Apr 2025 14:53:40 +0000 [2600:1006:b06c:5414:847e:4f8c:a2b1:41f4] [/home/u991737198/domains/tas2023.online/public_html/tmp/3hn69l4qoa804.3h31n1yj254w8.php:7] Preview->render()
Sat, 26 Apr 2025 14:53:40 +0000 [2600:1006:b06c:5414:847e:4f8c:a2b1:41f4] [/home/u991737198/domains/tas2023.online/public_html/lib/base.php:3036] require('/home/u991737198/domains/tas2023.online/public_html/tmp/3hn69l4qoa804.3h31n1yj254w8.php')
Sat, 26 Apr 2025 14:53:40 +0000 [2600:1006:b06c:5414:847e:4f8c:a2b1:41f4] [/home/u991737198/domains/tas2023.online/public_html/lib/base.php:3281] View->sandbox()
Sat, 26 Apr 2025 14:53:40 +0000 [2600:1006:b06c:5414:847e:4f8c:a2b1:41f4] [/home/u991737198/domains/tas2023.online/public_html/app/controllers/Controller.php:87] Preview->render()
Sat, 26 Apr 2025 14:53:40 +0000 [2600:1006:b06c:5414:847e:4f8c:a2b1:41f4] [/home/u991737198/domains/tas2023.online/public_html/lib/base.php:2078] Controller->afterroute()
Sat, 26 Apr 2025 14:53:40 +0000 [2600:1006:b06c:5414:847e:4f8c:a2b1:41f4] [/home/u991737198/domains/tas2023.online/public_html/lib/base.php:1871] Base->call()
Sat, 26 Apr 2025 14:53:40 +0000 [2600:1006:b06c:5414:847e:4f8c:a2b1:41f4] [/home/u991737198/domains/tas2023.online/public_html/index.php:19] Base->run()
Sat, 26 Apr 2025 14:53:42 +0000 [2600:1006:b06c:5414:847e:4f8c:a2b1:41f4] 401: HTTP 401 (GET /task/teamProductivity) trace: [/home/u991737198/domains/tas2023.online/public_html/lib/access.php:112] Base->error()
Sat, 26 Apr 2025 14:53:42 +0000 [2600:1006:b06c:5414:847e:4f8c:a2b1:41f4] [/home/u991737198/domains/tas2023.online/public_html/app/controllers/Controller.php:78] Access->authorize()
Sat, 26 Apr 2025 14:53:42 +0000 [2600:1006:b06c:5414:847e:4f8c:a2b1:41f4] [/home/u991737198/domains/tas2023.online/public_html/lib/base.php:2069] Controller->beforeroute()
Sat, 26 Apr 2025 14:53:42 +0000 [2600:1006:b06c:5414:847e:4f8c:a2b1:41f4] [/home/u991737198/domains/tas2023.online/public_html/lib/base.php:1871] Base->call()
Sat, 26 Apr 2025 14:53:42 +0000 [2600:1006:b06c:5414:847e:4f8c:a2b1:41f4] [/home/u991737198/domains/tas2023.online/public_html/index.php:19] Base->run()
Sat, 26 Apr 2025 14:54:22 +0000 [2600:1006:b06c:5414:847e:4f8c:a2b1:41f4] 401: HTTP 401 (POST /note/edit) trace: [/home/u991737198/domains/tas2023.online/public_html/lib/access.php:112] Base->error()
Sat, 26 Apr 2025 14:54:22 +0000 [2600:1006:b06c:5414:847e:4f8c:a2b1:41f4] [/home/u991737198/domains/tas2023.online/public_html/app/controllers/Controller.php:78] Access->authorize()
Sat, 26 Apr 2025 14:54:22 +0000 [2600:1006:b06c:5414:847e:4f8c:a2b1:41f4] [/home/u991737198/domains/tas2023.online/public_html/lib/base.php:2069] Controller->beforeroute()
Sat, 26 Apr 2025 14:54:22 +0000 [2600:1006:b06c:5414:847e:4f8c:a2b1:41f4] [/home/u991737198/domains/tas2023.online/public_html/lib/base.php:1871] Base->call()
Sat, 26 Apr 2025 14:54:22 +0000 [2600:1006:b06c:5414:847e:4f8c:a2b1:41f4] [/home/u991737198/domains/tas2023.online/public_html/index.php:19] Base->run()
Sat, 26 Apr 2025 16:22:22 +0000 [91.184.248.172] MAIL ERROR: SMTP Error: The following recipients failed: dpzt.m.z71@gmail.com: An email sent to this address has been rejected with the reason 'Mailbox does not exist' within the last 30 days. Check for typos in the email, or ensure that this subscriber is not a part of your mailing list. To send an email to this address, contact the support team once you are sure the mailbox has been created
Sat, 26 Apr 2025 18:34:06 +0000 [2600:1006:b06c:5414:847e:4f8c:a2b1:41f4] 401: HTTP 401 (GET /note/find/258/445/102/project) trace: [/home/u991737198/domains/tas2023.online/public_html/lib/access.php:112] Base->error()
Sat, 26 Apr 2025 18:34:06 +0000 [2600:1006:b06c:5414:847e:4f8c:a2b1:41f4] [/home/u991737198/domains/tas2023.online/public_html/app/controllers/Controller.php:78] Access->authorize()
Sat, 26 Apr 2025 18:34:06 +0000 [2600:1006:b06c:5414:847e:4f8c:a2b1:41f4] [/home/u991737198/domains/tas2023.online/public_html/lib/base.php:2069] Controller->beforeroute()
Sat, 26 Apr 2025 18:34:06 +0000 [2600:1006:b06c:5414:847e:4f8c:a2b1:41f4] [/home/u991737198/domains/tas2023.online/public_html/lib/base.php:1871] Base->call()
Sat, 26 Apr 2025 18:34:06 +0000 [2600:1006:b06c:5414:847e:4f8c:a2b1:41f4] [/home/u991737198/domains/tas2023.online/public_html/index.php:19] Base->run()
Sat, 26 Apr 2025 18:34:28 +0000 [2600:1006:b06c:5414:847e:4f8c:a2b1:41f4] 500: Undefined variable $selected_note trace: [/home/u991737198/domains/tas2023.online/public_html/tmp/3hn69l4qoa804.3g8shy2588w00.php:385]
Sat, 26 Apr 2025 18:34:28 +0000 [2600:1006:b06c:5414:847e:4f8c:a2b1:41f4] [/home/u991737198/domains/tas2023.online/public_html/tmp/3hn69l4qoa804.3g8shy2588w00.php:385] Base->{closure}()
Sat, 26 Apr 2025 18:34:28 +0000 [2600:1006:b06c:5414:847e:4f8c:a2b1:41f4] [/home/u991737198/domains/tas2023.online/public_html/lib/base.php:3036] require('/home/u991737198/domains/tas2023.online/public_html/tmp/3hn69l4qoa804.3g8shy2588w00.php')
Sat, 26 Apr 2025 18:34:28 +0000 [2600:1006:b06c:5414:847e:4f8c:a2b1:41f4] [/home/u991737198/domains/tas2023.online/public_html/lib/base.php:3281] View->sandbox()
Sat, 26 Apr 2025 18:34:28 +0000 [2600:1006:b06c:5414:847e:4f8c:a2b1:41f4] [/home/u991737198/domains/tas2023.online/public_html/tmp/3hn69l4qoa804.3h31n1yj254w8.php:7] Preview->render()
Sat, 26 Apr 2025 18:34:28 +0000 [2600:1006:b06c:5414:847e:4f8c:a2b1:41f4] [/home/u991737198/domains/tas2023.online/public_html/lib/base.php:3036] require('/home/u991737198/domains/tas2023.online/public_html/tmp/3hn69l4qoa804.3h31n1yj254w8.php')
Sat, 26 Apr 2025 18:34:28 +0000 [2600:1006:b06c:5414:847e:4f8c:a2b1:41f4] [/home/u991737198/domains/tas2023.online/public_html/lib/base.php:3281] View->sandbox()
Sat, 26 Apr 2025 18:34:28 +0000 [2600:1006:b06c:5414:847e:4f8c:a2b1:41f4] [/home/u991737198/domains/tas2023.online/public_html/app/controllers/Controller.php:87] Preview->render()
Sat, 26 Apr 2025 18:34:28 +0000 [2600:1006:b06c:5414:847e:4f8c:a2b1:41f4] [/home/u991737198/domains/tas2023.online/public_html/lib/base.php:2078] Controller->afterroute()
Sat, 26 Apr 2025 18:34:28 +0000 [2600:1006:b06c:5414:847e:4f8c:a2b1:41f4] [/home/u991737198/domains/tas2023.online/public_html/lib/base.php:1871] Base->call()
Sat, 26 Apr 2025 18:34:28 +0000 [2600:1006:b06c:5414:847e:4f8c:a2b1:41f4] [/home/u991737198/domains/tas2023.online/public_html/index.php:19] Base->run()
Sat, 26 Apr 2025 18:36:35 +0000 [2600:1006:b06c:5414:847e:4f8c:a2b1:41f4] 500: Undefined variable $selected_note trace: [/home/u991737198/domains/tas2023.online/public_html/tmp/3hn69l4qoa804.3g8shy2588w00.php:385]
Sat, 26 Apr 2025 18:36:35 +0000 [2600:1006:b06c:5414:847e:4f8c:a2b1:41f4] [/home/u991737198/domains/tas2023.online/public_html/tmp/3hn69l4qoa804.3g8shy2588w00.php:385] Base->{closure}()
Sat, 26 Apr 2025 18:36:35 +0000 [2600:1006:b06c:5414:847e:4f8c:a2b1:41f4] [/home/u991737198/domains/tas2023.online/public_html/lib/base.php:3036] require('/home/u991737198/domains/tas2023.online/public_html/tmp/3hn69l4qoa804.3g8shy2588w00.php')
Sat, 26 Apr 2025 18:36:35 +0000 [2600:1006:b06c:5414:847e:4f8c:a2b1:41f4] [/home/u991737198/domains/tas2023.online/public_html/lib/base.php:3281] View->sandbox()
Sat, 26 Apr 2025 18:36:35 +0000 [2600:1006:b06c:5414:847e:4f8c:a2b1:41f4] [/home/u991737198/domains/tas2023.online/public_html/tmp/3hn69l4qoa804.3h31n1yj254w8.php:7] Preview->render()
Sat, 26 Apr 2025 18:36:35 +0000 [2600:1006:b06c:5414:847e:4f8c:a2b1:41f4] [/home/u991737198/domains/tas2023.online/public_html/lib/base.php:3036] require('/home/u991737198/domains/tas2023.online/public_html/tmp/3hn69l4qoa804.3h31n1yj254w8.php')
Sat, 26 Apr 2025 18:36:35 +0000 [2600:1006:b06c:5414:847e:4f8c:a2b1:41f4] [/home/u991737198/domains/tas2023.online/public_html/lib/base.php:3281] View->sandbox()
Sat, 26 Apr 2025 18:36:35 +0000 [2600:1006:b06c:5414:847e:4f8c:a2b1:41f4] [/home/u991737198/domains/tas2023.online/public_html/app/controllers/Controller.php:87] Preview->render()
Sat, 26 Apr 2025 18:36:35 +0000 [2600:1006:b06c:5414:847e:4f8c:a2b1:41f4] [/home/u991737198/domains/tas2023.online/public_html/lib/base.php:2078] Controller->afterroute()
Sat, 26 Apr 2025 18:36:35 +0000 [2600:1006:b06c:5414:847e:4f8c:a2b1:41f4] [/home/u991737198/domains/tas2023.online/public_html/lib/base.php:1871] Base->call()
Sat, 26 Apr 2025 18:36:35 +0000 [2600:1006:b06c:5414:847e:4f8c:a2b1:41f4] [/home/u991737198/domains/tas2023.online/public_html/index.php:19] Base->run()
Sat, 26 Apr 2025 18:55:27 +0000 [2600:1006:b06c:5414:847e:4f8c:a2b1:41f4] 500: Undefined variable $selected_note trace: [/home/u991737198/domains/tas2023.online/public_html/tmp/3hn69l4qoa804.3g8shy2588w00.php:385]
Sat, 26 Apr 2025 18:55:27 +0000 [2600:1006:b06c:5414:847e:4f8c:a2b1:41f4] [/home/u991737198/domains/tas2023.online/public_html/tmp/3hn69l4qoa804.3g8shy2588w00.php:385] Base->{closure}()
Sat, 26 Apr 2025 18:55:27 +0000 [2600:1006:b06c:5414:847e:4f8c:a2b1:41f4] [/home/u991737198/domains/tas2023.online/public_html/lib/base.php:3036] require('/home/u991737198/domains/tas2023.online/public_html/tmp/3hn69l4qoa804.3g8shy2588w00.php')
Sat, 26 Apr 2025 18:55:27 +0000 [2600:1006:b06c:5414:847e:4f8c:a2b1:41f4] [/home/u991737198/domains/tas2023.online/public_html/lib/base.php:3281] View->sandbox()
Sat, 26 Apr 2025 18:55:27 +0000 [2600:1006:b06c:5414:847e:4f8c:a2b1:41f4] [/home/u991737198/domains/tas2023.online/public_html/tmp/3hn69l4qoa804.3h31n1yj254w8.php:7] Preview->render()
Sat, 26 Apr 2025 18:55:27 +0000 [2600:1006:b06c:5414:847e:4f8c:a2b1:41f4] [/home/u991737198/domains/tas2023.online/public_html/lib/base.php:3036] require('/home/u991737198/domains/tas2023.online/public_html/tmp/3hn69l4qoa804.3h31n1yj254w8.php')
Sat, 26 Apr 2025 18:55:27 +0000 [2600:1006:b06c:5414:847e:4f8c:a2b1:41f4] [/home/u991737198/domains/tas2023.online/public_html/lib/base.php:3281] View->sandbox()
Sat, 26 Apr 2025 18:55:27 +0000 [2600:1006:b06c:5414:847e:4f8c:a2b1:41f4] [/home/u991737198/domains/tas2023.online/public_html/app/controllers/Controller.php:87] Preview->render()
Sat, 26 Apr 2025 18:55:27 +0000 [2600:1006:b06c:5414:847e:4f8c:a2b1:41f4] [/home/u991737198/domains/tas2023.online/public_html/lib/base.php:2078] Controller->afterroute()
Sat, 26 Apr 2025 18:55:27 +0000 [2600:1006:b06c:5414:847e:4f8c:a2b1:41f4] [/home/u991737198/domains/tas2023.online/public_html/lib/base.php:1871] Base->call()
Sat, 26 Apr 2025 18:55:27 +0000 [2600:1006:b06c:5414:847e:4f8c:a2b1:41f4] [/home/u991737198/domains/tas2023.online/public_html/index.php:19] Base->run()
Sat, 26 Apr 2025 19:03:43 +0000 [2600:1006:b06c:5414:847e:4f8c:a2b1:41f4] 500: Undefined variable $selected_note trace: [/home/u991737198/domains/tas2023.online/public_html/tmp/3hn69l4qoa804.3g8shy2588w00.php:385]
Sat, 26 Apr 2025 19:03:43 +0000 [2600:1006:b06c:5414:847e:4f8c:a2b1:41f4] [/home/u991737198/domains/tas2023.online/public_html/tmp/3hn69l4qoa804.3g8shy2588w00.php:385] Base->{closure}()
Sat, 26 Apr 2025 19:03:43 +0000 [2600:1006:b06c:5414:847e:4f8c:a2b1:41f4] [/home/u991737198/domains/tas2023.online/public_html/lib/base.php:3036] require('/home/u991737198/domains/tas2023.online/public_html/tmp/3hn69l4qoa804.3g8shy2588w00.php')
Sat, 26 Apr 2025 19:03:43 +0000 [2600:1006:b06c:5414:847e:4f8c:a2b1:41f4] [/home/u991737198/domains/tas2023.online/public_html/lib/base.php:3281] View->sandbox()
Sat, 26 Apr 2025 19:03:43 +0000 [2600:1006:b06c:5414:847e:4f8c:a2b1:41f4] [/home/u991737198/domains/tas2023.online/public_html/tmp/3hn69l4qoa804.3h31n1yj254w8.php:7] Preview->render()
Sat, 26 Apr 2025 19:03:43 +0000 [2600:1006:b06c:5414:847e:4f8c:a2b1:41f4] [/home/u991737198/domains/tas2023.online/public_html/lib/base.php:3036] require('/home/u991737198/domains/tas2023.online/public_html/tmp/3hn69l4qoa804.3h31n1yj254w8.php')
Sat, 26 Apr 2025 19:03:43 +0000 [2600:1006:b06c:5414:847e:4f8c:a2b1:41f4] [/home/u991737198/domains/tas2023.online/public_html/lib/base.php:3281] View->sandbox()
Sat, 26 Apr 2025 19:03:43 +0000 [2600:1006:b06c:5414:847e:4f8c:a2b1:41f4] [/home/u991737198/domains/tas2023.online/public_html/app/controllers/Controller.php:87] Preview->render()
Sat, 26 Apr 2025 19:03:43 +0000 [2600:1006:b06c:5414:847e:4f8c:a2b1:41f4] [/home/u991737198/domains/tas2023.online/public_html/lib/base.php:2078] Controller->afterroute()
Sat, 26 Apr 2025 19:03:43 +0000 [2600:1006:b06c:5414:847e:4f8c:a2b1:41f4] [/home/u991737198/domains/tas2023.online/public_html/lib/base.php:1871] Base->call()
Sat, 26 Apr 2025 19:03:43 +0000 [2600:1006:b06c:5414:847e:4f8c:a2b1:41f4] [/home/u991737198/domains/tas2023.online/public_html/index.php:19] Base->run()
Sat, 26 Apr 2025 19:03:48 +0000 [2600:1006:b06c:5414:847e:4f8c:a2b1:41f4] 500: trim(): Passing null to parameter #1 ($string) of type string is deprecated trace: [/home/u991737198/domains/tas2023.online/public_html/tmp/3hn69l4qoa804.3g8shy2588w00.php:356]
Sat, 26 Apr 2025 19:03:48 +0000 [2600:1006:b06c:5414:847e:4f8c:a2b1:41f4] [/home/u991737198/domains/tas2023.online/public_html/tmp/3hn69l4qoa804.3g8shy2588w00.php:356] trim()
Sat, 26 Apr 2025 19:03:48 +0000 [2600:1006:b06c:5414:847e:4f8c:a2b1:41f4] [/home/u991737198/domains/tas2023.online/public_html/lib/base.php:3036] require('/home/u991737198/domains/tas2023.online/public_html/tmp/3hn69l4qoa804.3g8shy2588w00.php')
Sat, 26 Apr 2025 19:03:48 +0000 [2600:1006:b06c:5414:847e:4f8c:a2b1:41f4] [/home/u991737198/domains/tas2023.online/public_html/lib/base.php:3281] View->sandbox()
Sat, 26 Apr 2025 19:03:48 +0000 [2600:1006:b06c:5414:847e:4f8c:a2b1:41f4] [/home/u991737198/domains/tas2023.online/public_html/tmp/3hn69l4qoa804.3h31n1yj254w8.php:7] Preview->render()
Sat, 26 Apr 2025 19:03:48 +0000 [2600:1006:b06c:5414:847e:4f8c:a2b1:41f4] [/home/u991737198/domains/tas2023.online/public_html/lib/base.php:3036] require('/home/u991737198/domains/tas2023.online/public_html/tmp/3hn69l4qoa804.3h31n1yj254w8.php')
Sat, 26 Apr 2025 19:03:48 +0000 [2600:1006:b06c:5414:847e:4f8c:a2b1:41f4] [/home/u991737198/domains/tas2023.online/public_html/lib/base.php:3281] View->sandbox()
Sat, 26 Apr 2025 19:03:48 +0000 [2600:1006:b06c:5414:847e:4f8c:a2b1:41f4] [/home/u991737198/domains/tas2023.online/public_html/app/controllers/Controller.php:87] Preview->render()
Sat, 26 Apr 2025 19:03:48 +0000 [2600:1006:b06c:5414:847e:4f8c:a2b1:41f4] [/home/u991737198/domains/tas2023.online/public_html/lib/base.php:2078] Controller->afterroute()
Sat, 26 Apr 2025 19:03:48 +0000 [2600:1006:b06c:5414:847e:4f8c:a2b1:41f4] [/home/u991737198/domains/tas2023.online/public_html/lib/base.php:1871] Base->call()
Sat, 26 Apr 2025 19:03:48 +0000 [2600:1006:b06c:5414:847e:4f8c:a2b1:41f4] [/home/u991737198/domains/tas2023.online/public_html/index.php:19] Base->run()
Sat, 26 Apr 2025 19:04:09 +0000 [2600:1006:b06c:5414:847e:4f8c:a2b1:41f4] 500: Undefined variable $selected_note trace: [/home/u991737198/domains/tas2023.online/public_html/tmp/3hn69l4qoa804.3g8shy2588w00.php:385]
Sat, 26 Apr 2025 19:04:09 +0000 [2600:1006:b06c:5414:847e:4f8c:a2b1:41f4] [/home/u991737198/domains/tas2023.online/public_html/tmp/3hn69l4qoa804.3g8shy2588w00.php:385] Base->{closure}()
Sat, 26 Apr 2025 19:04:09 +0000 [2600:1006:b06c:5414:847e:4f8c:a2b1:41f4] [/home/u991737198/domains/tas2023.online/public_html/lib/base.php:3036] require('/home/u991737198/domains/tas2023.online/public_html/tmp/3hn69l4qoa804.3g8shy2588w00.php')
Sat, 26 Apr 2025 19:04:09 +0000 [2600:1006:b06c:5414:847e:4f8c:a2b1:41f4] [/home/u991737198/domains/tas2023.online/public_html/lib/base.php:3281] View->sandbox()
Sat, 26 Apr 2025 19:04:09 +0000 [2600:1006:b06c:5414:847e:4f8c:a2b1:41f4] [/home/u991737198/domains/tas2023.online/public_html/tmp/3hn69l4qoa804.3h31n1yj254w8.php:7] Preview->render()
Sat, 26 Apr 2025 19:04:09 +0000 [2600:1006:b06c:5414:847e:4f8c:a2b1:41f4] [/home/u991737198/domains/tas2023.online/public_html/lib/base.php:3036] require('/home/u991737198/domains/tas2023.online/public_html/tmp/3hn69l4qoa804.3h31n1yj254w8.php')
Sat, 26 Apr 2025 19:04:09 +0000 [2600:1006:b06c:5414:847e:4f8c:a2b1:41f4] [/home/u991737198/domains/tas2023.online/public_html/lib/base.php:3281] View->sandbox()
Sat, 26 Apr 2025 19:04:09 +0000 [2600:1006:b06c:5414:847e:4f8c:a2b1:41f4] [/home/u991737198/domains/tas2023.online/public_html/app/controllers/Controller.php:87] Preview->render()
Sat, 26 Apr 2025 19:04:09 +0000 [2600:1006:b06c:5414:847e:4f8c:a2b1:41f4] [/home/u991737198/domains/tas2023.online/public_html/lib/base.php:2078] Controller->afterroute()
Sat, 26 Apr 2025 19:04:09 +0000 [2600:1006:b06c:5414:847e:4f8c:a2b1:41f4] [/home/u991737198/domains/tas2023.online/public_html/lib/base.php:1871] Base->call()
Sat, 26 Apr 2025 19:04:09 +0000 [2600:1006:b06c:5414:847e:4f8c:a2b1:41f4] [/home/u991737198/domains/tas2023.online/public_html/index.php:19] Base->run()
Sat, 26 Apr 2025 19:04:28 +0000 [2600:1006:b06c:5414:847e:4f8c:a2b1:41f4] 500: trim(): Passing null to parameter #1 ($string) of type string is deprecated trace: [/home/u991737198/domains/tas2023.online/public_html/tmp/3hn69l4qoa804.3g8shy2588w00.php:356]
Sat, 26 Apr 2025 19:04:28 +0000 [2600:1006:b06c:5414:847e:4f8c:a2b1:41f4] [/home/u991737198/domains/tas2023.online/public_html/tmp/3hn69l4qoa804.3g8shy2588w00.php:356] trim()
Sat, 26 Apr 2025 19:04:28 +0000 [2600:1006:b06c:5414:847e:4f8c:a2b1:41f4] [/home/u991737198/domains/tas2023.online/public_html/lib/base.php:3036] require('/home/u991737198/domains/tas2023.online/public_html/tmp/3hn69l4qoa804.3g8shy2588w00.php')
Sat, 26 Apr 2025 19:04:28 +0000 [2600:1006:b06c:5414:847e:4f8c:a2b1:41f4] [/home/u991737198/domains/tas2023.online/public_html/lib/base.php:3281] View->sandbox()
Sat, 26 Apr 2025 19:04:28 +0000 [2600:1006:b06c:5414:847e:4f8c:a2b1:41f4] [/home/u991737198/domains/tas2023.online/public_html/tmp/3hn69l4qoa804.3h31n1yj254w8.php:7] Preview->render()
Sat, 26 Apr 2025 19:04:28 +0000 [2600:1006:b06c:5414:847e:4f8c:a2b1:41f4] [/home/u991737198/domains/tas2023.online/public_html/lib/base.php:3036] require('/home/u991737198/domains/tas2023.online/public_html/tmp/3hn69l4qoa804.3h31n1yj254w8.php')
Sat, 26 Apr 2025 19:04:28 +0000 [2600:1006:b06c:5414:847e:4f8c:a2b1:41f4] [/home/u991737198/domains/tas2023.online/public_html/lib/base.php:3281] View->sandbox()
Sat, 26 Apr 2025 19:04:28 +0000 [2600:1006:b06c:5414:847e:4f8c:a2b1:41f4] [/home/u991737198/domains/tas2023.online/public_html/app/controllers/Controller.php:87] Preview->render()
Sat, 26 Apr 2025 19:04:28 +0000 [2600:1006:b06c:5414:847e:4f8c:a2b1:41f4] [/home/u991737198/domains/tas2023.online/public_html/lib/base.php:2078] Controller->afterroute()
Sat, 26 Apr 2025 19:04:28 +0000 [2600:1006:b06c:5414:847e:4f8c:a2b1:41f4] [/home/u991737198/domains/tas2023.online/public_html/lib/base.php:1871] Base->call()
Sat, 26 Apr 2025 19:04:28 +0000 [2600:1006:b06c:5414:847e:4f8c:a2b1:41f4] [/home/u991737198/domains/tas2023.online/public_html/index.php:19] Base->run()
Sat, 26 Apr 2025 19:05:10 +0000 [2600:1006:b06c:5414:847e:4f8c:a2b1:41f4] 500: Undefined variable $selected_note trace: [/home/u991737198/domains/tas2023.online/public_html/tmp/3hn69l4qoa804.3g8shy2588w00.php:385]
Sat, 26 Apr 2025 19:05:10 +0000 [2600:1006:b06c:5414:847e:4f8c:a2b1:41f4] [/home/u991737198/domains/tas2023.online/public_html/tmp/3hn69l4qoa804.3g8shy2588w00.php:385] Base->{closure}()
Sat, 26 Apr 2025 19:05:10 +0000 [2600:1006:b06c:5414:847e:4f8c:a2b1:41f4] [/home/u991737198/domains/tas2023.online/public_html/lib/base.php:3036] require('/home/u991737198/domains/tas2023.online/public_html/tmp/3hn69l4qoa804.3g8shy2588w00.php')
Sat, 26 Apr 2025 19:05:10 +0000 [2600:1006:b06c:5414:847e:4f8c:a2b1:41f4] [/home/u991737198/domains/tas2023.online/public_html/lib/base.php:3281] View->sandbox()
Sat, 26 Apr 2025 19:05:10 +0000 [2600:1006:b06c:5414:847e:4f8c:a2b1:41f4] [/home/u991737198/domains/tas2023.online/public_html/tmp/3hn69l4qoa804.3h31n1yj254w8.php:7] Preview->render()
Sat, 26 Apr 2025 19:05:10 +0000 [2600:1006:b06c:5414:847e:4f8c:a2b1:41f4] [/home/u991737198/domains/tas2023.online/public_html/lib/base.php:3036] require('/home/u991737198/domains/tas2023.online/public_html/tmp/3hn69l4qoa804.3h31n1yj254w8.php')
Sat, 26 Apr 2025 19:05:10 +0000 [2600:1006:b06c:5414:847e:4f8c:a2b1:41f4] [/home/u991737198/domains/tas2023.online/public_html/lib/base.php:3281] View->sandbox()
Sat, 26 Apr 2025 19:05:10 +0000 [2600:1006:b06c:5414:847e:4f8c:a2b1:41f4] [/home/u991737198/domains/tas2023.online/public_html/app/controllers/Controller.php:87] Preview->render()
Sat, 26 Apr 2025 19:05:10 +0000 [2600:1006:b06c:5414:847e:4f8c:a2b1:41f4] [/home/u991737198/domains/tas2023.online/public_html/lib/base.php:2078] Controller->afterroute()
Sat, 26 Apr 2025 19:05:10 +0000 [2600:1006:b06c:5414:847e:4f8c:a2b1:41f4] [/home/u991737198/domains/tas2023.online/public_html/lib/base.php:1871] Base->call()
Sat, 26 Apr 2025 19:05:10 +0000 [2600:1006:b06c:5414:847e:4f8c:a2b1:41f4] [/home/u991737198/domains/tas2023.online/public_html/index.php:19] Base->run()
Sat, 26 Apr 2025 19:21:47 +0000 [185.130.251.131] 500: Undefined field activado trace: [lib/db/sql/mapper.php:132]
Sat, 26 Apr 2025 19:21:47 +0000 [185.130.251.131] [lib/db/sql/mapper.php:132] user_error()
Sat, 26 Apr 2025 19:21:47 +0000 [185.130.251.131] [lib/magic.php:89] DB\SQL\Mapper->get()
Sat, 26 Apr 2025 19:21:47 +0000 [185.130.251.131] [lib/magic.php:131] Magic->offsetget()
Sat, 26 Apr 2025 19:21:47 +0000 [185.130.251.131] [app/controllers/UserController.php:453] Magic->__get()
Sat, 26 Apr 2025 19:21:47 +0000 [185.130.251.131] [lib/base.php:2072] UserController->create()
Sat, 26 Apr 2025 19:21:47 +0000 [185.130.251.131] [lib/base.php:1871] Base->call()
Sat, 26 Apr 2025 19:21:47 +0000 [185.130.251.131] [index.php:19] Base->run()
Sat, 26 Apr 2025 20:55:32 +0000 [2600:1006:b06c:5414:847e:4f8c:a2b1:41f4] 401: HTTP 401 (GET /task/userNotesCount) trace: [/home/u991737198/domains/tas2023.online/public_html/lib/access.php:112] Base->error()
Sat, 26 Apr 2025 20:55:32 +0000 [2600:1006:b06c:5414:847e:4f8c:a2b1:41f4] 401: HTTP 401 (GET /task/taskDistribution) trace: [/home/u991737198/domains/tas2023.online/public_html/lib/access.php:112] Base->error()
Sat, 26 Apr 2025 20:55:32 +0000 [2600:1006:b06c:5414:847e:4f8c:a2b1:41f4] 401: HTTP 401 (GET /task/teamProductivity) trace: [/home/u991737198/domains/tas2023.online/public_html/lib/access.php:112] Base->error()
Sat, 26 Apr 2025 20:55:32 +0000 [2600:1006:b06c:5414:847e:4f8c:a2b1:41f4] 401: HTTP 401 (GET /task/taskData) trace: [/home/u991737198/domains/tas2023.online/public_html/lib/access.php:112] Base->error()
Sat, 26 Apr 2025 20:55:32 +0000 [2600:1006:b06c:5414:847e:4f8c:a2b1:41f4] [/home/u991737198/domains/tas2023.online/public_html/app/controllers/Controller.php:78] Access->authorize()
Sat, 26 Apr 2025 20:55:32 +0000 [2600:1006:b06c:5414:847e:4f8c:a2b1:41f4] [/home/u991737198/domains/tas2023.online/public_html/app/controllers/Controller.php:78] Access->authorize()
Sat, 26 Apr 2025 20:55:32 +0000 [2600:1006:b06c:5414:847e:4f8c:a2b1:41f4] [/home/u991737198/domains/tas2023.online/public_html/app/controllers/Controller.php:78] Access->authorize()
Sat, 26 Apr 2025 20:55:32 +0000 [2600:1006:b06c:5414:847e:4f8c:a2b1:41f4] [/home/u991737198/domains/tas2023.online/public_html/app/controllers/Controller.php:78] Access->authorize()
Sat, 26 Apr 2025 20:55:32 +0000 [2600:1006:b06c:5414:847e:4f8c:a2b1:41f4] [/home/u991737198/domains/tas2023.online/public_html/lib/base.php:2069] Controller->beforeroute()
Sat, 26 Apr 2025 20:55:32 +0000 [2600:1006:b06c:5414:847e:4f8c:a2b1:41f4] [/home/u991737198/domains/tas2023.online/public_html/lib/base.php:2069] Controller->beforeroute()
Sat, 26 Apr 2025 20:55:32 +0000 [2600:1006:b06c:5414:847e:4f8c:a2b1:41f4] [/home/u991737198/domains/tas2023.online/public_html/lib/base.php:2069] Controller->beforeroute()
Sat, 26 Apr 2025 20:55:32 +0000 [2600:1006:b06c:5414:847e:4f8c:a2b1:41f4] [/home/u991737198/domains/tas2023.online/public_html/lib/base.php:2069] Controller->beforeroute()
Sat, 26 Apr 2025 20:55:32 +0000 [2600:1006:b06c:5414:847e:4f8c:a2b1:41f4] [/home/u991737198/domains/tas2023.online/public_html/lib/base.php:1871] Base->call()
Sat, 26 Apr 2025 20:55:32 +0000 [2600:1006:b06c:5414:847e:4f8c:a2b1:41f4] [/home/u991737198/domains/tas2023.online/public_html/lib/base.php:1871] Base->call()
Sat, 26 Apr 2025 20:55:32 +0000 [2600:1006:b06c:5414:847e:4f8c:a2b1:41f4] [/home/u991737198/domains/tas2023.online/public_html/lib/base.php:1871] Base->call()
Sat, 26 Apr 2025 20:55:32 +0000 [2600:1006:b06c:5414:847e:4f8c:a2b1:41f4] [/home/u991737198/domains/tas2023.online/public_html/lib/base.php:1871] Base->call()
Sat, 26 Apr 2025 20:55:32 +0000 [2600:1006:b06c:5414:847e:4f8c:a2b1:41f4] [/home/u991737198/domains/tas2023.online/public_html/index.php:19] Base->run()
Sat, 26 Apr 2025 20:55:32 +0000 [2600:1006:b06c:5414:847e:4f8c:a2b1:41f4] [/home/u991737198/domains/tas2023.online/public_html/index.php:19] Base->run()
Sat, 26 Apr 2025 20:55:32 +0000 [2600:1006:b06c:5414:847e:4f8c:a2b1:41f4] [/home/u991737198/domains/tas2023.online/public_html/index.php:19] Base->run()
Sat, 26 Apr 2025 20:55:32 +0000 [2600:1006:b06c:5414:847e:4f8c:a2b1:41f4] [/home/u991737198/domains/tas2023.online/public_html/index.php:19] Base->run()
Sat, 26 Apr 2025 20:55:57 +0000 [2600:1006:b06c:5414:847e:4f8c:a2b1:41f4] 500: Undefined variable $selected_note trace: [/home/u991737198/domains/tas2023.online/public_html/tmp/3hn69l4qoa804.3g8shy2588w00.php:385]
Sat, 26 Apr 2025 20:55:57 +0000 [2600:1006:b06c:5414:847e:4f8c:a2b1:41f4] [/home/u991737198/domains/tas2023.online/public_html/tmp/3hn69l4qoa804.3g8shy2588w00.php:385] Base->{closure}()
Sat, 26 Apr 2025 20:55:57 +0000 [2600:1006:b06c:5414:847e:4f8c:a2b1:41f4] [/home/u991737198/domains/tas2023.online/public_html/lib/base.php:3036] require('/home/u991737198/domains/tas2023.online/public_html/tmp/3hn69l4qoa804.3g8shy2588w00.php')
Sat, 26 Apr 2025 20:55:57 +0000 [2600:1006:b06c:5414:847e:4f8c:a2b1:41f4] [/home/u991737198/domains/tas2023.online/public_html/lib/base.php:3281] View->sandbox()
Sat, 26 Apr 2025 20:55:57 +0000 [2600:1006:b06c:5414:847e:4f8c:a2b1:41f4] [/home/u991737198/domains/tas2023.online/public_html/tmp/3hn69l4qoa804.3h31n1yj254w8.php:7] Preview->render()
Sat, 26 Apr 2025 20:55:57 +0000 [2600:1006:b06c:5414:847e:4f8c:a2b1:41f4] [/home/u991737198/domains/tas2023.online/public_html/lib/base.php:3036] require('/home/u991737198/domains/tas2023.online/public_html/tmp/3hn69l4qoa804.3h31n1yj254w8.php')
Sat, 26 Apr 2025 20:55:57 +0000 [2600:1006:b06c:5414:847e:4f8c:a2b1:41f4] [/home/u991737198/domains/tas2023.online/public_html/lib/base.php:3281] View->sandbox()
Sat, 26 Apr 2025 20:55:57 +0000 [2600:1006:b06c:5414:847e:4f8c:a2b1:41f4] [/home/u991737198/domains/tas2023.online/public_html/app/controllers/Controller.php:87] Preview->render()
Sat, 26 Apr 2025 20:55:57 +0000 [2600:1006:b06c:5414:847e:4f8c:a2b1:41f4] [/home/u991737198/domains/tas2023.online/public_html/lib/base.php:2078] Controller->afterroute()
Sat, 26 Apr 2025 20:55:57 +0000 [2600:1006:b06c:5414:847e:4f8c:a2b1:41f4] [/home/u991737198/domains/tas2023.online/public_html/lib/base.php:1871] Base->call()
Sat, 26 Apr 2025 20:55:57 +0000 [2600:1006:b06c:5414:847e:4f8c:a2b1:41f4] [/home/u991737198/domains/tas2023.online/public_html/index.php:19] Base->run()
Sat, 26 Apr 2025 20:56:22 +0000 [2600:1006:b06c:5414:847e:4f8c:a2b1:41f4] 500: Undefined variable $selected_note trace: [/home/u991737198/domains/tas2023.online/public_html/tmp/3hn69l4qoa804.3g8shy2588w00.php:385]
Sat, 26 Apr 2025 20:56:22 +0000 [2600:1006:b06c:5414:847e:4f8c:a2b1:41f4] [/home/u991737198/domains/tas2023.online/public_html/tmp/3hn69l4qoa804.3g8shy2588w00.php:385] Base->{closure}()
Sat, 26 Apr 2025 20:56:22 +0000 [2600:1006:b06c:5414:847e:4f8c:a2b1:41f4] [/home/u991737198/domains/tas2023.online/public_html/lib/base.php:3036] require('/home/u991737198/domains/tas2023.online/public_html/tmp/3hn69l4qoa804.3g8shy2588w00.php')
Sat, 26 Apr 2025 20:56:22 +0000 [2600:1006:b06c:5414:847e:4f8c:a2b1:41f4] [/home/u991737198/domains/tas2023.online/public_html/lib/base.php:3281] View->sandbox()
Sat, 26 Apr 2025 20:56:22 +0000 [2600:1006:b06c:5414:847e:4f8c:a2b1:41f4] [/home/u991737198/domains/tas2023.online/public_html/tmp/3hn69l4qoa804.3h31n1yj254w8.php:7] Preview->render()
Sat, 26 Apr 2025 20:56:22 +0000 [2600:1006:b06c:5414:847e:4f8c:a2b1:41f4] [/home/u991737198/domains/tas2023.online/public_html/lib/base.php:3036] require('/home/u991737198/domains/tas2023.online/public_html/tmp/3hn69l4qoa804.3h31n1yj254w8.php')
Sat, 26 Apr 2025 20:56:22 +0000 [2600:1006:b06c:5414:847e:4f8c:a2b1:41f4] [/home/u991737198/domains/tas2023.online/public_html/lib/base.php:3281] View->sandbox()
Sat, 26 Apr 2025 20:56:22 +0000 [2600:1006:b06c:5414:847e:4f8c:a2b1:41f4] [/home/u991737198/domains/tas2023.online/public_html/app/controllers/Controller.php:87] Preview->render()
Sat, 26 Apr 2025 20:56:22 +0000 [2600:1006:b06c:5414:847e:4f8c:a2b1:41f4] [/home/u991737198/domains/tas2023.online/public_html/lib/base.php:2078] Controller->afterroute()
Sat, 26 Apr 2025 20:56:22 +0000 [2600:1006:b06c:5414:847e:4f8c:a2b1:41f4] [/home/u991737198/domains/tas2023.online/public_html/lib/base.php:1871] Base->call()
Sat, 26 Apr 2025 20:56:22 +0000 [2600:1006:b06c:5414:847e:4f8c:a2b1:41f4] [/home/u991737198/domains/tas2023.online/public_html/index.php:19] Base->run()
