Sat, 15 Feb 2025 20:01:18 -0500 [2603:9000:f801:55e2:f547:c672:f93b:ee9] 500: Undefined variable $selected_note trace: [/home/u991737198/domains/tas2023.online/public_html/tmp/3hn69l4qoa804.3g8shy2588w00.php:387]
Sat, 15 Feb 2025 20:01:18 -0500 [2603:9000:f801:55e2:f547:c672:f93b:ee9] [/home/u991737198/domains/tas2023.online/public_html/tmp/3hn69l4qoa804.3g8shy2588w00.php:387] Base->{closure}()
Sat, 15 Feb 2025 20:01:18 -0500 [2603:9000:f801:55e2:f547:c672:f93b:ee9] [/home/u991737198/domains/tas2023.online/public_html/lib/base.php:3036] require('/home/u991737198/domains/tas2023.online/public_html/tmp/3hn69l4qoa804.3g8shy2588w00.php')
Sat, 15 Feb 2025 20:01:18 -0500 [2603:9000:f801:55e2:f547:c672:f93b:ee9] [/home/u991737198/domains/tas2023.online/public_html/lib/base.php:3281] View->sandbox()
Sat, 15 Feb 2025 20:01:18 -0500 [2603:9000:f801:55e2:f547:c672:f93b:ee9] [/home/u991737198/domains/tas2023.online/public_html/tmp/3hn69l4qoa804.3h31n1yj254w8.php:7] Preview->render()
Sat, 15 Feb 2025 20:01:18 -0500 [2603:9000:f801:55e2:f547:c672:f93b:ee9] [/home/u991737198/domains/tas2023.online/public_html/lib/base.php:3036] require('/home/u991737198/domains/tas2023.online/public_html/tmp/3hn69l4qoa804.3h31n1yj254w8.php')
Sat, 15 Feb 2025 20:01:18 -0500 [2603:9000:f801:55e2:f547:c672:f93b:ee9] [/home/u991737198/domains/tas2023.online/public_html/lib/base.php:3281] View->sandbox()
Sat, 15 Feb 2025 20:01:18 -0500 [2603:9000:f801:55e2:f547:c672:f93b:ee9] [/home/u991737198/domains/tas2023.online/public_html/app/controllers/Controller.php:87] Preview->render()
Sat, 15 Feb 2025 20:01:18 -0500 [2603:9000:f801:55e2:f547:c672:f93b:ee9] [/home/u991737198/domains/tas2023.online/public_html/lib/base.php:2078] Controller->afterroute()
Sat, 15 Feb 2025 20:01:18 -0500 [2603:9000:f801:55e2:f547:c672:f93b:ee9] [/home/u991737198/domains/tas2023.online/public_html/lib/base.php:1871] Base->call()
Sat, 15 Feb 2025 20:01:18 -0500 [2603:9000:f801:55e2:f547:c672:f93b:ee9] [/home/u991737198/domains/tas2023.online/public_html/index.php:19] Base->run()
Sat, 15 Feb 2025 20:02:15 -0500 [2603:9000:f801:55e2:f547:c672:f93b:ee9] 500: Undefined variable $selected_note trace: [/home/u991737198/domains/tas2023.online/public_html/tmp/3hn69l4qoa804.3g8shy2588w00.php:387]
Sat, 15 Feb 2025 20:02:15 -0500 [2603:9000:f801:55e2:f547:c672:f93b:ee9] [/home/u991737198/domains/tas2023.online/public_html/tmp/3hn69l4qoa804.3g8shy2588w00.php:387] Base->{closure}()
Sat, 15 Feb 2025 20:02:15 -0500 [2603:9000:f801:55e2:f547:c672:f93b:ee9] [/home/u991737198/domains/tas2023.online/public_html/lib/base.php:3036] require('/home/u991737198/domains/tas2023.online/public_html/tmp/3hn69l4qoa804.3g8shy2588w00.php')
Sat, 15 Feb 2025 20:02:15 -0500 [2603:9000:f801:55e2:f547:c672:f93b:ee9] [/home/u991737198/domains/tas2023.online/public_html/lib/base.php:3281] View->sandbox()
Sat, 15 Feb 2025 20:02:15 -0500 [2603:9000:f801:55e2:f547:c672:f93b:ee9] [/home/u991737198/domains/tas2023.online/public_html/tmp/3hn69l4qoa804.3h31n1yj254w8.php:7] Preview->render()
Sat, 15 Feb 2025 20:02:15 -0500 [2603:9000:f801:55e2:f547:c672:f93b:ee9] [/home/u991737198/domains/tas2023.online/public_html/lib/base.php:3036] require('/home/u991737198/domains/tas2023.online/public_html/tmp/3hn69l4qoa804.3h31n1yj254w8.php')
Sat, 15 Feb 2025 20:02:15 -0500 [2603:9000:f801:55e2:f547:c672:f93b:ee9] [/home/u991737198/domains/tas2023.online/public_html/lib/base.php:3281] View->sandbox()
Sat, 15 Feb 2025 20:02:15 -0500 [2603:9000:f801:55e2:f547:c672:f93b:ee9] [/home/u991737198/domains/tas2023.online/public_html/app/controllers/Controller.php:87] Preview->render()
Sat, 15 Feb 2025 20:02:15 -0500 [2603:9000:f801:55e2:f547:c672:f93b:ee9] [/home/u991737198/domains/tas2023.online/public_html/lib/base.php:2078] Controller->afterroute()
Sat, 15 Feb 2025 20:02:15 -0500 [2603:9000:f801:55e2:f547:c672:f93b:ee9] [/home/u991737198/domains/tas2023.online/public_html/lib/base.php:1871] Base->call()
Sat, 15 Feb 2025 20:02:15 -0500 [2603:9000:f801:55e2:f547:c672:f93b:ee9] [/home/u991737198/domains/tas2023.online/public_html/index.php:19] Base->run()
Sat, 15 Feb 2025 20:02:31 -0500 [2603:9000:f801:55e2:f547:c672:f93b:ee9] 500: Undefined variable $selected_note trace: [/home/u991737198/domains/tas2023.online/public_html/tmp/3hn69l4qoa804.3g8shy2588w00.php:387]
Sat, 15 Feb 2025 20:02:31 -0500 [2603:9000:f801:55e2:f547:c672:f93b:ee9] [/home/u991737198/domains/tas2023.online/public_html/tmp/3hn69l4qoa804.3g8shy2588w00.php:387] Base->{closure}()
Sat, 15 Feb 2025 20:02:31 -0500 [2603:9000:f801:55e2:f547:c672:f93b:ee9] [/home/u991737198/domains/tas2023.online/public_html/lib/base.php:3036] require('/home/u991737198/domains/tas2023.online/public_html/tmp/3hn69l4qoa804.3g8shy2588w00.php')
Sat, 15 Feb 2025 20:02:31 -0500 [2603:9000:f801:55e2:f547:c672:f93b:ee9] [/home/u991737198/domains/tas2023.online/public_html/lib/base.php:3281] View->sandbox()
Sat, 15 Feb 2025 20:02:31 -0500 [2603:9000:f801:55e2:f547:c672:f93b:ee9] [/home/u991737198/domains/tas2023.online/public_html/tmp/3hn69l4qoa804.3h31n1yj254w8.php:7] Preview->render()
Sat, 15 Feb 2025 20:02:31 -0500 [2603:9000:f801:55e2:f547:c672:f93b:ee9] [/home/u991737198/domains/tas2023.online/public_html/lib/base.php:3036] require('/home/u991737198/domains/tas2023.online/public_html/tmp/3hn69l4qoa804.3h31n1yj254w8.php')
Sat, 15 Feb 2025 20:02:31 -0500 [2603:9000:f801:55e2:f547:c672:f93b:ee9] [/home/u991737198/domains/tas2023.online/public_html/lib/base.php:3281] View->sandbox()
Sat, 15 Feb 2025 20:02:31 -0500 [2603:9000:f801:55e2:f547:c672:f93b:ee9] [/home/u991737198/domains/tas2023.online/public_html/app/controllers/Controller.php:87] Preview->render()
Sat, 15 Feb 2025 20:02:31 -0500 [2603:9000:f801:55e2:f547:c672:f93b:ee9] [/home/u991737198/domains/tas2023.online/public_html/lib/base.php:2078] Controller->afterroute()
Sat, 15 Feb 2025 20:02:31 -0500 [2603:9000:f801:55e2:f547:c672:f93b:ee9] [/home/u991737198/domains/tas2023.online/public_html/lib/base.php:1871] Base->call()
Sat, 15 Feb 2025 20:02:31 -0500 [2603:9000:f801:55e2:f547:c672:f93b:ee9] [/home/u991737198/domains/tas2023.online/public_html/index.php:19] Base->run()
Sat, 15 Feb 2025 20:03:20 -0500 [2603:9000:f801:55e2:f547:c672:f93b:ee9] 500: Undefined variable $selected_note trace: [/home/u991737198/domains/tas2023.online/public_html/tmp/3hn69l4qoa804.3g8shy2588w00.php:387]
Sat, 15 Feb 2025 20:03:20 -0500 [2603:9000:f801:55e2:f547:c672:f93b:ee9] [/home/u991737198/domains/tas2023.online/public_html/tmp/3hn69l4qoa804.3g8shy2588w00.php:387] Base->{closure}()
Sat, 15 Feb 2025 20:03:20 -0500 [2603:9000:f801:55e2:f547:c672:f93b:ee9] [/home/u991737198/domains/tas2023.online/public_html/lib/base.php:3036] require('/home/u991737198/domains/tas2023.online/public_html/tmp/3hn69l4qoa804.3g8shy2588w00.php')
Sat, 15 Feb 2025 20:03:20 -0500 [2603:9000:f801:55e2:f547:c672:f93b:ee9] [/home/u991737198/domains/tas2023.online/public_html/lib/base.php:3281] View->sandbox()
Sat, 15 Feb 2025 20:03:20 -0500 [2603:9000:f801:55e2:f547:c672:f93b:ee9] [/home/u991737198/domains/tas2023.online/public_html/tmp/3hn69l4qoa804.3h31n1yj254w8.php:7] Preview->render()
Sat, 15 Feb 2025 20:03:20 -0500 [2603:9000:f801:55e2:f547:c672:f93b:ee9] [/home/u991737198/domains/tas2023.online/public_html/lib/base.php:3036] require('/home/u991737198/domains/tas2023.online/public_html/tmp/3hn69l4qoa804.3h31n1yj254w8.php')
Sat, 15 Feb 2025 20:03:20 -0500 [2603:9000:f801:55e2:f547:c672:f93b:ee9] [/home/u991737198/domains/tas2023.online/public_html/lib/base.php:3281] View->sandbox()
Sat, 15 Feb 2025 20:03:20 -0500 [2603:9000:f801:55e2:f547:c672:f93b:ee9] [/home/u991737198/domains/tas2023.online/public_html/app/controllers/Controller.php:87] Preview->render()
Sat, 15 Feb 2025 20:03:20 -0500 [2603:9000:f801:55e2:f547:c672:f93b:ee9] [/home/u991737198/domains/tas2023.online/public_html/lib/base.php:2078] Controller->afterroute()
Sat, 15 Feb 2025 20:03:20 -0500 [2603:9000:f801:55e2:f547:c672:f93b:ee9] [/home/u991737198/domains/tas2023.online/public_html/lib/base.php:1871] Base->call()
Sat, 15 Feb 2025 20:03:20 -0500 [2603:9000:f801:55e2:f547:c672:f93b:ee9] [/home/u991737198/domains/tas2023.online/public_html/index.php:19] Base->run()
Sat, 15 Feb 2025 20:03:37 -0500 [2603:9000:f801:55e2:f547:c672:f93b:ee9] 500: Undefined variable $selected_note trace: [/home/u991737198/domains/tas2023.online/public_html/tmp/3hn69l4qoa804.3g8shy2588w00.php:387]
Sat, 15 Feb 2025 20:03:37 -0500 [2603:9000:f801:55e2:f547:c672:f93b:ee9] [/home/u991737198/domains/tas2023.online/public_html/tmp/3hn69l4qoa804.3g8shy2588w00.php:387] Base->{closure}()
Sat, 15 Feb 2025 20:03:37 -0500 [2603:9000:f801:55e2:f547:c672:f93b:ee9] [/home/u991737198/domains/tas2023.online/public_html/lib/base.php:3036] require('/home/u991737198/domains/tas2023.online/public_html/tmp/3hn69l4qoa804.3g8shy2588w00.php')
Sat, 15 Feb 2025 20:03:37 -0500 [2603:9000:f801:55e2:f547:c672:f93b:ee9] [/home/u991737198/domains/tas2023.online/public_html/lib/base.php:3281] View->sandbox()
Sat, 15 Feb 2025 20:03:37 -0500 [2603:9000:f801:55e2:f547:c672:f93b:ee9] [/home/u991737198/domains/tas2023.online/public_html/tmp/3hn69l4qoa804.3h31n1yj254w8.php:7] Preview->render()
Sat, 15 Feb 2025 20:03:37 -0500 [2603:9000:f801:55e2:f547:c672:f93b:ee9] [/home/u991737198/domains/tas2023.online/public_html/lib/base.php:3036] require('/home/u991737198/domains/tas2023.online/public_html/tmp/3hn69l4qoa804.3h31n1yj254w8.php')
Sat, 15 Feb 2025 20:03:37 -0500 [2603:9000:f801:55e2:f547:c672:f93b:ee9] [/home/u991737198/domains/tas2023.online/public_html/lib/base.php:3281] View->sandbox()
Sat, 15 Feb 2025 20:03:37 -0500 [2603:9000:f801:55e2:f547:c672:f93b:ee9] [/home/u991737198/domains/tas2023.online/public_html/app/controllers/Controller.php:87] Preview->render()
Sat, 15 Feb 2025 20:03:37 -0500 [2603:9000:f801:55e2:f547:c672:f93b:ee9] [/home/u991737198/domains/tas2023.online/public_html/lib/base.php:2078] Controller->afterroute()
Sat, 15 Feb 2025 20:03:37 -0500 [2603:9000:f801:55e2:f547:c672:f93b:ee9] [/home/u991737198/domains/tas2023.online/public_html/lib/base.php:1871] Base->call()
Sat, 15 Feb 2025 20:03:37 -0500 [2603:9000:f801:55e2:f547:c672:f93b:ee9] [/home/u991737198/domains/tas2023.online/public_html/index.php:19] Base->run()
Sat, 15 Feb 2025 20:03:50 -0500 [2603:9000:f801:55e2:f547:c672:f93b:ee9] 500: Undefined variable $selected_note trace: [/home/u991737198/domains/tas2023.online/public_html/tmp/3hn69l4qoa804.3g8shy2588w00.php:387]
Sat, 15 Feb 2025 20:03:50 -0500 [2603:9000:f801:55e2:f547:c672:f93b:ee9] [/home/u991737198/domains/tas2023.online/public_html/tmp/3hn69l4qoa804.3g8shy2588w00.php:387] Base->{closure}()
Sat, 15 Feb 2025 20:03:50 -0500 [2603:9000:f801:55e2:f547:c672:f93b:ee9] [/home/u991737198/domains/tas2023.online/public_html/lib/base.php:3036] require('/home/u991737198/domains/tas2023.online/public_html/tmp/3hn69l4qoa804.3g8shy2588w00.php')
Sat, 15 Feb 2025 20:03:50 -0500 [2603:9000:f801:55e2:f547:c672:f93b:ee9] [/home/u991737198/domains/tas2023.online/public_html/lib/base.php:3281] View->sandbox()
Sat, 15 Feb 2025 20:03:50 -0500 [2603:9000:f801:55e2:f547:c672:f93b:ee9] [/home/u991737198/domains/tas2023.online/public_html/tmp/3hn69l4qoa804.3h31n1yj254w8.php:7] Preview->render()
Sat, 15 Feb 2025 20:03:50 -0500 [2603:9000:f801:55e2:f547:c672:f93b:ee9] [/home/u991737198/domains/tas2023.online/public_html/lib/base.php:3036] require('/home/u991737198/domains/tas2023.online/public_html/tmp/3hn69l4qoa804.3h31n1yj254w8.php')
Sat, 15 Feb 2025 20:03:50 -0500 [2603:9000:f801:55e2:f547:c672:f93b:ee9] [/home/u991737198/domains/tas2023.online/public_html/lib/base.php:3281] View->sandbox()
Sat, 15 Feb 2025 20:03:50 -0500 [2603:9000:f801:55e2:f547:c672:f93b:ee9] [/home/u991737198/domains/tas2023.online/public_html/app/controllers/Controller.php:87] Preview->render()
Sat, 15 Feb 2025 20:03:50 -0500 [2603:9000:f801:55e2:f547:c672:f93b:ee9] [/home/u991737198/domains/tas2023.online/public_html/lib/base.php:2078] Controller->afterroute()
Sat, 15 Feb 2025 20:03:50 -0500 [2603:9000:f801:55e2:f547:c672:f93b:ee9] [/home/u991737198/domains/tas2023.online/public_html/lib/base.php:1871] Base->call()
Sat, 15 Feb 2025 20:03:50 -0500 [2603:9000:f801:55e2:f547:c672:f93b:ee9] [/home/u991737198/domains/tas2023.online/public_html/index.php:19] Base->run()
Sat, 15 Feb 2025 23:46:19 -0500 [2603:9000:f801:55e2:d8da:52fe:3422:1c47] 401: HTTP 401 (GET /task/teamProductivity) trace: [/home/u991737198/domains/tas2023.online/public_html/lib/access.php:112] Base->error()
Sat, 15 Feb 2025 23:46:19 -0500 [2603:9000:f801:55e2:d8da:52fe:3422:1c47] [/home/u991737198/domains/tas2023.online/public_html/app/controllers/Controller.php:78] Access->authorize()
Sat, 15 Feb 2025 23:46:19 -0500 [2603:9000:f801:55e2:d8da:52fe:3422:1c47] 401: HTTP 401 (GET /task/taskDistribution) trace: [/home/u991737198/domains/tas2023.online/public_html/lib/access.php:112] Base->error()
Sat, 15 Feb 2025 23:46:19 -0500 [2603:9000:f801:55e2:d8da:52fe:3422:1c47] [/home/u991737198/domains/tas2023.online/public_html/lib/base.php:2069] Controller->beforeroute()
Sat, 15 Feb 2025 23:46:19 -0500 [2603:9000:f801:55e2:d8da:52fe:3422:1c47] 401: HTTP 401 (GET /task/taskData) trace: [/home/u991737198/domains/tas2023.online/public_html/lib/access.php:112] Base->error()
Sat, 15 Feb 2025 23:46:19 -0500 [2603:9000:f801:55e2:d8da:52fe:3422:1c47] [/home/u991737198/domains/tas2023.online/public_html/lib/base.php:1871] Base->call()
Sat, 15 Feb 2025 23:46:19 -0500 [2603:9000:f801:55e2:d8da:52fe:3422:1c47] [/home/u991737198/domains/tas2023.online/public_html/app/controllers/Controller.php:78] Access->authorize()
Sat, 15 Feb 2025 23:46:19 -0500 [2603:9000:f801:55e2:d8da:52fe:3422:1c47] [/home/u991737198/domains/tas2023.online/public_html/app/controllers/Controller.php:78] Access->authorize()
Sat, 15 Feb 2025 23:46:19 -0500 [2603:9000:f801:55e2:d8da:52fe:3422:1c47] [/home/u991737198/domains/tas2023.online/public_html/index.php:19] Base->run()
Sat, 15 Feb 2025 23:46:19 -0500 [2603:9000:f801:55e2:d8da:52fe:3422:1c47] [/home/u991737198/domains/tas2023.online/public_html/lib/base.php:2069] Controller->beforeroute()
Sat, 15 Feb 2025 23:46:19 -0500 [2603:9000:f801:55e2:d8da:52fe:3422:1c47] [/home/u991737198/domains/tas2023.online/public_html/lib/base.php:2069] Controller->beforeroute()
Sat, 15 Feb 2025 23:46:19 -0500 [2603:9000:f801:55e2:d8da:52fe:3422:1c47] [/home/u991737198/domains/tas2023.online/public_html/lib/base.php:1871] Base->call()
Sat, 15 Feb 2025 23:46:19 -0500 [2603:9000:f801:55e2:d8da:52fe:3422:1c47] [/home/u991737198/domains/tas2023.online/public_html/lib/base.php:1871] Base->call()
Sat, 15 Feb 2025 23:46:19 -0500 [2603:9000:f801:55e2:d8da:52fe:3422:1c47] [/home/u991737198/domains/tas2023.online/public_html/index.php:19] Base->run()
Sat, 15 Feb 2025 23:46:19 -0500 [2603:9000:f801:55e2:d8da:52fe:3422:1c47] [/home/u991737198/domains/tas2023.online/public_html/index.php:19] Base->run()
Sat, 15 Feb 2025 23:46:40 -0500 [2603:9000:f801:55e2:d8da:52fe:3422:1c47] 500: Undefined variable $selected_note trace: [/home/u991737198/domains/tas2023.online/public_html/tmp/3hn69l4qoa804.3g8shy2588w00.php:387]
Sat, 15 Feb 2025 23:46:40 -0500 [2603:9000:f801:55e2:d8da:52fe:3422:1c47] [/home/u991737198/domains/tas2023.online/public_html/tmp/3hn69l4qoa804.3g8shy2588w00.php:387] Base->{closure}()
Sat, 15 Feb 2025 23:46:40 -0500 [2603:9000:f801:55e2:d8da:52fe:3422:1c47] [/home/u991737198/domains/tas2023.online/public_html/lib/base.php:3036] require('/home/u991737198/domains/tas2023.online/public_html/tmp/3hn69l4qoa804.3g8shy2588w00.php')
Sat, 15 Feb 2025 23:46:40 -0500 [2603:9000:f801:55e2:d8da:52fe:3422:1c47] [/home/u991737198/domains/tas2023.online/public_html/lib/base.php:3281] View->sandbox()
Sat, 15 Feb 2025 23:46:40 -0500 [2603:9000:f801:55e2:d8da:52fe:3422:1c47] [/home/u991737198/domains/tas2023.online/public_html/tmp/3hn69l4qoa804.3h31n1yj254w8.php:7] Preview->render()
Sat, 15 Feb 2025 23:46:40 -0500 [2603:9000:f801:55e2:d8da:52fe:3422:1c47] [/home/u991737198/domains/tas2023.online/public_html/lib/base.php:3036] require('/home/u991737198/domains/tas2023.online/public_html/tmp/3hn69l4qoa804.3h31n1yj254w8.php')
Sat, 15 Feb 2025 23:46:40 -0500 [2603:9000:f801:55e2:d8da:52fe:3422:1c47] [/home/u991737198/domains/tas2023.online/public_html/lib/base.php:3281] View->sandbox()
Sat, 15 Feb 2025 23:46:40 -0500 [2603:9000:f801:55e2:d8da:52fe:3422:1c47] [/home/u991737198/domains/tas2023.online/public_html/app/controllers/Controller.php:87] Preview->render()
Sat, 15 Feb 2025 23:46:40 -0500 [2603:9000:f801:55e2:d8da:52fe:3422:1c47] [/home/u991737198/domains/tas2023.online/public_html/lib/base.php:2078] Controller->afterroute()
Sat, 15 Feb 2025 23:46:40 -0500 [2603:9000:f801:55e2:d8da:52fe:3422:1c47] [/home/u991737198/domains/tas2023.online/public_html/lib/base.php:1871] Base->call()
Sat, 15 Feb 2025 23:46:40 -0500 [2603:9000:f801:55e2:d8da:52fe:3422:1c47] [/home/u991737198/domains/tas2023.online/public_html/index.php:19] Base->run()
Sat, 15 Feb 2025 23:48:23 -0500 [2603:9000:f801:55e2:d8da:52fe:3422:1c47] 500: Undefined variable $selected_note trace: [/home/u991737198/domains/tas2023.online/public_html/tmp/3hn69l4qoa804.3g8shy2588w00.php:387]
Sat, 15 Feb 2025 23:48:23 -0500 [2603:9000:f801:55e2:d8da:52fe:3422:1c47] [/home/u991737198/domains/tas2023.online/public_html/tmp/3hn69l4qoa804.3g8shy2588w00.php:387] Base->{closure}()
Sat, 15 Feb 2025 23:48:23 -0500 [2603:9000:f801:55e2:d8da:52fe:3422:1c47] [/home/u991737198/domains/tas2023.online/public_html/lib/base.php:3036] require('/home/u991737198/domains/tas2023.online/public_html/tmp/3hn69l4qoa804.3g8shy2588w00.php')
Sat, 15 Feb 2025 23:48:23 -0500 [2603:9000:f801:55e2:d8da:52fe:3422:1c47] [/home/u991737198/domains/tas2023.online/public_html/lib/base.php:3281] View->sandbox()
Sat, 15 Feb 2025 23:48:23 -0500 [2603:9000:f801:55e2:d8da:52fe:3422:1c47] [/home/u991737198/domains/tas2023.online/public_html/tmp/3hn69l4qoa804.3h31n1yj254w8.php:7] Preview->render()
Sat, 15 Feb 2025 23:48:23 -0500 [2603:9000:f801:55e2:d8da:52fe:3422:1c47] [/home/u991737198/domains/tas2023.online/public_html/lib/base.php:3036] require('/home/u991737198/domains/tas2023.online/public_html/tmp/3hn69l4qoa804.3h31n1yj254w8.php')
Sat, 15 Feb 2025 23:48:23 -0500 [2603:9000:f801:55e2:d8da:52fe:3422:1c47] [/home/u991737198/domains/tas2023.online/public_html/lib/base.php:3281] View->sandbox()
Sat, 15 Feb 2025 23:48:23 -0500 [2603:9000:f801:55e2:d8da:52fe:3422:1c47] [/home/u991737198/domains/tas2023.online/public_html/app/controllers/Controller.php:87] Preview->render()
Sat, 15 Feb 2025 23:48:23 -0500 [2603:9000:f801:55e2:d8da:52fe:3422:1c47] [/home/u991737198/domains/tas2023.online/public_html/lib/base.php:2078] Controller->afterroute()
Sat, 15 Feb 2025 23:48:23 -0500 [2603:9000:f801:55e2:d8da:52fe:3422:1c47] [/home/u991737198/domains/tas2023.online/public_html/lib/base.php:1871] Base->call()
Sat, 15 Feb 2025 23:48:23 -0500 [2603:9000:f801:55e2:d8da:52fe:3422:1c47] [/home/u991737198/domains/tas2023.online/public_html/index.php:19] Base->run()
Sat, 15 Feb 2025 23:48:39 -0500 [2603:9000:f801:55e2:d8da:52fe:3422:1c47] 500: Undefined variable $selected_note trace: [/home/u991737198/domains/tas2023.online/public_html/tmp/3hn69l4qoa804.3g8shy2588w00.php:387]
Sat, 15 Feb 2025 23:48:39 -0500 [2603:9000:f801:55e2:d8da:52fe:3422:1c47] [/home/u991737198/domains/tas2023.online/public_html/tmp/3hn69l4qoa804.3g8shy2588w00.php:387] Base->{closure}()
Sat, 15 Feb 2025 23:48:39 -0500 [2603:9000:f801:55e2:d8da:52fe:3422:1c47] [/home/u991737198/domains/tas2023.online/public_html/lib/base.php:3036] require('/home/u991737198/domains/tas2023.online/public_html/tmp/3hn69l4qoa804.3g8shy2588w00.php')
Sat, 15 Feb 2025 23:48:39 -0500 [2603:9000:f801:55e2:d8da:52fe:3422:1c47] [/home/u991737198/domains/tas2023.online/public_html/lib/base.php:3281] View->sandbox()
Sat, 15 Feb 2025 23:48:39 -0500 [2603:9000:f801:55e2:d8da:52fe:3422:1c47] [/home/u991737198/domains/tas2023.online/public_html/tmp/3hn69l4qoa804.3h31n1yj254w8.php:7] Preview->render()
Sat, 15 Feb 2025 23:48:39 -0500 [2603:9000:f801:55e2:d8da:52fe:3422:1c47] [/home/u991737198/domains/tas2023.online/public_html/lib/base.php:3036] require('/home/u991737198/domains/tas2023.online/public_html/tmp/3hn69l4qoa804.3h31n1yj254w8.php')
Sat, 15 Feb 2025 23:48:39 -0500 [2603:9000:f801:55e2:d8da:52fe:3422:1c47] [/home/u991737198/domains/tas2023.online/public_html/lib/base.php:3281] View->sandbox()
Sat, 15 Feb 2025 23:48:39 -0500 [2603:9000:f801:55e2:d8da:52fe:3422:1c47] [/home/u991737198/domains/tas2023.online/public_html/app/controllers/Controller.php:87] Preview->render()
Sat, 15 Feb 2025 23:48:39 -0500 [2603:9000:f801:55e2:d8da:52fe:3422:1c47] [/home/u991737198/domains/tas2023.online/public_html/lib/base.php:2078] Controller->afterroute()
Sat, 15 Feb 2025 23:48:39 -0500 [2603:9000:f801:55e2:d8da:52fe:3422:1c47] [/home/u991737198/domains/tas2023.online/public_html/lib/base.php:1871] Base->call()
Sat, 15 Feb 2025 23:48:39 -0500 [2603:9000:f801:55e2:d8da:52fe:3422:1c47] [/home/u991737198/domains/tas2023.online/public_html/index.php:19] Base->run()
Sat, 15 Feb 2025 23:49:10 -0500 [2603:9000:f801:55e2:d8da:52fe:3422:1c47] 500: Undefined variable $selected_note trace: [/home/u991737198/domains/tas2023.online/public_html/tmp/3hn69l4qoa804.3g8shy2588w00.php:387]
Sat, 15 Feb 2025 23:49:10 -0500 [2603:9000:f801:55e2:d8da:52fe:3422:1c47] [/home/u991737198/domains/tas2023.online/public_html/tmp/3hn69l4qoa804.3g8shy2588w00.php:387] Base->{closure}()
Sat, 15 Feb 2025 23:49:10 -0500 [2603:9000:f801:55e2:d8da:52fe:3422:1c47] [/home/u991737198/domains/tas2023.online/public_html/lib/base.php:3036] require('/home/u991737198/domains/tas2023.online/public_html/tmp/3hn69l4qoa804.3g8shy2588w00.php')
Sat, 15 Feb 2025 23:49:10 -0500 [2603:9000:f801:55e2:d8da:52fe:3422:1c47] [/home/u991737198/domains/tas2023.online/public_html/lib/base.php:3281] View->sandbox()
Sat, 15 Feb 2025 23:49:10 -0500 [2603:9000:f801:55e2:d8da:52fe:3422:1c47] [/home/u991737198/domains/tas2023.online/public_html/tmp/3hn69l4qoa804.3h31n1yj254w8.php:7] Preview->render()
Sat, 15 Feb 2025 23:49:10 -0500 [2603:9000:f801:55e2:d8da:52fe:3422:1c47] [/home/u991737198/domains/tas2023.online/public_html/lib/base.php:3036] require('/home/u991737198/domains/tas2023.online/public_html/tmp/3hn69l4qoa804.3h31n1yj254w8.php')
Sat, 15 Feb 2025 23:49:10 -0500 [2603:9000:f801:55e2:d8da:52fe:3422:1c47] [/home/u991737198/domains/tas2023.online/public_html/lib/base.php:3281] View->sandbox()
Sat, 15 Feb 2025 23:49:10 -0500 [2603:9000:f801:55e2:d8da:52fe:3422:1c47] [/home/u991737198/domains/tas2023.online/public_html/app/controllers/Controller.php:87] Preview->render()
Sat, 15 Feb 2025 23:49:10 -0500 [2603:9000:f801:55e2:d8da:52fe:3422:1c47] [/home/u991737198/domains/tas2023.online/public_html/lib/base.php:2078] Controller->afterroute()
Sat, 15 Feb 2025 23:49:10 -0500 [2603:9000:f801:55e2:d8da:52fe:3422:1c47] [/home/u991737198/domains/tas2023.online/public_html/lib/base.php:1871] Base->call()
Sat, 15 Feb 2025 23:49:10 -0500 [2603:9000:f801:55e2:d8da:52fe:3422:1c47] [/home/u991737198/domains/tas2023.online/public_html/index.php:19] Base->run()
Sat, 15 Feb 2025 23:50:02 -0500 [2603:9000:f801:55e2:d8da:52fe:3422:1c47] 500: Undefined variable $selected_note trace: [/home/u991737198/domains/tas2023.online/public_html/tmp/3hn69l4qoa804.3g8shy2588w00.php:387]
Sat, 15 Feb 2025 23:50:02 -0500 [2603:9000:f801:55e2:d8da:52fe:3422:1c47] [/home/u991737198/domains/tas2023.online/public_html/tmp/3hn69l4qoa804.3g8shy2588w00.php:387] Base->{closure}()
Sat, 15 Feb 2025 23:50:02 -0500 [2603:9000:f801:55e2:d8da:52fe:3422:1c47] [/home/u991737198/domains/tas2023.online/public_html/lib/base.php:3036] require('/home/u991737198/domains/tas2023.online/public_html/tmp/3hn69l4qoa804.3g8shy2588w00.php')
Sat, 15 Feb 2025 23:50:02 -0500 [2603:9000:f801:55e2:d8da:52fe:3422:1c47] [/home/u991737198/domains/tas2023.online/public_html/lib/base.php:3281] View->sandbox()
Sat, 15 Feb 2025 23:50:02 -0500 [2603:9000:f801:55e2:d8da:52fe:3422:1c47] [/home/u991737198/domains/tas2023.online/public_html/tmp/3hn69l4qoa804.3h31n1yj254w8.php:7] Preview->render()
Sat, 15 Feb 2025 23:50:02 -0500 [2603:9000:f801:55e2:d8da:52fe:3422:1c47] [/home/u991737198/domains/tas2023.online/public_html/lib/base.php:3036] require('/home/u991737198/domains/tas2023.online/public_html/tmp/3hn69l4qoa804.3h31n1yj254w8.php')
Sat, 15 Feb 2025 23:50:02 -0500 [2603:9000:f801:55e2:d8da:52fe:3422:1c47] [/home/u991737198/domains/tas2023.online/public_html/lib/base.php:3281] View->sandbox()
Sat, 15 Feb 2025 23:50:02 -0500 [2603:9000:f801:55e2:d8da:52fe:3422:1c47] [/home/u991737198/domains/tas2023.online/public_html/app/controllers/Controller.php:87] Preview->render()
Sat, 15 Feb 2025 23:50:02 -0500 [2603:9000:f801:55e2:d8da:52fe:3422:1c47] [/home/u991737198/domains/tas2023.online/public_html/lib/base.php:2078] Controller->afterroute()
Sat, 15 Feb 2025 23:50:02 -0500 [2603:9000:f801:55e2:d8da:52fe:3422:1c47] [/home/u991737198/domains/tas2023.online/public_html/lib/base.php:1871] Base->call()
Sat, 15 Feb 2025 23:50:02 -0500 [2603:9000:f801:55e2:d8da:52fe:3422:1c47] [/home/u991737198/domains/tas2023.online/public_html/index.php:19] Base->run()
Sat, 15 Feb 2025 23:57:12 -0500 [2603:9000:f801:55e2:d8da:52fe:3422:1c47] 500: Undefined variable $selected_note trace: [/home/u991737198/domains/tas2023.online/public_html/tmp/3hn69l4qoa804.3g8shy2588w00.php:387]
Sat, 15 Feb 2025 23:57:12 -0500 [2603:9000:f801:55e2:d8da:52fe:3422:1c47] [/home/u991737198/domains/tas2023.online/public_html/tmp/3hn69l4qoa804.3g8shy2588w00.php:387] Base->{closure}()
Sat, 15 Feb 2025 23:57:12 -0500 [2603:9000:f801:55e2:d8da:52fe:3422:1c47] [/home/u991737198/domains/tas2023.online/public_html/lib/base.php:3036] require('/home/u991737198/domains/tas2023.online/public_html/tmp/3hn69l4qoa804.3g8shy2588w00.php')
Sat, 15 Feb 2025 23:57:12 -0500 [2603:9000:f801:55e2:d8da:52fe:3422:1c47] [/home/u991737198/domains/tas2023.online/public_html/lib/base.php:3281] View->sandbox()
Sat, 15 Feb 2025 23:57:12 -0500 [2603:9000:f801:55e2:d8da:52fe:3422:1c47] [/home/u991737198/domains/tas2023.online/public_html/tmp/3hn69l4qoa804.3h31n1yj254w8.php:7] Preview->render()
Sat, 15 Feb 2025 23:57:12 -0500 [2603:9000:f801:55e2:d8da:52fe:3422:1c47] [/home/u991737198/domains/tas2023.online/public_html/lib/base.php:3036] require('/home/u991737198/domains/tas2023.online/public_html/tmp/3hn69l4qoa804.3h31n1yj254w8.php')
Sat, 15 Feb 2025 23:57:12 -0500 [2603:9000:f801:55e2:d8da:52fe:3422:1c47] [/home/u991737198/domains/tas2023.online/public_html/lib/base.php:3281] View->sandbox()
Sat, 15 Feb 2025 23:57:12 -0500 [2603:9000:f801:55e2:d8da:52fe:3422:1c47] [/home/u991737198/domains/tas2023.online/public_html/app/controllers/Controller.php:87] Preview->render()
Sat, 15 Feb 2025 23:57:12 -0500 [2603:9000:f801:55e2:d8da:52fe:3422:1c47] [/home/u991737198/domains/tas2023.online/public_html/lib/base.php:2078] Controller->afterroute()
Sat, 15 Feb 2025 23:57:12 -0500 [2603:9000:f801:55e2:d8da:52fe:3422:1c47] [/home/u991737198/domains/tas2023.online/public_html/lib/base.php:1871] Base->call()
Sat, 15 Feb 2025 23:57:12 -0500 [2603:9000:f801:55e2:d8da:52fe:3422:1c47] [/home/u991737198/domains/tas2023.online/public_html/index.php:19] Base->run()
Sat, 15 Feb 2025 23:57:30 -0500 [2603:9000:f801:55e2:d8da:52fe:3422:1c47] 500: Undefined variable $selected_note trace: [/home/u991737198/domains/tas2023.online/public_html/tmp/3hn69l4qoa804.3g8shy2588w00.php:387]
Sat, 15 Feb 2025 23:57:30 -0500 [2603:9000:f801:55e2:d8da:52fe:3422:1c47] [/home/u991737198/domains/tas2023.online/public_html/tmp/3hn69l4qoa804.3g8shy2588w00.php:387] Base->{closure}()
Sat, 15 Feb 2025 23:57:30 -0500 [2603:9000:f801:55e2:d8da:52fe:3422:1c47] [/home/u991737198/domains/tas2023.online/public_html/lib/base.php:3036] require('/home/u991737198/domains/tas2023.online/public_html/tmp/3hn69l4qoa804.3g8shy2588w00.php')
Sat, 15 Feb 2025 23:57:30 -0500 [2603:9000:f801:55e2:d8da:52fe:3422:1c47] [/home/u991737198/domains/tas2023.online/public_html/lib/base.php:3281] View->sandbox()
Sat, 15 Feb 2025 23:57:30 -0500 [2603:9000:f801:55e2:d8da:52fe:3422:1c47] [/home/u991737198/domains/tas2023.online/public_html/tmp/3hn69l4qoa804.3h31n1yj254w8.php:7] Preview->render()
Sat, 15 Feb 2025 23:57:30 -0500 [2603:9000:f801:55e2:d8da:52fe:3422:1c47] [/home/u991737198/domains/tas2023.online/public_html/lib/base.php:3036] require('/home/u991737198/domains/tas2023.online/public_html/tmp/3hn69l4qoa804.3h31n1yj254w8.php')
Sat, 15 Feb 2025 23:57:30 -0500 [2603:9000:f801:55e2:d8da:52fe:3422:1c47] [/home/u991737198/domains/tas2023.online/public_html/lib/base.php:3281] View->sandbox()
Sat, 15 Feb 2025 23:57:30 -0500 [2603:9000:f801:55e2:d8da:52fe:3422:1c47] [/home/u991737198/domains/tas2023.online/public_html/app/controllers/Controller.php:87] Preview->render()
Sat, 15 Feb 2025 23:57:30 -0500 [2603:9000:f801:55e2:d8da:52fe:3422:1c47] [/home/u991737198/domains/tas2023.online/public_html/lib/base.php:2078] Controller->afterroute()
Sat, 15 Feb 2025 23:57:30 -0500 [2603:9000:f801:55e2:d8da:52fe:3422:1c47] [/home/u991737198/domains/tas2023.online/public_html/lib/base.php:1871] Base->call()
Sat, 15 Feb 2025 23:57:30 -0500 [2603:9000:f801:55e2:d8da:52fe:3422:1c47] [/home/u991737198/domains/tas2023.online/public_html/index.php:19] Base->run()
