Thu, 25 Sep 2025 13:26:34 +0000 [2603:9000:f801:55e2:4d65:fa86:b34a:98b1] 500: Undefined variable $selected_note trace: [/home/u991737198/domains/tas2023.online/public_html/tmp/3hn69l4qoa804.3g8shy2588w00.php:385]
Thu, 25 Sep 2025 13:26:34 +0000 [2603:9000:f801:55e2:4d65:fa86:b34a:98b1] [/home/u991737198/domains/tas2023.online/public_html/tmp/3hn69l4qoa804.3g8shy2588w00.php:385] Base->{closure}()
Thu, 25 Sep 2025 13:26:34 +0000 [2603:9000:f801:55e2:4d65:fa86:b34a:98b1] [/home/u991737198/domains/tas2023.online/public_html/lib/base.php:3036] require('/home/u991737198/domains/tas2023.online/public_html/tmp/3hn69l4qoa804.3g8shy2588w00.php')
Thu, 25 Sep 2025 13:26:34 +0000 [2603:9000:f801:55e2:4d65:fa86:b34a:98b1] [/home/u991737198/domains/tas2023.online/public_html/lib/base.php:3281] View->sandbox()
Thu, 25 Sep 2025 13:26:34 +0000 [2603:9000:f801:55e2:4d65:fa86:b34a:98b1] [/home/u991737198/domains/tas2023.online/public_html/tmp/3hn69l4qoa804.3h31n1yj254w8.php:7] Preview->render()
Thu, 25 Sep 2025 13:26:34 +0000 [2603:9000:f801:55e2:4d65:fa86:b34a:98b1] [/home/u991737198/domains/tas2023.online/public_html/lib/base.php:3036] require('/home/u991737198/domains/tas2023.online/public_html/tmp/3hn69l4qoa804.3h31n1yj254w8.php')
Thu, 25 Sep 2025 13:26:34 +0000 [2603:9000:f801:55e2:4d65:fa86:b34a:98b1] [/home/u991737198/domains/tas2023.online/public_html/lib/base.php:3281] View->sandbox()
Thu, 25 Sep 2025 13:26:34 +0000 [2603:9000:f801:55e2:4d65:fa86:b34a:98b1] [/home/u991737198/domains/tas2023.online/public_html/app/controllers/Controller.php:87] Preview->render()
Thu, 25 Sep 2025 13:26:34 +0000 [2603:9000:f801:55e2:4d65:fa86:b34a:98b1] [/home/u991737198/domains/tas2023.online/public_html/lib/base.php:2078] Controller->afterroute()
Thu, 25 Sep 2025 13:26:34 +0000 [2603:9000:f801:55e2:4d65:fa86:b34a:98b1] [/home/u991737198/domains/tas2023.online/public_html/lib/base.php:1871] Base->call()
Thu, 25 Sep 2025 13:26:34 +0000 [2603:9000:f801:55e2:4d65:fa86:b34a:98b1] [/home/u991737198/domains/tas2023.online/public_html/index.php:19] Base->run()
Thu, 25 Sep 2025 13:26:43 +0000 [2603:9000:f801:55e2:4d65:fa86:b34a:98b1] 500: Undefined variable $fechapicker trace: [/home/u991737198/domains/tas2023.online/public_html/tmp/3hn69l4qoa804.22phmm30e0u84.php:334]
Thu, 25 Sep 2025 13:26:43 +0000 [2603:9000:f801:55e2:4d65:fa86:b34a:98b1] [/home/u991737198/domains/tas2023.online/public_html/tmp/3hn69l4qoa804.22phmm30e0u84.php:334] Base->{closure}()
Thu, 25 Sep 2025 13:26:43 +0000 [2603:9000:f801:55e2:4d65:fa86:b34a:98b1] [/home/u991737198/domains/tas2023.online/public_html/lib/base.php:3036] require('/home/u991737198/domains/tas2023.online/public_html/tmp/3hn69l4qoa804.22phmm30e0u84.php')
Thu, 25 Sep 2025 13:26:43 +0000 [2603:9000:f801:55e2:4d65:fa86:b34a:98b1] [/home/u991737198/domains/tas2023.online/public_html/lib/base.php:3281] View->sandbox()
Thu, 25 Sep 2025 13:26:43 +0000 [2603:9000:f801:55e2:4d65:fa86:b34a:98b1] [/home/u991737198/domains/tas2023.online/public_html/tmp/3hn69l4qoa804.3h31n1yj254w8.php:7] Preview->render()
Thu, 25 Sep 2025 13:26:43 +0000 [2603:9000:f801:55e2:4d65:fa86:b34a:98b1] [/home/u991737198/domains/tas2023.online/public_html/lib/base.php:3036] require('/home/u991737198/domains/tas2023.online/public_html/tmp/3hn69l4qoa804.3h31n1yj254w8.php')
Thu, 25 Sep 2025 13:26:43 +0000 [2603:9000:f801:55e2:4d65:fa86:b34a:98b1] [/home/u991737198/domains/tas2023.online/public_html/lib/base.php:3281] View->sandbox()
Thu, 25 Sep 2025 13:26:43 +0000 [2603:9000:f801:55e2:4d65:fa86:b34a:98b1] [/home/u991737198/domains/tas2023.online/public_html/app/controllers/Controller.php:87] Preview->render()
Thu, 25 Sep 2025 13:26:43 +0000 [2603:9000:f801:55e2:4d65:fa86:b34a:98b1] [/home/u991737198/domains/tas2023.online/public_html/lib/base.php:2078] Controller->afterroute()
Thu, 25 Sep 2025 13:26:43 +0000 [2603:9000:f801:55e2:4d65:fa86:b34a:98b1] [/home/u991737198/domains/tas2023.online/public_html/lib/base.php:1871] Base->call()
Thu, 25 Sep 2025 13:26:43 +0000 [2603:9000:f801:55e2:4d65:fa86:b34a:98b1] [/home/u991737198/domains/tas2023.online/public_html/index.php:19] Base->run()
Thu, 25 Sep 2025 13:27:15 +0000 [2603:9000:f801:55e2:4d65:fa86:b34a:98b1] 500: Undefined variable $selected_note trace: [/home/u991737198/domains/tas2023.online/public_html/tmp/3hn69l4qoa804.3g8shy2588w00.php:385]
Thu, 25 Sep 2025 13:27:15 +0000 [2603:9000:f801:55e2:4d65:fa86:b34a:98b1] [/home/u991737198/domains/tas2023.online/public_html/tmp/3hn69l4qoa804.3g8shy2588w00.php:385] Base->{closure}()
Thu, 25 Sep 2025 13:27:15 +0000 [2603:9000:f801:55e2:4d65:fa86:b34a:98b1] [/home/u991737198/domains/tas2023.online/public_html/lib/base.php:3036] require('/home/u991737198/domains/tas2023.online/public_html/tmp/3hn69l4qoa804.3g8shy2588w00.php')
Thu, 25 Sep 2025 13:27:15 +0000 [2603:9000:f801:55e2:4d65:fa86:b34a:98b1] [/home/u991737198/domains/tas2023.online/public_html/lib/base.php:3281] View->sandbox()
Thu, 25 Sep 2025 13:27:15 +0000 [2603:9000:f801:55e2:4d65:fa86:b34a:98b1] [/home/u991737198/domains/tas2023.online/public_html/tmp/3hn69l4qoa804.3h31n1yj254w8.php:7] Preview->render()
Thu, 25 Sep 2025 13:27:15 +0000 [2603:9000:f801:55e2:4d65:fa86:b34a:98b1] [/home/u991737198/domains/tas2023.online/public_html/lib/base.php:3036] require('/home/u991737198/domains/tas2023.online/public_html/tmp/3hn69l4qoa804.3h31n1yj254w8.php')
Thu, 25 Sep 2025 13:27:15 +0000 [2603:9000:f801:55e2:4d65:fa86:b34a:98b1] [/home/u991737198/domains/tas2023.online/public_html/lib/base.php:3281] View->sandbox()
Thu, 25 Sep 2025 13:27:15 +0000 [2603:9000:f801:55e2:4d65:fa86:b34a:98b1] [/home/u991737198/domains/tas2023.online/public_html/app/controllers/Controller.php:87] Preview->render()
Thu, 25 Sep 2025 13:27:15 +0000 [2603:9000:f801:55e2:4d65:fa86:b34a:98b1] [/home/u991737198/domains/tas2023.online/public_html/lib/base.php:2078] Controller->afterroute()
Thu, 25 Sep 2025 13:27:15 +0000 [2603:9000:f801:55e2:4d65:fa86:b34a:98b1] [/home/u991737198/domains/tas2023.online/public_html/lib/base.php:1871] Base->call()
Thu, 25 Sep 2025 13:27:15 +0000 [2603:9000:f801:55e2:4d65:fa86:b34a:98b1] [/home/u991737198/domains/tas2023.online/public_html/index.php:19] Base->run()
