Fri, 11 Jul 2025 10:35:48 +0000 [2601:300:4b80:1b0:780c:2e75:a87e:4e4] 401: HTTP 401 (GET /task/taskData) trace: [/home/u991737198/domains/tas2023.online/public_html/lib/access.php:112] Base->error()
Fri, 11 Jul 2025 10:35:48 +0000 [2601:300:4b80:1b0:780c:2e75:a87e:4e4] [/home/u991737198/domains/tas2023.online/public_html/app/controllers/Controller.php:78] Access->authorize()
Fri, 11 Jul 2025 10:35:48 +0000 [2601:300:4b80:1b0:780c:2e75:a87e:4e4] [/home/u991737198/domains/tas2023.online/public_html/lib/base.php:2069] Controller->beforeroute()
Fri, 11 Jul 2025 10:35:48 +0000 [2601:300:4b80:1b0:780c:2e75:a87e:4e4] [/home/u991737198/domains/tas2023.online/public_html/lib/base.php:1871] Base->call()
Fri, 11 Jul 2025 10:35:48 +0000 [2601:300:4b80:1b0:780c:2e75:a87e:4e4] 401: HTTP 401 (GET /task/teamProductivity) trace: [/home/u991737198/domains/tas2023.online/public_html/lib/access.php:112] Base->error()
Fri, 11 Jul 2025 10:35:48 +0000 [2601:300:4b80:1b0:780c:2e75:a87e:4e4] [/home/u991737198/domains/tas2023.online/public_html/index.php:19] Base->run()
Fri, 11 Jul 2025 10:35:48 +0000 [2601:300:4b80:1b0:780c:2e75:a87e:4e4] [/home/u991737198/domains/tas2023.online/public_html/app/controllers/Controller.php:78] Access->authorize()
Fri, 11 Jul 2025 10:35:48 +0000 [2601:300:4b80:1b0:780c:2e75:a87e:4e4] [/home/u991737198/domains/tas2023.online/public_html/lib/base.php:2069] Controller->beforeroute()
Fri, 11 Jul 2025 10:35:48 +0000 [2601:300:4b80:1b0:780c:2e75:a87e:4e4] [/home/u991737198/domains/tas2023.online/public_html/lib/base.php:1871] Base->call()
Fri, 11 Jul 2025 10:35:48 +0000 [2601:300:4b80:1b0:780c:2e75:a87e:4e4] 401: HTTP 401 (GET /task/userNotesCount) trace: [/home/u991737198/domains/tas2023.online/public_html/lib/access.php:112] Base->error()
Fri, 11 Jul 2025 10:35:48 +0000 [2601:300:4b80:1b0:780c:2e75:a87e:4e4] 401: HTTP 401 (GET /task/taskDistribution) trace: [/home/u991737198/domains/tas2023.online/public_html/lib/access.php:112] Base->error()
Fri, 11 Jul 2025 10:35:48 +0000 [2601:300:4b80:1b0:780c:2e75:a87e:4e4] [/home/u991737198/domains/tas2023.online/public_html/index.php:19] Base->run()
Fri, 11 Jul 2025 10:35:48 +0000 [2601:300:4b80:1b0:780c:2e75:a87e:4e4] [/home/u991737198/domains/tas2023.online/public_html/app/controllers/Controller.php:78] Access->authorize()
Fri, 11 Jul 2025 10:35:48 +0000 [2601:300:4b80:1b0:780c:2e75:a87e:4e4] [/home/u991737198/domains/tas2023.online/public_html/app/controllers/Controller.php:78] Access->authorize()
Fri, 11 Jul 2025 10:35:48 +0000 [2601:300:4b80:1b0:780c:2e75:a87e:4e4] [/home/u991737198/domains/tas2023.online/public_html/lib/base.php:2069] Controller->beforeroute()
Fri, 11 Jul 2025 10:35:48 +0000 [2601:300:4b80:1b0:780c:2e75:a87e:4e4] [/home/u991737198/domains/tas2023.online/public_html/lib/base.php:2069] Controller->beforeroute()
Fri, 11 Jul 2025 10:35:48 +0000 [2601:300:4b80:1b0:780c:2e75:a87e:4e4] [/home/u991737198/domains/tas2023.online/public_html/lib/base.php:1871] Base->call()
Fri, 11 Jul 2025 10:35:48 +0000 [2601:300:4b80:1b0:780c:2e75:a87e:4e4] [/home/u991737198/domains/tas2023.online/public_html/lib/base.php:1871] Base->call()
Fri, 11 Jul 2025 10:35:48 +0000 [2601:300:4b80:1b0:780c:2e75:a87e:4e4] [/home/u991737198/domains/tas2023.online/public_html/index.php:19] Base->run()
Fri, 11 Jul 2025 10:35:48 +0000 [2601:300:4b80:1b0:780c:2e75:a87e:4e4] [/home/u991737198/domains/tas2023.online/public_html/index.php:19] Base->run()
Fri, 11 Jul 2025 10:38:35 +0000 [2601:300:4b80:1b0:780c:2e75:a87e:4e4] 401: HTTP 401 (GET /task/taskData) trace: [/home/u991737198/domains/tas2023.online/public_html/lib/access.php:112] Base->error()
Fri, 11 Jul 2025 10:38:35 +0000 [2601:300:4b80:1b0:780c:2e75:a87e:4e4] [/home/u991737198/domains/tas2023.online/public_html/app/controllers/Controller.php:78] Access->authorize()
Fri, 11 Jul 2025 10:38:35 +0000 [2601:300:4b80:1b0:780c:2e75:a87e:4e4] [/home/u991737198/domains/tas2023.online/public_html/lib/base.php:2069] Controller->beforeroute()
Fri, 11 Jul 2025 10:38:35 +0000 [2601:300:4b80:1b0:780c:2e75:a87e:4e4] [/home/u991737198/domains/tas2023.online/public_html/lib/base.php:1871] Base->call()
Fri, 11 Jul 2025 10:38:35 +0000 [2601:300:4b80:1b0:780c:2e75:a87e:4e4] [/home/u991737198/domains/tas2023.online/public_html/index.php:19] Base->run()
Fri, 11 Jul 2025 10:38:35 +0000 [2601:300:4b80:1b0:780c:2e75:a87e:4e4] 401: HTTP 401 (GET /task/userNotesCount) trace: [/home/u991737198/domains/tas2023.online/public_html/lib/access.php:112] Base->error()
Fri, 11 Jul 2025 10:38:35 +0000 [2601:300:4b80:1b0:780c:2e75:a87e:4e4] [/home/u991737198/domains/tas2023.online/public_html/app/controllers/Controller.php:78] Access->authorize()
Fri, 11 Jul 2025 10:38:35 +0000 [2601:300:4b80:1b0:780c:2e75:a87e:4e4] 401: HTTP 401 (GET /task/taskDistribution) trace: [/home/u991737198/domains/tas2023.online/public_html/lib/access.php:112] Base->error()
Fri, 11 Jul 2025 10:38:35 +0000 [2601:300:4b80:1b0:780c:2e75:a87e:4e4] [/home/u991737198/domains/tas2023.online/public_html/lib/base.php:2069] Controller->beforeroute()
Fri, 11 Jul 2025 10:38:35 +0000 [2601:300:4b80:1b0:780c:2e75:a87e:4e4] [/home/u991737198/domains/tas2023.online/public_html/app/controllers/Controller.php:78] Access->authorize()
Fri, 11 Jul 2025 10:38:35 +0000 [2601:300:4b80:1b0:780c:2e75:a87e:4e4] [/home/u991737198/domains/tas2023.online/public_html/lib/base.php:2069] Controller->beforeroute()
Fri, 11 Jul 2025 10:38:35 +0000 [2601:300:4b80:1b0:780c:2e75:a87e:4e4] [/home/u991737198/domains/tas2023.online/public_html/lib/base.php:1871] Base->call()
Fri, 11 Jul 2025 10:38:35 +0000 [2601:300:4b80:1b0:780c:2e75:a87e:4e4] [/home/u991737198/domains/tas2023.online/public_html/lib/base.php:1871] Base->call()
Fri, 11 Jul 2025 10:38:35 +0000 [2601:300:4b80:1b0:780c:2e75:a87e:4e4] [/home/u991737198/domains/tas2023.online/public_html/index.php:19] Base->run()
Fri, 11 Jul 2025 10:38:35 +0000 [2601:300:4b80:1b0:780c:2e75:a87e:4e4] [/home/u991737198/domains/tas2023.online/public_html/index.php:19] Base->run()
Fri, 11 Jul 2025 10:38:35 +0000 [2601:300:4b80:1b0:780c:2e75:a87e:4e4] 401: HTTP 401 (GET /task/teamProductivity) trace: [/home/u991737198/domains/tas2023.online/public_html/lib/access.php:112] Base->error()
Fri, 11 Jul 2025 10:38:35 +0000 [2601:300:4b80:1b0:780c:2e75:a87e:4e4] [/home/u991737198/domains/tas2023.online/public_html/app/controllers/Controller.php:78] Access->authorize()
Fri, 11 Jul 2025 10:38:35 +0000 [2601:300:4b80:1b0:780c:2e75:a87e:4e4] [/home/u991737198/domains/tas2023.online/public_html/lib/base.php:2069] Controller->beforeroute()
Fri, 11 Jul 2025 10:38:35 +0000 [2601:300:4b80:1b0:780c:2e75:a87e:4e4] [/home/u991737198/domains/tas2023.online/public_html/lib/base.php:1871] Base->call()
Fri, 11 Jul 2025 10:38:35 +0000 [2601:300:4b80:1b0:780c:2e75:a87e:4e4] [/home/u991737198/domains/tas2023.online/public_html/index.php:19] Base->run()
Fri, 11 Jul 2025 10:41:07 +0000 [2601:300:4b80:1b0:780c:2e75:a87e:4e4] 401: HTTP 401 (GET /task/taskData) trace: [/home/u991737198/domains/tas2023.online/public_html/lib/access.php:112] Base->error()
Fri, 11 Jul 2025 10:41:07 +0000 [2601:300:4b80:1b0:780c:2e75:a87e:4e4] 401: HTTP 401 (GET /task/taskDistribution) trace: [/home/u991737198/domains/tas2023.online/public_html/lib/access.php:112] Base->error()
Fri, 11 Jul 2025 10:41:07 +0000 [2601:300:4b80:1b0:780c:2e75:a87e:4e4] 401: HTTP 401 (GET /task/teamProductivity) trace: [/home/u991737198/domains/tas2023.online/public_html/lib/access.php:112] Base->error()
Fri, 11 Jul 2025 10:41:07 +0000 [2601:300:4b80:1b0:780c:2e75:a87e:4e4] [/home/u991737198/domains/tas2023.online/public_html/app/controllers/Controller.php:78] Access->authorize()
Fri, 11 Jul 2025 10:41:07 +0000 [2601:300:4b80:1b0:780c:2e75:a87e:4e4] [/home/u991737198/domains/tas2023.online/public_html/app/controllers/Controller.php:78] Access->authorize()
Fri, 11 Jul 2025 10:41:07 +0000 [2601:300:4b80:1b0:780c:2e75:a87e:4e4] [/home/u991737198/domains/tas2023.online/public_html/app/controllers/Controller.php:78] Access->authorize()
Fri, 11 Jul 2025 10:41:07 +0000 [2601:300:4b80:1b0:780c:2e75:a87e:4e4] 401: HTTP 401 (GET /task/userNotesCount) trace: [/home/u991737198/domains/tas2023.online/public_html/lib/access.php:112] Base->error()
Fri, 11 Jul 2025 10:41:07 +0000 [2601:300:4b80:1b0:780c:2e75:a87e:4e4] [/home/u991737198/domains/tas2023.online/public_html/lib/base.php:2069] Controller->beforeroute()
Fri, 11 Jul 2025 10:41:07 +0000 [2601:300:4b80:1b0:780c:2e75:a87e:4e4] [/home/u991737198/domains/tas2023.online/public_html/lib/base.php:2069] Controller->beforeroute()
Fri, 11 Jul 2025 10:41:07 +0000 [2601:300:4b80:1b0:780c:2e75:a87e:4e4] [/home/u991737198/domains/tas2023.online/public_html/lib/base.php:2069] Controller->beforeroute()
Fri, 11 Jul 2025 10:41:07 +0000 [2601:300:4b80:1b0:780c:2e75:a87e:4e4] [/home/u991737198/domains/tas2023.online/public_html/app/controllers/Controller.php:78] Access->authorize()
Fri, 11 Jul 2025 10:41:07 +0000 [2601:300:4b80:1b0:780c:2e75:a87e:4e4] [/home/u991737198/domains/tas2023.online/public_html/lib/base.php:1871] Base->call()
Fri, 11 Jul 2025 10:41:07 +0000 [2601:300:4b80:1b0:780c:2e75:a87e:4e4] [/home/u991737198/domains/tas2023.online/public_html/lib/base.php:1871] Base->call()
Fri, 11 Jul 2025 10:41:07 +0000 [2601:300:4b80:1b0:780c:2e75:a87e:4e4] [/home/u991737198/domains/tas2023.online/public_html/lib/base.php:2069] Controller->beforeroute()
Fri, 11 Jul 2025 10:41:07 +0000 [2601:300:4b80:1b0:780c:2e75:a87e:4e4] [/home/u991737198/domains/tas2023.online/public_html/index.php:19] Base->run()
Fri, 11 Jul 2025 10:41:07 +0000 [2601:300:4b80:1b0:780c:2e75:a87e:4e4] [/home/u991737198/domains/tas2023.online/public_html/lib/base.php:1871] Base->call()
Fri, 11 Jul 2025 10:41:07 +0000 [2601:300:4b80:1b0:780c:2e75:a87e:4e4] [/home/u991737198/domains/tas2023.online/public_html/index.php:19] Base->run()
Fri, 11 Jul 2025 10:41:07 +0000 [2601:300:4b80:1b0:780c:2e75:a87e:4e4] [/home/u991737198/domains/tas2023.online/public_html/index.php:19] Base->run()
Fri, 11 Jul 2025 10:41:07 +0000 [2601:300:4b80:1b0:780c:2e75:a87e:4e4] [/home/u991737198/domains/tas2023.online/public_html/lib/base.php:1871] Base->call()
Fri, 11 Jul 2025 10:41:07 +0000 [2601:300:4b80:1b0:780c:2e75:a87e:4e4] [/home/u991737198/domains/tas2023.online/public_html/index.php:19] Base->run()
Fri, 11 Jul 2025 15:17:11 +0000 [94.198.52.229] 500: Undefined field activado trace: [lib/db/sql/mapper.php:132]
Fri, 11 Jul 2025 15:17:11 +0000 [94.198.52.229] [lib/db/sql/mapper.php:132] user_error()
Fri, 11 Jul 2025 15:17:11 +0000 [94.198.52.229] [lib/magic.php:89] DB\SQL\Mapper->get()
Fri, 11 Jul 2025 15:17:11 +0000 [94.198.52.229] [lib/magic.php:131] Magic->offsetget()
Fri, 11 Jul 2025 15:17:11 +0000 [94.198.52.229] [app/controllers/UserController.php:453] Magic->__get()
Fri, 11 Jul 2025 15:17:11 +0000 [94.198.52.229] [lib/base.php:2072] UserController->create()
Fri, 11 Jul 2025 15:17:11 +0000 [94.198.52.229] [lib/base.php:1871] Base->call()
Fri, 11 Jul 2025 15:17:11 +0000 [94.198.52.229] [index.php:19] Base->run()
