Sun, 02 Mar 2025 14:58:13 +0000 [2600:1006:b013:be8:c902:abe4:2138:81c1] 401: HTTP 401 (GET /task/taskData) trace: [/home/u991737198/domains/tas2023.online/public_html/lib/access.php:112] Base->error()
Sun, 02 Mar 2025 14:58:13 +0000 [2600:1006:b013:be8:c902:abe4:2138:81c1] 401: HTTP 401 (GET /task/taskDistribution) trace: [/home/u991737198/domains/tas2023.online/public_html/lib/access.php:112] Base->error()
Sun, 02 Mar 2025 14:58:13 +0000 [2600:1006:b013:be8:c902:abe4:2138:81c1] 401: HTTP 401 (GET /task/teamProductivity) trace: [/home/u991737198/domains/tas2023.online/public_html/lib/access.php:112] Base->error()
Sun, 02 Mar 2025 14:58:13 +0000 [2600:1006:b013:be8:c902:abe4:2138:81c1] 401: HTTP 401 (GET /task/userNotesCount) trace: [/home/u991737198/domains/tas2023.online/public_html/lib/access.php:112] Base->error()
Sun, 02 Mar 2025 14:58:13 +0000 [2600:1006:b013:be8:c902:abe4:2138:81c1] [/home/u991737198/domains/tas2023.online/public_html/app/controllers/Controller.php:78] Access->authorize()
Sun, 02 Mar 2025 14:58:13 +0000 [2600:1006:b013:be8:c902:abe4:2138:81c1] [/home/u991737198/domains/tas2023.online/public_html/app/controllers/Controller.php:78] Access->authorize()
Sun, 02 Mar 2025 14:58:13 +0000 [2600:1006:b013:be8:c902:abe4:2138:81c1] [/home/u991737198/domains/tas2023.online/public_html/app/controllers/Controller.php:78] Access->authorize()
Sun, 02 Mar 2025 14:58:13 +0000 [2600:1006:b013:be8:c902:abe4:2138:81c1] [/home/u991737198/domains/tas2023.online/public_html/lib/base.php:2069] Controller->beforeroute()
Sun, 02 Mar 2025 14:58:13 +0000 [2600:1006:b013:be8:c902:abe4:2138:81c1] [/home/u991737198/domains/tas2023.online/public_html/app/controllers/Controller.php:78] Access->authorize()
Sun, 02 Mar 2025 14:58:13 +0000 [2600:1006:b013:be8:c902:abe4:2138:81c1] [/home/u991737198/domains/tas2023.online/public_html/lib/base.php:2069] Controller->beforeroute()
Sun, 02 Mar 2025 14:58:13 +0000 [2600:1006:b013:be8:c902:abe4:2138:81c1] [/home/u991737198/domains/tas2023.online/public_html/lib/base.php:2069] Controller->beforeroute()
Sun, 02 Mar 2025 14:58:13 +0000 [2600:1006:b013:be8:c902:abe4:2138:81c1] [/home/u991737198/domains/tas2023.online/public_html/lib/base.php:1871] Base->call()
Sun, 02 Mar 2025 14:58:13 +0000 [2600:1006:b013:be8:c902:abe4:2138:81c1] [/home/u991737198/domains/tas2023.online/public_html/lib/base.php:1871] Base->call()
Sun, 02 Mar 2025 14:58:13 +0000 [2600:1006:b013:be8:c902:abe4:2138:81c1] [/home/u991737198/domains/tas2023.online/public_html/lib/base.php:2069] Controller->beforeroute()
Sun, 02 Mar 2025 14:58:13 +0000 [2600:1006:b013:be8:c902:abe4:2138:81c1] [/home/u991737198/domains/tas2023.online/public_html/lib/base.php:1871] Base->call()
Sun, 02 Mar 2025 14:58:13 +0000 [2600:1006:b013:be8:c902:abe4:2138:81c1] [/home/u991737198/domains/tas2023.online/public_html/index.php:19] Base->run()
Sun, 02 Mar 2025 14:58:13 +0000 [2600:1006:b013:be8:c902:abe4:2138:81c1] [/home/u991737198/domains/tas2023.online/public_html/index.php:19] Base->run()
Sun, 02 Mar 2025 14:58:13 +0000 [2600:1006:b013:be8:c902:abe4:2138:81c1] [/home/u991737198/domains/tas2023.online/public_html/lib/base.php:1871] Base->call()
Sun, 02 Mar 2025 14:58:13 +0000 [2600:1006:b013:be8:c902:abe4:2138:81c1] [/home/u991737198/domains/tas2023.online/public_html/index.php:19] Base->run()
Sun, 02 Mar 2025 14:58:13 +0000 [2600:1006:b013:be8:c902:abe4:2138:81c1] [/home/u991737198/domains/tas2023.online/public_html/index.php:19] Base->run()
Sun, 02 Mar 2025 14:58:42 +0000 [2600:1006:b013:be8:c902:abe4:2138:81c1] 500: Undefined variable $entity_num trace: [tmp/3hn69l4qoa804.1zo7dt0fljr4w.php:200]
Sun, 02 Mar 2025 14:58:42 +0000 [2600:1006:b013:be8:c902:abe4:2138:81c1] [tmp/3hn69l4qoa804.1zo7dt0fljr4w.php:200] Base->{closure}()
Sun, 02 Mar 2025 14:58:42 +0000 [2600:1006:b013:be8:c902:abe4:2138:81c1] [lib/base.php:3036] require('/home/u991737198/domains/tas2023.online/public_html/tmp/3hn69l4qoa804.1zo7dt0fljr4w.php')
Sun, 02 Mar 2025 14:58:42 +0000 [2600:1006:b013:be8:c902:abe4:2138:81c1] [lib/base.php:3281] View->sandbox()
Sun, 02 Mar 2025 14:58:42 +0000 [2600:1006:b013:be8:c902:abe4:2138:81c1] [tmp/3hn69l4qoa804.3h31n1yj254w8.php:7] Preview->render()
Sun, 02 Mar 2025 14:58:42 +0000 [2600:1006:b013:be8:c902:abe4:2138:81c1] [lib/base.php:3036] require('/home/u991737198/domains/tas2023.online/public_html/tmp/3hn69l4qoa804.3h31n1yj254w8.php')
Sun, 02 Mar 2025 14:58:42 +0000 [2600:1006:b013:be8:c902:abe4:2138:81c1] [lib/base.php:3281] View->sandbox()
Sun, 02 Mar 2025 14:58:42 +0000 [2600:1006:b013:be8:c902:abe4:2138:81c1] [app/controllers/Controller.php:87] Preview->render()
Sun, 02 Mar 2025 14:58:42 +0000 [2600:1006:b013:be8:c902:abe4:2138:81c1] [lib/base.php:2078] Controller->afterroute()
Sun, 02 Mar 2025 14:58:42 +0000 [2600:1006:b013:be8:c902:abe4:2138:81c1] [lib/base.php:1871] Base->call()
Sun, 02 Mar 2025 14:58:42 +0000 [2600:1006:b013:be8:c902:abe4:2138:81c1] [index.php:19] Base->run()
Sun, 02 Mar 2025 14:58:49 +0000 [2600:1006:b013:be8:c902:abe4:2138:81c1] 500: Undefined variable $entity_num trace: [tmp/3hn69l4qoa804.1zo7dt0fljr4w.php:200]
Sun, 02 Mar 2025 14:58:49 +0000 [2600:1006:b013:be8:c902:abe4:2138:81c1] [tmp/3hn69l4qoa804.1zo7dt0fljr4w.php:200] Base->{closure}()
Sun, 02 Mar 2025 14:58:49 +0000 [2600:1006:b013:be8:c902:abe4:2138:81c1] [lib/base.php:3036] require('/home/u991737198/domains/tas2023.online/public_html/tmp/3hn69l4qoa804.1zo7dt0fljr4w.php')
Sun, 02 Mar 2025 14:58:49 +0000 [2600:1006:b013:be8:c902:abe4:2138:81c1] [lib/base.php:3281] View->sandbox()
Sun, 02 Mar 2025 14:58:49 +0000 [2600:1006:b013:be8:c902:abe4:2138:81c1] [tmp/3hn69l4qoa804.3h31n1yj254w8.php:7] Preview->render()
Sun, 02 Mar 2025 14:58:49 +0000 [2600:1006:b013:be8:c902:abe4:2138:81c1] [lib/base.php:3036] require('/home/u991737198/domains/tas2023.online/public_html/tmp/3hn69l4qoa804.3h31n1yj254w8.php')
Sun, 02 Mar 2025 14:58:49 +0000 [2600:1006:b013:be8:c902:abe4:2138:81c1] [lib/base.php:3281] View->sandbox()
Sun, 02 Mar 2025 14:58:49 +0000 [2600:1006:b013:be8:c902:abe4:2138:81c1] [app/controllers/Controller.php:87] Preview->render()
Sun, 02 Mar 2025 14:58:49 +0000 [2600:1006:b013:be8:c902:abe4:2138:81c1] [lib/base.php:2078] Controller->afterroute()
Sun, 02 Mar 2025 14:58:49 +0000 [2600:1006:b013:be8:c902:abe4:2138:81c1] [lib/base.php:1871] Base->call()
Sun, 02 Mar 2025 14:58:49 +0000 [2600:1006:b013:be8:c902:abe4:2138:81c1] [index.php:19] Base->run()
Sun, 02 Mar 2025 14:58:54 +0000 [2600:1006:b013:be8:c902:abe4:2138:81c1] 500: Undefined variable $selected_note trace: [/home/u991737198/domains/tas2023.online/public_html/tmp/3hn69l4qoa804.3g8shy2588w00.php:385]
Sun, 02 Mar 2025 14:58:54 +0000 [2600:1006:b013:be8:c902:abe4:2138:81c1] [/home/u991737198/domains/tas2023.online/public_html/tmp/3hn69l4qoa804.3g8shy2588w00.php:385] Base->{closure}()
Sun, 02 Mar 2025 14:58:54 +0000 [2600:1006:b013:be8:c902:abe4:2138:81c1] [/home/u991737198/domains/tas2023.online/public_html/lib/base.php:3036] require('/home/u991737198/domains/tas2023.online/public_html/tmp/3hn69l4qoa804.3g8shy2588w00.php')
Sun, 02 Mar 2025 14:58:54 +0000 [2600:1006:b013:be8:c902:abe4:2138:81c1] [/home/u991737198/domains/tas2023.online/public_html/lib/base.php:3281] View->sandbox()
Sun, 02 Mar 2025 14:58:54 +0000 [2600:1006:b013:be8:c902:abe4:2138:81c1] [/home/u991737198/domains/tas2023.online/public_html/tmp/3hn69l4qoa804.3h31n1yj254w8.php:7] Preview->render()
Sun, 02 Mar 2025 14:58:54 +0000 [2600:1006:b013:be8:c902:abe4:2138:81c1] [/home/u991737198/domains/tas2023.online/public_html/lib/base.php:3036] require('/home/u991737198/domains/tas2023.online/public_html/tmp/3hn69l4qoa804.3h31n1yj254w8.php')
Sun, 02 Mar 2025 14:58:54 +0000 [2600:1006:b013:be8:c902:abe4:2138:81c1] [/home/u991737198/domains/tas2023.online/public_html/lib/base.php:3281] View->sandbox()
Sun, 02 Mar 2025 14:58:54 +0000 [2600:1006:b013:be8:c902:abe4:2138:81c1] [/home/u991737198/domains/tas2023.online/public_html/app/controllers/Controller.php:87] Preview->render()
Sun, 02 Mar 2025 14:58:54 +0000 [2600:1006:b013:be8:c902:abe4:2138:81c1] [/home/u991737198/domains/tas2023.online/public_html/lib/base.php:2078] Controller->afterroute()
Sun, 02 Mar 2025 14:58:54 +0000 [2600:1006:b013:be8:c902:abe4:2138:81c1] [/home/u991737198/domains/tas2023.online/public_html/lib/base.php:1871] Base->call()
Sun, 02 Mar 2025 14:58:54 +0000 [2600:1006:b013:be8:c902:abe4:2138:81c1] [/home/u991737198/domains/tas2023.online/public_html/index.php:19] Base->run()
Sun, 02 Mar 2025 14:59:58 +0000 [2600:1006:b013:be8:c902:abe4:2138:81c1] 401: HTTP 401 (GET /task/userNotesCount) trace: [/home/u991737198/domains/tas2023.online/public_html/lib/access.php:112] Base->error()
Sun, 02 Mar 2025 14:59:58 +0000 [2600:1006:b013:be8:c902:abe4:2138:81c1] [/home/u991737198/domains/tas2023.online/public_html/app/controllers/Controller.php:78] Access->authorize()
Sun, 02 Mar 2025 14:59:58 +0000 [2600:1006:b013:be8:c902:abe4:2138:81c1] [/home/u991737198/domains/tas2023.online/public_html/lib/base.php:2069] Controller->beforeroute()
Sun, 02 Mar 2025 14:59:58 +0000 [2600:1006:b013:be8:c902:abe4:2138:81c1] [/home/u991737198/domains/tas2023.online/public_html/lib/base.php:1871] Base->call()
Sun, 02 Mar 2025 14:59:58 +0000 [2600:1006:b013:be8:c902:abe4:2138:81c1] [/home/u991737198/domains/tas2023.online/public_html/index.php:19] Base->run()
Sun, 02 Mar 2025 15:03:49 +0000 [2600:1006:b013:be8:c902:abe4:2138:81c1] 500: Undefined variable $selected_note trace: [/home/u991737198/domains/tas2023.online/public_html/tmp/3hn69l4qoa804.3g8shy2588w00.php:385]
Sun, 02 Mar 2025 15:03:49 +0000 [2600:1006:b013:be8:c902:abe4:2138:81c1] [/home/u991737198/domains/tas2023.online/public_html/tmp/3hn69l4qoa804.3g8shy2588w00.php:385] Base->{closure}()
Sun, 02 Mar 2025 15:03:49 +0000 [2600:1006:b013:be8:c902:abe4:2138:81c1] [/home/u991737198/domains/tas2023.online/public_html/lib/base.php:3036] require('/home/u991737198/domains/tas2023.online/public_html/tmp/3hn69l4qoa804.3g8shy2588w00.php')
Sun, 02 Mar 2025 15:03:49 +0000 [2600:1006:b013:be8:c902:abe4:2138:81c1] [/home/u991737198/domains/tas2023.online/public_html/lib/base.php:3281] View->sandbox()
Sun, 02 Mar 2025 15:03:49 +0000 [2600:1006:b013:be8:c902:abe4:2138:81c1] [/home/u991737198/domains/tas2023.online/public_html/tmp/3hn69l4qoa804.3h31n1yj254w8.php:7] Preview->render()
Sun, 02 Mar 2025 15:03:49 +0000 [2600:1006:b013:be8:c902:abe4:2138:81c1] [/home/u991737198/domains/tas2023.online/public_html/lib/base.php:3036] require('/home/u991737198/domains/tas2023.online/public_html/tmp/3hn69l4qoa804.3h31n1yj254w8.php')
Sun, 02 Mar 2025 15:03:49 +0000 [2600:1006:b013:be8:c902:abe4:2138:81c1] [/home/u991737198/domains/tas2023.online/public_html/lib/base.php:3281] View->sandbox()
Sun, 02 Mar 2025 15:03:49 +0000 [2600:1006:b013:be8:c902:abe4:2138:81c1] [/home/u991737198/domains/tas2023.online/public_html/app/controllers/Controller.php:87] Preview->render()
Sun, 02 Mar 2025 15:03:49 +0000 [2600:1006:b013:be8:c902:abe4:2138:81c1] [/home/u991737198/domains/tas2023.online/public_html/lib/base.php:2078] Controller->afterroute()
Sun, 02 Mar 2025 15:03:49 +0000 [2600:1006:b013:be8:c902:abe4:2138:81c1] [/home/u991737198/domains/tas2023.online/public_html/lib/base.php:1871] Base->call()
Sun, 02 Mar 2025 15:03:49 +0000 [2600:1006:b013:be8:c902:abe4:2138:81c1] [/home/u991737198/domains/tas2023.online/public_html/index.php:19] Base->run()
Sun, 02 Mar 2025 15:10:30 +0000 [2600:1006:b013:be8:c902:abe4:2138:81c1] 500: Undefined variable $entity_num trace: [tmp/3hn69l4qoa804.1zo7dt0fljr4w.php:200]
Sun, 02 Mar 2025 15:10:30 +0000 [2600:1006:b013:be8:c902:abe4:2138:81c1] [tmp/3hn69l4qoa804.1zo7dt0fljr4w.php:200] Base->{closure}()
Sun, 02 Mar 2025 15:10:30 +0000 [2600:1006:b013:be8:c902:abe4:2138:81c1] [lib/base.php:3036] require('/home/u991737198/domains/tas2023.online/public_html/tmp/3hn69l4qoa804.1zo7dt0fljr4w.php')
Sun, 02 Mar 2025 15:10:30 +0000 [2600:1006:b013:be8:c902:abe4:2138:81c1] [lib/base.php:3281] View->sandbox()
Sun, 02 Mar 2025 15:10:30 +0000 [2600:1006:b013:be8:c902:abe4:2138:81c1] [tmp/3hn69l4qoa804.3h31n1yj254w8.php:7] Preview->render()
Sun, 02 Mar 2025 15:10:30 +0000 [2600:1006:b013:be8:c902:abe4:2138:81c1] [lib/base.php:3036] require('/home/u991737198/domains/tas2023.online/public_html/tmp/3hn69l4qoa804.3h31n1yj254w8.php')
Sun, 02 Mar 2025 15:10:30 +0000 [2600:1006:b013:be8:c902:abe4:2138:81c1] [lib/base.php:3281] View->sandbox()
Sun, 02 Mar 2025 15:10:30 +0000 [2600:1006:b013:be8:c902:abe4:2138:81c1] [app/controllers/Controller.php:87] Preview->render()
Sun, 02 Mar 2025 15:10:30 +0000 [2600:1006:b013:be8:c902:abe4:2138:81c1] [lib/base.php:2078] Controller->afterroute()
Sun, 02 Mar 2025 15:10:30 +0000 [2600:1006:b013:be8:c902:abe4:2138:81c1] [lib/base.php:1871] Base->call()
Sun, 02 Mar 2025 15:10:30 +0000 [2600:1006:b013:be8:c902:abe4:2138:81c1] [index.php:19] Base->run()
Sun, 02 Mar 2025 15:10:45 +0000 [2600:1006:b013:be8:c902:abe4:2138:81c1] 500: Undefined variable $entity_num trace: [tmp/3hn69l4qoa804.1zo7dt0fljr4w.php:200]
Sun, 02 Mar 2025 15:10:45 +0000 [2600:1006:b013:be8:c902:abe4:2138:81c1] [tmp/3hn69l4qoa804.1zo7dt0fljr4w.php:200] Base->{closure}()
Sun, 02 Mar 2025 15:10:45 +0000 [2600:1006:b013:be8:c902:abe4:2138:81c1] [lib/base.php:3036] require('/home/u991737198/domains/tas2023.online/public_html/tmp/3hn69l4qoa804.1zo7dt0fljr4w.php')
Sun, 02 Mar 2025 15:10:45 +0000 [2600:1006:b013:be8:c902:abe4:2138:81c1] [lib/base.php:3281] View->sandbox()
Sun, 02 Mar 2025 15:10:45 +0000 [2600:1006:b013:be8:c902:abe4:2138:81c1] [tmp/3hn69l4qoa804.3h31n1yj254w8.php:7] Preview->render()
Sun, 02 Mar 2025 15:10:45 +0000 [2600:1006:b013:be8:c902:abe4:2138:81c1] [lib/base.php:3036] require('/home/u991737198/domains/tas2023.online/public_html/tmp/3hn69l4qoa804.3h31n1yj254w8.php')
Sun, 02 Mar 2025 15:10:45 +0000 [2600:1006:b013:be8:c902:abe4:2138:81c1] [lib/base.php:3281] View->sandbox()
Sun, 02 Mar 2025 15:10:45 +0000 [2600:1006:b013:be8:c902:abe4:2138:81c1] [app/controllers/Controller.php:87] Preview->render()
Sun, 02 Mar 2025 15:10:45 +0000 [2600:1006:b013:be8:c902:abe4:2138:81c1] [lib/base.php:2078] Controller->afterroute()
Sun, 02 Mar 2025 15:10:45 +0000 [2600:1006:b013:be8:c902:abe4:2138:81c1] [lib/base.php:1871] Base->call()
Sun, 02 Mar 2025 15:10:45 +0000 [2600:1006:b013:be8:c902:abe4:2138:81c1] [index.php:19] Base->run()
Sun, 02 Mar 2025 15:11:00 +0000 [2600:1006:b013:be8:c902:abe4:2138:81c1] 500: Undefined variable $selected_note trace: [/home/u991737198/domains/tas2023.online/public_html/tmp/3hn69l4qoa804.3g8shy2588w00.php:385]
Sun, 02 Mar 2025 15:11:00 +0000 [2600:1006:b013:be8:c902:abe4:2138:81c1] [/home/u991737198/domains/tas2023.online/public_html/tmp/3hn69l4qoa804.3g8shy2588w00.php:385] Base->{closure}()
Sun, 02 Mar 2025 15:11:00 +0000 [2600:1006:b013:be8:c902:abe4:2138:81c1] [/home/u991737198/domains/tas2023.online/public_html/lib/base.php:3036] require('/home/u991737198/domains/tas2023.online/public_html/tmp/3hn69l4qoa804.3g8shy2588w00.php')
Sun, 02 Mar 2025 15:11:00 +0000 [2600:1006:b013:be8:c902:abe4:2138:81c1] [/home/u991737198/domains/tas2023.online/public_html/lib/base.php:3281] View->sandbox()
Sun, 02 Mar 2025 15:11:00 +0000 [2600:1006:b013:be8:c902:abe4:2138:81c1] [/home/u991737198/domains/tas2023.online/public_html/tmp/3hn69l4qoa804.3h31n1yj254w8.php:7] Preview->render()
Sun, 02 Mar 2025 15:11:00 +0000 [2600:1006:b013:be8:c902:abe4:2138:81c1] [/home/u991737198/domains/tas2023.online/public_html/lib/base.php:3036] require('/home/u991737198/domains/tas2023.online/public_html/tmp/3hn69l4qoa804.3h31n1yj254w8.php')
Sun, 02 Mar 2025 15:11:00 +0000 [2600:1006:b013:be8:c902:abe4:2138:81c1] [/home/u991737198/domains/tas2023.online/public_html/lib/base.php:3281] View->sandbox()
Sun, 02 Mar 2025 15:11:00 +0000 [2600:1006:b013:be8:c902:abe4:2138:81c1] [/home/u991737198/domains/tas2023.online/public_html/app/controllers/Controller.php:87] Preview->render()
Sun, 02 Mar 2025 15:11:00 +0000 [2600:1006:b013:be8:c902:abe4:2138:81c1] [/home/u991737198/domains/tas2023.online/public_html/lib/base.php:2078] Controller->afterroute()
Sun, 02 Mar 2025 15:11:00 +0000 [2600:1006:b013:be8:c902:abe4:2138:81c1] [/home/u991737198/domains/tas2023.online/public_html/lib/base.php:1871] Base->call()
Sun, 02 Mar 2025 15:11:00 +0000 [2600:1006:b013:be8:c902:abe4:2138:81c1] [/home/u991737198/domains/tas2023.online/public_html/index.php:19] Base->run()
Sun, 02 Mar 2025 15:11:20 +0000 [2600:1006:b013:be8:c902:abe4:2138:81c1] 500: Undefined variable $selected_note trace: [/home/u991737198/domains/tas2023.online/public_html/tmp/3hn69l4qoa804.3g8shy2588w00.php:385]
Sun, 02 Mar 2025 15:11:20 +0000 [2600:1006:b013:be8:c902:abe4:2138:81c1] [/home/u991737198/domains/tas2023.online/public_html/tmp/3hn69l4qoa804.3g8shy2588w00.php:385] Base->{closure}()
Sun, 02 Mar 2025 15:11:20 +0000 [2600:1006:b013:be8:c902:abe4:2138:81c1] [/home/u991737198/domains/tas2023.online/public_html/lib/base.php:3036] require('/home/u991737198/domains/tas2023.online/public_html/tmp/3hn69l4qoa804.3g8shy2588w00.php')
Sun, 02 Mar 2025 15:11:20 +0000 [2600:1006:b013:be8:c902:abe4:2138:81c1] [/home/u991737198/domains/tas2023.online/public_html/lib/base.php:3281] View->sandbox()
Sun, 02 Mar 2025 15:11:20 +0000 [2600:1006:b013:be8:c902:abe4:2138:81c1] [/home/u991737198/domains/tas2023.online/public_html/tmp/3hn69l4qoa804.3h31n1yj254w8.php:7] Preview->render()
Sun, 02 Mar 2025 15:11:20 +0000 [2600:1006:b013:be8:c902:abe4:2138:81c1] [/home/u991737198/domains/tas2023.online/public_html/lib/base.php:3036] require('/home/u991737198/domains/tas2023.online/public_html/tmp/3hn69l4qoa804.3h31n1yj254w8.php')
Sun, 02 Mar 2025 15:11:20 +0000 [2600:1006:b013:be8:c902:abe4:2138:81c1] [/home/u991737198/domains/tas2023.online/public_html/lib/base.php:3281] View->sandbox()
Sun, 02 Mar 2025 15:11:20 +0000 [2600:1006:b013:be8:c902:abe4:2138:81c1] [/home/u991737198/domains/tas2023.online/public_html/app/controllers/Controller.php:87] Preview->render()
Sun, 02 Mar 2025 15:11:20 +0000 [2600:1006:b013:be8:c902:abe4:2138:81c1] [/home/u991737198/domains/tas2023.online/public_html/lib/base.php:2078] Controller->afterroute()
Sun, 02 Mar 2025 15:11:20 +0000 [2600:1006:b013:be8:c902:abe4:2138:81c1] [/home/u991737198/domains/tas2023.online/public_html/lib/base.php:1871] Base->call()
Sun, 02 Mar 2025 15:11:20 +0000 [2600:1006:b013:be8:c902:abe4:2138:81c1] [/home/u991737198/domains/tas2023.online/public_html/index.php:19] Base->run()
Sun, 02 Mar 2025 15:13:07 +0000 [2600:1006:b013:be8:c902:abe4:2138:81c1] 500: Undefined variable $entity_num trace: [tmp/3hn69l4qoa804.1zo7dt0fljr4w.php:200]
Sun, 02 Mar 2025 15:13:07 +0000 [2600:1006:b013:be8:c902:abe4:2138:81c1] [tmp/3hn69l4qoa804.1zo7dt0fljr4w.php:200] Base->{closure}()
Sun, 02 Mar 2025 15:13:07 +0000 [2600:1006:b013:be8:c902:abe4:2138:81c1] [lib/base.php:3036] require('/home/u991737198/domains/tas2023.online/public_html/tmp/3hn69l4qoa804.1zo7dt0fljr4w.php')
Sun, 02 Mar 2025 15:13:07 +0000 [2600:1006:b013:be8:c902:abe4:2138:81c1] [lib/base.php:3281] View->sandbox()
Sun, 02 Mar 2025 15:13:07 +0000 [2600:1006:b013:be8:c902:abe4:2138:81c1] [tmp/3hn69l4qoa804.3h31n1yj254w8.php:7] Preview->render()
Sun, 02 Mar 2025 15:13:07 +0000 [2600:1006:b013:be8:c902:abe4:2138:81c1] [lib/base.php:3036] require('/home/u991737198/domains/tas2023.online/public_html/tmp/3hn69l4qoa804.3h31n1yj254w8.php')
Sun, 02 Mar 2025 15:13:07 +0000 [2600:1006:b013:be8:c902:abe4:2138:81c1] [lib/base.php:3281] View->sandbox()
Sun, 02 Mar 2025 15:13:07 +0000 [2600:1006:b013:be8:c902:abe4:2138:81c1] [app/controllers/Controller.php:87] Preview->render()
Sun, 02 Mar 2025 15:13:07 +0000 [2600:1006:b013:be8:c902:abe4:2138:81c1] [lib/base.php:2078] Controller->afterroute()
Sun, 02 Mar 2025 15:13:07 +0000 [2600:1006:b013:be8:c902:abe4:2138:81c1] [lib/base.php:1871] Base->call()
Sun, 02 Mar 2025 15:13:07 +0000 [2600:1006:b013:be8:c902:abe4:2138:81c1] [index.php:19] Base->run()
Sun, 02 Mar 2025 15:13:19 +0000 [2600:1006:b06f:8f2d:f06f:e0ff:fea4:31f7] 500: Undefined variable $entity_num trace: [tmp/3hn69l4qoa804.1zo7dt0fljr4w.php:200]
Sun, 02 Mar 2025 15:13:19 +0000 [2600:1006:b06f:8f2d:f06f:e0ff:fea4:31f7] [tmp/3hn69l4qoa804.1zo7dt0fljr4w.php:200] Base->{closure}()
Sun, 02 Mar 2025 15:13:19 +0000 [2600:1006:b06f:8f2d:f06f:e0ff:fea4:31f7] [lib/base.php:3036] require('/home/u991737198/domains/tas2023.online/public_html/tmp/3hn69l4qoa804.1zo7dt0fljr4w.php')
Sun, 02 Mar 2025 15:13:19 +0000 [2600:1006:b06f:8f2d:f06f:e0ff:fea4:31f7] [lib/base.php:3281] View->sandbox()
Sun, 02 Mar 2025 15:13:19 +0000 [2600:1006:b06f:8f2d:f06f:e0ff:fea4:31f7] [tmp/3hn69l4qoa804.3h31n1yj254w8.php:7] Preview->render()
Sun, 02 Mar 2025 15:13:19 +0000 [2600:1006:b06f:8f2d:f06f:e0ff:fea4:31f7] [lib/base.php:3036] require('/home/u991737198/domains/tas2023.online/public_html/tmp/3hn69l4qoa804.3h31n1yj254w8.php')
Sun, 02 Mar 2025 15:13:19 +0000 [2600:1006:b06f:8f2d:f06f:e0ff:fea4:31f7] [lib/base.php:3281] View->sandbox()
Sun, 02 Mar 2025 15:13:19 +0000 [2600:1006:b06f:8f2d:f06f:e0ff:fea4:31f7] [app/controllers/Controller.php:87] Preview->render()
Sun, 02 Mar 2025 15:13:19 +0000 [2600:1006:b06f:8f2d:f06f:e0ff:fea4:31f7] [lib/base.php:2078] Controller->afterroute()
Sun, 02 Mar 2025 15:13:19 +0000 [2600:1006:b06f:8f2d:f06f:e0ff:fea4:31f7] [lib/base.php:1871] Base->call()
Sun, 02 Mar 2025 15:13:19 +0000 [2600:1006:b06f:8f2d:f06f:e0ff:fea4:31f7] [index.php:19] Base->run()
Sun, 02 Mar 2025 15:13:34 +0000 [2600:1006:b06f:8f2d:f06f:e0ff:fea4:31f7] 500: Undefined variable $entity_num trace: [tmp/3hn69l4qoa804.1zo7dt0fljr4w.php:200]
Sun, 02 Mar 2025 15:13:34 +0000 [2600:1006:b06f:8f2d:f06f:e0ff:fea4:31f7] [tmp/3hn69l4qoa804.1zo7dt0fljr4w.php:200] Base->{closure}()
Sun, 02 Mar 2025 15:13:34 +0000 [2600:1006:b06f:8f2d:f06f:e0ff:fea4:31f7] [lib/base.php:3036] require('/home/u991737198/domains/tas2023.online/public_html/tmp/3hn69l4qoa804.1zo7dt0fljr4w.php')
Sun, 02 Mar 2025 15:13:34 +0000 [2600:1006:b06f:8f2d:f06f:e0ff:fea4:31f7] [lib/base.php:3281] View->sandbox()
Sun, 02 Mar 2025 15:13:34 +0000 [2600:1006:b06f:8f2d:f06f:e0ff:fea4:31f7] [tmp/3hn69l4qoa804.3h31n1yj254w8.php:7] Preview->render()
Sun, 02 Mar 2025 15:13:34 +0000 [2600:1006:b06f:8f2d:f06f:e0ff:fea4:31f7] [lib/base.php:3036] require('/home/u991737198/domains/tas2023.online/public_html/tmp/3hn69l4qoa804.3h31n1yj254w8.php')
Sun, 02 Mar 2025 15:13:34 +0000 [2600:1006:b06f:8f2d:f06f:e0ff:fea4:31f7] [lib/base.php:3281] View->sandbox()
Sun, 02 Mar 2025 15:13:34 +0000 [2600:1006:b06f:8f2d:f06f:e0ff:fea4:31f7] [app/controllers/Controller.php:87] Preview->render()
Sun, 02 Mar 2025 15:13:34 +0000 [2600:1006:b06f:8f2d:f06f:e0ff:fea4:31f7] [lib/base.php:2078] Controller->afterroute()
Sun, 02 Mar 2025 15:13:34 +0000 [2600:1006:b06f:8f2d:f06f:e0ff:fea4:31f7] [lib/base.php:1871] Base->call()
Sun, 02 Mar 2025 15:13:34 +0000 [2600:1006:b06f:8f2d:f06f:e0ff:fea4:31f7] [index.php:19] Base->run()
Sun, 02 Mar 2025 15:13:39 +0000 [2600:1006:b06f:8f2d:f06f:e0ff:fea4:31f7] 500: Undefined variable $token trace: [tmp/3hn69l4qoa804.2r4f9cgm96ecs.php:226]
Sun, 02 Mar 2025 15:13:39 +0000 [2600:1006:b06f:8f2d:f06f:e0ff:fea4:31f7] [tmp/3hn69l4qoa804.2r4f9cgm96ecs.php:226] Base->{closure}()
Sun, 02 Mar 2025 15:13:39 +0000 [2600:1006:b06f:8f2d:f06f:e0ff:fea4:31f7] [lib/base.php:3036] require('/home/u991737198/domains/tas2023.online/public_html/tmp/3hn69l4qoa804.2r4f9cgm96ecs.php')
Sun, 02 Mar 2025 15:13:39 +0000 [2600:1006:b06f:8f2d:f06f:e0ff:fea4:31f7] [lib/base.php:3281] View->sandbox()
Sun, 02 Mar 2025 15:13:39 +0000 [2600:1006:b06f:8f2d:f06f:e0ff:fea4:31f7] [tmp/3hn69l4qoa804.3h31n1yj254w8.php:7] Preview->render()
Sun, 02 Mar 2025 15:13:39 +0000 [2600:1006:b06f:8f2d:f06f:e0ff:fea4:31f7] [lib/base.php:3036] require('/home/u991737198/domains/tas2023.online/public_html/tmp/3hn69l4qoa804.3h31n1yj254w8.php')
Sun, 02 Mar 2025 15:13:39 +0000 [2600:1006:b06f:8f2d:f06f:e0ff:fea4:31f7] [lib/base.php:3281] View->sandbox()
Sun, 02 Mar 2025 15:13:39 +0000 [2600:1006:b06f:8f2d:f06f:e0ff:fea4:31f7] [app/controllers/Controller.php:87] Preview->render()
Sun, 02 Mar 2025 15:13:39 +0000 [2600:1006:b06f:8f2d:f06f:e0ff:fea4:31f7] [lib/base.php:2078] Controller->afterroute()
Sun, 02 Mar 2025 15:13:39 +0000 [2600:1006:b06f:8f2d:f06f:e0ff:fea4:31f7] [lib/base.php:1871] Base->call()
Sun, 02 Mar 2025 15:13:39 +0000 [2600:1006:b06f:8f2d:f06f:e0ff:fea4:31f7] [index.php:19] Base->run()
Sun, 02 Mar 2025 15:14:00 +0000 [2600:1006:b06f:8f2d:f06f:e0ff:fea4:31f7] 500: Undefined variable $entity_num trace: [tmp/3hn69l4qoa804.1zo7dt0fljr4w.php:200]
Sun, 02 Mar 2025 15:14:00 +0000 [2600:1006:b06f:8f2d:f06f:e0ff:fea4:31f7] [tmp/3hn69l4qoa804.1zo7dt0fljr4w.php:200] Base->{closure}()
Sun, 02 Mar 2025 15:14:00 +0000 [2600:1006:b06f:8f2d:f06f:e0ff:fea4:31f7] [lib/base.php:3036] require('/home/u991737198/domains/tas2023.online/public_html/tmp/3hn69l4qoa804.1zo7dt0fljr4w.php')
Sun, 02 Mar 2025 15:14:00 +0000 [2600:1006:b06f:8f2d:f06f:e0ff:fea4:31f7] [lib/base.php:3281] View->sandbox()
Sun, 02 Mar 2025 15:14:00 +0000 [2600:1006:b06f:8f2d:f06f:e0ff:fea4:31f7] [tmp/3hn69l4qoa804.3h31n1yj254w8.php:7] Preview->render()
Sun, 02 Mar 2025 15:14:00 +0000 [2600:1006:b06f:8f2d:f06f:e0ff:fea4:31f7] [lib/base.php:3036] require('/home/u991737198/domains/tas2023.online/public_html/tmp/3hn69l4qoa804.3h31n1yj254w8.php')
Sun, 02 Mar 2025 15:14:00 +0000 [2600:1006:b06f:8f2d:f06f:e0ff:fea4:31f7] [lib/base.php:3281] View->sandbox()
Sun, 02 Mar 2025 15:14:00 +0000 [2600:1006:b06f:8f2d:f06f:e0ff:fea4:31f7] [app/controllers/Controller.php:87] Preview->render()
Sun, 02 Mar 2025 15:14:00 +0000 [2600:1006:b06f:8f2d:f06f:e0ff:fea4:31f7] [lib/base.php:2078] Controller->afterroute()
Sun, 02 Mar 2025 15:14:00 +0000 [2600:1006:b06f:8f2d:f06f:e0ff:fea4:31f7] [lib/base.php:1871] Base->call()
Sun, 02 Mar 2025 15:14:00 +0000 [2600:1006:b06f:8f2d:f06f:e0ff:fea4:31f7] [index.php:19] Base->run()
Sun, 02 Mar 2025 15:14:09 +0000 [2600:1006:b06f:8f2d:f06f:e0ff:fea4:31f7] 500: Undefined variable $entity_num trace: [tmp/3hn69l4qoa804.1zo7dt0fljr4w.php:200]
Sun, 02 Mar 2025 15:14:09 +0000 [2600:1006:b06f:8f2d:f06f:e0ff:fea4:31f7] [tmp/3hn69l4qoa804.1zo7dt0fljr4w.php:200] Base->{closure}()
Sun, 02 Mar 2025 15:14:09 +0000 [2600:1006:b06f:8f2d:f06f:e0ff:fea4:31f7] [lib/base.php:3036] require('/home/u991737198/domains/tas2023.online/public_html/tmp/3hn69l4qoa804.1zo7dt0fljr4w.php')
Sun, 02 Mar 2025 15:14:09 +0000 [2600:1006:b06f:8f2d:f06f:e0ff:fea4:31f7] [lib/base.php:3281] View->sandbox()
Sun, 02 Mar 2025 15:14:09 +0000 [2600:1006:b06f:8f2d:f06f:e0ff:fea4:31f7] [tmp/3hn69l4qoa804.3h31n1yj254w8.php:7] Preview->render()
Sun, 02 Mar 2025 15:14:09 +0000 [2600:1006:b06f:8f2d:f06f:e0ff:fea4:31f7] [lib/base.php:3036] require('/home/u991737198/domains/tas2023.online/public_html/tmp/3hn69l4qoa804.3h31n1yj254w8.php')
Sun, 02 Mar 2025 15:14:09 +0000 [2600:1006:b06f:8f2d:f06f:e0ff:fea4:31f7] [lib/base.php:3281] View->sandbox()
Sun, 02 Mar 2025 15:14:09 +0000 [2600:1006:b06f:8f2d:f06f:e0ff:fea4:31f7] [app/controllers/Controller.php:87] Preview->render()
Sun, 02 Mar 2025 15:14:09 +0000 [2600:1006:b06f:8f2d:f06f:e0ff:fea4:31f7] [lib/base.php:2078] Controller->afterroute()
Sun, 02 Mar 2025 15:14:09 +0000 [2600:1006:b06f:8f2d:f06f:e0ff:fea4:31f7] [lib/base.php:1871] Base->call()
Sun, 02 Mar 2025 15:14:09 +0000 [2600:1006:b06f:8f2d:f06f:e0ff:fea4:31f7] [index.php:19] Base->run()
Sun, 02 Mar 2025 15:15:01 +0000 [2600:1006:b013:be8:c902:abe4:2138:81c1] 500: Undefined variable $entity_num trace: [tmp/3hn69l4qoa804.1zo7dt0fljr4w.php:200]
Sun, 02 Mar 2025 15:15:01 +0000 [2600:1006:b013:be8:c902:abe4:2138:81c1] [tmp/3hn69l4qoa804.1zo7dt0fljr4w.php:200] Base->{closure}()
Sun, 02 Mar 2025 15:15:01 +0000 [2600:1006:b013:be8:c902:abe4:2138:81c1] [lib/base.php:3036] require('/home/u991737198/domains/tas2023.online/public_html/tmp/3hn69l4qoa804.1zo7dt0fljr4w.php')
Sun, 02 Mar 2025 15:15:01 +0000 [2600:1006:b013:be8:c902:abe4:2138:81c1] [lib/base.php:3281] View->sandbox()
Sun, 02 Mar 2025 15:15:01 +0000 [2600:1006:b013:be8:c902:abe4:2138:81c1] [tmp/3hn69l4qoa804.3h31n1yj254w8.php:7] Preview->render()
Sun, 02 Mar 2025 15:15:01 +0000 [2600:1006:b013:be8:c902:abe4:2138:81c1] [lib/base.php:3036] require('/home/u991737198/domains/tas2023.online/public_html/tmp/3hn69l4qoa804.3h31n1yj254w8.php')
Sun, 02 Mar 2025 15:15:01 +0000 [2600:1006:b013:be8:c902:abe4:2138:81c1] [lib/base.php:3281] View->sandbox()
Sun, 02 Mar 2025 15:15:01 +0000 [2600:1006:b013:be8:c902:abe4:2138:81c1] [app/controllers/Controller.php:87] Preview->render()
Sun, 02 Mar 2025 15:15:01 +0000 [2600:1006:b013:be8:c902:abe4:2138:81c1] [lib/base.php:2078] Controller->afterroute()
Sun, 02 Mar 2025 15:15:01 +0000 [2600:1006:b013:be8:c902:abe4:2138:81c1] [lib/base.php:1871] Base->call()
Sun, 02 Mar 2025 15:15:01 +0000 [2600:1006:b013:be8:c902:abe4:2138:81c1] [index.php:19] Base->run()
Sun, 02 Mar 2025 15:15:12 +0000 [2600:1006:b013:be8:c902:abe4:2138:81c1] 500: Undefined variable $entity_num trace: [tmp/3hn69l4qoa804.1zo7dt0fljr4w.php:200]
Sun, 02 Mar 2025 15:15:12 +0000 [2600:1006:b013:be8:c902:abe4:2138:81c1] [tmp/3hn69l4qoa804.1zo7dt0fljr4w.php:200] Base->{closure}()
Sun, 02 Mar 2025 15:15:12 +0000 [2600:1006:b013:be8:c902:abe4:2138:81c1] [lib/base.php:3036] require('/home/u991737198/domains/tas2023.online/public_html/tmp/3hn69l4qoa804.1zo7dt0fljr4w.php')
Sun, 02 Mar 2025 15:15:12 +0000 [2600:1006:b013:be8:c902:abe4:2138:81c1] [lib/base.php:3281] View->sandbox()
Sun, 02 Mar 2025 15:15:12 +0000 [2600:1006:b013:be8:c902:abe4:2138:81c1] [tmp/3hn69l4qoa804.3h31n1yj254w8.php:7] Preview->render()
Sun, 02 Mar 2025 15:15:12 +0000 [2600:1006:b013:be8:c902:abe4:2138:81c1] [lib/base.php:3036] require('/home/u991737198/domains/tas2023.online/public_html/tmp/3hn69l4qoa804.3h31n1yj254w8.php')
Sun, 02 Mar 2025 15:15:12 +0000 [2600:1006:b013:be8:c902:abe4:2138:81c1] [lib/base.php:3281] View->sandbox()
Sun, 02 Mar 2025 15:15:12 +0000 [2600:1006:b013:be8:c902:abe4:2138:81c1] [app/controllers/Controller.php:87] Preview->render()
Sun, 02 Mar 2025 15:15:12 +0000 [2600:1006:b013:be8:c902:abe4:2138:81c1] [lib/base.php:2078] Controller->afterroute()
Sun, 02 Mar 2025 15:15:12 +0000 [2600:1006:b013:be8:c902:abe4:2138:81c1] [lib/base.php:1871] Base->call()
Sun, 02 Mar 2025 15:15:12 +0000 [2600:1006:b013:be8:c902:abe4:2138:81c1] [index.php:19] Base->run()
