Sat, 22 Feb 2025 03:20:07 +0000 [2603:9000:f801:55e2:e34d:40ee:c692:2c0f] 500: Undefined variable $selected_note trace: [/home/u991737198/domains/tas2023.online/public_html/tmp/3hn69l4qoa804.3g8shy2588w00.php:385]
Sat, 22 Feb 2025 03:20:07 +0000 [2603:9000:f801:55e2:e34d:40ee:c692:2c0f] [/home/u991737198/domains/tas2023.online/public_html/tmp/3hn69l4qoa804.3g8shy2588w00.php:385] Base->{closure}()
Sat, 22 Feb 2025 03:20:07 +0000 [2603:9000:f801:55e2:e34d:40ee:c692:2c0f] [/home/u991737198/domains/tas2023.online/public_html/lib/base.php:3036] require('/home/u991737198/domains/tas2023.online/public_html/tmp/3hn69l4qoa804.3g8shy2588w00.php')
Sat, 22 Feb 2025 03:20:07 +0000 [2603:9000:f801:55e2:e34d:40ee:c692:2c0f] [/home/u991737198/domains/tas2023.online/public_html/lib/base.php:3281] View->sandbox()
Sat, 22 Feb 2025 03:20:07 +0000 [2603:9000:f801:55e2:e34d:40ee:c692:2c0f] [/home/u991737198/domains/tas2023.online/public_html/tmp/3hn69l4qoa804.3h31n1yj254w8.php:7] Preview->render()
Sat, 22 Feb 2025 03:20:07 +0000 [2603:9000:f801:55e2:e34d:40ee:c692:2c0f] [/home/u991737198/domains/tas2023.online/public_html/lib/base.php:3036] require('/home/u991737198/domains/tas2023.online/public_html/tmp/3hn69l4qoa804.3h31n1yj254w8.php')
Sat, 22 Feb 2025 03:20:07 +0000 [2603:9000:f801:55e2:e34d:40ee:c692:2c0f] [/home/u991737198/domains/tas2023.online/public_html/lib/base.php:3281] View->sandbox()
Sat, 22 Feb 2025 03:20:07 +0000 [2603:9000:f801:55e2:e34d:40ee:c692:2c0f] [/home/u991737198/domains/tas2023.online/public_html/app/controllers/Controller.php:87] Preview->render()
Sat, 22 Feb 2025 03:20:07 +0000 [2603:9000:f801:55e2:e34d:40ee:c692:2c0f] [/home/u991737198/domains/tas2023.online/public_html/lib/base.php:2078] Controller->afterroute()
Sat, 22 Feb 2025 03:20:07 +0000 [2603:9000:f801:55e2:e34d:40ee:c692:2c0f] [/home/u991737198/domains/tas2023.online/public_html/lib/base.php:1871] Base->call()
Sat, 22 Feb 2025 03:20:07 +0000 [2603:9000:f801:55e2:e34d:40ee:c692:2c0f] [/home/u991737198/domains/tas2023.online/public_html/index.php:19] Base->run()
Sat, 22 Feb 2025 03:20:55 +0000 [2603:9000:f801:55e2:e34d:40ee:c692:2c0f] 500: Undefined variable $selected_note trace: [/home/u991737198/domains/tas2023.online/public_html/tmp/3hn69l4qoa804.3g8shy2588w00.php:385]
Sat, 22 Feb 2025 03:20:55 +0000 [2603:9000:f801:55e2:e34d:40ee:c692:2c0f] [/home/u991737198/domains/tas2023.online/public_html/tmp/3hn69l4qoa804.3g8shy2588w00.php:385] Base->{closure}()
Sat, 22 Feb 2025 03:20:55 +0000 [2603:9000:f801:55e2:e34d:40ee:c692:2c0f] [/home/u991737198/domains/tas2023.online/public_html/lib/base.php:3036] require('/home/u991737198/domains/tas2023.online/public_html/tmp/3hn69l4qoa804.3g8shy2588w00.php')
Sat, 22 Feb 2025 03:20:55 +0000 [2603:9000:f801:55e2:e34d:40ee:c692:2c0f] [/home/u991737198/domains/tas2023.online/public_html/lib/base.php:3281] View->sandbox()
Sat, 22 Feb 2025 03:20:55 +0000 [2603:9000:f801:55e2:e34d:40ee:c692:2c0f] [/home/u991737198/domains/tas2023.online/public_html/tmp/3hn69l4qoa804.3h31n1yj254w8.php:7] Preview->render()
Sat, 22 Feb 2025 03:20:55 +0000 [2603:9000:f801:55e2:e34d:40ee:c692:2c0f] [/home/u991737198/domains/tas2023.online/public_html/lib/base.php:3036] require('/home/u991737198/domains/tas2023.online/public_html/tmp/3hn69l4qoa804.3h31n1yj254w8.php')
Sat, 22 Feb 2025 03:20:55 +0000 [2603:9000:f801:55e2:e34d:40ee:c692:2c0f] [/home/u991737198/domains/tas2023.online/public_html/lib/base.php:3281] View->sandbox()
Sat, 22 Feb 2025 03:20:55 +0000 [2603:9000:f801:55e2:e34d:40ee:c692:2c0f] [/home/u991737198/domains/tas2023.online/public_html/app/controllers/Controller.php:87] Preview->render()
Sat, 22 Feb 2025 03:20:55 +0000 [2603:9000:f801:55e2:e34d:40ee:c692:2c0f] [/home/u991737198/domains/tas2023.online/public_html/lib/base.php:2078] Controller->afterroute()
Sat, 22 Feb 2025 03:20:55 +0000 [2603:9000:f801:55e2:e34d:40ee:c692:2c0f] [/home/u991737198/domains/tas2023.online/public_html/lib/base.php:1871] Base->call()
Sat, 22 Feb 2025 03:20:55 +0000 [2603:9000:f801:55e2:e34d:40ee:c692:2c0f] [/home/u991737198/domains/tas2023.online/public_html/index.php:19] Base->run()
Sat, 22 Feb 2025 14:52:01 +0000 [2600:1006:b061:1e41:c1bc:c62d:cce9:66cb] 401: HTTP 401 (GET /task/userNotesCount) trace: [/home/u991737198/domains/tas2023.online/public_html/lib/access.php:112] Base->error()
Sat, 22 Feb 2025 14:52:01 +0000 [2600:1006:b061:1e41:c1bc:c62d:cce9:66cb] 401: HTTP 401 (GET /task/taskData) trace: [/home/u991737198/domains/tas2023.online/public_html/lib/access.php:112] Base->error()
Sat, 22 Feb 2025 14:52:01 +0000 [2600:1006:b061:1e41:c1bc:c62d:cce9:66cb] 401: HTTP 401 (GET /task/taskDistribution) trace: [/home/u991737198/domains/tas2023.online/public_html/lib/access.php:112] Base->error()
Sat, 22 Feb 2025 14:52:01 +0000 [2600:1006:b061:1e41:c1bc:c62d:cce9:66cb] 401: HTTP 401 (GET /task/teamProductivity) trace: [/home/u991737198/domains/tas2023.online/public_html/lib/access.php:112] Base->error()
Sat, 22 Feb 2025 14:52:01 +0000 [2600:1006:b061:1e41:c1bc:c62d:cce9:66cb] [/home/u991737198/domains/tas2023.online/public_html/app/controllers/Controller.php:78] Access->authorize()
Sat, 22 Feb 2025 14:52:01 +0000 [2600:1006:b061:1e41:c1bc:c62d:cce9:66cb] [/home/u991737198/domains/tas2023.online/public_html/app/controllers/Controller.php:78] Access->authorize()
Sat, 22 Feb 2025 14:52:01 +0000 [2600:1006:b061:1e41:c1bc:c62d:cce9:66cb] [/home/u991737198/domains/tas2023.online/public_html/app/controllers/Controller.php:78] Access->authorize()
Sat, 22 Feb 2025 14:52:01 +0000 [2600:1006:b061:1e41:c1bc:c62d:cce9:66cb] [/home/u991737198/domains/tas2023.online/public_html/lib/base.php:2069] Controller->beforeroute()
Sat, 22 Feb 2025 14:52:01 +0000 [2600:1006:b061:1e41:c1bc:c62d:cce9:66cb] [/home/u991737198/domains/tas2023.online/public_html/app/controllers/Controller.php:78] Access->authorize()
Sat, 22 Feb 2025 14:52:01 +0000 [2600:1006:b061:1e41:c1bc:c62d:cce9:66cb] [/home/u991737198/domains/tas2023.online/public_html/lib/base.php:2069] Controller->beforeroute()
Sat, 22 Feb 2025 14:52:01 +0000 [2600:1006:b061:1e41:c1bc:c62d:cce9:66cb] [/home/u991737198/domains/tas2023.online/public_html/lib/base.php:2069] Controller->beforeroute()
Sat, 22 Feb 2025 14:52:01 +0000 [2600:1006:b061:1e41:c1bc:c62d:cce9:66cb] [/home/u991737198/domains/tas2023.online/public_html/lib/base.php:1871] Base->call()
Sat, 22 Feb 2025 14:52:01 +0000 [2600:1006:b061:1e41:c1bc:c62d:cce9:66cb] [/home/u991737198/domains/tas2023.online/public_html/lib/base.php:1871] Base->call()
Sat, 22 Feb 2025 14:52:01 +0000 [2600:1006:b061:1e41:c1bc:c62d:cce9:66cb] [/home/u991737198/domains/tas2023.online/public_html/lib/base.php:2069] Controller->beforeroute()
Sat, 22 Feb 2025 14:52:01 +0000 [2600:1006:b061:1e41:c1bc:c62d:cce9:66cb] [/home/u991737198/domains/tas2023.online/public_html/lib/base.php:1871] Base->call()
Sat, 22 Feb 2025 14:52:01 +0000 [2600:1006:b061:1e41:c1bc:c62d:cce9:66cb] [/home/u991737198/domains/tas2023.online/public_html/index.php:19] Base->run()
Sat, 22 Feb 2025 14:52:01 +0000 [2600:1006:b061:1e41:c1bc:c62d:cce9:66cb] [/home/u991737198/domains/tas2023.online/public_html/index.php:19] Base->run()
Sat, 22 Feb 2025 14:52:01 +0000 [2600:1006:b061:1e41:c1bc:c62d:cce9:66cb] [/home/u991737198/domains/tas2023.online/public_html/index.php:19] Base->run()
Sat, 22 Feb 2025 14:52:01 +0000 [2600:1006:b061:1e41:c1bc:c62d:cce9:66cb] [/home/u991737198/domains/tas2023.online/public_html/lib/base.php:1871] Base->call()
Sat, 22 Feb 2025 14:52:01 +0000 [2600:1006:b061:1e41:c1bc:c62d:cce9:66cb] [/home/u991737198/domains/tas2023.online/public_html/index.php:19] Base->run()
Sat, 22 Feb 2025 17:55:42 +0000 [2603:9000:f801:55e2:e927:c762:1cb3:5024] 401: HTTP 401 (GET /task/taskData) trace: [/home/u991737198/domains/tas2023.online/public_html/lib/access.php:112] Base->error()
Sat, 22 Feb 2025 17:55:42 +0000 [2603:9000:f801:55e2:e927:c762:1cb3:5024] [/home/u991737198/domains/tas2023.online/public_html/app/controllers/Controller.php:78] Access->authorize()
Sat, 22 Feb 2025 17:55:42 +0000 [2603:9000:f801:55e2:e927:c762:1cb3:5024] [/home/u991737198/domains/tas2023.online/public_html/lib/base.php:2069] Controller->beforeroute()
Sat, 22 Feb 2025 17:55:42 +0000 [2603:9000:f801:55e2:e927:c762:1cb3:5024] 401: HTTP 401 (GET /task/taskDistribution) trace: [/home/u991737198/domains/tas2023.online/public_html/lib/access.php:112] Base->error()
Sat, 22 Feb 2025 17:55:42 +0000 [2603:9000:f801:55e2:e927:c762:1cb3:5024] [/home/u991737198/domains/tas2023.online/public_html/lib/base.php:1871] Base->call()
Sat, 22 Feb 2025 17:55:42 +0000 [2603:9000:f801:55e2:e927:c762:1cb3:5024] [/home/u991737198/domains/tas2023.online/public_html/index.php:19] Base->run()
Sat, 22 Feb 2025 17:55:42 +0000 [2603:9000:f801:55e2:e927:c762:1cb3:5024] [/home/u991737198/domains/tas2023.online/public_html/app/controllers/Controller.php:78] Access->authorize()
Sat, 22 Feb 2025 17:55:42 +0000 [2603:9000:f801:55e2:e927:c762:1cb3:5024] [/home/u991737198/domains/tas2023.online/public_html/lib/base.php:2069] Controller->beforeroute()
Sat, 22 Feb 2025 17:55:42 +0000 [2603:9000:f801:55e2:e927:c762:1cb3:5024] [/home/u991737198/domains/tas2023.online/public_html/lib/base.php:1871] Base->call()
Sat, 22 Feb 2025 17:55:42 +0000 [2603:9000:f801:55e2:e927:c762:1cb3:5024] [/home/u991737198/domains/tas2023.online/public_html/index.php:19] Base->run()
Sat, 22 Feb 2025 17:55:42 +0000 [2603:9000:f801:55e2:e927:c762:1cb3:5024] 401: HTTP 401 (GET /task/userNotesCount) trace: [/home/u991737198/domains/tas2023.online/public_html/lib/access.php:112] Base->error()
Sat, 22 Feb 2025 17:55:42 +0000 [2603:9000:f801:55e2:e927:c762:1cb3:5024] [/home/u991737198/domains/tas2023.online/public_html/app/controllers/Controller.php:78] Access->authorize()
Sat, 22 Feb 2025 17:55:42 +0000 [2603:9000:f801:55e2:e927:c762:1cb3:5024] [/home/u991737198/domains/tas2023.online/public_html/lib/base.php:2069] Controller->beforeroute()
Sat, 22 Feb 2025 17:55:42 +0000 [2603:9000:f801:55e2:e927:c762:1cb3:5024] 401: HTTP 401 (GET /task/teamProductivity) trace: [/home/u991737198/domains/tas2023.online/public_html/lib/access.php:112] Base->error()
Sat, 22 Feb 2025 17:55:42 +0000 [2603:9000:f801:55e2:e927:c762:1cb3:5024] [/home/u991737198/domains/tas2023.online/public_html/lib/base.php:1871] Base->call()
Sat, 22 Feb 2025 17:55:42 +0000 [2603:9000:f801:55e2:e927:c762:1cb3:5024] [/home/u991737198/domains/tas2023.online/public_html/app/controllers/Controller.php:78] Access->authorize()
Sat, 22 Feb 2025 17:55:42 +0000 [2603:9000:f801:55e2:e927:c762:1cb3:5024] [/home/u991737198/domains/tas2023.online/public_html/index.php:19] Base->run()
Sat, 22 Feb 2025 17:55:42 +0000 [2603:9000:f801:55e2:e927:c762:1cb3:5024] [/home/u991737198/domains/tas2023.online/public_html/lib/base.php:2069] Controller->beforeroute()
Sat, 22 Feb 2025 17:55:42 +0000 [2603:9000:f801:55e2:e927:c762:1cb3:5024] [/home/u991737198/domains/tas2023.online/public_html/lib/base.php:1871] Base->call()
Sat, 22 Feb 2025 17:55:42 +0000 [2603:9000:f801:55e2:e927:c762:1cb3:5024] [/home/u991737198/domains/tas2023.online/public_html/index.php:19] Base->run()
Sat, 22 Feb 2025 18:24:48 +0000 [2603:9000:f801:55e2:e927:c762:1cb3:5024] 500: Undefined variable $entity_num trace: [tmp/3hn69l4qoa804.1zo7dt0fljr4w.php:200]
Sat, 22 Feb 2025 18:24:48 +0000 [2603:9000:f801:55e2:e927:c762:1cb3:5024] [tmp/3hn69l4qoa804.1zo7dt0fljr4w.php:200] Base->{closure}()
Sat, 22 Feb 2025 18:24:48 +0000 [2603:9000:f801:55e2:e927:c762:1cb3:5024] [lib/base.php:3036] require('/home/u991737198/domains/tas2023.online/public_html/tmp/3hn69l4qoa804.1zo7dt0fljr4w.php')
Sat, 22 Feb 2025 18:24:48 +0000 [2603:9000:f801:55e2:e927:c762:1cb3:5024] [lib/base.php:3281] View->sandbox()
Sat, 22 Feb 2025 18:24:48 +0000 [2603:9000:f801:55e2:e927:c762:1cb3:5024] [tmp/3hn69l4qoa804.3h31n1yj254w8.php:7] Preview->render()
Sat, 22 Feb 2025 18:24:48 +0000 [2603:9000:f801:55e2:e927:c762:1cb3:5024] [lib/base.php:3036] require('/home/u991737198/domains/tas2023.online/public_html/tmp/3hn69l4qoa804.3h31n1yj254w8.php')
Sat, 22 Feb 2025 18:24:48 +0000 [2603:9000:f801:55e2:e927:c762:1cb3:5024] [lib/base.php:3281] View->sandbox()
Sat, 22 Feb 2025 18:24:48 +0000 [2603:9000:f801:55e2:e927:c762:1cb3:5024] [app/controllers/Controller.php:87] Preview->render()
Sat, 22 Feb 2025 18:24:48 +0000 [2603:9000:f801:55e2:e927:c762:1cb3:5024] [lib/base.php:2078] Controller->afterroute()
Sat, 22 Feb 2025 18:24:48 +0000 [2603:9000:f801:55e2:e927:c762:1cb3:5024] [lib/base.php:1871] Base->call()
Sat, 22 Feb 2025 18:24:48 +0000 [2603:9000:f801:55e2:e927:c762:1cb3:5024] [index.php:19] Base->run()
Sat, 22 Feb 2025 18:24:53 +0000 [2603:9000:f801:55e2:e927:c762:1cb3:5024] 500: Undefined variable $entity_num trace: [tmp/3hn69l4qoa804.1zo7dt0fljr4w.php:200]
Sat, 22 Feb 2025 18:24:53 +0000 [2603:9000:f801:55e2:e927:c762:1cb3:5024] [tmp/3hn69l4qoa804.1zo7dt0fljr4w.php:200] Base->{closure}()
Sat, 22 Feb 2025 18:24:53 +0000 [2603:9000:f801:55e2:e927:c762:1cb3:5024] [lib/base.php:3036] require('/home/u991737198/domains/tas2023.online/public_html/tmp/3hn69l4qoa804.1zo7dt0fljr4w.php')
Sat, 22 Feb 2025 18:24:53 +0000 [2603:9000:f801:55e2:e927:c762:1cb3:5024] [lib/base.php:3281] View->sandbox()
Sat, 22 Feb 2025 18:24:53 +0000 [2603:9000:f801:55e2:e927:c762:1cb3:5024] [tmp/3hn69l4qoa804.3h31n1yj254w8.php:7] Preview->render()
Sat, 22 Feb 2025 18:24:53 +0000 [2603:9000:f801:55e2:e927:c762:1cb3:5024] [lib/base.php:3036] require('/home/u991737198/domains/tas2023.online/public_html/tmp/3hn69l4qoa804.3h31n1yj254w8.php')
Sat, 22 Feb 2025 18:24:53 +0000 [2603:9000:f801:55e2:e927:c762:1cb3:5024] [lib/base.php:3281] View->sandbox()
Sat, 22 Feb 2025 18:24:53 +0000 [2603:9000:f801:55e2:e927:c762:1cb3:5024] [app/controllers/Controller.php:87] Preview->render()
Sat, 22 Feb 2025 18:24:53 +0000 [2603:9000:f801:55e2:e927:c762:1cb3:5024] [lib/base.php:2078] Controller->afterroute()
Sat, 22 Feb 2025 18:24:53 +0000 [2603:9000:f801:55e2:e927:c762:1cb3:5024] [lib/base.php:1871] Base->call()
Sat, 22 Feb 2025 18:24:53 +0000 [2603:9000:f801:55e2:e927:c762:1cb3:5024] [index.php:19] Base->run()
Sat, 22 Feb 2025 22:39:48 +0000 [2600:1006:b061:1e41:f5f2:67c:a096:72c4] 401: HTTP 401 (GET /task/userNotesCount) trace: [/home/u991737198/domains/tas2023.online/public_html/lib/access.php:112] Base->error()
Sat, 22 Feb 2025 22:39:48 +0000 [2600:1006:b061:1e41:f5f2:67c:a096:72c4] 401: HTTP 401 (GET /task/taskData) trace: [/home/u991737198/domains/tas2023.online/public_html/lib/access.php:112] Base->error()
Sat, 22 Feb 2025 22:39:48 +0000 [2600:1006:b061:1e41:f5f2:67c:a096:72c4] 401: HTTP 401 (GET /task/taskDistribution) trace: [/home/u991737198/domains/tas2023.online/public_html/lib/access.php:112] Base->error()
Sat, 22 Feb 2025 22:39:48 +0000 [2600:1006:b061:1e41:f5f2:67c:a096:72c4] 401: HTTP 401 (GET /task/teamProductivity) trace: [/home/u991737198/domains/tas2023.online/public_html/lib/access.php:112] Base->error()
Sat, 22 Feb 2025 22:39:48 +0000 [2600:1006:b061:1e41:f5f2:67c:a096:72c4] [/home/u991737198/domains/tas2023.online/public_html/app/controllers/Controller.php:78] Access->authorize()
Sat, 22 Feb 2025 22:39:48 +0000 [2600:1006:b061:1e41:f5f2:67c:a096:72c4] [/home/u991737198/domains/tas2023.online/public_html/app/controllers/Controller.php:78] Access->authorize()
Sat, 22 Feb 2025 22:39:48 +0000 [2600:1006:b061:1e41:f5f2:67c:a096:72c4] [/home/u991737198/domains/tas2023.online/public_html/app/controllers/Controller.php:78] Access->authorize()
Sat, 22 Feb 2025 22:39:48 +0000 [2600:1006:b061:1e41:f5f2:67c:a096:72c4] [/home/u991737198/domains/tas2023.online/public_html/app/controllers/Controller.php:78] Access->authorize()
Sat, 22 Feb 2025 22:39:48 +0000 [2600:1006:b061:1e41:f5f2:67c:a096:72c4] [/home/u991737198/domains/tas2023.online/public_html/lib/base.php:2069] Controller->beforeroute()
Sat, 22 Feb 2025 22:39:48 +0000 [2600:1006:b061:1e41:f5f2:67c:a096:72c4] [/home/u991737198/domains/tas2023.online/public_html/lib/base.php:2069] Controller->beforeroute()
Sat, 22 Feb 2025 22:39:48 +0000 [2600:1006:b061:1e41:f5f2:67c:a096:72c4] [/home/u991737198/domains/tas2023.online/public_html/lib/base.php:2069] Controller->beforeroute()
Sat, 22 Feb 2025 22:39:48 +0000 [2600:1006:b061:1e41:f5f2:67c:a096:72c4] [/home/u991737198/domains/tas2023.online/public_html/lib/base.php:1871] Base->call()
Sat, 22 Feb 2025 22:39:48 +0000 [2600:1006:b061:1e41:f5f2:67c:a096:72c4] [/home/u991737198/domains/tas2023.online/public_html/lib/base.php:2069] Controller->beforeroute()
Sat, 22 Feb 2025 22:39:48 +0000 [2600:1006:b061:1e41:f5f2:67c:a096:72c4] [/home/u991737198/domains/tas2023.online/public_html/lib/base.php:1871] Base->call()
Sat, 22 Feb 2025 22:39:48 +0000 [2600:1006:b061:1e41:f5f2:67c:a096:72c4] [/home/u991737198/domains/tas2023.online/public_html/index.php:19] Base->run()
Sat, 22 Feb 2025 22:39:48 +0000 [2600:1006:b061:1e41:f5f2:67c:a096:72c4] [/home/u991737198/domains/tas2023.online/public_html/lib/base.php:1871] Base->call()
Sat, 22 Feb 2025 22:39:48 +0000 [2600:1006:b061:1e41:f5f2:67c:a096:72c4] [/home/u991737198/domains/tas2023.online/public_html/lib/base.php:1871] Base->call()
Sat, 22 Feb 2025 22:39:48 +0000 [2600:1006:b061:1e41:f5f2:67c:a096:72c4] [/home/u991737198/domains/tas2023.online/public_html/index.php:19] Base->run()
Sat, 22 Feb 2025 22:39:48 +0000 [2600:1006:b061:1e41:f5f2:67c:a096:72c4] [/home/u991737198/domains/tas2023.online/public_html/index.php:19] Base->run()
Sat, 22 Feb 2025 22:39:48 +0000 [2600:1006:b061:1e41:f5f2:67c:a096:72c4] [/home/u991737198/domains/tas2023.online/public_html/index.php:19] Base->run()
Sat, 22 Feb 2025 22:40:08 +0000 [2600:1006:b061:1e41:f5f2:67c:a096:72c4] 500: Undefined variable $entity_num trace: [tmp/3hn69l4qoa804.1zo7dt0fljr4w.php:200]
Sat, 22 Feb 2025 22:40:08 +0000 [2600:1006:b061:1e41:f5f2:67c:a096:72c4] [tmp/3hn69l4qoa804.1zo7dt0fljr4w.php:200] Base->{closure}()
Sat, 22 Feb 2025 22:40:08 +0000 [2600:1006:b061:1e41:f5f2:67c:a096:72c4] [lib/base.php:3036] require('/home/u991737198/domains/tas2023.online/public_html/tmp/3hn69l4qoa804.1zo7dt0fljr4w.php')
Sat, 22 Feb 2025 22:40:08 +0000 [2600:1006:b061:1e41:f5f2:67c:a096:72c4] [lib/base.php:3281] View->sandbox()
Sat, 22 Feb 2025 22:40:08 +0000 [2600:1006:b061:1e41:f5f2:67c:a096:72c4] [tmp/3hn69l4qoa804.3h31n1yj254w8.php:7] Preview->render()
Sat, 22 Feb 2025 22:40:08 +0000 [2600:1006:b061:1e41:f5f2:67c:a096:72c4] [lib/base.php:3036] require('/home/u991737198/domains/tas2023.online/public_html/tmp/3hn69l4qoa804.3h31n1yj254w8.php')
Sat, 22 Feb 2025 22:40:08 +0000 [2600:1006:b061:1e41:f5f2:67c:a096:72c4] [lib/base.php:3281] View->sandbox()
Sat, 22 Feb 2025 22:40:08 +0000 [2600:1006:b061:1e41:f5f2:67c:a096:72c4] [app/controllers/Controller.php:87] Preview->render()
Sat, 22 Feb 2025 22:40:08 +0000 [2600:1006:b061:1e41:f5f2:67c:a096:72c4] [lib/base.php:2078] Controller->afterroute()
Sat, 22 Feb 2025 22:40:08 +0000 [2600:1006:b061:1e41:f5f2:67c:a096:72c4] [lib/base.php:1871] Base->call()
Sat, 22 Feb 2025 22:40:08 +0000 [2600:1006:b061:1e41:f5f2:67c:a096:72c4] [index.php:19] Base->run()
Sat, 22 Feb 2025 22:40:25 +0000 [2600:1006:b061:1e41:f5f2:67c:a096:72c4] 500: Undefined variable $entity_num trace: [tmp/3hn69l4qoa804.1zo7dt0fljr4w.php:200]
Sat, 22 Feb 2025 22:40:25 +0000 [2600:1006:b061:1e41:f5f2:67c:a096:72c4] [tmp/3hn69l4qoa804.1zo7dt0fljr4w.php:200] Base->{closure}()
Sat, 22 Feb 2025 22:40:25 +0000 [2600:1006:b061:1e41:f5f2:67c:a096:72c4] [lib/base.php:3036] require('/home/u991737198/domains/tas2023.online/public_html/tmp/3hn69l4qoa804.1zo7dt0fljr4w.php')
Sat, 22 Feb 2025 22:40:25 +0000 [2600:1006:b061:1e41:f5f2:67c:a096:72c4] [lib/base.php:3281] View->sandbox()
Sat, 22 Feb 2025 22:40:25 +0000 [2600:1006:b061:1e41:f5f2:67c:a096:72c4] [tmp/3hn69l4qoa804.3h31n1yj254w8.php:7] Preview->render()
Sat, 22 Feb 2025 22:40:25 +0000 [2600:1006:b061:1e41:f5f2:67c:a096:72c4] [lib/base.php:3036] require('/home/u991737198/domains/tas2023.online/public_html/tmp/3hn69l4qoa804.3h31n1yj254w8.php')
Sat, 22 Feb 2025 22:40:25 +0000 [2600:1006:b061:1e41:f5f2:67c:a096:72c4] [lib/base.php:3281] View->sandbox()
Sat, 22 Feb 2025 22:40:25 +0000 [2600:1006:b061:1e41:f5f2:67c:a096:72c4] [app/controllers/Controller.php:87] Preview->render()
Sat, 22 Feb 2025 22:40:25 +0000 [2600:1006:b061:1e41:f5f2:67c:a096:72c4] [lib/base.php:2078] Controller->afterroute()
Sat, 22 Feb 2025 22:40:25 +0000 [2600:1006:b061:1e41:f5f2:67c:a096:72c4] [lib/base.php:1871] Base->call()
Sat, 22 Feb 2025 22:40:25 +0000 [2600:1006:b061:1e41:f5f2:67c:a096:72c4] [index.php:19] Base->run()
Sat, 22 Feb 2025 22:42:07 +0000 [2600:1006:b061:1e41:f5f2:67c:a096:72c4] 500: Undefined variable $entity_num trace: [tmp/3hn69l4qoa804.man4oes5p0l2.php:177]
Sat, 22 Feb 2025 22:42:07 +0000 [2600:1006:b061:1e41:f5f2:67c:a096:72c4] [tmp/3hn69l4qoa804.man4oes5p0l2.php:177] Base->{closure}()
Sat, 22 Feb 2025 22:42:07 +0000 [2600:1006:b061:1e41:f5f2:67c:a096:72c4] [lib/base.php:3036] require('/home/u991737198/domains/tas2023.online/public_html/tmp/3hn69l4qoa804.man4oes5p0l2.php')
Sat, 22 Feb 2025 22:42:07 +0000 [2600:1006:b061:1e41:f5f2:67c:a096:72c4] [lib/base.php:3281] View->sandbox()
Sat, 22 Feb 2025 22:42:07 +0000 [2600:1006:b061:1e41:f5f2:67c:a096:72c4] [tmp/3hn69l4qoa804.3h31n1yj254w8.php:7] Preview->render()
Sat, 22 Feb 2025 22:42:07 +0000 [2600:1006:b061:1e41:f5f2:67c:a096:72c4] [lib/base.php:3036] require('/home/u991737198/domains/tas2023.online/public_html/tmp/3hn69l4qoa804.3h31n1yj254w8.php')
Sat, 22 Feb 2025 22:42:07 +0000 [2600:1006:b061:1e41:f5f2:67c:a096:72c4] [lib/base.php:3281] View->sandbox()
Sat, 22 Feb 2025 22:42:07 +0000 [2600:1006:b061:1e41:f5f2:67c:a096:72c4] [app/controllers/Controller.php:87] Preview->render()
Sat, 22 Feb 2025 22:42:07 +0000 [2600:1006:b061:1e41:f5f2:67c:a096:72c4] [lib/base.php:2078] Controller->afterroute()
Sat, 22 Feb 2025 22:42:07 +0000 [2600:1006:b061:1e41:f5f2:67c:a096:72c4] [lib/base.php:1871] Base->call()
Sat, 22 Feb 2025 22:42:07 +0000 [2600:1006:b061:1e41:f5f2:67c:a096:72c4] [index.php:19] Base->run()
Sat, 22 Feb 2025 22:43:22 +0000 [2600:1006:b061:1e41:f5f2:67c:a096:72c4] 500: Undefined variable $entity_num trace: [tmp/3hn69l4qoa804.man4oes5p0l2.php:177]
Sat, 22 Feb 2025 22:43:22 +0000 [2600:1006:b061:1e41:f5f2:67c:a096:72c4] [tmp/3hn69l4qoa804.man4oes5p0l2.php:177] Base->{closure}()
Sat, 22 Feb 2025 22:43:22 +0000 [2600:1006:b061:1e41:f5f2:67c:a096:72c4] [lib/base.php:3036] require('/home/u991737198/domains/tas2023.online/public_html/tmp/3hn69l4qoa804.man4oes5p0l2.php')
Sat, 22 Feb 2025 22:43:22 +0000 [2600:1006:b061:1e41:f5f2:67c:a096:72c4] [lib/base.php:3281] View->sandbox()
Sat, 22 Feb 2025 22:43:22 +0000 [2600:1006:b061:1e41:f5f2:67c:a096:72c4] [tmp/3hn69l4qoa804.3h31n1yj254w8.php:7] Preview->render()
Sat, 22 Feb 2025 22:43:22 +0000 [2600:1006:b061:1e41:f5f2:67c:a096:72c4] [lib/base.php:3036] require('/home/u991737198/domains/tas2023.online/public_html/tmp/3hn69l4qoa804.3h31n1yj254w8.php')
Sat, 22 Feb 2025 22:43:22 +0000 [2600:1006:b061:1e41:f5f2:67c:a096:72c4] [lib/base.php:3281] View->sandbox()
Sat, 22 Feb 2025 22:43:22 +0000 [2600:1006:b061:1e41:f5f2:67c:a096:72c4] [app/controllers/Controller.php:87] Preview->render()
Sat, 22 Feb 2025 22:43:22 +0000 [2600:1006:b061:1e41:f5f2:67c:a096:72c4] [lib/base.php:2078] Controller->afterroute()
Sat, 22 Feb 2025 22:43:22 +0000 [2600:1006:b061:1e41:f5f2:67c:a096:72c4] [lib/base.php:1871] Base->call()
Sat, 22 Feb 2025 22:43:22 +0000 [2600:1006:b061:1e41:f5f2:67c:a096:72c4] [index.php:19] Base->run()
Sat, 22 Feb 2025 22:43:56 +0000 [2600:1006:b061:1e41:f5f2:67c:a096:72c4] 500: Undefined variable $selected_note trace: [/home/u991737198/domains/tas2023.online/public_html/tmp/3hn69l4qoa804.3g8shy2588w00.php:385]
Sat, 22 Feb 2025 22:43:56 +0000 [2600:1006:b061:1e41:f5f2:67c:a096:72c4] [/home/u991737198/domains/tas2023.online/public_html/tmp/3hn69l4qoa804.3g8shy2588w00.php:385] Base->{closure}()
Sat, 22 Feb 2025 22:43:56 +0000 [2600:1006:b061:1e41:f5f2:67c:a096:72c4] [/home/u991737198/domains/tas2023.online/public_html/lib/base.php:3036] require('/home/u991737198/domains/tas2023.online/public_html/tmp/3hn69l4qoa804.3g8shy2588w00.php')
Sat, 22 Feb 2025 22:43:56 +0000 [2600:1006:b061:1e41:f5f2:67c:a096:72c4] [/home/u991737198/domains/tas2023.online/public_html/lib/base.php:3281] View->sandbox()
Sat, 22 Feb 2025 22:43:56 +0000 [2600:1006:b061:1e41:f5f2:67c:a096:72c4] [/home/u991737198/domains/tas2023.online/public_html/tmp/3hn69l4qoa804.3h31n1yj254w8.php:7] Preview->render()
Sat, 22 Feb 2025 22:43:56 +0000 [2600:1006:b061:1e41:f5f2:67c:a096:72c4] [/home/u991737198/domains/tas2023.online/public_html/lib/base.php:3036] require('/home/u991737198/domains/tas2023.online/public_html/tmp/3hn69l4qoa804.3h31n1yj254w8.php')
Sat, 22 Feb 2025 22:43:56 +0000 [2600:1006:b061:1e41:f5f2:67c:a096:72c4] [/home/u991737198/domains/tas2023.online/public_html/lib/base.php:3281] View->sandbox()
Sat, 22 Feb 2025 22:43:56 +0000 [2600:1006:b061:1e41:f5f2:67c:a096:72c4] [/home/u991737198/domains/tas2023.online/public_html/app/controllers/Controller.php:87] Preview->render()
Sat, 22 Feb 2025 22:43:56 +0000 [2600:1006:b061:1e41:f5f2:67c:a096:72c4] [/home/u991737198/domains/tas2023.online/public_html/lib/base.php:2078] Controller->afterroute()
Sat, 22 Feb 2025 22:43:56 +0000 [2600:1006:b061:1e41:f5f2:67c:a096:72c4] [/home/u991737198/domains/tas2023.online/public_html/lib/base.php:1871] Base->call()
Sat, 22 Feb 2025 22:43:56 +0000 [2600:1006:b061:1e41:f5f2:67c:a096:72c4] [/home/u991737198/domains/tas2023.online/public_html/index.php:19] Base->run()
Sat, 22 Feb 2025 22:45:30 +0000 [2600:1006:b061:1e41:f5f2:67c:a096:72c4] 500: Undefined variable $selected_note trace: [/home/u991737198/domains/tas2023.online/public_html/tmp/3hn69l4qoa804.3g8shy2588w00.php:385]
Sat, 22 Feb 2025 22:45:30 +0000 [2600:1006:b061:1e41:f5f2:67c:a096:72c4] [/home/u991737198/domains/tas2023.online/public_html/tmp/3hn69l4qoa804.3g8shy2588w00.php:385] Base->{closure}()
Sat, 22 Feb 2025 22:45:30 +0000 [2600:1006:b061:1e41:f5f2:67c:a096:72c4] [/home/u991737198/domains/tas2023.online/public_html/lib/base.php:3036] require('/home/u991737198/domains/tas2023.online/public_html/tmp/3hn69l4qoa804.3g8shy2588w00.php')
Sat, 22 Feb 2025 22:45:30 +0000 [2600:1006:b061:1e41:f5f2:67c:a096:72c4] [/home/u991737198/domains/tas2023.online/public_html/lib/base.php:3281] View->sandbox()
Sat, 22 Feb 2025 22:45:30 +0000 [2600:1006:b061:1e41:f5f2:67c:a096:72c4] [/home/u991737198/domains/tas2023.online/public_html/tmp/3hn69l4qoa804.3h31n1yj254w8.php:7] Preview->render()
Sat, 22 Feb 2025 22:45:30 +0000 [2600:1006:b061:1e41:f5f2:67c:a096:72c4] [/home/u991737198/domains/tas2023.online/public_html/lib/base.php:3036] require('/home/u991737198/domains/tas2023.online/public_html/tmp/3hn69l4qoa804.3h31n1yj254w8.php')
Sat, 22 Feb 2025 22:45:30 +0000 [2600:1006:b061:1e41:f5f2:67c:a096:72c4] [/home/u991737198/domains/tas2023.online/public_html/lib/base.php:3281] View->sandbox()
Sat, 22 Feb 2025 22:45:30 +0000 [2600:1006:b061:1e41:f5f2:67c:a096:72c4] [/home/u991737198/domains/tas2023.online/public_html/app/controllers/Controller.php:87] Preview->render()
Sat, 22 Feb 2025 22:45:30 +0000 [2600:1006:b061:1e41:f5f2:67c:a096:72c4] [/home/u991737198/domains/tas2023.online/public_html/lib/base.php:2078] Controller->afterroute()
Sat, 22 Feb 2025 22:45:30 +0000 [2600:1006:b061:1e41:f5f2:67c:a096:72c4] [/home/u991737198/domains/tas2023.online/public_html/lib/base.php:1871] Base->call()
Sat, 22 Feb 2025 22:45:30 +0000 [2600:1006:b061:1e41:f5f2:67c:a096:72c4] [/home/u991737198/domains/tas2023.online/public_html/index.php:19] Base->run()
Sat, 22 Feb 2025 22:45:50 +0000 [2600:1006:b061:1e41:f5f2:67c:a096:72c4] 500: Undefined variable $selected_note trace: [/home/u991737198/domains/tas2023.online/public_html/tmp/3hn69l4qoa804.3g8shy2588w00.php:385]
Sat, 22 Feb 2025 22:45:50 +0000 [2600:1006:b061:1e41:f5f2:67c:a096:72c4] [/home/u991737198/domains/tas2023.online/public_html/tmp/3hn69l4qoa804.3g8shy2588w00.php:385] Base->{closure}()
Sat, 22 Feb 2025 22:45:50 +0000 [2600:1006:b061:1e41:f5f2:67c:a096:72c4] [/home/u991737198/domains/tas2023.online/public_html/lib/base.php:3036] require('/home/u991737198/domains/tas2023.online/public_html/tmp/3hn69l4qoa804.3g8shy2588w00.php')
Sat, 22 Feb 2025 22:45:50 +0000 [2600:1006:b061:1e41:f5f2:67c:a096:72c4] [/home/u991737198/domains/tas2023.online/public_html/lib/base.php:3281] View->sandbox()
Sat, 22 Feb 2025 22:45:50 +0000 [2600:1006:b061:1e41:f5f2:67c:a096:72c4] [/home/u991737198/domains/tas2023.online/public_html/tmp/3hn69l4qoa804.3h31n1yj254w8.php:7] Preview->render()
Sat, 22 Feb 2025 22:45:50 +0000 [2600:1006:b061:1e41:f5f2:67c:a096:72c4] [/home/u991737198/domains/tas2023.online/public_html/lib/base.php:3036] require('/home/u991737198/domains/tas2023.online/public_html/tmp/3hn69l4qoa804.3h31n1yj254w8.php')
Sat, 22 Feb 2025 22:45:50 +0000 [2600:1006:b061:1e41:f5f2:67c:a096:72c4] [/home/u991737198/domains/tas2023.online/public_html/lib/base.php:3281] View->sandbox()
Sat, 22 Feb 2025 22:45:50 +0000 [2600:1006:b061:1e41:f5f2:67c:a096:72c4] [/home/u991737198/domains/tas2023.online/public_html/app/controllers/Controller.php:87] Preview->render()
Sat, 22 Feb 2025 22:45:50 +0000 [2600:1006:b061:1e41:f5f2:67c:a096:72c4] [/home/u991737198/domains/tas2023.online/public_html/lib/base.php:2078] Controller->afterroute()
Sat, 22 Feb 2025 22:45:50 +0000 [2600:1006:b061:1e41:f5f2:67c:a096:72c4] [/home/u991737198/domains/tas2023.online/public_html/lib/base.php:1871] Base->call()
Sat, 22 Feb 2025 22:45:50 +0000 [2600:1006:b061:1e41:f5f2:67c:a096:72c4] [/home/u991737198/domains/tas2023.online/public_html/index.php:19] Base->run()
Sat, 22 Feb 2025 22:48:27 +0000 [2600:1006:b061:1e41:f5f2:67c:a096:72c4] 500: Undefined variable $selected_note trace: [/home/u991737198/domains/tas2023.online/public_html/tmp/3hn69l4qoa804.3g8shy2588w00.php:385]
Sat, 22 Feb 2025 22:48:27 +0000 [2600:1006:b061:1e41:f5f2:67c:a096:72c4] [/home/u991737198/domains/tas2023.online/public_html/tmp/3hn69l4qoa804.3g8shy2588w00.php:385] Base->{closure}()
Sat, 22 Feb 2025 22:48:27 +0000 [2600:1006:b061:1e41:f5f2:67c:a096:72c4] [/home/u991737198/domains/tas2023.online/public_html/lib/base.php:3036] require('/home/u991737198/domains/tas2023.online/public_html/tmp/3hn69l4qoa804.3g8shy2588w00.php')
Sat, 22 Feb 2025 22:48:27 +0000 [2600:1006:b061:1e41:f5f2:67c:a096:72c4] [/home/u991737198/domains/tas2023.online/public_html/lib/base.php:3281] View->sandbox()
Sat, 22 Feb 2025 22:48:27 +0000 [2600:1006:b061:1e41:f5f2:67c:a096:72c4] [/home/u991737198/domains/tas2023.online/public_html/tmp/3hn69l4qoa804.3h31n1yj254w8.php:7] Preview->render()
Sat, 22 Feb 2025 22:48:27 +0000 [2600:1006:b061:1e41:f5f2:67c:a096:72c4] [/home/u991737198/domains/tas2023.online/public_html/lib/base.php:3036] require('/home/u991737198/domains/tas2023.online/public_html/tmp/3hn69l4qoa804.3h31n1yj254w8.php')
Sat, 22 Feb 2025 22:48:27 +0000 [2600:1006:b061:1e41:f5f2:67c:a096:72c4] [/home/u991737198/domains/tas2023.online/public_html/lib/base.php:3281] View->sandbox()
Sat, 22 Feb 2025 22:48:27 +0000 [2600:1006:b061:1e41:f5f2:67c:a096:72c4] [/home/u991737198/domains/tas2023.online/public_html/app/controllers/Controller.php:87] Preview->render()
Sat, 22 Feb 2025 22:48:27 +0000 [2600:1006:b061:1e41:f5f2:67c:a096:72c4] [/home/u991737198/domains/tas2023.online/public_html/lib/base.php:2078] Controller->afterroute()
Sat, 22 Feb 2025 22:48:27 +0000 [2600:1006:b061:1e41:f5f2:67c:a096:72c4] [/home/u991737198/domains/tas2023.online/public_html/lib/base.php:1871] Base->call()
Sat, 22 Feb 2025 22:48:27 +0000 [2600:1006:b061:1e41:f5f2:67c:a096:72c4] [/home/u991737198/domains/tas2023.online/public_html/index.php:19] Base->run()
Sat, 22 Feb 2025 22:49:11 +0000 [2600:1006:b061:1e41:f5f2:67c:a096:72c4] 500: Undefined variable $selected_note trace: [/home/u991737198/domains/tas2023.online/public_html/tmp/3hn69l4qoa804.3g8shy2588w00.php:385]
Sat, 22 Feb 2025 22:49:11 +0000 [2600:1006:b061:1e41:f5f2:67c:a096:72c4] [/home/u991737198/domains/tas2023.online/public_html/tmp/3hn69l4qoa804.3g8shy2588w00.php:385] Base->{closure}()
Sat, 22 Feb 2025 22:49:11 +0000 [2600:1006:b061:1e41:f5f2:67c:a096:72c4] [/home/u991737198/domains/tas2023.online/public_html/lib/base.php:3036] require('/home/u991737198/domains/tas2023.online/public_html/tmp/3hn69l4qoa804.3g8shy2588w00.php')
Sat, 22 Feb 2025 22:49:11 +0000 [2600:1006:b061:1e41:f5f2:67c:a096:72c4] [/home/u991737198/domains/tas2023.online/public_html/lib/base.php:3281] View->sandbox()
Sat, 22 Feb 2025 22:49:11 +0000 [2600:1006:b061:1e41:f5f2:67c:a096:72c4] [/home/u991737198/domains/tas2023.online/public_html/tmp/3hn69l4qoa804.3h31n1yj254w8.php:7] Preview->render()
Sat, 22 Feb 2025 22:49:11 +0000 [2600:1006:b061:1e41:f5f2:67c:a096:72c4] [/home/u991737198/domains/tas2023.online/public_html/lib/base.php:3036] require('/home/u991737198/domains/tas2023.online/public_html/tmp/3hn69l4qoa804.3h31n1yj254w8.php')
Sat, 22 Feb 2025 22:49:11 +0000 [2600:1006:b061:1e41:f5f2:67c:a096:72c4] [/home/u991737198/domains/tas2023.online/public_html/lib/base.php:3281] View->sandbox()
Sat, 22 Feb 2025 22:49:11 +0000 [2600:1006:b061:1e41:f5f2:67c:a096:72c4] [/home/u991737198/domains/tas2023.online/public_html/app/controllers/Controller.php:87] Preview->render()
Sat, 22 Feb 2025 22:49:11 +0000 [2600:1006:b061:1e41:f5f2:67c:a096:72c4] [/home/u991737198/domains/tas2023.online/public_html/lib/base.php:2078] Controller->afterroute()
Sat, 22 Feb 2025 22:49:11 +0000 [2600:1006:b061:1e41:f5f2:67c:a096:72c4] [/home/u991737198/domains/tas2023.online/public_html/lib/base.php:1871] Base->call()
Sat, 22 Feb 2025 22:49:11 +0000 [2600:1006:b061:1e41:f5f2:67c:a096:72c4] [/home/u991737198/domains/tas2023.online/public_html/index.php:19] Base->run()
