Sun, 06 Apr 2025 20:14:18 +0000 [2600:1006:b044:dd68:781c:bd27:1325:ccdf] 401: HTTP 401 (GET /task/teamProductivity) trace: [/home/u991737198/domains/tas2023.online/public_html/lib/access.php:112] Base->error()
Sun, 06 Apr 2025 20:14:18 +0000 [2600:1006:b044:dd68:781c:bd27:1325:ccdf] 401: HTTP 401 (GET /task/userNotesCount) trace: [/home/u991737198/domains/tas2023.online/public_html/lib/access.php:112] Base->error()
Sun, 06 Apr 2025 20:14:18 +0000 [2600:1006:b044:dd68:781c:bd27:1325:ccdf] 401: HTTP 401 (GET /task/taskDistribution) trace: [/home/u991737198/domains/tas2023.online/public_html/lib/access.php:112] Base->error()
Sun, 06 Apr 2025 20:14:18 +0000 [2600:1006:b044:dd68:781c:bd27:1325:ccdf] [/home/u991737198/domains/tas2023.online/public_html/app/controllers/Controller.php:78] Access->authorize()
Sun, 06 Apr 2025 20:14:18 +0000 [2600:1006:b044:dd68:781c:bd27:1325:ccdf] [/home/u991737198/domains/tas2023.online/public_html/app/controllers/Controller.php:78] Access->authorize()
Sun, 06 Apr 2025 20:14:18 +0000 [2600:1006:b044:dd68:781c:bd27:1325:ccdf] [/home/u991737198/domains/tas2023.online/public_html/app/controllers/Controller.php:78] Access->authorize()
Sun, 06 Apr 2025 20:14:18 +0000 [2600:1006:b044:dd68:781c:bd27:1325:ccdf] [/home/u991737198/domains/tas2023.online/public_html/lib/base.php:2069] Controller->beforeroute()
Sun, 06 Apr 2025 20:14:18 +0000 [2600:1006:b044:dd68:781c:bd27:1325:ccdf] [/home/u991737198/domains/tas2023.online/public_html/lib/base.php:2069] Controller->beforeroute()
Sun, 06 Apr 2025 20:14:18 +0000 [2600:1006:b044:dd68:781c:bd27:1325:ccdf] [/home/u991737198/domains/tas2023.online/public_html/lib/base.php:2069] Controller->beforeroute()
Sun, 06 Apr 2025 20:14:18 +0000 [2600:1006:b044:dd68:781c:bd27:1325:ccdf] [/home/u991737198/domains/tas2023.online/public_html/lib/base.php:1871] Base->call()
Sun, 06 Apr 2025 20:14:18 +0000 [2600:1006:b044:dd68:781c:bd27:1325:ccdf] 401: HTTP 401 (GET /task/taskData) trace: [/home/u991737198/domains/tas2023.online/public_html/lib/access.php:112] Base->error()
Sun, 06 Apr 2025 20:14:18 +0000 [2600:1006:b044:dd68:781c:bd27:1325:ccdf] [/home/u991737198/domains/tas2023.online/public_html/lib/base.php:1871] Base->call()
Sun, 06 Apr 2025 20:14:18 +0000 [2600:1006:b044:dd68:781c:bd27:1325:ccdf] [/home/u991737198/domains/tas2023.online/public_html/index.php:19] Base->run()
Sun, 06 Apr 2025 20:14:18 +0000 [2600:1006:b044:dd68:781c:bd27:1325:ccdf] [/home/u991737198/domains/tas2023.online/public_html/lib/base.php:1871] Base->call()
Sun, 06 Apr 2025 20:14:18 +0000 [2600:1006:b044:dd68:781c:bd27:1325:ccdf] [/home/u991737198/domains/tas2023.online/public_html/app/controllers/Controller.php:78] Access->authorize()
Sun, 06 Apr 2025 20:14:18 +0000 [2600:1006:b044:dd68:781c:bd27:1325:ccdf] [/home/u991737198/domains/tas2023.online/public_html/index.php:19] Base->run()
Sun, 06 Apr 2025 20:14:18 +0000 [2600:1006:b044:dd68:781c:bd27:1325:ccdf] [/home/u991737198/domains/tas2023.online/public_html/index.php:19] Base->run()
Sun, 06 Apr 2025 20:14:18 +0000 [2600:1006:b044:dd68:781c:bd27:1325:ccdf] [/home/u991737198/domains/tas2023.online/public_html/lib/base.php:2069] Controller->beforeroute()
Sun, 06 Apr 2025 20:14:18 +0000 [2600:1006:b044:dd68:781c:bd27:1325:ccdf] [/home/u991737198/domains/tas2023.online/public_html/lib/base.php:1871] Base->call()
Sun, 06 Apr 2025 20:14:18 +0000 [2600:1006:b044:dd68:781c:bd27:1325:ccdf] [/home/u991737198/domains/tas2023.online/public_html/index.php:19] Base->run()
