Fri, 07 Nov 2025 07:07:19 +0000 [23.146.184.239] 500: Undefined field activado trace: [lib/db/sql/mapper.php:132]
Fri, 07 Nov 2025 07:07:19 +0000 [23.146.184.239] [lib/db/sql/mapper.php:132] user_error()
Fri, 07 Nov 2025 07:07:19 +0000 [23.146.184.239] [lib/magic.php:89] DB\SQL\Mapper->get()
Fri, 07 Nov 2025 07:07:19 +0000 [23.146.184.239] [lib/magic.php:131] Magic->offsetget()
Fri, 07 Nov 2025 07:07:19 +0000 [23.146.184.239] [app/controllers/UserController.php:453] Magic->__get()
Fri, 07 Nov 2025 07:07:19 +0000 [23.146.184.239] [lib/base.php:2072] UserController->create()
Fri, 07 Nov 2025 07:07:19 +0000 [23.146.184.239] [lib/base.php:1871] Base->call()
Fri, 07 Nov 2025 07:07:19 +0000 [23.146.184.239] [index.php:19] Base->run()
Fri, 07 Nov 2025 14:50:30 +0000 [196.251.114.153] 500: Undefined field activado trace: [lib/db/sql/mapper.php:132]
Fri, 07 Nov 2025 14:50:30 +0000 [196.251.114.153] [lib/db/sql/mapper.php:132] user_error()
Fri, 07 Nov 2025 14:50:30 +0000 [196.251.114.153] [lib/magic.php:89] DB\SQL\Mapper->get()
Fri, 07 Nov 2025 14:50:30 +0000 [196.251.114.153] [lib/magic.php:131] Magic->offsetget()
Fri, 07 Nov 2025 14:50:30 +0000 [196.251.114.153] [app/controllers/UserController.php:453] Magic->__get()
Fri, 07 Nov 2025 14:50:30 +0000 [196.251.114.153] [lib/base.php:2072] UserController->create()
Fri, 07 Nov 2025 14:50:30 +0000 [196.251.114.153] [lib/base.php:1871] Base->call()
Fri, 07 Nov 2025 14:50:30 +0000 [196.251.114.153] [index.php:19] Base->run()
Fri, 07 Nov 2025 19:28:20 +0000 [2607:fb92:1c85:c6c:6d4:5623:588f:cafc] 401: HTTP 401 (GET /task/userNotesCount) trace: [/home/u991737198/domains/tas2023.online/public_html/lib/access.php:112] Base->error()
Fri, 07 Nov 2025 19:28:20 +0000 [2607:fb92:1c85:c6c:6d4:5623:588f:cafc] 401: HTTP 401 (GET /task/teamProductivity) trace: [/home/u991737198/domains/tas2023.online/public_html/lib/access.php:112] Base->error()
Fri, 07 Nov 2025 19:28:20 +0000 [2607:fb92:1c85:c6c:6d4:5623:588f:cafc] 401: HTTP 401 (GET /task/taskDistribution) trace: [/home/u991737198/domains/tas2023.online/public_html/lib/access.php:112] Base->error()
Fri, 07 Nov 2025 19:28:20 +0000 [2607:fb92:1c85:c6c:6d4:5623:588f:cafc] [/home/u991737198/domains/tas2023.online/public_html/app/controllers/Controller.php:78] Access->authorize()
Fri, 07 Nov 2025 19:28:20 +0000 [2607:fb92:1c85:c6c:6d4:5623:588f:cafc] [/home/u991737198/domains/tas2023.online/public_html/app/controllers/Controller.php:78] Access->authorize()
Fri, 07 Nov 2025 19:28:20 +0000 [2607:fb92:1c85:c6c:6d4:5623:588f:cafc] [/home/u991737198/domains/tas2023.online/public_html/app/controllers/Controller.php:78] Access->authorize()
Fri, 07 Nov 2025 19:28:20 +0000 [2607:fb92:1c85:c6c:6d4:5623:588f:cafc] [/home/u991737198/domains/tas2023.online/public_html/lib/base.php:2069] Controller->beforeroute()
Fri, 07 Nov 2025 19:28:20 +0000 [2607:fb92:1c85:c6c:6d4:5623:588f:cafc] [/home/u991737198/domains/tas2023.online/public_html/lib/base.php:2069] Controller->beforeroute()
Fri, 07 Nov 2025 19:28:20 +0000 [2607:fb92:1c85:c6c:6d4:5623:588f:cafc] [/home/u991737198/domains/tas2023.online/public_html/lib/base.php:2069] Controller->beforeroute()
Fri, 07 Nov 2025 19:28:20 +0000 [2607:fb92:1c85:c6c:6d4:5623:588f:cafc] [/home/u991737198/domains/tas2023.online/public_html/lib/base.php:1871] Base->call()
Fri, 07 Nov 2025 19:28:20 +0000 [2607:fb92:1c85:c6c:6d4:5623:588f:cafc] [/home/u991737198/domains/tas2023.online/public_html/index.php:19] Base->run()
Fri, 07 Nov 2025 19:28:20 +0000 [2607:fb92:1c85:c6c:6d4:5623:588f:cafc] [/home/u991737198/domains/tas2023.online/public_html/lib/base.php:1871] Base->call()
Fri, 07 Nov 2025 19:28:20 +0000 [2607:fb92:1c85:c6c:6d4:5623:588f:cafc] [/home/u991737198/domains/tas2023.online/public_html/index.php:19] Base->run()
Fri, 07 Nov 2025 19:28:20 +0000 [2607:fb92:1c85:c6c:6d4:5623:588f:cafc] [/home/u991737198/domains/tas2023.online/public_html/lib/base.php:1871] Base->call()
Fri, 07 Nov 2025 19:28:20 +0000 [2607:fb92:1c85:c6c:6d4:5623:588f:cafc] [/home/u991737198/domains/tas2023.online/public_html/index.php:19] Base->run()
Fri, 07 Nov 2025 19:28:20 +0000 [2607:fb92:1c85:c6c:6d4:5623:588f:cafc] 401: HTTP 401 (GET /task/taskData) trace: [/home/u991737198/domains/tas2023.online/public_html/lib/access.php:112] Base->error()
Fri, 07 Nov 2025 19:28:20 +0000 [2607:fb92:1c85:c6c:6d4:5623:588f:cafc] [/home/u991737198/domains/tas2023.online/public_html/app/controllers/Controller.php:78] Access->authorize()
Fri, 07 Nov 2025 19:28:20 +0000 [2607:fb92:1c85:c6c:6d4:5623:588f:cafc] [/home/u991737198/domains/tas2023.online/public_html/lib/base.php:2069] Controller->beforeroute()
Fri, 07 Nov 2025 19:28:20 +0000 [2607:fb92:1c85:c6c:6d4:5623:588f:cafc] [/home/u991737198/domains/tas2023.online/public_html/lib/base.php:1871] Base->call()
Fri, 07 Nov 2025 19:28:20 +0000 [2607:fb92:1c85:c6c:6d4:5623:588f:cafc] [/home/u991737198/domains/tas2023.online/public_html/index.php:19] Base->run()
Fri, 07 Nov 2025 19:28:22 +0000 [2607:fb92:1c85:c6c:6d4:5623:588f:cafc] 401: HTTP 401 (GET /task/edit/23/86/person) trace: [/home/u991737198/domains/tas2023.online/public_html/lib/access.php:112] Base->error()
Fri, 07 Nov 2025 19:28:22 +0000 [2607:fb92:1c85:c6c:6d4:5623:588f:cafc] [/home/u991737198/domains/tas2023.online/public_html/app/controllers/Controller.php:78] Access->authorize()
Fri, 07 Nov 2025 19:28:22 +0000 [2607:fb92:1c85:c6c:6d4:5623:588f:cafc] [/home/u991737198/domains/tas2023.online/public_html/lib/base.php:2069] Controller->beforeroute()
Fri, 07 Nov 2025 19:28:22 +0000 [2607:fb92:1c85:c6c:6d4:5623:588f:cafc] [/home/u991737198/domains/tas2023.online/public_html/lib/base.php:1871] Base->call()
Fri, 07 Nov 2025 19:28:22 +0000 [2607:fb92:1c85:c6c:6d4:5623:588f:cafc] [/home/u991737198/domains/tas2023.online/public_html/index.php:19] Base->run()
Fri, 07 Nov 2025 19:28:42 +0000 [2607:fb92:1c85:c6c:6d4:5623:588f:cafc] 500: Undefined variable $fechapicker trace: [/home/u991737198/domains/tas2023.online/public_html/tmp/3hn69l4qoa804.22phmm30e0u84.php:334]
Fri, 07 Nov 2025 19:28:42 +0000 [2607:fb92:1c85:c6c:6d4:5623:588f:cafc] [/home/u991737198/domains/tas2023.online/public_html/tmp/3hn69l4qoa804.22phmm30e0u84.php:334] Base->{closure}()
Fri, 07 Nov 2025 19:28:42 +0000 [2607:fb92:1c85:c6c:6d4:5623:588f:cafc] [/home/u991737198/domains/tas2023.online/public_html/lib/base.php:3036] require('/home/u991737198/domains/tas2023.online/public_html/tmp/3hn69l4qoa804.22phmm30e0u84.php')
Fri, 07 Nov 2025 19:28:42 +0000 [2607:fb92:1c85:c6c:6d4:5623:588f:cafc] [/home/u991737198/domains/tas2023.online/public_html/lib/base.php:3281] View->sandbox()
Fri, 07 Nov 2025 19:28:42 +0000 [2607:fb92:1c85:c6c:6d4:5623:588f:cafc] [/home/u991737198/domains/tas2023.online/public_html/tmp/3hn69l4qoa804.3h31n1yj254w8.php:7] Preview->render()
Fri, 07 Nov 2025 19:28:42 +0000 [2607:fb92:1c85:c6c:6d4:5623:588f:cafc] [/home/u991737198/domains/tas2023.online/public_html/lib/base.php:3036] require('/home/u991737198/domains/tas2023.online/public_html/tmp/3hn69l4qoa804.3h31n1yj254w8.php')
Fri, 07 Nov 2025 19:28:42 +0000 [2607:fb92:1c85:c6c:6d4:5623:588f:cafc] [/home/u991737198/domains/tas2023.online/public_html/lib/base.php:3281] View->sandbox()
Fri, 07 Nov 2025 19:28:42 +0000 [2607:fb92:1c85:c6c:6d4:5623:588f:cafc] [/home/u991737198/domains/tas2023.online/public_html/app/controllers/Controller.php:87] Preview->render()
Fri, 07 Nov 2025 19:28:42 +0000 [2607:fb92:1c85:c6c:6d4:5623:588f:cafc] [/home/u991737198/domains/tas2023.online/public_html/lib/base.php:2078] Controller->afterroute()
Fri, 07 Nov 2025 19:28:42 +0000 [2607:fb92:1c85:c6c:6d4:5623:588f:cafc] [/home/u991737198/domains/tas2023.online/public_html/lib/base.php:1871] Base->call()
Fri, 07 Nov 2025 19:28:42 +0000 [2607:fb92:1c85:c6c:6d4:5623:588f:cafc] [/home/u991737198/domains/tas2023.online/public_html/index.php:19] Base->run()
Fri, 07 Nov 2025 19:28:46 +0000 [2607:fb92:1c85:c6c:6d4:5623:588f:cafc] 500: Undefined variable $fechapicker trace: [/home/u991737198/domains/tas2023.online/public_html/tmp/3hn69l4qoa804.22phmm30e0u84.php:334]
Fri, 07 Nov 2025 19:28:46 +0000 [2607:fb92:1c85:c6c:6d4:5623:588f:cafc] [/home/u991737198/domains/tas2023.online/public_html/tmp/3hn69l4qoa804.22phmm30e0u84.php:334] Base->{closure}()
Fri, 07 Nov 2025 19:28:46 +0000 [2607:fb92:1c85:c6c:6d4:5623:588f:cafc] [/home/u991737198/domains/tas2023.online/public_html/lib/base.php:3036] require('/home/u991737198/domains/tas2023.online/public_html/tmp/3hn69l4qoa804.22phmm30e0u84.php')
Fri, 07 Nov 2025 19:28:46 +0000 [2607:fb92:1c85:c6c:6d4:5623:588f:cafc] [/home/u991737198/domains/tas2023.online/public_html/lib/base.php:3281] View->sandbox()
Fri, 07 Nov 2025 19:28:46 +0000 [2607:fb92:1c85:c6c:6d4:5623:588f:cafc] [/home/u991737198/domains/tas2023.online/public_html/tmp/3hn69l4qoa804.3h31n1yj254w8.php:7] Preview->render()
Fri, 07 Nov 2025 19:28:46 +0000 [2607:fb92:1c85:c6c:6d4:5623:588f:cafc] [/home/u991737198/domains/tas2023.online/public_html/lib/base.php:3036] require('/home/u991737198/domains/tas2023.online/public_html/tmp/3hn69l4qoa804.3h31n1yj254w8.php')
Fri, 07 Nov 2025 19:28:46 +0000 [2607:fb92:1c85:c6c:6d4:5623:588f:cafc] [/home/u991737198/domains/tas2023.online/public_html/lib/base.php:3281] View->sandbox()
Fri, 07 Nov 2025 19:28:46 +0000 [2607:fb92:1c85:c6c:6d4:5623:588f:cafc] [/home/u991737198/domains/tas2023.online/public_html/app/controllers/Controller.php:87] Preview->render()
Fri, 07 Nov 2025 19:28:46 +0000 [2607:fb92:1c85:c6c:6d4:5623:588f:cafc] [/home/u991737198/domains/tas2023.online/public_html/lib/base.php:2078] Controller->afterroute()
Fri, 07 Nov 2025 19:28:46 +0000 [2607:fb92:1c85:c6c:6d4:5623:588f:cafc] [/home/u991737198/domains/tas2023.online/public_html/lib/base.php:1871] Base->call()
Fri, 07 Nov 2025 19:28:46 +0000 [2607:fb92:1c85:c6c:6d4:5623:588f:cafc] [/home/u991737198/domains/tas2023.online/public_html/index.php:19] Base->run()
Fri, 07 Nov 2025 19:28:50 +0000 [2607:fb92:1c85:c6c:6d4:5623:588f:cafc] 500: Undefined variable $selected_note trace: [/home/u991737198/domains/tas2023.online/public_html/tmp/3hn69l4qoa804.3g8shy2588w00.php:385]
Fri, 07 Nov 2025 19:28:50 +0000 [2607:fb92:1c85:c6c:6d4:5623:588f:cafc] [/home/u991737198/domains/tas2023.online/public_html/tmp/3hn69l4qoa804.3g8shy2588w00.php:385] Base->{closure}()
Fri, 07 Nov 2025 19:28:50 +0000 [2607:fb92:1c85:c6c:6d4:5623:588f:cafc] [/home/u991737198/domains/tas2023.online/public_html/lib/base.php:3036] require('/home/u991737198/domains/tas2023.online/public_html/tmp/3hn69l4qoa804.3g8shy2588w00.php')
Fri, 07 Nov 2025 19:28:50 +0000 [2607:fb92:1c85:c6c:6d4:5623:588f:cafc] [/home/u991737198/domains/tas2023.online/public_html/lib/base.php:3281] View->sandbox()
Fri, 07 Nov 2025 19:28:50 +0000 [2607:fb92:1c85:c6c:6d4:5623:588f:cafc] [/home/u991737198/domains/tas2023.online/public_html/tmp/3hn69l4qoa804.3h31n1yj254w8.php:7] Preview->render()
Fri, 07 Nov 2025 19:28:50 +0000 [2607:fb92:1c85:c6c:6d4:5623:588f:cafc] [/home/u991737198/domains/tas2023.online/public_html/lib/base.php:3036] require('/home/u991737198/domains/tas2023.online/public_html/tmp/3hn69l4qoa804.3h31n1yj254w8.php')
Fri, 07 Nov 2025 19:28:50 +0000 [2607:fb92:1c85:c6c:6d4:5623:588f:cafc] [/home/u991737198/domains/tas2023.online/public_html/lib/base.php:3281] View->sandbox()
Fri, 07 Nov 2025 19:28:50 +0000 [2607:fb92:1c85:c6c:6d4:5623:588f:cafc] [/home/u991737198/domains/tas2023.online/public_html/app/controllers/Controller.php:87] Preview->render()
Fri, 07 Nov 2025 19:28:50 +0000 [2607:fb92:1c85:c6c:6d4:5623:588f:cafc] [/home/u991737198/domains/tas2023.online/public_html/lib/base.php:2078] Controller->afterroute()
Fri, 07 Nov 2025 19:28:50 +0000 [2607:fb92:1c85:c6c:6d4:5623:588f:cafc] [/home/u991737198/domains/tas2023.online/public_html/lib/base.php:1871] Base->call()
Fri, 07 Nov 2025 19:28:50 +0000 [2607:fb92:1c85:c6c:6d4:5623:588f:cafc] [/home/u991737198/domains/tas2023.online/public_html/index.php:19] Base->run()
Fri, 07 Nov 2025 20:34:10 +0000 [2607:fb92:1c85:c6c:b4dc:2a7d:1:5158] 401: HTTP 401 (GET /person/listperson) trace: [lib/access.php:112] Base->error()
Fri, 07 Nov 2025 20:34:10 +0000 [2607:fb92:1c85:c6c:b4dc:2a7d:1:5158] [app/controllers/Controller.php:78] Access->authorize()
Fri, 07 Nov 2025 20:34:10 +0000 [2607:fb92:1c85:c6c:b4dc:2a7d:1:5158] [lib/base.php:2069] Controller->beforeroute()
Fri, 07 Nov 2025 20:34:10 +0000 [2607:fb92:1c85:c6c:b4dc:2a7d:1:5158] [lib/base.php:1871] Base->call()
Fri, 07 Nov 2025 20:34:10 +0000 [2607:fb92:1c85:c6c:b4dc:2a7d:1:5158] [index.php:19] Base->run()
Fri, 07 Nov 2025 21:51:33 +0000 [2607:fb92:1c85:c6c:b4dc:2a7d:1:5158] 500: Undefined variable $entity_num trace: [tmp/3hn69l4qoa804.man4oes5p0l2.php:177]
Fri, 07 Nov 2025 21:51:33 +0000 [2607:fb92:1c85:c6c:b4dc:2a7d:1:5158] [tmp/3hn69l4qoa804.man4oes5p0l2.php:177] Base->{closure}()
Fri, 07 Nov 2025 21:51:33 +0000 [2607:fb92:1c85:c6c:b4dc:2a7d:1:5158] [lib/base.php:3036] require('/home/u991737198/domains/tas2023.online/public_html/tmp/3hn69l4qoa804.man4oes5p0l2.php')
Fri, 07 Nov 2025 21:51:33 +0000 [2607:fb92:1c85:c6c:b4dc:2a7d:1:5158] [lib/base.php:3281] View->sandbox()
Fri, 07 Nov 2025 21:51:33 +0000 [2607:fb92:1c85:c6c:b4dc:2a7d:1:5158] [tmp/3hn69l4qoa804.3h31n1yj254w8.php:7] Preview->render()
Fri, 07 Nov 2025 21:51:33 +0000 [2607:fb92:1c85:c6c:b4dc:2a7d:1:5158] [lib/base.php:3036] require('/home/u991737198/domains/tas2023.online/public_html/tmp/3hn69l4qoa804.3h31n1yj254w8.php')
Fri, 07 Nov 2025 21:51:33 +0000 [2607:fb92:1c85:c6c:b4dc:2a7d:1:5158] [lib/base.php:3281] View->sandbox()
Fri, 07 Nov 2025 21:51:33 +0000 [2607:fb92:1c85:c6c:b4dc:2a7d:1:5158] [app/controllers/Controller.php:87] Preview->render()
Fri, 07 Nov 2025 21:51:33 +0000 [2607:fb92:1c85:c6c:b4dc:2a7d:1:5158] [lib/base.php:2078] Controller->afterroute()
Fri, 07 Nov 2025 21:51:33 +0000 [2607:fb92:1c85:c6c:b4dc:2a7d:1:5158] [lib/base.php:1871] Base->call()
Fri, 07 Nov 2025 21:51:33 +0000 [2607:fb92:1c85:c6c:b4dc:2a7d:1:5158] [index.php:19] Base->run()
Fri, 07 Nov 2025 21:53:04 +0000 [2607:fb92:1c85:c6c:b4dc:2a7d:1:5158] 500: Undefined variable $fechapicker trace: [/home/u991737198/domains/tas2023.online/public_html/tmp/3hn69l4qoa804.22phmm30e0u84.php:334]
Fri, 07 Nov 2025 21:53:04 +0000 [2607:fb92:1c85:c6c:b4dc:2a7d:1:5158] [/home/u991737198/domains/tas2023.online/public_html/tmp/3hn69l4qoa804.22phmm30e0u84.php:334] Base->{closure}()
Fri, 07 Nov 2025 21:53:04 +0000 [2607:fb92:1c85:c6c:b4dc:2a7d:1:5158] [/home/u991737198/domains/tas2023.online/public_html/lib/base.php:3036] require('/home/u991737198/domains/tas2023.online/public_html/tmp/3hn69l4qoa804.22phmm30e0u84.php')
Fri, 07 Nov 2025 21:53:04 +0000 [2607:fb92:1c85:c6c:b4dc:2a7d:1:5158] [/home/u991737198/domains/tas2023.online/public_html/lib/base.php:3281] View->sandbox()
Fri, 07 Nov 2025 21:53:04 +0000 [2607:fb92:1c85:c6c:b4dc:2a7d:1:5158] [/home/u991737198/domains/tas2023.online/public_html/tmp/3hn69l4qoa804.3h31n1yj254w8.php:7] Preview->render()
Fri, 07 Nov 2025 21:53:04 +0000 [2607:fb92:1c85:c6c:b4dc:2a7d:1:5158] [/home/u991737198/domains/tas2023.online/public_html/lib/base.php:3036] require('/home/u991737198/domains/tas2023.online/public_html/tmp/3hn69l4qoa804.3h31n1yj254w8.php')
Fri, 07 Nov 2025 21:53:04 +0000 [2607:fb92:1c85:c6c:b4dc:2a7d:1:5158] [/home/u991737198/domains/tas2023.online/public_html/lib/base.php:3281] View->sandbox()
Fri, 07 Nov 2025 21:53:04 +0000 [2607:fb92:1c85:c6c:b4dc:2a7d:1:5158] [/home/u991737198/domains/tas2023.online/public_html/app/controllers/Controller.php:87] Preview->render()
Fri, 07 Nov 2025 21:53:04 +0000 [2607:fb92:1c85:c6c:b4dc:2a7d:1:5158] [/home/u991737198/domains/tas2023.online/public_html/lib/base.php:2078] Controller->afterroute()
Fri, 07 Nov 2025 21:53:04 +0000 [2607:fb92:1c85:c6c:b4dc:2a7d:1:5158] [/home/u991737198/domains/tas2023.online/public_html/lib/base.php:1871] Base->call()
Fri, 07 Nov 2025 21:53:04 +0000 [2607:fb92:1c85:c6c:b4dc:2a7d:1:5158] [/home/u991737198/domains/tas2023.online/public_html/index.php:19] Base->run()
Fri, 07 Nov 2025 21:53:07 +0000 [2607:fb92:1c85:c6c:b4dc:2a7d:1:5158] 500: Undefined variable $fechapicker trace: [/home/u991737198/domains/tas2023.online/public_html/tmp/3hn69l4qoa804.22phmm30e0u84.php:334]
Fri, 07 Nov 2025 21:53:07 +0000 [2607:fb92:1c85:c6c:b4dc:2a7d:1:5158] [/home/u991737198/domains/tas2023.online/public_html/tmp/3hn69l4qoa804.22phmm30e0u84.php:334] Base->{closure}()
Fri, 07 Nov 2025 21:53:07 +0000 [2607:fb92:1c85:c6c:b4dc:2a7d:1:5158] [/home/u991737198/domains/tas2023.online/public_html/lib/base.php:3036] require('/home/u991737198/domains/tas2023.online/public_html/tmp/3hn69l4qoa804.22phmm30e0u84.php')
Fri, 07 Nov 2025 21:53:07 +0000 [2607:fb92:1c85:c6c:b4dc:2a7d:1:5158] [/home/u991737198/domains/tas2023.online/public_html/lib/base.php:3281] View->sandbox()
Fri, 07 Nov 2025 21:53:07 +0000 [2607:fb92:1c85:c6c:b4dc:2a7d:1:5158] [/home/u991737198/domains/tas2023.online/public_html/tmp/3hn69l4qoa804.3h31n1yj254w8.php:7] Preview->render()
Fri, 07 Nov 2025 21:53:07 +0000 [2607:fb92:1c85:c6c:b4dc:2a7d:1:5158] [/home/u991737198/domains/tas2023.online/public_html/lib/base.php:3036] require('/home/u991737198/domains/tas2023.online/public_html/tmp/3hn69l4qoa804.3h31n1yj254w8.php')
Fri, 07 Nov 2025 21:53:07 +0000 [2607:fb92:1c85:c6c:b4dc:2a7d:1:5158] [/home/u991737198/domains/tas2023.online/public_html/lib/base.php:3281] View->sandbox()
Fri, 07 Nov 2025 21:53:07 +0000 [2607:fb92:1c85:c6c:b4dc:2a7d:1:5158] [/home/u991737198/domains/tas2023.online/public_html/app/controllers/Controller.php:87] Preview->render()
Fri, 07 Nov 2025 21:53:07 +0000 [2607:fb92:1c85:c6c:b4dc:2a7d:1:5158] [/home/u991737198/domains/tas2023.online/public_html/lib/base.php:2078] Controller->afterroute()
Fri, 07 Nov 2025 21:53:07 +0000 [2607:fb92:1c85:c6c:b4dc:2a7d:1:5158] [/home/u991737198/domains/tas2023.online/public_html/lib/base.php:1871] Base->call()
Fri, 07 Nov 2025 21:53:07 +0000 [2607:fb92:1c85:c6c:b4dc:2a7d:1:5158] [/home/u991737198/domains/tas2023.online/public_html/index.php:19] Base->run()
