Sun, 11 May 2025 07:21:01 +0000 [91.239.148.85] 500: Undefined field activado trace: [lib/db/sql/mapper.php:132]
Sun, 11 May 2025 07:21:01 +0000 [91.239.148.85] [lib/db/sql/mapper.php:132] user_error()
Sun, 11 May 2025 07:21:01 +0000 [91.239.148.85] [lib/magic.php:89] DB\SQL\Mapper->get()
Sun, 11 May 2025 07:21:01 +0000 [91.239.148.85] [lib/magic.php:131] Magic->offsetget()
Sun, 11 May 2025 07:21:01 +0000 [91.239.148.85] [app/controllers/UserController.php:453] Magic->__get()
Sun, 11 May 2025 07:21:01 +0000 [91.239.148.85] [lib/base.php:2072] UserController->create()
Sun, 11 May 2025 07:21:01 +0000 [91.239.148.85] [lib/base.php:1871] Base->call()
Sun, 11 May 2025 07:21:01 +0000 [91.239.148.85] [index.php:19] Base->run()
Sun, 11 May 2025 10:06:54 +0000 [188.127.240.187] 500: Undefined field activado trace: [lib/db/sql/mapper.php:132]
Sun, 11 May 2025 10:06:54 +0000 [188.127.240.187] [lib/db/sql/mapper.php:132] user_error()
Sun, 11 May 2025 10:06:54 +0000 [188.127.240.187] [lib/magic.php:89] DB\SQL\Mapper->get()
Sun, 11 May 2025 10:06:54 +0000 [188.127.240.187] [lib/magic.php:131] Magic->offsetget()
Sun, 11 May 2025 10:06:54 +0000 [188.127.240.187] [app/controllers/UserController.php:453] Magic->__get()
Sun, 11 May 2025 10:06:54 +0000 [188.127.240.187] [lib/base.php:2072] UserController->create()
Sun, 11 May 2025 10:06:54 +0000 [188.127.240.187] [lib/base.php:1871] Base->call()
Sun, 11 May 2025 10:06:54 +0000 [188.127.240.187] [index.php:19] Base->run()
Sun, 11 May 2025 21:55:25 +0000 [2601:300:4b80:1b0:6c3b:9e89:d086:aa3c] 401: HTTP 401 (GET /task/taskData) trace: [/home/u991737198/domains/tas2023.online/public_html/lib/access.php:112] Base->error()
Sun, 11 May 2025 21:55:25 +0000 [2601:300:4b80:1b0:6c3b:9e89:d086:aa3c] 401: HTTP 401 (GET /task/taskDistribution) trace: [/home/u991737198/domains/tas2023.online/public_html/lib/access.php:112] Base->error()
Sun, 11 May 2025 21:55:25 +0000 [2601:300:4b80:1b0:6c3b:9e89:d086:aa3c] 401: HTTP 401 (GET /task/userNotesCount) trace: [/home/u991737198/domains/tas2023.online/public_html/lib/access.php:112] Base->error()
Sun, 11 May 2025 21:55:25 +0000 [2601:300:4b80:1b0:6c3b:9e89:d086:aa3c] [/home/u991737198/domains/tas2023.online/public_html/app/controllers/Controller.php:78] Access->authorize()
Sun, 11 May 2025 21:55:25 +0000 [2601:300:4b80:1b0:6c3b:9e89:d086:aa3c] [/home/u991737198/domains/tas2023.online/public_html/app/controllers/Controller.php:78] Access->authorize()
Sun, 11 May 2025 21:55:25 +0000 [2601:300:4b80:1b0:6c3b:9e89:d086:aa3c] [/home/u991737198/domains/tas2023.online/public_html/app/controllers/Controller.php:78] Access->authorize()
Sun, 11 May 2025 21:55:25 +0000 [2601:300:4b80:1b0:6c3b:9e89:d086:aa3c] [/home/u991737198/domains/tas2023.online/public_html/lib/base.php:2069] Controller->beforeroute()
Sun, 11 May 2025 21:55:25 +0000 [2601:300:4b80:1b0:6c3b:9e89:d086:aa3c] [/home/u991737198/domains/tas2023.online/public_html/lib/base.php:2069] Controller->beforeroute()
Sun, 11 May 2025 21:55:25 +0000 [2601:300:4b80:1b0:6c3b:9e89:d086:aa3c] [/home/u991737198/domains/tas2023.online/public_html/lib/base.php:2069] Controller->beforeroute()
Sun, 11 May 2025 21:55:25 +0000 [2601:300:4b80:1b0:6c3b:9e89:d086:aa3c] [/home/u991737198/domains/tas2023.online/public_html/lib/base.php:1871] Base->call()
Sun, 11 May 2025 21:55:25 +0000 [2601:300:4b80:1b0:6c3b:9e89:d086:aa3c] [/home/u991737198/domains/tas2023.online/public_html/lib/base.php:1871] Base->call()
Sun, 11 May 2025 21:55:25 +0000 [2601:300:4b80:1b0:6c3b:9e89:d086:aa3c] 401: HTTP 401 (GET /task/teamProductivity) trace: [/home/u991737198/domains/tas2023.online/public_html/lib/access.php:112] Base->error()
Sun, 11 May 2025 21:55:25 +0000 [2601:300:4b80:1b0:6c3b:9e89:d086:aa3c] [/home/u991737198/domains/tas2023.online/public_html/lib/base.php:1871] Base->call()
Sun, 11 May 2025 21:55:25 +0000 [2601:300:4b80:1b0:6c3b:9e89:d086:aa3c] [/home/u991737198/domains/tas2023.online/public_html/index.php:19] Base->run()
Sun, 11 May 2025 21:55:25 +0000 [2601:300:4b80:1b0:6c3b:9e89:d086:aa3c] [/home/u991737198/domains/tas2023.online/public_html/index.php:19] Base->run()
Sun, 11 May 2025 21:55:25 +0000 [2601:300:4b80:1b0:6c3b:9e89:d086:aa3c] [/home/u991737198/domains/tas2023.online/public_html/index.php:19] Base->run()
Sun, 11 May 2025 21:55:25 +0000 [2601:300:4b80:1b0:6c3b:9e89:d086:aa3c] [/home/u991737198/domains/tas2023.online/public_html/app/controllers/Controller.php:78] Access->authorize()
Sun, 11 May 2025 21:55:25 +0000 [2601:300:4b80:1b0:6c3b:9e89:d086:aa3c] [/home/u991737198/domains/tas2023.online/public_html/lib/base.php:2069] Controller->beforeroute()
Sun, 11 May 2025 21:55:25 +0000 [2601:300:4b80:1b0:6c3b:9e89:d086:aa3c] [/home/u991737198/domains/tas2023.online/public_html/lib/base.php:1871] Base->call()
Sun, 11 May 2025 21:55:25 +0000 [2601:300:4b80:1b0:6c3b:9e89:d086:aa3c] [/home/u991737198/domains/tas2023.online/public_html/index.php:19] Base->run()
Sun, 11 May 2025 21:55:57 +0000 [2601:300:4b80:1b0:6c3b:9e89:d086:aa3c] 500: Undefined variable $selected_note trace: [/home/u991737198/domains/tas2023.online/public_html/tmp/3hn69l4qoa804.3g8shy2588w00.php:385]
Sun, 11 May 2025 21:55:57 +0000 [2601:300:4b80:1b0:6c3b:9e89:d086:aa3c] [/home/u991737198/domains/tas2023.online/public_html/tmp/3hn69l4qoa804.3g8shy2588w00.php:385] Base->{closure}()
Sun, 11 May 2025 21:55:57 +0000 [2601:300:4b80:1b0:6c3b:9e89:d086:aa3c] [/home/u991737198/domains/tas2023.online/public_html/lib/base.php:3036] require('/home/u991737198/domains/tas2023.online/public_html/tmp/3hn69l4qoa804.3g8shy2588w00.php')
Sun, 11 May 2025 21:55:57 +0000 [2601:300:4b80:1b0:6c3b:9e89:d086:aa3c] [/home/u991737198/domains/tas2023.online/public_html/lib/base.php:3281] View->sandbox()
Sun, 11 May 2025 21:55:57 +0000 [2601:300:4b80:1b0:6c3b:9e89:d086:aa3c] [/home/u991737198/domains/tas2023.online/public_html/tmp/3hn69l4qoa804.3h31n1yj254w8.php:7] Preview->render()
Sun, 11 May 2025 21:55:57 +0000 [2601:300:4b80:1b0:6c3b:9e89:d086:aa3c] [/home/u991737198/domains/tas2023.online/public_html/lib/base.php:3036] require('/home/u991737198/domains/tas2023.online/public_html/tmp/3hn69l4qoa804.3h31n1yj254w8.php')
Sun, 11 May 2025 21:55:57 +0000 [2601:300:4b80:1b0:6c3b:9e89:d086:aa3c] [/home/u991737198/domains/tas2023.online/public_html/lib/base.php:3281] View->sandbox()
Sun, 11 May 2025 21:55:57 +0000 [2601:300:4b80:1b0:6c3b:9e89:d086:aa3c] [/home/u991737198/domains/tas2023.online/public_html/app/controllers/Controller.php:87] Preview->render()
Sun, 11 May 2025 21:55:57 +0000 [2601:300:4b80:1b0:6c3b:9e89:d086:aa3c] [/home/u991737198/domains/tas2023.online/public_html/lib/base.php:2078] Controller->afterroute()
Sun, 11 May 2025 21:55:57 +0000 [2601:300:4b80:1b0:6c3b:9e89:d086:aa3c] [/home/u991737198/domains/tas2023.online/public_html/lib/base.php:1871] Base->call()
Sun, 11 May 2025 21:55:57 +0000 [2601:300:4b80:1b0:6c3b:9e89:d086:aa3c] [/home/u991737198/domains/tas2023.online/public_html/index.php:19] Base->run()
Sun, 11 May 2025 21:57:26 +0000 [2601:300:4b80:1b0:6c3b:9e89:d086:aa3c] 401: HTTP 401 (GET /task/taskData) trace: [/home/u991737198/domains/tas2023.online/public_html/lib/access.php:112] Base->error()
Sun, 11 May 2025 21:57:26 +0000 [2601:300:4b80:1b0:6c3b:9e89:d086:aa3c] [/home/u991737198/domains/tas2023.online/public_html/app/controllers/Controller.php:78] Access->authorize()
Sun, 11 May 2025 21:57:26 +0000 [2601:300:4b80:1b0:6c3b:9e89:d086:aa3c] [/home/u991737198/domains/tas2023.online/public_html/lib/base.php:2069] Controller->beforeroute()
Sun, 11 May 2025 21:57:26 +0000 [2601:300:4b80:1b0:6c3b:9e89:d086:aa3c] [/home/u991737198/domains/tas2023.online/public_html/lib/base.php:1871] Base->call()
Sun, 11 May 2025 21:57:26 +0000 [2601:300:4b80:1b0:6c3b:9e89:d086:aa3c] [/home/u991737198/domains/tas2023.online/public_html/index.php:19] Base->run()
Sun, 11 May 2025 21:57:30 +0000 [2601:300:4b80:1b0:6c3b:9e89:d086:aa3c] 401: HTTP 401 (GET /task/edit/445/105/project) trace: [/home/u991737198/domains/tas2023.online/public_html/lib/access.php:112] Base->error()
Sun, 11 May 2025 21:57:30 +0000 [2601:300:4b80:1b0:6c3b:9e89:d086:aa3c] [/home/u991737198/domains/tas2023.online/public_html/app/controllers/Controller.php:78] Access->authorize()
Sun, 11 May 2025 21:57:30 +0000 [2601:300:4b80:1b0:6c3b:9e89:d086:aa3c] [/home/u991737198/domains/tas2023.online/public_html/lib/base.php:2069] Controller->beforeroute()
Sun, 11 May 2025 21:57:30 +0000 [2601:300:4b80:1b0:6c3b:9e89:d086:aa3c] [/home/u991737198/domains/tas2023.online/public_html/lib/base.php:1871] Base->call()
Sun, 11 May 2025 21:57:30 +0000 [2601:300:4b80:1b0:6c3b:9e89:d086:aa3c] [/home/u991737198/domains/tas2023.online/public_html/index.php:19] Base->run()
Sun, 11 May 2025 21:57:52 +0000 [2601:300:4b80:1b0:6c3b:9e89:d086:aa3c] 500: Undefined variable $selected_note trace: [/home/u991737198/domains/tas2023.online/public_html/tmp/3hn69l4qoa804.3g8shy2588w00.php:385]
Sun, 11 May 2025 21:57:52 +0000 [2601:300:4b80:1b0:6c3b:9e89:d086:aa3c] [/home/u991737198/domains/tas2023.online/public_html/tmp/3hn69l4qoa804.3g8shy2588w00.php:385] Base->{closure}()
Sun, 11 May 2025 21:57:52 +0000 [2601:300:4b80:1b0:6c3b:9e89:d086:aa3c] [/home/u991737198/domains/tas2023.online/public_html/lib/base.php:3036] require('/home/u991737198/domains/tas2023.online/public_html/tmp/3hn69l4qoa804.3g8shy2588w00.php')
Sun, 11 May 2025 21:57:52 +0000 [2601:300:4b80:1b0:6c3b:9e89:d086:aa3c] [/home/u991737198/domains/tas2023.online/public_html/lib/base.php:3281] View->sandbox()
Sun, 11 May 2025 21:57:52 +0000 [2601:300:4b80:1b0:6c3b:9e89:d086:aa3c] [/home/u991737198/domains/tas2023.online/public_html/tmp/3hn69l4qoa804.3h31n1yj254w8.php:7] Preview->render()
Sun, 11 May 2025 21:57:52 +0000 [2601:300:4b80:1b0:6c3b:9e89:d086:aa3c] [/home/u991737198/domains/tas2023.online/public_html/lib/base.php:3036] require('/home/u991737198/domains/tas2023.online/public_html/tmp/3hn69l4qoa804.3h31n1yj254w8.php')
Sun, 11 May 2025 21:57:52 +0000 [2601:300:4b80:1b0:6c3b:9e89:d086:aa3c] [/home/u991737198/domains/tas2023.online/public_html/lib/base.php:3281] View->sandbox()
Sun, 11 May 2025 21:57:52 +0000 [2601:300:4b80:1b0:6c3b:9e89:d086:aa3c] [/home/u991737198/domains/tas2023.online/public_html/app/controllers/Controller.php:87] Preview->render()
Sun, 11 May 2025 21:57:52 +0000 [2601:300:4b80:1b0:6c3b:9e89:d086:aa3c] [/home/u991737198/domains/tas2023.online/public_html/lib/base.php:2078] Controller->afterroute()
Sun, 11 May 2025 21:57:52 +0000 [2601:300:4b80:1b0:6c3b:9e89:d086:aa3c] [/home/u991737198/domains/tas2023.online/public_html/lib/base.php:1871] Base->call()
Sun, 11 May 2025 21:57:52 +0000 [2601:300:4b80:1b0:6c3b:9e89:d086:aa3c] [/home/u991737198/domains/tas2023.online/public_html/index.php:19] Base->run()
Sun, 11 May 2025 21:58:36 +0000 [2601:300:4b80:1b0:6c3b:9e89:d086:aa3c] 500: Undefined variable $selected_note trace: [/home/u991737198/domains/tas2023.online/public_html/tmp/3hn69l4qoa804.3g8shy2588w00.php:385]
Sun, 11 May 2025 21:58:36 +0000 [2601:300:4b80:1b0:6c3b:9e89:d086:aa3c] [/home/u991737198/domains/tas2023.online/public_html/tmp/3hn69l4qoa804.3g8shy2588w00.php:385] Base->{closure}()
Sun, 11 May 2025 21:58:36 +0000 [2601:300:4b80:1b0:6c3b:9e89:d086:aa3c] [/home/u991737198/domains/tas2023.online/public_html/lib/base.php:3036] require('/home/u991737198/domains/tas2023.online/public_html/tmp/3hn69l4qoa804.3g8shy2588w00.php')
Sun, 11 May 2025 21:58:36 +0000 [2601:300:4b80:1b0:6c3b:9e89:d086:aa3c] [/home/u991737198/domains/tas2023.online/public_html/lib/base.php:3281] View->sandbox()
Sun, 11 May 2025 21:58:36 +0000 [2601:300:4b80:1b0:6c3b:9e89:d086:aa3c] [/home/u991737198/domains/tas2023.online/public_html/tmp/3hn69l4qoa804.3h31n1yj254w8.php:7] Preview->render()
Sun, 11 May 2025 21:58:36 +0000 [2601:300:4b80:1b0:6c3b:9e89:d086:aa3c] [/home/u991737198/domains/tas2023.online/public_html/lib/base.php:3036] require('/home/u991737198/domains/tas2023.online/public_html/tmp/3hn69l4qoa804.3h31n1yj254w8.php')
Sun, 11 May 2025 21:58:36 +0000 [2601:300:4b80:1b0:6c3b:9e89:d086:aa3c] [/home/u991737198/domains/tas2023.online/public_html/lib/base.php:3281] View->sandbox()
Sun, 11 May 2025 21:58:36 +0000 [2601:300:4b80:1b0:6c3b:9e89:d086:aa3c] [/home/u991737198/domains/tas2023.online/public_html/app/controllers/Controller.php:87] Preview->render()
Sun, 11 May 2025 21:58:36 +0000 [2601:300:4b80:1b0:6c3b:9e89:d086:aa3c] [/home/u991737198/domains/tas2023.online/public_html/lib/base.php:2078] Controller->afterroute()
Sun, 11 May 2025 21:58:36 +0000 [2601:300:4b80:1b0:6c3b:9e89:d086:aa3c] [/home/u991737198/domains/tas2023.online/public_html/lib/base.php:1871] Base->call()
Sun, 11 May 2025 21:58:36 +0000 [2601:300:4b80:1b0:6c3b:9e89:d086:aa3c] [/home/u991737198/domains/tas2023.online/public_html/index.php:19] Base->run()
Sun, 11 May 2025 21:58:49 +0000 [2601:300:4b80:1b0:6c3b:9e89:d086:aa3c] 500: Undefined variable $selected_note trace: [/home/u991737198/domains/tas2023.online/public_html/tmp/3hn69l4qoa804.3g8shy2588w00.php:385]
Sun, 11 May 2025 21:58:49 +0000 [2601:300:4b80:1b0:6c3b:9e89:d086:aa3c] [/home/u991737198/domains/tas2023.online/public_html/tmp/3hn69l4qoa804.3g8shy2588w00.php:385] Base->{closure}()
Sun, 11 May 2025 21:58:49 +0000 [2601:300:4b80:1b0:6c3b:9e89:d086:aa3c] [/home/u991737198/domains/tas2023.online/public_html/lib/base.php:3036] require('/home/u991737198/domains/tas2023.online/public_html/tmp/3hn69l4qoa804.3g8shy2588w00.php')
Sun, 11 May 2025 21:58:49 +0000 [2601:300:4b80:1b0:6c3b:9e89:d086:aa3c] [/home/u991737198/domains/tas2023.online/public_html/lib/base.php:3281] View->sandbox()
Sun, 11 May 2025 21:58:49 +0000 [2601:300:4b80:1b0:6c3b:9e89:d086:aa3c] [/home/u991737198/domains/tas2023.online/public_html/tmp/3hn69l4qoa804.3h31n1yj254w8.php:7] Preview->render()
Sun, 11 May 2025 21:58:49 +0000 [2601:300:4b80:1b0:6c3b:9e89:d086:aa3c] [/home/u991737198/domains/tas2023.online/public_html/lib/base.php:3036] require('/home/u991737198/domains/tas2023.online/public_html/tmp/3hn69l4qoa804.3h31n1yj254w8.php')
Sun, 11 May 2025 21:58:49 +0000 [2601:300:4b80:1b0:6c3b:9e89:d086:aa3c] [/home/u991737198/domains/tas2023.online/public_html/lib/base.php:3281] View->sandbox()
Sun, 11 May 2025 21:58:49 +0000 [2601:300:4b80:1b0:6c3b:9e89:d086:aa3c] [/home/u991737198/domains/tas2023.online/public_html/app/controllers/Controller.php:87] Preview->render()
Sun, 11 May 2025 21:58:49 +0000 [2601:300:4b80:1b0:6c3b:9e89:d086:aa3c] [/home/u991737198/domains/tas2023.online/public_html/lib/base.php:2078] Controller->afterroute()
Sun, 11 May 2025 21:58:49 +0000 [2601:300:4b80:1b0:6c3b:9e89:d086:aa3c] [/home/u991737198/domains/tas2023.online/public_html/lib/base.php:1871] Base->call()
Sun, 11 May 2025 21:58:49 +0000 [2601:300:4b80:1b0:6c3b:9e89:d086:aa3c] [/home/u991737198/domains/tas2023.online/public_html/index.php:19] Base->run()
Sun, 11 May 2025 21:59:55 +0000 [2601:300:4b80:1b0:6c3b:9e89:d086:aa3c] 500: Undefined variable $selected_note trace: [/home/u991737198/domains/tas2023.online/public_html/tmp/3hn69l4qoa804.3g8shy2588w00.php:385]
Sun, 11 May 2025 21:59:55 +0000 [2601:300:4b80:1b0:6c3b:9e89:d086:aa3c] [/home/u991737198/domains/tas2023.online/public_html/tmp/3hn69l4qoa804.3g8shy2588w00.php:385] Base->{closure}()
Sun, 11 May 2025 21:59:55 +0000 [2601:300:4b80:1b0:6c3b:9e89:d086:aa3c] [/home/u991737198/domains/tas2023.online/public_html/lib/base.php:3036] require('/home/u991737198/domains/tas2023.online/public_html/tmp/3hn69l4qoa804.3g8shy2588w00.php')
Sun, 11 May 2025 21:59:55 +0000 [2601:300:4b80:1b0:6c3b:9e89:d086:aa3c] [/home/u991737198/domains/tas2023.online/public_html/lib/base.php:3281] View->sandbox()
Sun, 11 May 2025 21:59:55 +0000 [2601:300:4b80:1b0:6c3b:9e89:d086:aa3c] [/home/u991737198/domains/tas2023.online/public_html/tmp/3hn69l4qoa804.3h31n1yj254w8.php:7] Preview->render()
Sun, 11 May 2025 21:59:55 +0000 [2601:300:4b80:1b0:6c3b:9e89:d086:aa3c] [/home/u991737198/domains/tas2023.online/public_html/lib/base.php:3036] require('/home/u991737198/domains/tas2023.online/public_html/tmp/3hn69l4qoa804.3h31n1yj254w8.php')
Sun, 11 May 2025 21:59:55 +0000 [2601:300:4b80:1b0:6c3b:9e89:d086:aa3c] [/home/u991737198/domains/tas2023.online/public_html/lib/base.php:3281] View->sandbox()
Sun, 11 May 2025 21:59:55 +0000 [2601:300:4b80:1b0:6c3b:9e89:d086:aa3c] [/home/u991737198/domains/tas2023.online/public_html/app/controllers/Controller.php:87] Preview->render()
Sun, 11 May 2025 21:59:55 +0000 [2601:300:4b80:1b0:6c3b:9e89:d086:aa3c] [/home/u991737198/domains/tas2023.online/public_html/lib/base.php:2078] Controller->afterroute()
Sun, 11 May 2025 21:59:55 +0000 [2601:300:4b80:1b0:6c3b:9e89:d086:aa3c] [/home/u991737198/domains/tas2023.online/public_html/lib/base.php:1871] Base->call()
Sun, 11 May 2025 21:59:55 +0000 [2601:300:4b80:1b0:6c3b:9e89:d086:aa3c] [/home/u991737198/domains/tas2023.online/public_html/index.php:19] Base->run()
Sun, 11 May 2025 22:00:21 +0000 [2601:300:4b80:1b0:6c3b:9e89:d086:aa3c] 500: Undefined variable $selected_note trace: [/home/u991737198/domains/tas2023.online/public_html/tmp/3hn69l4qoa804.3g8shy2588w00.php:385]
Sun, 11 May 2025 22:00:21 +0000 [2601:300:4b80:1b0:6c3b:9e89:d086:aa3c] [/home/u991737198/domains/tas2023.online/public_html/tmp/3hn69l4qoa804.3g8shy2588w00.php:385] Base->{closure}()
Sun, 11 May 2025 22:00:21 +0000 [2601:300:4b80:1b0:6c3b:9e89:d086:aa3c] [/home/u991737198/domains/tas2023.online/public_html/lib/base.php:3036] require('/home/u991737198/domains/tas2023.online/public_html/tmp/3hn69l4qoa804.3g8shy2588w00.php')
Sun, 11 May 2025 22:00:21 +0000 [2601:300:4b80:1b0:6c3b:9e89:d086:aa3c] [/home/u991737198/domains/tas2023.online/public_html/lib/base.php:3281] View->sandbox()
Sun, 11 May 2025 22:00:21 +0000 [2601:300:4b80:1b0:6c3b:9e89:d086:aa3c] [/home/u991737198/domains/tas2023.online/public_html/tmp/3hn69l4qoa804.3h31n1yj254w8.php:7] Preview->render()
Sun, 11 May 2025 22:00:21 +0000 [2601:300:4b80:1b0:6c3b:9e89:d086:aa3c] [/home/u991737198/domains/tas2023.online/public_html/lib/base.php:3036] require('/home/u991737198/domains/tas2023.online/public_html/tmp/3hn69l4qoa804.3h31n1yj254w8.php')
Sun, 11 May 2025 22:00:21 +0000 [2601:300:4b80:1b0:6c3b:9e89:d086:aa3c] [/home/u991737198/domains/tas2023.online/public_html/lib/base.php:3281] View->sandbox()
Sun, 11 May 2025 22:00:21 +0000 [2601:300:4b80:1b0:6c3b:9e89:d086:aa3c] [/home/u991737198/domains/tas2023.online/public_html/app/controllers/Controller.php:87] Preview->render()
Sun, 11 May 2025 22:00:21 +0000 [2601:300:4b80:1b0:6c3b:9e89:d086:aa3c] [/home/u991737198/domains/tas2023.online/public_html/lib/base.php:2078] Controller->afterroute()
Sun, 11 May 2025 22:00:21 +0000 [2601:300:4b80:1b0:6c3b:9e89:d086:aa3c] [/home/u991737198/domains/tas2023.online/public_html/lib/base.php:1871] Base->call()
Sun, 11 May 2025 22:00:21 +0000 [2601:300:4b80:1b0:6c3b:9e89:d086:aa3c] [/home/u991737198/domains/tas2023.online/public_html/index.php:19] Base->run()
