Mon, 31 Mar 2025 11:10:20 +0000 [2600:1006:b02f:2d11:a4ad:e048:e71:38a1] 401: HTTP 401 (GET /task/teamProductivity) trace: [/home/u991737198/domains/tas2023.online/public_html/lib/access.php:112] Base->error()
Mon, 31 Mar 2025 11:10:20 +0000 [2600:1006:b02f:2d11:a4ad:e048:e71:38a1] 401: HTTP 401 (GET /task/taskData) trace: [/home/u991737198/domains/tas2023.online/public_html/lib/access.php:112] Base->error()
Mon, 31 Mar 2025 11:10:20 +0000 [2600:1006:b02f:2d11:a4ad:e048:e71:38a1] 401: HTTP 401 (GET /task/userNotesCount) trace: [/home/u991737198/domains/tas2023.online/public_html/lib/access.php:112] Base->error()
Mon, 31 Mar 2025 11:10:20 +0000 [2600:1006:b02f:2d11:a4ad:e048:e71:38a1] 401: HTTP 401 (GET /task/taskDistribution) trace: [/home/u991737198/domains/tas2023.online/public_html/lib/access.php:112] Base->error()
Mon, 31 Mar 2025 11:10:20 +0000 [2600:1006:b02f:2d11:a4ad:e048:e71:38a1] [/home/u991737198/domains/tas2023.online/public_html/app/controllers/Controller.php:78] Access->authorize()
Mon, 31 Mar 2025 11:10:20 +0000 [2600:1006:b02f:2d11:a4ad:e048:e71:38a1] [/home/u991737198/domains/tas2023.online/public_html/app/controllers/Controller.php:78] Access->authorize()
Mon, 31 Mar 2025 11:10:20 +0000 [2600:1006:b02f:2d11:a4ad:e048:e71:38a1] [/home/u991737198/domains/tas2023.online/public_html/app/controllers/Controller.php:78] Access->authorize()
Mon, 31 Mar 2025 11:10:20 +0000 [2600:1006:b02f:2d11:a4ad:e048:e71:38a1] [/home/u991737198/domains/tas2023.online/public_html/lib/base.php:2069] Controller->beforeroute()
Mon, 31 Mar 2025 11:10:20 +0000 [2600:1006:b02f:2d11:a4ad:e048:e71:38a1] [/home/u991737198/domains/tas2023.online/public_html/app/controllers/Controller.php:78] Access->authorize()
Mon, 31 Mar 2025 11:10:20 +0000 [2600:1006:b02f:2d11:a4ad:e048:e71:38a1] [/home/u991737198/domains/tas2023.online/public_html/lib/base.php:2069] Controller->beforeroute()
Mon, 31 Mar 2025 11:10:20 +0000 [2600:1006:b02f:2d11:a4ad:e048:e71:38a1] [/home/u991737198/domains/tas2023.online/public_html/lib/base.php:2069] Controller->beforeroute()
Mon, 31 Mar 2025 11:10:20 +0000 [2600:1006:b02f:2d11:a4ad:e048:e71:38a1] [/home/u991737198/domains/tas2023.online/public_html/lib/base.php:1871] Base->call()
Mon, 31 Mar 2025 11:10:20 +0000 [2600:1006:b02f:2d11:a4ad:e048:e71:38a1] [/home/u991737198/domains/tas2023.online/public_html/lib/base.php:1871] Base->call()
Mon, 31 Mar 2025 11:10:20 +0000 [2600:1006:b02f:2d11:a4ad:e048:e71:38a1] [/home/u991737198/domains/tas2023.online/public_html/lib/base.php:1871] Base->call()
Mon, 31 Mar 2025 11:10:20 +0000 [2600:1006:b02f:2d11:a4ad:e048:e71:38a1] [/home/u991737198/domains/tas2023.online/public_html/lib/base.php:2069] Controller->beforeroute()
Mon, 31 Mar 2025 11:10:20 +0000 [2600:1006:b02f:2d11:a4ad:e048:e71:38a1] [/home/u991737198/domains/tas2023.online/public_html/index.php:19] Base->run()
Mon, 31 Mar 2025 11:10:20 +0000 [2600:1006:b02f:2d11:a4ad:e048:e71:38a1] [/home/u991737198/domains/tas2023.online/public_html/index.php:19] Base->run()
Mon, 31 Mar 2025 11:10:20 +0000 [2600:1006:b02f:2d11:a4ad:e048:e71:38a1] [/home/u991737198/domains/tas2023.online/public_html/index.php:19] Base->run()
Mon, 31 Mar 2025 11:10:20 +0000 [2600:1006:b02f:2d11:a4ad:e048:e71:38a1] [/home/u991737198/domains/tas2023.online/public_html/lib/base.php:1871] Base->call()
Mon, 31 Mar 2025 11:10:20 +0000 [2600:1006:b02f:2d11:a4ad:e048:e71:38a1] [/home/u991737198/domains/tas2023.online/public_html/index.php:19] Base->run()
Mon, 31 Mar 2025 11:10:43 +0000 [2600:1006:b02f:2d11:a4ad:e048:e71:38a1] 500: Undefined variable $entity_num trace: [tmp/3hn69l4qoa804.1zo7dt0fljr4w.php:200]
Mon, 31 Mar 2025 11:10:43 +0000 [2600:1006:b02f:2d11:a4ad:e048:e71:38a1] [tmp/3hn69l4qoa804.1zo7dt0fljr4w.php:200] Base->{closure}()
Mon, 31 Mar 2025 11:10:43 +0000 [2600:1006:b02f:2d11:a4ad:e048:e71:38a1] [lib/base.php:3036] require('/home/u991737198/domains/tas2023.online/public_html/tmp/3hn69l4qoa804.1zo7dt0fljr4w.php')
Mon, 31 Mar 2025 11:10:43 +0000 [2600:1006:b02f:2d11:a4ad:e048:e71:38a1] [lib/base.php:3281] View->sandbox()
Mon, 31 Mar 2025 11:10:43 +0000 [2600:1006:b02f:2d11:a4ad:e048:e71:38a1] [tmp/3hn69l4qoa804.3h31n1yj254w8.php:7] Preview->render()
Mon, 31 Mar 2025 11:10:43 +0000 [2600:1006:b02f:2d11:a4ad:e048:e71:38a1] [lib/base.php:3036] require('/home/u991737198/domains/tas2023.online/public_html/tmp/3hn69l4qoa804.3h31n1yj254w8.php')
Mon, 31 Mar 2025 11:10:43 +0000 [2600:1006:b02f:2d11:a4ad:e048:e71:38a1] [lib/base.php:3281] View->sandbox()
Mon, 31 Mar 2025 11:10:43 +0000 [2600:1006:b02f:2d11:a4ad:e048:e71:38a1] [app/controllers/Controller.php:87] Preview->render()
Mon, 31 Mar 2025 11:10:43 +0000 [2600:1006:b02f:2d11:a4ad:e048:e71:38a1] [lib/base.php:2078] Controller->afterroute()
Mon, 31 Mar 2025 11:10:43 +0000 [2600:1006:b02f:2d11:a4ad:e048:e71:38a1] [lib/base.php:1871] Base->call()
Mon, 31 Mar 2025 11:10:43 +0000 [2600:1006:b02f:2d11:a4ad:e048:e71:38a1] [index.php:19] Base->run()
Mon, 31 Mar 2025 11:10:54 +0000 [2600:1006:b02f:2d11:a4ad:e048:e71:38a1] 500: Undefined variable $entity_num trace: [tmp/3hn69l4qoa804.1zo7dt0fljr4w.php:200]
Mon, 31 Mar 2025 11:10:54 +0000 [2600:1006:b02f:2d11:a4ad:e048:e71:38a1] [tmp/3hn69l4qoa804.1zo7dt0fljr4w.php:200] Base->{closure}()
Mon, 31 Mar 2025 11:10:54 +0000 [2600:1006:b02f:2d11:a4ad:e048:e71:38a1] [lib/base.php:3036] require('/home/u991737198/domains/tas2023.online/public_html/tmp/3hn69l4qoa804.1zo7dt0fljr4w.php')
Mon, 31 Mar 2025 11:10:54 +0000 [2600:1006:b02f:2d11:a4ad:e048:e71:38a1] [lib/base.php:3281] View->sandbox()
Mon, 31 Mar 2025 11:10:54 +0000 [2600:1006:b02f:2d11:a4ad:e048:e71:38a1] [tmp/3hn69l4qoa804.3h31n1yj254w8.php:7] Preview->render()
Mon, 31 Mar 2025 11:10:54 +0000 [2600:1006:b02f:2d11:a4ad:e048:e71:38a1] [lib/base.php:3036] require('/home/u991737198/domains/tas2023.online/public_html/tmp/3hn69l4qoa804.3h31n1yj254w8.php')
Mon, 31 Mar 2025 11:10:54 +0000 [2600:1006:b02f:2d11:a4ad:e048:e71:38a1] [lib/base.php:3281] View->sandbox()
Mon, 31 Mar 2025 11:10:54 +0000 [2600:1006:b02f:2d11:a4ad:e048:e71:38a1] [app/controllers/Controller.php:87] Preview->render()
Mon, 31 Mar 2025 11:10:54 +0000 [2600:1006:b02f:2d11:a4ad:e048:e71:38a1] [lib/base.php:2078] Controller->afterroute()
Mon, 31 Mar 2025 11:10:54 +0000 [2600:1006:b02f:2d11:a4ad:e048:e71:38a1] [lib/base.php:1871] Base->call()
Mon, 31 Mar 2025 11:10:54 +0000 [2600:1006:b02f:2d11:a4ad:e048:e71:38a1] [index.php:19] Base->run()
Mon, 31 Mar 2025 11:13:01 +0000 [2600:1006:b02f:2d11:a4ad:e048:e71:38a1] 401: HTTP 401 (GET /user/notifications) trace: [lib/access.php:112] Base->error()
Mon, 31 Mar 2025 11:13:01 +0000 [2600:1006:b02f:2d11:a4ad:e048:e71:38a1] [app/controllers/Controller.php:78] Access->authorize()
Mon, 31 Mar 2025 11:13:01 +0000 [2600:1006:b02f:2d11:a4ad:e048:e71:38a1] [lib/base.php:2069] Controller->beforeroute()
Mon, 31 Mar 2025 11:13:01 +0000 [2600:1006:b02f:2d11:a4ad:e048:e71:38a1] [lib/base.php:1871] Base->call()
Mon, 31 Mar 2025 11:13:01 +0000 [2600:1006:b02f:2d11:a4ad:e048:e71:38a1] [index.php:19] Base->run()
Mon, 31 Mar 2025 11:13:41 +0000 [2600:1006:b02f:2d11:a4ad:e048:e71:38a1] 500: Undefined variable $entity_num trace: [tmp/3hn69l4qoa804.1zo7dt0fljr4w.php:200]
Mon, 31 Mar 2025 11:13:41 +0000 [2600:1006:b02f:2d11:a4ad:e048:e71:38a1] [tmp/3hn69l4qoa804.1zo7dt0fljr4w.php:200] Base->{closure}()
Mon, 31 Mar 2025 11:13:41 +0000 [2600:1006:b02f:2d11:a4ad:e048:e71:38a1] [lib/base.php:3036] require('/home/u991737198/domains/tas2023.online/public_html/tmp/3hn69l4qoa804.1zo7dt0fljr4w.php')
Mon, 31 Mar 2025 11:13:41 +0000 [2600:1006:b02f:2d11:a4ad:e048:e71:38a1] [lib/base.php:3281] View->sandbox()
Mon, 31 Mar 2025 11:13:41 +0000 [2600:1006:b02f:2d11:a4ad:e048:e71:38a1] [tmp/3hn69l4qoa804.3h31n1yj254w8.php:7] Preview->render()
Mon, 31 Mar 2025 11:13:41 +0000 [2600:1006:b02f:2d11:a4ad:e048:e71:38a1] [lib/base.php:3036] require('/home/u991737198/domains/tas2023.online/public_html/tmp/3hn69l4qoa804.3h31n1yj254w8.php')
Mon, 31 Mar 2025 11:13:41 +0000 [2600:1006:b02f:2d11:a4ad:e048:e71:38a1] [lib/base.php:3281] View->sandbox()
Mon, 31 Mar 2025 11:13:41 +0000 [2600:1006:b02f:2d11:a4ad:e048:e71:38a1] [app/controllers/Controller.php:87] Preview->render()
Mon, 31 Mar 2025 11:13:41 +0000 [2600:1006:b02f:2d11:a4ad:e048:e71:38a1] [lib/base.php:2078] Controller->afterroute()
Mon, 31 Mar 2025 11:13:41 +0000 [2600:1006:b02f:2d11:a4ad:e048:e71:38a1] [lib/base.php:1871] Base->call()
Mon, 31 Mar 2025 11:13:41 +0000 [2600:1006:b02f:2d11:a4ad:e048:e71:38a1] [index.php:19] Base->run()
Mon, 31 Mar 2025 11:13:44 +0000 [2600:1006:b02f:2d11:a4ad:e048:e71:38a1] 500: Undefined variable $entity_num trace: [tmp/3hn69l4qoa804.1zo7dt0fljr4w.php:200]
Mon, 31 Mar 2025 11:13:44 +0000 [2600:1006:b02f:2d11:a4ad:e048:e71:38a1] [tmp/3hn69l4qoa804.1zo7dt0fljr4w.php:200] Base->{closure}()
Mon, 31 Mar 2025 11:13:44 +0000 [2600:1006:b02f:2d11:a4ad:e048:e71:38a1] [lib/base.php:3036] require('/home/u991737198/domains/tas2023.online/public_html/tmp/3hn69l4qoa804.1zo7dt0fljr4w.php')
Mon, 31 Mar 2025 11:13:44 +0000 [2600:1006:b02f:2d11:a4ad:e048:e71:38a1] [lib/base.php:3281] View->sandbox()
Mon, 31 Mar 2025 11:13:44 +0000 [2600:1006:b02f:2d11:a4ad:e048:e71:38a1] [tmp/3hn69l4qoa804.3h31n1yj254w8.php:7] Preview->render()
Mon, 31 Mar 2025 11:13:44 +0000 [2600:1006:b02f:2d11:a4ad:e048:e71:38a1] [lib/base.php:3036] require('/home/u991737198/domains/tas2023.online/public_html/tmp/3hn69l4qoa804.3h31n1yj254w8.php')
Mon, 31 Mar 2025 11:13:44 +0000 [2600:1006:b02f:2d11:a4ad:e048:e71:38a1] [lib/base.php:3281] View->sandbox()
Mon, 31 Mar 2025 11:13:44 +0000 [2600:1006:b02f:2d11:a4ad:e048:e71:38a1] [app/controllers/Controller.php:87] Preview->render()
Mon, 31 Mar 2025 11:13:44 +0000 [2600:1006:b02f:2d11:a4ad:e048:e71:38a1] [lib/base.php:2078] Controller->afterroute()
Mon, 31 Mar 2025 11:13:44 +0000 [2600:1006:b02f:2d11:a4ad:e048:e71:38a1] [lib/base.php:1871] Base->call()
Mon, 31 Mar 2025 11:13:44 +0000 [2600:1006:b02f:2d11:a4ad:e048:e71:38a1] [index.php:19] Base->run()
Mon, 31 Mar 2025 11:13:57 +0000 [2600:1006:b02f:2d11:a4ad:e048:e71:38a1] 500: Undefined variable $selected_note trace: [/home/u991737198/domains/tas2023.online/public_html/tmp/3hn69l4qoa804.3g8shy2588w00.php:385]
Mon, 31 Mar 2025 11:13:57 +0000 [2600:1006:b02f:2d11:a4ad:e048:e71:38a1] [/home/u991737198/domains/tas2023.online/public_html/tmp/3hn69l4qoa804.3g8shy2588w00.php:385] Base->{closure}()
Mon, 31 Mar 2025 11:13:57 +0000 [2600:1006:b02f:2d11:a4ad:e048:e71:38a1] [/home/u991737198/domains/tas2023.online/public_html/lib/base.php:3036] require('/home/u991737198/domains/tas2023.online/public_html/tmp/3hn69l4qoa804.3g8shy2588w00.php')
Mon, 31 Mar 2025 11:13:57 +0000 [2600:1006:b02f:2d11:a4ad:e048:e71:38a1] [/home/u991737198/domains/tas2023.online/public_html/lib/base.php:3281] View->sandbox()
Mon, 31 Mar 2025 11:13:57 +0000 [2600:1006:b02f:2d11:a4ad:e048:e71:38a1] [/home/u991737198/domains/tas2023.online/public_html/tmp/3hn69l4qoa804.3h31n1yj254w8.php:7] Preview->render()
Mon, 31 Mar 2025 11:13:57 +0000 [2600:1006:b02f:2d11:a4ad:e048:e71:38a1] [/home/u991737198/domains/tas2023.online/public_html/lib/base.php:3036] require('/home/u991737198/domains/tas2023.online/public_html/tmp/3hn69l4qoa804.3h31n1yj254w8.php')
Mon, 31 Mar 2025 11:13:57 +0000 [2600:1006:b02f:2d11:a4ad:e048:e71:38a1] [/home/u991737198/domains/tas2023.online/public_html/lib/base.php:3281] View->sandbox()
Mon, 31 Mar 2025 11:13:57 +0000 [2600:1006:b02f:2d11:a4ad:e048:e71:38a1] [/home/u991737198/domains/tas2023.online/public_html/app/controllers/Controller.php:87] Preview->render()
Mon, 31 Mar 2025 11:13:57 +0000 [2600:1006:b02f:2d11:a4ad:e048:e71:38a1] [/home/u991737198/domains/tas2023.online/public_html/lib/base.php:2078] Controller->afterroute()
Mon, 31 Mar 2025 11:13:57 +0000 [2600:1006:b02f:2d11:a4ad:e048:e71:38a1] [/home/u991737198/domains/tas2023.online/public_html/lib/base.php:1871] Base->call()
Mon, 31 Mar 2025 11:13:57 +0000 [2600:1006:b02f:2d11:a4ad:e048:e71:38a1] [/home/u991737198/domains/tas2023.online/public_html/index.php:19] Base->run()
Mon, 31 Mar 2025 11:19:08 +0000 [2600:1006:b02f:2d11:a4ad:e048:e71:38a1] 500: Undefined variable $selected_note trace: [/home/u991737198/domains/tas2023.online/public_html/tmp/3hn69l4qoa804.3g8shy2588w00.php:385]
Mon, 31 Mar 2025 11:19:08 +0000 [2600:1006:b02f:2d11:a4ad:e048:e71:38a1] [/home/u991737198/domains/tas2023.online/public_html/tmp/3hn69l4qoa804.3g8shy2588w00.php:385] Base->{closure}()
Mon, 31 Mar 2025 11:19:08 +0000 [2600:1006:b02f:2d11:a4ad:e048:e71:38a1] [/home/u991737198/domains/tas2023.online/public_html/lib/base.php:3036] require('/home/u991737198/domains/tas2023.online/public_html/tmp/3hn69l4qoa804.3g8shy2588w00.php')
Mon, 31 Mar 2025 11:19:08 +0000 [2600:1006:b02f:2d11:a4ad:e048:e71:38a1] [/home/u991737198/domains/tas2023.online/public_html/lib/base.php:3281] View->sandbox()
Mon, 31 Mar 2025 11:19:08 +0000 [2600:1006:b02f:2d11:a4ad:e048:e71:38a1] [/home/u991737198/domains/tas2023.online/public_html/tmp/3hn69l4qoa804.3h31n1yj254w8.php:7] Preview->render()
Mon, 31 Mar 2025 11:19:08 +0000 [2600:1006:b02f:2d11:a4ad:e048:e71:38a1] [/home/u991737198/domains/tas2023.online/public_html/lib/base.php:3036] require('/home/u991737198/domains/tas2023.online/public_html/tmp/3hn69l4qoa804.3h31n1yj254w8.php')
Mon, 31 Mar 2025 11:19:08 +0000 [2600:1006:b02f:2d11:a4ad:e048:e71:38a1] [/home/u991737198/domains/tas2023.online/public_html/lib/base.php:3281] View->sandbox()
Mon, 31 Mar 2025 11:19:08 +0000 [2600:1006:b02f:2d11:a4ad:e048:e71:38a1] [/home/u991737198/domains/tas2023.online/public_html/app/controllers/Controller.php:87] Preview->render()
Mon, 31 Mar 2025 11:19:08 +0000 [2600:1006:b02f:2d11:a4ad:e048:e71:38a1] [/home/u991737198/domains/tas2023.online/public_html/lib/base.php:2078] Controller->afterroute()
Mon, 31 Mar 2025 11:19:08 +0000 [2600:1006:b02f:2d11:a4ad:e048:e71:38a1] [/home/u991737198/domains/tas2023.online/public_html/lib/base.php:1871] Base->call()
Mon, 31 Mar 2025 11:19:08 +0000 [2600:1006:b02f:2d11:a4ad:e048:e71:38a1] [/home/u991737198/domains/tas2023.online/public_html/index.php:19] Base->run()
Mon, 31 Mar 2025 11:21:13 +0000 [2600:1006:b02f:2d11:a4ad:e048:e71:38a1] 500: trim(): Passing null to parameter #1 ($string) of type string is deprecated trace: [/home/u991737198/domains/tas2023.online/public_html/tmp/3hn69l4qoa804.3g8shy2588w00.php:356]
Mon, 31 Mar 2025 11:21:13 +0000 [2600:1006:b02f:2d11:a4ad:e048:e71:38a1] [/home/u991737198/domains/tas2023.online/public_html/tmp/3hn69l4qoa804.3g8shy2588w00.php:356] trim()
Mon, 31 Mar 2025 11:21:13 +0000 [2600:1006:b02f:2d11:a4ad:e048:e71:38a1] [/home/u991737198/domains/tas2023.online/public_html/lib/base.php:3036] require('/home/u991737198/domains/tas2023.online/public_html/tmp/3hn69l4qoa804.3g8shy2588w00.php')
Mon, 31 Mar 2025 11:21:13 +0000 [2600:1006:b02f:2d11:a4ad:e048:e71:38a1] [/home/u991737198/domains/tas2023.online/public_html/lib/base.php:3281] View->sandbox()
Mon, 31 Mar 2025 11:21:13 +0000 [2600:1006:b02f:2d11:a4ad:e048:e71:38a1] [/home/u991737198/domains/tas2023.online/public_html/tmp/3hn69l4qoa804.3h31n1yj254w8.php:7] Preview->render()
Mon, 31 Mar 2025 11:21:13 +0000 [2600:1006:b02f:2d11:a4ad:e048:e71:38a1] [/home/u991737198/domains/tas2023.online/public_html/lib/base.php:3036] require('/home/u991737198/domains/tas2023.online/public_html/tmp/3hn69l4qoa804.3h31n1yj254w8.php')
Mon, 31 Mar 2025 11:21:13 +0000 [2600:1006:b02f:2d11:a4ad:e048:e71:38a1] [/home/u991737198/domains/tas2023.online/public_html/lib/base.php:3281] View->sandbox()
Mon, 31 Mar 2025 11:21:13 +0000 [2600:1006:b02f:2d11:a4ad:e048:e71:38a1] [/home/u991737198/domains/tas2023.online/public_html/app/controllers/Controller.php:87] Preview->render()
Mon, 31 Mar 2025 11:21:13 +0000 [2600:1006:b02f:2d11:a4ad:e048:e71:38a1] [/home/u991737198/domains/tas2023.online/public_html/lib/base.php:2078] Controller->afterroute()
Mon, 31 Mar 2025 11:21:13 +0000 [2600:1006:b02f:2d11:a4ad:e048:e71:38a1] [/home/u991737198/domains/tas2023.online/public_html/lib/base.php:1871] Base->call()
Mon, 31 Mar 2025 11:21:13 +0000 [2600:1006:b02f:2d11:a4ad:e048:e71:38a1] [/home/u991737198/domains/tas2023.online/public_html/index.php:19] Base->run()
Mon, 31 Mar 2025 11:22:04 +0000 [2600:1006:b02f:2d11:a4ad:e048:e71:38a1] 500: Undefined variable $selected_note trace: [/home/u991737198/domains/tas2023.online/public_html/tmp/3hn69l4qoa804.3g8shy2588w00.php:385]
Mon, 31 Mar 2025 11:22:04 +0000 [2600:1006:b02f:2d11:a4ad:e048:e71:38a1] [/home/u991737198/domains/tas2023.online/public_html/tmp/3hn69l4qoa804.3g8shy2588w00.php:385] Base->{closure}()
Mon, 31 Mar 2025 11:22:04 +0000 [2600:1006:b02f:2d11:a4ad:e048:e71:38a1] [/home/u991737198/domains/tas2023.online/public_html/lib/base.php:3036] require('/home/u991737198/domains/tas2023.online/public_html/tmp/3hn69l4qoa804.3g8shy2588w00.php')
Mon, 31 Mar 2025 11:22:04 +0000 [2600:1006:b02f:2d11:a4ad:e048:e71:38a1] [/home/u991737198/domains/tas2023.online/public_html/lib/base.php:3281] View->sandbox()
Mon, 31 Mar 2025 11:22:04 +0000 [2600:1006:b02f:2d11:a4ad:e048:e71:38a1] [/home/u991737198/domains/tas2023.online/public_html/tmp/3hn69l4qoa804.3h31n1yj254w8.php:7] Preview->render()
Mon, 31 Mar 2025 11:22:04 +0000 [2600:1006:b02f:2d11:a4ad:e048:e71:38a1] [/home/u991737198/domains/tas2023.online/public_html/lib/base.php:3036] require('/home/u991737198/domains/tas2023.online/public_html/tmp/3hn69l4qoa804.3h31n1yj254w8.php')
Mon, 31 Mar 2025 11:22:04 +0000 [2600:1006:b02f:2d11:a4ad:e048:e71:38a1] [/home/u991737198/domains/tas2023.online/public_html/lib/base.php:3281] View->sandbox()
Mon, 31 Mar 2025 11:22:04 +0000 [2600:1006:b02f:2d11:a4ad:e048:e71:38a1] [/home/u991737198/domains/tas2023.online/public_html/app/controllers/Controller.php:87] Preview->render()
Mon, 31 Mar 2025 11:22:04 +0000 [2600:1006:b02f:2d11:a4ad:e048:e71:38a1] [/home/u991737198/domains/tas2023.online/public_html/lib/base.php:2078] Controller->afterroute()
Mon, 31 Mar 2025 11:22:04 +0000 [2600:1006:b02f:2d11:a4ad:e048:e71:38a1] [/home/u991737198/domains/tas2023.online/public_html/lib/base.php:1871] Base->call()
Mon, 31 Mar 2025 11:22:04 +0000 [2600:1006:b02f:2d11:a4ad:e048:e71:38a1] [/home/u991737198/domains/tas2023.online/public_html/index.php:19] Base->run()
Mon, 31 Mar 2025 11:23:00 +0000 [2600:1006:b02f:2d11:a4ad:e048:e71:38a1] 500: Undefined variable $selected_note trace: [/home/u991737198/domains/tas2023.online/public_html/tmp/3hn69l4qoa804.3g8shy2588w00.php:385]
Mon, 31 Mar 2025 11:23:00 +0000 [2600:1006:b02f:2d11:a4ad:e048:e71:38a1] [/home/u991737198/domains/tas2023.online/public_html/tmp/3hn69l4qoa804.3g8shy2588w00.php:385] Base->{closure}()
Mon, 31 Mar 2025 11:23:00 +0000 [2600:1006:b02f:2d11:a4ad:e048:e71:38a1] [/home/u991737198/domains/tas2023.online/public_html/lib/base.php:3036] require('/home/u991737198/domains/tas2023.online/public_html/tmp/3hn69l4qoa804.3g8shy2588w00.php')
Mon, 31 Mar 2025 11:23:00 +0000 [2600:1006:b02f:2d11:a4ad:e048:e71:38a1] [/home/u991737198/domains/tas2023.online/public_html/lib/base.php:3281] View->sandbox()
Mon, 31 Mar 2025 11:23:00 +0000 [2600:1006:b02f:2d11:a4ad:e048:e71:38a1] [/home/u991737198/domains/tas2023.online/public_html/tmp/3hn69l4qoa804.3h31n1yj254w8.php:7] Preview->render()
Mon, 31 Mar 2025 11:23:00 +0000 [2600:1006:b02f:2d11:a4ad:e048:e71:38a1] [/home/u991737198/domains/tas2023.online/public_html/lib/base.php:3036] require('/home/u991737198/domains/tas2023.online/public_html/tmp/3hn69l4qoa804.3h31n1yj254w8.php')
Mon, 31 Mar 2025 11:23:00 +0000 [2600:1006:b02f:2d11:a4ad:e048:e71:38a1] [/home/u991737198/domains/tas2023.online/public_html/lib/base.php:3281] View->sandbox()
Mon, 31 Mar 2025 11:23:00 +0000 [2600:1006:b02f:2d11:a4ad:e048:e71:38a1] [/home/u991737198/domains/tas2023.online/public_html/app/controllers/Controller.php:87] Preview->render()
Mon, 31 Mar 2025 11:23:00 +0000 [2600:1006:b02f:2d11:a4ad:e048:e71:38a1] [/home/u991737198/domains/tas2023.online/public_html/lib/base.php:2078] Controller->afterroute()
Mon, 31 Mar 2025 11:23:00 +0000 [2600:1006:b02f:2d11:a4ad:e048:e71:38a1] [/home/u991737198/domains/tas2023.online/public_html/lib/base.php:1871] Base->call()
Mon, 31 Mar 2025 11:23:00 +0000 [2600:1006:b02f:2d11:a4ad:e048:e71:38a1] [/home/u991737198/domains/tas2023.online/public_html/index.php:19] Base->run()
Mon, 31 Mar 2025 11:47:26 +0000 [2600:1006:b02f:2d11:a4ad:e048:e71:38a1] 500: Undefined variable $selected_note trace: [/home/u991737198/domains/tas2023.online/public_html/tmp/3hn69l4qoa804.3g8shy2588w00.php:385]
Mon, 31 Mar 2025 11:47:26 +0000 [2600:1006:b02f:2d11:a4ad:e048:e71:38a1] [/home/u991737198/domains/tas2023.online/public_html/tmp/3hn69l4qoa804.3g8shy2588w00.php:385] Base->{closure}()
Mon, 31 Mar 2025 11:47:26 +0000 [2600:1006:b02f:2d11:a4ad:e048:e71:38a1] [/home/u991737198/domains/tas2023.online/public_html/lib/base.php:3036] require('/home/u991737198/domains/tas2023.online/public_html/tmp/3hn69l4qoa804.3g8shy2588w00.php')
Mon, 31 Mar 2025 11:47:26 +0000 [2600:1006:b02f:2d11:a4ad:e048:e71:38a1] [/home/u991737198/domains/tas2023.online/public_html/lib/base.php:3281] View->sandbox()
Mon, 31 Mar 2025 11:47:26 +0000 [2600:1006:b02f:2d11:a4ad:e048:e71:38a1] [/home/u991737198/domains/tas2023.online/public_html/tmp/3hn69l4qoa804.3h31n1yj254w8.php:7] Preview->render()
Mon, 31 Mar 2025 11:47:26 +0000 [2600:1006:b02f:2d11:a4ad:e048:e71:38a1] [/home/u991737198/domains/tas2023.online/public_html/lib/base.php:3036] require('/home/u991737198/domains/tas2023.online/public_html/tmp/3hn69l4qoa804.3h31n1yj254w8.php')
Mon, 31 Mar 2025 11:47:26 +0000 [2600:1006:b02f:2d11:a4ad:e048:e71:38a1] [/home/u991737198/domains/tas2023.online/public_html/lib/base.php:3281] View->sandbox()
Mon, 31 Mar 2025 11:47:26 +0000 [2600:1006:b02f:2d11:a4ad:e048:e71:38a1] [/home/u991737198/domains/tas2023.online/public_html/app/controllers/Controller.php:87] Preview->render()
Mon, 31 Mar 2025 11:47:26 +0000 [2600:1006:b02f:2d11:a4ad:e048:e71:38a1] [/home/u991737198/domains/tas2023.online/public_html/lib/base.php:2078] Controller->afterroute()
Mon, 31 Mar 2025 11:47:26 +0000 [2600:1006:b02f:2d11:a4ad:e048:e71:38a1] [/home/u991737198/domains/tas2023.online/public_html/lib/base.php:1871] Base->call()
Mon, 31 Mar 2025 11:47:26 +0000 [2600:1006:b02f:2d11:a4ad:e048:e71:38a1] [/home/u991737198/domains/tas2023.online/public_html/index.php:19] Base->run()
Mon, 31 Mar 2025 11:51:00 +0000 [2600:1006:b02f:2d11:a4ad:e048:e71:38a1] 500: Undefined variable $selected_note trace: [/home/u991737198/domains/tas2023.online/public_html/tmp/3hn69l4qoa804.3g8shy2588w00.php:385]
Mon, 31 Mar 2025 11:51:00 +0000 [2600:1006:b02f:2d11:a4ad:e048:e71:38a1] [/home/u991737198/domains/tas2023.online/public_html/tmp/3hn69l4qoa804.3g8shy2588w00.php:385] Base->{closure}()
Mon, 31 Mar 2025 11:51:00 +0000 [2600:1006:b02f:2d11:a4ad:e048:e71:38a1] [/home/u991737198/domains/tas2023.online/public_html/lib/base.php:3036] require('/home/u991737198/domains/tas2023.online/public_html/tmp/3hn69l4qoa804.3g8shy2588w00.php')
Mon, 31 Mar 2025 11:51:00 +0000 [2600:1006:b02f:2d11:a4ad:e048:e71:38a1] [/home/u991737198/domains/tas2023.online/public_html/lib/base.php:3281] View->sandbox()
Mon, 31 Mar 2025 11:51:00 +0000 [2600:1006:b02f:2d11:a4ad:e048:e71:38a1] [/home/u991737198/domains/tas2023.online/public_html/tmp/3hn69l4qoa804.3h31n1yj254w8.php:7] Preview->render()
Mon, 31 Mar 2025 11:51:00 +0000 [2600:1006:b02f:2d11:a4ad:e048:e71:38a1] [/home/u991737198/domains/tas2023.online/public_html/lib/base.php:3036] require('/home/u991737198/domains/tas2023.online/public_html/tmp/3hn69l4qoa804.3h31n1yj254w8.php')
Mon, 31 Mar 2025 11:51:00 +0000 [2600:1006:b02f:2d11:a4ad:e048:e71:38a1] [/home/u991737198/domains/tas2023.online/public_html/lib/base.php:3281] View->sandbox()
Mon, 31 Mar 2025 11:51:00 +0000 [2600:1006:b02f:2d11:a4ad:e048:e71:38a1] [/home/u991737198/domains/tas2023.online/public_html/app/controllers/Controller.php:87] Preview->render()
Mon, 31 Mar 2025 11:51:00 +0000 [2600:1006:b02f:2d11:a4ad:e048:e71:38a1] [/home/u991737198/domains/tas2023.online/public_html/lib/base.php:2078] Controller->afterroute()
Mon, 31 Mar 2025 11:51:00 +0000 [2600:1006:b02f:2d11:a4ad:e048:e71:38a1] [/home/u991737198/domains/tas2023.online/public_html/lib/base.php:1871] Base->call()
Mon, 31 Mar 2025 11:51:00 +0000 [2600:1006:b02f:2d11:a4ad:e048:e71:38a1] [/home/u991737198/domains/tas2023.online/public_html/index.php:19] Base->run()
Mon, 31 Mar 2025 12:00:17 +0000 [2600:1006:b02f:2d11:a4ad:e048:e71:38a1] 500: Undefined variable $selected_note trace: [/home/u991737198/domains/tas2023.online/public_html/tmp/3hn69l4qoa804.3g8shy2588w00.php:385]
Mon, 31 Mar 2025 12:00:17 +0000 [2600:1006:b02f:2d11:a4ad:e048:e71:38a1] [/home/u991737198/domains/tas2023.online/public_html/tmp/3hn69l4qoa804.3g8shy2588w00.php:385] Base->{closure}()
Mon, 31 Mar 2025 12:00:17 +0000 [2600:1006:b02f:2d11:a4ad:e048:e71:38a1] [/home/u991737198/domains/tas2023.online/public_html/lib/base.php:3036] require('/home/u991737198/domains/tas2023.online/public_html/tmp/3hn69l4qoa804.3g8shy2588w00.php')
Mon, 31 Mar 2025 12:00:17 +0000 [2600:1006:b02f:2d11:a4ad:e048:e71:38a1] [/home/u991737198/domains/tas2023.online/public_html/lib/base.php:3281] View->sandbox()
Mon, 31 Mar 2025 12:00:17 +0000 [2600:1006:b02f:2d11:a4ad:e048:e71:38a1] [/home/u991737198/domains/tas2023.online/public_html/tmp/3hn69l4qoa804.3h31n1yj254w8.php:7] Preview->render()
Mon, 31 Mar 2025 12:00:17 +0000 [2600:1006:b02f:2d11:a4ad:e048:e71:38a1] [/home/u991737198/domains/tas2023.online/public_html/lib/base.php:3036] require('/home/u991737198/domains/tas2023.online/public_html/tmp/3hn69l4qoa804.3h31n1yj254w8.php')
Mon, 31 Mar 2025 12:00:17 +0000 [2600:1006:b02f:2d11:a4ad:e048:e71:38a1] [/home/u991737198/domains/tas2023.online/public_html/lib/base.php:3281] View->sandbox()
Mon, 31 Mar 2025 12:00:17 +0000 [2600:1006:b02f:2d11:a4ad:e048:e71:38a1] [/home/u991737198/domains/tas2023.online/public_html/app/controllers/Controller.php:87] Preview->render()
Mon, 31 Mar 2025 12:00:17 +0000 [2600:1006:b02f:2d11:a4ad:e048:e71:38a1] [/home/u991737198/domains/tas2023.online/public_html/lib/base.php:2078] Controller->afterroute()
Mon, 31 Mar 2025 12:00:17 +0000 [2600:1006:b02f:2d11:a4ad:e048:e71:38a1] [/home/u991737198/domains/tas2023.online/public_html/lib/base.php:1871] Base->call()
Mon, 31 Mar 2025 12:00:17 +0000 [2600:1006:b02f:2d11:a4ad:e048:e71:38a1] [/home/u991737198/domains/tas2023.online/public_html/index.php:19] Base->run()
Mon, 31 Mar 2025 14:36:10 +0000 [2600:1006:b02f:2d11:a4ad:e048:e71:38a1] 500: Undefined variable $selected_note trace: [/home/u991737198/domains/tas2023.online/public_html/tmp/3hn69l4qoa804.3g8shy2588w00.php:385]
Mon, 31 Mar 2025 14:36:10 +0000 [2600:1006:b02f:2d11:a4ad:e048:e71:38a1] [/home/u991737198/domains/tas2023.online/public_html/tmp/3hn69l4qoa804.3g8shy2588w00.php:385] Base->{closure}()
Mon, 31 Mar 2025 14:36:10 +0000 [2600:1006:b02f:2d11:a4ad:e048:e71:38a1] [/home/u991737198/domains/tas2023.online/public_html/lib/base.php:3036] require('/home/u991737198/domains/tas2023.online/public_html/tmp/3hn69l4qoa804.3g8shy2588w00.php')
Mon, 31 Mar 2025 14:36:10 +0000 [2600:1006:b02f:2d11:a4ad:e048:e71:38a1] [/home/u991737198/domains/tas2023.online/public_html/lib/base.php:3281] View->sandbox()
Mon, 31 Mar 2025 14:36:10 +0000 [2600:1006:b02f:2d11:a4ad:e048:e71:38a1] [/home/u991737198/domains/tas2023.online/public_html/tmp/3hn69l4qoa804.3h31n1yj254w8.php:7] Preview->render()
Mon, 31 Mar 2025 14:36:10 +0000 [2600:1006:b02f:2d11:a4ad:e048:e71:38a1] [/home/u991737198/domains/tas2023.online/public_html/lib/base.php:3036] require('/home/u991737198/domains/tas2023.online/public_html/tmp/3hn69l4qoa804.3h31n1yj254w8.php')
Mon, 31 Mar 2025 14:36:10 +0000 [2600:1006:b02f:2d11:a4ad:e048:e71:38a1] [/home/u991737198/domains/tas2023.online/public_html/lib/base.php:3281] View->sandbox()
Mon, 31 Mar 2025 14:36:10 +0000 [2600:1006:b02f:2d11:a4ad:e048:e71:38a1] [/home/u991737198/domains/tas2023.online/public_html/app/controllers/Controller.php:87] Preview->render()
Mon, 31 Mar 2025 14:36:10 +0000 [2600:1006:b02f:2d11:a4ad:e048:e71:38a1] [/home/u991737198/domains/tas2023.online/public_html/lib/base.php:2078] Controller->afterroute()
Mon, 31 Mar 2025 14:36:10 +0000 [2600:1006:b02f:2d11:a4ad:e048:e71:38a1] [/home/u991737198/domains/tas2023.online/public_html/lib/base.php:1871] Base->call()
Mon, 31 Mar 2025 14:36:10 +0000 [2600:1006:b02f:2d11:a4ad:e048:e71:38a1] [/home/u991737198/domains/tas2023.online/public_html/index.php:19] Base->run()
Mon, 31 Mar 2025 14:36:41 +0000 [2600:1006:b02f:2d11:a4ad:e048:e71:38a1] 500: Undefined variable $selected_note trace: [/home/u991737198/domains/tas2023.online/public_html/tmp/3hn69l4qoa804.3g8shy2588w00.php:385]
Mon, 31 Mar 2025 14:36:41 +0000 [2600:1006:b02f:2d11:a4ad:e048:e71:38a1] [/home/u991737198/domains/tas2023.online/public_html/tmp/3hn69l4qoa804.3g8shy2588w00.php:385] Base->{closure}()
Mon, 31 Mar 2025 14:36:41 +0000 [2600:1006:b02f:2d11:a4ad:e048:e71:38a1] [/home/u991737198/domains/tas2023.online/public_html/lib/base.php:3036] require('/home/u991737198/domains/tas2023.online/public_html/tmp/3hn69l4qoa804.3g8shy2588w00.php')
Mon, 31 Mar 2025 14:36:41 +0000 [2600:1006:b02f:2d11:a4ad:e048:e71:38a1] [/home/u991737198/domains/tas2023.online/public_html/lib/base.php:3281] View->sandbox()
Mon, 31 Mar 2025 14:36:41 +0000 [2600:1006:b02f:2d11:a4ad:e048:e71:38a1] [/home/u991737198/domains/tas2023.online/public_html/tmp/3hn69l4qoa804.3h31n1yj254w8.php:7] Preview->render()
Mon, 31 Mar 2025 14:36:41 +0000 [2600:1006:b02f:2d11:a4ad:e048:e71:38a1] [/home/u991737198/domains/tas2023.online/public_html/lib/base.php:3036] require('/home/u991737198/domains/tas2023.online/public_html/tmp/3hn69l4qoa804.3h31n1yj254w8.php')
Mon, 31 Mar 2025 14:36:41 +0000 [2600:1006:b02f:2d11:a4ad:e048:e71:38a1] [/home/u991737198/domains/tas2023.online/public_html/lib/base.php:3281] View->sandbox()
Mon, 31 Mar 2025 14:36:41 +0000 [2600:1006:b02f:2d11:a4ad:e048:e71:38a1] [/home/u991737198/domains/tas2023.online/public_html/app/controllers/Controller.php:87] Preview->render()
Mon, 31 Mar 2025 14:36:41 +0000 [2600:1006:b02f:2d11:a4ad:e048:e71:38a1] [/home/u991737198/domains/tas2023.online/public_html/lib/base.php:2078] Controller->afterroute()
Mon, 31 Mar 2025 14:36:41 +0000 [2600:1006:b02f:2d11:a4ad:e048:e71:38a1] [/home/u991737198/domains/tas2023.online/public_html/lib/base.php:1871] Base->call()
Mon, 31 Mar 2025 14:36:41 +0000 [2600:1006:b02f:2d11:a4ad:e048:e71:38a1] [/home/u991737198/domains/tas2023.online/public_html/index.php:19] Base->run()
Mon, 31 Mar 2025 14:49:08 +0000 [2600:1006:b02f:2d11:a4ad:e048:e71:38a1] 500: Undefined variable $selected_note trace: [/home/u991737198/domains/tas2023.online/public_html/tmp/3hn69l4qoa804.3g8shy2588w00.php:385]
Mon, 31 Mar 2025 14:49:08 +0000 [2600:1006:b02f:2d11:a4ad:e048:e71:38a1] [/home/u991737198/domains/tas2023.online/public_html/tmp/3hn69l4qoa804.3g8shy2588w00.php:385] Base->{closure}()
Mon, 31 Mar 2025 14:49:08 +0000 [2600:1006:b02f:2d11:a4ad:e048:e71:38a1] [/home/u991737198/domains/tas2023.online/public_html/lib/base.php:3036] require('/home/u991737198/domains/tas2023.online/public_html/tmp/3hn69l4qoa804.3g8shy2588w00.php')
Mon, 31 Mar 2025 14:49:08 +0000 [2600:1006:b02f:2d11:a4ad:e048:e71:38a1] [/home/u991737198/domains/tas2023.online/public_html/lib/base.php:3281] View->sandbox()
Mon, 31 Mar 2025 14:49:08 +0000 [2600:1006:b02f:2d11:a4ad:e048:e71:38a1] [/home/u991737198/domains/tas2023.online/public_html/tmp/3hn69l4qoa804.3h31n1yj254w8.php:7] Preview->render()
Mon, 31 Mar 2025 14:49:08 +0000 [2600:1006:b02f:2d11:a4ad:e048:e71:38a1] [/home/u991737198/domains/tas2023.online/public_html/lib/base.php:3036] require('/home/u991737198/domains/tas2023.online/public_html/tmp/3hn69l4qoa804.3h31n1yj254w8.php')
Mon, 31 Mar 2025 14:49:08 +0000 [2600:1006:b02f:2d11:a4ad:e048:e71:38a1] [/home/u991737198/domains/tas2023.online/public_html/lib/base.php:3281] View->sandbox()
Mon, 31 Mar 2025 14:49:08 +0000 [2600:1006:b02f:2d11:a4ad:e048:e71:38a1] [/home/u991737198/domains/tas2023.online/public_html/app/controllers/Controller.php:87] Preview->render()
Mon, 31 Mar 2025 14:49:08 +0000 [2600:1006:b02f:2d11:a4ad:e048:e71:38a1] [/home/u991737198/domains/tas2023.online/public_html/lib/base.php:2078] Controller->afterroute()
Mon, 31 Mar 2025 14:49:08 +0000 [2600:1006:b02f:2d11:a4ad:e048:e71:38a1] [/home/u991737198/domains/tas2023.online/public_html/lib/base.php:1871] Base->call()
Mon, 31 Mar 2025 14:49:08 +0000 [2600:1006:b02f:2d11:a4ad:e048:e71:38a1] [/home/u991737198/domains/tas2023.online/public_html/index.php:19] Base->run()
Mon, 31 Mar 2025 14:49:09 +0000 [2600:1006:b02f:2d11:a4ad:e048:e71:38a1] 401: HTTP 401 (GET /task/taskData) trace: [/home/u991737198/domains/tas2023.online/public_html/lib/access.php:112] Base->error()
Mon, 31 Mar 2025 14:49:09 +0000 [2600:1006:b02f:2d11:a4ad:e048:e71:38a1] [/home/u991737198/domains/tas2023.online/public_html/app/controllers/Controller.php:78] Access->authorize()
Mon, 31 Mar 2025 14:49:09 +0000 [2600:1006:b02f:2d11:a4ad:e048:e71:38a1] [/home/u991737198/domains/tas2023.online/public_html/lib/base.php:2069] Controller->beforeroute()
Mon, 31 Mar 2025 14:49:09 +0000 [2600:1006:b02f:2d11:a4ad:e048:e71:38a1] [/home/u991737198/domains/tas2023.online/public_html/lib/base.php:1871] Base->call()
Mon, 31 Mar 2025 14:49:09 +0000 [2600:1006:b02f:2d11:a4ad:e048:e71:38a1] [/home/u991737198/domains/tas2023.online/public_html/index.php:19] Base->run()
Mon, 31 Mar 2025 14:49:32 +0000 [2600:1006:b02f:2d11:a4ad:e048:e71:38a1] 500: Undefined variable $selected_note trace: [/home/u991737198/domains/tas2023.online/public_html/tmp/3hn69l4qoa804.3g8shy2588w00.php:385]
Mon, 31 Mar 2025 14:49:32 +0000 [2600:1006:b02f:2d11:a4ad:e048:e71:38a1] [/home/u991737198/domains/tas2023.online/public_html/tmp/3hn69l4qoa804.3g8shy2588w00.php:385] Base->{closure}()
Mon, 31 Mar 2025 14:49:32 +0000 [2600:1006:b02f:2d11:a4ad:e048:e71:38a1] [/home/u991737198/domains/tas2023.online/public_html/lib/base.php:3036] require('/home/u991737198/domains/tas2023.online/public_html/tmp/3hn69l4qoa804.3g8shy2588w00.php')
Mon, 31 Mar 2025 14:49:32 +0000 [2600:1006:b02f:2d11:a4ad:e048:e71:38a1] [/home/u991737198/domains/tas2023.online/public_html/lib/base.php:3281] View->sandbox()
Mon, 31 Mar 2025 14:49:32 +0000 [2600:1006:b02f:2d11:a4ad:e048:e71:38a1] [/home/u991737198/domains/tas2023.online/public_html/tmp/3hn69l4qoa804.3h31n1yj254w8.php:7] Preview->render()
Mon, 31 Mar 2025 14:49:32 +0000 [2600:1006:b02f:2d11:a4ad:e048:e71:38a1] [/home/u991737198/domains/tas2023.online/public_html/lib/base.php:3036] require('/home/u991737198/domains/tas2023.online/public_html/tmp/3hn69l4qoa804.3h31n1yj254w8.php')
Mon, 31 Mar 2025 14:49:32 +0000 [2600:1006:b02f:2d11:a4ad:e048:e71:38a1] [/home/u991737198/domains/tas2023.online/public_html/lib/base.php:3281] View->sandbox()
Mon, 31 Mar 2025 14:49:32 +0000 [2600:1006:b02f:2d11:a4ad:e048:e71:38a1] [/home/u991737198/domains/tas2023.online/public_html/app/controllers/Controller.php:87] Preview->render()
Mon, 31 Mar 2025 14:49:32 +0000 [2600:1006:b02f:2d11:a4ad:e048:e71:38a1] [/home/u991737198/domains/tas2023.online/public_html/lib/base.php:2078] Controller->afterroute()
Mon, 31 Mar 2025 14:49:32 +0000 [2600:1006:b02f:2d11:a4ad:e048:e71:38a1] [/home/u991737198/domains/tas2023.online/public_html/lib/base.php:1871] Base->call()
Mon, 31 Mar 2025 14:49:32 +0000 [2600:1006:b02f:2d11:a4ad:e048:e71:38a1] [/home/u991737198/domains/tas2023.online/public_html/index.php:19] Base->run()
Mon, 31 Mar 2025 15:37:06 +0000 [188.127.227.160] 500: Undefined field activado trace: [lib/db/sql/mapper.php:132]
Mon, 31 Mar 2025 15:37:06 +0000 [188.127.227.160] [lib/db/sql/mapper.php:132] user_error()
Mon, 31 Mar 2025 15:37:06 +0000 [188.127.227.160] [lib/magic.php:89] DB\SQL\Mapper->get()
Mon, 31 Mar 2025 15:37:06 +0000 [188.127.227.160] [lib/magic.php:131] Magic->offsetget()
Mon, 31 Mar 2025 15:37:06 +0000 [188.127.227.160] [app/controllers/UserController.php:453] Magic->__get()
Mon, 31 Mar 2025 15:37:06 +0000 [188.127.227.160] [lib/base.php:2072] UserController->create()
Mon, 31 Mar 2025 15:37:06 +0000 [188.127.227.160] [lib/base.php:1871] Base->call()
Mon, 31 Mar 2025 15:37:06 +0000 [188.127.227.160] [index.php:19] Base->run()
Mon, 31 Mar 2025 17:00:20 +0000 [2600:1006:b02f:2d11:a4ad:e048:e71:38a1] 500: Undefined variable $selected_note trace: [/home/u991737198/domains/tas2023.online/public_html/tmp/3hn69l4qoa804.3g8shy2588w00.php:385]
Mon, 31 Mar 2025 17:00:20 +0000 [2600:1006:b02f:2d11:a4ad:e048:e71:38a1] [/home/u991737198/domains/tas2023.online/public_html/tmp/3hn69l4qoa804.3g8shy2588w00.php:385] Base->{closure}()
Mon, 31 Mar 2025 17:00:20 +0000 [2600:1006:b02f:2d11:a4ad:e048:e71:38a1] [/home/u991737198/domains/tas2023.online/public_html/lib/base.php:3036] require('/home/u991737198/domains/tas2023.online/public_html/tmp/3hn69l4qoa804.3g8shy2588w00.php')
Mon, 31 Mar 2025 17:00:20 +0000 [2600:1006:b02f:2d11:a4ad:e048:e71:38a1] [/home/u991737198/domains/tas2023.online/public_html/lib/base.php:3281] View->sandbox()
Mon, 31 Mar 2025 17:00:20 +0000 [2600:1006:b02f:2d11:a4ad:e048:e71:38a1] [/home/u991737198/domains/tas2023.online/public_html/tmp/3hn69l4qoa804.3h31n1yj254w8.php:7] Preview->render()
Mon, 31 Mar 2025 17:00:20 +0000 [2600:1006:b02f:2d11:a4ad:e048:e71:38a1] [/home/u991737198/domains/tas2023.online/public_html/lib/base.php:3036] require('/home/u991737198/domains/tas2023.online/public_html/tmp/3hn69l4qoa804.3h31n1yj254w8.php')
Mon, 31 Mar 2025 17:00:20 +0000 [2600:1006:b02f:2d11:a4ad:e048:e71:38a1] [/home/u991737198/domains/tas2023.online/public_html/lib/base.php:3281] View->sandbox()
Mon, 31 Mar 2025 17:00:20 +0000 [2600:1006:b02f:2d11:a4ad:e048:e71:38a1] [/home/u991737198/domains/tas2023.online/public_html/app/controllers/Controller.php:87] Preview->render()
Mon, 31 Mar 2025 17:00:20 +0000 [2600:1006:b02f:2d11:a4ad:e048:e71:38a1] [/home/u991737198/domains/tas2023.online/public_html/lib/base.php:2078] Controller->afterroute()
Mon, 31 Mar 2025 17:00:20 +0000 [2600:1006:b02f:2d11:a4ad:e048:e71:38a1] [/home/u991737198/domains/tas2023.online/public_html/lib/base.php:1871] Base->call()
Mon, 31 Mar 2025 17:00:20 +0000 [2600:1006:b02f:2d11:a4ad:e048:e71:38a1] [/home/u991737198/domains/tas2023.online/public_html/index.php:19] Base->run()
Mon, 31 Mar 2025 17:00:54 +0000 [2600:1006:b02f:2d11:a4ad:e048:e71:38a1] 500: Undefined variable $selected_note trace: [/home/u991737198/domains/tas2023.online/public_html/tmp/3hn69l4qoa804.3g8shy2588w00.php:385]
Mon, 31 Mar 2025 17:00:54 +0000 [2600:1006:b02f:2d11:a4ad:e048:e71:38a1] [/home/u991737198/domains/tas2023.online/public_html/tmp/3hn69l4qoa804.3g8shy2588w00.php:385] Base->{closure}()
Mon, 31 Mar 2025 17:00:54 +0000 [2600:1006:b02f:2d11:a4ad:e048:e71:38a1] [/home/u991737198/domains/tas2023.online/public_html/lib/base.php:3036] require('/home/u991737198/domains/tas2023.online/public_html/tmp/3hn69l4qoa804.3g8shy2588w00.php')
Mon, 31 Mar 2025 17:00:54 +0000 [2600:1006:b02f:2d11:a4ad:e048:e71:38a1] [/home/u991737198/domains/tas2023.online/public_html/lib/base.php:3281] View->sandbox()
Mon, 31 Mar 2025 17:00:54 +0000 [2600:1006:b02f:2d11:a4ad:e048:e71:38a1] [/home/u991737198/domains/tas2023.online/public_html/tmp/3hn69l4qoa804.3h31n1yj254w8.php:7] Preview->render()
Mon, 31 Mar 2025 17:00:54 +0000 [2600:1006:b02f:2d11:a4ad:e048:e71:38a1] [/home/u991737198/domains/tas2023.online/public_html/lib/base.php:3036] require('/home/u991737198/domains/tas2023.online/public_html/tmp/3hn69l4qoa804.3h31n1yj254w8.php')
Mon, 31 Mar 2025 17:00:54 +0000 [2600:1006:b02f:2d11:a4ad:e048:e71:38a1] [/home/u991737198/domains/tas2023.online/public_html/lib/base.php:3281] View->sandbox()
Mon, 31 Mar 2025 17:00:54 +0000 [2600:1006:b02f:2d11:a4ad:e048:e71:38a1] [/home/u991737198/domains/tas2023.online/public_html/app/controllers/Controller.php:87] Preview->render()
Mon, 31 Mar 2025 17:00:54 +0000 [2600:1006:b02f:2d11:a4ad:e048:e71:38a1] [/home/u991737198/domains/tas2023.online/public_html/lib/base.php:2078] Controller->afterroute()
Mon, 31 Mar 2025 17:00:54 +0000 [2600:1006:b02f:2d11:a4ad:e048:e71:38a1] [/home/u991737198/domains/tas2023.online/public_html/lib/base.php:1871] Base->call()
Mon, 31 Mar 2025 17:00:54 +0000 [2600:1006:b02f:2d11:a4ad:e048:e71:38a1] [/home/u991737198/domains/tas2023.online/public_html/index.php:19] Base->run()
Mon, 31 Mar 2025 20:10:00 +0000 [51.38.247.211] 500: strcmp(): Passing null to parameter #1 ($string1) of type string is deprecated trace: [app/controllers/UserController.php:73]
Mon, 31 Mar 2025 20:10:00 +0000 [51.38.247.211] [app/controllers/UserController.php:73] strcmp()
Mon, 31 Mar 2025 20:10:00 +0000 [51.38.247.211] [lib/base.php:2072] UserController->confirm_registration()
Mon, 31 Mar 2025 20:10:00 +0000 [51.38.247.211] [lib/base.php:1871] Base->call()
Mon, 31 Mar 2025 20:10:00 +0000 [51.38.247.211] [index.php:19] Base->run()
