Sat, 18 Oct 2025 10:40:02 +0000 [2607:fb92:1c86:f83a:fb93:e46f:edd4:45c0] 500: Undefined variable $fechapicker trace: [/home/u991737198/domains/tas2023.online/public_html/tmp/3hn69l4qoa804.22phmm30e0u84.php:334]
Sat, 18 Oct 2025 10:40:02 +0000 [2607:fb92:1c86:f83a:fb93:e46f:edd4:45c0] [/home/u991737198/domains/tas2023.online/public_html/tmp/3hn69l4qoa804.22phmm30e0u84.php:334] Base->{closure}()
Sat, 18 Oct 2025 10:40:02 +0000 [2607:fb92:1c86:f83a:fb93:e46f:edd4:45c0] [/home/u991737198/domains/tas2023.online/public_html/lib/base.php:3036] require('/home/u991737198/domains/tas2023.online/public_html/tmp/3hn69l4qoa804.22phmm30e0u84.php')
Sat, 18 Oct 2025 10:40:02 +0000 [2607:fb92:1c86:f83a:fb93:e46f:edd4:45c0] [/home/u991737198/domains/tas2023.online/public_html/lib/base.php:3281] View->sandbox()
Sat, 18 Oct 2025 10:40:02 +0000 [2607:fb92:1c86:f83a:fb93:e46f:edd4:45c0] [/home/u991737198/domains/tas2023.online/public_html/tmp/3hn69l4qoa804.3h31n1yj254w8.php:7] Preview->render()
Sat, 18 Oct 2025 10:40:02 +0000 [2607:fb92:1c86:f83a:fb93:e46f:edd4:45c0] [/home/u991737198/domains/tas2023.online/public_html/lib/base.php:3036] require('/home/u991737198/domains/tas2023.online/public_html/tmp/3hn69l4qoa804.3h31n1yj254w8.php')
Sat, 18 Oct 2025 10:40:02 +0000 [2607:fb92:1c86:f83a:fb93:e46f:edd4:45c0] [/home/u991737198/domains/tas2023.online/public_html/lib/base.php:3281] View->sandbox()
Sat, 18 Oct 2025 10:40:02 +0000 [2607:fb92:1c86:f83a:fb93:e46f:edd4:45c0] [/home/u991737198/domains/tas2023.online/public_html/app/controllers/Controller.php:87] Preview->render()
Sat, 18 Oct 2025 10:40:02 +0000 [2607:fb92:1c86:f83a:fb93:e46f:edd4:45c0] [/home/u991737198/domains/tas2023.online/public_html/lib/base.php:2078] Controller->afterroute()
Sat, 18 Oct 2025 10:40:02 +0000 [2607:fb92:1c86:f83a:fb93:e46f:edd4:45c0] [/home/u991737198/domains/tas2023.online/public_html/lib/base.php:1871] Base->call()
Sat, 18 Oct 2025 10:40:02 +0000 [2607:fb92:1c86:f83a:fb93:e46f:edd4:45c0] [/home/u991737198/domains/tas2023.online/public_html/index.php:19] Base->run()
Sat, 18 Oct 2025 10:40:18 +0000 [2607:fb92:1c86:f83a:fb93:e46f:edd4:45c0] 500: Undefined variable $entity_num trace: [tmp/3hn69l4qoa804.1zo7dt0fljr4w.php:200]
Sat, 18 Oct 2025 10:40:18 +0000 [2607:fb92:1c86:f83a:fb93:e46f:edd4:45c0] [tmp/3hn69l4qoa804.1zo7dt0fljr4w.php:200] Base->{closure}()
Sat, 18 Oct 2025 10:40:18 +0000 [2607:fb92:1c86:f83a:fb93:e46f:edd4:45c0] [lib/base.php:3036] require('/home/u991737198/domains/tas2023.online/public_html/tmp/3hn69l4qoa804.1zo7dt0fljr4w.php')
Sat, 18 Oct 2025 10:40:18 +0000 [2607:fb92:1c86:f83a:fb93:e46f:edd4:45c0] [lib/base.php:3281] View->sandbox()
Sat, 18 Oct 2025 10:40:18 +0000 [2607:fb92:1c86:f83a:fb93:e46f:edd4:45c0] [tmp/3hn69l4qoa804.3h31n1yj254w8.php:7] Preview->render()
Sat, 18 Oct 2025 10:40:18 +0000 [2607:fb92:1c86:f83a:fb93:e46f:edd4:45c0] [lib/base.php:3036] require('/home/u991737198/domains/tas2023.online/public_html/tmp/3hn69l4qoa804.3h31n1yj254w8.php')
Sat, 18 Oct 2025 10:40:18 +0000 [2607:fb92:1c86:f83a:fb93:e46f:edd4:45c0] [lib/base.php:3281] View->sandbox()
Sat, 18 Oct 2025 10:40:18 +0000 [2607:fb92:1c86:f83a:fb93:e46f:edd4:45c0] [app/controllers/Controller.php:87] Preview->render()
Sat, 18 Oct 2025 10:40:18 +0000 [2607:fb92:1c86:f83a:fb93:e46f:edd4:45c0] [lib/base.php:2078] Controller->afterroute()
Sat, 18 Oct 2025 10:40:18 +0000 [2607:fb92:1c86:f83a:fb93:e46f:edd4:45c0] [lib/base.php:1871] Base->call()
Sat, 18 Oct 2025 10:40:18 +0000 [2607:fb92:1c86:f83a:fb93:e46f:edd4:45c0] [index.php:19] Base->run()
Sat, 18 Oct 2025 10:40:43 +0000 [2607:fb92:1c86:f83a:fb93:e46f:edd4:45c0] 500: Undefined variable $entity_num trace: [tmp/3hn69l4qoa804.1zo7dt0fljr4w.php:200]
Sat, 18 Oct 2025 10:40:43 +0000 [2607:fb92:1c86:f83a:fb93:e46f:edd4:45c0] [tmp/3hn69l4qoa804.1zo7dt0fljr4w.php:200] Base->{closure}()
Sat, 18 Oct 2025 10:40:43 +0000 [2607:fb92:1c86:f83a:fb93:e46f:edd4:45c0] [lib/base.php:3036] require('/home/u991737198/domains/tas2023.online/public_html/tmp/3hn69l4qoa804.1zo7dt0fljr4w.php')
Sat, 18 Oct 2025 10:40:43 +0000 [2607:fb92:1c86:f83a:fb93:e46f:edd4:45c0] [lib/base.php:3281] View->sandbox()
Sat, 18 Oct 2025 10:40:43 +0000 [2607:fb92:1c86:f83a:fb93:e46f:edd4:45c0] [tmp/3hn69l4qoa804.3h31n1yj254w8.php:7] Preview->render()
Sat, 18 Oct 2025 10:40:43 +0000 [2607:fb92:1c86:f83a:fb93:e46f:edd4:45c0] [lib/base.php:3036] require('/home/u991737198/domains/tas2023.online/public_html/tmp/3hn69l4qoa804.3h31n1yj254w8.php')
Sat, 18 Oct 2025 10:40:43 +0000 [2607:fb92:1c86:f83a:fb93:e46f:edd4:45c0] [lib/base.php:3281] View->sandbox()
Sat, 18 Oct 2025 10:40:43 +0000 [2607:fb92:1c86:f83a:fb93:e46f:edd4:45c0] [app/controllers/Controller.php:87] Preview->render()
Sat, 18 Oct 2025 10:40:43 +0000 [2607:fb92:1c86:f83a:fb93:e46f:edd4:45c0] [lib/base.php:2078] Controller->afterroute()
Sat, 18 Oct 2025 10:40:43 +0000 [2607:fb92:1c86:f83a:fb93:e46f:edd4:45c0] [lib/base.php:1871] Base->call()
Sat, 18 Oct 2025 10:40:43 +0000 [2607:fb92:1c86:f83a:fb93:e46f:edd4:45c0] [index.php:19] Base->run()
Sat, 18 Oct 2025 10:40:58 +0000 [2607:fb92:1c86:f83a:fb93:e46f:edd4:45c0] 500: Undefined variable $entity_num trace: [tmp/3hn69l4qoa804.man4oes5p0l2.php:177]
Sat, 18 Oct 2025 10:40:58 +0000 [2607:fb92:1c86:f83a:fb93:e46f:edd4:45c0] [tmp/3hn69l4qoa804.man4oes5p0l2.php:177] Base->{closure}()
Sat, 18 Oct 2025 10:40:58 +0000 [2607:fb92:1c86:f83a:fb93:e46f:edd4:45c0] [lib/base.php:3036] require('/home/u991737198/domains/tas2023.online/public_html/tmp/3hn69l4qoa804.man4oes5p0l2.php')
Sat, 18 Oct 2025 10:40:58 +0000 [2607:fb92:1c86:f83a:fb93:e46f:edd4:45c0] [lib/base.php:3281] View->sandbox()
Sat, 18 Oct 2025 10:40:58 +0000 [2607:fb92:1c86:f83a:fb93:e46f:edd4:45c0] [tmp/3hn69l4qoa804.3h31n1yj254w8.php:7] Preview->render()
Sat, 18 Oct 2025 10:40:58 +0000 [2607:fb92:1c86:f83a:fb93:e46f:edd4:45c0] [lib/base.php:3036] require('/home/u991737198/domains/tas2023.online/public_html/tmp/3hn69l4qoa804.3h31n1yj254w8.php')
Sat, 18 Oct 2025 10:40:58 +0000 [2607:fb92:1c86:f83a:fb93:e46f:edd4:45c0] [lib/base.php:3281] View->sandbox()
Sat, 18 Oct 2025 10:40:58 +0000 [2607:fb92:1c86:f83a:fb93:e46f:edd4:45c0] [app/controllers/Controller.php:87] Preview->render()
Sat, 18 Oct 2025 10:40:58 +0000 [2607:fb92:1c86:f83a:fb93:e46f:edd4:45c0] [lib/base.php:2078] Controller->afterroute()
Sat, 18 Oct 2025 10:40:58 +0000 [2607:fb92:1c86:f83a:fb93:e46f:edd4:45c0] [lib/base.php:1871] Base->call()
Sat, 18 Oct 2025 10:40:58 +0000 [2607:fb92:1c86:f83a:fb93:e46f:edd4:45c0] [index.php:19] Base->run()
Sat, 18 Oct 2025 10:41:10 +0000 [2607:fb92:1c86:f83a:fb93:e46f:edd4:45c0] 500: Undefined array key 1 trace: [app/controllers/PersonController.php:247]
Sat, 18 Oct 2025 10:41:10 +0000 [2607:fb92:1c86:f83a:fb93:e46f:edd4:45c0] [app/controllers/PersonController.php:247] Base->{closure}()
Sat, 18 Oct 2025 10:41:10 +0000 [2607:fb92:1c86:f83a:fb93:e46f:edd4:45c0] [app/controllers/PersonController.php:238] PersonController->calculate_age()
Sat, 18 Oct 2025 10:41:10 +0000 [2607:fb92:1c86:f83a:fb93:e46f:edd4:45c0] [lib/base.php:2072] PersonController->update()
Sat, 18 Oct 2025 10:41:10 +0000 [2607:fb92:1c86:f83a:fb93:e46f:edd4:45c0] [lib/base.php:1871] Base->call()
Sat, 18 Oct 2025 10:41:10 +0000 [2607:fb92:1c86:f83a:fb93:e46f:edd4:45c0] [index.php:19] Base->run()
Sat, 18 Oct 2025 10:41:40 +0000 [2607:fb92:1c86:f83a:fb93:e46f:edd4:45c0] 500: Undefined variable $selected_note trace: [/home/u991737198/domains/tas2023.online/public_html/tmp/3hn69l4qoa804.3g8shy2588w00.php:385]
Sat, 18 Oct 2025 10:41:40 +0000 [2607:fb92:1c86:f83a:fb93:e46f:edd4:45c0] [/home/u991737198/domains/tas2023.online/public_html/tmp/3hn69l4qoa804.3g8shy2588w00.php:385] Base->{closure}()
Sat, 18 Oct 2025 10:41:40 +0000 [2607:fb92:1c86:f83a:fb93:e46f:edd4:45c0] [/home/u991737198/domains/tas2023.online/public_html/lib/base.php:3036] require('/home/u991737198/domains/tas2023.online/public_html/tmp/3hn69l4qoa804.3g8shy2588w00.php')
Sat, 18 Oct 2025 10:41:40 +0000 [2607:fb92:1c86:f83a:fb93:e46f:edd4:45c0] [/home/u991737198/domains/tas2023.online/public_html/lib/base.php:3281] View->sandbox()
Sat, 18 Oct 2025 10:41:40 +0000 [2607:fb92:1c86:f83a:fb93:e46f:edd4:45c0] [/home/u991737198/domains/tas2023.online/public_html/tmp/3hn69l4qoa804.3h31n1yj254w8.php:7] Preview->render()
Sat, 18 Oct 2025 10:41:40 +0000 [2607:fb92:1c86:f83a:fb93:e46f:edd4:45c0] [/home/u991737198/domains/tas2023.online/public_html/lib/base.php:3036] require('/home/u991737198/domains/tas2023.online/public_html/tmp/3hn69l4qoa804.3h31n1yj254w8.php')
Sat, 18 Oct 2025 10:41:40 +0000 [2607:fb92:1c86:f83a:fb93:e46f:edd4:45c0] [/home/u991737198/domains/tas2023.online/public_html/lib/base.php:3281] View->sandbox()
Sat, 18 Oct 2025 10:41:40 +0000 [2607:fb92:1c86:f83a:fb93:e46f:edd4:45c0] [/home/u991737198/domains/tas2023.online/public_html/app/controllers/Controller.php:87] Preview->render()
Sat, 18 Oct 2025 10:41:40 +0000 [2607:fb92:1c86:f83a:fb93:e46f:edd4:45c0] [/home/u991737198/domains/tas2023.online/public_html/lib/base.php:2078] Controller->afterroute()
Sat, 18 Oct 2025 10:41:40 +0000 [2607:fb92:1c86:f83a:fb93:e46f:edd4:45c0] [/home/u991737198/domains/tas2023.online/public_html/lib/base.php:1871] Base->call()
Sat, 18 Oct 2025 10:41:40 +0000 [2607:fb92:1c86:f83a:fb93:e46f:edd4:45c0] [/home/u991737198/domains/tas2023.online/public_html/index.php:19] Base->run()
