Sun, 09 Nov 2025 01:17:09 +0000 [2607:fb90:e284:8b6:c0e2:4f15:f8e7:9de3] 401: HTTP 401 (GET /task/userNotesCount) trace: [/home/u991737198/domains/tas2023.online/public_html/lib/access.php:112] Base->error()
Sun, 09 Nov 2025 01:17:09 +0000 [2607:fb90:e284:8b6:c0e2:4f15:f8e7:9de3] [/home/u991737198/domains/tas2023.online/public_html/app/controllers/Controller.php:78] Access->authorize()
Sun, 09 Nov 2025 01:17:09 +0000 [2607:fb90:e284:8b6:c0e2:4f15:f8e7:9de3] [/home/u991737198/domains/tas2023.online/public_html/lib/base.php:2069] Controller->beforeroute()
Sun, 09 Nov 2025 01:17:09 +0000 [2607:fb90:e284:8b6:c0e2:4f15:f8e7:9de3] [/home/u991737198/domains/tas2023.online/public_html/lib/base.php:1871] Base->call()
Sun, 09 Nov 2025 01:17:09 +0000 [2607:fb90:e284:8b6:c0e2:4f15:f8e7:9de3] [/home/u991737198/domains/tas2023.online/public_html/index.php:19] Base->run()
Sun, 09 Nov 2025 01:17:38 +0000 [2607:fb90:e284:8b6:c0e2:4f15:f8e7:9de3] 500: Undefined variable $fechapicker trace: [/home/u991737198/domains/tas2023.online/public_html/tmp/3hn69l4qoa804.22phmm30e0u84.php:334]
Sun, 09 Nov 2025 01:17:38 +0000 [2607:fb90:e284:8b6:c0e2:4f15:f8e7:9de3] [/home/u991737198/domains/tas2023.online/public_html/tmp/3hn69l4qoa804.22phmm30e0u84.php:334] Base->{closure}()
Sun, 09 Nov 2025 01:17:38 +0000 [2607:fb90:e284:8b6:c0e2:4f15:f8e7:9de3] [/home/u991737198/domains/tas2023.online/public_html/lib/base.php:3036] require('/home/u991737198/domains/tas2023.online/public_html/tmp/3hn69l4qoa804.22phmm30e0u84.php')
Sun, 09 Nov 2025 01:17:38 +0000 [2607:fb90:e284:8b6:c0e2:4f15:f8e7:9de3] [/home/u991737198/domains/tas2023.online/public_html/lib/base.php:3281] View->sandbox()
Sun, 09 Nov 2025 01:17:38 +0000 [2607:fb90:e284:8b6:c0e2:4f15:f8e7:9de3] [/home/u991737198/domains/tas2023.online/public_html/tmp/3hn69l4qoa804.3h31n1yj254w8.php:7] Preview->render()
Sun, 09 Nov 2025 01:17:38 +0000 [2607:fb90:e284:8b6:c0e2:4f15:f8e7:9de3] [/home/u991737198/domains/tas2023.online/public_html/lib/base.php:3036] require('/home/u991737198/domains/tas2023.online/public_html/tmp/3hn69l4qoa804.3h31n1yj254w8.php')
Sun, 09 Nov 2025 01:17:38 +0000 [2607:fb90:e284:8b6:c0e2:4f15:f8e7:9de3] [/home/u991737198/domains/tas2023.online/public_html/lib/base.php:3281] View->sandbox()
Sun, 09 Nov 2025 01:17:38 +0000 [2607:fb90:e284:8b6:c0e2:4f15:f8e7:9de3] [/home/u991737198/domains/tas2023.online/public_html/app/controllers/Controller.php:87] Preview->render()
Sun, 09 Nov 2025 01:17:38 +0000 [2607:fb90:e284:8b6:c0e2:4f15:f8e7:9de3] [/home/u991737198/domains/tas2023.online/public_html/lib/base.php:2078] Controller->afterroute()
Sun, 09 Nov 2025 01:17:38 +0000 [2607:fb90:e284:8b6:c0e2:4f15:f8e7:9de3] [/home/u991737198/domains/tas2023.online/public_html/lib/base.php:1871] Base->call()
Sun, 09 Nov 2025 01:17:38 +0000 [2607:fb90:e284:8b6:c0e2:4f15:f8e7:9de3] [/home/u991737198/domains/tas2023.online/public_html/index.php:19] Base->run()
Sun, 09 Nov 2025 01:17:53 +0000 [2607:fb90:e284:8b6:c0e2:4f15:f8e7:9de3] 500: Undefined variable $fechapicker trace: [/home/u991737198/domains/tas2023.online/public_html/tmp/3hn69l4qoa804.22phmm30e0u84.php:334]
Sun, 09 Nov 2025 01:17:53 +0000 [2607:fb90:e284:8b6:c0e2:4f15:f8e7:9de3] [/home/u991737198/domains/tas2023.online/public_html/tmp/3hn69l4qoa804.22phmm30e0u84.php:334] Base->{closure}()
Sun, 09 Nov 2025 01:17:53 +0000 [2607:fb90:e284:8b6:c0e2:4f15:f8e7:9de3] [/home/u991737198/domains/tas2023.online/public_html/lib/base.php:3036] require('/home/u991737198/domains/tas2023.online/public_html/tmp/3hn69l4qoa804.22phmm30e0u84.php')
Sun, 09 Nov 2025 01:17:53 +0000 [2607:fb90:e284:8b6:c0e2:4f15:f8e7:9de3] [/home/u991737198/domains/tas2023.online/public_html/lib/base.php:3281] View->sandbox()
Sun, 09 Nov 2025 01:17:53 +0000 [2607:fb90:e284:8b6:c0e2:4f15:f8e7:9de3] [/home/u991737198/domains/tas2023.online/public_html/tmp/3hn69l4qoa804.3h31n1yj254w8.php:7] Preview->render()
Sun, 09 Nov 2025 01:17:53 +0000 [2607:fb90:e284:8b6:c0e2:4f15:f8e7:9de3] [/home/u991737198/domains/tas2023.online/public_html/lib/base.php:3036] require('/home/u991737198/domains/tas2023.online/public_html/tmp/3hn69l4qoa804.3h31n1yj254w8.php')
Sun, 09 Nov 2025 01:17:53 +0000 [2607:fb90:e284:8b6:c0e2:4f15:f8e7:9de3] [/home/u991737198/domains/tas2023.online/public_html/lib/base.php:3281] View->sandbox()
Sun, 09 Nov 2025 01:17:53 +0000 [2607:fb90:e284:8b6:c0e2:4f15:f8e7:9de3] [/home/u991737198/domains/tas2023.online/public_html/app/controllers/Controller.php:87] Preview->render()
Sun, 09 Nov 2025 01:17:53 +0000 [2607:fb90:e284:8b6:c0e2:4f15:f8e7:9de3] [/home/u991737198/domains/tas2023.online/public_html/lib/base.php:2078] Controller->afterroute()
Sun, 09 Nov 2025 01:17:53 +0000 [2607:fb90:e284:8b6:c0e2:4f15:f8e7:9de3] [/home/u991737198/domains/tas2023.online/public_html/lib/base.php:1871] Base->call()
Sun, 09 Nov 2025 01:17:53 +0000 [2607:fb90:e284:8b6:c0e2:4f15:f8e7:9de3] [/home/u991737198/domains/tas2023.online/public_html/index.php:19] Base->run()
Sun, 09 Nov 2025 01:17:56 +0000 [2607:fb90:e284:8b6:c0e2:4f15:f8e7:9de3] 500: Undefined variable $selected_note trace: [/home/u991737198/domains/tas2023.online/public_html/tmp/3hn69l4qoa804.3g8shy2588w00.php:385]
Sun, 09 Nov 2025 01:17:56 +0000 [2607:fb90:e284:8b6:c0e2:4f15:f8e7:9de3] [/home/u991737198/domains/tas2023.online/public_html/tmp/3hn69l4qoa804.3g8shy2588w00.php:385] Base->{closure}()
Sun, 09 Nov 2025 01:17:56 +0000 [2607:fb90:e284:8b6:c0e2:4f15:f8e7:9de3] [/home/u991737198/domains/tas2023.online/public_html/lib/base.php:3036] require('/home/u991737198/domains/tas2023.online/public_html/tmp/3hn69l4qoa804.3g8shy2588w00.php')
Sun, 09 Nov 2025 01:17:56 +0000 [2607:fb90:e284:8b6:c0e2:4f15:f8e7:9de3] [/home/u991737198/domains/tas2023.online/public_html/lib/base.php:3281] View->sandbox()
Sun, 09 Nov 2025 01:17:56 +0000 [2607:fb90:e284:8b6:c0e2:4f15:f8e7:9de3] [/home/u991737198/domains/tas2023.online/public_html/tmp/3hn69l4qoa804.3h31n1yj254w8.php:7] Preview->render()
Sun, 09 Nov 2025 01:17:56 +0000 [2607:fb90:e284:8b6:c0e2:4f15:f8e7:9de3] [/home/u991737198/domains/tas2023.online/public_html/lib/base.php:3036] require('/home/u991737198/domains/tas2023.online/public_html/tmp/3hn69l4qoa804.3h31n1yj254w8.php')
Sun, 09 Nov 2025 01:17:56 +0000 [2607:fb90:e284:8b6:c0e2:4f15:f8e7:9de3] [/home/u991737198/domains/tas2023.online/public_html/lib/base.php:3281] View->sandbox()
Sun, 09 Nov 2025 01:17:56 +0000 [2607:fb90:e284:8b6:c0e2:4f15:f8e7:9de3] [/home/u991737198/domains/tas2023.online/public_html/app/controllers/Controller.php:87] Preview->render()
Sun, 09 Nov 2025 01:17:56 +0000 [2607:fb90:e284:8b6:c0e2:4f15:f8e7:9de3] [/home/u991737198/domains/tas2023.online/public_html/lib/base.php:2078] Controller->afterroute()
Sun, 09 Nov 2025 01:17:56 +0000 [2607:fb90:e284:8b6:c0e2:4f15:f8e7:9de3] [/home/u991737198/domains/tas2023.online/public_html/lib/base.php:1871] Base->call()
Sun, 09 Nov 2025 01:17:56 +0000 [2607:fb90:e284:8b6:c0e2:4f15:f8e7:9de3] [/home/u991737198/domains/tas2023.online/public_html/index.php:19] Base->run()
Sun, 09 Nov 2025 01:19:34 +0000 [2607:fb90:e284:8b6:c0e2:4f15:f8e7:9de3] 500: Undefined variable $selected_note trace: [/home/u991737198/domains/tas2023.online/public_html/tmp/3hn69l4qoa804.3g8shy2588w00.php:385]
Sun, 09 Nov 2025 01:19:34 +0000 [2607:fb90:e284:8b6:c0e2:4f15:f8e7:9de3] [/home/u991737198/domains/tas2023.online/public_html/tmp/3hn69l4qoa804.3g8shy2588w00.php:385] Base->{closure}()
Sun, 09 Nov 2025 01:19:34 +0000 [2607:fb90:e284:8b6:c0e2:4f15:f8e7:9de3] [/home/u991737198/domains/tas2023.online/public_html/lib/base.php:3036] require('/home/u991737198/domains/tas2023.online/public_html/tmp/3hn69l4qoa804.3g8shy2588w00.php')
Sun, 09 Nov 2025 01:19:34 +0000 [2607:fb90:e284:8b6:c0e2:4f15:f8e7:9de3] [/home/u991737198/domains/tas2023.online/public_html/lib/base.php:3281] View->sandbox()
Sun, 09 Nov 2025 01:19:34 +0000 [2607:fb90:e284:8b6:c0e2:4f15:f8e7:9de3] [/home/u991737198/domains/tas2023.online/public_html/tmp/3hn69l4qoa804.3h31n1yj254w8.php:7] Preview->render()
Sun, 09 Nov 2025 01:19:34 +0000 [2607:fb90:e284:8b6:c0e2:4f15:f8e7:9de3] [/home/u991737198/domains/tas2023.online/public_html/lib/base.php:3036] require('/home/u991737198/domains/tas2023.online/public_html/tmp/3hn69l4qoa804.3h31n1yj254w8.php')
Sun, 09 Nov 2025 01:19:34 +0000 [2607:fb90:e284:8b6:c0e2:4f15:f8e7:9de3] [/home/u991737198/domains/tas2023.online/public_html/lib/base.php:3281] View->sandbox()
Sun, 09 Nov 2025 01:19:34 +0000 [2607:fb90:e284:8b6:c0e2:4f15:f8e7:9de3] [/home/u991737198/domains/tas2023.online/public_html/app/controllers/Controller.php:87] Preview->render()
Sun, 09 Nov 2025 01:19:34 +0000 [2607:fb90:e284:8b6:c0e2:4f15:f8e7:9de3] [/home/u991737198/domains/tas2023.online/public_html/lib/base.php:2078] Controller->afterroute()
Sun, 09 Nov 2025 01:19:34 +0000 [2607:fb90:e284:8b6:c0e2:4f15:f8e7:9de3] [/home/u991737198/domains/tas2023.online/public_html/lib/base.php:1871] Base->call()
Sun, 09 Nov 2025 01:19:34 +0000 [2607:fb90:e284:8b6:c0e2:4f15:f8e7:9de3] [/home/u991737198/domains/tas2023.online/public_html/index.php:19] Base->run()
Sun, 09 Nov 2025 01:19:52 +0000 [2607:fb90:e284:8b6:c0e2:4f15:f8e7:9de3] 500: Undefined variable $selected_note trace: [/home/u991737198/domains/tas2023.online/public_html/tmp/3hn69l4qoa804.3g8shy2588w00.php:385]
Sun, 09 Nov 2025 01:19:52 +0000 [2607:fb90:e284:8b6:c0e2:4f15:f8e7:9de3] [/home/u991737198/domains/tas2023.online/public_html/tmp/3hn69l4qoa804.3g8shy2588w00.php:385] Base->{closure}()
Sun, 09 Nov 2025 01:19:52 +0000 [2607:fb90:e284:8b6:c0e2:4f15:f8e7:9de3] [/home/u991737198/domains/tas2023.online/public_html/lib/base.php:3036] require('/home/u991737198/domains/tas2023.online/public_html/tmp/3hn69l4qoa804.3g8shy2588w00.php')
Sun, 09 Nov 2025 01:19:52 +0000 [2607:fb90:e284:8b6:c0e2:4f15:f8e7:9de3] [/home/u991737198/domains/tas2023.online/public_html/lib/base.php:3281] View->sandbox()
Sun, 09 Nov 2025 01:19:52 +0000 [2607:fb90:e284:8b6:c0e2:4f15:f8e7:9de3] [/home/u991737198/domains/tas2023.online/public_html/tmp/3hn69l4qoa804.3h31n1yj254w8.php:7] Preview->render()
Sun, 09 Nov 2025 01:19:52 +0000 [2607:fb90:e284:8b6:c0e2:4f15:f8e7:9de3] [/home/u991737198/domains/tas2023.online/public_html/lib/base.php:3036] require('/home/u991737198/domains/tas2023.online/public_html/tmp/3hn69l4qoa804.3h31n1yj254w8.php')
Sun, 09 Nov 2025 01:19:52 +0000 [2607:fb90:e284:8b6:c0e2:4f15:f8e7:9de3] [/home/u991737198/domains/tas2023.online/public_html/lib/base.php:3281] View->sandbox()
Sun, 09 Nov 2025 01:19:52 +0000 [2607:fb90:e284:8b6:c0e2:4f15:f8e7:9de3] [/home/u991737198/domains/tas2023.online/public_html/app/controllers/Controller.php:87] Preview->render()
Sun, 09 Nov 2025 01:19:52 +0000 [2607:fb90:e284:8b6:c0e2:4f15:f8e7:9de3] [/home/u991737198/domains/tas2023.online/public_html/lib/base.php:2078] Controller->afterroute()
Sun, 09 Nov 2025 01:19:52 +0000 [2607:fb90:e284:8b6:c0e2:4f15:f8e7:9de3] [/home/u991737198/domains/tas2023.online/public_html/lib/base.php:1871] Base->call()
Sun, 09 Nov 2025 01:19:52 +0000 [2607:fb90:e284:8b6:c0e2:4f15:f8e7:9de3] [/home/u991737198/domains/tas2023.online/public_html/index.php:19] Base->run()
Sun, 09 Nov 2025 01:20:06 +0000 [2607:fb90:e284:8b6:c0e2:4f15:f8e7:9de3] 500: Undefined variable $entity_num trace: [tmp/3hn69l4qoa804.man4oes5p0l2.php:177]
Sun, 09 Nov 2025 01:20:06 +0000 [2607:fb90:e284:8b6:c0e2:4f15:f8e7:9de3] [tmp/3hn69l4qoa804.man4oes5p0l2.php:177] Base->{closure}()
Sun, 09 Nov 2025 01:20:06 +0000 [2607:fb90:e284:8b6:c0e2:4f15:f8e7:9de3] [lib/base.php:3036] require('/home/u991737198/domains/tas2023.online/public_html/tmp/3hn69l4qoa804.man4oes5p0l2.php')
Sun, 09 Nov 2025 01:20:06 +0000 [2607:fb90:e284:8b6:c0e2:4f15:f8e7:9de3] [lib/base.php:3281] View->sandbox()
Sun, 09 Nov 2025 01:20:06 +0000 [2607:fb90:e284:8b6:c0e2:4f15:f8e7:9de3] [tmp/3hn69l4qoa804.3h31n1yj254w8.php:7] Preview->render()
Sun, 09 Nov 2025 01:20:06 +0000 [2607:fb90:e284:8b6:c0e2:4f15:f8e7:9de3] [lib/base.php:3036] require('/home/u991737198/domains/tas2023.online/public_html/tmp/3hn69l4qoa804.3h31n1yj254w8.php')
Sun, 09 Nov 2025 01:20:06 +0000 [2607:fb90:e284:8b6:c0e2:4f15:f8e7:9de3] [lib/base.php:3281] View->sandbox()
Sun, 09 Nov 2025 01:20:06 +0000 [2607:fb90:e284:8b6:c0e2:4f15:f8e7:9de3] [app/controllers/Controller.php:87] Preview->render()
Sun, 09 Nov 2025 01:20:06 +0000 [2607:fb90:e284:8b6:c0e2:4f15:f8e7:9de3] [lib/base.php:2078] Controller->afterroute()
Sun, 09 Nov 2025 01:20:06 +0000 [2607:fb90:e284:8b6:c0e2:4f15:f8e7:9de3] [lib/base.php:1871] Base->call()
Sun, 09 Nov 2025 01:20:06 +0000 [2607:fb90:e284:8b6:c0e2:4f15:f8e7:9de3] [index.php:19] Base->run()
Sun, 09 Nov 2025 01:23:43 +0000 [2607:fb90:e284:8b6:c0e2:4f15:f8e7:9de3] 500: Undefined variable $entity_num trace: [tmp/3hn69l4qoa804.man4oes5p0l2.php:177]
Sun, 09 Nov 2025 01:23:43 +0000 [2607:fb90:e284:8b6:c0e2:4f15:f8e7:9de3] [tmp/3hn69l4qoa804.man4oes5p0l2.php:177] Base->{closure}()
Sun, 09 Nov 2025 01:23:43 +0000 [2607:fb90:e284:8b6:c0e2:4f15:f8e7:9de3] [lib/base.php:3036] require('/home/u991737198/domains/tas2023.online/public_html/tmp/3hn69l4qoa804.man4oes5p0l2.php')
Sun, 09 Nov 2025 01:23:43 +0000 [2607:fb90:e284:8b6:c0e2:4f15:f8e7:9de3] [lib/base.php:3281] View->sandbox()
Sun, 09 Nov 2025 01:23:43 +0000 [2607:fb90:e284:8b6:c0e2:4f15:f8e7:9de3] [tmp/3hn69l4qoa804.3h31n1yj254w8.php:7] Preview->render()
Sun, 09 Nov 2025 01:23:43 +0000 [2607:fb90:e284:8b6:c0e2:4f15:f8e7:9de3] [lib/base.php:3036] require('/home/u991737198/domains/tas2023.online/public_html/tmp/3hn69l4qoa804.3h31n1yj254w8.php')
Sun, 09 Nov 2025 01:23:43 +0000 [2607:fb90:e284:8b6:c0e2:4f15:f8e7:9de3] [lib/base.php:3281] View->sandbox()
Sun, 09 Nov 2025 01:23:43 +0000 [2607:fb90:e284:8b6:c0e2:4f15:f8e7:9de3] [app/controllers/Controller.php:87] Preview->render()
Sun, 09 Nov 2025 01:23:43 +0000 [2607:fb90:e284:8b6:c0e2:4f15:f8e7:9de3] [lib/base.php:2078] Controller->afterroute()
Sun, 09 Nov 2025 01:23:43 +0000 [2607:fb90:e284:8b6:c0e2:4f15:f8e7:9de3] [lib/base.php:1871] Base->call()
Sun, 09 Nov 2025 01:23:43 +0000 [2607:fb90:e284:8b6:c0e2:4f15:f8e7:9de3] [index.php:19] Base->run()
Sun, 09 Nov 2025 01:26:02 +0000 [2607:fb90:e284:8b6:c0e2:4f15:f8e7:9de3] 500: Undefined variable $selected_note trace: [/home/u991737198/domains/tas2023.online/public_html/tmp/3hn69l4qoa804.3g8shy2588w00.php:385]
Sun, 09 Nov 2025 01:26:02 +0000 [2607:fb90:e284:8b6:c0e2:4f15:f8e7:9de3] [/home/u991737198/domains/tas2023.online/public_html/tmp/3hn69l4qoa804.3g8shy2588w00.php:385] Base->{closure}()
Sun, 09 Nov 2025 01:26:02 +0000 [2607:fb90:e284:8b6:c0e2:4f15:f8e7:9de3] [/home/u991737198/domains/tas2023.online/public_html/lib/base.php:3036] require('/home/u991737198/domains/tas2023.online/public_html/tmp/3hn69l4qoa804.3g8shy2588w00.php')
Sun, 09 Nov 2025 01:26:02 +0000 [2607:fb90:e284:8b6:c0e2:4f15:f8e7:9de3] [/home/u991737198/domains/tas2023.online/public_html/lib/base.php:3281] View->sandbox()
Sun, 09 Nov 2025 01:26:02 +0000 [2607:fb90:e284:8b6:c0e2:4f15:f8e7:9de3] [/home/u991737198/domains/tas2023.online/public_html/tmp/3hn69l4qoa804.3h31n1yj254w8.php:7] Preview->render()
Sun, 09 Nov 2025 01:26:02 +0000 [2607:fb90:e284:8b6:c0e2:4f15:f8e7:9de3] [/home/u991737198/domains/tas2023.online/public_html/lib/base.php:3036] require('/home/u991737198/domains/tas2023.online/public_html/tmp/3hn69l4qoa804.3h31n1yj254w8.php')
Sun, 09 Nov 2025 01:26:02 +0000 [2607:fb90:e284:8b6:c0e2:4f15:f8e7:9de3] [/home/u991737198/domains/tas2023.online/public_html/lib/base.php:3281] View->sandbox()
Sun, 09 Nov 2025 01:26:02 +0000 [2607:fb90:e284:8b6:c0e2:4f15:f8e7:9de3] [/home/u991737198/domains/tas2023.online/public_html/app/controllers/Controller.php:87] Preview->render()
Sun, 09 Nov 2025 01:26:02 +0000 [2607:fb90:e284:8b6:c0e2:4f15:f8e7:9de3] [/home/u991737198/domains/tas2023.online/public_html/lib/base.php:2078] Controller->afterroute()
Sun, 09 Nov 2025 01:26:02 +0000 [2607:fb90:e284:8b6:c0e2:4f15:f8e7:9de3] [/home/u991737198/domains/tas2023.online/public_html/lib/base.php:1871] Base->call()
Sun, 09 Nov 2025 01:26:02 +0000 [2607:fb90:e284:8b6:c0e2:4f15:f8e7:9de3] [/home/u991737198/domains/tas2023.online/public_html/index.php:19] Base->run()
Sun, 09 Nov 2025 01:28:05 +0000 [2607:fb90:e284:8b6:c0e2:4f15:f8e7:9de3] 500: Undefined variable $selected_note trace: [/home/u991737198/domains/tas2023.online/public_html/tmp/3hn69l4qoa804.3g8shy2588w00.php:385]
Sun, 09 Nov 2025 01:28:05 +0000 [2607:fb90:e284:8b6:c0e2:4f15:f8e7:9de3] [/home/u991737198/domains/tas2023.online/public_html/tmp/3hn69l4qoa804.3g8shy2588w00.php:385] Base->{closure}()
Sun, 09 Nov 2025 01:28:05 +0000 [2607:fb90:e284:8b6:c0e2:4f15:f8e7:9de3] [/home/u991737198/domains/tas2023.online/public_html/lib/base.php:3036] require('/home/u991737198/domains/tas2023.online/public_html/tmp/3hn69l4qoa804.3g8shy2588w00.php')
Sun, 09 Nov 2025 01:28:05 +0000 [2607:fb90:e284:8b6:c0e2:4f15:f8e7:9de3] [/home/u991737198/domains/tas2023.online/public_html/lib/base.php:3281] View->sandbox()
Sun, 09 Nov 2025 01:28:05 +0000 [2607:fb90:e284:8b6:c0e2:4f15:f8e7:9de3] [/home/u991737198/domains/tas2023.online/public_html/tmp/3hn69l4qoa804.3h31n1yj254w8.php:7] Preview->render()
Sun, 09 Nov 2025 01:28:05 +0000 [2607:fb90:e284:8b6:c0e2:4f15:f8e7:9de3] [/home/u991737198/domains/tas2023.online/public_html/lib/base.php:3036] require('/home/u991737198/domains/tas2023.online/public_html/tmp/3hn69l4qoa804.3h31n1yj254w8.php')
Sun, 09 Nov 2025 01:28:05 +0000 [2607:fb90:e284:8b6:c0e2:4f15:f8e7:9de3] [/home/u991737198/domains/tas2023.online/public_html/lib/base.php:3281] View->sandbox()
Sun, 09 Nov 2025 01:28:05 +0000 [2607:fb90:e284:8b6:c0e2:4f15:f8e7:9de3] [/home/u991737198/domains/tas2023.online/public_html/app/controllers/Controller.php:87] Preview->render()
Sun, 09 Nov 2025 01:28:05 +0000 [2607:fb90:e284:8b6:c0e2:4f15:f8e7:9de3] [/home/u991737198/domains/tas2023.online/public_html/lib/base.php:2078] Controller->afterroute()
Sun, 09 Nov 2025 01:28:05 +0000 [2607:fb90:e284:8b6:c0e2:4f15:f8e7:9de3] [/home/u991737198/domains/tas2023.online/public_html/lib/base.php:1871] Base->call()
Sun, 09 Nov 2025 01:28:05 +0000 [2607:fb90:e284:8b6:c0e2:4f15:f8e7:9de3] [/home/u991737198/domains/tas2023.online/public_html/index.php:19] Base->run()
Sun, 09 Nov 2025 01:28:16 +0000 [2607:fb90:e284:8b6:c0e2:4f15:f8e7:9de3] 500: Undefined variable $selected_note trace: [/home/u991737198/domains/tas2023.online/public_html/tmp/3hn69l4qoa804.3g8shy2588w00.php:385]
Sun, 09 Nov 2025 01:28:16 +0000 [2607:fb90:e284:8b6:c0e2:4f15:f8e7:9de3] [/home/u991737198/domains/tas2023.online/public_html/tmp/3hn69l4qoa804.3g8shy2588w00.php:385] Base->{closure}()
Sun, 09 Nov 2025 01:28:16 +0000 [2607:fb90:e284:8b6:c0e2:4f15:f8e7:9de3] [/home/u991737198/domains/tas2023.online/public_html/lib/base.php:3036] require('/home/u991737198/domains/tas2023.online/public_html/tmp/3hn69l4qoa804.3g8shy2588w00.php')
Sun, 09 Nov 2025 01:28:16 +0000 [2607:fb90:e284:8b6:c0e2:4f15:f8e7:9de3] [/home/u991737198/domains/tas2023.online/public_html/lib/base.php:3281] View->sandbox()
Sun, 09 Nov 2025 01:28:16 +0000 [2607:fb90:e284:8b6:c0e2:4f15:f8e7:9de3] [/home/u991737198/domains/tas2023.online/public_html/tmp/3hn69l4qoa804.3h31n1yj254w8.php:7] Preview->render()
Sun, 09 Nov 2025 01:28:16 +0000 [2607:fb90:e284:8b6:c0e2:4f15:f8e7:9de3] [/home/u991737198/domains/tas2023.online/public_html/lib/base.php:3036] require('/home/u991737198/domains/tas2023.online/public_html/tmp/3hn69l4qoa804.3h31n1yj254w8.php')
Sun, 09 Nov 2025 01:28:16 +0000 [2607:fb90:e284:8b6:c0e2:4f15:f8e7:9de3] [/home/u991737198/domains/tas2023.online/public_html/lib/base.php:3281] View->sandbox()
Sun, 09 Nov 2025 01:28:16 +0000 [2607:fb90:e284:8b6:c0e2:4f15:f8e7:9de3] [/home/u991737198/domains/tas2023.online/public_html/app/controllers/Controller.php:87] Preview->render()
Sun, 09 Nov 2025 01:28:16 +0000 [2607:fb90:e284:8b6:c0e2:4f15:f8e7:9de3] [/home/u991737198/domains/tas2023.online/public_html/lib/base.php:2078] Controller->afterroute()
Sun, 09 Nov 2025 01:28:16 +0000 [2607:fb90:e284:8b6:c0e2:4f15:f8e7:9de3] [/home/u991737198/domains/tas2023.online/public_html/lib/base.php:1871] Base->call()
Sun, 09 Nov 2025 01:28:16 +0000 [2607:fb90:e284:8b6:c0e2:4f15:f8e7:9de3] [/home/u991737198/domains/tas2023.online/public_html/index.php:19] Base->run()
Sun, 09 Nov 2025 01:28:22 +0000 [2607:fb90:e284:8b6:c0e2:4f15:f8e7:9de3] 500: Undefined variable $selected_note trace: [/home/u991737198/domains/tas2023.online/public_html/tmp/3hn69l4qoa804.3g8shy2588w00.php:385]
Sun, 09 Nov 2025 01:28:22 +0000 [2607:fb90:e284:8b6:c0e2:4f15:f8e7:9de3] [/home/u991737198/domains/tas2023.online/public_html/tmp/3hn69l4qoa804.3g8shy2588w00.php:385] Base->{closure}()
Sun, 09 Nov 2025 01:28:22 +0000 [2607:fb90:e284:8b6:c0e2:4f15:f8e7:9de3] [/home/u991737198/domains/tas2023.online/public_html/lib/base.php:3036] require('/home/u991737198/domains/tas2023.online/public_html/tmp/3hn69l4qoa804.3g8shy2588w00.php')
Sun, 09 Nov 2025 01:28:22 +0000 [2607:fb90:e284:8b6:c0e2:4f15:f8e7:9de3] [/home/u991737198/domains/tas2023.online/public_html/lib/base.php:3281] View->sandbox()
Sun, 09 Nov 2025 01:28:22 +0000 [2607:fb90:e284:8b6:c0e2:4f15:f8e7:9de3] [/home/u991737198/domains/tas2023.online/public_html/tmp/3hn69l4qoa804.3h31n1yj254w8.php:7] Preview->render()
Sun, 09 Nov 2025 01:28:22 +0000 [2607:fb90:e284:8b6:c0e2:4f15:f8e7:9de3] [/home/u991737198/domains/tas2023.online/public_html/lib/base.php:3036] require('/home/u991737198/domains/tas2023.online/public_html/tmp/3hn69l4qoa804.3h31n1yj254w8.php')
Sun, 09 Nov 2025 01:28:22 +0000 [2607:fb90:e284:8b6:c0e2:4f15:f8e7:9de3] [/home/u991737198/domains/tas2023.online/public_html/lib/base.php:3281] View->sandbox()
Sun, 09 Nov 2025 01:28:22 +0000 [2607:fb90:e284:8b6:c0e2:4f15:f8e7:9de3] [/home/u991737198/domains/tas2023.online/public_html/app/controllers/Controller.php:87] Preview->render()
Sun, 09 Nov 2025 01:28:22 +0000 [2607:fb90:e284:8b6:c0e2:4f15:f8e7:9de3] [/home/u991737198/domains/tas2023.online/public_html/lib/base.php:2078] Controller->afterroute()
Sun, 09 Nov 2025 01:28:22 +0000 [2607:fb90:e284:8b6:c0e2:4f15:f8e7:9de3] [/home/u991737198/domains/tas2023.online/public_html/lib/base.php:1871] Base->call()
Sun, 09 Nov 2025 01:28:22 +0000 [2607:fb90:e284:8b6:c0e2:4f15:f8e7:9de3] [/home/u991737198/domains/tas2023.online/public_html/index.php:19] Base->run()
Sun, 09 Nov 2025 01:28:28 +0000 [2607:fb90:e284:8b6:c0e2:4f15:f8e7:9de3] 500: Undefined variable $selected_note trace: [/home/u991737198/domains/tas2023.online/public_html/tmp/3hn69l4qoa804.3g8shy2588w00.php:385]
Sun, 09 Nov 2025 01:28:28 +0000 [2607:fb90:e284:8b6:c0e2:4f15:f8e7:9de3] [/home/u991737198/domains/tas2023.online/public_html/tmp/3hn69l4qoa804.3g8shy2588w00.php:385] Base->{closure}()
Sun, 09 Nov 2025 01:28:28 +0000 [2607:fb90:e284:8b6:c0e2:4f15:f8e7:9de3] [/home/u991737198/domains/tas2023.online/public_html/lib/base.php:3036] require('/home/u991737198/domains/tas2023.online/public_html/tmp/3hn69l4qoa804.3g8shy2588w00.php')
Sun, 09 Nov 2025 01:28:28 +0000 [2607:fb90:e284:8b6:c0e2:4f15:f8e7:9de3] [/home/u991737198/domains/tas2023.online/public_html/lib/base.php:3281] View->sandbox()
Sun, 09 Nov 2025 01:28:28 +0000 [2607:fb90:e284:8b6:c0e2:4f15:f8e7:9de3] [/home/u991737198/domains/tas2023.online/public_html/tmp/3hn69l4qoa804.3h31n1yj254w8.php:7] Preview->render()
Sun, 09 Nov 2025 01:28:28 +0000 [2607:fb90:e284:8b6:c0e2:4f15:f8e7:9de3] [/home/u991737198/domains/tas2023.online/public_html/lib/base.php:3036] require('/home/u991737198/domains/tas2023.online/public_html/tmp/3hn69l4qoa804.3h31n1yj254w8.php')
Sun, 09 Nov 2025 01:28:28 +0000 [2607:fb90:e284:8b6:c0e2:4f15:f8e7:9de3] [/home/u991737198/domains/tas2023.online/public_html/lib/base.php:3281] View->sandbox()
Sun, 09 Nov 2025 01:28:28 +0000 [2607:fb90:e284:8b6:c0e2:4f15:f8e7:9de3] [/home/u991737198/domains/tas2023.online/public_html/app/controllers/Controller.php:87] Preview->render()
Sun, 09 Nov 2025 01:28:28 +0000 [2607:fb90:e284:8b6:c0e2:4f15:f8e7:9de3] [/home/u991737198/domains/tas2023.online/public_html/lib/base.php:2078] Controller->afterroute()
Sun, 09 Nov 2025 01:28:28 +0000 [2607:fb90:e284:8b6:c0e2:4f15:f8e7:9de3] [/home/u991737198/domains/tas2023.online/public_html/lib/base.php:1871] Base->call()
Sun, 09 Nov 2025 01:28:28 +0000 [2607:fb90:e284:8b6:c0e2:4f15:f8e7:9de3] [/home/u991737198/domains/tas2023.online/public_html/index.php:19] Base->run()
Sun, 09 Nov 2025 01:28:34 +0000 [2607:fb90:e284:8b6:c0e2:4f15:f8e7:9de3] 500: Undefined variable $selected_note trace: [/home/u991737198/domains/tas2023.online/public_html/tmp/3hn69l4qoa804.3g8shy2588w00.php:385]
Sun, 09 Nov 2025 01:28:34 +0000 [2607:fb90:e284:8b6:c0e2:4f15:f8e7:9de3] [/home/u991737198/domains/tas2023.online/public_html/tmp/3hn69l4qoa804.3g8shy2588w00.php:385] Base->{closure}()
Sun, 09 Nov 2025 01:28:34 +0000 [2607:fb90:e284:8b6:c0e2:4f15:f8e7:9de3] [/home/u991737198/domains/tas2023.online/public_html/lib/base.php:3036] require('/home/u991737198/domains/tas2023.online/public_html/tmp/3hn69l4qoa804.3g8shy2588w00.php')
Sun, 09 Nov 2025 01:28:34 +0000 [2607:fb90:e284:8b6:c0e2:4f15:f8e7:9de3] [/home/u991737198/domains/tas2023.online/public_html/lib/base.php:3281] View->sandbox()
Sun, 09 Nov 2025 01:28:34 +0000 [2607:fb90:e284:8b6:c0e2:4f15:f8e7:9de3] [/home/u991737198/domains/tas2023.online/public_html/tmp/3hn69l4qoa804.3h31n1yj254w8.php:7] Preview->render()
Sun, 09 Nov 2025 01:28:34 +0000 [2607:fb90:e284:8b6:c0e2:4f15:f8e7:9de3] [/home/u991737198/domains/tas2023.online/public_html/lib/base.php:3036] require('/home/u991737198/domains/tas2023.online/public_html/tmp/3hn69l4qoa804.3h31n1yj254w8.php')
Sun, 09 Nov 2025 01:28:34 +0000 [2607:fb90:e284:8b6:c0e2:4f15:f8e7:9de3] [/home/u991737198/domains/tas2023.online/public_html/lib/base.php:3281] View->sandbox()
Sun, 09 Nov 2025 01:28:34 +0000 [2607:fb90:e284:8b6:c0e2:4f15:f8e7:9de3] [/home/u991737198/domains/tas2023.online/public_html/app/controllers/Controller.php:87] Preview->render()
Sun, 09 Nov 2025 01:28:34 +0000 [2607:fb90:e284:8b6:c0e2:4f15:f8e7:9de3] [/home/u991737198/domains/tas2023.online/public_html/lib/base.php:2078] Controller->afterroute()
Sun, 09 Nov 2025 01:28:34 +0000 [2607:fb90:e284:8b6:c0e2:4f15:f8e7:9de3] [/home/u991737198/domains/tas2023.online/public_html/lib/base.php:1871] Base->call()
Sun, 09 Nov 2025 01:28:34 +0000 [2607:fb90:e284:8b6:c0e2:4f15:f8e7:9de3] [/home/u991737198/domains/tas2023.online/public_html/index.php:19] Base->run()
Sun, 09 Nov 2025 01:29:04 +0000 [2607:fb90:e284:8b6:c0e2:4f15:f8e7:9de3] 500: Undefined variable $selected_note trace: [/home/u991737198/domains/tas2023.online/public_html/tmp/3hn69l4qoa804.3g8shy2588w00.php:385]
Sun, 09 Nov 2025 01:29:04 +0000 [2607:fb90:e284:8b6:c0e2:4f15:f8e7:9de3] [/home/u991737198/domains/tas2023.online/public_html/tmp/3hn69l4qoa804.3g8shy2588w00.php:385] Base->{closure}()
Sun, 09 Nov 2025 01:29:04 +0000 [2607:fb90:e284:8b6:c0e2:4f15:f8e7:9de3] [/home/u991737198/domains/tas2023.online/public_html/lib/base.php:3036] require('/home/u991737198/domains/tas2023.online/public_html/tmp/3hn69l4qoa804.3g8shy2588w00.php')
Sun, 09 Nov 2025 01:29:04 +0000 [2607:fb90:e284:8b6:c0e2:4f15:f8e7:9de3] [/home/u991737198/domains/tas2023.online/public_html/lib/base.php:3281] View->sandbox()
Sun, 09 Nov 2025 01:29:04 +0000 [2607:fb90:e284:8b6:c0e2:4f15:f8e7:9de3] [/home/u991737198/domains/tas2023.online/public_html/tmp/3hn69l4qoa804.3h31n1yj254w8.php:7] Preview->render()
Sun, 09 Nov 2025 01:29:04 +0000 [2607:fb90:e284:8b6:c0e2:4f15:f8e7:9de3] [/home/u991737198/domains/tas2023.online/public_html/lib/base.php:3036] require('/home/u991737198/domains/tas2023.online/public_html/tmp/3hn69l4qoa804.3h31n1yj254w8.php')
Sun, 09 Nov 2025 01:29:04 +0000 [2607:fb90:e284:8b6:c0e2:4f15:f8e7:9de3] [/home/u991737198/domains/tas2023.online/public_html/lib/base.php:3281] View->sandbox()
Sun, 09 Nov 2025 01:29:04 +0000 [2607:fb90:e284:8b6:c0e2:4f15:f8e7:9de3] [/home/u991737198/domains/tas2023.online/public_html/app/controllers/Controller.php:87] Preview->render()
Sun, 09 Nov 2025 01:29:04 +0000 [2607:fb90:e284:8b6:c0e2:4f15:f8e7:9de3] [/home/u991737198/domains/tas2023.online/public_html/lib/base.php:2078] Controller->afterroute()
Sun, 09 Nov 2025 01:29:04 +0000 [2607:fb90:e284:8b6:c0e2:4f15:f8e7:9de3] [/home/u991737198/domains/tas2023.online/public_html/lib/base.php:1871] Base->call()
Sun, 09 Nov 2025 01:29:04 +0000 [2607:fb90:e284:8b6:c0e2:4f15:f8e7:9de3] [/home/u991737198/domains/tas2023.online/public_html/index.php:19] Base->run()
Sun, 09 Nov 2025 01:29:09 +0000 [2607:fb90:e284:8b6:c0e2:4f15:f8e7:9de3] 500: trim(): Passing null to parameter #1 ($string) of type string is deprecated trace: [/home/u991737198/domains/tas2023.online/public_html/tmp/3hn69l4qoa804.3g8shy2588w00.php:356]
Sun, 09 Nov 2025 01:29:09 +0000 [2607:fb90:e284:8b6:c0e2:4f15:f8e7:9de3] [/home/u991737198/domains/tas2023.online/public_html/tmp/3hn69l4qoa804.3g8shy2588w00.php:356] trim()
Sun, 09 Nov 2025 01:29:09 +0000 [2607:fb90:e284:8b6:c0e2:4f15:f8e7:9de3] [/home/u991737198/domains/tas2023.online/public_html/lib/base.php:3036] require('/home/u991737198/domains/tas2023.online/public_html/tmp/3hn69l4qoa804.3g8shy2588w00.php')
Sun, 09 Nov 2025 01:29:09 +0000 [2607:fb90:e284:8b6:c0e2:4f15:f8e7:9de3] [/home/u991737198/domains/tas2023.online/public_html/lib/base.php:3281] View->sandbox()
Sun, 09 Nov 2025 01:29:09 +0000 [2607:fb90:e284:8b6:c0e2:4f15:f8e7:9de3] [/home/u991737198/domains/tas2023.online/public_html/tmp/3hn69l4qoa804.3h31n1yj254w8.php:7] Preview->render()
Sun, 09 Nov 2025 01:29:09 +0000 [2607:fb90:e284:8b6:c0e2:4f15:f8e7:9de3] [/home/u991737198/domains/tas2023.online/public_html/lib/base.php:3036] require('/home/u991737198/domains/tas2023.online/public_html/tmp/3hn69l4qoa804.3h31n1yj254w8.php')
Sun, 09 Nov 2025 01:29:09 +0000 [2607:fb90:e284:8b6:c0e2:4f15:f8e7:9de3] [/home/u991737198/domains/tas2023.online/public_html/lib/base.php:3281] View->sandbox()
Sun, 09 Nov 2025 01:29:09 +0000 [2607:fb90:e284:8b6:c0e2:4f15:f8e7:9de3] [/home/u991737198/domains/tas2023.online/public_html/app/controllers/Controller.php:87] Preview->render()
Sun, 09 Nov 2025 01:29:09 +0000 [2607:fb90:e284:8b6:c0e2:4f15:f8e7:9de3] [/home/u991737198/domains/tas2023.online/public_html/lib/base.php:2078] Controller->afterroute()
Sun, 09 Nov 2025 01:29:09 +0000 [2607:fb90:e284:8b6:c0e2:4f15:f8e7:9de3] [/home/u991737198/domains/tas2023.online/public_html/lib/base.php:1871] Base->call()
Sun, 09 Nov 2025 01:29:09 +0000 [2607:fb90:e284:8b6:c0e2:4f15:f8e7:9de3] [/home/u991737198/domains/tas2023.online/public_html/index.php:19] Base->run()
Sun, 09 Nov 2025 01:29:48 +0000 [2607:fb90:e284:8b6:c0e2:4f15:f8e7:9de3] 500: Undefined variable $selected_note trace: [/home/u991737198/domains/tas2023.online/public_html/tmp/3hn69l4qoa804.3g8shy2588w00.php:385]
Sun, 09 Nov 2025 01:29:48 +0000 [2607:fb90:e284:8b6:c0e2:4f15:f8e7:9de3] [/home/u991737198/domains/tas2023.online/public_html/tmp/3hn69l4qoa804.3g8shy2588w00.php:385] Base->{closure}()
Sun, 09 Nov 2025 01:29:48 +0000 [2607:fb90:e284:8b6:c0e2:4f15:f8e7:9de3] [/home/u991737198/domains/tas2023.online/public_html/lib/base.php:3036] require('/home/u991737198/domains/tas2023.online/public_html/tmp/3hn69l4qoa804.3g8shy2588w00.php')
Sun, 09 Nov 2025 01:29:48 +0000 [2607:fb90:e284:8b6:c0e2:4f15:f8e7:9de3] [/home/u991737198/domains/tas2023.online/public_html/lib/base.php:3281] View->sandbox()
Sun, 09 Nov 2025 01:29:48 +0000 [2607:fb90:e284:8b6:c0e2:4f15:f8e7:9de3] [/home/u991737198/domains/tas2023.online/public_html/tmp/3hn69l4qoa804.3h31n1yj254w8.php:7] Preview->render()
Sun, 09 Nov 2025 01:29:48 +0000 [2607:fb90:e284:8b6:c0e2:4f15:f8e7:9de3] [/home/u991737198/domains/tas2023.online/public_html/lib/base.php:3036] require('/home/u991737198/domains/tas2023.online/public_html/tmp/3hn69l4qoa804.3h31n1yj254w8.php')
Sun, 09 Nov 2025 01:29:48 +0000 [2607:fb90:e284:8b6:c0e2:4f15:f8e7:9de3] [/home/u991737198/domains/tas2023.online/public_html/lib/base.php:3281] View->sandbox()
Sun, 09 Nov 2025 01:29:48 +0000 [2607:fb90:e284:8b6:c0e2:4f15:f8e7:9de3] [/home/u991737198/domains/tas2023.online/public_html/app/controllers/Controller.php:87] Preview->render()
Sun, 09 Nov 2025 01:29:48 +0000 [2607:fb90:e284:8b6:c0e2:4f15:f8e7:9de3] [/home/u991737198/domains/tas2023.online/public_html/lib/base.php:2078] Controller->afterroute()
Sun, 09 Nov 2025 01:29:48 +0000 [2607:fb90:e284:8b6:c0e2:4f15:f8e7:9de3] [/home/u991737198/domains/tas2023.online/public_html/lib/base.php:1871] Base->call()
Sun, 09 Nov 2025 01:29:48 +0000 [2607:fb90:e284:8b6:c0e2:4f15:f8e7:9de3] [/home/u991737198/domains/tas2023.online/public_html/index.php:19] Base->run()
Sun, 09 Nov 2025 01:29:55 +0000 [2607:fb90:e284:8b6:c0e2:4f15:f8e7:9de3] 500: Undefined variable $selected_note trace: [/home/u991737198/domains/tas2023.online/public_html/tmp/3hn69l4qoa804.3g8shy2588w00.php:385]
Sun, 09 Nov 2025 01:29:55 +0000 [2607:fb90:e284:8b6:c0e2:4f15:f8e7:9de3] [/home/u991737198/domains/tas2023.online/public_html/tmp/3hn69l4qoa804.3g8shy2588w00.php:385] Base->{closure}()
Sun, 09 Nov 2025 01:29:55 +0000 [2607:fb90:e284:8b6:c0e2:4f15:f8e7:9de3] [/home/u991737198/domains/tas2023.online/public_html/lib/base.php:3036] require('/home/u991737198/domains/tas2023.online/public_html/tmp/3hn69l4qoa804.3g8shy2588w00.php')
Sun, 09 Nov 2025 01:29:55 +0000 [2607:fb90:e284:8b6:c0e2:4f15:f8e7:9de3] [/home/u991737198/domains/tas2023.online/public_html/lib/base.php:3281] View->sandbox()
Sun, 09 Nov 2025 01:29:55 +0000 [2607:fb90:e284:8b6:c0e2:4f15:f8e7:9de3] [/home/u991737198/domains/tas2023.online/public_html/tmp/3hn69l4qoa804.3h31n1yj254w8.php:7] Preview->render()
Sun, 09 Nov 2025 01:29:55 +0000 [2607:fb90:e284:8b6:c0e2:4f15:f8e7:9de3] [/home/u991737198/domains/tas2023.online/public_html/lib/base.php:3036] require('/home/u991737198/domains/tas2023.online/public_html/tmp/3hn69l4qoa804.3h31n1yj254w8.php')
Sun, 09 Nov 2025 01:29:55 +0000 [2607:fb90:e284:8b6:c0e2:4f15:f8e7:9de3] [/home/u991737198/domains/tas2023.online/public_html/lib/base.php:3281] View->sandbox()
Sun, 09 Nov 2025 01:29:55 +0000 [2607:fb90:e284:8b6:c0e2:4f15:f8e7:9de3] [/home/u991737198/domains/tas2023.online/public_html/app/controllers/Controller.php:87] Preview->render()
Sun, 09 Nov 2025 01:29:55 +0000 [2607:fb90:e284:8b6:c0e2:4f15:f8e7:9de3] [/home/u991737198/domains/tas2023.online/public_html/lib/base.php:2078] Controller->afterroute()
Sun, 09 Nov 2025 01:29:55 +0000 [2607:fb90:e284:8b6:c0e2:4f15:f8e7:9de3] [/home/u991737198/domains/tas2023.online/public_html/lib/base.php:1871] Base->call()
Sun, 09 Nov 2025 01:29:55 +0000 [2607:fb90:e284:8b6:c0e2:4f15:f8e7:9de3] [/home/u991737198/domains/tas2023.online/public_html/index.php:19] Base->run()
Sun, 09 Nov 2025 01:30:48 +0000 [2607:fb90:e284:8b6:c0e2:4f15:f8e7:9de3] 500: Undefined variable $selected_note trace: [/home/u991737198/domains/tas2023.online/public_html/tmp/3hn69l4qoa804.3g8shy2588w00.php:385]
Sun, 09 Nov 2025 01:30:48 +0000 [2607:fb90:e284:8b6:c0e2:4f15:f8e7:9de3] [/home/u991737198/domains/tas2023.online/public_html/tmp/3hn69l4qoa804.3g8shy2588w00.php:385] Base->{closure}()
Sun, 09 Nov 2025 01:30:48 +0000 [2607:fb90:e284:8b6:c0e2:4f15:f8e7:9de3] [/home/u991737198/domains/tas2023.online/public_html/lib/base.php:3036] require('/home/u991737198/domains/tas2023.online/public_html/tmp/3hn69l4qoa804.3g8shy2588w00.php')
Sun, 09 Nov 2025 01:30:48 +0000 [2607:fb90:e284:8b6:c0e2:4f15:f8e7:9de3] [/home/u991737198/domains/tas2023.online/public_html/lib/base.php:3281] View->sandbox()
Sun, 09 Nov 2025 01:30:48 +0000 [2607:fb90:e284:8b6:c0e2:4f15:f8e7:9de3] [/home/u991737198/domains/tas2023.online/public_html/tmp/3hn69l4qoa804.3h31n1yj254w8.php:7] Preview->render()
Sun, 09 Nov 2025 01:30:48 +0000 [2607:fb90:e284:8b6:c0e2:4f15:f8e7:9de3] [/home/u991737198/domains/tas2023.online/public_html/lib/base.php:3036] require('/home/u991737198/domains/tas2023.online/public_html/tmp/3hn69l4qoa804.3h31n1yj254w8.php')
Sun, 09 Nov 2025 01:30:48 +0000 [2607:fb90:e284:8b6:c0e2:4f15:f8e7:9de3] [/home/u991737198/domains/tas2023.online/public_html/lib/base.php:3281] View->sandbox()
Sun, 09 Nov 2025 01:30:48 +0000 [2607:fb90:e284:8b6:c0e2:4f15:f8e7:9de3] [/home/u991737198/domains/tas2023.online/public_html/app/controllers/Controller.php:87] Preview->render()
Sun, 09 Nov 2025 01:30:48 +0000 [2607:fb90:e284:8b6:c0e2:4f15:f8e7:9de3] [/home/u991737198/domains/tas2023.online/public_html/lib/base.php:2078] Controller->afterroute()
Sun, 09 Nov 2025 01:30:48 +0000 [2607:fb90:e284:8b6:c0e2:4f15:f8e7:9de3] [/home/u991737198/domains/tas2023.online/public_html/lib/base.php:1871] Base->call()
Sun, 09 Nov 2025 01:30:48 +0000 [2607:fb90:e284:8b6:c0e2:4f15:f8e7:9de3] [/home/u991737198/domains/tas2023.online/public_html/index.php:19] Base->run()
Sun, 09 Nov 2025 01:34:52 +0000 [2607:fb90:e284:8b6:c0e2:4f15:f8e7:9de3] 500: Undefined variable $selected_note trace: [/home/u991737198/domains/tas2023.online/public_html/tmp/3hn69l4qoa804.3g8shy2588w00.php:385]
Sun, 09 Nov 2025 01:34:52 +0000 [2607:fb90:e284:8b6:c0e2:4f15:f8e7:9de3] [/home/u991737198/domains/tas2023.online/public_html/tmp/3hn69l4qoa804.3g8shy2588w00.php:385] Base->{closure}()
Sun, 09 Nov 2025 01:34:52 +0000 [2607:fb90:e284:8b6:c0e2:4f15:f8e7:9de3] [/home/u991737198/domains/tas2023.online/public_html/lib/base.php:3036] require('/home/u991737198/domains/tas2023.online/public_html/tmp/3hn69l4qoa804.3g8shy2588w00.php')
Sun, 09 Nov 2025 01:34:52 +0000 [2607:fb90:e284:8b6:c0e2:4f15:f8e7:9de3] [/home/u991737198/domains/tas2023.online/public_html/lib/base.php:3281] View->sandbox()
Sun, 09 Nov 2025 01:34:52 +0000 [2607:fb90:e284:8b6:c0e2:4f15:f8e7:9de3] [/home/u991737198/domains/tas2023.online/public_html/tmp/3hn69l4qoa804.3h31n1yj254w8.php:7] Preview->render()
Sun, 09 Nov 2025 01:34:52 +0000 [2607:fb90:e284:8b6:c0e2:4f15:f8e7:9de3] [/home/u991737198/domains/tas2023.online/public_html/lib/base.php:3036] require('/home/u991737198/domains/tas2023.online/public_html/tmp/3hn69l4qoa804.3h31n1yj254w8.php')
Sun, 09 Nov 2025 01:34:52 +0000 [2607:fb90:e284:8b6:c0e2:4f15:f8e7:9de3] [/home/u991737198/domains/tas2023.online/public_html/lib/base.php:3281] View->sandbox()
Sun, 09 Nov 2025 01:34:52 +0000 [2607:fb90:e284:8b6:c0e2:4f15:f8e7:9de3] [/home/u991737198/domains/tas2023.online/public_html/app/controllers/Controller.php:87] Preview->render()
Sun, 09 Nov 2025 01:34:52 +0000 [2607:fb90:e284:8b6:c0e2:4f15:f8e7:9de3] [/home/u991737198/domains/tas2023.online/public_html/lib/base.php:2078] Controller->afterroute()
Sun, 09 Nov 2025 01:34:52 +0000 [2607:fb90:e284:8b6:c0e2:4f15:f8e7:9de3] [/home/u991737198/domains/tas2023.online/public_html/lib/base.php:1871] Base->call()
Sun, 09 Nov 2025 01:34:52 +0000 [2607:fb90:e284:8b6:c0e2:4f15:f8e7:9de3] [/home/u991737198/domains/tas2023.online/public_html/index.php:19] Base->run()
Sun, 09 Nov 2025 01:36:50 +0000 [2607:fb90:e284:8b6:c0e2:4f15:f8e7:9de3] 500: Undefined variable $selected_note trace: [/home/u991737198/domains/tas2023.online/public_html/tmp/3hn69l4qoa804.3g8shy2588w00.php:385]
Sun, 09 Nov 2025 01:36:50 +0000 [2607:fb90:e284:8b6:c0e2:4f15:f8e7:9de3] [/home/u991737198/domains/tas2023.online/public_html/tmp/3hn69l4qoa804.3g8shy2588w00.php:385] Base->{closure}()
Sun, 09 Nov 2025 01:36:50 +0000 [2607:fb90:e284:8b6:c0e2:4f15:f8e7:9de3] [/home/u991737198/domains/tas2023.online/public_html/lib/base.php:3036] require('/home/u991737198/domains/tas2023.online/public_html/tmp/3hn69l4qoa804.3g8shy2588w00.php')
Sun, 09 Nov 2025 01:36:50 +0000 [2607:fb90:e284:8b6:c0e2:4f15:f8e7:9de3] [/home/u991737198/domains/tas2023.online/public_html/lib/base.php:3281] View->sandbox()
Sun, 09 Nov 2025 01:36:50 +0000 [2607:fb90:e284:8b6:c0e2:4f15:f8e7:9de3] [/home/u991737198/domains/tas2023.online/public_html/tmp/3hn69l4qoa804.3h31n1yj254w8.php:7] Preview->render()
Sun, 09 Nov 2025 01:36:50 +0000 [2607:fb90:e284:8b6:c0e2:4f15:f8e7:9de3] [/home/u991737198/domains/tas2023.online/public_html/lib/base.php:3036] require('/home/u991737198/domains/tas2023.online/public_html/tmp/3hn69l4qoa804.3h31n1yj254w8.php')
Sun, 09 Nov 2025 01:36:50 +0000 [2607:fb90:e284:8b6:c0e2:4f15:f8e7:9de3] [/home/u991737198/domains/tas2023.online/public_html/lib/base.php:3281] View->sandbox()
Sun, 09 Nov 2025 01:36:50 +0000 [2607:fb90:e284:8b6:c0e2:4f15:f8e7:9de3] [/home/u991737198/domains/tas2023.online/public_html/app/controllers/Controller.php:87] Preview->render()
Sun, 09 Nov 2025 01:36:50 +0000 [2607:fb90:e284:8b6:c0e2:4f15:f8e7:9de3] [/home/u991737198/domains/tas2023.online/public_html/lib/base.php:2078] Controller->afterroute()
Sun, 09 Nov 2025 01:36:50 +0000 [2607:fb90:e284:8b6:c0e2:4f15:f8e7:9de3] [/home/u991737198/domains/tas2023.online/public_html/lib/base.php:1871] Base->call()
Sun, 09 Nov 2025 01:36:50 +0000 [2607:fb90:e284:8b6:c0e2:4f15:f8e7:9de3] [/home/u991737198/domains/tas2023.online/public_html/index.php:19] Base->run()
Sun, 09 Nov 2025 01:37:01 +0000 [2607:fb90:e284:8b6:c0e2:4f15:f8e7:9de3] 500: Trying to access array offset on value of type null trace: [/home/u991737198/domains/tas2023.online/public_html/app/controllers/TaskController.php:470]
Sun, 09 Nov 2025 01:37:01 +0000 [2607:fb90:e284:8b6:c0e2:4f15:f8e7:9de3] [/home/u991737198/domains/tas2023.online/public_html/app/controllers/TaskController.php:470] Base->{closure}()
Sun, 09 Nov 2025 01:37:01 +0000 [2607:fb90:e284:8b6:c0e2:4f15:f8e7:9de3] [/home/u991737198/domains/tas2023.online/public_html/lib/base.php:2072] TaskController->edittask()
Sun, 09 Nov 2025 01:37:01 +0000 [2607:fb90:e284:8b6:c0e2:4f15:f8e7:9de3] [/home/u991737198/domains/tas2023.online/public_html/lib/base.php:1871] Base->call()
Sun, 09 Nov 2025 01:37:01 +0000 [2607:fb90:e284:8b6:c0e2:4f15:f8e7:9de3] [/home/u991737198/domains/tas2023.online/public_html/index.php:19] Base->run()
Sun, 09 Nov 2025 01:37:10 +0000 [2607:fb90:e284:8b6:c0e2:4f15:f8e7:9de3] 500: Trying to access array offset on value of type null trace: [/home/u991737198/domains/tas2023.online/public_html/app/controllers/TaskController.php:470]
Sun, 09 Nov 2025 01:37:10 +0000 [2607:fb90:e284:8b6:c0e2:4f15:f8e7:9de3] [/home/u991737198/domains/tas2023.online/public_html/app/controllers/TaskController.php:470] Base->{closure}()
Sun, 09 Nov 2025 01:37:10 +0000 [2607:fb90:e284:8b6:c0e2:4f15:f8e7:9de3] [/home/u991737198/domains/tas2023.online/public_html/lib/base.php:2072] TaskController->edittask()
Sun, 09 Nov 2025 01:37:10 +0000 [2607:fb90:e284:8b6:c0e2:4f15:f8e7:9de3] [/home/u991737198/domains/tas2023.online/public_html/lib/base.php:1871] Base->call()
Sun, 09 Nov 2025 01:37:10 +0000 [2607:fb90:e284:8b6:c0e2:4f15:f8e7:9de3] [/home/u991737198/domains/tas2023.online/public_html/index.php:19] Base->run()
Sun, 09 Nov 2025 01:37:19 +0000 [2607:fb90:e284:8b6:c0e2:4f15:f8e7:9de3] 500: Undefined variable $selected_note trace: [/home/u991737198/domains/tas2023.online/public_html/tmp/3hn69l4qoa804.3g8shy2588w00.php:385]
Sun, 09 Nov 2025 01:37:19 +0000 [2607:fb90:e284:8b6:c0e2:4f15:f8e7:9de3] [/home/u991737198/domains/tas2023.online/public_html/tmp/3hn69l4qoa804.3g8shy2588w00.php:385] Base->{closure}()
Sun, 09 Nov 2025 01:37:19 +0000 [2607:fb90:e284:8b6:c0e2:4f15:f8e7:9de3] [/home/u991737198/domains/tas2023.online/public_html/lib/base.php:3036] require('/home/u991737198/domains/tas2023.online/public_html/tmp/3hn69l4qoa804.3g8shy2588w00.php')
Sun, 09 Nov 2025 01:37:19 +0000 [2607:fb90:e284:8b6:c0e2:4f15:f8e7:9de3] [/home/u991737198/domains/tas2023.online/public_html/lib/base.php:3281] View->sandbox()
Sun, 09 Nov 2025 01:37:19 +0000 [2607:fb90:e284:8b6:c0e2:4f15:f8e7:9de3] [/home/u991737198/domains/tas2023.online/public_html/tmp/3hn69l4qoa804.3h31n1yj254w8.php:7] Preview->render()
Sun, 09 Nov 2025 01:37:19 +0000 [2607:fb90:e284:8b6:c0e2:4f15:f8e7:9de3] [/home/u991737198/domains/tas2023.online/public_html/lib/base.php:3036] require('/home/u991737198/domains/tas2023.online/public_html/tmp/3hn69l4qoa804.3h31n1yj254w8.php')
Sun, 09 Nov 2025 01:37:19 +0000 [2607:fb90:e284:8b6:c0e2:4f15:f8e7:9de3] [/home/u991737198/domains/tas2023.online/public_html/lib/base.php:3281] View->sandbox()
Sun, 09 Nov 2025 01:37:19 +0000 [2607:fb90:e284:8b6:c0e2:4f15:f8e7:9de3] [/home/u991737198/domains/tas2023.online/public_html/app/controllers/Controller.php:87] Preview->render()
Sun, 09 Nov 2025 01:37:19 +0000 [2607:fb90:e284:8b6:c0e2:4f15:f8e7:9de3] [/home/u991737198/domains/tas2023.online/public_html/lib/base.php:2078] Controller->afterroute()
Sun, 09 Nov 2025 01:37:19 +0000 [2607:fb90:e284:8b6:c0e2:4f15:f8e7:9de3] [/home/u991737198/domains/tas2023.online/public_html/lib/base.php:1871] Base->call()
Sun, 09 Nov 2025 01:37:19 +0000 [2607:fb90:e284:8b6:c0e2:4f15:f8e7:9de3] [/home/u991737198/domains/tas2023.online/public_html/index.php:19] Base->run()
Sun, 09 Nov 2025 01:37:25 +0000 [2607:fb90:e284:8b6:c0e2:4f15:f8e7:9de3] 500: trim(): Passing null to parameter #1 ($string) of type string is deprecated trace: [/home/u991737198/domains/tas2023.online/public_html/tmp/3hn69l4qoa804.3g8shy2588w00.php:356]
Sun, 09 Nov 2025 01:37:25 +0000 [2607:fb90:e284:8b6:c0e2:4f15:f8e7:9de3] [/home/u991737198/domains/tas2023.online/public_html/tmp/3hn69l4qoa804.3g8shy2588w00.php:356] trim()
Sun, 09 Nov 2025 01:37:25 +0000 [2607:fb90:e284:8b6:c0e2:4f15:f8e7:9de3] [/home/u991737198/domains/tas2023.online/public_html/lib/base.php:3036] require('/home/u991737198/domains/tas2023.online/public_html/tmp/3hn69l4qoa804.3g8shy2588w00.php')
Sun, 09 Nov 2025 01:37:25 +0000 [2607:fb90:e284:8b6:c0e2:4f15:f8e7:9de3] [/home/u991737198/domains/tas2023.online/public_html/lib/base.php:3281] View->sandbox()
Sun, 09 Nov 2025 01:37:25 +0000 [2607:fb90:e284:8b6:c0e2:4f15:f8e7:9de3] [/home/u991737198/domains/tas2023.online/public_html/tmp/3hn69l4qoa804.3h31n1yj254w8.php:7] Preview->render()
Sun, 09 Nov 2025 01:37:25 +0000 [2607:fb90:e284:8b6:c0e2:4f15:f8e7:9de3] [/home/u991737198/domains/tas2023.online/public_html/lib/base.php:3036] require('/home/u991737198/domains/tas2023.online/public_html/tmp/3hn69l4qoa804.3h31n1yj254w8.php')
Sun, 09 Nov 2025 01:37:25 +0000 [2607:fb90:e284:8b6:c0e2:4f15:f8e7:9de3] [/home/u991737198/domains/tas2023.online/public_html/lib/base.php:3281] View->sandbox()
Sun, 09 Nov 2025 01:37:25 +0000 [2607:fb90:e284:8b6:c0e2:4f15:f8e7:9de3] [/home/u991737198/domains/tas2023.online/public_html/app/controllers/Controller.php:87] Preview->render()
Sun, 09 Nov 2025 01:37:25 +0000 [2607:fb90:e284:8b6:c0e2:4f15:f8e7:9de3] [/home/u991737198/domains/tas2023.online/public_html/lib/base.php:2078] Controller->afterroute()
Sun, 09 Nov 2025 01:37:25 +0000 [2607:fb90:e284:8b6:c0e2:4f15:f8e7:9de3] [/home/u991737198/domains/tas2023.online/public_html/lib/base.php:1871] Base->call()
Sun, 09 Nov 2025 01:37:25 +0000 [2607:fb90:e284:8b6:c0e2:4f15:f8e7:9de3] [/home/u991737198/domains/tas2023.online/public_html/index.php:19] Base->run()
Sun, 09 Nov 2025 01:37:33 +0000 [2607:fb90:e284:8b6:c0e2:4f15:f8e7:9de3] 500: Undefined variable $selected_note trace: [/home/u991737198/domains/tas2023.online/public_html/tmp/3hn69l4qoa804.3g8shy2588w00.php:385]
Sun, 09 Nov 2025 01:37:33 +0000 [2607:fb90:e284:8b6:c0e2:4f15:f8e7:9de3] [/home/u991737198/domains/tas2023.online/public_html/tmp/3hn69l4qoa804.3g8shy2588w00.php:385] Base->{closure}()
Sun, 09 Nov 2025 01:37:33 +0000 [2607:fb90:e284:8b6:c0e2:4f15:f8e7:9de3] [/home/u991737198/domains/tas2023.online/public_html/lib/base.php:3036] require('/home/u991737198/domains/tas2023.online/public_html/tmp/3hn69l4qoa804.3g8shy2588w00.php')
Sun, 09 Nov 2025 01:37:33 +0000 [2607:fb90:e284:8b6:c0e2:4f15:f8e7:9de3] [/home/u991737198/domains/tas2023.online/public_html/lib/base.php:3281] View->sandbox()
Sun, 09 Nov 2025 01:37:33 +0000 [2607:fb90:e284:8b6:c0e2:4f15:f8e7:9de3] [/home/u991737198/domains/tas2023.online/public_html/tmp/3hn69l4qoa804.3h31n1yj254w8.php:7] Preview->render()
Sun, 09 Nov 2025 01:37:33 +0000 [2607:fb90:e284:8b6:c0e2:4f15:f8e7:9de3] [/home/u991737198/domains/tas2023.online/public_html/lib/base.php:3036] require('/home/u991737198/domains/tas2023.online/public_html/tmp/3hn69l4qoa804.3h31n1yj254w8.php')
Sun, 09 Nov 2025 01:37:33 +0000 [2607:fb90:e284:8b6:c0e2:4f15:f8e7:9de3] [/home/u991737198/domains/tas2023.online/public_html/lib/base.php:3281] View->sandbox()
Sun, 09 Nov 2025 01:37:33 +0000 [2607:fb90:e284:8b6:c0e2:4f15:f8e7:9de3] [/home/u991737198/domains/tas2023.online/public_html/app/controllers/Controller.php:87] Preview->render()
Sun, 09 Nov 2025 01:37:33 +0000 [2607:fb90:e284:8b6:c0e2:4f15:f8e7:9de3] [/home/u991737198/domains/tas2023.online/public_html/lib/base.php:2078] Controller->afterroute()
Sun, 09 Nov 2025 01:37:33 +0000 [2607:fb90:e284:8b6:c0e2:4f15:f8e7:9de3] [/home/u991737198/domains/tas2023.online/public_html/lib/base.php:1871] Base->call()
Sun, 09 Nov 2025 01:37:33 +0000 [2607:fb90:e284:8b6:c0e2:4f15:f8e7:9de3] [/home/u991737198/domains/tas2023.online/public_html/index.php:19] Base->run()
Sun, 09 Nov 2025 01:37:40 +0000 [2607:fb90:e284:8b6:c0e2:4f15:f8e7:9de3] 500: Undefined variable $selected_note trace: [/home/u991737198/domains/tas2023.online/public_html/tmp/3hn69l4qoa804.3g8shy2588w00.php:385]
Sun, 09 Nov 2025 01:37:40 +0000 [2607:fb90:e284:8b6:c0e2:4f15:f8e7:9de3] [/home/u991737198/domains/tas2023.online/public_html/tmp/3hn69l4qoa804.3g8shy2588w00.php:385] Base->{closure}()
Sun, 09 Nov 2025 01:37:40 +0000 [2607:fb90:e284:8b6:c0e2:4f15:f8e7:9de3] [/home/u991737198/domains/tas2023.online/public_html/lib/base.php:3036] require('/home/u991737198/domains/tas2023.online/public_html/tmp/3hn69l4qoa804.3g8shy2588w00.php')
Sun, 09 Nov 2025 01:37:40 +0000 [2607:fb90:e284:8b6:c0e2:4f15:f8e7:9de3] [/home/u991737198/domains/tas2023.online/public_html/lib/base.php:3281] View->sandbox()
Sun, 09 Nov 2025 01:37:40 +0000 [2607:fb90:e284:8b6:c0e2:4f15:f8e7:9de3] [/home/u991737198/domains/tas2023.online/public_html/tmp/3hn69l4qoa804.3h31n1yj254w8.php:7] Preview->render()
Sun, 09 Nov 2025 01:37:40 +0000 [2607:fb90:e284:8b6:c0e2:4f15:f8e7:9de3] [/home/u991737198/domains/tas2023.online/public_html/lib/base.php:3036] require('/home/u991737198/domains/tas2023.online/public_html/tmp/3hn69l4qoa804.3h31n1yj254w8.php')
Sun, 09 Nov 2025 01:37:40 +0000 [2607:fb90:e284:8b6:c0e2:4f15:f8e7:9de3] [/home/u991737198/domains/tas2023.online/public_html/lib/base.php:3281] View->sandbox()
Sun, 09 Nov 2025 01:37:40 +0000 [2607:fb90:e284:8b6:c0e2:4f15:f8e7:9de3] [/home/u991737198/domains/tas2023.online/public_html/app/controllers/Controller.php:87] Preview->render()
Sun, 09 Nov 2025 01:37:40 +0000 [2607:fb90:e284:8b6:c0e2:4f15:f8e7:9de3] [/home/u991737198/domains/tas2023.online/public_html/lib/base.php:2078] Controller->afterroute()
Sun, 09 Nov 2025 01:37:40 +0000 [2607:fb90:e284:8b6:c0e2:4f15:f8e7:9de3] [/home/u991737198/domains/tas2023.online/public_html/lib/base.php:1871] Base->call()
Sun, 09 Nov 2025 01:37:40 +0000 [2607:fb90:e284:8b6:c0e2:4f15:f8e7:9de3] [/home/u991737198/domains/tas2023.online/public_html/index.php:19] Base->run()
Sun, 09 Nov 2025 01:40:04 +0000 [2607:fb90:e284:8b6:c0e2:4f15:f8e7:9de3] 500: Undefined variable $entity_num trace: [tmp/3hn69l4qoa804.man4oes5p0l2.php:177]
Sun, 09 Nov 2025 01:40:04 +0000 [2607:fb90:e284:8b6:c0e2:4f15:f8e7:9de3] [tmp/3hn69l4qoa804.man4oes5p0l2.php:177] Base->{closure}()
Sun, 09 Nov 2025 01:40:04 +0000 [2607:fb90:e284:8b6:c0e2:4f15:f8e7:9de3] [lib/base.php:3036] require('/home/u991737198/domains/tas2023.online/public_html/tmp/3hn69l4qoa804.man4oes5p0l2.php')
Sun, 09 Nov 2025 01:40:04 +0000 [2607:fb90:e284:8b6:c0e2:4f15:f8e7:9de3] [lib/base.php:3281] View->sandbox()
Sun, 09 Nov 2025 01:40:04 +0000 [2607:fb90:e284:8b6:c0e2:4f15:f8e7:9de3] [tmp/3hn69l4qoa804.3h31n1yj254w8.php:7] Preview->render()
Sun, 09 Nov 2025 01:40:04 +0000 [2607:fb90:e284:8b6:c0e2:4f15:f8e7:9de3] [lib/base.php:3036] require('/home/u991737198/domains/tas2023.online/public_html/tmp/3hn69l4qoa804.3h31n1yj254w8.php')
Sun, 09 Nov 2025 01:40:04 +0000 [2607:fb90:e284:8b6:c0e2:4f15:f8e7:9de3] [lib/base.php:3281] View->sandbox()
Sun, 09 Nov 2025 01:40:04 +0000 [2607:fb90:e284:8b6:c0e2:4f15:f8e7:9de3] [app/controllers/Controller.php:87] Preview->render()
Sun, 09 Nov 2025 01:40:04 +0000 [2607:fb90:e284:8b6:c0e2:4f15:f8e7:9de3] [lib/base.php:2078] Controller->afterroute()
Sun, 09 Nov 2025 01:40:04 +0000 [2607:fb90:e284:8b6:c0e2:4f15:f8e7:9de3] [lib/base.php:1871] Base->call()
Sun, 09 Nov 2025 01:40:04 +0000 [2607:fb90:e284:8b6:c0e2:4f15:f8e7:9de3] [index.php:19] Base->run()
Sun, 09 Nov 2025 02:31:44 +0000 [2607:fb92:1c85:c6c:bc1c:6234:8c6:dd98] 401: HTTP 401 (GET /task/userNotesCount) trace: [/home/u991737198/domains/tas2023.online/public_html/lib/access.php:112] Base->error()
Sun, 09 Nov 2025 02:31:44 +0000 [2607:fb92:1c85:c6c:bc1c:6234:8c6:dd98] 401: HTTP 401 (GET /task/teamProductivity) trace: [/home/u991737198/domains/tas2023.online/public_html/lib/access.php:112] Base->error()
Sun, 09 Nov 2025 02:31:44 +0000 [2607:fb92:1c85:c6c:bc1c:6234:8c6:dd98] 401: HTTP 401 (GET /task/taskData) trace: [/home/u991737198/domains/tas2023.online/public_html/lib/access.php:112] Base->error()
Sun, 09 Nov 2025 02:31:44 +0000 [2607:fb92:1c85:c6c:bc1c:6234:8c6:dd98] 401: HTTP 401 (GET /task/taskDistribution) trace: [/home/u991737198/domains/tas2023.online/public_html/lib/access.php:112] Base->error()
Sun, 09 Nov 2025 02:31:44 +0000 [2607:fb92:1c85:c6c:bc1c:6234:8c6:dd98] [/home/u991737198/domains/tas2023.online/public_html/app/controllers/Controller.php:78] Access->authorize()
Sun, 09 Nov 2025 02:31:44 +0000 [2607:fb92:1c85:c6c:bc1c:6234:8c6:dd98] [/home/u991737198/domains/tas2023.online/public_html/app/controllers/Controller.php:78] Access->authorize()
Sun, 09 Nov 2025 02:31:44 +0000 [2607:fb92:1c85:c6c:bc1c:6234:8c6:dd98] [/home/u991737198/domains/tas2023.online/public_html/app/controllers/Controller.php:78] Access->authorize()
Sun, 09 Nov 2025 02:31:44 +0000 [2607:fb92:1c85:c6c:bc1c:6234:8c6:dd98] [/home/u991737198/domains/tas2023.online/public_html/app/controllers/Controller.php:78] Access->authorize()
Sun, 09 Nov 2025 02:31:44 +0000 [2607:fb92:1c85:c6c:bc1c:6234:8c6:dd98] [/home/u991737198/domains/tas2023.online/public_html/lib/base.php:2069] Controller->beforeroute()
Sun, 09 Nov 2025 02:31:44 +0000 [2607:fb92:1c85:c6c:bc1c:6234:8c6:dd98] [/home/u991737198/domains/tas2023.online/public_html/lib/base.php:2069] Controller->beforeroute()
Sun, 09 Nov 2025 02:31:44 +0000 [2607:fb92:1c85:c6c:bc1c:6234:8c6:dd98] [/home/u991737198/domains/tas2023.online/public_html/lib/base.php:2069] Controller->beforeroute()
Sun, 09 Nov 2025 02:31:44 +0000 [2607:fb92:1c85:c6c:bc1c:6234:8c6:dd98] [/home/u991737198/domains/tas2023.online/public_html/lib/base.php:2069] Controller->beforeroute()
Sun, 09 Nov 2025 02:31:44 +0000 [2607:fb92:1c85:c6c:bc1c:6234:8c6:dd98] [/home/u991737198/domains/tas2023.online/public_html/lib/base.php:1871] Base->call()
Sun, 09 Nov 2025 02:31:44 +0000 [2607:fb92:1c85:c6c:bc1c:6234:8c6:dd98] [/home/u991737198/domains/tas2023.online/public_html/lib/base.php:1871] Base->call()
Sun, 09 Nov 2025 02:31:44 +0000 [2607:fb92:1c85:c6c:bc1c:6234:8c6:dd98] [/home/u991737198/domains/tas2023.online/public_html/lib/base.php:1871] Base->call()
Sun, 09 Nov 2025 02:31:44 +0000 [2607:fb92:1c85:c6c:bc1c:6234:8c6:dd98] [/home/u991737198/domains/tas2023.online/public_html/lib/base.php:1871] Base->call()
Sun, 09 Nov 2025 02:31:44 +0000 [2607:fb92:1c85:c6c:bc1c:6234:8c6:dd98] [/home/u991737198/domains/tas2023.online/public_html/index.php:19] Base->run()
Sun, 09 Nov 2025 02:31:44 +0000 [2607:fb92:1c85:c6c:bc1c:6234:8c6:dd98] [/home/u991737198/domains/tas2023.online/public_html/index.php:19] Base->run()
Sun, 09 Nov 2025 02:31:44 +0000 [2607:fb92:1c85:c6c:bc1c:6234:8c6:dd98] [/home/u991737198/domains/tas2023.online/public_html/index.php:19] Base->run()
Sun, 09 Nov 2025 02:31:44 +0000 [2607:fb92:1c85:c6c:bc1c:6234:8c6:dd98] [/home/u991737198/domains/tas2023.online/public_html/index.php:19] Base->run()
Sun, 09 Nov 2025 08:57:48 +0000 [23.146.184.239] 500: Undefined field activado trace: [lib/db/sql/mapper.php:132]
Sun, 09 Nov 2025 08:57:48 +0000 [23.146.184.239] [lib/db/sql/mapper.php:132] user_error()
Sun, 09 Nov 2025 08:57:48 +0000 [23.146.184.239] [lib/magic.php:89] DB\SQL\Mapper->get()
Sun, 09 Nov 2025 08:57:48 +0000 [23.146.184.239] [lib/magic.php:131] Magic->offsetget()
Sun, 09 Nov 2025 08:57:48 +0000 [23.146.184.239] [app/controllers/UserController.php:453] Magic->__get()
Sun, 09 Nov 2025 08:57:48 +0000 [23.146.184.239] [lib/base.php:2072] UserController->create()
Sun, 09 Nov 2025 08:57:48 +0000 [23.146.184.239] [lib/base.php:1871] Base->call()
Sun, 09 Nov 2025 08:57:48 +0000 [23.146.184.239] [index.php:19] Base->run()
Sun, 09 Nov 2025 21:38:40 +0000 [2607:fb92:1c85:c6c:8198:e865:b705:fed5] 500: Undefined variable $fechapicker trace: [/home/u991737198/domains/tas2023.online/public_html/tmp/3hn69l4qoa804.22phmm30e0u84.php:334]
Sun, 09 Nov 2025 21:38:40 +0000 [2607:fb92:1c85:c6c:8198:e865:b705:fed5] [/home/u991737198/domains/tas2023.online/public_html/tmp/3hn69l4qoa804.22phmm30e0u84.php:334] Base->{closure}()
Sun, 09 Nov 2025 21:38:40 +0000 [2607:fb92:1c85:c6c:8198:e865:b705:fed5] [/home/u991737198/domains/tas2023.online/public_html/lib/base.php:3036] require('/home/u991737198/domains/tas2023.online/public_html/tmp/3hn69l4qoa804.22phmm30e0u84.php')
Sun, 09 Nov 2025 21:38:40 +0000 [2607:fb92:1c85:c6c:8198:e865:b705:fed5] [/home/u991737198/domains/tas2023.online/public_html/lib/base.php:3281] View->sandbox()
Sun, 09 Nov 2025 21:38:40 +0000 [2607:fb92:1c85:c6c:8198:e865:b705:fed5] [/home/u991737198/domains/tas2023.online/public_html/tmp/3hn69l4qoa804.3h31n1yj254w8.php:7] Preview->render()
Sun, 09 Nov 2025 21:38:40 +0000 [2607:fb92:1c85:c6c:8198:e865:b705:fed5] [/home/u991737198/domains/tas2023.online/public_html/lib/base.php:3036] require('/home/u991737198/domains/tas2023.online/public_html/tmp/3hn69l4qoa804.3h31n1yj254w8.php')
Sun, 09 Nov 2025 21:38:40 +0000 [2607:fb92:1c85:c6c:8198:e865:b705:fed5] [/home/u991737198/domains/tas2023.online/public_html/lib/base.php:3281] View->sandbox()
Sun, 09 Nov 2025 21:38:40 +0000 [2607:fb92:1c85:c6c:8198:e865:b705:fed5] [/home/u991737198/domains/tas2023.online/public_html/app/controllers/Controller.php:87] Preview->render()
Sun, 09 Nov 2025 21:38:40 +0000 [2607:fb92:1c85:c6c:8198:e865:b705:fed5] [/home/u991737198/domains/tas2023.online/public_html/lib/base.php:2078] Controller->afterroute()
Sun, 09 Nov 2025 21:38:40 +0000 [2607:fb92:1c85:c6c:8198:e865:b705:fed5] [/home/u991737198/domains/tas2023.online/public_html/lib/base.php:1871] Base->call()
Sun, 09 Nov 2025 21:38:40 +0000 [2607:fb92:1c85:c6c:8198:e865:b705:fed5] [/home/u991737198/domains/tas2023.online/public_html/index.php:19] Base->run()
Sun, 09 Nov 2025 21:38:43 +0000 [2607:fb92:1c85:c6c:8198:e865:b705:fed5] 500: Undefined variable $fechapicker trace: [/home/u991737198/domains/tas2023.online/public_html/tmp/3hn69l4qoa804.22phmm30e0u84.php:334]
Sun, 09 Nov 2025 21:38:43 +0000 [2607:fb92:1c85:c6c:8198:e865:b705:fed5] [/home/u991737198/domains/tas2023.online/public_html/tmp/3hn69l4qoa804.22phmm30e0u84.php:334] Base->{closure}()
Sun, 09 Nov 2025 21:38:43 +0000 [2607:fb92:1c85:c6c:8198:e865:b705:fed5] [/home/u991737198/domains/tas2023.online/public_html/lib/base.php:3036] require('/home/u991737198/domains/tas2023.online/public_html/tmp/3hn69l4qoa804.22phmm30e0u84.php')
Sun, 09 Nov 2025 21:38:43 +0000 [2607:fb92:1c85:c6c:8198:e865:b705:fed5] [/home/u991737198/domains/tas2023.online/public_html/lib/base.php:3281] View->sandbox()
Sun, 09 Nov 2025 21:38:43 +0000 [2607:fb92:1c85:c6c:8198:e865:b705:fed5] [/home/u991737198/domains/tas2023.online/public_html/tmp/3hn69l4qoa804.3h31n1yj254w8.php:7] Preview->render()
Sun, 09 Nov 2025 21:38:43 +0000 [2607:fb92:1c85:c6c:8198:e865:b705:fed5] [/home/u991737198/domains/tas2023.online/public_html/lib/base.php:3036] require('/home/u991737198/domains/tas2023.online/public_html/tmp/3hn69l4qoa804.3h31n1yj254w8.php')
Sun, 09 Nov 2025 21:38:43 +0000 [2607:fb92:1c85:c6c:8198:e865:b705:fed5] [/home/u991737198/domains/tas2023.online/public_html/lib/base.php:3281] View->sandbox()
Sun, 09 Nov 2025 21:38:43 +0000 [2607:fb92:1c85:c6c:8198:e865:b705:fed5] [/home/u991737198/domains/tas2023.online/public_html/app/controllers/Controller.php:87] Preview->render()
Sun, 09 Nov 2025 21:38:43 +0000 [2607:fb92:1c85:c6c:8198:e865:b705:fed5] [/home/u991737198/domains/tas2023.online/public_html/lib/base.php:2078] Controller->afterroute()
Sun, 09 Nov 2025 21:38:43 +0000 [2607:fb92:1c85:c6c:8198:e865:b705:fed5] [/home/u991737198/domains/tas2023.online/public_html/lib/base.php:1871] Base->call()
Sun, 09 Nov 2025 21:38:43 +0000 [2607:fb92:1c85:c6c:8198:e865:b705:fed5] [/home/u991737198/domains/tas2023.online/public_html/index.php:19] Base->run()
Sun, 09 Nov 2025 21:39:00 +0000 [2607:fb92:1c85:c6c:8198:e865:b705:fed5] 500: Undefined variable $fechapicker trace: [/home/u991737198/domains/tas2023.online/public_html/tmp/3hn69l4qoa804.22phmm30e0u84.php:334]
Sun, 09 Nov 2025 21:39:00 +0000 [2607:fb92:1c85:c6c:8198:e865:b705:fed5] [/home/u991737198/domains/tas2023.online/public_html/tmp/3hn69l4qoa804.22phmm30e0u84.php:334] Base->{closure}()
Sun, 09 Nov 2025 21:39:00 +0000 [2607:fb92:1c85:c6c:8198:e865:b705:fed5] [/home/u991737198/domains/tas2023.online/public_html/lib/base.php:3036] require('/home/u991737198/domains/tas2023.online/public_html/tmp/3hn69l4qoa804.22phmm30e0u84.php')
Sun, 09 Nov 2025 21:39:00 +0000 [2607:fb92:1c85:c6c:8198:e865:b705:fed5] [/home/u991737198/domains/tas2023.online/public_html/lib/base.php:3281] View->sandbox()
Sun, 09 Nov 2025 21:39:00 +0000 [2607:fb92:1c85:c6c:8198:e865:b705:fed5] [/home/u991737198/domains/tas2023.online/public_html/tmp/3hn69l4qoa804.3h31n1yj254w8.php:7] Preview->render()
Sun, 09 Nov 2025 21:39:00 +0000 [2607:fb92:1c85:c6c:8198:e865:b705:fed5] [/home/u991737198/domains/tas2023.online/public_html/lib/base.php:3036] require('/home/u991737198/domains/tas2023.online/public_html/tmp/3hn69l4qoa804.3h31n1yj254w8.php')
Sun, 09 Nov 2025 21:39:00 +0000 [2607:fb92:1c85:c6c:8198:e865:b705:fed5] [/home/u991737198/domains/tas2023.online/public_html/lib/base.php:3281] View->sandbox()
Sun, 09 Nov 2025 21:39:00 +0000 [2607:fb92:1c85:c6c:8198:e865:b705:fed5] [/home/u991737198/domains/tas2023.online/public_html/app/controllers/Controller.php:87] Preview->render()
Sun, 09 Nov 2025 21:39:00 +0000 [2607:fb92:1c85:c6c:8198:e865:b705:fed5] [/home/u991737198/domains/tas2023.online/public_html/lib/base.php:2078] Controller->afterroute()
Sun, 09 Nov 2025 21:39:00 +0000 [2607:fb92:1c85:c6c:8198:e865:b705:fed5] [/home/u991737198/domains/tas2023.online/public_html/lib/base.php:1871] Base->call()
Sun, 09 Nov 2025 21:39:00 +0000 [2607:fb92:1c85:c6c:8198:e865:b705:fed5] [/home/u991737198/domains/tas2023.online/public_html/index.php:19] Base->run()
Sun, 09 Nov 2025 21:39:08 +0000 [2607:fb92:1c85:c6c:8198:e865:b705:fed5] 500: Undefined variable $fechapicker trace: [/home/u991737198/domains/tas2023.online/public_html/tmp/3hn69l4qoa804.22phmm30e0u84.php:334]
Sun, 09 Nov 2025 21:39:08 +0000 [2607:fb92:1c85:c6c:8198:e865:b705:fed5] [/home/u991737198/domains/tas2023.online/public_html/tmp/3hn69l4qoa804.22phmm30e0u84.php:334] Base->{closure}()
Sun, 09 Nov 2025 21:39:08 +0000 [2607:fb92:1c85:c6c:8198:e865:b705:fed5] [/home/u991737198/domains/tas2023.online/public_html/lib/base.php:3036] require('/home/u991737198/domains/tas2023.online/public_html/tmp/3hn69l4qoa804.22phmm30e0u84.php')
Sun, 09 Nov 2025 21:39:08 +0000 [2607:fb92:1c85:c6c:8198:e865:b705:fed5] [/home/u991737198/domains/tas2023.online/public_html/lib/base.php:3281] View->sandbox()
Sun, 09 Nov 2025 21:39:08 +0000 [2607:fb92:1c85:c6c:8198:e865:b705:fed5] [/home/u991737198/domains/tas2023.online/public_html/tmp/3hn69l4qoa804.3h31n1yj254w8.php:7] Preview->render()
Sun, 09 Nov 2025 21:39:08 +0000 [2607:fb92:1c85:c6c:8198:e865:b705:fed5] [/home/u991737198/domains/tas2023.online/public_html/lib/base.php:3036] require('/home/u991737198/domains/tas2023.online/public_html/tmp/3hn69l4qoa804.3h31n1yj254w8.php')
Sun, 09 Nov 2025 21:39:08 +0000 [2607:fb92:1c85:c6c:8198:e865:b705:fed5] [/home/u991737198/domains/tas2023.online/public_html/lib/base.php:3281] View->sandbox()
Sun, 09 Nov 2025 21:39:08 +0000 [2607:fb92:1c85:c6c:8198:e865:b705:fed5] [/home/u991737198/domains/tas2023.online/public_html/app/controllers/Controller.php:87] Preview->render()
Sun, 09 Nov 2025 21:39:08 +0000 [2607:fb92:1c85:c6c:8198:e865:b705:fed5] [/home/u991737198/domains/tas2023.online/public_html/lib/base.php:2078] Controller->afterroute()
Sun, 09 Nov 2025 21:39:08 +0000 [2607:fb92:1c85:c6c:8198:e865:b705:fed5] [/home/u991737198/domains/tas2023.online/public_html/lib/base.php:1871] Base->call()
Sun, 09 Nov 2025 21:39:08 +0000 [2607:fb92:1c85:c6c:8198:e865:b705:fed5] [/home/u991737198/domains/tas2023.online/public_html/index.php:19] Base->run()
Sun, 09 Nov 2025 21:39:10 +0000 [2607:fb92:1c85:c6c:8198:e865:b705:fed5] 500: Undefined variable $fechapicker trace: [/home/u991737198/domains/tas2023.online/public_html/tmp/3hn69l4qoa804.22phmm30e0u84.php:334]
Sun, 09 Nov 2025 21:39:10 +0000 [2607:fb92:1c85:c6c:8198:e865:b705:fed5] [/home/u991737198/domains/tas2023.online/public_html/tmp/3hn69l4qoa804.22phmm30e0u84.php:334] Base->{closure}()
Sun, 09 Nov 2025 21:39:10 +0000 [2607:fb92:1c85:c6c:8198:e865:b705:fed5] [/home/u991737198/domains/tas2023.online/public_html/lib/base.php:3036] require('/home/u991737198/domains/tas2023.online/public_html/tmp/3hn69l4qoa804.22phmm30e0u84.php')
Sun, 09 Nov 2025 21:39:10 +0000 [2607:fb92:1c85:c6c:8198:e865:b705:fed5] [/home/u991737198/domains/tas2023.online/public_html/lib/base.php:3281] View->sandbox()
Sun, 09 Nov 2025 21:39:10 +0000 [2607:fb92:1c85:c6c:8198:e865:b705:fed5] [/home/u991737198/domains/tas2023.online/public_html/tmp/3hn69l4qoa804.3h31n1yj254w8.php:7] Preview->render()
Sun, 09 Nov 2025 21:39:10 +0000 [2607:fb92:1c85:c6c:8198:e865:b705:fed5] [/home/u991737198/domains/tas2023.online/public_html/lib/base.php:3036] require('/home/u991737198/domains/tas2023.online/public_html/tmp/3hn69l4qoa804.3h31n1yj254w8.php')
Sun, 09 Nov 2025 21:39:10 +0000 [2607:fb92:1c85:c6c:8198:e865:b705:fed5] [/home/u991737198/domains/tas2023.online/public_html/lib/base.php:3281] View->sandbox()
Sun, 09 Nov 2025 21:39:10 +0000 [2607:fb92:1c85:c6c:8198:e865:b705:fed5] [/home/u991737198/domains/tas2023.online/public_html/app/controllers/Controller.php:87] Preview->render()
Sun, 09 Nov 2025 21:39:10 +0000 [2607:fb92:1c85:c6c:8198:e865:b705:fed5] [/home/u991737198/domains/tas2023.online/public_html/lib/base.php:2078] Controller->afterroute()
Sun, 09 Nov 2025 21:39:10 +0000 [2607:fb92:1c85:c6c:8198:e865:b705:fed5] [/home/u991737198/domains/tas2023.online/public_html/lib/base.php:1871] Base->call()
Sun, 09 Nov 2025 21:39:10 +0000 [2607:fb92:1c85:c6c:8198:e865:b705:fed5] [/home/u991737198/domains/tas2023.online/public_html/index.php:19] Base->run()
Sun, 09 Nov 2025 21:39:13 +0000 [2607:fb92:1c85:c6c:8198:e865:b705:fed5] 500: Undefined variable $selected_note trace: [/home/u991737198/domains/tas2023.online/public_html/tmp/3hn69l4qoa804.3g8shy2588w00.php:385]
Sun, 09 Nov 2025 21:39:13 +0000 [2607:fb92:1c85:c6c:8198:e865:b705:fed5] [/home/u991737198/domains/tas2023.online/public_html/tmp/3hn69l4qoa804.3g8shy2588w00.php:385] Base->{closure}()
Sun, 09 Nov 2025 21:39:13 +0000 [2607:fb92:1c85:c6c:8198:e865:b705:fed5] [/home/u991737198/domains/tas2023.online/public_html/lib/base.php:3036] require('/home/u991737198/domains/tas2023.online/public_html/tmp/3hn69l4qoa804.3g8shy2588w00.php')
Sun, 09 Nov 2025 21:39:13 +0000 [2607:fb92:1c85:c6c:8198:e865:b705:fed5] [/home/u991737198/domains/tas2023.online/public_html/lib/base.php:3281] View->sandbox()
Sun, 09 Nov 2025 21:39:13 +0000 [2607:fb92:1c85:c6c:8198:e865:b705:fed5] [/home/u991737198/domains/tas2023.online/public_html/tmp/3hn69l4qoa804.3h31n1yj254w8.php:7] Preview->render()
Sun, 09 Nov 2025 21:39:13 +0000 [2607:fb92:1c85:c6c:8198:e865:b705:fed5] [/home/u991737198/domains/tas2023.online/public_html/lib/base.php:3036] require('/home/u991737198/domains/tas2023.online/public_html/tmp/3hn69l4qoa804.3h31n1yj254w8.php')
Sun, 09 Nov 2025 21:39:13 +0000 [2607:fb92:1c85:c6c:8198:e865:b705:fed5] [/home/u991737198/domains/tas2023.online/public_html/lib/base.php:3281] View->sandbox()
Sun, 09 Nov 2025 21:39:13 +0000 [2607:fb92:1c85:c6c:8198:e865:b705:fed5] [/home/u991737198/domains/tas2023.online/public_html/app/controllers/Controller.php:87] Preview->render()
Sun, 09 Nov 2025 21:39:13 +0000 [2607:fb92:1c85:c6c:8198:e865:b705:fed5] [/home/u991737198/domains/tas2023.online/public_html/lib/base.php:2078] Controller->afterroute()
Sun, 09 Nov 2025 21:39:13 +0000 [2607:fb92:1c85:c6c:8198:e865:b705:fed5] [/home/u991737198/domains/tas2023.online/public_html/lib/base.php:1871] Base->call()
Sun, 09 Nov 2025 21:39:13 +0000 [2607:fb92:1c85:c6c:8198:e865:b705:fed5] [/home/u991737198/domains/tas2023.online/public_html/index.php:19] Base->run()
Sun, 09 Nov 2025 21:39:25 +0000 [2607:fb92:1c85:c6c:8198:e865:b705:fed5] 500: Trying to access array offset on value of type null trace: [/home/u991737198/domains/tas2023.online/public_html/app/controllers/TaskController.php:470]
Sun, 09 Nov 2025 21:39:25 +0000 [2607:fb92:1c85:c6c:8198:e865:b705:fed5] [/home/u991737198/domains/tas2023.online/public_html/app/controllers/TaskController.php:470] Base->{closure}()
Sun, 09 Nov 2025 21:39:25 +0000 [2607:fb92:1c85:c6c:8198:e865:b705:fed5] [/home/u991737198/domains/tas2023.online/public_html/lib/base.php:2072] TaskController->edittask()
Sun, 09 Nov 2025 21:39:25 +0000 [2607:fb92:1c85:c6c:8198:e865:b705:fed5] [/home/u991737198/domains/tas2023.online/public_html/lib/base.php:1871] Base->call()
Sun, 09 Nov 2025 21:39:25 +0000 [2607:fb92:1c85:c6c:8198:e865:b705:fed5] [/home/u991737198/domains/tas2023.online/public_html/index.php:19] Base->run()
Sun, 09 Nov 2025 21:39:40 +0000 [2607:fb92:1c85:c6c:8198:e865:b705:fed5] 500: Trying to access array offset on value of type null trace: [/home/u991737198/domains/tas2023.online/public_html/app/controllers/TaskController.php:470]
Sun, 09 Nov 2025 21:39:40 +0000 [2607:fb92:1c85:c6c:8198:e865:b705:fed5] [/home/u991737198/domains/tas2023.online/public_html/app/controllers/TaskController.php:470] Base->{closure}()
Sun, 09 Nov 2025 21:39:40 +0000 [2607:fb92:1c85:c6c:8198:e865:b705:fed5] [/home/u991737198/domains/tas2023.online/public_html/lib/base.php:2072] TaskController->edittask()
Sun, 09 Nov 2025 21:39:40 +0000 [2607:fb92:1c85:c6c:8198:e865:b705:fed5] [/home/u991737198/domains/tas2023.online/public_html/lib/base.php:1871] Base->call()
Sun, 09 Nov 2025 21:39:40 +0000 [2607:fb92:1c85:c6c:8198:e865:b705:fed5] [/home/u991737198/domains/tas2023.online/public_html/index.php:19] Base->run()
Sun, 09 Nov 2025 21:39:51 +0000 [2607:fb92:1c85:c6c:8198:e865:b705:fed5] 500: Undefined variable $entity_num trace: [tmp/3hn69l4qoa804.man4oes5p0l2.php:177]
Sun, 09 Nov 2025 21:39:51 +0000 [2607:fb92:1c85:c6c:8198:e865:b705:fed5] [tmp/3hn69l4qoa804.man4oes5p0l2.php:177] Base->{closure}()
Sun, 09 Nov 2025 21:39:51 +0000 [2607:fb92:1c85:c6c:8198:e865:b705:fed5] [lib/base.php:3036] require('/home/u991737198/domains/tas2023.online/public_html/tmp/3hn69l4qoa804.man4oes5p0l2.php')
Sun, 09 Nov 2025 21:39:51 +0000 [2607:fb92:1c85:c6c:8198:e865:b705:fed5] [lib/base.php:3281] View->sandbox()
Sun, 09 Nov 2025 21:39:51 +0000 [2607:fb92:1c85:c6c:8198:e865:b705:fed5] [tmp/3hn69l4qoa804.3h31n1yj254w8.php:7] Preview->render()
Sun, 09 Nov 2025 21:39:51 +0000 [2607:fb92:1c85:c6c:8198:e865:b705:fed5] [lib/base.php:3036] require('/home/u991737198/domains/tas2023.online/public_html/tmp/3hn69l4qoa804.3h31n1yj254w8.php')
Sun, 09 Nov 2025 21:39:51 +0000 [2607:fb92:1c85:c6c:8198:e865:b705:fed5] [lib/base.php:3281] View->sandbox()
Sun, 09 Nov 2025 21:39:51 +0000 [2607:fb92:1c85:c6c:8198:e865:b705:fed5] [app/controllers/Controller.php:87] Preview->render()
Sun, 09 Nov 2025 21:39:51 +0000 [2607:fb92:1c85:c6c:8198:e865:b705:fed5] [lib/base.php:2078] Controller->afterroute()
Sun, 09 Nov 2025 21:39:51 +0000 [2607:fb92:1c85:c6c:8198:e865:b705:fed5] [lib/base.php:1871] Base->call()
Sun, 09 Nov 2025 21:39:51 +0000 [2607:fb92:1c85:c6c:8198:e865:b705:fed5] [index.php:19] Base->run()
Sun, 09 Nov 2025 21:40:08 +0000 [2607:fb92:1c85:c6c:8198:e865:b705:fed5] 500: Undefined variable $fechapicker trace: [/home/u991737198/domains/tas2023.online/public_html/tmp/3hn69l4qoa804.22phmm30e0u84.php:334]
Sun, 09 Nov 2025 21:40:08 +0000 [2607:fb92:1c85:c6c:8198:e865:b705:fed5] [/home/u991737198/domains/tas2023.online/public_html/tmp/3hn69l4qoa804.22phmm30e0u84.php:334] Base->{closure}()
Sun, 09 Nov 2025 21:40:08 +0000 [2607:fb92:1c85:c6c:8198:e865:b705:fed5] [/home/u991737198/domains/tas2023.online/public_html/lib/base.php:3036] require('/home/u991737198/domains/tas2023.online/public_html/tmp/3hn69l4qoa804.22phmm30e0u84.php')
Sun, 09 Nov 2025 21:40:08 +0000 [2607:fb92:1c85:c6c:8198:e865:b705:fed5] [/home/u991737198/domains/tas2023.online/public_html/lib/base.php:3281] View->sandbox()
Sun, 09 Nov 2025 21:40:08 +0000 [2607:fb92:1c85:c6c:8198:e865:b705:fed5] [/home/u991737198/domains/tas2023.online/public_html/tmp/3hn69l4qoa804.3h31n1yj254w8.php:7] Preview->render()
Sun, 09 Nov 2025 21:40:08 +0000 [2607:fb92:1c85:c6c:8198:e865:b705:fed5] [/home/u991737198/domains/tas2023.online/public_html/lib/base.php:3036] require('/home/u991737198/domains/tas2023.online/public_html/tmp/3hn69l4qoa804.3h31n1yj254w8.php')
Sun, 09 Nov 2025 21:40:08 +0000 [2607:fb92:1c85:c6c:8198:e865:b705:fed5] [/home/u991737198/domains/tas2023.online/public_html/lib/base.php:3281] View->sandbox()
Sun, 09 Nov 2025 21:40:08 +0000 [2607:fb92:1c85:c6c:8198:e865:b705:fed5] [/home/u991737198/domains/tas2023.online/public_html/app/controllers/Controller.php:87] Preview->render()
Sun, 09 Nov 2025 21:40:08 +0000 [2607:fb92:1c85:c6c:8198:e865:b705:fed5] [/home/u991737198/domains/tas2023.online/public_html/lib/base.php:2078] Controller->afterroute()
Sun, 09 Nov 2025 21:40:08 +0000 [2607:fb92:1c85:c6c:8198:e865:b705:fed5] [/home/u991737198/domains/tas2023.online/public_html/lib/base.php:1871] Base->call()
Sun, 09 Nov 2025 21:40:08 +0000 [2607:fb92:1c85:c6c:8198:e865:b705:fed5] [/home/u991737198/domains/tas2023.online/public_html/index.php:19] Base->run()
Sun, 09 Nov 2025 21:40:11 +0000 [2607:fb92:1c85:c6c:8198:e865:b705:fed5] 500: Undefined variable $fechapicker trace: [/home/u991737198/domains/tas2023.online/public_html/tmp/3hn69l4qoa804.22phmm30e0u84.php:334]
Sun, 09 Nov 2025 21:40:11 +0000 [2607:fb92:1c85:c6c:8198:e865:b705:fed5] [/home/u991737198/domains/tas2023.online/public_html/tmp/3hn69l4qoa804.22phmm30e0u84.php:334] Base->{closure}()
Sun, 09 Nov 2025 21:40:11 +0000 [2607:fb92:1c85:c6c:8198:e865:b705:fed5] [/home/u991737198/domains/tas2023.online/public_html/lib/base.php:3036] require('/home/u991737198/domains/tas2023.online/public_html/tmp/3hn69l4qoa804.22phmm30e0u84.php')
Sun, 09 Nov 2025 21:40:11 +0000 [2607:fb92:1c85:c6c:8198:e865:b705:fed5] [/home/u991737198/domains/tas2023.online/public_html/lib/base.php:3281] View->sandbox()
Sun, 09 Nov 2025 21:40:11 +0000 [2607:fb92:1c85:c6c:8198:e865:b705:fed5] [/home/u991737198/domains/tas2023.online/public_html/tmp/3hn69l4qoa804.3h31n1yj254w8.php:7] Preview->render()
Sun, 09 Nov 2025 21:40:11 +0000 [2607:fb92:1c85:c6c:8198:e865:b705:fed5] [/home/u991737198/domains/tas2023.online/public_html/lib/base.php:3036] require('/home/u991737198/domains/tas2023.online/public_html/tmp/3hn69l4qoa804.3h31n1yj254w8.php')
Sun, 09 Nov 2025 21:40:11 +0000 [2607:fb92:1c85:c6c:8198:e865:b705:fed5] [/home/u991737198/domains/tas2023.online/public_html/lib/base.php:3281] View->sandbox()
Sun, 09 Nov 2025 21:40:11 +0000 [2607:fb92:1c85:c6c:8198:e865:b705:fed5] [/home/u991737198/domains/tas2023.online/public_html/app/controllers/Controller.php:87] Preview->render()
Sun, 09 Nov 2025 21:40:11 +0000 [2607:fb92:1c85:c6c:8198:e865:b705:fed5] [/home/u991737198/domains/tas2023.online/public_html/lib/base.php:2078] Controller->afterroute()
Sun, 09 Nov 2025 21:40:11 +0000 [2607:fb92:1c85:c6c:8198:e865:b705:fed5] [/home/u991737198/domains/tas2023.online/public_html/lib/base.php:1871] Base->call()
Sun, 09 Nov 2025 21:40:11 +0000 [2607:fb92:1c85:c6c:8198:e865:b705:fed5] [/home/u991737198/domains/tas2023.online/public_html/index.php:19] Base->run()
