Fri, 24 Oct 2025 15:51:44 +0000 [2607:fb92:1c86:f83a:a8c5:6b33:4285:a004] 401: HTTP 401 (GET /task/taskData) trace: [/home/u991737198/domains/tas2023.online/public_html/lib/access.php:112] Base->error()
Fri, 24 Oct 2025 15:51:44 +0000 [2607:fb92:1c86:f83a:a8c5:6b33:4285:a004] 401: HTTP 401 (GET /task/userNotesCount) trace: [/home/u991737198/domains/tas2023.online/public_html/lib/access.php:112] Base->error()
Fri, 24 Oct 2025 15:51:44 +0000 [2607:fb92:1c86:f83a:a8c5:6b33:4285:a004] [/home/u991737198/domains/tas2023.online/public_html/app/controllers/Controller.php:78] Access->authorize()
Fri, 24 Oct 2025 15:51:44 +0000 [2607:fb92:1c86:f83a:a8c5:6b33:4285:a004] [/home/u991737198/domains/tas2023.online/public_html/app/controllers/Controller.php:78] Access->authorize()
Fri, 24 Oct 2025 15:51:44 +0000 [2607:fb92:1c86:f83a:a8c5:6b33:4285:a004] [/home/u991737198/domains/tas2023.online/public_html/lib/base.php:2069] Controller->beforeroute()
Fri, 24 Oct 2025 15:51:44 +0000 [2607:fb92:1c86:f83a:a8c5:6b33:4285:a004] [/home/u991737198/domains/tas2023.online/public_html/lib/base.php:2069] Controller->beforeroute()
Fri, 24 Oct 2025 15:51:44 +0000 [2607:fb92:1c86:f83a:a8c5:6b33:4285:a004] [/home/u991737198/domains/tas2023.online/public_html/lib/base.php:1871] Base->call()
Fri, 24 Oct 2025 15:51:44 +0000 [2607:fb92:1c86:f83a:a8c5:6b33:4285:a004] [/home/u991737198/domains/tas2023.online/public_html/lib/base.php:1871] Base->call()
Fri, 24 Oct 2025 15:51:44 +0000 [2607:fb92:1c86:f83a:a8c5:6b33:4285:a004] [/home/u991737198/domains/tas2023.online/public_html/index.php:19] Base->run()
Fri, 24 Oct 2025 15:51:44 +0000 [2607:fb92:1c86:f83a:a8c5:6b33:4285:a004] [/home/u991737198/domains/tas2023.online/public_html/index.php:19] Base->run()
Fri, 24 Oct 2025 15:51:44 +0000 [2607:fb92:1c86:f83a:a8c5:6b33:4285:a004] 401: HTTP 401 (GET /task/teamProductivity) trace: [/home/u991737198/domains/tas2023.online/public_html/lib/access.php:112] Base->error()
Fri, 24 Oct 2025 15:51:44 +0000 [2607:fb92:1c86:f83a:a8c5:6b33:4285:a004] 401: HTTP 401 (GET /task/taskDistribution) trace: [/home/u991737198/domains/tas2023.online/public_html/lib/access.php:112] Base->error()
Fri, 24 Oct 2025 15:51:44 +0000 [2607:fb92:1c86:f83a:a8c5:6b33:4285:a004] [/home/u991737198/domains/tas2023.online/public_html/app/controllers/Controller.php:78] Access->authorize()
Fri, 24 Oct 2025 15:51:44 +0000 [2607:fb92:1c86:f83a:a8c5:6b33:4285:a004] [/home/u991737198/domains/tas2023.online/public_html/app/controllers/Controller.php:78] Access->authorize()
Fri, 24 Oct 2025 15:51:44 +0000 [2607:fb92:1c86:f83a:a8c5:6b33:4285:a004] [/home/u991737198/domains/tas2023.online/public_html/lib/base.php:2069] Controller->beforeroute()
Fri, 24 Oct 2025 15:51:44 +0000 [2607:fb92:1c86:f83a:a8c5:6b33:4285:a004] [/home/u991737198/domains/tas2023.online/public_html/lib/base.php:2069] Controller->beforeroute()
Fri, 24 Oct 2025 15:51:44 +0000 [2607:fb92:1c86:f83a:a8c5:6b33:4285:a004] [/home/u991737198/domains/tas2023.online/public_html/lib/base.php:1871] Base->call()
Fri, 24 Oct 2025 15:51:44 +0000 [2607:fb92:1c86:f83a:a8c5:6b33:4285:a004] [/home/u991737198/domains/tas2023.online/public_html/lib/base.php:1871] Base->call()
Fri, 24 Oct 2025 15:51:44 +0000 [2607:fb92:1c86:f83a:a8c5:6b33:4285:a004] [/home/u991737198/domains/tas2023.online/public_html/index.php:19] Base->run()
Fri, 24 Oct 2025 15:51:44 +0000 [2607:fb92:1c86:f83a:a8c5:6b33:4285:a004] [/home/u991737198/domains/tas2023.online/public_html/index.php:19] Base->run()
